Java HotSpot(TM) 64-Bit Server VM (25.281-b09) for bsd-amd64 JRE (1.8.0_281-b09), built on Dec  9 2020 12:44:49 by "java_re" with gcc 4.2.1 Compatible Apple LLVM 10.0.0 (clang-1000.11.45.5)
Memory: 4k page, physical 16777216k(66048k free)

/proc/meminfo:

CommandLine flags: -XX:+ExplicitGCInvokesConcurrent -XX:GCLogFileSize=104857600 -XX:InitialHeapSize=1073741824 -XX:InitiatingHeapOccupancyPercent=35 -XX:+ManagementServer -XX:MaxGCPauseMillis=20 -XX:MaxHeapSize=1073741824 -XX:MaxInlineLevel=15 -XX:NumberOfGCLogFiles=10 -XX:+PrintGC -XX:+PrintGCDateStamps -XX:+PrintGCDetails -XX:+PrintGCTimeStamps -XX:+UseCompressedClassPointers -XX:+UseCompressedOops -XX:+UseG1GC -XX:+UseGCLogFileRotation 
2021-04-22T16:34:13.405+0800: 1.119: [GC pause (G1 Evacuation Pause) (young), 0.0170482 secs]
   [Parallel Time: 9.1 ms, GC Workers: 8]
      [GC Worker Start (ms): Min: 1118.9, Avg: 1118.9, Max: 1119.0, Diff: 0.2]
      [Ext Root Scanning (ms): Min: 0.3, Avg: 0.8, Max: 1.9, Diff: 1.6, Sum: 6.1]
      [Update RS (ms): Min: 0.0, Avg: 0.0, Max: 0.0, Diff: 0.0, Sum: 0.0]
         [Processed Buffers: Min: 0, Avg: 0.0, Max: 0, Diff: 0, Sum: 0]
      [Scan RS (ms): Min: 0.0, Avg: 0.1, Max: 0.4, Diff: 0.4, Sum: 0.7]
      [Code Root Scanning (ms): Min: 0.8, Avg: 3.5, Max: 8.0, Diff: 7.2, Sum: 27.6]
      [Object Copy (ms): Min: 0.0, Avg: 2.1, Max: 3.9, Diff: 3.8, Sum: 17.2]
      [Termination (ms): Min: 0.0, Avg: 2.3, Max: 3.0, Diff: 3.0, Sum: 18.5]
         [Termination Attempts: Min: 1, Avg: 61.8, Max: 122, Diff: 121, Sum: 494]
      [GC Worker Other (ms): Min: 0.0, Avg: 0.0, Max: 0.1, Diff: 0.1, Sum: 0.3]
      [GC Worker Total (ms): Min: 8.7, Avg: 8.8, Max: 8.9, Diff: 0.2, Sum: 70.4]
      [GC Worker End (ms): Min: 1127.7, Avg: 1127.7, Max: 1127.8, Diff: 0.1]
   [Code Root Fixup: 0.0 ms]
   [Code Root Purge: 0.0 ms]
   [Clear CT: 0.1 ms]
   [Other: 7.8 ms]
      [Choose CSet: 0.0 ms]
      [Ref Proc: 2.3 ms]
      [Ref Enq: 0.0 ms]
      [Redirty Cards: 0.0 ms]
      [Humongous Register: 0.2 ms]
      [Humongous Reclaim: 0.0 ms]
      [Free CSet: 0.2 ms]
   [Eden: 51.0M(51.0M)->0.0B(44.0M) Survivors: 0.0B->7168.0K Heap: 51.0M(1024.0M)->8878.5K(1024.0M)]
 [Times: user=0.03 sys=0.01, real=0.02 secs] 
2021-04-22T16:34:13.662+0800: 1.375: [GC pause (Metadata GC Threshold) (young) (initial-mark), 0.0123353 secs]
   [Parallel Time: 10.9 ms, GC Workers: 8]
      [GC Worker Start (ms): Min: 1375.4, Avg: 1375.4, Max: 1375.5, Diff: 0.1]
      [Ext Root Scanning (ms): Min: 0.8, Avg: 0.9, Max: 1.0, Diff: 0.3, Sum: 7.2]
      [Update RS (ms): Min: 0.0, Avg: 0.0, Max: 0.1, Diff: 0.1, Sum: 0.2]
         [Processed Buffers: Min: 0, Avg: 0.2, Max: 1, Diff: 1, Sum: 2]
      [Scan RS (ms): Min: 0.0, Avg: 0.0, Max: 0.0, Diff: 0.0, Sum: 0.1]
      [Code Root Scanning (ms): Min: 0.0, Avg: 1.5, Max: 9.8, Diff: 9.8, Sum: 11.9]
      [Object Copy (ms): Min: 0.0, Avg: 1.8, Max: 2.4, Diff: 2.4, Sum: 14.5]
      [Termination (ms): Min: 0.0, Avg: 6.5, Max: 7.5, Diff: 7.5, Sum: 52.4]
         [Termination Attempts: Min: 1, Avg: 126.6, Max: 152, Diff: 151, Sum: 1013]
      [GC Worker Other (ms): Min: 0.0, Avg: 0.0, Max: 0.0, Diff: 0.0, Sum: 0.1]
      [GC Worker Total (ms): Min: 10.7, Avg: 10.8, Max: 10.8, Diff: 0.1, Sum: 86.3]
      [GC Worker End (ms): Min: 1386.2, Avg: 1386.2, Max: 1386.2, Diff: 0.0]
   [Code Root Fixup: 0.0 ms]
   [Code Root Purge: 0.0 ms]
   [Clear CT: 0.0 ms]
   [Other: 1.3 ms]
      [Choose CSet: 0.0 ms]
      [Ref Proc: 1.1 ms]
      [Ref Enq: 0.0 ms]
      [Redirty Cards: 0.0 ms]
      [Humongous Register: 0.0 ms]
      [Humongous Reclaim: 0.0 ms]
      [Free CSet: 0.0 ms]
   [Eden: 18.0M(44.0M)->0.0B(44.0M) Survivors: 7168.0K->7168.0K Heap: 26.3M(1024.0M)->10.1M(1024.0M)]
 [Times: user=0.05 sys=0.01, real=0.01 secs] 
2021-04-22T16:34:13.675+0800: 1.388: [GC concurrent-root-region-scan-start]
2021-04-22T16:34:13.684+0800: 1.397: [GC concurrent-root-region-scan-end, 0.0083178 secs]
2021-04-22T16:34:13.684+0800: 1.397: [GC concurrent-mark-start]
2021-04-22T16:34:13.686+0800: 1.399: [GC concurrent-mark-end, 0.0021691 secs]
2021-04-22T16:34:13.686+0800: 1.399: [GC remark 2021-04-22T16:34:13.686+0800: 1.399: [Finalize Marking, 0.0001620 secs] 2021-04-22T16:34:13.686+0800: 1.399: [GC ref-proc, 0.0000588 secs] 2021-04-22T16:34:13.686+0800: 1.400: [Unloading, 0.0052741 secs], 0.0057860 secs]
 [Times: user=0.01 sys=0.01, real=0.01 secs] 
2021-04-22T16:34:13.693+0800: 1.406: [GC cleanup 10M->9494K(1024M), 0.0007565 secs]
 [Times: user=0.00 sys=0.00, real=0.00 secs] 
2021-04-22T16:34:13.693+0800: 1.407: [GC concurrent-cleanup-start]
2021-04-22T16:34:13.693+0800: 1.407: [GC concurrent-cleanup-end, 0.0000110 secs]
2021-04-22T16:34:14.416+0800: 2.129: [GC pause (G1 Evacuation Pause) (young), 0.0113842 secs]
   [Parallel Time: 9.1 ms, GC Workers: 8]
      [GC Worker Start (ms): Min: 2129.3, Avg: 2129.4, Max: 2129.5, Diff: 0.2]
      [Ext Root Scanning (ms): Min: 0.1, Avg: 0.5, Max: 1.9, Diff: 1.8, Sum: 4.3]
      [Update RS (ms): Min: 0.0, Avg: 0.1, Max: 0.2, Diff: 0.2, Sum: 0.4]
         [Processed Buffers: Min: 0, Avg: 1.0, Max: 4, Diff: 4, Sum: 8]
      [Scan RS (ms): Min: 0.0, Avg: 0.0, Max: 0.0, Diff: 0.0, Sum: 0.1]
      [Code Root Scanning (ms): Min: 0.1, Avg: 5.0, Max: 8.2, Diff: 8.1, Sum: 40.1]
      [Object Copy (ms): Min: 0.0, Avg: 1.5, Max: 3.9, Diff: 3.9, Sum: 11.7]
      [Termination (ms): Min: 0.0, Avg: 1.7, Max: 3.0, Diff: 3.0, Sum: 13.9]
         [Termination Attempts: Min: 1, Avg: 15.6, Max: 55, Diff: 54, Sum: 125]
      [GC Worker Other (ms): Min: 0.0, Avg: 0.0, Max: 0.0, Diff: 0.0, Sum: 0.1]
      [GC Worker Total (ms): Min: 8.7, Avg: 8.8, Max: 8.9, Diff: 0.2, Sum: 70.6]
      [GC Worker End (ms): Min: 2138.2, Avg: 2138.2, Max: 2138.2, Diff: 0.0]
   [Code Root Fixup: 0.0 ms]
   [Code Root Purge: 0.0 ms]
   [Clear CT: 0.1 ms]
   [Other: 2.2 ms]
      [Choose CSet: 0.0 ms]
      [Ref Proc: 1.8 ms]
      [Ref Enq: 0.0 ms]
      [Redirty Cards: 0.0 ms]
      [Humongous Register: 0.0 ms]
      [Humongous Reclaim: 0.0 ms]
      [Free CSet: 0.1 ms]
   [Eden: 44.0M(44.0M)->0.0B(44.0M) Survivors: 7168.0K->7168.0K Heap: 181.1M(1024.0M)->144.6M(1024.0M)]
 [Times: user=0.03 sys=0.02, real=0.01 secs] 
2021-04-22T16:34:15.038+0800: 2.751: [GC pause (G1 Evacuation Pause) (young), 0.0113410 secs]
   [Parallel Time: 8.9 ms, GC Workers: 8]
      [GC Worker Start (ms): Min: 2751.0, Avg: 2751.4, Max: 2752.5, Diff: 1.5]
      [Ext Root Scanning (ms): Min: 0.0, Avg: 0.6, Max: 1.6, Diff: 1.6, Sum: 4.6]
      [Update RS (ms): Min: 0.0, Avg: 0.4, Max: 0.9, Diff: 0.9, Sum: 3.5]
         [Processed Buffers: Min: 0, Avg: 1.9, Max: 7, Diff: 7, Sum: 15]
      [Scan RS (ms): Min: 0.0, Avg: 0.6, Max: 1.1, Diff: 1.1, Sum: 5.0]
      [Code Root Scanning (ms): Min: 1.2, Avg: 3.8, Max: 7.3, Diff: 6.1, Sum: 30.1]
      [Object Copy (ms): Min: 0.0, Avg: 1.7, Max: 4.7, Diff: 4.7, Sum: 13.9]
      [Termination (ms): Min: 0.0, Avg: 1.3, Max: 1.5, Diff: 1.5, Sum: 10.0]
         [Termination Attempts: Min: 1, Avg: 1.5, Max: 4, Diff: 3, Sum: 12]
      [GC Worker Other (ms): Min: 0.0, Avg: 0.0, Max: 0.1, Diff: 0.0, Sum: 0.1]
      [GC Worker Total (ms): Min: 7.3, Avg: 8.4, Max: 8.8, Diff: 1.6, Sum: 67.2]
      [GC Worker End (ms): Min: 2759.8, Avg: 2759.8, Max: 2759.8, Diff: 0.0]
   [Code Root Fixup: 0.0 ms]
   [Code Root Purge: 0.0 ms]
   [Clear CT: 0.1 ms]
   [Other: 2.4 ms]
      [Choose CSet: 0.0 ms]
      [Ref Proc: 2.0 ms]
      [Ref Enq: 0.0 ms]
      [Redirty Cards: 0.1 ms]
      [Humongous Register: 0.0 ms]
      [Humongous Reclaim: 0.0 ms]
      [Free CSet: 0.0 ms]
   [Eden: 44.0M(44.0M)->0.0B(44.0M) Survivors: 7168.0K->7168.0K Heap: 188.6M(1024.0M)->150.5M(1024.0M)]
 [Times: user=0.03 sys=0.01, real=0.01 secs] 
2021-04-22T16:34:15.152+0800: 2.865: [GC pause (Metadata GC Threshold) (young) (initial-mark), 0.0068710 secs]
   [Parallel Time: 6.3 ms, GC Workers: 8]
      [GC Worker Start (ms): Min: 2864.9, Avg: 2864.9, Max: 2865.0, Diff: 0.1]
      [Ext Root Scanning (ms): Min: 0.5, Avg: 0.6, Max: 0.9, Diff: 0.4, Sum: 4.9]
      [Update RS (ms): Min: 0.0, Avg: 0.2, Max: 0.3, Diff: 0.3, Sum: 1.7]
         [Processed Buffers: Min: 0, Avg: 1.8, Max: 5, Diff: 5, Sum: 14]
      [Scan RS (ms): Min: 0.0, Avg: 0.1, Max: 0.2, Diff: 0.2, Sum: 0.6]
      [Code Root Scanning (ms): Min: 0.0, Avg: 1.3, Max: 5.0, Diff: 5.0, Sum: 10.2]
      [Object Copy (ms): Min: 0.1, Avg: 2.0, Max: 2.8, Diff: 2.7, Sum: 16.4]
      [Termination (ms): Min: 0.0, Avg: 1.9, Max: 2.5, Diff: 2.5, Sum: 15.2]
         [Termination Attempts: Min: 1, Avg: 27.6, Max: 63, Diff: 62, Sum: 221]
      [GC Worker Other (ms): Min: 0.0, Avg: 0.0, Max: 0.0, Diff: 0.0, Sum: 0.1]
      [GC Worker Total (ms): Min: 6.1, Avg: 6.1, Max: 6.2, Diff: 0.1, Sum: 49.0]
      [GC Worker End (ms): Min: 2871.1, Avg: 2871.1, Max: 2871.1, Diff: 0.0]
   [Code Root Fixup: 0.0 ms]
   [Code Root Purge: 0.0 ms]
   [Clear CT: 0.0 ms]
   [Other: 0.5 ms]
      [Choose CSet: 0.0 ms]
      [Ref Proc: 0.3 ms]
      [Ref Enq: 0.0 ms]
      [Redirty Cards: 0.0 ms]
      [Humongous Register: 0.0 ms]
      [Humongous Reclaim: 0.0 ms]
      [Free CSet: 0.0 ms]
   [Eden: 7168.0K(44.0M)->0.0B(44.0M) Survivors: 7168.0K->7168.0K Heap: 156.7M(1024.0M)->155.0M(1024.0M)]
 [Times: user=0.04 sys=0.00, real=0.00 secs] 
2021-04-22T16:34:15.159+0800: 2.872: [GC concurrent-root-region-scan-start]
2021-04-22T16:34:15.160+0800: 2.874: [GC concurrent-root-region-scan-end, 0.0017886 secs]
2021-04-22T16:34:15.160+0800: 2.874: [GC concurrent-mark-start]
2021-04-22T16:34:15.164+0800: 2.877: [GC concurrent-mark-end, 0.0032453 secs]
2021-04-22T16:34:15.164+0800: 2.877: [GC remark 2021-04-22T16:34:15.164+0800: 2.877: [Finalize Marking, 0.0002473 secs] 2021-04-22T16:34:15.164+0800: 2.878: [GC ref-proc, 0.0000798 secs] 2021-04-22T16:34:15.165+0800: 2.878: [Unloading, 0.0087662 secs], 0.0098033 secs]
 [Times: user=0.03 sys=0.01, real=0.01 secs] 
2021-04-22T16:34:15.175+0800: 2.888: [GC cleanup 155M->146M(1024M), 0.0007527 secs]
 [Times: user=0.00 sys=0.00, real=0.00 secs] 
2021-04-22T16:34:15.176+0800: 2.889: [GC concurrent-cleanup-start]
2021-04-22T16:34:15.176+0800: 2.889: [GC concurrent-cleanup-end, 0.0000118 secs]
2021-04-22T16:34:32.147+0800: 19.860: [GC pause (G1 Evacuation Pause) (young), 0.0168494 secs]
   [Parallel Time: 14.7 ms, GC Workers: 8]
      [GC Worker Start (ms): Min: 19860.6, Avg: 19860.7, Max: 19860.8, Diff: 0.2]
      [Ext Root Scanning (ms): Min: 1.0, Avg: 2.7, Max: 4.9, Diff: 3.9, Sum: 21.7]
      [Update RS (ms): Min: 0.0, Avg: 0.8, Max: 2.3, Diff: 2.3, Sum: 6.6]
         [Processed Buffers: Min: 0, Avg: 6.1, Max: 21, Diff: 21, Sum: 49]
      [Scan RS (ms): Min: 0.0, Avg: 0.3, Max: 0.9, Diff: 0.9, Sum: 2.1]
      [Code Root Scanning (ms): Min: 4.1, Avg: 5.9, Max: 9.5, Diff: 5.5, Sum: 46.9]
      [Object Copy (ms): Min: 1.6, Avg: 4.1, Max: 5.8, Diff: 4.2, Sum: 32.8]
      [Termination (ms): Min: 0.0, Avg: 0.0, Max: 0.0, Diff: 0.0, Sum: 0.0]
         [Termination Attempts: Min: 1, Avg: 1.9, Max: 5, Diff: 4, Sum: 15]
      [GC Worker Other (ms): Min: 0.0, Avg: 0.5, Max: 0.8, Diff: 0.7, Sum: 4.1]
      [GC Worker Total (ms): Min: 13.7, Avg: 14.3, Max: 14.6, Diff: 0.9, Sum: 114.1]
      [GC Worker End (ms): Min: 19874.4, Avg: 19874.9, Max: 19875.2, Diff: 0.7]
   [Code Root Fixup: 0.1 ms]
   [Code Root Purge: 0.0 ms]
   [Clear CT: 0.1 ms]
   [Other: 2.0 ms]
      [Choose CSet: 0.0 ms]
      [Ref Proc: 1.3 ms]
      [Ref Enq: 0.0 ms]
      [Redirty Cards: 0.1 ms]
      [Humongous Register: 0.1 ms]
      [Humongous Reclaim: 0.0 ms]
      [Free CSet: 0.1 ms]
   [Eden: 44.0M(44.0M)->0.0B(44.0M) Survivors: 7168.0K->7168.0K Heap: 190.0M(1024.0M)->148.6M(1024.0M)]
 [Times: user=0.06 sys=0.01, real=0.02 secs] 
2021-04-22T16:34:51.225+0800: 38.939: [GC pause (G1 Evacuation Pause) (young), 0.0338110 secs]
   [Parallel Time: 31.7 ms, GC Workers: 8]
      [GC Worker Start (ms): Min: 38939.7, Avg: 38939.8, Max: 38940.1, Diff: 0.4]
      [Ext Root Scanning (ms): Min: 0.1, Avg: 1.7, Max: 3.4, Diff: 3.2, Sum: 13.4]
      [Update RS (ms): Min: 0.0, Avg: 0.7, Max: 1.7, Diff: 1.7, Sum: 5.9]
         [Processed Buffers: Min: 0, Avg: 4.1, Max: 19, Diff: 19, Sum: 33]
      [Scan RS (ms): Min: 0.0, Avg: 0.0, Max: 0.0, Diff: 0.0, Sum: 0.1]
      [Code Root Scanning (ms): Min: 0.0, Avg: 12.6, Max: 28.5, Diff: 28.5, Sum: 100.7]
      [Object Copy (ms): Min: 0.0, Avg: 7.4, Max: 15.6, Diff: 15.6, Sum: 58.8]
      [Termination (ms): Min: 0.0, Avg: 8.9, Max: 12.8, Diff: 12.8, Sum: 71.0]
         [Termination Attempts: Min: 1, Avg: 24.4, Max: 59, Diff: 58, Sum: 195]
      [GC Worker Other (ms): Min: 0.0, Avg: 0.0, Max: 0.2, Diff: 0.2, Sum: 0.4]
      [GC Worker Total (ms): Min: 31.0, Avg: 31.3, Max: 31.5, Diff: 0.6, Sum: 250.3]
      [GC Worker End (ms): Min: 38971.1, Avg: 38971.1, Max: 38971.2, Diff: 0.2]
   [Code Root Fixup: 0.1 ms]
   [Code Root Purge: 0.0 ms]
   [Clear CT: 0.1 ms]
   [Other: 1.9 ms]
      [Choose CSet: 0.0 ms]
      [Ref Proc: 0.7 ms]
      [Ref Enq: 0.0 ms]
      [Redirty Cards: 0.1 ms]
      [Humongous Register: 0.2 ms]
      [Humongous Reclaim: 0.0 ms]
      [Free CSet: 0.2 ms]
   [Eden: 44.0M(44.0M)->0.0B(44.0M) Survivors: 7168.0K->7168.0K Heap: 192.6M(1024.0M)->153.7M(1024.0M)]
 [Times: user=0.12 sys=0.02, real=0.04 secs] 
2021-04-22T16:35:13.810+0800: 61.525: [GC pause (G1 Evacuation Pause) (young), 0.0198472 secs]
   [Parallel Time: 19.0 ms, GC Workers: 8]
      [GC Worker Start (ms): Min: 61524.9, Avg: 61525.5, Max: 61529.0, Diff: 4.1]
      [Ext Root Scanning (ms): Min: 0.0, Avg: 2.0, Max: 4.3, Diff: 4.3, Sum: 16.1]
      [Update RS (ms): Min: 0.0, Avg: 0.9, Max: 2.1, Diff: 2.1, Sum: 7.3]
         [Processed Buffers: Min: 0, Avg: 5.1, Max: 13, Diff: 13, Sum: 41]
      [Scan RS (ms): Min: 0.1, Avg: 0.5, Max: 1.1, Diff: 1.0, Sum: 3.8]
      [Code Root Scanning (ms): Min: 0.0, Avg: 6.4, Max: 14.6, Diff: 14.6, Sum: 51.2]
      [Object Copy (ms): Min: 0.0, Avg: 3.6, Max: 7.2, Diff: 7.2, Sum: 28.5]
      [Termination (ms): Min: 0.0, Avg: 5.0, Max: 7.5, Diff: 7.5, Sum: 39.7]
         [Termination Attempts: Min: 1, Avg: 19.5, Max: 41, Diff: 40, Sum: 156]
      [GC Worker Other (ms): Min: 0.0, Avg: 0.0, Max: 0.0, Diff: 0.0, Sum: 0.1]
      [GC Worker Total (ms): Min: 14.8, Avg: 18.4, Max: 19.0, Diff: 4.1, Sum: 146.9]
      [GC Worker End (ms): Min: 61543.9, Avg: 61543.9, Max: 61543.9, Diff: 0.0]
   [Code Root Fixup: 0.0 ms]
   [Code Root Purge: 0.0 ms]
   [Clear CT: 0.1 ms]
   [Other: 0.7 ms]
      [Choose CSet: 0.0 ms]
      [Ref Proc: 0.2 ms]
      [Ref Enq: 0.0 ms]
      [Redirty Cards: 0.1 ms]
      [Humongous Register: 0.1 ms]
      [Humongous Reclaim: 0.0 ms]
      [Free CSet: 0.1 ms]
   [Eden: 44.0M(44.0M)->0.0B(46.0M) Survivors: 7168.0K->5120.0K Heap: 197.7M(1024.0M)->156.2M(1024.0M)]
 [Times: user=0.07 sys=0.01, real=0.02 secs] 
2021-04-22T16:35:38.158+0800: 85.873: [GC pause (G1 Evacuation Pause) (young), 0.0137582 secs]
   [Parallel Time: 12.6 ms, GC Workers: 8]
      [GC Worker Start (ms): Min: 85873.3, Avg: 85874.3, Max: 85876.9, Diff: 3.7]
      [Ext Root Scanning (ms): Min: 0.0, Avg: 0.8, Max: 3.0, Diff: 3.0, Sum: 6.4]
      [Update RS (ms): Min: 0.0, Avg: 1.4, Max: 3.2, Diff: 3.2, Sum: 11.3]
         [Processed Buffers: Min: 0, Avg: 7.1, Max: 22, Diff: 22, Sum: 57]
      [Scan RS (ms): Min: 0.0, Avg: 0.1, Max: 0.4, Diff: 0.4, Sum: 1.2]
      [Code Root Scanning (ms): Min: 0.0, Avg: 4.5, Max: 9.2, Diff: 9.2, Sum: 36.2]
      [Object Copy (ms): Min: 0.0, Avg: 4.1, Max: 8.4, Diff: 8.4, Sum: 32.7]
      [Termination (ms): Min: 0.0, Avg: 0.5, Max: 0.8, Diff: 0.8, Sum: 3.8]
         [Termination Attempts: Min: 1, Avg: 2.2, Max: 4, Diff: 3, Sum: 18]
      [GC Worker Other (ms): Min: 0.0, Avg: 0.0, Max: 0.1, Diff: 0.1, Sum: 0.2]
      [GC Worker Total (ms): Min: 8.8, Avg: 11.5, Max: 12.5, Diff: 3.6, Sum: 91.8]
      [GC Worker End (ms): Min: 85885.7, Avg: 85885.8, Max: 85885.8, Diff: 0.0]
   [Code Root Fixup: 0.0 ms]
   [Code Root Purge: 0.0 ms]
   [Clear CT: 0.2 ms]
   [Other: 1.0 ms]
      [Choose CSet: 0.0 ms]
      [Ref Proc: 0.3 ms]
      [Ref Enq: 0.0 ms]
      [Redirty Cards: 0.1 ms]
      [Humongous Register: 0.1 ms]
      [Humongous Reclaim: 0.0 ms]
      [Free CSet: 0.1 ms]
   [Eden: 46.0M(46.0M)->0.0B(46.0M) Survivors: 5120.0K->5120.0K Heap: 202.2M(1024.0M)->156.3M(1024.0M)]
 [Times: user=0.04 sys=0.00, real=0.02 secs] 
2021-04-22T16:36:02.932+0800: 110.647: [GC pause (G1 Evacuation Pause) (young), 0.0141539 secs]
   [Parallel Time: 13.3 ms, GC Workers: 8]
      [GC Worker Start (ms): Min: 110647.6, Avg: 110647.9, Max: 110648.0, Diff: 0.4]
      [Ext Root Scanning (ms): Min: 1.0, Avg: 4.3, Max: 11.7, Diff: 10.7, Sum: 34.3]
      [Update RS (ms): Min: 0.0, Avg: 0.8, Max: 2.0, Diff: 2.0, Sum: 6.3]
         [Processed Buffers: Min: 0, Avg: 4.8, Max: 14, Diff: 14, Sum: 38]
      [Scan RS (ms): Min: 0.0, Avg: 0.0, Max: 0.2, Diff: 0.2, Sum: 0.3]
      [Code Root Scanning (ms): Min: 0.0, Avg: 2.3, Max: 9.8, Diff: 9.8, Sum: 18.4]
      [Object Copy (ms): Min: 0.0, Avg: 4.3, Max: 8.7, Diff: 8.6, Sum: 34.5]
      [Termination (ms): Min: 0.0, Avg: 1.2, Max: 1.4, Diff: 1.4, Sum: 9.3]
         [Termination Attempts: Min: 1, Avg: 1.2, Max: 2, Diff: 1, Sum: 10]
      [GC Worker Other (ms): Min: 0.0, Avg: 0.0, Max: 0.0, Diff: 0.0, Sum: 0.1]
      [GC Worker Total (ms): Min: 12.8, Avg: 12.9, Max: 13.2, Diff: 0.4, Sum: 103.3]
      [GC Worker End (ms): Min: 110660.8, Avg: 110660.8, Max: 110660.8, Diff: 0.0]
   [Code Root Fixup: 0.0 ms]
   [Code Root Purge: 0.0 ms]
   [Clear CT: 0.1 ms]
   [Other: 0.8 ms]
      [Choose CSet: 0.0 ms]
      [Ref Proc: 0.2 ms]
      [Ref Enq: 0.0 ms]
      [Redirty Cards: 0.1 ms]
      [Humongous Register: 0.1 ms]
      [Humongous Reclaim: 0.0 ms]
      [Free CSet: 0.0 ms]
   [Eden: 46.0M(46.0M)->0.0B(44.0M) Survivors: 5120.0K->7168.0K Heap: 202.3M(1024.0M)->158.9M(1024.0M)]
 [Times: user=0.05 sys=0.01, real=0.01 secs] 
2021-04-22T16:36:24.345+0800: 132.061: [GC pause (G1 Evacuation Pause) (young), 0.0132247 secs]
   [Parallel Time: 11.4 ms, GC Workers: 8]
      [GC Worker Start (ms): Min: 132061.3, Avg: 132062.3, Max: 132064.3, Diff: 2.9]
      [Ext Root Scanning (ms): Min: 0.0, Avg: 2.0, Max: 9.5, Diff: 9.5, Sum: 15.6]
      [Update RS (ms): Min: 0.0, Avg: 0.7, Max: 1.8, Diff: 1.8, Sum: 5.6]
         [Processed Buffers: Min: 0, Avg: 5.2, Max: 17, Diff: 17, Sum: 42]
      [Scan RS (ms): Min: 0.0, Avg: 0.0, Max: 0.0, Diff: 0.0, Sum: 0.1]
      [Code Root Scanning (ms): Min: 0.0, Avg: 2.8, Max: 8.5, Diff: 8.5, Sum: 22.4]
      [Object Copy (ms): Min: 0.0, Avg: 3.1, Max: 6.4, Diff: 6.4, Sum: 25.0]
      [Termination (ms): Min: 0.0, Avg: 1.7, Max: 2.1, Diff: 2.1, Sum: 13.5]
         [Termination Attempts: Min: 1, Avg: 3.1, Max: 7, Diff: 6, Sum: 25]
      [GC Worker Other (ms): Min: 0.0, Avg: 0.0, Max: 0.0, Diff: 0.0, Sum: 0.1]
      [GC Worker Total (ms): Min: 8.4, Avg: 10.3, Max: 11.3, Diff: 2.9, Sum: 82.4]
      [GC Worker End (ms): Min: 132072.6, Avg: 132072.6, Max: 132072.7, Diff: 0.1]
   [Code Root Fixup: 0.0 ms]
   [Code Root Purge: 0.0 ms]
   [Clear CT: 0.1 ms]
   [Other: 1.8 ms]
      [Choose CSet: 0.0 ms]
      [Ref Proc: 0.7 ms]
      [Ref Enq: 0.0 ms]
      [Redirty Cards: 0.1 ms]
      [Humongous Register: 0.2 ms]
      [Humongous Reclaim: 0.0 ms]
      [Free CSet: 0.1 ms]
   [Eden: 44.0M(44.0M)->0.0B(63.0M) Survivors: 7168.0K->7168.0K Heap: 202.9M(1024.0M)->159.5M(1024.0M)]
 [Times: user=0.04 sys=0.00, real=0.01 secs] 
2021-04-22T16:36:55.680+0800: 163.396: [GC pause (G1 Evacuation Pause) (young), 0.0185905 secs]
   [Parallel Time: 17.2 ms, GC Workers: 8]
      [GC Worker Start (ms): Min: 163396.2, Avg: 163396.9, Max: 163398.8, Diff: 2.5]
      [Ext Root Scanning (ms): Min: 0.0, Avg: 1.0, Max: 2.6, Diff: 2.6, Sum: 8.1]
      [Update RS (ms): Min: 0.0, Avg: 0.7, Max: 1.7, Diff: 1.7, Sum: 6.0]
         [Processed Buffers: Min: 0, Avg: 5.2, Max: 16, Diff: 16, Sum: 42]
      [Scan RS (ms): Min: 0.0, Avg: 0.0, Max: 0.0, Diff: 0.0, Sum: 0.1]
      [Code Root Scanning (ms): Min: 0.0, Avg: 4.9, Max: 14.5, Diff: 14.5, Sum: 38.8]
      [Object Copy (ms): Min: 0.0, Avg: 7.7, Max: 12.2, Diff: 12.2, Sum: 61.8]
      [Termination (ms): Min: 0.0, Avg: 2.0, Max: 2.3, Diff: 2.3, Sum: 16.1]
         [Termination Attempts: Min: 1, Avg: 2.1, Max: 5, Diff: 4, Sum: 17]
      [GC Worker Other (ms): Min: 0.0, Avg: 0.0, Max: 0.0, Diff: 0.0, Sum: 0.1]
      [GC Worker Total (ms): Min: 14.5, Avg: 16.4, Max: 17.0, Diff: 2.5, Sum: 131.0]
      [GC Worker End (ms): Min: 163413.3, Avg: 163413.3, Max: 163413.3, Diff: 0.0]
   [Code Root Fixup: 0.0 ms]
   [Code Root Purge: 0.0 ms]
   [Clear CT: 0.1 ms]
   [Other: 1.3 ms]
      [Choose CSet: 0.0 ms]
      [Ref Proc: 0.5 ms]
      [Ref Enq: 0.0 ms]
      [Redirty Cards: 0.1 ms]
      [Humongous Register: 0.1 ms]
      [Humongous Reclaim: 0.0 ms]
      [Free CSet: 0.1 ms]
   [Eden: 63.0M(63.0M)->0.0B(71.0M) Survivors: 7168.0K->9216.0K Heap: 222.5M(1024.0M)->161.5M(1024.0M)]
 [Times: user=0.06 sys=0.01, real=0.01 secs] 
2021-04-22T16:37:31.507+0800: 199.224: [GC pause (G1 Evacuation Pause) (young), 0.0185565 secs]
   [Parallel Time: 17.4 ms, GC Workers: 8]
      [GC Worker Start (ms): Min: 199224.0, Avg: 199224.0, Max: 199224.2, Diff: 0.2]
      [Ext Root Scanning (ms): Min: 0.6, Avg: 2.1, Max: 4.8, Diff: 4.2, Sum: 16.8]
      [Update RS (ms): Min: 0.0, Avg: 0.8, Max: 1.8, Diff: 1.8, Sum: 6.3]
         [Processed Buffers: Min: 0, Avg: 5.1, Max: 16, Diff: 16, Sum: 41]
      [Scan RS (ms): Min: 0.0, Avg: 0.0, Max: 0.1, Diff: 0.1, Sum: 0.1]
      [Code Root Scanning (ms): Min: 0.0, Avg: 5.3, Max: 14.5, Diff: 14.5, Sum: 42.2]
      [Object Copy (ms): Min: 0.0, Avg: 8.2, Max: 13.6, Diff: 13.6, Sum: 65.6]
      [Termination (ms): Min: 0.0, Avg: 0.7, Max: 0.9, Diff: 0.9, Sum: 5.6]
         [Termination Attempts: Min: 1, Avg: 2.2, Max: 6, Diff: 5, Sum: 18]
      [GC Worker Other (ms): Min: 0.0, Avg: 0.0, Max: 0.2, Diff: 0.2, Sum: 0.3]
      [GC Worker Total (ms): Min: 17.0, Avg: 17.1, Max: 17.2, Diff: 0.2, Sum: 137.1]
      [GC Worker End (ms): Min: 199241.1, Avg: 199241.2, Max: 199241.3, Diff: 0.2]
   [Code Root Fixup: 0.0 ms]
   [Code Root Purge: 0.0 ms]
   [Clear CT: 0.1 ms]
   [Other: 1.0 ms]
      [Choose CSet: 0.0 ms]
      [Ref Proc: 0.3 ms]
      [Ref Enq: 0.0 ms]
      [Redirty Cards: 0.1 ms]
      [Humongous Register: 0.1 ms]
      [Humongous Reclaim: 0.0 ms]
      [Free CSet: 0.1 ms]
   [Eden: 71.0M(71.0M)->0.0B(82.0M) Survivors: 9216.0K->9216.0K Heap: 232.5M(1024.0M)->162.1M(1024.0M)]
 [Times: user=0.06 sys=0.01, real=0.02 secs] 
2021-04-22T16:38:12.968+0800: 240.686: [GC pause (G1 Evacuation Pause) (young), 0.0221340 secs]
   [Parallel Time: 20.3 ms, GC Workers: 8]
      [GC Worker Start (ms): Min: 240686.0, Avg: 240687.1, Max: 240694.1, Diff: 8.1]
      [Ext Root Scanning (ms): Min: 0.0, Avg: 3.0, Max: 8.6, Diff: 8.6, Sum: 24.3]
      [Update RS (ms): Min: 0.0, Avg: 4.1, Max: 7.0, Diff: 7.0, Sum: 32.6]
         [Processed Buffers: Min: 0, Avg: 6.6, Max: 26, Diff: 26, Sum: 53]
      [Scan RS (ms): Min: 0.0, Avg: 0.1, Max: 0.8, Diff: 0.7, Sum: 1.1]
      [Code Root Scanning (ms): Min: 0.0, Avg: 2.2, Max: 4.3, Diff: 4.3, Sum: 17.7]
      [Object Copy (ms): Min: 7.7, Avg: 9.5, Max: 11.4, Diff: 3.8, Sum: 76.3]
      [Termination (ms): Min: 0.0, Avg: 0.1, Max: 0.1, Diff: 0.1, Sum: 0.5]
         [Termination Attempts: Min: 1, Avg: 1.8, Max: 6, Diff: 5, Sum: 14]
      [GC Worker Other (ms): Min: 0.0, Avg: 0.0, Max: 0.0, Diff: 0.0, Sum: 0.2]
      [GC Worker Total (ms): Min: 12.2, Avg: 19.1, Max: 20.2, Diff: 8.0, Sum: 152.7]
      [GC Worker End (ms): Min: 240706.2, Avg: 240706.2, Max: 240706.3, Diff: 0.1]
   [Code Root Fixup: 0.0 ms]
   [Code Root Purge: 0.0 ms]
   [Clear CT: 0.1 ms]
   [Other: 1.7 ms]
      [Choose CSet: 0.0 ms]
      [Ref Proc: 0.3 ms]
      [Ref Enq: 0.0 ms]
      [Redirty Cards: 0.1 ms]
      [Humongous Register: 0.2 ms]
      [Humongous Reclaim: 0.0 ms]
      [Free CSet: 0.2 ms]
   [Eden: 82.0M(82.0M)->0.0B(53.0M) Survivors: 9216.0K->11.0M Heap: 244.1M(1024.0M)->164.4M(1024.0M)]
 [Times: user=0.09 sys=0.01, real=0.03 secs] 
2021-04-22T16:38:39.589+0800: 267.307: [GC pause (G1 Evacuation Pause) (young), 0.0192422 secs]
   [Parallel Time: 18.2 ms, GC Workers: 8]
      [GC Worker Start (ms): Min: 267307.4, Avg: 267308.6, Max: 267310.3, Diff: 2.9]
      [Ext Root Scanning (ms): Min: 0.0, Avg: 1.0, Max: 4.5, Diff: 4.5, Sum: 7.9]
      [Update RS (ms): Min: 0.0, Avg: 2.4, Max: 4.4, Diff: 4.4, Sum: 19.6]
         [Processed Buffers: Min: 0, Avg: 6.0, Max: 14, Diff: 14, Sum: 48]
      [Scan RS (ms): Min: 0.0, Avg: 0.0, Max: 0.1, Diff: 0.0, Sum: 0.1]
      [Code Root Scanning (ms): Min: 0.0, Avg: 5.8, Max: 13.1, Diff: 13.1, Sum: 46.4]
      [Object Copy (ms): Min: 0.5, Avg: 7.7, Max: 13.5, Diff: 13.0, Sum: 61.5]
      [Termination (ms): Min: 0.0, Avg: 0.0, Max: 0.0, Diff: 0.0, Sum: 0.0]
         [Termination Attempts: Min: 2, Avg: 7.4, Max: 13, Diff: 11, Sum: 59]
      [GC Worker Other (ms): Min: 0.0, Avg: 0.0, Max: 0.0, Diff: 0.0, Sum: 0.2]
      [GC Worker Total (ms): Min: 15.2, Avg: 17.0, Max: 18.1, Diff: 2.9, Sum: 135.8]
      [GC Worker End (ms): Min: 267325.5, Avg: 267325.5, Max: 267325.6, Diff: 0.0]
   [Code Root Fixup: 0.0 ms]
   [Code Root Purge: 0.0 ms]
   [Clear CT: 0.1 ms]
   [Other: 1.0 ms]
      [Choose CSet: 0.0 ms]
      [Ref Proc: 0.2 ms]
      [Ref Enq: 0.0 ms]
      [Redirty Cards: 0.1 ms]
      [Humongous Register: 0.1 ms]
      [Humongous Reclaim: 0.0 ms]
      [Free CSet: 0.1 ms]
   [Eden: 53.0M(53.0M)->0.0B(94.0M) Survivors: 11.0M->7168.0K Heap: 217.4M(1024.0M)->163.7M(1024.0M)]
 [Times: user=0.07 sys=0.01, real=0.02 secs] 
2021-04-22T16:39:01.575+0800: 289.294: [GC pause (G1 Evacuation Pause) (young), 0.0173533 secs]
   [Parallel Time: 16.2 ms, GC Workers: 8]
      [GC Worker Start (ms): Min: 289294.0, Avg: 289295.3, Max: 289302.5, Diff: 8.5]
      [Ext Root Scanning (ms): Min: 0.0, Avg: 3.3, Max: 11.8, Diff: 11.8, Sum: 26.5]
      [Update RS (ms): Min: 0.0, Avg: 2.4, Max: 6.5, Diff: 6.5, Sum: 18.9]
         [Processed Buffers: Min: 0, Avg: 7.5, Max: 27, Diff: 27, Sum: 60]
      [Scan RS (ms): Min: 0.0, Avg: 1.1, Max: 2.8, Diff: 2.7, Sum: 8.4]
      [Code Root Scanning (ms): Min: 0.0, Avg: 2.1, Max: 9.2, Diff: 9.2, Sum: 17.0]
      [Object Copy (ms): Min: 0.0, Avg: 5.6, Max: 9.1, Diff: 9.0, Sum: 44.8]
      [Termination (ms): Min: 0.0, Avg: 0.3, Max: 0.3, Diff: 0.3, Sum: 2.1]
         [Termination Attempts: Min: 1, Avg: 23.8, Max: 41, Diff: 40, Sum: 190]
      [GC Worker Other (ms): Min: 0.0, Avg: 0.0, Max: 0.0, Diff: 0.0, Sum: 0.1]
      [GC Worker Total (ms): Min: 7.6, Avg: 14.7, Max: 16.1, Diff: 8.5, Sum: 117.9]
      [GC Worker End (ms): Min: 289310.1, Avg: 289310.1, Max: 289310.1, Diff: 0.0]
   [Code Root Fixup: 0.0 ms]
   [Code Root Purge: 0.0 ms]
   [Clear CT: 0.1 ms]
   [Other: 1.1 ms]
      [Choose CSet: 0.0 ms]
      [Ref Proc: 0.3 ms]
      [Ref Enq: 0.0 ms]
      [Redirty Cards: 0.1 ms]
      [Humongous Register: 0.1 ms]
      [Humongous Reclaim: 0.0 ms]
      [Free CSet: 0.1 ms]
   [Eden: 44.0M(44.0M)->0.0B(97.0M) Survivors: 7168.0K->7168.0K Heap: 207.7M(1024.0M)->166.0M(1024.0M)]
 [Times: user=0.07 sys=0.00, real=0.02 secs] 
2021-04-22T16:39:23.347+0800: 311.066: [GC pause (G1 Evacuation Pause) (young), 0.0155115 secs]
   [Parallel Time: 14.4 ms, GC Workers: 8]
      [GC Worker Start (ms): Min: 311066.1, Avg: 311069.1, Max: 311077.4, Diff: 11.3]
      [Ext Root Scanning (ms): Min: 0.0, Avg: 2.1, Max: 13.8, Diff: 13.8, Sum: 16.8]
      [Update RS (ms): Min: 0.0, Avg: 2.2, Max: 4.9, Diff: 4.9, Sum: 17.3]
         [Processed Buffers: Min: 0, Avg: 6.8, Max: 31, Diff: 31, Sum: 54]
      [Scan RS (ms): Min: 0.0, Avg: 0.7, Max: 1.6, Diff: 1.6, Sum: 5.3]
      [Code Root Scanning (ms): Min: 0.0, Avg: 2.1, Max: 8.6, Diff: 8.6, Sum: 16.9]
      [Object Copy (ms): Min: 0.0, Avg: 4.0, Max: 7.6, Diff: 7.6, Sum: 31.9]
      [Termination (ms): Min: 0.0, Avg: 0.3, Max: 0.4, Diff: 0.4, Sum: 2.4]
         [Termination Attempts: Min: 1, Avg: 8.8, Max: 18, Diff: 17, Sum: 70]
      [GC Worker Other (ms): Min: 0.0, Avg: 0.0, Max: 0.0, Diff: 0.0, Sum: 0.1]
      [GC Worker Total (ms): Min: 3.0, Avg: 11.3, Max: 14.3, Diff: 11.3, Sum: 90.8]
      [GC Worker End (ms): Min: 311080.4, Avg: 311080.4, Max: 311080.5, Diff: 0.0]
   [Code Root Fixup: 0.1 ms]
   [Code Root Purge: 0.0 ms]
   [Clear CT: 0.1 ms]
   [Other: 1.0 ms]
      [Choose CSet: 0.0 ms]
      [Ref Proc: 0.2 ms]
      [Ref Enq: 0.0 ms]
      [Redirty Cards: 0.1 ms]
      [Humongous Register: 0.1 ms]
      [Humongous Reclaim: 0.0 ms]
      [Free CSet: 0.1 ms]
   [Eden: 44.0M(44.0M)->0.0B(138.0M) Survivors: 7168.0K->6144.0K Heap: 210.0M(1024.0M)->165.3M(1024.0M)]
 [Times: user=0.05 sys=0.00, real=0.02 secs] 
2021-04-22T16:40:32.899+0800: 380.619: [GC pause (G1 Evacuation Pause) (young), 0.0175804 secs]
   [Parallel Time: 15.8 ms, GC Workers: 8]
      [GC Worker Start (ms): Min: 380619.7, Avg: 380621.0, Max: 380625.5, Diff: 5.8]
      [Ext Root Scanning (ms): Min: 0.0, Avg: 1.6, Max: 7.1, Diff: 7.1, Sum: 12.7]
      [Update RS (ms): Min: 0.0, Avg: 2.0, Max: 4.4, Diff: 4.4, Sum: 15.8]
         [Processed Buffers: Min: 0, Avg: 6.0, Max: 27, Diff: 27, Sum: 48]
      [Scan RS (ms): Min: 0.0, Avg: 0.4, Max: 0.9, Diff: 0.8, Sum: 3.1]
      [Code Root Scanning (ms): Min: 0.0, Avg: 1.7, Max: 10.7, Diff: 10.7, Sum: 13.5]
      [Object Copy (ms): Min: 0.0, Avg: 8.4, Max: 10.4, Diff: 10.4, Sum: 67.2]
      [Termination (ms): Min: 0.0, Avg: 0.4, Max: 0.4, Diff: 0.4, Sum: 2.9]
         [Termination Attempts: Min: 1, Avg: 1.0, Max: 1, Diff: 0, Sum: 8]
      [GC Worker Other (ms): Min: 0.0, Avg: 0.0, Max: 0.0, Diff: 0.0, Sum: 0.2]
      [GC Worker Total (ms): Min: 10.0, Avg: 14.4, Max: 15.8, Diff: 5.8, Sum: 115.2]
      [GC Worker End (ms): Min: 380635.4, Avg: 380635.4, Max: 380635.5, Diff: 0.0]
   [Code Root Fixup: 0.0 ms]
   [Code Root Purge: 0.0 ms]
   [Clear CT: 0.1 ms]
   [Other: 1.6 ms]
      [Choose CSet: 0.0 ms]
      [Ref Proc: 0.3 ms]
      [Ref Enq: 0.0 ms]
      [Redirty Cards: 0.1 ms]
      [Humongous Register: 0.2 ms]
      [Humongous Reclaim: 0.0 ms]
      [Free CSet: 0.4 ms]
   [Eden: 138.0M(138.0M)->0.0B(144.0M) Survivors: 6144.0K->9216.0K Heap: 303.3M(1024.0M)->168.4M(1024.0M)]
 [Times: user=0.05 sys=0.00, real=0.02 secs] 
2021-04-22T16:40:55.312+0800: 403.032: [GC pause (G1 Evacuation Pause) (young), 0.0213458 secs]
   [Parallel Time: 20.4 ms, GC Workers: 8]
      [GC Worker Start (ms): Min: 403032.5, Avg: 403034.4, Max: 403042.7, Diff: 10.2]
      [Ext Root Scanning (ms): Min: 0.0, Avg: 1.2, Max: 3.4, Diff: 3.4, Sum: 9.3]
      [Update RS (ms): Min: 0.0, Avg: 0.9, Max: 2.0, Diff: 2.0, Sum: 7.1]
         [Processed Buffers: Min: 0, Avg: 6.5, Max: 23, Diff: 23, Sum: 52]
      [Scan RS (ms): Min: 0.0, Avg: 0.6, Max: 1.3, Diff: 1.2, Sum: 4.5]
      [Code Root Scanning (ms): Min: 0.0, Avg: 4.2, Max: 16.7, Diff: 16.7, Sum: 33.3]
      [Object Copy (ms): Min: 0.1, Avg: 11.1, Max: 16.2, Diff: 16.1, Sum: 88.5]
      [Termination (ms): Min: 0.0, Avg: 0.5, Max: 0.6, Diff: 0.6, Sum: 4.0]
         [Termination Attempts: Min: 1, Avg: 1.0, Max: 1, Diff: 0, Sum: 8]
      [GC Worker Other (ms): Min: 0.0, Avg: 0.0, Max: 0.0, Diff: 0.0, Sum: 0.1]
      [GC Worker Total (ms): Min: 10.2, Avg: 18.3, Max: 20.3, Diff: 10.2, Sum: 146.8]
      [GC Worker End (ms): Min: 403052.6, Avg: 403052.8, Max: 403052.8, Diff: 0.3]
   [Code Root Fixup: 0.0 ms]
   [Code Root Purge: 0.0 ms]
   [Clear CT: 0.1 ms]
   [Other: 0.8 ms]
      [Choose CSet: 0.0 ms]
      [Ref Proc: 0.3 ms]
      [Ref Enq: 0.0 ms]
      [Redirty Cards: 0.1 ms]
      [Humongous Register: 0.1 ms]
      [Humongous Reclaim: 0.0 ms]
      [Free CSet: 0.1 ms]
   [Eden: 45.0M(45.0M)->0.0B(120.0M) Survivors: 9216.0K->7168.0K Heap: 213.4M(1024.0M)->167.7M(1024.0M)]
 [Times: user=0.06 sys=0.01, real=0.03 secs] 
2021-04-22T16:41:17.216+0800: 424.937: [GC pause (G1 Evacuation Pause) (young), 0.0194540 secs]
   [Parallel Time: 18.0 ms, GC Workers: 8]
      [GC Worker Start (ms): Min: 424937.9, Avg: 424939.7, Max: 424944.2, Diff: 6.3]
      [Ext Root Scanning (ms): Min: 0.0, Avg: 1.9, Max: 6.4, Diff: 6.4, Sum: 15.3]
      [Update RS (ms): Min: 0.0, Avg: 1.9, Max: 5.2, Diff: 5.2, Sum: 15.0]
         [Processed Buffers: Min: 0, Avg: 6.9, Max: 40, Diff: 40, Sum: 55]
      [Scan RS (ms): Min: 0.0, Avg: 0.6, Max: 1.5, Diff: 1.5, Sum: 5.2]
      [Code Root Scanning (ms): Min: 0.0, Avg: 0.1, Max: 0.7, Diff: 0.7, Sum: 0.7]
      [Object Copy (ms): Min: 11.1, Avg: 11.4, Max: 11.8, Diff: 0.6, Sum: 91.6]
      [Termination (ms): Min: 0.0, Avg: 0.1, Max: 0.2, Diff: 0.2, Sum: 1.1]
         [Termination Attempts: Min: 1, Avg: 2.0, Max: 3, Diff: 2, Sum: 16]
      [GC Worker Other (ms): Min: 0.0, Avg: 0.0, Max: 0.0, Diff: 0.0, Sum: 0.1]
      [GC Worker Total (ms): Min: 11.6, Avg: 16.1, Max: 17.9, Diff: 6.3, Sum: 129.0]
      [GC Worker End (ms): Min: 424955.7, Avg: 424955.8, Max: 424955.9, Diff: 0.1]
   [Code Root Fixup: 0.0 ms]
   [Code Root Purge: 0.0 ms]
   [Clear CT: 0.1 ms]
   [Other: 1.3 ms]
      [Choose CSet: 0.0 ms]
      [Ref Proc: 0.3 ms]
      [Ref Enq: 0.0 ms]
      [Redirty Cards: 0.1 ms]
      [Humongous Register: 0.4 ms]
      [Humongous Reclaim: 0.0 ms]
      [Free CSet: 0.1 ms]
   [Eden: 44.0M(44.0M)->0.0B(107.0M) Survivors: 7168.0K->7168.0K Heap: 211.7M(1024.0M)->169.6M(1024.0M)]
 [Times: user=0.06 sys=0.01, real=0.02 secs] 
2021-04-22T16:41:38.925+0800: 446.647: [GC pause (G1 Evacuation Pause) (young), 0.0157254 secs]
   [Parallel Time: 14.9 ms, GC Workers: 8]
      [GC Worker Start (ms): Min: 446647.0, Avg: 446647.9, Max: 446652.9, Diff: 5.9]
      [Ext Root Scanning (ms): Min: 0.0, Avg: 2.9, Max: 13.9, Diff: 13.9, Sum: 23.4]
      [Update RS (ms): Min: 0.0, Avg: 1.2, Max: 3.2, Diff: 3.2, Sum: 9.5]
         [Processed Buffers: Min: 0, Avg: 6.8, Max: 20, Diff: 20, Sum: 54]
      [Scan RS (ms): Min: 0.0, Avg: 1.1, Max: 2.0, Diff: 2.0, Sum: 8.5]
      [Code Root Scanning (ms): Min: 0.0, Avg: 0.9, Max: 7.1, Diff: 7.1, Sum: 7.1]
      [Object Copy (ms): Min: 0.7, Avg: 7.8, Max: 10.1, Diff: 9.3, Sum: 62.2]
      [Termination (ms): Min: 0.0, Avg: 0.1, Max: 0.2, Diff: 0.2, Sum: 0.7]
         [Termination Attempts: Min: 1, Avg: 14.8, Max: 23, Diff: 22, Sum: 118]
      [GC Worker Other (ms): Min: 0.0, Avg: 0.0, Max: 0.0, Diff: 0.0, Sum: 0.1]
      [GC Worker Total (ms): Min: 8.9, Avg: 14.0, Max: 14.8, Diff: 5.9, Sum: 111.6]
      [GC Worker End (ms): Min: 446661.8, Avg: 446661.8, Max: 446661.9, Diff: 0.1]
   [Code Root Fixup: 0.0 ms]
   [Code Root Purge: 0.0 ms]
   [Clear CT: 0.1 ms]
   [Other: 0.7 ms]
      [Choose CSet: 0.0 ms]
      [Ref Proc: 0.2 ms]
      [Ref Enq: 0.0 ms]
      [Redirty Cards: 0.1 ms]
      [Humongous Register: 0.1 ms]
      [Humongous Reclaim: 0.0 ms]
      [Free CSet: 0.0 ms]
   [Eden: 44.0M(44.0M)->0.0B(185.0M) Survivors: 7168.0K->5120.0K Heap: 213.6M(1024.0M)->170.0M(1024.0M)]
 [Times: user=0.06 sys=0.01, real=0.02 secs] 
2021-04-22T16:42:31.865+0800: 499.587: [GC pause (G1 Evacuation Pause) (young), 0.0146671 secs]
   [Parallel Time: 13.8 ms, GC Workers: 8]
      [GC Worker Start (ms): Min: 499587.2, Avg: 499591.1, Max: 499597.5, Diff: 10.3]
      [Ext Root Scanning (ms): Min: 0.0, Avg: 1.8, Max: 10.2, Diff: 10.2, Sum: 14.4]
      [Update RS (ms): Min: 0.0, Avg: 2.9, Max: 5.9, Diff: 5.9, Sum: 23.3]
         [Processed Buffers: Min: 0, Avg: 7.5, Max: 25, Diff: 25, Sum: 60]
      [Scan RS (ms): Min: 0.0, Avg: 1.5, Max: 3.4, Diff: 3.4, Sum: 12.3]
      [Code Root Scanning (ms): Min: 0.0, Avg: 0.0, Max: 0.0, Diff: 0.0, Sum: 0.0]
      [Object Copy (ms): Min: 3.3, Avg: 3.4, Max: 3.8, Diff: 0.5, Sum: 27.6]
      [Termination (ms): Min: 0.0, Avg: 0.0, Max: 0.1, Diff: 0.1, Sum: 0.3]
         [Termination Attempts: Min: 1, Avg: 8.8, Max: 17, Diff: 16, Sum: 70]
      [GC Worker Other (ms): Min: 0.0, Avg: 0.1, Max: 0.1, Diff: 0.1, Sum: 0.4]
      [GC Worker Total (ms): Min: 3.4, Avg: 9.8, Max: 13.7, Diff: 10.3, Sum: 78.3]
      [GC Worker End (ms): Min: 499600.9, Avg: 499600.9, Max: 499601.0, Diff: 0.1]
   [Code Root Fixup: 0.0 ms]
   [Code Root Purge: 0.0 ms]
   [Clear CT: 0.1 ms]
   [Other: 0.8 ms]
      [Choose CSet: 0.0 ms]
      [Ref Proc: 0.2 ms]
      [Ref Enq: 0.0 ms]
      [Redirty Cards: 0.0 ms]
      [Humongous Register: 0.1 ms]
      [Humongous Reclaim: 0.0 ms]
      [Free CSet: 0.0 ms]
   [Eden: 106.0M(106.0M)->0.0B(206.0M) Survivors: 5120.0K->5120.0K Heap: 276.0M(1024.0M)->169.9M(1024.0M)]
 [Times: user=0.06 sys=0.00, real=0.01 secs] 
2021-04-22T16:44:15.943+0800: 603.667: [GC pause (G1 Evacuation Pause) (young), 0.0210514 secs]
   [Parallel Time: 19.2 ms, GC Workers: 8]
      [GC Worker Start (ms): Min: 603667.5, Avg: 603667.7, Max: 603667.9, Diff: 0.4]
      [Ext Root Scanning (ms): Min: 0.8, Avg: 4.8, Max: 9.0, Diff: 8.1, Sum: 38.3]
      [Update RS (ms): Min: 0.0, Avg: 2.2, Max: 4.9, Diff: 4.9, Sum: 17.6]
         [Processed Buffers: Min: 0, Avg: 6.6, Max: 15, Diff: 15, Sum: 53]
      [Scan RS (ms): Min: 0.0, Avg: 0.9, Max: 2.1, Diff: 2.1, Sum: 7.4]
      [Code Root Scanning (ms): Min: 0.0, Avg: 0.9, Max: 6.7, Diff: 6.7, Sum: 7.2]
      [Object Copy (ms): Min: 6.0, Avg: 9.7, Max: 10.7, Diff: 4.7, Sum: 77.3]
      [Termination (ms): Min: 0.0, Avg: 0.0, Max: 0.0, Diff: 0.0, Sum: 0.2]
         [Termination Attempts: Min: 1, Avg: 43.0, Max: 67, Diff: 66, Sum: 344]
      [GC Worker Other (ms): Min: 0.0, Avg: 0.1, Max: 0.5, Diff: 0.4, Sum: 1.2]
      [GC Worker Total (ms): Min: 18.3, Avg: 18.7, Max: 19.0, Diff: 0.7, Sum: 149.2]
      [GC Worker End (ms): Min: 603686.2, Avg: 603686.3, Max: 603686.6, Diff: 0.4]
   [Code Root Fixup: 0.0 ms]
   [Code Root Purge: 0.0 ms]
   [Clear CT: 0.1 ms]
   [Other: 1.6 ms]
      [Choose CSet: 0.0 ms]
      [Ref Proc: 0.3 ms]
      [Ref Enq: 0.0 ms]
      [Redirty Cards: 0.1 ms]
      [Humongous Register: 0.2 ms]
      [Humongous Reclaim: 0.0 ms]
      [Free CSet: 0.3 ms]
   [Eden: 206.0M(206.0M)->0.0B(181.0M) Survivors: 5120.0K->11.0M Heap: 375.9M(1024.0M)->175.9M(1024.0M)]
 [Times: user=0.09 sys=0.01, real=0.02 secs] 
2021-04-22T16:44:35.669+0800: 623.394: [GC pause (G1 Evacuation Pause) (young), 0.0177789 secs]
   [Parallel Time: 16.5 ms, GC Workers: 8]
      [GC Worker Start (ms): Min: 623394.2, Avg: 623395.8, Max: 623404.8, Diff: 10.6]
      [Ext Root Scanning (ms): Min: 0.0, Avg: 3.9, Max: 10.0, Diff: 10.0, Sum: 31.4]
      [Update RS (ms): Min: 0.0, Avg: 1.8, Max: 4.1, Diff: 4.1, Sum: 14.1]
         [Processed Buffers: Min: 0, Avg: 5.4, Max: 16, Diff: 16, Sum: 43]
      [Scan RS (ms): Min: 0.0, Avg: 2.1, Max: 5.5, Diff: 5.4, Sum: 16.8]
      [Code Root Scanning (ms): Min: 0.0, Avg: 0.3, Max: 2.3, Diff: 2.3, Sum: 2.3]
      [Object Copy (ms): Min: 5.5, Avg: 6.8, Max: 8.1, Diff: 2.6, Sum: 54.3]
      [Termination (ms): Min: 0.0, Avg: 0.0, Max: 0.0, Diff: 0.0, Sum: 0.1]
         [Termination Attempts: Min: 1, Avg: 19.8, Max: 27, Diff: 26, Sum: 158]
      [GC Worker Other (ms): Min: 0.0, Avg: 0.0, Max: 0.1, Diff: 0.0, Sum: 0.3]
      [GC Worker Total (ms): Min: 5.8, Avg: 14.9, Max: 16.4, Diff: 10.6, Sum: 119.3]
      [GC Worker End (ms): Min: 623410.6, Avg: 623410.7, Max: 623410.7, Diff: 0.0]
   [Code Root Fixup: 0.0 ms]
   [Code Root Purge: 0.0 ms]
   [Clear CT: 0.1 ms]
   [Other: 1.2 ms]
      [Choose CSet: 0.0 ms]
      [Ref Proc: 0.2 ms]
      [Ref Enq: 0.0 ms]
      [Redirty Cards: 0.1 ms]
      [Humongous Register: 0.2 ms]
      [Humongous Reclaim: 0.0 ms]
      [Free CSet: 0.1 ms]
   [Eden: 40.0M(40.0M)->0.0B(196.0M) Survivors: 11.0M->6144.0K Heap: 215.9M(1024.0M)->173.9M(1024.0M)]
 [Times: user=0.08 sys=0.01, real=0.02 secs] 
2021-04-22T16:46:13.950+0800: 721.677: [GC pause (G1 Evacuation Pause) (young), 0.0183432 secs]
   [Parallel Time: 17.3 ms, GC Workers: 8]
      [GC Worker Start (ms): Min: 721677.0, Avg: 721677.1, Max: 721677.3, Diff: 0.3]
      [Ext Root Scanning (ms): Min: 0.4, Avg: 4.1, Max: 10.7, Diff: 10.3, Sum: 32.8]
      [Update RS (ms): Min: 0.0, Avg: 2.9, Max: 12.2, Diff: 12.2, Sum: 22.9]
         [Processed Buffers: Min: 0, Avg: 6.1, Max: 27, Diff: 27, Sum: 49]
      [Scan RS (ms): Min: 0.0, Avg: 1.2, Max: 2.5, Diff: 2.5, Sum: 9.7]
      [Code Root Scanning (ms): Min: 0.0, Avg: 1.3, Max: 10.4, Diff: 10.4, Sum: 10.4]
      [Object Copy (ms): Min: 0.4, Avg: 7.5, Max: 10.8, Diff: 10.5, Sum: 60.1]
      [Termination (ms): Min: 0.0, Avg: 0.1, Max: 0.1, Diff: 0.1, Sum: 0.5]
         [Termination Attempts: Min: 1, Avg: 82.8, Max: 115, Diff: 114, Sum: 662]
      [GC Worker Other (ms): Min: 0.0, Avg: 0.0, Max: 0.0, Diff: 0.0, Sum: 0.2]
      [GC Worker Total (ms): Min: 17.0, Avg: 17.1, Max: 17.2, Diff: 0.3, Sum: 136.7]
      [GC Worker End (ms): Min: 721694.2, Avg: 721694.2, Max: 721694.2, Diff: 0.0]
   [Code Root Fixup: 0.0 ms]
   [Code Root Purge: 0.0 ms]
   [Clear CT: 0.1 ms]
   [Other: 0.9 ms]
      [Choose CSet: 0.0 ms]
      [Ref Proc: 0.2 ms]
      [Ref Enq: 0.0 ms]
      [Redirty Cards: 0.1 ms]
      [Humongous Register: 0.2 ms]
      [Humongous Reclaim: 0.0 ms]
      [Free CSet: 0.1 ms]
   [Eden: 196.0M(196.0M)->0.0B(192.0M) Survivors: 6144.0K->8192.0K Heap: 369.9M(1024.0M)->176.3M(1024.0M)]
 [Times: user=0.07 sys=0.00, real=0.02 secs] 
2021-04-22T16:46:42.236+0800: 749.963: [GC pause (G1 Evacuation Pause) (young), 0.0175678 secs]
   [Parallel Time: 16.7 ms, GC Workers: 8]
      [GC Worker Start (ms): Min: 749963.7, Avg: 749967.2, Max: 749980.1, Diff: 16.5]
      [Ext Root Scanning (ms): Min: 0.0, Avg: 1.8, Max: 10.3, Diff: 10.3, Sum: 14.8]
      [Update RS (ms): Min: 0.0, Avg: 1.6, Max: 3.4, Diff: 3.4, Sum: 12.5]
         [Processed Buffers: Min: 0, Avg: 5.6, Max: 14, Diff: 14, Sum: 45]
      [Scan RS (ms): Min: 0.0, Avg: 1.6, Max: 3.3, Diff: 3.3, Sum: 13.1]
      [Code Root Scanning (ms): Min: 0.0, Avg: 0.0, Max: 0.0, Diff: 0.0, Sum: 0.0]
      [Object Copy (ms): Min: 0.0, Avg: 7.9, Max: 15.5, Diff: 15.5, Sum: 63.0]
      [Termination (ms): Min: 0.0, Avg: 0.1, Max: 0.1, Diff: 0.1, Sum: 0.7]
         [Termination Attempts: Min: 1, Avg: 19.4, Max: 36, Diff: 35, Sum: 155]
      [GC Worker Other (ms): Min: 0.0, Avg: 0.0, Max: 0.0, Diff: 0.0, Sum: 0.1]
      [GC Worker Total (ms): Min: 0.0, Avg: 13.0, Max: 16.5, Diff: 16.5, Sum: 104.2]
      [GC Worker End (ms): Min: 749980.2, Avg: 749980.2, Max: 749980.2, Diff: 0.0]
   [Code Root Fixup: 0.0 ms]
   [Code Root Purge: 0.0 ms]
   [Clear CT: 0.1 ms]
   [Other: 0.7 ms]
      [Choose CSet: 0.0 ms]
      [Ref Proc: 0.2 ms]
      [Ref Enq: 0.0 ms]
      [Redirty Cards: 0.1 ms]
      [Humongous Register: 0.1 ms]
      [Humongous Reclaim: 0.0 ms]
      [Free CSet: 0.0 ms]
   [Eden: 57.0M(57.0M)->0.0B(202.0M) Survivors: 8192.0K->7168.0K Heap: 233.3M(1024.0M)->178.1M(1024.0M)]
 [Times: user=0.08 sys=0.00, real=0.02 secs] 
2021-04-22T16:47:26.076+0800: 793.803: [GC pause (G1 Evacuation Pause) (young), 0.0155502 secs]
   [Parallel Time: 14.5 ms, GC Workers: 8]
      [GC Worker Start (ms): Min: 793803.6, Avg: 793803.7, Max: 793803.8, Diff: 0.2]
      [Ext Root Scanning (ms): Min: 0.5, Avg: 3.2, Max: 11.2, Diff: 10.7, Sum: 25.3]
      [Update RS (ms): Min: 0.0, Avg: 1.4, Max: 2.9, Diff: 2.9, Sum: 10.8]
         [Processed Buffers: Min: 0, Avg: 6.2, Max: 20, Diff: 20, Sum: 50]
      [Scan RS (ms): Min: 0.0, Avg: 2.1, Max: 4.2, Diff: 4.2, Sum: 16.5]
      [Code Root Scanning (ms): Min: 0.0, Avg: 0.0, Max: 0.0, Diff: 0.0, Sum: 0.0]
      [Object Copy (ms): Min: 3.0, Avg: 7.6, Max: 13.5, Diff: 10.5, Sum: 60.5]
      [Termination (ms): Min: 0.0, Avg: 0.1, Max: 0.1, Diff: 0.1, Sum: 0.6]
         [Termination Attempts: Min: 1, Avg: 1.2, Max: 2, Diff: 1, Sum: 10]
      [GC Worker Other (ms): Min: 0.0, Avg: 0.0, Max: 0.0, Diff: 0.0, Sum: 0.1]
      [GC Worker Total (ms): Min: 14.1, Avg: 14.2, Max: 14.3, Diff: 0.3, Sum: 113.7]
      [GC Worker End (ms): Min: 793817.9, Avg: 793817.9, Max: 793818.0, Diff: 0.1]
   [Code Root Fixup: 0.0 ms]
   [Code Root Purge: 0.0 ms]
   [Clear CT: 0.2 ms]
   [Other: 0.9 ms]
      [Choose CSet: 0.0 ms]
      [Ref Proc: 0.3 ms]
      [Ref Enq: 0.0 ms]
      [Redirty Cards: 0.1 ms]
      [Humongous Register: 0.1 ms]
      [Humongous Reclaim: 0.0 ms]
      [Free CSet: 0.1 ms]
   [Eden: 88.0M(88.0M)->0.0B(230.0M) Survivors: 7168.0K->8192.0K Heap: 266.1M(1024.0M)->179.1M(1024.0M)]
 [Times: user=0.06 sys=0.00, real=0.02 secs] 
2021-04-22T16:49:21.169+0800: 908.899: [GC pause (G1 Evacuation Pause) (young), 0.0238517 secs]
   [Parallel Time: 22.4 ms, GC Workers: 8]
      [GC Worker Start (ms): Min: 908899.9, Avg: 908903.6, Max: 908914.5, Diff: 14.6]
      [Ext Root Scanning (ms): Min: 0.0, Avg: 4.0, Max: 15.1, Diff: 15.1, Sum: 32.0]
      [Update RS (ms): Min: 0.0, Avg: 2.2, Max: 4.7, Diff: 4.7, Sum: 18.0]
         [Processed Buffers: Min: 0, Avg: 6.1, Max: 26, Diff: 26, Sum: 49]
      [Scan RS (ms): Min: 0.0, Avg: 1.1, Max: 2.2, Diff: 2.2, Sum: 8.7]
      [Code Root Scanning (ms): Min: 0.0, Avg: 0.0, Max: 0.0, Diff: 0.0, Sum: 0.0]
      [Object Copy (ms): Min: 7.1, Avg: 11.2, Max: 13.7, Diff: 6.6, Sum: 89.4]
      [Termination (ms): Min: 0.0, Avg: 0.1, Max: 0.1, Diff: 0.1, Sum: 0.4]
         [Termination Attempts: Min: 1, Avg: 36.9, Max: 64, Diff: 63, Sum: 295]
      [GC Worker Other (ms): Min: 0.0, Avg: 0.1, Max: 0.1, Diff: 0.1, Sum: 0.4]
      [GC Worker Total (ms): Min: 7.7, Avg: 18.6, Max: 22.3, Diff: 14.6, Sum: 148.9]
      [GC Worker End (ms): Min: 908922.2, Avg: 908922.2, Max: 908922.3, Diff: 0.1]
   [Code Root Fixup: 0.0 ms]
   [Code Root Purge: 0.0 ms]
   [Clear CT: 0.2 ms]
   [Other: 1.2 ms]
      [Choose CSet: 0.0 ms]
      [Ref Proc: 0.3 ms]
      [Ref Enq: 0.0 ms]
      [Redirty Cards: 0.1 ms]
      [Humongous Register: 0.2 ms]
      [Humongous Reclaim: 0.0 ms]
      [Free CSet: 0.2 ms]
   [Eden: 230.0M(230.0M)->0.0B(155.0M) Survivors: 8192.0K->11.0M Heap: 409.1M(1024.0M)->181.6M(1024.0M)]
 [Times: user=0.10 sys=0.01, real=0.03 secs] 
2021-04-22T16:49:40.907+0800: 928.637: [GC pause (G1 Evacuation Pause) (young), 0.0201049 secs]
   [Parallel Time: 19.4 ms, GC Workers: 8]
      [GC Worker Start (ms): Min: 928637.4, Avg: 928637.5, Max: 928637.7, Diff: 0.3]
      [Ext Root Scanning (ms): Min: 0.5, Avg: 5.4, Max: 10.3, Diff: 9.8, Sum: 43.4]
      [Update RS (ms): Min: 0.0, Avg: 0.9, Max: 1.9, Diff: 1.9, Sum: 7.2]
         [Processed Buffers: Min: 0, Avg: 6.0, Max: 16, Diff: 16, Sum: 48]
      [Scan RS (ms): Min: 0.0, Avg: 1.1, Max: 2.2, Diff: 2.2, Sum: 8.5]
      [Code Root Scanning (ms): Min: 0.0, Avg: 0.0, Max: 0.0, Diff: 0.0, Sum: 0.0]
      [Object Copy (ms): Min: 8.8, Avg: 11.7, Max: 14.7, Diff: 5.9, Sum: 93.9]
      [Termination (ms): Min: 0.0, Avg: 0.0, Max: 0.1, Diff: 0.1, Sum: 0.3]
         [Termination Attempts: Min: 1, Avg: 2.5, Max: 6, Diff: 5, Sum: 20]
      [GC Worker Other (ms): Min: 0.0, Avg: 0.0, Max: 0.0, Diff: 0.0, Sum: 0.1]
      [GC Worker Total (ms): Min: 19.0, Avg: 19.2, Max: 19.3, Diff: 0.3, Sum: 153.5]
      [GC Worker End (ms): Min: 928656.7, Avg: 928656.7, Max: 928656.7, Diff: 0.0]
   [Code Root Fixup: 0.0 ms]
   [Code Root Purge: 0.0 ms]
   [Clear CT: 0.1 ms]
   [Other: 0.7 ms]
      [Choose CSet: 0.0 ms]
      [Ref Proc: 0.2 ms]
      [Ref Enq: 0.0 ms]
      [Redirty Cards: 0.1 ms]
      [Humongous Register: 0.1 ms]
      [Humongous Reclaim: 0.0 ms]
      [Free CSet: 0.1 ms]
   [Eden: 40.0M(40.0M)->0.0B(176.0M) Survivors: 11.0M->5120.0K Heap: 221.6M(1024.0M)->180.7M(1024.0M)]
 [Times: user=0.06 sys=0.00, real=0.02 secs] 
2021-04-22T16:51:09.287+0800: 1017.019: [GC pause (G1 Evacuation Pause) (young), 0.0180507 secs]
   [Parallel Time: 17.2 ms, GC Workers: 8]
      [GC Worker Start (ms): Min: 1017019.3, Avg: 1017021.5, Max: 1017030.0, Diff: 10.7]
      [Ext Root Scanning (ms): Min: 0.0, Avg: 2.3, Max: 13.1, Diff: 13.1, Sum: 18.4]
      [Update RS (ms): Min: 0.0, Avg: 3.7, Max: 9.3, Diff: 9.3, Sum: 29.7]
         [Processed Buffers: Min: 0, Avg: 6.9, Max: 26, Diff: 26, Sum: 55]
      [Scan RS (ms): Min: 0.0, Avg: 1.8, Max: 3.7, Diff: 3.7, Sum: 14.5]
      [Code Root Scanning (ms): Min: 0.0, Avg: 1.3, Max: 10.5, Diff: 10.5, Sum: 10.5]
      [Object Copy (ms): Min: 0.4, Avg: 5.7, Max: 7.3, Diff: 6.9, Sum: 45.5]
      [Termination (ms): Min: 0.0, Avg: 0.0, Max: 0.0, Diff: 0.0, Sum: 0.1]
         [Termination Attempts: Min: 1, Avg: 27.8, Max: 45, Diff: 44, Sum: 222]
      [GC Worker Other (ms): Min: 0.0, Avg: 0.0, Max: 0.0, Diff: 0.0, Sum: 0.3]
      [GC Worker Total (ms): Min: 6.4, Avg: 14.9, Max: 17.1, Diff: 10.7, Sum: 118.8]
      [GC Worker End (ms): Min: 1017036.3, Avg: 1017036.3, Max: 1017036.4, Diff: 0.0]
   [Code Root Fixup: 0.0 ms]
   [Code Root Purge: 0.0 ms]
   [Clear CT: 0.1 ms]
   [Other: 0.8 ms]
      [Choose CSet: 0.0 ms]
      [Ref Proc: 0.2 ms]
      [Ref Enq: 0.0 ms]
      [Redirty Cards: 0.0 ms]
      [Humongous Register: 0.1 ms]
      [Humongous Reclaim: 0.0 ms]
      [Free CSet: 0.1 ms]
   [Eden: 176.0M(176.0M)->0.0B(118.0M) Survivors: 5120.0K->9216.0K Heap: 356.7M(1024.0M)->184.7M(1024.0M)]
 [Times: user=0.07 sys=0.00, real=0.02 secs] 
2021-04-22T16:52:08.179+0800: 1075.912: [GC pause (G1 Evacuation Pause) (young), 0.0201053 secs]
   [Parallel Time: 19.1 ms, GC Workers: 8]
      [GC Worker Start (ms): Min: 1075912.7, Avg: 1075914.3, Max: 1075924.5, Diff: 11.8]
      [Ext Root Scanning (ms): Min: 0.0, Avg: 4.6, Max: 16.5, Diff: 16.5, Sum: 36.9]
      [Update RS (ms): Min: 0.0, Avg: 1.0, Max: 2.1, Diff: 2.1, Sum: 7.9]
         [Processed Buffers: Min: 0, Avg: 5.5, Max: 24, Diff: 24, Sum: 44]
      [Scan RS (ms): Min: 0.0, Avg: 0.8, Max: 1.6, Diff: 1.5, Sum: 6.1]
      [Code Root Scanning (ms): Min: 0.0, Avg: 1.8, Max: 14.3, Diff: 14.3, Sum: 14.3]
      [Object Copy (ms): Min: 0.1, Avg: 9.1, Max: 14.3, Diff: 14.1, Sum: 72.6]
      [Termination (ms): Min: 0.0, Avg: 0.2, Max: 0.2, Diff: 0.2, Sum: 1.6]
         [Termination Attempts: Min: 1, Avg: 17.4, Max: 31, Diff: 30, Sum: 139]
      [GC Worker Other (ms): Min: 0.0, Avg: 0.0, Max: 0.0, Diff: 0.0, Sum: 0.1]
      [GC Worker Total (ms): Min: 7.2, Avg: 17.4, Max: 19.1, Diff: 11.9, Sum: 139.6]
      [GC Worker End (ms): Min: 1075931.7, Avg: 1075931.7, Max: 1075931.8, Diff: 0.0]
   [Code Root Fixup: 0.1 ms]
   [Code Root Purge: 0.0 ms]
   [Clear CT: 0.1 ms]
   [Other: 0.7 ms]
      [Choose CSet: 0.0 ms]
      [Ref Proc: 0.2 ms]
      [Ref Enq: 0.0 ms]
      [Redirty Cards: 0.1 ms]
      [Humongous Register: 0.1 ms]
      [Humongous Reclaim: 0.0 ms]
      [Free CSet: 0.1 ms]
   [Eden: 118.0M(118.0M)->0.0B(105.0M) Survivors: 9216.0K->10.0M Heap: 302.7M(1024.0M)->185.7M(1024.0M)]
 [Times: user=0.08 sys=0.00, real=0.03 secs] 
2021-04-22T16:53:00.992+0800: 1128.726: [GC pause (G1 Evacuation Pause) (young), 0.0217224 secs]
   [Parallel Time: 20.3 ms, GC Workers: 8]
      [GC Worker Start (ms): Min: 1128727.1, Avg: 1128727.2, Max: 1128727.6, Diff: 0.6]
      [Ext Root Scanning (ms): Min: 1.1, Avg: 5.1, Max: 16.6, Diff: 15.5, Sum: 40.5]
      [Update RS (ms): Min: 0.0, Avg: 1.5, Max: 3.9, Diff: 3.9, Sum: 11.8]
         [Processed Buffers: Min: 0, Avg: 5.6, Max: 15, Diff: 15, Sum: 45]
      [Scan RS (ms): Min: 0.0, Avg: 1.4, Max: 4.1, Diff: 4.0, Sum: 11.0]
      [Code Root Scanning (ms): Min: 0.0, Avg: 1.3, Max: 10.0, Diff: 10.0, Sum: 10.0]
      [Object Copy (ms): Min: 3.3, Avg: 10.8, Max: 14.7, Diff: 11.4, Sum: 86.1]
      [Termination (ms): Min: 0.0, Avg: 0.0, Max: 0.0, Diff: 0.0, Sum: 0.1]
         [Termination Attempts: Min: 1, Avg: 1.9, Max: 3, Diff: 2, Sum: 15]
      [GC Worker Other (ms): Min: 0.0, Avg: 0.1, Max: 0.1, Diff: 0.1, Sum: 0.5]
      [GC Worker Total (ms): Min: 19.6, Avg: 20.0, Max: 20.2, Diff: 0.6, Sum: 160.0]
      [GC Worker End (ms): Min: 1128747.2, Avg: 1128747.2, Max: 1128747.3, Diff: 0.1]
   [Code Root Fixup: 0.0 ms]
   [Code Root Purge: 0.0 ms]
   [Clear CT: 0.1 ms]
   [Other: 1.3 ms]
      [Choose CSet: 0.0 ms]
      [Ref Proc: 0.2 ms]
      [Ref Enq: 0.0 ms]
      [Redirty Cards: 0.1 ms]
      [Humongous Register: 0.4 ms]
      [Humongous Reclaim: 0.0 ms]
      [Free CSet: 0.1 ms]
   [Eden: 105.0M(105.0M)->0.0B(83.0M) Survivors: 10.0M->10.0M Heap: 290.7M(1024.0M)->188.0M(1024.0M)]
 [Times: user=0.08 sys=0.01, real=0.02 secs] 
2021-04-22T16:53:42.679+0800: 1170.413: [GC pause (G1 Evacuation Pause) (young), 0.0230361 secs]
   [Parallel Time: 21.9 ms, GC Workers: 8]
      [GC Worker Start (ms): Min: 1170413.6, Avg: 1170414.7, Max: 1170420.4, Diff: 6.7]
      [Ext Root Scanning (ms): Min: 0.0, Avg: 2.4, Max: 6.6, Diff: 6.6, Sum: 19.4]
      [Update RS (ms): Min: 0.0, Avg: 3.9, Max: 18.9, Diff: 18.9, Sum: 31.0]
         [Processed Buffers: Min: 0, Avg: 6.1, Max: 25, Diff: 25, Sum: 49]
      [Scan RS (ms): Min: 0.0, Avg: 1.0, Max: 2.0, Diff: 2.0, Sum: 7.9]
      [Code Root Scanning (ms): Min: 0.0, Avg: 1.9, Max: 15.1, Diff: 15.1, Sum: 15.1]
      [Object Copy (ms): Min: 0.0, Avg: 11.2, Max: 14.8, Diff: 14.7, Sum: 89.3]
      [Termination (ms): Min: 0.0, Avg: 0.4, Max: 0.5, Diff: 0.5, Sum: 3.0]
         [Termination Attempts: Min: 1, Avg: 2.8, Max: 5, Diff: 4, Sum: 22]
      [GC Worker Other (ms): Min: 0.0, Avg: 0.0, Max: 0.0, Diff: 0.0, Sum: 0.1]
      [GC Worker Total (ms): Min: 15.0, Avg: 20.7, Max: 21.7, Diff: 6.7, Sum: 165.8]
      [GC Worker End (ms): Min: 1170435.4, Avg: 1170435.4, Max: 1170435.4, Diff: 0.0]
   [Code Root Fixup: 0.0 ms]
   [Code Root Purge: 0.0 ms]
   [Clear CT: 0.1 ms]
   [Other: 1.0 ms]
      [Choose CSet: 0.0 ms]
      [Ref Proc: 0.3 ms]
      [Ref Enq: 0.0 ms]
      [Redirty Cards: 0.1 ms]
      [Humongous Register: 0.1 ms]
      [Humongous Reclaim: 0.0 ms]
      [Free CSet: 0.1 ms]
   [Eden: 83.0M(83.0M)->0.0B(71.0M) Survivors: 10.0M->9216.0K Heap: 271.0M(1024.0M)->189.8M(1024.0M)]
 [Times: user=0.08 sys=0.01, real=0.03 secs] 
2021-04-22T16:54:18.354+0800: 1206.161: [GC pause (G1 Evacuation Pause) (young), 0.0203285 secs]
   [Parallel Time: 18.6 ms, GC Workers: 8]
      [GC Worker Start (ms): Min: 1206161.4, Avg: 1206162.4, Max: 1206169.0, Diff: 7.6]
      [Ext Root Scanning (ms): Min: 0.0, Avg: 2.7, Max: 7.5, Diff: 7.5, Sum: 21.2]
      [Update RS (ms): Min: 0.0, Avg: 2.5, Max: 6.0, Diff: 6.0, Sum: 20.0]
         [Processed Buffers: Min: 0, Avg: 5.6, Max: 18, Diff: 18, Sum: 45]
      [Scan RS (ms): Min: 0.0, Avg: 1.2, Max: 2.6, Diff: 2.6, Sum: 9.3]
      [Code Root Scanning (ms): Min: 0.0, Avg: 0.3, Max: 1.0, Diff: 1.0, Sum: 2.1]
      [Object Copy (ms): Min: 10.3, Avg: 10.7, Max: 11.1, Diff: 0.8, Sum: 85.8]
      [Termination (ms): Min: 0.0, Avg: 0.0, Max: 0.0, Diff: 0.0, Sum: 0.0]
         [Termination Attempts: Min: 1, Avg: 5.1, Max: 10, Diff: 9, Sum: 41]
      [GC Worker Other (ms): Min: 0.0, Avg: 0.1, Max: 0.1, Diff: 0.1, Sum: 0.5]
      [GC Worker Total (ms): Min: 10.9, Avg: 17.4, Max: 18.5, Diff: 7.6, Sum: 139.0]
      [GC Worker End (ms): Min: 1206179.8, Avg: 1206179.8, Max: 1206179.8, Diff: 0.1]
   [Code Root Fixup: 0.0 ms]
   [Code Root Purge: 0.0 ms]
   [Clear CT: 0.2 ms]
   [Other: 1.5 ms]
      [Choose CSet: 0.0 ms]
      [Ref Proc: 0.4 ms]
      [Ref Enq: 0.0 ms]
      [Redirty Cards: 0.2 ms]
      [Humongous Register: 0.2 ms]
      [Humongous Reclaim: 0.0 ms]
      [Free CSet: 0.1 ms]
   [Eden: 71.0M(71.0M)->0.0B(91.0M) Survivors: 9216.0K->9216.0K Heap: 260.8M(1024.0M)->191.8M(1024.0M)]
 [Times: user=0.09 sys=0.01, real=0.02 secs] 
2021-04-22T16:54:39.458+0800: 1227.266: [GC pause (G1 Evacuation Pause) (young), 0.0143682 secs]
   [Parallel Time: 13.5 ms, GC Workers: 8]
      [GC Worker Start (ms): Min: 1227266.4, Avg: 1227266.8, Max: 1227267.2, Diff: 0.8]
      [Ext Root Scanning (ms): Min: 1.6, Avg: 4.1, Max: 9.7, Diff: 8.1, Sum: 32.9]
      [Update RS (ms): Min: 0.0, Avg: 3.3, Max: 7.9, Diff: 7.9, Sum: 26.6]
         [Processed Buffers: Min: 0, Avg: 5.5, Max: 21, Diff: 21, Sum: 44]
      [Scan RS (ms): Min: 0.0, Avg: 1.4, Max: 3.1, Diff: 3.1, Sum: 11.5]
      [Code Root Scanning (ms): Min: 0.0, Avg: 0.0, Max: 0.0, Diff: 0.0, Sum: 0.0]
      [Object Copy (ms): Min: 3.5, Avg: 4.1, Max: 4.7, Diff: 1.2, Sum: 32.8]
      [Termination (ms): Min: 0.0, Avg: 0.0, Max: 0.0, Diff: 0.0, Sum: 0.2]
         [Termination Attempts: Min: 1, Avg: 20.0, Max: 38, Diff: 37, Sum: 160]
      [GC Worker Other (ms): Min: 0.0, Avg: 0.0, Max: 0.1, Diff: 0.0, Sum: 0.3]
      [GC Worker Total (ms): Min: 12.6, Avg: 13.0, Max: 13.4, Diff: 0.8, Sum: 104.3]
      [GC Worker End (ms): Min: 1227279.8, Avg: 1227279.8, Max: 1227279.8, Diff: 0.0]
   [Code Root Fixup: 0.0 ms]
   [Code Root Purge: 0.0 ms]
   [Clear CT: 0.1 ms]
   [Other: 0.8 ms]
      [Choose CSet: 0.0 ms]
      [Ref Proc: 0.2 ms]
      [Ref Enq: 0.0 ms]
      [Redirty Cards: 0.1 ms]
      [Humongous Register: 0.1 ms]
      [Humongous Reclaim: 0.0 ms]
      [Free CSet: 0.0 ms]
   [Eden: 42.0M(42.0M)->0.0B(198.0M) Survivors: 9216.0K->6144.0K Heap: 233.8M(1024.0M)->193.4M(1024.0M)]
 [Times: user=0.05 sys=0.00, real=0.02 secs] 
2021-04-22T16:56:18.800+0800: 1326.613: [GC pause (G1 Evacuation Pause) (young), 0.0143571 secs]
   [Parallel Time: 13.6 ms, GC Workers: 8]
      [GC Worker Start (ms): Min: 1326613.1, Avg: 1326613.2, Max: 1326613.4, Diff: 0.3]
      [Ext Root Scanning (ms): Min: 0.4, Avg: 2.2, Max: 10.9, Diff: 10.5, Sum: 17.6]
      [Update RS (ms): Min: 0.0, Avg: 3.9, Max: 9.5, Diff: 9.5, Sum: 30.9]
         [Processed Buffers: Min: 0, Avg: 5.2, Max: 14, Diff: 14, Sum: 42]
      [Scan RS (ms): Min: 0.0, Avg: 1.1, Max: 2.1, Diff: 2.1, Sum: 8.5]
      [Code Root Scanning (ms): Min: 0.0, Avg: 0.0, Max: 0.0, Diff: 0.0, Sum: 0.0]
      [Object Copy (ms): Min: 2.3, Avg: 6.2, Max: 8.4, Diff: 6.0, Sum: 49.8]
      [Termination (ms): Min: 0.0, Avg: 0.0, Max: 0.1, Diff: 0.1, Sum: 0.4]
         [Termination Attempts: Min: 1, Avg: 12.8, Max: 16, Diff: 15, Sum: 102]
      [GC Worker Other (ms): Min: 0.0, Avg: 0.0, Max: 0.0, Diff: 0.0, Sum: 0.1]
      [GC Worker Total (ms): Min: 13.2, Avg: 13.4, Max: 13.5, Diff: 0.3, Sum: 107.4]
      [GC Worker End (ms): Min: 1326626.6, Avg: 1326626.6, Max: 1326626.7, Diff: 0.0]
   [Code Root Fixup: 0.0 ms]
   [Code Root Purge: 0.0 ms]
   [Clear CT: 0.1 ms]
   [Other: 0.7 ms]
      [Choose CSet: 0.0 ms]
      [Ref Proc: 0.2 ms]
      [Ref Enq: 0.0 ms]
      [Redirty Cards: 0.1 ms]
      [Humongous Register: 0.1 ms]
      [Humongous Reclaim: 0.0 ms]
      [Free CSet: 0.1 ms]
   [Eden: 198.0M(198.0M)->0.0B(218.0M) Survivors: 6144.0K->8192.0K Heap: 391.4M(1024.0M)->194.9M(1024.0M)]
 [Times: user=0.05 sys=0.00, real=0.01 secs] 
2021-04-22T16:56:54.881+0800: 1362.696: [GC pause (G1 Evacuation Pause) (young), 0.0173103 secs]
   [Parallel Time: 16.3 ms, GC Workers: 8]
      [GC Worker Start (ms): Min: 1362695.7, Avg: 1362695.9, Max: 1362696.2, Diff: 0.5]
      [Ext Root Scanning (ms): Min: 0.4, Avg: 6.5, Max: 16.0, Diff: 15.7, Sum: 52.0]
      [Update RS (ms): Min: 0.0, Avg: 0.9, Max: 1.9, Diff: 1.9, Sum: 7.1]
         [Processed Buffers: Min: 0, Avg: 5.1, Max: 20, Diff: 20, Sum: 41]
      [Scan RS (ms): Min: 0.0, Avg: 1.6, Max: 3.3, Diff: 3.3, Sum: 12.4]
      [Code Root Scanning (ms): Min: 0.0, Avg: 0.0, Max: 0.0, Diff: 0.0, Sum: 0.0]
      [Object Copy (ms): Min: 0.0, Avg: 6.8, Max: 10.1, Diff: 10.1, Sum: 54.1]
      [Termination (ms): Min: 0.0, Avg: 0.2, Max: 0.3, Diff: 0.3, Sum: 1.8]
         [Termination Attempts: Min: 1, Avg: 18.2, Max: 29, Diff: 28, Sum: 146]
      [GC Worker Other (ms): Min: 0.0, Avg: 0.0, Max: 0.0, Diff: 0.0, Sum: 0.2]
      [GC Worker Total (ms): Min: 15.7, Avg: 16.0, Max: 16.2, Diff: 0.5, Sum: 127.7]
      [GC Worker End (ms): Min: 1362711.8, Avg: 1362711.8, Max: 1362711.9, Diff: 0.1]
   [Code Root Fixup: 0.0 ms]
   [Code Root Purge: 0.0 ms]
   [Clear CT: 0.1 ms]
   [Other: 0.9 ms]
      [Choose CSet: 0.0 ms]
      [Ref Proc: 0.3 ms]
      [Ref Enq: 0.0 ms]
      [Redirty Cards: 0.1 ms]
      [Humongous Register: 0.1 ms]
      [Humongous Reclaim: 0.0 ms]
      [Free CSet: 0.1 ms]
   [Eden: 73.0M(73.0M)->0.0B(153.0M) Survivors: 8192.0K->9216.0K Heap: 267.9M(1024.0M)->195.9M(1024.0M)]
 [Times: user=0.07 sys=0.00, real=0.01 secs] 
2021-04-22T16:58:11.508+0800: 1439.326: [GC pause (G1 Evacuation Pause) (young), 0.0185667 secs]
   [Parallel Time: 17.4 ms, GC Workers: 8]
      [GC Worker Start (ms): Min: 1439326.2, Avg: 1439326.4, Max: 1439326.6, Diff: 0.4]
      [Ext Root Scanning (ms): Min: 0.3, Avg: 6.7, Max: 16.4, Diff: 16.1, Sum: 53.5]
      [Update RS (ms): Min: 0.0, Avg: 0.9, Max: 2.0, Diff: 2.0, Sum: 6.8]
         [Processed Buffers: Min: 0, Avg: 5.2, Max: 23, Diff: 23, Sum: 42]
      [Scan RS (ms): Min: 0.0, Avg: 0.7, Max: 1.7, Diff: 1.7, Sum: 6.0]
      [Code Root Scanning (ms): Min: 0.0, Avg: 0.0, Max: 0.0, Diff: 0.0, Sum: 0.0]
      [Object Copy (ms): Min: 0.3, Avg: 8.6, Max: 13.2, Diff: 12.9, Sum: 68.5]
      [Termination (ms): Min: 0.0, Avg: 0.1, Max: 0.3, Diff: 0.3, Sum: 1.0]
         [Termination Attempts: Min: 1, Avg: 20.1, Max: 37, Diff: 36, Sum: 161]
      [GC Worker Other (ms): Min: 0.0, Avg: 0.0, Max: 0.0, Diff: 0.0, Sum: 0.1]
      [GC Worker Total (ms): Min: 16.7, Avg: 17.0, Max: 17.3, Diff: 0.6, Sum: 135.9]
      [GC Worker End (ms): Min: 1439343.3, Avg: 1439343.4, Max: 1439343.5, Diff: 0.2]
   [Code Root Fixup: 0.0 ms]
   [Code Root Purge: 0.0 ms]
   [Clear CT: 0.1 ms]
   [Other: 1.1 ms]
      [Choose CSet: 0.0 ms]
      [Ref Proc: 0.6 ms]
      [Ref Enq: 0.0 ms]
      [Redirty Cards: 0.1 ms]
      [Humongous Register: 0.1 ms]
      [Humongous Reclaim: 0.0 ms]
      [Free CSet: 0.1 ms]
   [Eden: 153.0M(153.0M)->0.0B(161.0M) Survivors: 9216.0K->11.0M Heap: 348.9M(1024.0M)->197.9M(1024.0M)]
 [Times: user=0.07 sys=0.00, real=0.02 secs] 
2021-04-22T16:59:32.798+0800: 1520.620: [GC pause (G1 Evacuation Pause) (young), 0.0248193 secs]
   [Parallel Time: 23.7 ms, GC Workers: 8]
      [GC Worker Start (ms): Min: 1520620.6, Avg: 1520620.8, Max: 1520621.0, Diff: 0.4]
      [Ext Root Scanning (ms): Min: 0.5, Avg: 6.2, Max: 12.4, Diff: 11.9, Sum: 49.5]
      [Update RS (ms): Min: 0.0, Avg: 1.3, Max: 3.1, Diff: 3.1, Sum: 10.6]
         [Processed Buffers: Min: 0, Avg: 5.8, Max: 22, Diff: 22, Sum: 46]
      [Scan RS (ms): Min: 0.0, Avg: 0.9, Max: 2.1, Diff: 2.1, Sum: 7.4]
      [Code Root Scanning (ms): Min: 0.0, Avg: 0.0, Max: 0.0, Diff: 0.0, Sum: 0.0]
      [Object Copy (ms): Min: 7.5, Avg: 11.6, Max: 14.7, Diff: 7.1, Sum: 93.0]
      [Termination (ms): Min: 0.0, Avg: 0.0, Max: 0.1, Diff: 0.1, Sum: 0.3]
         [Termination Attempts: Min: 1, Avg: 1.4, Max: 3, Diff: 2, Sum: 11]
      [GC Worker Other (ms): Min: 0.0, Avg: 0.5, Max: 3.3, Diff: 3.3, Sum: 4.0]
      [GC Worker Total (ms): Min: 20.0, Avg: 20.6, Max: 23.5, Diff: 3.5, Sum: 164.7]
      [GC Worker End (ms): Min: 1520640.9, Avg: 1520641.4, Max: 1520644.2, Diff: 3.3]
   [Code Root Fixup: 0.0 ms]
   [Code Root Purge: 0.0 ms]
   [Clear CT: 0.1 ms]
   [Other: 1.0 ms]
      [Choose CSet: 0.0 ms]
      [Ref Proc: 0.3 ms]
      [Ref Enq: 0.0 ms]
      [Redirty Cards: 0.1 ms]
      [Humongous Register: 0.2 ms]
      [Humongous Reclaim: 0.0 ms]
      [Free CSet: 0.1 ms]
   [Eden: 161.0M(161.0M)->0.0B(57.0M) Survivors: 11.0M->13.0M Heap: 358.9M(1024.0M)->200.4M(1024.0M)]
 [Times: user=0.09 sys=0.00, real=0.03 secs] 
2021-04-22T16:59:51.657+0800: 1539.480: [GC pause (G1 Evacuation Pause) (young), 0.0234662 secs]
   [Parallel Time: 22.0 ms, GC Workers: 8]
      [GC Worker Start (ms): Min: 1539480.5, Avg: 1539480.7, Max: 1539481.0, Diff: 0.6]
      [Ext Root Scanning (ms): Min: 0.9, Avg: 4.2, Max: 8.8, Diff: 8.0, Sum: 33.7]
      [Update RS (ms): Min: 0.0, Avg: 1.8, Max: 3.9, Diff: 3.9, Sum: 14.5]
         [Processed Buffers: Min: 0, Avg: 6.1, Max: 20, Diff: 20, Sum: 49]
      [Scan RS (ms): Min: 0.0, Avg: 1.3, Max: 2.7, Diff: 2.7, Sum: 10.2]
      [Code Root Scanning (ms): Min: 0.0, Avg: 0.0, Max: 0.0, Diff: 0.0, Sum: 0.0]
      [Object Copy (ms): Min: 12.8, Avg: 14.4, Max: 20.5, Diff: 7.6, Sum: 115.0]
      [Termination (ms): Min: 0.0, Avg: 0.0, Max: 0.0, Diff: 0.0, Sum: 0.0]
         [Termination Attempts: Min: 1, Avg: 3.6, Max: 6, Diff: 5, Sum: 29]
      [GC Worker Other (ms): Min: 0.0, Avg: 0.0, Max: 0.1, Diff: 0.0, Sum: 0.3]
      [GC Worker Total (ms): Min: 21.3, Avg: 21.7, Max: 21.9, Diff: 0.6, Sum: 173.7]
      [GC Worker End (ms): Min: 1539502.4, Avg: 1539502.4, Max: 1539502.4, Diff: 0.0]
   [Code Root Fixup: 0.0 ms]
   [Code Root Purge: 0.0 ms]
   [Clear CT: 0.1 ms]
   [Other: 1.3 ms]
      [Choose CSet: 0.0 ms]
      [Ref Proc: 0.2 ms]
      [Ref Enq: 0.0 ms]
      [Redirty Cards: 0.1 ms]
      [Humongous Register: 0.3 ms]
      [Humongous Reclaim: 0.0 ms]
      [Free CSet: 0.1 ms]
   [Eden: 38.0M(38.0M)->0.0B(120.0M) Survivors: 13.0M->6144.0K Heap: 238.4M(1024.0M)->200.9M(1024.0M)]
 [Times: user=0.11 sys=0.01, real=0.03 secs] 
2021-04-22T17:00:52.496+0800: 1600.322: [GC pause (G1 Evacuation Pause) (young), 0.0195780 secs]
   [Parallel Time: 17.9 ms, GC Workers: 8]
      [GC Worker Start (ms): Min: 1600322.5, Avg: 1600326.3, Max: 1600336.0, Diff: 13.4]
      [Ext Root Scanning (ms): Min: 0.0, Avg: 0.7, Max: 2.2, Diff: 2.2, Sum: 5.4]
      [Update RS (ms): Min: 0.0, Avg: 3.8, Max: 16.3, Diff: 16.3, Sum: 30.6]
         [Processed Buffers: Min: 0, Avg: 7.2, Max: 23, Diff: 23, Sum: 58]
      [Scan RS (ms): Min: 0.0, Avg: 1.2, Max: 2.6, Diff: 2.6, Sum: 9.8]
      [Code Root Scanning (ms): Min: 0.0, Avg: 1.4, Max: 11.5, Diff: 11.5, Sum: 11.5]
      [Object Copy (ms): Min: 0.0, Avg: 6.6, Max: 10.5, Diff: 10.5, Sum: 52.5]
      [Termination (ms): Min: 0.0, Avg: 0.3, Max: 0.3, Diff: 0.3, Sum: 2.1]
         [Termination Attempts: Min: 1, Avg: 31.4, Max: 49, Diff: 48, Sum: 251]
      [GC Worker Other (ms): Min: 0.0, Avg: 0.0, Max: 0.1, Diff: 0.1, Sum: 0.3]
      [GC Worker Total (ms): Min: 4.4, Avg: 14.0, Max: 17.8, Diff: 13.4, Sum: 112.3]
      [GC Worker End (ms): Min: 1600340.3, Avg: 1600340.3, Max: 1600340.4, Diff: 0.1]
   [Code Root Fixup: 0.0 ms]
   [Code Root Purge: 0.0 ms]
   [Clear CT: 0.1 ms]
   [Other: 1.5 ms]
      [Choose CSet: 0.0 ms]
      [Ref Proc: 0.2 ms]
      [Ref Enq: 0.0 ms]
      [Redirty Cards: 0.1 ms]
      [Humongous Register: 0.6 ms]
      [Humongous Reclaim: 0.0 ms]
      [Free CSet: 0.1 ms]
   [Eden: 120.0M(120.0M)->0.0B(68.0M) Survivors: 6144.0K->9216.0K Heap: 320.9M(1024.0M)->203.3M(1024.0M)]
 [Times: user=0.06 sys=0.00, real=0.02 secs] 
2021-04-22T17:01:26.888+0800: 1634.715: [GC pause (G1 Evacuation Pause) (young), 0.0141814 secs]
   [Parallel Time: 13.1 ms, GC Workers: 8]
      [GC Worker Start (ms): Min: 1634715.6, Avg: 1634715.8, Max: 1634716.0, Diff: 0.3]
      [Ext Root Scanning (ms): Min: 0.6, Avg: 4.5, Max: 9.5, Diff: 8.8, Sum: 36.3]
      [Update RS (ms): Min: 0.0, Avg: 0.8, Max: 1.9, Diff: 1.9, Sum: 6.6]
         [Processed Buffers: Min: 0, Avg: 5.4, Max: 18, Diff: 18, Sum: 43]
      [Scan RS (ms): Min: 0.0, Avg: 0.7, Max: 1.5, Diff: 1.5, Sum: 5.7]
      [Code Root Scanning (ms): Min: 0.0, Avg: 0.7, Max: 5.5, Diff: 5.5, Sum: 5.5]
      [Object Copy (ms): Min: 3.3, Avg: 6.0, Max: 8.8, Diff: 5.5, Sum: 48.3]
      [Termination (ms): Min: 0.0, Avg: 0.0, Max: 0.0, Diff: 0.0, Sum: 0.1]
         [Termination Attempts: Min: 1, Avg: 18.2, Max: 27, Diff: 26, Sum: 146]
      [GC Worker Other (ms): Min: 0.0, Avg: 0.0, Max: 0.1, Diff: 0.0, Sum: 0.3]
      [GC Worker Total (ms): Min: 12.7, Avg: 12.9, Max: 13.0, Diff: 0.3, Sum: 102.8]
      [GC Worker End (ms): Min: 1634728.6, Avg: 1634728.7, Max: 1634728.7, Diff: 0.0]
   [Code Root Fixup: 0.0 ms]
   [Code Root Purge: 0.0 ms]
   [Clear CT: 0.1 ms]
   [Other: 0.9 ms]
      [Choose CSet: 0.0 ms]
      [Ref Proc: 0.3 ms]
      [Ref Enq: 0.0 ms]
      [Redirty Cards: 0.1 ms]
      [Humongous Register: 0.1 ms]
      [Humongous Reclaim: 0.0 ms]
      [Free CSet: 0.0 ms]
   [Eden: 68.0M(68.0M)->0.0B(232.0M) Survivors: 9216.0K->6144.0K Heap: 271.3M(1024.0M)->204.2M(1024.0M)]
 [Times: user=0.06 sys=0.00, real=0.02 secs] 
2021-04-22T17:03:23.710+0800: 1751.543: [GC pause (G1 Evacuation Pause) (young), 0.0162172 secs]
   [Parallel Time: 15.4 ms, GC Workers: 8]
      [GC Worker Start (ms): Min: 1751543.2, Avg: 1751543.4, Max: 1751543.6, Diff: 0.4]
      [Ext Root Scanning (ms): Min: 0.7, Avg: 2.6, Max: 11.9, Diff: 11.2, Sum: 20.5]
      [Update RS (ms): Min: 0.0, Avg: 5.2, Max: 9.6, Diff: 9.6, Sum: 41.8]
         [Processed Buffers: Min: 0, Avg: 5.9, Max: 16, Diff: 16, Sum: 47]
      [Scan RS (ms): Min: 0.0, Avg: 1.4, Max: 2.9, Diff: 2.9, Sum: 11.4]
      [Code Root Scanning (ms): Min: 0.0, Avg: 0.3, Max: 2.5, Diff: 2.5, Sum: 2.5]
      [Object Copy (ms): Min: 2.8, Avg: 5.5, Max: 7.2, Diff: 4.3, Sum: 44.1]
      [Termination (ms): Min: 0.0, Avg: 0.0, Max: 0.1, Diff: 0.1, Sum: 0.2]
         [Termination Attempts: Min: 1, Avg: 5.2, Max: 7, Diff: 6, Sum: 42]
      [GC Worker Other (ms): Min: 0.0, Avg: 0.0, Max: 0.0, Diff: 0.0, Sum: 0.2]
      [GC Worker Total (ms): Min: 14.8, Avg: 15.1, Max: 15.3, Diff: 0.4, Sum: 120.7]
      [GC Worker End (ms): Min: 1751558.4, Avg: 1751558.4, Max: 1751558.5, Diff: 0.0]
   [Code Root Fixup: 0.0 ms]
   [Code Root Purge: 0.0 ms]
   [Clear CT: 0.1 ms]
   [Other: 0.7 ms]
      [Choose CSet: 0.0 ms]
      [Ref Proc: 0.2 ms]
      [Ref Enq: 0.0 ms]
      [Redirty Cards: 0.1 ms]
      [Humongous Register: 0.1 ms]
      [Humongous Reclaim: 0.0 ms]
      [Free CSet: 0.1 ms]
   [Eden: 232.0M(232.0M)->0.0B(230.0M) Survivors: 6144.0K->8192.0K Heap: 436.2M(1024.0M)->205.8M(1024.0M)]
 [Times: user=0.07 sys=0.01, real=0.01 secs] 
2021-04-22T17:04:27.539+0800: 1815.375: [GC pause (G1 Evacuation Pause) (young), 0.0176246 secs]
   [Parallel Time: 16.4 ms, GC Workers: 8]
      [GC Worker Start (ms): Min: 1815375.2, Avg: 1815375.4, Max: 1815375.7, Diff: 0.6]
      [Ext Root Scanning (ms): Min: 0.7, Avg: 5.1, Max: 9.3, Diff: 8.6, Sum: 40.9]
      [Update RS (ms): Min: 0.0, Avg: 1.9, Max: 4.2, Diff: 4.2, Sum: 15.1]
         [Processed Buffers: Min: 0, Avg: 5.9, Max: 16, Diff: 16, Sum: 47]
      [Scan RS (ms): Min: 0.0, Avg: 1.1, Max: 2.2, Diff: 2.2, Sum: 8.5]
      [Code Root Scanning (ms): Min: 0.0, Avg: 0.3, Max: 2.0, Diff: 2.0, Sum: 2.0]
      [Object Copy (ms): Min: 6.6, Avg: 7.7, Max: 8.8, Diff: 2.2, Sum: 61.3]
      [Termination (ms): Min: 0.0, Avg: 0.0, Max: 0.0, Diff: 0.0, Sum: 0.1]
         [Termination Attempts: Min: 1, Avg: 28.0, Max: 40, Diff: 39, Sum: 224]
      [GC Worker Other (ms): Min: 0.0, Avg: 0.0, Max: 0.1, Diff: 0.1, Sum: 0.3]
      [GC Worker Total (ms): Min: 15.7, Avg: 16.0, Max: 16.3, Diff: 0.6, Sum: 128.2]
      [GC Worker End (ms): Min: 1815391.4, Avg: 1815391.4, Max: 1815391.5, Diff: 0.0]
   [Code Root Fixup: 0.0 ms]
   [Code Root Purge: 0.0 ms]
   [Clear CT: 0.1 ms]
   [Other: 1.1 ms]
      [Choose CSet: 0.0 ms]
      [Ref Proc: 0.2 ms]
      [Ref Enq: 0.0 ms]
      [Redirty Cards: 0.1 ms]
      [Humongous Register: 0.2 ms]
      [Humongous Reclaim: 0.0 ms]
      [Free CSet: 0.1 ms]
   [Eden: 127.0M(127.0M)->0.0B(214.0M) Survivors: 8192.0K->10.0M Heap: 332.8M(1024.0M)->208.2M(1024.0M)]
 [Times: user=0.09 sys=0.00, real=0.02 secs] 
2021-04-22T17:06:15.270+0800: 1923.112: [GC pause (G1 Evacuation Pause) (young), 0.0204592 secs]
   [Parallel Time: 18.9 ms, GC Workers: 8]
      [GC Worker Start (ms): Min: 1923112.1, Avg: 1923112.3, Max: 1923112.5, Diff: 0.5]
      [Ext Root Scanning (ms): Min: 0.8, Avg: 4.3, Max: 10.5, Diff: 9.7, Sum: 34.7]
      [Update RS (ms): Min: 0.0, Avg: 1.9, Max: 4.5, Diff: 4.5, Sum: 15.3]
         [Processed Buffers: Min: 0, Avg: 5.6, Max: 21, Diff: 21, Sum: 45]
      [Scan RS (ms): Min: 0.0, Avg: 0.9, Max: 2.0, Diff: 2.0, Sum: 7.4]
      [Code Root Scanning (ms): Min: 0.0, Avg: 0.4, Max: 3.2, Diff: 3.2, Sum: 3.2]
      [Object Copy (ms): Min: 8.0, Avg: 10.8, Max: 17.2, Diff: 9.3, Sum: 86.1]
      [Termination (ms): Min: 0.0, Avg: 0.2, Max: 0.2, Diff: 0.2, Sum: 1.4]
         [Termination Attempts: Min: 1, Avg: 7.4, Max: 15, Diff: 14, Sum: 59]
      [GC Worker Other (ms): Min: 0.0, Avg: 0.1, Max: 0.1, Diff: 0.1, Sum: 0.4]
      [GC Worker Total (ms): Min: 18.3, Avg: 18.6, Max: 18.8, Diff: 0.5, Sum: 148.5]
      [GC Worker End (ms): Min: 1923130.8, Avg: 1923130.9, Max: 1923130.9, Diff: 0.1]
   [Code Root Fixup: 0.0 ms]
   [Code Root Purge: 0.0 ms]
   [Clear CT: 0.2 ms]
   [Other: 1.3 ms]
      [Choose CSet: 0.0 ms]
      [Ref Proc: 0.3 ms]
      [Ref Enq: 0.0 ms]
      [Redirty Cards: 0.1 ms]
      [Humongous Register: 0.3 ms]
      [Humongous Reclaim: 0.0 ms]
      [Free CSet: 0.1 ms]
   [Eden: 214.0M(214.0M)->0.0B(182.0M) Survivors: 10.0M->13.0M Heap: 422.2M(1024.0M)->211.2M(1024.0M)]
 [Times: user=0.10 sys=0.00, real=0.02 secs] 
2021-04-22T17:07:46.967+0800: 2014.813: [GC pause (G1 Evacuation Pause) (young), 0.0243290 secs]
   [Parallel Time: 22.7 ms, GC Workers: 8]
      [GC Worker Start (ms): Min: 2014813.2, Avg: 2014813.3, Max: 2014813.6, Diff: 0.4]
      [Ext Root Scanning (ms): Min: 0.7, Avg: 6.1, Max: 12.4, Diff: 11.7, Sum: 49.1]
      [Update RS (ms): Min: 0.0, Avg: 2.5, Max: 5.8, Diff: 5.8, Sum: 20.3]
         [Processed Buffers: Min: 0, Avg: 6.1, Max: 16, Diff: 16, Sum: 49]
      [Scan RS (ms): Min: 0.0, Avg: 1.0, Max: 2.3, Diff: 2.3, Sum: 8.2]
      [Code Root Scanning (ms): Min: 0.0, Avg: 0.5, Max: 3.9, Diff: 3.9, Sum: 3.9]
      [Object Copy (ms): Min: 10.1, Avg: 12.2, Max: 13.9, Diff: 3.8, Sum: 97.4]
      [Termination (ms): Min: 0.0, Avg: 0.0, Max: 0.0, Diff: 0.0, Sum: 0.0]
         [Termination Attempts: Min: 1, Avg: 2.6, Max: 4, Diff: 3, Sum: 21]
      [GC Worker Other (ms): Min: 0.0, Avg: 0.1, Max: 0.1, Diff: 0.1, Sum: 0.4]
      [GC Worker Total (ms): Min: 22.2, Avg: 22.4, Max: 22.6, Diff: 0.4, Sum: 179.3]
      [GC Worker End (ms): Min: 2014835.7, Avg: 2014835.7, Max: 2014835.8, Diff: 0.1]
   [Code Root Fixup: 0.0 ms]
   [Code Root Purge: 0.0 ms]
   [Clear CT: 0.2 ms]
   [Other: 1.4 ms]
      [Choose CSet: 0.0 ms]
      [Ref Proc: 0.3 ms]
      [Ref Enq: 0.0 ms]
      [Redirty Cards: 0.2 ms]
      [Humongous Register: 0.3 ms]
      [Humongous Reclaim: 0.0 ms]
      [Free CSet: 0.1 ms]
   [Eden: 182.0M(182.0M)->0.0B(44.0M) Survivors: 13.0M->15.0M Heap: 393.2M(1024.0M)->212.7M(1024.0M)]
 [Times: user=0.13 sys=0.00, real=0.03 secs] 
2021-04-22T17:08:05.209+0800: 2033.055: [GC pause (G1 Evacuation Pause) (young), 0.0262804 secs]
   [Parallel Time: 24.7 ms, GC Workers: 8]
      [GC Worker Start (ms): Min: 2033055.8, Avg: 2033055.9, Max: 2033056.2, Diff: 0.4]
      [Ext Root Scanning (ms): Min: 0.4, Avg: 4.5, Max: 8.7, Diff: 8.3, Sum: 36.2]
      [Update RS (ms): Min: 0.0, Avg: 1.3, Max: 3.1, Diff: 3.1, Sum: 10.3]
         [Processed Buffers: Min: 0, Avg: 6.4, Max: 20, Diff: 20, Sum: 51]
      [Scan RS (ms): Min: 0.0, Avg: 1.4, Max: 2.9, Diff: 2.9, Sum: 10.9]
      [Code Root Scanning (ms): Min: 0.0, Avg: 0.6, Max: 4.5, Diff: 4.5, Sum: 4.5]
      [Object Copy (ms): Min: 13.8, Avg: 16.6, Max: 18.0, Diff: 4.1, Sum: 132.6]
      [Termination (ms): Min: 0.0, Avg: 0.0, Max: 0.1, Diff: 0.1, Sum: 0.4]
         [Termination Attempts: Min: 1, Avg: 5.2, Max: 13, Diff: 12, Sum: 42]
      [GC Worker Other (ms): Min: 0.0, Avg: 0.0, Max: 0.1, Diff: 0.0, Sum: 0.2]
      [GC Worker Total (ms): Min: 24.1, Avg: 24.4, Max: 24.5, Diff: 0.4, Sum: 195.1]
      [GC Worker End (ms): Min: 2033080.3, Avg: 2033080.3, Max: 2033080.3, Diff: 0.0]
   [Code Root Fixup: 0.0 ms]
   [Code Root Purge: 0.0 ms]
   [Clear CT: 0.1 ms]
   [Other: 1.5 ms]
      [Choose CSet: 0.0 ms]
      [Ref Proc: 0.3 ms]
      [Ref Enq: 0.0 ms]
      [Redirty Cards: 0.2 ms]
      [Humongous Register: 0.3 ms]
      [Humongous Reclaim: 0.0 ms]
      [Free CSet: 0.1 ms]
   [Eden: 36.0M(36.0M)->0.0B(229.0M) Survivors: 15.0M->5120.0K Heap: 248.7M(1024.0M)->212.4M(1024.0M)]
 [Times: user=0.11 sys=0.02, real=0.03 secs] 
2021-04-22T17:10:01.348+0800: 2149.200: [GC pause (G1 Evacuation Pause) (young), 0.0198159 secs]
   [Parallel Time: 18.6 ms, GC Workers: 8]
      [GC Worker Start (ms): Min: 2149200.8, Avg: 2149201.0, Max: 2149201.2, Diff: 0.4]
      [Ext Root Scanning (ms): Min: 0.6, Avg: 5.0, Max: 11.5, Diff: 10.8, Sum: 39.7]
      [Update RS (ms): Min: 0.0, Avg: 3.7, Max: 8.6, Diff: 8.6, Sum: 29.9]
         [Processed Buffers: Min: 0, Avg: 7.2, Max: 25, Diff: 25, Sum: 58]
      [Scan RS (ms): Min: 0.0, Avg: 1.9, Max: 4.4, Diff: 4.4, Sum: 15.2]
      [Code Root Scanning (ms): Min: 0.0, Avg: 0.0, Max: 0.0, Diff: 0.0, Sum: 0.0]
      [Object Copy (ms): Min: 6.9, Avg: 7.7, Max: 8.1, Diff: 1.2, Sum: 61.7]
      [Termination (ms): Min: 0.0, Avg: 0.0, Max: 0.1, Diff: 0.1, Sum: 0.3]
         [Termination Attempts: Min: 1, Avg: 2.2, Max: 3, Diff: 2, Sum: 18]
      [GC Worker Other (ms): Min: 0.0, Avg: 0.0, Max: 0.0, Diff: 0.0, Sum: 0.2]
      [GC Worker Total (ms): Min: 18.1, Avg: 18.4, Max: 18.5, Diff: 0.4, Sum: 146.9]
      [GC Worker End (ms): Min: 2149219.3, Avg: 2149219.3, Max: 2149219.3, Diff: 0.0]
   [Code Root Fixup: 0.0 ms]
   [Code Root Purge: 0.0 ms]
   [Clear CT: 0.1 ms]
   [Other: 1.0 ms]
      [Choose CSet: 0.0 ms]
      [Ref Proc: 0.2 ms]
      [Ref Enq: 0.0 ms]
      [Redirty Cards: 0.1 ms]
      [Humongous Register: 0.2 ms]
      [Humongous Reclaim: 0.0 ms]
      [Free CSet: 0.1 ms]
   [Eden: 229.0M(229.0M)->0.0B(41.0M) Survivors: 5120.0K->10.0M Heap: 441.4M(1024.0M)->217.4M(1024.0M)]
 [Times: user=0.09 sys=0.00, real=0.02 secs] 
2021-04-22T17:10:22.464+0800: 2170.317: [GC pause (G1 Evacuation Pause) (young), 0.0189648 secs]
   [Parallel Time: 18.0 ms, GC Workers: 8]
      [GC Worker Start (ms): Min: 2170317.2, Avg: 2170322.0, Max: 2170332.0, Diff: 14.9]
      [Ext Root Scanning (ms): Min: 0.0, Avg: 2.8, Max: 14.4, Diff: 14.4, Sum: 22.1]
      [Update RS (ms): Min: 0.0, Avg: 0.7, Max: 2.0, Diff: 2.0, Sum: 5.5]
         [Processed Buffers: Min: 0, Avg: 5.5, Max: 15, Diff: 15, Sum: 44]
      [Scan RS (ms): Min: 0.0, Avg: 0.9, Max: 2.0, Diff: 2.0, Sum: 7.4]
      [Code Root Scanning (ms): Min: 0.0, Avg: 0.0, Max: 0.0, Diff: 0.0, Sum: 0.0]
      [Object Copy (ms): Min: 2.4, Avg: 8.1, Max: 12.1, Diff: 9.7, Sum: 64.5]
      [Termination (ms): Min: 0.0, Avg: 0.0, Max: 0.0, Diff: 0.0, Sum: 0.1]
         [Termination Attempts: Min: 1, Avg: 38.6, Max: 73, Diff: 72, Sum: 309]
      [GC Worker Other (ms): Min: 0.0, Avg: 0.2, Max: 0.6, Diff: 0.6, Sum: 1.4]
      [GC Worker Total (ms): Min: 2.5, Avg: 12.6, Max: 17.8, Diff: 15.3, Sum: 100.9]
      [GC Worker End (ms): Min: 2170334.5, Avg: 2170334.6, Max: 2170335.1, Diff: 0.6]
   [Code Root Fixup: 0.0 ms]
   [Code Root Purge: 0.0 ms]
   [Clear CT: 0.1 ms]
   [Other: 0.9 ms]
      [Choose CSet: 0.0 ms]
      [Ref Proc: 0.2 ms]
      [Ref Enq: 0.0 ms]
      [Redirty Cards: 0.1 ms]
      [Humongous Register: 0.1 ms]
      [Humongous Reclaim: 0.0 ms]
      [Free CSet: 0.1 ms]
   [Eden: 41.0M(41.0M)->0.0B(214.0M) Survivors: 10.0M->6144.0K Heap: 258.4M(1024.0M)->220.4M(1024.0M)]
 [Times: user=0.06 sys=0.00, real=0.02 secs] 
2021-04-22T17:12:12.372+0800: 2280.230: [GC pause (G1 Evacuation Pause) (young), 0.0215094 secs]
   [Parallel Time: 20.2 ms, GC Workers: 8]
      [GC Worker Start (ms): Min: 2280230.5, Avg: 2280230.6, Max: 2280230.8, Diff: 0.4]
      [Ext Root Scanning (ms): Min: 0.8, Avg: 3.5, Max: 20.0, Diff: 19.2, Sum: 28.2]
      [Update RS (ms): Min: 0.0, Avg: 8.6, Max: 18.8, Diff: 18.8, Sum: 68.5]
         [Processed Buffers: Min: 0, Avg: 6.1, Max: 32, Diff: 32, Sum: 49]
      [Scan RS (ms): Min: 0.0, Avg: 1.4, Max: 3.2, Diff: 3.2, Sum: 11.5]
      [Code Root Scanning (ms): Min: 0.0, Avg: 0.0, Max: 0.0, Diff: 0.0, Sum: 0.0]
      [Object Copy (ms): Min: 0.0, Avg: 6.1, Max: 10.3, Diff: 10.3, Sum: 48.9]
      [Termination (ms): Min: 0.0, Avg: 0.3, Max: 0.5, Diff: 0.5, Sum: 2.3]
         [Termination Attempts: Min: 1, Avg: 58.6, Max: 127, Diff: 126, Sum: 469]
      [GC Worker Other (ms): Min: 0.0, Avg: 0.0, Max: 0.1, Diff: 0.0, Sum: 0.3]
      [GC Worker Total (ms): Min: 19.8, Avg: 20.0, Max: 20.1, Diff: 0.3, Sum: 159.8]
      [GC Worker End (ms): Min: 2280250.6, Avg: 2280250.6, Max: 2280250.6, Diff: 0.0]
   [Code Root Fixup: 0.0 ms]
   [Code Root Purge: 0.0 ms]
   [Clear CT: 0.1 ms]
   [Other: 1.2 ms]
      [Choose CSet: 0.0 ms]
      [Ref Proc: 0.2 ms]
      [Ref Enq: 0.0 ms]
      [Redirty Cards: 0.1 ms]
      [Humongous Register: 0.2 ms]
      [Humongous Reclaim: 0.0 ms]
      [Free CSet: 0.1 ms]
   [Eden: 214.0M(214.0M)->0.0B(63.0M) Survivors: 6144.0K->7168.0K Heap: 434.4M(1024.0M)->221.7M(1024.0M)]
 [Times: user=0.07 sys=0.00, real=0.02 secs] 
2021-04-22T17:12:44.559+0800: 2312.419: [GC pause (G1 Evacuation Pause) (young), 0.0170811 secs]
   [Parallel Time: 15.8 ms, GC Workers: 8]
      [GC Worker Start (ms): Min: 2312419.7, Avg: 2312419.8, Max: 2312420.1, Diff: 0.4]
      [Ext Root Scanning (ms): Min: 0.7, Avg: 5.2, Max: 13.9, Diff: 13.1, Sum: 41.6]
      [Update RS (ms): Min: 0.0, Avg: 3.4, Max: 9.9, Diff: 9.9, Sum: 27.2]
         [Processed Buffers: Min: 0, Avg: 5.5, Max: 17, Diff: 17, Sum: 44]
      [Scan RS (ms): Min: 0.0, Avg: 0.5, Max: 1.2, Diff: 1.2, Sum: 4.3]
      [Code Root Scanning (ms): Min: 0.0, Avg: 0.0, Max: 0.0, Diff: 0.0, Sum: 0.0]
      [Object Copy (ms): Min: 1.6, Avg: 6.2, Max: 9.3, Diff: 7.7, Sum: 49.5]
      [Termination (ms): Min: 0.0, Avg: 0.2, Max: 0.2, Diff: 0.2, Sum: 1.4]
         [Termination Attempts: Min: 1, Avg: 22.0, Max: 34, Diff: 33, Sum: 176]
      [GC Worker Other (ms): Min: 0.0, Avg: 0.0, Max: 0.0, Diff: 0.0, Sum: 0.1]
      [GC Worker Total (ms): Min: 15.3, Avg: 15.5, Max: 15.7, Diff: 0.4, Sum: 124.2]
      [GC Worker End (ms): Min: 2312435.4, Avg: 2312435.4, Max: 2312435.4, Diff: 0.0]
   [Code Root Fixup: 0.0 ms]
   [Code Root Purge: 0.0 ms]
   [Clear CT: 0.1 ms]
   [Other: 1.2 ms]
      [Choose CSet: 0.0 ms]
      [Ref Proc: 0.2 ms]
      [Ref Enq: 0.0 ms]
      [Redirty Cards: 0.1 ms]
      [Humongous Register: 0.3 ms]
      [Humongous Reclaim: 0.0 ms]
      [Free CSet: 0.0 ms]
   [Eden: 63.0M(63.0M)->0.0B(117.0M) Survivors: 7168.0K->9216.0K Heap: 284.7M(1024.0M)->223.3M(1024.0M)]
 [Times: user=0.06 sys=0.00, real=0.02 secs] 
2021-04-22T17:13:44.729+0800: 2372.591: [GC pause (G1 Evacuation Pause) (young), 0.0192800 secs]
   [Parallel Time: 17.9 ms, GC Workers: 8]
      [GC Worker Start (ms): Min: 2372591.9, Avg: 2372592.1, Max: 2372592.4, Diff: 0.5]
      [Ext Root Scanning (ms): Min: 0.7, Avg: 6.3, Max: 13.5, Diff: 12.8, Sum: 50.0]
      [Update RS (ms): Min: 0.0, Avg: 1.4, Max: 3.2, Diff: 3.2, Sum: 11.0]
         [Processed Buffers: Min: 0, Avg: 5.4, Max: 23, Diff: 23, Sum: 43]
      [Scan RS (ms): Min: 0.0, Avg: 1.1, Max: 2.3, Diff: 2.3, Sum: 8.6]
      [Code Root Scanning (ms): Min: 0.0, Avg: 0.0, Max: 0.0, Diff: 0.0, Sum: 0.0]
      [Object Copy (ms): Min: 4.2, Avg: 8.8, Max: 11.3, Diff: 7.2, Sum: 70.7]
      [Termination (ms): Min: 0.0, Avg: 0.1, Max: 0.1, Diff: 0.1, Sum: 0.5]
         [Termination Attempts: Min: 1, Avg: 2.4, Max: 6, Diff: 5, Sum: 19]
      [GC Worker Other (ms): Min: 0.0, Avg: 0.0, Max: 0.0, Diff: 0.0, Sum: 0.2]
      [GC Worker Total (ms): Min: 17.3, Avg: 17.6, Max: 17.9, Diff: 0.6, Sum: 141.0]
      [GC Worker End (ms): Min: 2372609.7, Avg: 2372609.7, Max: 2372609.8, Diff: 0.1]
   [Code Root Fixup: 0.0 ms]
   [Code Root Purge: 0.0 ms]
   [Clear CT: 0.1 ms]
   [Other: 1.2 ms]
      [Choose CSet: 0.0 ms]
      [Ref Proc: 0.3 ms]
      [Ref Enq: 0.0 ms]
      [Redirty Cards: 0.1 ms]
      [Humongous Register: 0.3 ms]
      [Humongous Reclaim: 0.0 ms]
      [Free CSet: 0.1 ms]
   [Eden: 117.0M(117.0M)->0.0B(128.0M) Survivors: 9216.0K->8192.0K Heap: 340.3M(1024.0M)->222.9M(1024.0M)]
 [Times: user=0.08 sys=0.00, real=0.02 secs] 
2021-04-22T17:14:50.391+0800: 2438.257: [GC pause (G1 Evacuation Pause) (young), 0.0197114 secs]
   [Parallel Time: 17.7 ms, GC Workers: 8]
      [GC Worker Start (ms): Min: 2438257.8, Avg: 2438258.1, Max: 2438258.6, Diff: 0.8]
      [Ext Root Scanning (ms): Min: 2.0, Avg: 5.3, Max: 11.0, Diff: 9.0, Sum: 42.3]
      [Update RS (ms): Min: 0.0, Avg: 3.3, Max: 10.5, Diff: 10.5, Sum: 26.2]
         [Processed Buffers: Min: 0, Avg: 6.1, Max: 24, Diff: 24, Sum: 49]
      [Scan RS (ms): Min: 0.0, Avg: 0.8, Max: 1.7, Diff: 1.7, Sum: 6.2]
      [Code Root Scanning (ms): Min: 0.0, Avg: 0.8, Max: 6.0, Diff: 6.0, Sum: 6.1]
      [Object Copy (ms): Min: 4.3, Avg: 7.1, Max: 9.0, Diff: 4.7, Sum: 57.2]
      [Termination (ms): Min: 0.0, Avg: 0.0, Max: 0.0, Diff: 0.0, Sum: 0.0]
         [Termination Attempts: Min: 1, Avg: 7.6, Max: 16, Diff: 15, Sum: 61]
      [GC Worker Other (ms): Min: 0.0, Avg: 0.0, Max: 0.1, Diff: 0.1, Sum: 0.4]
      [GC Worker Total (ms): Min: 16.8, Avg: 17.3, Max: 17.6, Diff: 0.8, Sum: 138.4]
      [GC Worker End (ms): Min: 2438275.4, Avg: 2438275.4, Max: 2438275.4, Diff: 0.0]
   [Code Root Fixup: 0.0 ms]
   [Code Root Purge: 0.0 ms]
   [Clear CT: 0.1 ms]
   [Other: 1.9 ms]
      [Choose CSet: 0.0 ms]
      [Ref Proc: 0.2 ms]
      [Ref Enq: 0.0 ms]
      [Redirty Cards: 0.1 ms]
      [Humongous Register: 0.8 ms]
      [Humongous Reclaim: 0.0 ms]
      [Free CSet: 0.1 ms]
   [Eden: 128.0M(128.0M)->0.0B(113.0M) Survivors: 8192.0K->10.0M Heap: 350.9M(1024.0M)->224.4M(1024.0M)]
 [Times: user=0.07 sys=0.02, real=0.02 secs] 
2021-04-22T17:15:12.737+0800: 2459.164: [GC pause (G1 Evacuation Pause) (young), 0.0233534 secs]
   [Parallel Time: 21.6 ms, GC Workers: 8]
      [GC Worker Start (ms): Min: 2459164.8, Avg: 2459165.0, Max: 2459165.2, Diff: 0.4]
      [Ext Root Scanning (ms): Min: 0.8, Avg: 4.9, Max: 9.3, Diff: 8.5, Sum: 39.4]
      [Update RS (ms): Min: 0.0, Avg: 2.2, Max: 5.1, Diff: 5.1, Sum: 17.6]
         [Processed Buffers: Min: 0, Avg: 5.2, Max: 25, Diff: 25, Sum: 42]
      [Scan RS (ms): Min: 0.0, Avg: 0.8, Max: 2.3, Diff: 2.3, Sum: 6.4]
      [Code Root Scanning (ms): Min: 0.0, Avg: 0.2, Max: 1.4, Diff: 1.4, Sum: 1.4]
      [Object Copy (ms): Min: 12.0, Avg: 13.1, Max: 13.9, Diff: 1.8, Sum: 104.5]
      [Termination (ms): Min: 0.0, Avg: 0.1, Max: 0.1, Diff: 0.1, Sum: 0.5]
         [Termination Attempts: Min: 1, Avg: 1.9, Max: 4, Diff: 3, Sum: 15]
      [GC Worker Other (ms): Min: 0.0, Avg: 0.0, Max: 0.0, Diff: 0.0, Sum: 0.2]
      [GC Worker Total (ms): Min: 21.0, Avg: 21.3, Max: 21.4, Diff: 0.4, Sum: 170.0]
      [GC Worker End (ms): Min: 2459186.2, Avg: 2459186.2, Max: 2459186.2, Diff: 0.0]
   [Code Root Fixup: 0.0 ms]
   [Code Root Purge: 0.0 ms]
   [Clear CT: 0.2 ms]
   [Other: 1.5 ms]
      [Choose CSet: 0.0 ms]
      [Ref Proc: 0.3 ms]
      [Ref Enq: 0.0 ms]
      [Redirty Cards: 0.2 ms]
      [Humongous Register: 0.3 ms]
      [Humongous Reclaim: 0.0 ms]
      [Free CSet: 0.1 ms]
   [Eden: 41.0M(41.0M)->0.0B(83.0M) Survivors: 10.0M->6144.0K Heap: 265.4M(1024.0M)->224.8M(1024.0M)]
 [Times: user=0.11 sys=0.01, real=0.03 secs] 
2021-04-22T17:15:35.695+0800: 2482.123: [GC pause (G1 Evacuation Pause) (young), 0.0188484 secs]
   [Parallel Time: 17.7 ms, GC Workers: 8]
      [GC Worker Start (ms): Min: 2482123.1, Avg: 2482124.5, Max: 2482132.3, Diff: 9.2]
      [Ext Root Scanning (ms): Min: 0.0, Avg: 4.0, Max: 9.0, Diff: 9.0, Sum: 31.7]
      [Update RS (ms): Min: 0.0, Avg: 2.1, Max: 4.7, Diff: 4.7, Sum: 16.4]
         [Processed Buffers: Min: 0, Avg: 5.9, Max: 27, Diff: 27, Sum: 47]
      [Scan RS (ms): Min: 0.4, Avg: 2.4, Max: 4.5, Diff: 4.1, Sum: 18.9]
      [Code Root Scanning (ms): Min: 0.0, Avg: 0.0, Max: 0.1, Diff: 0.1, Sum: 0.1]
      [Object Copy (ms): Min: 7.3, Avg: 7.8, Max: 7.9, Diff: 0.6, Sum: 62.3]
      [Termination (ms): Min: 0.0, Avg: 0.1, Max: 0.1, Diff: 0.1, Sum: 0.4]
         [Termination Attempts: Min: 1, Avg: 32.4, Max: 46, Diff: 45, Sum: 259]
      [GC Worker Other (ms): Min: 0.0, Avg: 0.0, Max: 0.1, Diff: 0.0, Sum: 0.3]
      [GC Worker Total (ms): Min: 8.4, Avg: 16.3, Max: 17.6, Diff: 9.2, Sum: 130.1]
      [GC Worker End (ms): Min: 2482140.7, Avg: 2482140.7, Max: 2482140.8, Diff: 0.1]
   [Code Root Fixup: 0.0 ms]
   [Code Root Purge: 0.0 ms]
   [Clear CT: 0.1 ms]
   [Other: 1.1 ms]
      [Choose CSet: 0.0 ms]
      [Ref Proc: 0.3 ms]
      [Ref Enq: 0.0 ms]
      [Redirty Cards: 0.1 ms]
      [Humongous Register: 0.2 ms]
      [Humongous Reclaim: 0.0 ms]
      [Free CSet: 0.1 ms]
   [Eden: 45.0M(45.0M)->0.0B(113.0M) Survivors: 6144.0K->7168.0K Heap: 269.8M(1024.0M)->229.2M(1024.0M)]
 [Times: user=0.08 sys=0.00, real=0.02 secs] 
2021-04-22T17:37:26.898+0800: 2679.412: [GC pause (G1 Evacuation Pause) (young), 0.0243004 secs]
   [Parallel Time: 23.4 ms, GC Workers: 8]
      [GC Worker Start (ms): Min: 2679412.7, Avg: 2679412.9, Max: 2679413.1, Diff: 0.3]
      [Ext Root Scanning (ms): Min: 0.4, Avg: 1.3, Max: 3.1, Diff: 2.7, Sum: 10.1]
      [Update RS (ms): Min: 2.8, Avg: 3.9, Max: 5.3, Diff: 2.6, Sum: 31.3]
         [Processed Buffers: Min: 1, Avg: 5.5, Max: 19, Diff: 18, Sum: 44]
      [Scan RS (ms): Min: 0.1, Avg: 2.3, Max: 7.5, Diff: 7.5, Sum: 18.1]
      [Code Root Scanning (ms): Min: 0.0, Avg: 4.2, Max: 17.8, Diff: 17.8, Sum: 33.3]
      [Object Copy (ms): Min: 0.0, Avg: 11.4, Max: 17.1, Diff: 17.0, Sum: 91.0]
      [Termination (ms): Min: 0.0, Avg: 0.1, Max: 0.2, Diff: 0.2, Sum: 1.1]
         [Termination Attempts: Min: 1, Avg: 3.2, Max: 7, Diff: 6, Sum: 26]
      [GC Worker Other (ms): Min: 0.0, Avg: 0.0, Max: 0.0, Diff: 0.0, Sum: 0.1]
      [GC Worker Total (ms): Min: 23.0, Avg: 23.1, Max: 23.4, Diff: 0.3, Sum: 185.1]
      [GC Worker End (ms): Min: 2679436.0, Avg: 2679436.1, Max: 2679436.1, Diff: 0.1]
   [Code Root Fixup: 0.0 ms]
   [Code Root Purge: 0.0 ms]
   [Clear CT: 0.1 ms]
   [Other: 0.8 ms]
      [Choose CSet: 0.0 ms]
      [Ref Proc: 0.2 ms]
      [Ref Enq: 0.0 ms]
      [Redirty Cards: 0.0 ms]
      [Humongous Register: 0.1 ms]
      [Humongous Reclaim: 0.0 ms]
      [Free CSet: 0.1 ms]
   [Eden: 44.0M(44.0M)->0.0B(44.0M) Survivors: 7168.0K->7168.0K Heap: 273.2M(1024.0M)->232.4M(1024.0M)]
 [Times: user=0.07 sys=0.01, real=0.03 secs] 
2021-04-22T17:42:05.882+0800: 2958.396: [GC pause (G1 Evacuation Pause) (young), 0.0224693 secs]
   [Parallel Time: 20.3 ms, GC Workers: 8]
      [GC Worker Start (ms): Min: 2958396.9, Avg: 2958398.5, Max: 2958404.9, Diff: 8.0]
      [Ext Root Scanning (ms): Min: 0.0, Avg: 1.7, Max: 7.3, Diff: 7.3, Sum: 13.9]
      [Update RS (ms): Min: 0.0, Avg: 1.2, Max: 3.1, Diff: 3.1, Sum: 9.4]
         [Processed Buffers: Min: 0, Avg: 5.4, Max: 17, Diff: 17, Sum: 43]
      [Scan RS (ms): Min: 0.1, Avg: 2.2, Max: 5.0, Diff: 4.9, Sum: 17.8]
      [Code Root Scanning (ms): Min: 0.0, Avg: 1.3, Max: 7.1, Diff: 7.1, Sum: 10.4]
      [Object Copy (ms): Min: 9.0, Avg: 12.0, Max: 18.9, Diff: 9.9, Sum: 95.8]
      [Termination (ms): Min: 0.0, Avg: 0.0, Max: 0.0, Diff: 0.0, Sum: 0.0]
         [Termination Attempts: Min: 1, Avg: 5.5, Max: 10, Diff: 9, Sum: 44]
      [GC Worker Other (ms): Min: 0.0, Avg: 0.0, Max: 0.1, Diff: 0.0, Sum: 0.3]
      [GC Worker Total (ms): Min: 12.0, Avg: 18.5, Max: 20.1, Diff: 8.1, Sum: 147.8]
      [GC Worker End (ms): Min: 2958417.0, Avg: 2958417.0, Max: 2958417.0, Diff: 0.0]
   [Code Root Fixup: 0.0 ms]
   [Code Root Purge: 0.0 ms]
   [Clear CT: 0.2 ms]
   [Other: 2.0 ms]
      [Choose CSet: 0.0 ms]
      [Ref Proc: 0.4 ms]
      [Ref Enq: 0.0 ms]
      [Redirty Cards: 0.2 ms]
      [Humongous Register: 0.2 ms]
      [Humongous Reclaim: 0.0 ms]
      [Free CSet: 0.1 ms]
   [Eden: 44.0M(44.0M)->0.0B(44.0M) Survivors: 7168.0K->7168.0K Heap: 276.4M(1024.0M)->235.4M(1024.0M)]
 [Times: user=0.11 sys=0.01, real=0.02 secs] 
2021-04-22T17:46:46.348+0800: 3238.862: [GC pause (G1 Evacuation Pause) (young), 0.0270900 secs]
   [Parallel Time: 25.9 ms, GC Workers: 8]
      [GC Worker Start (ms): Min: 3238863.1, Avg: 3238863.4, Max: 3238864.5, Diff: 1.4]
      [Ext Root Scanning (ms): Min: 0.0, Avg: 2.4, Max: 7.0, Diff: 7.0, Sum: 19.0]
      [Update RS (ms): Min: 0.0, Avg: 2.6, Max: 6.9, Diff: 6.9, Sum: 20.4]
         [Processed Buffers: Min: 0, Avg: 5.5, Max: 26, Diff: 26, Sum: 44]
      [Scan RS (ms): Min: 0.0, Avg: 1.9, Max: 3.7, Diff: 3.7, Sum: 14.9]
      [Code Root Scanning (ms): Min: 0.0, Avg: 0.8, Max: 4.1, Diff: 4.1, Sum: 6.8]
      [Object Copy (ms): Min: 17.0, Avg: 17.4, Max: 18.1, Diff: 1.1, Sum: 138.9]
      [Termination (ms): Min: 0.0, Avg: 0.5, Max: 0.7, Diff: 0.7, Sum: 4.2]
         [Termination Attempts: Min: 1, Avg: 4.8, Max: 11, Diff: 10, Sum: 38]
      [GC Worker Other (ms): Min: 0.0, Avg: 0.0, Max: 0.0, Diff: 0.0, Sum: 0.2]
      [GC Worker Total (ms): Min: 24.4, Avg: 25.6, Max: 25.8, Diff: 1.4, Sum: 204.5]
      [GC Worker End (ms): Min: 3238889.0, Avg: 3238889.0, Max: 3238889.0, Diff: 0.0]
   [Code Root Fixup: 0.0 ms]
   [Code Root Purge: 0.0 ms]
   [Clear CT: 0.1 ms]
   [Other: 1.1 ms]
      [Choose CSet: 0.0 ms]
      [Ref Proc: 0.2 ms]
      [Ref Enq: 0.0 ms]
      [Redirty Cards: 0.1 ms]
      [Humongous Register: 0.3 ms]
      [Humongous Reclaim: 0.0 ms]
      [Free CSet: 0.0 ms]
   [Eden: 44.0M(44.0M)->0.0B(44.0M) Survivors: 7168.0K->7168.0K Heap: 279.4M(1024.0M)->242.4M(1024.0M)]
 [Times: user=0.11 sys=0.01, real=0.03 secs] 
2021-04-22T17:51:29.919+0800: 3522.433: [GC pause (G1 Evacuation Pause) (young), 0.0246450 secs]
   [Parallel Time: 23.6 ms, GC Workers: 8]
      [GC Worker Start (ms): Min: 3522433.8, Avg: 3522434.9, Max: 3522438.3, Diff: 4.5]
      [Ext Root Scanning (ms): Min: 0.0, Avg: 1.2, Max: 4.1, Diff: 4.1, Sum: 9.8]
      [Update RS (ms): Min: 0.0, Avg: 3.4, Max: 8.3, Diff: 8.3, Sum: 26.9]
         [Processed Buffers: Min: 0, Avg: 5.4, Max: 25, Diff: 25, Sum: 43]
      [Scan RS (ms): Min: 0.0, Avg: 2.1, Max: 3.9, Diff: 3.8, Sum: 16.8]
      [Code Root Scanning (ms): Min: 0.0, Avg: 3.8, Max: 16.7, Diff: 16.7, Sum: 30.0]
      [Object Copy (ms): Min: 2.5, Avg: 12.0, Max: 15.7, Diff: 13.2, Sum: 95.7]
      [Termination (ms): Min: 0.0, Avg: 0.0, Max: 0.1, Diff: 0.1, Sum: 0.2]
         [Termination Attempts: Min: 1, Avg: 5.9, Max: 11, Diff: 10, Sum: 47]
      [GC Worker Other (ms): Min: 0.0, Avg: 0.0, Max: 0.1, Diff: 0.0, Sum: 0.3]
      [GC Worker Total (ms): Min: 19.0, Avg: 22.5, Max: 23.5, Diff: 4.5, Sum: 179.7]
      [GC Worker End (ms): Min: 3522457.3, Avg: 3522457.3, Max: 3522457.3, Diff: 0.0]
   [Code Root Fixup: 0.0 ms]
   [Code Root Purge: 0.0 ms]
   [Clear CT: 0.1 ms]
   [Other: 1.0 ms]
      [Choose CSet: 0.0 ms]
      [Ref Proc: 0.2 ms]
      [Ref Enq: 0.0 ms]
      [Redirty Cards: 0.1 ms]
      [Humongous Register: 0.2 ms]
      [Humongous Reclaim: 0.0 ms]
      [Free CSet: 0.0 ms]
   [Eden: 44.0M(44.0M)->0.0B(44.0M) Survivors: 7168.0K->7168.0K Heap: 286.4M(1024.0M)->249.0M(1024.0M)]
 [Times: user=0.09 sys=0.01, real=0.03 secs] 
2021-04-22T18:32:22.963+0800: 4058.398: [GC pause (G1 Evacuation Pause) (young), 0.0643014 secs]
   [Parallel Time: 51.0 ms, GC Workers: 8]
      [GC Worker Start (ms): Min: 4058409.4, Avg: 4058409.6, Max: 4058409.7, Diff: 0.4]
      [Ext Root Scanning (ms): Min: 3.3, Avg: 5.2, Max: 14.5, Diff: 11.1, Sum: 41.9]
      [Update RS (ms): Min: 0.0, Avg: 10.1, Max: 17.3, Diff: 17.3, Sum: 80.8]
         [Processed Buffers: Min: 0, Avg: 5.4, Max: 18, Diff: 18, Sum: 43]
      [Scan RS (ms): Min: 0.0, Avg: 3.6, Max: 6.3, Diff: 6.3, Sum: 28.9]
      [Code Root Scanning (ms): Min: 0.0, Avg: 1.0, Max: 6.5, Diff: 6.5, Sum: 8.2]
      [Object Copy (ms): Min: 24.9, Avg: 26.6, Max: 28.2, Diff: 3.3, Sum: 212.6]
      [Termination (ms): Min: 1.4, Avg: 3.1, Max: 3.9, Diff: 2.4, Sum: 24.7]
         [Termination Attempts: Min: 63, Avg: 70.2, Max: 77, Diff: 14, Sum: 562]
      [GC Worker Other (ms): Min: 0.4, Avg: 0.5, Max: 0.7, Diff: 0.3, Sum: 4.2]
      [GC Worker Total (ms): Min: 50.0, Avg: 50.2, Max: 50.4, Diff: 0.3, Sum: 401.5]
      [GC Worker End (ms): Min: 4058459.7, Avg: 4058459.7, Max: 4058459.8, Diff: 0.0]
   [Code Root Fixup: 0.1 ms]
   [Code Root Purge: 0.0 ms]
   [Clear CT: 0.1 ms]
   [Other: 13.1 ms]
      [Choose CSet: 0.0 ms]
      [Ref Proc: 0.6 ms]
      [Ref Enq: 0.0 ms]
      [Redirty Cards: 0.1 ms]
      [Humongous Register: 2.5 ms]
      [Humongous Reclaim: 0.0 ms]
      [Free CSet: 0.1 ms]
   [Eden: 44.0M(44.0M)->0.0B(44.0M) Survivors: 7168.0K->7168.0K Heap: 293.0M(1024.0M)->255.0M(1024.0M)]
 [Times: user=0.09 sys=0.11, real=0.07 secs] 
2021-04-22T19:25:41.107+0800: 6648.393: [GC pause (G1 Evacuation Pause) (young), 0.0189318 secs]
   [Parallel Time: 16.3 ms, GC Workers: 8]
      [GC Worker Start (ms): Min: 6648392.9, Avg: 6648393.1, Max: 6648393.7, Diff: 0.8]
      [Ext Root Scanning (ms): Min: 0.0, Avg: 1.1, Max: 2.1, Diff: 2.1, Sum: 8.7]
      [Update RS (ms): Min: 0.0, Avg: 0.5, Max: 1.1, Diff: 1.1, Sum: 4.3]
         [Processed Buffers: Min: 0, Avg: 4.8, Max: 28, Diff: 28, Sum: 38]
      [Scan RS (ms): Min: 0.1, Avg: 3.0, Max: 3.8, Diff: 3.8, Sum: 24.2]
      [Code Root Scanning (ms): Min: 0.0, Avg: 5.5, Max: 14.5, Diff: 14.5, Sum: 44.0]
      [Object Copy (ms): Min: 0.0, Avg: 5.8, Max: 11.2, Diff: 11.2, Sum: 46.0]
      [Termination (ms): Min: 0.0, Avg: 0.1, Max: 0.2, Diff: 0.2, Sum: 1.1]
         [Termination Attempts: Min: 1, Avg: 1.6, Max: 3, Diff: 2, Sum: 13]
      [GC Worker Other (ms): Min: 0.0, Avg: 0.0, Max: 0.0, Diff: 0.0, Sum: 0.1]
      [GC Worker Total (ms): Min: 15.5, Avg: 16.0, Max: 16.3, Diff: 0.8, Sum: 128.4]
      [GC Worker End (ms): Min: 6648409.1, Avg: 6648409.1, Max: 6648409.1, Diff: 0.0]
   [Code Root Fixup: 0.0 ms]
   [Code Root Purge: 0.0 ms]
   [Clear CT: 0.1 ms]
   [Other: 2.5 ms]
      [Choose CSet: 0.0 ms]
      [Ref Proc: 0.9 ms]
      [Ref Enq: 0.0 ms]
      [Redirty Cards: 0.1 ms]
      [Humongous Register: 0.1 ms]
      [Humongous Reclaim: 0.0 ms]
      [Free CSet: 0.9 ms]
   [Eden: 44.0M(44.0M)->0.0B(46.0M) Survivors: 7168.0K->5120.0K Heap: 299.0M(1024.0M)->260.0M(1024.0M)]
 [Times: user=0.05 sys=0.01, real=0.04 secs] 
2021-04-22T21:09:05.089+0800: 9373.020: [GC pause (G1 Evacuation Pause) (young), 0.0213243 secs]
   [Parallel Time: 17.3 ms, GC Workers: 8]
      [GC Worker Start (ms): Min: 9373021.4, Avg: 9373021.6, Max: 9373021.8, Diff: 0.4]
      [Ext Root Scanning (ms): Min: 0.9, Avg: 2.1, Max: 7.6, Diff: 6.7, Sum: 16.5]
      [Update RS (ms): Min: 0.0, Avg: 5.4, Max: 7.3, Diff: 7.3, Sum: 43.2]
         [Processed Buffers: Min: 0, Avg: 4.8, Max: 17, Diff: 17, Sum: 38]
      [Scan RS (ms): Min: 0.0, Avg: 0.1, Max: 0.4, Diff: 0.4, Sum: 0.6]
      [Code Root Scanning (ms): Min: 0.0, Avg: 0.8, Max: 2.6, Diff: 2.6, Sum: 6.6]
      [Object Copy (ms): Min: 0.1, Avg: 3.0, Max: 6.8, Diff: 6.7, Sum: 23.7]
      [Termination (ms): Min: 2.7, Avg: 5.7, Max: 8.0, Diff: 5.3, Sum: 45.2]
         [Termination Attempts: Min: 16, Avg: 28.8, Max: 46, Diff: 30, Sum: 230]
      [GC Worker Other (ms): Min: 0.0, Avg: 0.0, Max: 0.0, Diff: 0.0, Sum: 0.2]
      [GC Worker Total (ms): Min: 16.8, Avg: 17.0, Max: 17.2, Diff: 0.4, Sum: 135.9]
      [GC Worker End (ms): Min: 9373038.6, Avg: 9373038.6, Max: 9373038.6, Diff: 0.0]
   [Code Root Fixup: 0.0 ms]
   [Code Root Purge: 0.1 ms]
   [Clear CT: 0.1 ms]
   [Other: 3.8 ms]
      [Choose CSet: 0.0 ms]
      [Ref Proc: 1.8 ms]
      [Ref Enq: 0.0 ms]
      [Redirty Cards: 0.1 ms]
      [Humongous Register: 0.8 ms]
      [Humongous Reclaim: 0.0 ms]
      [Free CSet: 0.2 ms]
   [Eden: 46.0M(46.0M)->0.0B(49.0M) Survivors: 5120.0K->2048.0K Heap: 306.0M(1024.0M)->256.8M(1024.0M)]
 [Times: user=0.03 sys=0.03, real=0.03 secs] 
2021-04-22T22:18:45.402+0800: 11369.413: [GC pause (G1 Evacuation Pause) (young), 0.0146378 secs]
   [Parallel Time: 12.5 ms, GC Workers: 8]
      [GC Worker Start (ms): Min: 11369413.2, Avg: 11369413.3, Max: 11369413.4, Diff: 0.3]
      [Ext Root Scanning (ms): Min: 0.6, Avg: 1.4, Max: 2.9, Diff: 2.3, Sum: 11.3]
      [Update RS (ms): Min: 0.0, Avg: 1.1, Max: 3.0, Diff: 3.0, Sum: 8.9]
         [Processed Buffers: Min: 0, Avg: 5.0, Max: 13, Diff: 13, Sum: 40]
      [Scan RS (ms): Min: 0.0, Avg: 0.7, Max: 1.9, Diff: 1.9, Sum: 5.4]
      [Code Root Scanning (ms): Min: 0.0, Avg: 0.9, Max: 4.1, Diff: 4.1, Sum: 7.3]
      [Object Copy (ms): Min: 6.0, Avg: 8.0, Max: 8.9, Diff: 2.9, Sum: 64.0]
      [Termination (ms): Min: 0.0, Avg: 0.0, Max: 0.1, Diff: 0.1, Sum: 0.3]
         [Termination Attempts: Min: 1, Avg: 3.6, Max: 10, Diff: 9, Sum: 29]
      [GC Worker Other (ms): Min: 0.0, Avg: 0.0, Max: 0.0, Diff: 0.0, Sum: 0.1]
      [GC Worker Total (ms): Min: 12.0, Avg: 12.2, Max: 12.3, Diff: 0.3, Sum: 97.5]
      [GC Worker End (ms): Min: 11369425.5, Avg: 11369425.5, Max: 11369425.5, Diff: 0.0]
   [Code Root Fixup: 0.0 ms]
   [Code Root Purge: 0.0 ms]
   [Clear CT: 0.1 ms]
   [Other: 2.0 ms]
      [Choose CSet: 0.0 ms]
      [Ref Proc: 1.4 ms]
      [Ref Enq: 0.0 ms]
      [Redirty Cards: 0.1 ms]
      [Humongous Register: 0.1 ms]
      [Humongous Reclaim: 0.0 ms]
      [Free CSet: 0.1 ms]
   [Eden: 49.0M(49.0M)->0.0B(47.0M) Survivors: 2048.0K->4096.0K Heap: 305.8M(1024.0M)->258.8M(1024.0M)]
 [Times: user=0.03 sys=0.02, real=0.01 secs] 
2021-04-22T22:19:08.801+0800: 11392.818: [GC pause (G1 Evacuation Pause) (young), 0.0141855 secs]
   [Parallel Time: 13.1 ms, GC Workers: 8]
      [GC Worker Start (ms): Min: 11392818.2, Avg: 11392818.8, Max: 11392821.3, Diff: 3.1]
      [Ext Root Scanning (ms): Min: 0.0, Avg: 2.5, Max: 12.0, Diff: 12.0, Sum: 20.1]
      [Update RS (ms): Min: 0.0, Avg: 0.4, Max: 1.0, Diff: 1.0, Sum: 3.1]
         [Processed Buffers: Min: 0, Avg: 4.9, Max: 17, Diff: 17, Sum: 39]
      [Scan RS (ms): Min: 0.1, Avg: 1.7, Max: 6.4, Diff: 6.3, Sum: 13.4]
      [Code Root Scanning (ms): Min: 0.0, Avg: 1.2, Max: 9.5, Diff: 9.5, Sum: 9.5]
      [Object Copy (ms): Min: 0.0, Avg: 5.6, Max: 8.6, Diff: 8.6, Sum: 44.5]
      [Termination (ms): Min: 0.0, Avg: 1.0, Max: 1.3, Diff: 1.3, Sum: 8.2]
         [Termination Attempts: Min: 1, Avg: 3.2, Max: 8, Diff: 7, Sum: 26]
      [GC Worker Other (ms): Min: 0.0, Avg: 0.0, Max: 0.0, Diff: 0.0, Sum: 0.1]
      [GC Worker Total (ms): Min: 9.8, Avg: 12.4, Max: 12.9, Diff: 3.1, Sum: 99.0]
      [GC Worker End (ms): Min: 11392831.1, Avg: 11392831.1, Max: 11392831.2, Diff: 0.0]
   [Code Root Fixup: 0.0 ms]
   [Code Root Purge: 0.0 ms]
   [Clear CT: 0.1 ms]
   [Other: 1.0 ms]
      [Choose CSet: 0.0 ms]
      [Ref Proc: 0.3 ms]
      [Ref Enq: 0.0 ms]
      [Redirty Cards: 0.1 ms]
      [Humongous Register: 0.1 ms]
      [Humongous Reclaim: 0.0 ms]
      [Free CSet: 0.1 ms]
   [Eden: 47.0M(47.0M)->0.0B(45.0M) Survivors: 4096.0K->6144.0K Heap: 305.8M(1024.0M)->261.4M(1024.0M)]
 [Times: user=0.05 sys=0.01, real=0.01 secs] 
2021-04-22T22:19:31.131+0800: 11415.149: [GC pause (G1 Evacuation Pause) (young), 0.0121504 secs]
   [Parallel Time: 10.8 ms, GC Workers: 8]
      [GC Worker Start (ms): Min: 11415149.3, Avg: 11415149.4, Max: 11415149.6, Diff: 0.3]
      [Ext Root Scanning (ms): Min: 0.3, Avg: 2.5, Max: 10.3, Diff: 10.0, Sum: 20.1]
      [Update RS (ms): Min: 0.0, Avg: 0.4, Max: 1.2, Diff: 1.2, Sum: 3.6]
         [Processed Buffers: Min: 0, Avg: 5.4, Max: 18, Diff: 18, Sum: 43]
      [Scan RS (ms): Min: 0.1, Avg: 0.8, Max: 1.9, Diff: 1.9, Sum: 6.3]
      [Code Root Scanning (ms): Min: 0.0, Avg: 2.9, Max: 8.5, Diff: 8.5, Sum: 23.3]
      [Object Copy (ms): Min: 0.0, Avg: 3.5, Max: 7.0, Diff: 7.0, Sum: 27.9]
      [Termination (ms): Min: 0.0, Avg: 0.5, Max: 0.8, Diff: 0.8, Sum: 4.0]
         [Termination Attempts: Min: 1, Avg: 4.0, Max: 11, Diff: 10, Sum: 32]
      [GC Worker Other (ms): Min: 0.0, Avg: 0.0, Max: 0.0, Diff: 0.0, Sum: 0.1]
      [GC Worker Total (ms): Min: 10.5, Avg: 10.7, Max: 10.8, Diff: 0.3, Sum: 85.2]
      [GC Worker End (ms): Min: 11415160.1, Avg: 11415160.1, Max: 11415160.1, Diff: 0.0]
   [Code Root Fixup: 0.0 ms]
   [Code Root Purge: 0.0 ms]
   [Clear CT: 0.1 ms]
   [Other: 1.2 ms]
      [Choose CSet: 0.0 ms]
      [Ref Proc: 0.3 ms]
      [Ref Enq: 0.0 ms]
      [Redirty Cards: 0.1 ms]
      [Humongous Register: 0.1 ms]
      [Humongous Reclaim: 0.0 ms]
      [Free CSet: 0.1 ms]
   [Eden: 45.0M(45.0M)->0.0B(47.0M) Survivors: 6144.0K->4096.0K Heap: 306.4M(1024.0M)->260.7M(1024.0M)]
 [Times: user=0.04 sys=0.00, real=0.01 secs] 
2021-04-22T22:19:54.891+0800: 11438.910: [GC pause (G1 Evacuation Pause) (young), 0.0099658 secs]
   [Parallel Time: 8.7 ms, GC Workers: 8]
      [GC Worker Start (ms): Min: 11438910.5, Avg: 11438912.5, Max: 11438917.8, Diff: 7.3]
      [Ext Root Scanning (ms): Min: 0.0, Avg: 0.5, Max: 1.5, Diff: 1.5, Sum: 4.2]
      [Update RS (ms): Min: 0.0, Avg: 2.2, Max: 6.7, Diff: 6.7, Sum: 17.7]
         [Processed Buffers: Min: 0, Avg: 5.5, Max: 23, Diff: 23, Sum: 44]
      [Scan RS (ms): Min: 0.0, Avg: 0.1, Max: 0.3, Diff: 0.3, Sum: 1.0]
      [Code Root Scanning (ms): Min: 0.0, Avg: 0.0, Max: 0.0, Diff: 0.0, Sum: 0.0]
      [Object Copy (ms): Min: 1.1, Avg: 3.6, Max: 5.9, Diff: 4.8, Sum: 29.1]
      [Termination (ms): Min: 0.0, Avg: 0.1, Max: 0.2, Diff: 0.2, Sum: 1.1]
         [Termination Attempts: Min: 1, Avg: 1.0, Max: 1, Diff: 0, Sum: 8]
      [GC Worker Other (ms): Min: 0.0, Avg: 0.0, Max: 0.0, Diff: 0.0, Sum: 0.1]
      [GC Worker Total (ms): Min: 1.2, Avg: 6.7, Max: 8.7, Diff: 7.4, Sum: 53.2]
      [GC Worker End (ms): Min: 11438919.1, Avg: 11438919.1, Max: 11438919.2, Diff: 0.1]
   [Code Root Fixup: 0.0 ms]
   [Code Root Purge: 0.0 ms]
   [Clear CT: 0.1 ms]
   [Other: 1.1 ms]
      [Choose CSet: 0.0 ms]
      [Ref Proc: 0.4 ms]
      [Ref Enq: 0.0 ms]
      [Redirty Cards: 0.1 ms]
      [Humongous Register: 0.1 ms]
      [Humongous Reclaim: 0.0 ms]
      [Free CSet: 0.1 ms]
   [Eden: 47.0M(47.0M)->0.0B(52.0M) Survivors: 4096.0K->5120.0K Heap: 307.7M(1024.0M)->261.5M(1024.0M)]
 [Times: user=0.03 sys=0.00, real=0.01 secs] 
2021-04-22T22:20:21.005+0800: 11465.025: [GC pause (G1 Evacuation Pause) (young), 0.0182995 secs]
   [Parallel Time: 16.8 ms, GC Workers: 8]
      [GC Worker Start (ms): Min: 11465025.8, Avg: 11465026.5, Max: 11465030.0, Diff: 4.2]
      [Ext Root Scanning (ms): Min: 0.0, Avg: 1.9, Max: 5.5, Diff: 5.5, Sum: 15.5]
      [Update RS (ms): Min: 0.0, Avg: 1.0, Max: 2.9, Diff: 2.9, Sum: 8.0]
         [Processed Buffers: Min: 0, Avg: 4.6, Max: 13, Diff: 13, Sum: 37]
      [Scan RS (ms): Min: 0.0, Avg: 0.0, Max: 0.1, Diff: 0.1, Sum: 0.1]
      [Code Root Scanning (ms): Min: 0.0, Avg: 0.0, Max: 0.0, Diff: 0.0, Sum: 0.0]
      [Object Copy (ms): Min: 10.7, Avg: 12.7, Max: 14.1, Diff: 3.4, Sum: 101.3]
      [Termination (ms): Min: 0.0, Avg: 0.4, Max: 0.5, Diff: 0.5, Sum: 3.0]
         [Termination Attempts: Min: 1, Avg: 1.1, Max: 2, Diff: 1, Sum: 9]
      [GC Worker Other (ms): Min: 0.0, Avg: 0.0, Max: 0.0, Diff: 0.0, Sum: 0.1]
      [GC Worker Total (ms): Min: 12.5, Avg: 16.0, Max: 16.7, Diff: 4.2, Sum: 128.1]
      [GC Worker End (ms): Min: 11465042.5, Avg: 11465042.5, Max: 11465042.6, Diff: 0.0]
   [Code Root Fixup: 0.0 ms]
   [Code Root Purge: 0.0 ms]
   [Clear CT: 0.1 ms]
   [Other: 1.4 ms]
      [Choose CSet: 0.0 ms]
      [Ref Proc: 0.3 ms]
      [Ref Enq: 0.0 ms]
      [Redirty Cards: 0.1 ms]
      [Humongous Register: 0.2 ms]
      [Humongous Reclaim: 0.0 ms]
      [Free CSet: 0.1 ms]
   [Eden: 52.0M(52.0M)->0.0B(53.0M) Survivors: 5120.0K->6144.0K Heap: 313.5M(1024.0M)->262.9M(1024.0M)]
 [Times: user=0.05 sys=0.02, real=0.02 secs] 
2021-04-22T22:20:47.864+0800: 11491.885: [GC pause (G1 Evacuation Pause) (young), 0.0157457 secs]
   [Parallel Time: 13.8 ms, GC Workers: 8]
      [GC Worker Start (ms): Min: 11491886.5, Avg: 11491888.3, Max: 11491896.5, Diff: 10.0]
      [Ext Root Scanning (ms): Min: 0.0, Avg: 4.5, Max: 10.1, Diff: 10.1, Sum: 35.8]
      [Update RS (ms): Min: 0.0, Avg: 0.7, Max: 2.0, Diff: 2.0, Sum: 5.7]
         [Processed Buffers: Min: 0, Avg: 5.2, Max: 21, Diff: 21, Sum: 42]
      [Scan RS (ms): Min: 0.0, Avg: 0.1, Max: 0.2, Diff: 0.2, Sum: 0.5]
      [Code Root Scanning (ms): Min: 0.0, Avg: 0.0, Max: 0.0, Diff: 0.0, Sum: 0.0]
      [Object Copy (ms): Min: 3.2, Avg: 6.5, Max: 9.7, Diff: 6.4, Sum: 51.9]
      [Termination (ms): Min: 0.1, Avg: 0.2, Max: 0.3, Diff: 0.2, Sum: 1.7]
         [Termination Attempts: Min: 1, Avg: 4.6, Max: 7, Diff: 6, Sum: 37]
      [GC Worker Other (ms): Min: 0.0, Avg: 0.0, Max: 0.1, Diff: 0.0, Sum: 0.2]
      [GC Worker Total (ms): Min: 3.7, Avg: 12.0, Max: 13.7, Diff: 10.0, Sum: 95.8]
      [GC Worker End (ms): Min: 11491900.2, Avg: 11491900.2, Max: 11491900.3, Diff: 0.0]
   [Code Root Fixup: 0.0 ms]
   [Code Root Purge: 0.0 ms]
   [Clear CT: 0.1 ms]
   [Other: 1.8 ms]
      [Choose CSet: 0.0 ms]
      [Ref Proc: 0.3 ms]
      [Ref Enq: 0.0 ms]
      [Redirty Cards: 0.1 ms]
      [Humongous Register: 0.7 ms]
      [Humongous Reclaim: 0.0 ms]
      [Free CSet: 0.1 ms]
   [Eden: 53.0M(53.0M)->0.0B(77.0M) Survivors: 6144.0K->8192.0K Heap: 315.9M(1024.0M)->264.9M(1024.0M)]
 [Times: user=0.04 sys=0.01, real=0.02 secs] 
2021-04-22T22:21:26.641+0800: 11530.663: [GC pause (G1 Evacuation Pause) (young), 0.0184932 secs]
   [Parallel Time: 17.3 ms, GC Workers: 8]
      [GC Worker Start (ms): Min: 11530663.8, Avg: 11530664.1, Max: 11530664.9, Diff: 1.1]
      [Ext Root Scanning (ms): Min: 0.0, Avg: 1.3, Max: 4.1, Diff: 4.1, Sum: 10.3]
      [Update RS (ms): Min: 0.0, Avg: 0.7, Max: 1.8, Diff: 1.8, Sum: 5.8]
         [Processed Buffers: Min: 0, Avg: 5.1, Max: 21, Diff: 21, Sum: 41]
      [Scan RS (ms): Min: 0.0, Avg: 0.0, Max: 0.1, Diff: 0.1, Sum: 0.1]
      [Code Root Scanning (ms): Min: 0.0, Avg: 0.0, Max: 0.0, Diff: 0.0, Sum: 0.0]
      [Object Copy (ms): Min: 12.8, Avg: 14.7, Max: 16.0, Diff: 3.2, Sum: 117.4]
      [Termination (ms): Min: 0.0, Avg: 0.1, Max: 0.2, Diff: 0.2, Sum: 0.6]
         [Termination Attempts: Min: 1, Avg: 1.4, Max: 3, Diff: 2, Sum: 11]
      [GC Worker Other (ms): Min: 0.0, Avg: 0.0, Max: 0.0, Diff: 0.0, Sum: 0.1]
      [GC Worker Total (ms): Min: 16.0, Avg: 16.8, Max: 17.1, Diff: 1.2, Sum: 134.5]
      [GC Worker End (ms): Min: 11530680.8, Avg: 11530680.9, Max: 11530681.0, Diff: 0.2]
   [Code Root Fixup: 0.0 ms]
   [Code Root Purge: 0.0 ms]
   [Clear CT: 0.1 ms]
   [Other: 1.1 ms]
      [Choose CSet: 0.0 ms]
      [Ref Proc: 0.3 ms]
      [Ref Enq: 0.0 ms]
      [Redirty Cards: 0.1 ms]
      [Humongous Register: 0.1 ms]
      [Humongous Reclaim: 0.0 ms]
      [Free CSet: 0.2 ms]
   [Eden: 77.0M(77.0M)->0.0B(91.0M) Survivors: 8192.0K->9216.0K Heap: 341.9M(1024.0M)->265.4M(1024.0M)]
 [Times: user=0.04 sys=0.02, real=0.02 secs] 
2021-04-22T22:22:12.695+0800: 11576.719: [GC pause (G1 Evacuation Pause) (young), 0.0239813 secs]
   [Parallel Time: 21.5 ms, GC Workers: 8]
      [GC Worker Start (ms): Min: 11576719.8, Avg: 11576720.1, Max: 11576721.4, Diff: 1.6]
      [Ext Root Scanning (ms): Min: 0.0, Avg: 1.9, Max: 4.8, Diff: 4.8, Sum: 15.1]
      [Update RS (ms): Min: 0.0, Avg: 1.0, Max: 2.5, Diff: 2.5, Sum: 8.0]
         [Processed Buffers: Min: 0, Avg: 5.2, Max: 14, Diff: 14, Sum: 42]
      [Scan RS (ms): Min: 0.0, Avg: 0.0, Max: 0.1, Diff: 0.1, Sum: 0.2]
      [Code Root Scanning (ms): Min: 0.0, Avg: 0.0, Max: 0.0, Diff: 0.0, Sum: 0.0]
      [Object Copy (ms): Min: 16.0, Avg: 17.7, Max: 19.4, Diff: 3.4, Sum: 141.5]
      [Termination (ms): Min: 0.0, Avg: 0.5, Max: 0.6, Diff: 0.6, Sum: 3.6]
         [Termination Attempts: Min: 1, Avg: 3.0, Max: 7, Diff: 6, Sum: 24]
      [GC Worker Other (ms): Min: 0.0, Avg: 0.0, Max: 0.1, Diff: 0.0, Sum: 0.3]
      [GC Worker Total (ms): Min: 19.9, Avg: 21.1, Max: 21.4, Diff: 1.5, Sum: 168.8]
      [GC Worker End (ms): Min: 11576741.2, Avg: 11576741.2, Max: 11576741.3, Diff: 0.0]
   [Code Root Fixup: 0.0 ms]
   [Code Root Purge: 0.0 ms]
   [Clear CT: 0.1 ms]
   [Other: 2.3 ms]
      [Choose CSet: 0.0 ms]
      [Ref Proc: 1.1 ms]
      [Ref Enq: 0.0 ms]
      [Redirty Cards: 0.1 ms]
      [Humongous Register: 0.3 ms]
      [Humongous Reclaim: 0.0 ms]
      [Free CSet: 0.1 ms]
   [Eden: 91.0M(91.0M)->0.0B(66.0M) Survivors: 9216.0K->10.0M Heap: 356.4M(1024.0M)->266.4M(1024.0M)]
 [Times: user=0.07 sys=0.02, real=0.02 secs] 
2021-04-22T22:22:46.241+0800: 11610.266: [GC pause (G1 Evacuation Pause) (young), 0.0183687 secs]
   [Parallel Time: 17.1 ms, GC Workers: 8]
      [GC Worker Start (ms): Min: 11610266.4, Avg: 11610266.9, Max: 11610269.5, Diff: 3.1]
      [Ext Root Scanning (ms): Min: 0.0, Avg: 1.7, Max: 3.3, Diff: 3.3, Sum: 13.5]
      [Update RS (ms): Min: 0.0, Avg: 0.6, Max: 1.7, Diff: 1.7, Sum: 4.6]
         [Processed Buffers: Min: 0, Avg: 5.4, Max: 16, Diff: 16, Sum: 43]
      [Scan RS (ms): Min: 0.0, Avg: 0.0, Max: 0.1, Diff: 0.1, Sum: 0.1]
      [Code Root Scanning (ms): Min: 0.0, Avg: 0.0, Max: 0.0, Diff: 0.0, Sum: 0.0]
      [Object Copy (ms): Min: 13.5, Avg: 14.1, Max: 14.6, Diff: 1.2, Sum: 113.0]
      [Termination (ms): Min: 0.0, Avg: 0.0, Max: 0.0, Diff: 0.0, Sum: 0.2]
         [Termination Attempts: Min: 1, Avg: 1.4, Max: 3, Diff: 2, Sum: 11]
      [GC Worker Other (ms): Min: 0.0, Avg: 0.0, Max: 0.0, Diff: 0.0, Sum: 0.1]
      [GC Worker Total (ms): Min: 13.8, Avg: 16.5, Max: 16.9, Diff: 3.1, Sum: 131.6]
      [GC Worker End (ms): Min: 11610283.3, Avg: 11610283.3, Max: 11610283.3, Diff: 0.0]
   [Code Root Fixup: 0.0 ms]
   [Code Root Purge: 0.0 ms]
   [Clear CT: 0.1 ms]
   [Other: 1.1 ms]
      [Choose CSet: 0.0 ms]
      [Ref Proc: 0.2 ms]
      [Ref Enq: 0.0 ms]
      [Redirty Cards: 0.1 ms]
      [Humongous Register: 0.2 ms]
      [Humongous Reclaim: 0.0 ms]
      [Free CSet: 0.1 ms]
   [Eden: 66.0M(66.0M)->0.0B(71.0M) Survivors: 10.0M->9216.0K Heap: 332.4M(1024.0M)->267.4M(1024.0M)]
 [Times: user=0.07 sys=0.00, real=0.01 secs] 
2021-04-22T22:23:07.388+0800: 11631.414: [GC pause (G1 Evacuation Pause) (young), 0.0189500 secs]
   [Parallel Time: 17.9 ms, GC Workers: 8]
      [GC Worker Start (ms): Min: 11631414.5, Avg: 11631414.7, Max: 11631414.9, Diff: 0.4]
      [Ext Root Scanning (ms): Min: 0.7, Avg: 3.2, Max: 14.1, Diff: 13.3, Sum: 25.7]
      [Update RS (ms): Min: 0.0, Avg: 3.8, Max: 11.5, Diff: 11.5, Sum: 30.0]
         [Processed Buffers: Min: 0, Avg: 5.5, Max: 18, Diff: 18, Sum: 44]
      [Scan RS (ms): Min: 0.0, Avg: 2.9, Max: 8.7, Diff: 8.7, Sum: 23.0]
      [Code Root Scanning (ms): Min: 0.0, Avg: 0.0, Max: 0.0, Diff: 0.0, Sum: 0.0]
      [Object Copy (ms): Min: 3.1, Avg: 7.7, Max: 10.3, Diff: 7.2, Sum: 61.3]
      [Termination (ms): Min: 0.0, Avg: 0.0, Max: 0.0, Diff: 0.0, Sum: 0.0]
         [Termination Attempts: Min: 1, Avg: 2.0, Max: 4, Diff: 3, Sum: 16]
      [GC Worker Other (ms): Min: 0.0, Avg: 0.0, Max: 0.1, Diff: 0.0, Sum: 0.3]
      [GC Worker Total (ms): Min: 17.3, Avg: 17.5, Max: 17.7, Diff: 0.4, Sum: 140.4]
      [GC Worker End (ms): Min: 11631432.2, Avg: 11631432.2, Max: 11631432.3, Diff: 0.0]
   [Code Root Fixup: 0.0 ms]
   [Code Root Purge: 0.0 ms]
   [Clear CT: 0.1 ms]
   [Other: 1.0 ms]
      [Choose CSet: 0.0 ms]
      [Ref Proc: 0.2 ms]
      [Ref Enq: 0.0 ms]
      [Redirty Cards: 0.1 ms]
      [Humongous Register: 0.3 ms]
      [Humongous Reclaim: 0.0 ms]
      [Free CSet: 0.0 ms]
   [Eden: 42.0M(42.0M)->0.0B(64.0M) Survivors: 9216.0K->7168.0K Heap: 309.4M(1024.0M)->269.7M(1024.0M)]
 [Times: user=0.08 sys=0.00, real=0.02 secs] 
2021-04-22T22:23:29.289+0800: 11653.315: [GC pause (G1 Evacuation Pause) (young), 0.0171273 secs]
   [Parallel Time: 16.0 ms, GC Workers: 8]
      [GC Worker Start (ms): Min: 11653315.7, Avg: 11653318.8, Max: 11653327.9, Diff: 12.2]
      [Ext Root Scanning (ms): Min: 0.0, Avg: 2.0, Max: 10.9, Diff: 10.9, Sum: 16.3]
      [Update RS (ms): Min: 0.0, Avg: 2.0, Max: 4.9, Diff: 4.9, Sum: 16.4]
         [Processed Buffers: Min: 0, Avg: 5.5, Max: 28, Diff: 28, Sum: 44]
      [Scan RS (ms): Min: 0.0, Avg: 1.9, Max: 4.1, Diff: 4.1, Sum: 15.4]
      [Code Root Scanning (ms): Min: 0.0, Avg: 0.0, Max: 0.0, Diff: 0.0, Sum: 0.0]
      [Object Copy (ms): Min: 3.7, Avg: 6.7, Max: 13.4, Diff: 9.6, Sum: 53.8]
      [Termination (ms): Min: 0.0, Avg: 0.0, Max: 0.0, Diff: 0.0, Sum: 0.0]
         [Termination Attempts: Min: 1, Avg: 8.9, Max: 18, Diff: 17, Sum: 71]
      [GC Worker Other (ms): Min: 0.0, Avg: 0.0, Max: 0.1, Diff: 0.1, Sum: 0.3]
      [GC Worker Total (ms): Min: 3.8, Avg: 12.8, Max: 15.9, Diff: 12.2, Sum: 102.2]
      [GC Worker End (ms): Min: 11653331.6, Avg: 11653331.6, Max: 11653331.6, Diff: 0.0]
   [Code Root Fixup: 0.0 ms]
   [Code Root Purge: 0.0 ms]
   [Clear CT: 0.1 ms]
   [Other: 1.0 ms]
      [Choose CSet: 0.0 ms]
      [Ref Proc: 0.3 ms]
      [Ref Enq: 0.0 ms]
      [Redirty Cards: 0.1 ms]
      [Humongous Register: 0.2 ms]
      [Humongous Reclaim: 0.0 ms]
      [Free CSet: 0.0 ms]
   [Eden: 44.0M(44.0M)->0.0B(121.0M) Survivors: 7168.0K->5120.0K Heap: 313.7M(1024.0M)->270.3M(1024.0M)]
 [Times: user=0.08 sys=0.01, real=0.02 secs] 
2021-04-22T22:23:52.486+0800: 11676.513: [GC pause (G1 Evacuation Pause) (young), 0.0154506 secs]
   [Parallel Time: 14.2 ms, GC Workers: 8]
      [GC Worker Start (ms): Min: 11676513.9, Avg: 11676515.5, Max: 11676525.0, Diff: 11.1]
      [Ext Root Scanning (ms): Min: 0.0, Avg: 3.3, Max: 10.6, Diff: 10.5, Sum: 26.5]
      [Update RS (ms): Min: 0.0, Avg: 1.6, Max: 4.0, Diff: 4.0, Sum: 13.2]
         [Processed Buffers: Min: 0, Avg: 5.8, Max: 15, Diff: 15, Sum: 46]
      [Scan RS (ms): Min: 0.0, Avg: 1.2, Max: 2.6, Diff: 2.6, Sum: 9.6]
      [Code Root Scanning (ms): Min: 0.0, Avg: 0.0, Max: 0.0, Diff: 0.0, Sum: 0.0]
      [Object Copy (ms): Min: 2.9, Avg: 6.3, Max: 13.1, Diff: 10.1, Sum: 50.7]
      [Termination (ms): Min: 0.0, Avg: 0.0, Max: 0.0, Diff: 0.0, Sum: 0.2]
         [Termination Attempts: Min: 1, Avg: 58.6, Max: 85, Diff: 84, Sum: 469]
      [GC Worker Other (ms): Min: 0.0, Avg: 0.0, Max: 0.0, Diff: 0.0, Sum: 0.2]
      [GC Worker Total (ms): Min: 3.0, Avg: 12.6, Max: 14.1, Diff: 11.1, Sum: 100.5]
      [GC Worker End (ms): Min: 11676528.0, Avg: 11676528.0, Max: 11676528.0, Diff: 0.0]
   [Code Root Fixup: 0.0 ms]
   [Code Root Purge: 0.0 ms]
   [Clear CT: 0.1 ms]
   [Other: 1.1 ms]
      [Choose CSet: 0.0 ms]
      [Ref Proc: 0.2 ms]
      [Ref Enq: 0.0 ms]
      [Redirty Cards: 0.1 ms]
      [Humongous Register: 0.3 ms]
      [Humongous Reclaim: 0.0 ms]
      [Free CSet: 0.0 ms]
   [Eden: 46.0M(46.0M)->0.0B(124.0M) Survivors: 5120.0K->6144.0K Heap: 316.3M(1024.0M)->271.2M(1024.0M)]
 [Times: user=0.07 sys=0.00, real=0.02 secs] 
2021-04-22T22:24:55.205+0800: 11739.234: [GC pause (G1 Evacuation Pause) (young), 0.0226493 secs]
   [Parallel Time: 20.1 ms, GC Workers: 8]
      [GC Worker Start (ms): Min: 11739234.8, Avg: 11739235.4, Max: 11739236.6, Diff: 1.9]
      [Ext Root Scanning (ms): Min: 0.0, Avg: 0.8, Max: 2.4, Diff: 2.4, Sum: 6.5]
      [Update RS (ms): Min: 1.6, Avg: 4.4, Max: 7.7, Diff: 6.1, Sum: 34.8]
         [Processed Buffers: Min: 1, Avg: 6.2, Max: 22, Diff: 21, Sum: 50]
      [Scan RS (ms): Min: 0.0, Avg: 0.9, Max: 1.8, Diff: 1.8, Sum: 7.1]
      [Code Root Scanning (ms): Min: 0.0, Avg: 0.0, Max: 0.0, Diff: 0.0, Sum: 0.1]
      [Object Copy (ms): Min: 11.0, Avg: 12.8, Max: 14.7, Diff: 3.7, Sum: 102.5]
      [Termination (ms): Min: 0.0, Avg: 0.4, Max: 0.5, Diff: 0.5, Sum: 3.2]
         [Termination Attempts: Min: 1, Avg: 13.5, Max: 19, Diff: 18, Sum: 108]
      [GC Worker Other (ms): Min: 0.0, Avg: 0.0, Max: 0.0, Diff: 0.0, Sum: 0.3]
      [GC Worker Total (ms): Min: 18.0, Avg: 19.3, Max: 19.9, Diff: 1.8, Sum: 154.4]
      [GC Worker End (ms): Min: 11739254.6, Avg: 11739254.6, Max: 11739254.7, Diff: 0.0]
   [Code Root Fixup: 0.0 ms]
   [Code Root Purge: 0.0 ms]
   [Clear CT: 0.2 ms]
   [Other: 2.4 ms]
      [Choose CSet: 0.0 ms]
      [Ref Proc: 1.4 ms]
      [Ref Enq: 0.0 ms]
      [Redirty Cards: 0.1 ms]
      [Humongous Register: 0.2 ms]
      [Humongous Reclaim: 0.0 ms]
      [Free CSet: 0.1 ms]
   [Eden: 124.0M(124.0M)->0.0B(81.0M) Survivors: 6144.0K->8192.0K Heap: 395.2M(1024.0M)->273.0M(1024.0M)]
 [Times: user=0.07 sys=0.01, real=0.02 secs] 
2021-04-22T22:25:16.838+0800: 11760.868: [GC pause (G1 Evacuation Pause) (young), 0.0177530 secs]
   [Parallel Time: 16.5 ms, GC Workers: 8]
      [GC Worker Start (ms): Min: 11760868.2, Avg: 11760869.2, Max: 11760874.7, Diff: 6.5]
      [Ext Root Scanning (ms): Min: 0.0, Avg: 4.1, Max: 13.3, Diff: 13.3, Sum: 32.6]
      [Update RS (ms): Min: 0.0, Avg: 1.4, Max: 3.5, Diff: 3.5, Sum: 11.4]
         [Processed Buffers: Min: 0, Avg: 5.1, Max: 24, Diff: 24, Sum: 41]
      [Scan RS (ms): Min: 0.0, Avg: 1.4, Max: 3.2, Diff: 3.2, Sum: 11.0]
      [Code Root Scanning (ms): Min: 0.0, Avg: 0.0, Max: 0.0, Diff: 0.0, Sum: 0.0]
      [Object Copy (ms): Min: 3.1, Avg: 8.5, Max: 15.4, Diff: 12.4, Sum: 67.8]
      [Termination (ms): Min: 0.0, Avg: 0.0, Max: 0.0, Diff: 0.0, Sum: 0.0]
         [Termination Attempts: Min: 1, Avg: 10.0, Max: 19, Diff: 18, Sum: 80]
      [GC Worker Other (ms): Min: 0.0, Avg: 0.0, Max: 0.1, Diff: 0.0, Sum: 0.3]
      [GC Worker Total (ms): Min: 9.9, Avg: 15.4, Max: 16.4, Diff: 6.5, Sum: 123.3]
      [GC Worker End (ms): Min: 11760884.6, Avg: 11760884.6, Max: 11760884.6, Diff: 0.0]
   [Code Root Fixup: 0.0 ms]
   [Code Root Purge: 0.0 ms]
   [Clear CT: 0.1 ms]
   [Other: 1.1 ms]
      [Choose CSet: 0.0 ms]
      [Ref Proc: 0.2 ms]
      [Ref Enq: 0.0 ms]
      [Redirty Cards: 0.1 ms]
      [Humongous Register: 0.3 ms]
      [Humongous Reclaim: 0.0 ms]
      [Free CSet: 0.1 ms]
   [Eden: 43.0M(43.0M)->0.0B(99.0M) Survivors: 8192.0K->7168.0K Heap: 316.0M(1024.0M)->273.5M(1024.0M)]
 [Times: user=0.07 sys=0.01, real=0.02 secs] 
2021-04-22T22:25:39.064+0800: 11783.095: [GC pause (G1 Evacuation Pause) (young), 0.0174273 secs]
   [Parallel Time: 15.7 ms, GC Workers: 8]
      [GC Worker Start (ms): Min: 11783095.6, Avg: 11783097.9, Max: 11783104.5, Diff: 9.0]
      [Ext Root Scanning (ms): Min: 0.0, Avg: 2.8, Max: 9.0, Diff: 9.0, Sum: 22.2]
      [Update RS (ms): Min: 0.0, Avg: 2.1, Max: 4.5, Diff: 4.5, Sum: 16.5]
         [Processed Buffers: Min: 0, Avg: 5.5, Max: 21, Diff: 21, Sum: 44]
      [Scan RS (ms): Min: 0.0, Avg: 1.7, Max: 3.2, Diff: 3.2, Sum: 13.4]
      [Code Root Scanning (ms): Min: 0.0, Avg: 0.0, Max: 0.0, Diff: 0.0, Sum: 0.0]
      [Object Copy (ms): Min: 6.5, Avg: 6.7, Max: 7.0, Diff: 0.4, Sum: 53.8]
      [Termination (ms): Min: 0.0, Avg: 0.0, Max: 0.0, Diff: 0.0, Sum: 0.0]
         [Termination Attempts: Min: 1, Avg: 2.2, Max: 4, Diff: 3, Sum: 18]
      [GC Worker Other (ms): Min: 0.0, Avg: 0.0, Max: 0.1, Diff: 0.0, Sum: 0.3]
      [GC Worker Total (ms): Min: 6.6, Avg: 13.3, Max: 15.6, Diff: 8.9, Sum: 106.1]
      [GC Worker End (ms): Min: 11783111.2, Avg: 11783111.2, Max: 11783111.2, Diff: 0.0]
   [Code Root Fixup: 0.0 ms]
   [Code Root Purge: 0.0 ms]
   [Clear CT: 0.2 ms]
   [Other: 1.5 ms]
      [Choose CSet: 0.0 ms]
      [Ref Proc: 0.4 ms]
      [Ref Enq: 0.0 ms]
      [Redirty Cards: 0.2 ms]
      [Humongous Register: 0.3 ms]
      [Humongous Reclaim: 0.0 ms]
      [Free CSet: 0.1 ms]
   [Eden: 44.0M(44.0M)->0.0B(143.0M) Survivors: 7168.0K->5120.0K Heap: 317.5M(1024.0M)->273.1M(1024.0M)]
 [Times: user=0.08 sys=0.00, real=0.02 secs] 
2021-04-22T22:26:02.084+0800: 11806.115: [GC pause (G1 Evacuation Pause) (young), 0.0167615 secs]
   [Parallel Time: 15.5 ms, GC Workers: 8]
      [GC Worker Start (ms): Min: 11806115.4, Avg: 11806115.8, Max: 11806117.3, Diff: 1.8]
      [Ext Root Scanning (ms): Min: 0.0, Avg: 3.3, Max: 10.9, Diff: 10.9, Sum: 26.4]
      [Update RS (ms): Min: 0.0, Avg: 4.4, Max: 9.8, Diff: 9.8, Sum: 35.4]
         [Processed Buffers: Min: 0, Avg: 5.5, Max: 22, Diff: 22, Sum: 44]
      [Scan RS (ms): Min: 0.0, Avg: 1.9, Max: 3.9, Diff: 3.9, Sum: 15.3]
      [Code Root Scanning (ms): Min: 0.0, Avg: 0.0, Max: 0.0, Diff: 0.0, Sum: 0.0]
      [Object Copy (ms): Min: 4.5, Avg: 5.4, Max: 6.2, Diff: 1.7, Sum: 43.1]
      [Termination (ms): Min: 0.0, Avg: 0.0, Max: 0.0, Diff: 0.0, Sum: 0.0]
         [Termination Attempts: Min: 1, Avg: 10.4, Max: 16, Diff: 15, Sum: 83]
      [GC Worker Other (ms): Min: 0.0, Avg: 0.0, Max: 0.1, Diff: 0.0, Sum: 0.3]
      [GC Worker Total (ms): Min: 13.6, Avg: 15.1, Max: 15.4, Diff: 1.8, Sum: 120.5]
      [GC Worker End (ms): Min: 11806130.9, Avg: 11806130.9, Max: 11806130.9, Diff: 0.0]
   [Code Root Fixup: 0.0 ms]
   [Code Root Purge: 0.0 ms]
   [Clear CT: 0.1 ms]
   [Other: 1.2 ms]
      [Choose CSet: 0.0 ms]
      [Ref Proc: 0.2 ms]
      [Ref Enq: 0.0 ms]
      [Redirty Cards: 0.1 ms]
      [Humongous Register: 0.3 ms]
      [Humongous Reclaim: 0.0 ms]
      [Free CSet: 0.0 ms]
   [Eden: 46.0M(46.0M)->0.0B(115.0M) Survivors: 5120.0K->7168.0K Heap: 319.1M(1024.0M)->275.9M(1024.0M)]
 [Times: user=0.08 sys=0.01, real=0.02 secs] 
2021-04-22T22:26:24.354+0800: 11828.386: [GC pause (G1 Evacuation Pause) (young), 0.0159730 secs]
   [Parallel Time: 14.7 ms, GC Workers: 8]
      [GC Worker Start (ms): Min: 11828387.0, Avg: 11828387.1, Max: 11828387.3, Diff: 0.3]
      [Ext Root Scanning (ms): Min: 0.8, Avg: 4.3, Max: 10.1, Diff: 9.2, Sum: 34.4]
      [Update RS (ms): Min: 0.0, Avg: 1.4, Max: 3.2, Diff: 3.2, Sum: 10.9]
         [Processed Buffers: Min: 0, Avg: 5.4, Max: 29, Diff: 29, Sum: 43]
      [Scan RS (ms): Min: 0.0, Avg: 1.3, Max: 2.7, Diff: 2.7, Sum: 10.6]
      [Code Root Scanning (ms): Min: 0.0, Avg: 0.0, Max: 0.0, Diff: 0.0, Sum: 0.0]
      [Object Copy (ms): Min: 4.4, Avg: 7.5, Max: 13.1, Diff: 8.7, Sum: 59.9]
      [Termination (ms): Min: 0.0, Avg: 0.0, Max: 0.1, Diff: 0.1, Sum: 0.3]
         [Termination Attempts: Min: 1, Avg: 61.6, Max: 91, Diff: 90, Sum: 493]
      [GC Worker Other (ms): Min: 0.0, Avg: 0.0, Max: 0.1, Diff: 0.0, Sum: 0.2]
      [GC Worker Total (ms): Min: 14.3, Avg: 14.5, Max: 14.7, Diff: 0.3, Sum: 116.3]
      [GC Worker End (ms): Min: 11828401.6, Avg: 11828401.6, Max: 11828401.7, Diff: 0.0]
   [Code Root Fixup: 0.0 ms]
   [Code Root Purge: 0.0 ms]
   [Clear CT: 0.1 ms]
   [Other: 1.1 ms]
      [Choose CSet: 0.0 ms]
      [Ref Proc: 0.2 ms]
      [Ref Enq: 0.0 ms]
      [Redirty Cards: 0.1 ms]
      [Humongous Register: 0.3 ms]
      [Humongous Reclaim: 0.0 ms]
      [Free CSet: 0.1 ms]
   [Eden: 44.0M(44.0M)->0.0B(151.0M) Survivors: 7168.0K->6144.0K Heap: 319.9M(1024.0M)->276.5M(1024.0M)]
 [Times: user=0.07 sys=0.00, real=0.02 secs] 
2021-04-22T22:27:35.635+0800: 11899.670: [GC pause (G1 Evacuation Pause) (young), 0.0202345 secs]
   [Parallel Time: 18.7 ms, GC Workers: 8]
      [GC Worker Start (ms): Min: 11899670.3, Avg: 11899670.8, Max: 11899671.9, Diff: 1.5]
      [Ext Root Scanning (ms): Min: 0.0, Avg: 2.1, Max: 9.8, Diff: 9.8, Sum: 16.4]
      [Update RS (ms): Min: 0.0, Avg: 3.6, Max: 7.2, Diff: 7.2, Sum: 28.7]
         [Processed Buffers: Min: 0, Avg: 5.5, Max: 22, Diff: 22, Sum: 44]
      [Scan RS (ms): Min: 0.3, Avg: 2.0, Max: 3.5, Diff: 3.2, Sum: 15.9]
      [Code Root Scanning (ms): Min: 0.0, Avg: 0.0, Max: 0.0, Diff: 0.0, Sum: 0.0]
      [Object Copy (ms): Min: 7.5, Avg: 10.0, Max: 16.8, Diff: 9.2, Sum: 80.3]
      [Termination (ms): Min: 0.0, Avg: 0.0, Max: 0.1, Diff: 0.1, Sum: 0.4]
         [Termination Attempts: Min: 1, Avg: 27.0, Max: 44, Diff: 43, Sum: 216]
      [GC Worker Other (ms): Min: 0.0, Avg: 0.1, Max: 0.5, Diff: 0.5, Sum: 1.1]
      [GC Worker Total (ms): Min: 16.7, Avg: 17.9, Max: 18.6, Diff: 1.9, Sum: 142.8]
      [GC Worker End (ms): Min: 11899688.5, Avg: 11899688.6, Max: 11899689.0, Diff: 0.5]
   [Code Root Fixup: 0.0 ms]
   [Code Root Purge: 0.0 ms]
   [Clear CT: 0.1 ms]
   [Other: 1.4 ms]
      [Choose CSet: 0.0 ms]
      [Ref Proc: 0.3 ms]
      [Ref Enq: 0.0 ms]
      [Redirty Cards: 0.1 ms]
      [Humongous Register: 0.3 ms]
      [Humongous Reclaim: 0.0 ms]
      [Free CSet: 0.1 ms]
   [Eden: 139.0M(50.0M)->0.0B(146.0M) Survivors: 6144.0K->7168.0K Heap: 415.5M(1024.0M)->278.2M(1024.0M)]
 [Times: user=0.08 sys=0.01, real=0.02 secs] 
2021-04-22T22:28:46.669+0800: 11970.706: [GC pause (G1 Evacuation Pause) (young), 0.0196422 secs]
   [Parallel Time: 18.2 ms, GC Workers: 8]
      [GC Worker Start (ms): Min: 11970706.2, Avg: 11970706.4, Max: 11970706.7, Diff: 0.5]
      [Ext Root Scanning (ms): Min: 0.9, Avg: 4.1, Max: 13.1, Diff: 12.2, Sum: 33.1]
      [Update RS (ms): Min: 0.0, Avg: 1.9, Max: 4.4, Diff: 4.4, Sum: 15.1]
         [Processed Buffers: Min: 0, Avg: 5.2, Max: 31, Diff: 31, Sum: 42]
      [Scan RS (ms): Min: 0.0, Avg: 1.8, Max: 3.7, Diff: 3.7, Sum: 14.3]
      [Code Root Scanning (ms): Min: 0.0, Avg: 0.0, Max: 0.0, Diff: 0.0, Sum: 0.0]
      [Object Copy (ms): Min: 4.6, Avg: 9.9, Max: 16.7, Diff: 12.2, Sum: 79.6]
      [Termination (ms): Min: 0.0, Avg: 0.1, Max: 0.2, Diff: 0.2, Sum: 0.6]
         [Termination Attempts: Min: 1, Avg: 2.1, Max: 3, Diff: 2, Sum: 17]
      [GC Worker Other (ms): Min: 0.0, Avg: 0.0, Max: 0.0, Diff: 0.0, Sum: 0.2]
      [GC Worker Total (ms): Min: 17.5, Avg: 17.9, Max: 18.1, Diff: 0.6, Sum: 142.9]
      [GC Worker End (ms): Min: 11970724.2, Avg: 11970724.3, Max: 11970724.4, Diff: 0.1]
   [Code Root Fixup: 0.0 ms]
   [Code Root Purge: 0.0 ms]
   [Clear CT: 0.1 ms]
   [Other: 1.3 ms]
      [Choose CSet: 0.0 ms]
      [Ref Proc: 0.2 ms]
      [Ref Enq: 0.0 ms]
      [Redirty Cards: 0.1 ms]
      [Humongous Register: 0.2 ms]
      [Humongous Reclaim: 0.0 ms]
      [Free CSet: 0.1 ms]
   [Eden: 138.0M(44.0M)->0.0B(159.0M) Survivors: 7168.0K->7168.0K Heap: 416.2M(1024.0M)->279.3M(1024.0M)]
 [Times: user=0.08 sys=0.00, real=0.02 secs] 
2021-04-22T22:30:08.478+0800: 12052.517: [GC pause (G1 Evacuation Pause) (young), 0.0412210 secs]
   [Parallel Time: 38.6 ms, GC Workers: 8]
      [GC Worker Start (ms): Min: 12052518.0, Avg: 12052518.3, Max: 12052519.2, Diff: 1.2]
      [Ext Root Scanning (ms): Min: 0.0, Avg: 4.6, Max: 11.4, Diff: 11.4, Sum: 36.6]
      [Update RS (ms): Min: 0.0, Avg: 2.4, Max: 5.4, Diff: 5.4, Sum: 19.4]
         [Processed Buffers: Min: 0, Avg: 6.5, Max: 22, Diff: 22, Sum: 52]
      [Scan RS (ms): Min: 0.0, Avg: 1.7, Max: 3.5, Diff: 3.5, Sum: 13.4]
      [Code Root Scanning (ms): Min: 0.0, Avg: 0.0, Max: 0.0, Diff: 0.0, Sum: 0.0]
      [Object Copy (ms): Min: 26.4, Avg: 29.0, Max: 36.8, Diff: 10.4, Sum: 232.1]
      [Termination (ms): Min: 0.0, Avg: 0.5, Max: 0.6, Diff: 0.6, Sum: 3.8]
         [Termination Attempts: Min: 1, Avg: 4.1, Max: 8, Diff: 7, Sum: 33]
      [GC Worker Other (ms): Min: 0.0, Avg: 0.0, Max: 0.1, Diff: 0.1, Sum: 0.3]
      [GC Worker Total (ms): Min: 37.2, Avg: 38.2, Max: 38.5, Diff: 1.2, Sum: 305.6]
      [GC Worker End (ms): Min: 12052556.4, Avg: 12052556.5, Max: 12052556.5, Diff: 0.0]
   [Code Root Fixup: 0.0 ms]
   [Code Root Purge: 0.0 ms]
   [Clear CT: 0.2 ms]
   [Other: 2.4 ms]
      [Choose CSet: 0.0 ms]
      [Ref Proc: 1.2 ms]
      [Ref Enq: 0.0 ms]
      [Redirty Cards: 0.1 ms]
      [Humongous Register: 0.3 ms]
      [Humongous Reclaim: 0.0 ms]
      [Free CSet: 0.1 ms]
   [Eden: 159.0M(159.0M)->0.0B(42.0M) Survivors: 7168.0K->9216.0K Heap: 438.3M(1024.0M)->281.8M(1024.0M)]
 [Times: user=0.10 sys=0.02, real=0.05 secs] 
2021-04-22T22:30:30.080+0800: 12074.120: [GC pause (G1 Evacuation Pause) (young), 0.0202530 secs]
   [Parallel Time: 19.0 ms, GC Workers: 8]
      [GC Worker Start (ms): Min: 12074120.8, Avg: 12074121.8, Max: 12074126.9, Diff: 6.2]
      [Ext Root Scanning (ms): Min: 0.0, Avg: 2.6, Max: 14.1, Diff: 14.1, Sum: 21.1]
      [Update RS (ms): Min: 0.0, Avg: 1.5, Max: 3.5, Diff: 3.5, Sum: 12.3]
         [Processed Buffers: Min: 0, Avg: 5.1, Max: 19, Diff: 19, Sum: 41]
      [Scan RS (ms): Min: 0.0, Avg: 2.6, Max: 5.9, Diff: 5.9, Sum: 20.9]
      [Code Root Scanning (ms): Min: 0.0, Avg: 0.0, Max: 0.0, Diff: 0.0, Sum: 0.0]
      [Object Copy (ms): Min: 4.6, Avg: 11.0, Max: 17.6, Diff: 13.0, Sum: 87.7]
      [Termination (ms): Min: 0.0, Avg: 0.0, Max: 0.1, Diff: 0.1, Sum: 0.4]
         [Termination Attempts: Min: 1, Avg: 3.8, Max: 9, Diff: 8, Sum: 30]
      [GC Worker Other (ms): Min: 0.0, Avg: 0.0, Max: 0.0, Diff: 0.0, Sum: 0.2]
      [GC Worker Total (ms): Min: 12.7, Avg: 17.8, Max: 18.8, Diff: 6.2, Sum: 142.6]
      [GC Worker End (ms): Min: 12074139.6, Avg: 12074139.6, Max: 12074139.6, Diff: 0.0]
   [Code Root Fixup: 0.0 ms]
   [Code Root Purge: 0.0 ms]
   [Clear CT: 0.1 ms]
   [Other: 1.2 ms]
      [Choose CSet: 0.0 ms]
      [Ref Proc: 0.2 ms]
      [Ref Enq: 0.0 ms]
      [Redirty Cards: 0.1 ms]
      [Humongous Register: 0.2 ms]
      [Humongous Reclaim: 0.0 ms]
      [Free CSet: 0.1 ms]
   [Eden: 42.0M(42.0M)->0.0B(45.0M) Survivors: 9216.0K->6144.0K Heap: 323.8M(1024.0M)->282.4M(1024.0M)]
 [Times: user=0.08 sys=0.01, real=0.02 secs] 
2021-04-22T22:30:53.304+0800: 12097.344: [GC pause (G1 Evacuation Pause) (young), 0.0163953 secs]
   [Parallel Time: 15.1 ms, GC Workers: 8]
      [GC Worker Start (ms): Min: 12097345.0, Avg: 12097345.3, Max: 12097346.2, Diff: 1.2]
      [Ext Root Scanning (ms): Min: 0.0, Avg: 3.7, Max: 12.9, Diff: 12.9, Sum: 29.6]
      [Update RS (ms): Min: 0.0, Avg: 3.2, Max: 10.4, Diff: 10.4, Sum: 25.8]
         [Processed Buffers: Min: 0, Avg: 6.1, Max: 24, Diff: 24, Sum: 49]
      [Scan RS (ms): Min: 0.0, Avg: 2.4, Max: 7.9, Diff: 7.9, Sum: 19.3]
      [Code Root Scanning (ms): Min: 0.0, Avg: 0.0, Max: 0.0, Diff: 0.0, Sum: 0.0]
      [Object Copy (ms): Min: 1.6, Avg: 5.3, Max: 12.5, Diff: 10.8, Sum: 42.5]
      [Termination (ms): Min: 0.0, Avg: 0.0, Max: 0.1, Diff: 0.1, Sum: 0.2]
         [Termination Attempts: Min: 1, Avg: 1.5, Max: 3, Diff: 2, Sum: 12]
      [GC Worker Other (ms): Min: 0.0, Avg: 0.0, Max: 0.0, Diff: 0.0, Sum: 0.2]
      [GC Worker Total (ms): Min: 13.8, Avg: 14.7, Max: 15.0, Diff: 1.3, Sum: 117.6]
      [GC Worker End (ms): Min: 12097360.0, Avg: 12097360.0, Max: 12097360.0, Diff: 0.0]
   [Code Root Fixup: 0.0 ms]
   [Code Root Purge: 0.0 ms]
   [Clear CT: 0.1 ms]
   [Other: 1.2 ms]
      [Choose CSet: 0.0 ms]
      [Ref Proc: 0.2 ms]
      [Ref Enq: 0.0 ms]
      [Redirty Cards: 0.1 ms]
      [Humongous Register: 0.3 ms]
      [Humongous Reclaim: 0.0 ms]
      [Free CSet: 0.0 ms]
   [Eden: 45.0M(45.0M)->0.0B(45.0M) Survivors: 6144.0K->6144.0K Heap: 327.4M(1024.0M)->282.9M(1024.0M)]
 [Times: user=0.06 sys=0.01, real=0.02 secs] 
2021-04-22T22:31:16.526+0800: 12120.567: [GC pause (G1 Evacuation Pause) (young), 0.0164460 secs]
   [Parallel Time: 15.1 ms, GC Workers: 8]
      [GC Worker Start (ms): Min: 12120568.1, Avg: 12120569.7, Max: 12120578.8, Diff: 10.7]
      [Ext Root Scanning (ms): Min: 0.0, Avg: 3.2, Max: 11.1, Diff: 11.1, Sum: 25.7]
      [Update RS (ms): Min: 0.0, Avg: 1.9, Max: 4.4, Diff: 4.4, Sum: 15.5]
         [Processed Buffers: Min: 0, Avg: 5.1, Max: 28, Diff: 28, Sum: 41]
      [Scan RS (ms): Min: 0.0, Avg: 1.7, Max: 3.0, Diff: 3.0, Sum: 14.0]
      [Code Root Scanning (ms): Min: 0.0, Avg: 0.0, Max: 0.0, Diff: 0.0, Sum: 0.0]
      [Object Copy (ms): Min: 3.7, Avg: 6.4, Max: 13.5, Diff: 9.8, Sum: 51.4]
      [Termination (ms): Min: 0.0, Avg: 0.0, Max: 0.0, Diff: 0.0, Sum: 0.1]
         [Termination Attempts: Min: 1, Avg: 28.2, Max: 41, Diff: 40, Sum: 226]
      [GC Worker Other (ms): Min: 0.0, Avg: 0.0, Max: 0.1, Diff: 0.0, Sum: 0.4]
      [GC Worker Total (ms): Min: 4.3, Avg: 13.4, Max: 15.0, Diff: 10.8, Sum: 107.1]
      [GC Worker End (ms): Min: 12120583.1, Avg: 12120583.1, Max: 12120583.1, Diff: 0.0]
   [Code Root Fixup: 0.0 ms]
   [Code Root Purge: 0.0 ms]
   [Clear CT: 0.1 ms]
   [Other: 1.2 ms]
      [Choose CSet: 0.0 ms]
      [Ref Proc: 0.2 ms]
      [Ref Enq: 0.0 ms]
      [Redirty Cards: 0.1 ms]
      [Humongous Register: 0.3 ms]
      [Humongous Reclaim: 0.0 ms]
      [Free CSet: 0.0 ms]
   [Eden: 45.0M(45.0M)->0.0B(71.0M) Survivors: 6144.0K->7168.0K Heap: 327.9M(1024.0M)->283.8M(1024.0M)]
 [Times: user=0.07 sys=0.00, real=0.02 secs] 
2021-04-22T22:31:52.967+0800: 12157.005: [GC pause (G1 Evacuation Pause) (young), 0.0171813 secs]
   [Parallel Time: 15.9 ms, GC Workers: 8]
      [GC Worker Start (ms): Min: 12157005.8, Avg: 12157006.1, Max: 12157007.4, Diff: 1.6]
      [Ext Root Scanning (ms): Min: 0.0, Avg: 6.1, Max: 15.5, Diff: 15.5, Sum: 49.1]
      [Update RS (ms): Min: 0.0, Avg: 1.8, Max: 3.8, Diff: 3.8, Sum: 14.2]
         [Processed Buffers: Min: 0, Avg: 5.5, Max: 20, Diff: 20, Sum: 44]
      [Scan RS (ms): Min: 0.0, Avg: 1.1, Max: 2.3, Diff: 2.3, Sum: 9.0]
      [Code Root Scanning (ms): Min: 0.0, Avg: 0.0, Max: 0.0, Diff: 0.0, Sum: 0.0]
      [Object Copy (ms): Min: 0.0, Avg: 6.1, Max: 14.0, Diff: 14.0, Sum: 48.9]
      [Termination (ms): Min: 0.0, Avg: 0.2, Max: 0.3, Diff: 0.3, Sum: 1.9]
         [Termination Attempts: Min: 1, Avg: 22.1, Max: 46, Diff: 45, Sum: 177]
      [GC Worker Other (ms): Min: 0.0, Avg: 0.0, Max: 0.0, Diff: 0.0, Sum: 0.1]
      [GC Worker Total (ms): Min: 14.1, Avg: 15.4, Max: 15.8, Diff: 1.6, Sum: 123.2]
      [GC Worker End (ms): Min: 12157021.5, Avg: 12157021.5, Max: 12157021.5, Diff: 0.0]
   [Code Root Fixup: 0.0 ms]
   [Code Root Purge: 0.0 ms]
   [Clear CT: 0.1 ms]
   [Other: 1.2 ms]
      [Choose CSet: 0.0 ms]
      [Ref Proc: 0.2 ms]
      [Ref Enq: 0.0 ms]
      [Redirty Cards: 0.1 ms]
      [Humongous Register: 0.3 ms]
      [Humongous Reclaim: 0.0 ms]
      [Free CSet: 0.1 ms]
   [Eden: 71.0M(71.0M)->0.0B(89.0M) Survivors: 7168.0K->9216.0K Heap: 354.8M(1024.0M)->285.9M(1024.0M)]
 [Times: user=0.07 sys=0.01, real=0.02 secs] 
2021-04-22T22:32:39.049+0800: 12202.932: [GC pause (G1 Evacuation Pause) (young), 0.0197276 secs]
   [Parallel Time: 18.4 ms, GC Workers: 8]
      [GC Worker Start (ms): Min: 12202932.7, Avg: 12202933.2, Max: 12202934.2, Diff: 1.5]
      [Ext Root Scanning (ms): Min: 0.0, Avg: 3.8, Max: 11.4, Diff: 11.4, Sum: 30.2]
      [Update RS (ms): Min: 0.0, Avg: 2.6, Max: 12.3, Diff: 12.3, Sum: 20.5]
         [Processed Buffers: Min: 0, Avg: 5.5, Max: 15, Diff: 15, Sum: 44]
      [Scan RS (ms): Min: 0.0, Avg: 1.0, Max: 2.1, Diff: 2.1, Sum: 8.1]
      [Code Root Scanning (ms): Min: 0.0, Avg: 0.0, Max: 0.0, Diff: 0.0, Sum: 0.0]
      [Object Copy (ms): Min: 4.6, Avg: 10.5, Max: 16.9, Diff: 12.4, Sum: 84.0]
      [Termination (ms): Min: 0.0, Avg: 0.0, Max: 0.0, Diff: 0.0, Sum: 0.1]
         [Termination Attempts: Min: 1, Avg: 18.8, Max: 27, Diff: 26, Sum: 150]
      [GC Worker Other (ms): Min: 0.0, Avg: 0.1, Max: 0.1, Diff: 0.1, Sum: 0.4]
      [GC Worker Total (ms): Min: 16.9, Avg: 17.9, Max: 18.3, Diff: 1.4, Sum: 143.4]
      [GC Worker End (ms): Min: 12202951.0, Avg: 12202951.1, Max: 12202951.1, Diff: 0.1]
   [Code Root Fixup: 0.0 ms]
   [Code Root Purge: 0.0 ms]
   [Clear CT: 0.1 ms]
   [Other: 1.2 ms]
      [Choose CSet: 0.0 ms]
      [Ref Proc: 0.3 ms]
      [Ref Enq: 0.0 ms]
      [Redirty Cards: 0.1 ms]
      [Humongous Register: 0.2 ms]
      [Humongous Reclaim: 0.0 ms]
      [Free CSet: 0.1 ms]
   [Eden: 89.0M(89.0M)->0.0B(92.0M) Survivors: 9216.0K->9216.0K Heap: 374.9M(1024.0M)->285.9M(1024.0M)]
 [Times: user=0.08 sys=0.01, real=0.02 secs] 
2021-04-22T22:55:59.320+0800: 12464.429: [GC pause (G1 Evacuation Pause) (young), 0.0238629 secs]
   [Parallel Time: 22.7 ms, GC Workers: 8]
      [GC Worker Start (ms): Min: 12464429.9, Avg: 12464431.2, Max: 12464438.8, Diff: 8.9]
      [Ext Root Scanning (ms): Min: 0.0, Avg: 3.0, Max: 9.0, Diff: 8.9, Sum: 24.4]
      [Update RS (ms): Min: 0.0, Avg: 2.1, Max: 5.5, Diff: 5.5, Sum: 16.6]
         [Processed Buffers: Min: 0, Avg: 6.8, Max: 22, Diff: 22, Sum: 54]
      [Scan RS (ms): Min: 0.0, Avg: 1.8, Max: 4.4, Diff: 4.4, Sum: 14.6]
      [Code Root Scanning (ms): Min: 0.0, Avg: 0.0, Max: 0.0, Diff: 0.0, Sum: 0.0]
      [Object Copy (ms): Min: 12.6, Avg: 14.3, Max: 21.3, Diff: 8.6, Sum: 114.5]
      [Termination (ms): Min: 0.0, Avg: 0.0, Max: 0.0, Diff: 0.0, Sum: 0.1]
         [Termination Attempts: Min: 1, Avg: 6.0, Max: 12, Diff: 11, Sum: 48]
      [GC Worker Other (ms): Min: 0.0, Avg: 0.0, Max: 0.0, Diff: 0.0, Sum: 0.3]
      [GC Worker Total (ms): Min: 13.7, Avg: 21.3, Max: 22.6, Diff: 8.9, Sum: 170.3]
      [GC Worker End (ms): Min: 12464452.4, Avg: 12464452.4, Max: 12464452.5, Diff: 0.0]
   [Code Root Fixup: 0.0 ms]
   [Code Root Purge: 0.0 ms]
   [Clear CT: 0.1 ms]
   [Other: 1.1 ms]
      [Choose CSet: 0.0 ms]
      [Ref Proc: 0.2 ms]
      [Ref Enq: 0.0 ms]
      [Redirty Cards: 0.1 ms]
      [Humongous Register: 0.3 ms]
      [Humongous Reclaim: 0.0 ms]
      [Free CSet: 0.0 ms]
   [Eden: 42.0M(42.0M)->0.0B(44.0M) Survivors: 9216.0K->7168.0K Heap: 327.9M(1024.0M)->287.8M(1024.0M)]
 [Times: user=0.09 sys=0.01, real=0.02 secs] 
2021-04-22T23:00:41.573+0800: 12746.687: [GC pause (G1 Evacuation Pause) (young), 0.0227785 secs]
   [Parallel Time: 21.6 ms, GC Workers: 8]
      [GC Worker Start (ms): Min: 12746687.4, Avg: 12746687.7, Max: 12746688.7, Diff: 1.3]
      [Ext Root Scanning (ms): Min: 0.0, Avg: 4.0, Max: 13.5, Diff: 13.5, Sum: 31.7]
      [Update RS (ms): Min: 0.0, Avg: 1.8, Max: 4.2, Diff: 4.2, Sum: 14.5]
         [Processed Buffers: Min: 0, Avg: 7.0, Max: 26, Diff: 26, Sum: 56]
      [Scan RS (ms): Min: 0.0, Avg: 3.1, Max: 8.9, Diff: 8.9, Sum: 25.2]
      [Code Root Scanning (ms): Min: 0.0, Avg: 0.0, Max: 0.0, Diff: 0.0, Sum: 0.0]
      [Object Copy (ms): Min: 7.2, Avg: 12.2, Max: 20.3, Diff: 13.1, Sum: 97.6]
      [Termination (ms): Min: 0.0, Avg: 0.0, Max: 0.0, Diff: 0.0, Sum: 0.0]
         [Termination Attempts: Min: 1, Avg: 8.5, Max: 16, Diff: 15, Sum: 68]
      [GC Worker Other (ms): Min: 0.0, Avg: 0.0, Max: 0.1, Diff: 0.1, Sum: 0.4]
      [GC Worker Total (ms): Min: 20.2, Avg: 21.2, Max: 21.5, Diff: 1.3, Sum: 169.4]
      [GC Worker End (ms): Min: 12746708.9, Avg: 12746708.9, Max: 12746708.9, Diff: 0.0]
   [Code Root Fixup: 0.0 ms]
   [Code Root Purge: 0.0 ms]
   [Clear CT: 0.1 ms]
   [Other: 1.1 ms]
      [Choose CSet: 0.0 ms]
      [Ref Proc: 0.2 ms]
      [Ref Enq: 0.0 ms]
      [Redirty Cards: 0.1 ms]
      [Humongous Register: 0.3 ms]
      [Humongous Reclaim: 0.0 ms]
      [Free CSet: 0.0 ms]
   [Eden: 44.0M(44.0M)->0.0B(44.0M) Survivors: 7168.0K->7168.0K Heap: 331.8M(1024.0M)->296.9M(1024.0M)]
 [Times: user=0.10 sys=0.00, real=0.02 secs] 
2021-04-22T23:33:40.215+0800: 13148.095: [GC pause (G1 Evacuation Pause) (young), 0.0247801 secs]
   [Parallel Time: 20.7 ms, GC Workers: 8]
      [GC Worker Start (ms): Min: 13148098.1, Avg: 13148098.2, Max: 13148098.2, Diff: 0.1]
      [Ext Root Scanning (ms): Min: 1.5, Avg: 6.9, Max: 14.9, Diff: 13.4, Sum: 55.2]
      [Update RS (ms): Min: 0.0, Avg: 3.2, Max: 5.8, Diff: 5.8, Sum: 25.3]
         [Processed Buffers: Min: 0, Avg: 5.9, Max: 27, Diff: 27, Sum: 47]
      [Scan RS (ms): Min: 0.0, Avg: 1.4, Max: 2.4, Diff: 2.4, Sum: 10.9]
      [Code Root Scanning (ms): Min: 0.0, Avg: 0.0, Max: 0.1, Diff: 0.1, Sum: 0.1]
      [Object Copy (ms): Min: 5.5, Avg: 8.6, Max: 11.2, Diff: 5.7, Sum: 69.1]
      [Termination (ms): Min: 0.0, Avg: 0.2, Max: 0.2, Diff: 0.2, Sum: 1.3]
         [Termination Attempts: Min: 1, Avg: 1.1, Max: 2, Diff: 1, Sum: 9]
      [GC Worker Other (ms): Min: 0.0, Avg: 0.3, Max: 0.6, Diff: 0.6, Sum: 2.3]
      [GC Worker Total (ms): Min: 20.5, Avg: 20.5, Max: 20.6, Diff: 0.1, Sum: 164.2]
      [GC Worker End (ms): Min: 13148118.7, Avg: 13148118.7, Max: 13148118.7, Diff: 0.0]
   [Code Root Fixup: 0.0 ms]
   [Code Root Purge: 0.0 ms]
   [Clear CT: 0.1 ms]
   [Other: 4.0 ms]
      [Choose CSet: 0.0 ms]
      [Ref Proc: 0.2 ms]
      [Ref Enq: 0.0 ms]
      [Redirty Cards: 0.1 ms]
      [Humongous Register: 0.8 ms]
      [Humongous Reclaim: 0.0 ms]
      [Free CSet: 0.1 ms]
   [Eden: 44.0M(44.0M)->0.0B(44.0M) Survivors: 7168.0K->7168.0K Heap: 340.9M(1024.0M)->304.5M(1024.0M)]
 [Times: user=0.06 sys=0.03, real=0.03 secs] 
2021-04-22T23:51:10.930+0800: 13890.065: [GC pause (G1 Evacuation Pause) (young), 0.0210884 secs]
   [Parallel Time: 13.7 ms, GC Workers: 8]
      [GC Worker Start (ms): Min: 13890071.3, Avg: 13890071.5, Max: 13890071.6, Diff: 0.3]
      [Ext Root Scanning (ms): Min: 0.7, Avg: 1.3, Max: 4.4, Diff: 3.7, Sum: 10.3]
      [Update RS (ms): Min: 0.0, Avg: 1.3, Max: 2.2, Diff: 2.2, Sum: 10.3]
         [Processed Buffers: Min: 0, Avg: 5.6, Max: 14, Diff: 14, Sum: 45]
      [Scan RS (ms): Min: 0.0, Avg: 1.8, Max: 5.6, Diff: 5.6, Sum: 14.1]
      [Code Root Scanning (ms): Min: 0.0, Avg: 0.6, Max: 4.8, Diff: 4.8, Sum: 5.1]
      [Object Copy (ms): Min: 4.9, Avg: 8.1, Max: 10.0, Diff: 5.2, Sum: 64.8]
      [Termination (ms): Min: 0.0, Avg: 0.3, Max: 0.4, Diff: 0.4, Sum: 2.3]
         [Termination Attempts: Min: 1, Avg: 1.6, Max: 3, Diff: 2, Sum: 13]
      [GC Worker Other (ms): Min: 0.0, Avg: 0.0, Max: 0.0, Diff: 0.0, Sum: 0.2]
      [GC Worker Total (ms): Min: 13.2, Avg: 13.4, Max: 13.5, Diff: 0.3, Sum: 107.0]
      [GC Worker End (ms): Min: 13890084.8, Avg: 13890084.8, Max: 13890084.9, Diff: 0.0]
   [Code Root Fixup: 0.0 ms]
   [Code Root Purge: 0.0 ms]
   [Clear CT: 0.1 ms]
   [Other: 7.3 ms]
      [Choose CSet: 0.0 ms]
      [Ref Proc: 0.7 ms]
      [Ref Enq: 0.0 ms]
      [Redirty Cards: 0.1 ms]
      [Humongous Register: 0.6 ms]
      [Humongous Reclaim: 0.0 ms]
      [Free CSet: 0.2 ms]
   [Eden: 44.0M(44.0M)->0.0B(44.0M) Survivors: 7168.0K->7168.0K Heap: 348.5M(1024.0M)->311.8M(1024.0M)]
 [Times: user=0.05 sys=0.02, real=0.02 secs] 
2021-04-22T23:51:34.148+0800: 13913.284: [GC pause (G1 Evacuation Pause) (young), 0.0192155 secs]
   [Parallel Time: 17.9 ms, GC Workers: 8]
      [GC Worker Start (ms): Min: 13913284.1, Avg: 13913285.2, Max: 13913290.9, Diff: 6.8]
      [Ext Root Scanning (ms): Min: 0.0, Avg: 3.2, Max: 17.7, Diff: 17.7, Sum: 25.6]
      [Update RS (ms): Min: 0.0, Avg: 2.4, Max: 7.9, Diff: 7.9, Sum: 19.1]
         [Processed Buffers: Min: 0, Avg: 5.2, Max: 19, Diff: 19, Sum: 42]
      [Scan RS (ms): Min: 0.0, Avg: 1.2, Max: 3.5, Diff: 3.5, Sum: 10.0]
      [Code Root Scanning (ms): Min: 0.0, Avg: 0.0, Max: 0.0, Diff: 0.0, Sum: 0.1]
      [Object Copy (ms): Min: 0.0, Avg: 9.6, Max: 16.2, Diff: 16.2, Sum: 76.8]
      [Termination (ms): Min: 0.0, Avg: 0.3, Max: 0.3, Diff: 0.3, Sum: 2.1]
         [Termination Attempts: Min: 1, Avg: 5.6, Max: 13, Diff: 12, Sum: 45]
      [GC Worker Other (ms): Min: 0.0, Avg: 0.0, Max: 0.1, Diff: 0.1, Sum: 0.3]
      [GC Worker Total (ms): Min: 11.0, Avg: 16.7, Max: 17.8, Diff: 6.8, Sum: 133.9]
      [GC Worker End (ms): Min: 13913301.9, Avg: 13913301.9, Max: 13913301.9, Diff: 0.1]
   [Code Root Fixup: 0.0 ms]
   [Code Root Purge: 0.0 ms]
   [Clear CT: 0.1 ms]
   [Other: 1.2 ms]
      [Choose CSet: 0.0 ms]
      [Ref Proc: 0.3 ms]
      [Ref Enq: 0.0 ms]
      [Redirty Cards: 0.1 ms]
      [Humongous Register: 0.2 ms]
      [Humongous Reclaim: 0.0 ms]
      [Free CSet: 0.1 ms]
   [Eden: 44.0M(44.0M)->0.0B(45.0M) Survivors: 7168.0K->6144.0K Heap: 355.8M(1024.0M)->316.2M(1024.0M)]
 [Times: user=0.08 sys=0.01, real=0.02 secs] 
2021-04-22T23:51:58.102+0800: 13937.238: [GC pause (G1 Evacuation Pause) (young), 0.0148854 secs]
   [Parallel Time: 13.4 ms, GC Workers: 8]
      [GC Worker Start (ms): Min: 13937238.4, Avg: 13937239.2, Max: 13937241.9, Diff: 3.5]
      [Ext Root Scanning (ms): Min: 0.0, Avg: 3.1, Max: 9.8, Diff: 9.8, Sum: 24.8]
      [Update RS (ms): Min: 0.0, Avg: 3.0, Max: 9.2, Diff: 9.2, Sum: 23.9]
         [Processed Buffers: Min: 0, Avg: 5.4, Max: 18, Diff: 18, Sum: 43]
      [Scan RS (ms): Min: 0.0, Avg: 0.9, Max: 1.9, Diff: 1.9, Sum: 7.5]
      [Code Root Scanning (ms): Min: 0.0, Avg: 0.0, Max: 0.0, Diff: 0.0, Sum: 0.0]
      [Object Copy (ms): Min: 2.8, Avg: 5.4, Max: 8.1, Diff: 5.3, Sum: 43.0]
      [Termination (ms): Min: 0.0, Avg: 0.1, Max: 0.1, Diff: 0.1, Sum: 0.4]
         [Termination Attempts: Min: 1, Avg: 79.5, Max: 126, Diff: 125, Sum: 636]
      [GC Worker Other (ms): Min: 0.0, Avg: 0.0, Max: 0.0, Diff: 0.0, Sum: 0.2]
      [GC Worker Total (ms): Min: 9.8, Avg: 12.5, Max: 13.2, Diff: 3.5, Sum: 99.8]
      [GC Worker End (ms): Min: 13937251.6, Avg: 13937251.7, Max: 13937251.7, Diff: 0.0]
   [Code Root Fixup: 0.0 ms]
   [Code Root Purge: 0.0 ms]
   [Clear CT: 0.1 ms]
   [Other: 1.3 ms]
      [Choose CSet: 0.0 ms]
      [Ref Proc: 0.4 ms]
      [Ref Enq: 0.0 ms]
      [Redirty Cards: 0.2 ms]
      [Humongous Register: 0.2 ms]
      [Humongous Reclaim: 0.0 ms]
      [Free CSet: 0.1 ms]
   [Eden: 45.0M(45.0M)->0.0B(57.0M) Survivors: 6144.0K->7168.0K Heap: 361.2M(1024.0M)->317.3M(1024.0M)]
 [Times: user=0.05 sys=0.00, real=0.01 secs] 
2021-04-22T23:52:28.318+0800: 13967.453: [GC pause (G1 Evacuation Pause) (young), 0.0185074 secs]
   [Parallel Time: 17.5 ms, GC Workers: 8]
      [GC Worker Start (ms): Min: 13967453.7, Avg: 13967454.6, Max: 13967457.0, Diff: 3.2]
      [Ext Root Scanning (ms): Min: 0.0, Avg: 0.6, Max: 2.2, Diff: 2.2, Sum: 4.9]
      [Update RS (ms): Min: 0.0, Avg: 0.7, Max: 1.3, Diff: 1.3, Sum: 5.4]
         [Processed Buffers: Min: 0, Avg: 5.1, Max: 17, Diff: 17, Sum: 41]
      [Scan RS (ms): Min: 0.0, Avg: 0.7, Max: 1.4, Diff: 1.4, Sum: 5.5]
      [Code Root Scanning (ms): Min: 0.0, Avg: 0.0, Max: 0.0, Diff: 0.0, Sum: 0.0]
      [Object Copy (ms): Min: 14.1, Avg: 14.6, Max: 16.7, Diff: 2.7, Sum: 116.5]
      [Termination (ms): Min: 0.0, Avg: 0.1, Max: 0.1, Diff: 0.1, Sum: 0.5]
         [Termination Attempts: Min: 1, Avg: 1.5, Max: 3, Diff: 2, Sum: 12]
      [GC Worker Other (ms): Min: 0.0, Avg: 0.0, Max: 0.0, Diff: 0.0, Sum: 0.1]
      [GC Worker Total (ms): Min: 14.3, Avg: 16.6, Max: 17.5, Diff: 3.2, Sum: 133.0]
      [GC Worker End (ms): Min: 13967471.2, Avg: 13967471.2, Max: 13967471.2, Diff: 0.0]
   [Code Root Fixup: 0.0 ms]
   [Code Root Purge: 0.0 ms]
   [Clear CT: 0.1 ms]
   [Other: 0.9 ms]
      [Choose CSet: 0.0 ms]
      [Ref Proc: 0.2 ms]
      [Ref Enq: 0.0 ms]
      [Redirty Cards: 0.1 ms]
      [Humongous Register: 0.1 ms]
      [Humongous Reclaim: 0.0 ms]
      [Free CSet: 0.1 ms]
   [Eden: 57.0M(57.0M)->0.0B(47.0M) Survivors: 7168.0K->8192.0K Heap: 374.3M(1024.0M)->319.0M(1024.0M)]
 [Times: user=0.05 sys=0.02, real=0.02 secs] 
2021-04-22T23:52:53.701+0800: 13992.837: [GC pause (G1 Evacuation Pause) (young), 0.0193101 secs]
   [Parallel Time: 18.2 ms, GC Workers: 8]
      [GC Worker Start (ms): Min: 13992837.1, Avg: 13992837.3, Max: 13992837.8, Diff: 0.6]
      [Ext Root Scanning (ms): Min: 0.0, Avg: 3.1, Max: 17.9, Diff: 17.9, Sum: 25.0]
      [Update RS (ms): Min: 0.0, Avg: 0.7, Max: 2.2, Diff: 2.2, Sum: 5.9]
         [Processed Buffers: Min: 0, Avg: 5.2, Max: 19, Diff: 19, Sum: 42]
      [Scan RS (ms): Min: 0.0, Avg: 0.8, Max: 1.9, Diff: 1.9, Sum: 6.3]
      [Code Root Scanning (ms): Min: 0.0, Avg: 0.0, Max: 0.0, Diff: 0.0, Sum: 0.0]
      [Object Copy (ms): Min: 0.0, Avg: 11.0, Max: 15.0, Diff: 15.0, Sum: 88.2]
      [Termination (ms): Min: 0.0, Avg: 2.1, Max: 2.4, Diff: 2.4, Sum: 17.0]
         [Termination Attempts: Min: 1, Avg: 23.2, Max: 43, Diff: 42, Sum: 186]
      [GC Worker Other (ms): Min: 0.0, Avg: 0.0, Max: 0.1, Diff: 0.1, Sum: 0.1]
      [GC Worker Total (ms): Min: 17.4, Avg: 17.8, Max: 18.0, Diff: 0.6, Sum: 142.5]
      [GC Worker End (ms): Min: 13992855.1, Avg: 13992855.1, Max: 13992855.2, Diff: 0.1]
   [Code Root Fixup: 0.1 ms]
   [Code Root Purge: 0.0 ms]
   [Clear CT: 0.1 ms]
   [Other: 1.0 ms]
      [Choose CSet: 0.0 ms]
      [Ref Proc: 0.6 ms]
      [Ref Enq: 0.0 ms]
      [Redirty Cards: 0.1 ms]
      [Humongous Register: 0.1 ms]
      [Humongous Reclaim: 0.0 ms]
      [Free CSet: 0.0 ms]
   [Eden: 47.0M(47.0M)->0.0B(73.0M) Survivors: 8192.0K->7168.0K Heap: 366.0M(1024.0M)->319.8M(1024.0M)]
 [Times: user=0.06 sys=0.01, real=0.02 secs] 
2021-04-22T23:53:17.191+0800: 14016.328: [GC pause (G1 Evacuation Pause) (young), 0.0164667 secs]
   [Parallel Time: 15.3 ms, GC Workers: 8]
      [GC Worker Start (ms): Min: 14016328.6, Avg: 14016328.8, Max: 14016329.0, Diff: 0.5]
      [Ext Root Scanning (ms): Min: 0.6, Avg: 5.0, Max: 13.4, Diff: 12.8, Sum: 40.2]
      [Update RS (ms): Min: 0.0, Avg: 2.1, Max: 4.6, Diff: 4.6, Sum: 16.5]
         [Processed Buffers: Min: 0, Avg: 5.5, Max: 29, Diff: 29, Sum: 44]
      [Scan RS (ms): Min: 0.0, Avg: 2.8, Max: 8.4, Diff: 8.4, Sum: 22.2]
      [Code Root Scanning (ms): Min: 0.0, Avg: 0.0, Max: 0.0, Diff: 0.0, Sum: 0.0]
      [Object Copy (ms): Min: 1.3, Avg: 4.9, Max: 7.8, Diff: 6.5, Sum: 38.8]
      [Termination (ms): Min: 0.0, Avg: 0.3, Max: 0.3, Diff: 0.3, Sum: 2.4]
         [Termination Attempts: Min: 1, Avg: 7.1, Max: 12, Diff: 11, Sum: 57]
      [GC Worker Other (ms): Min: 0.0, Avg: 0.0, Max: 0.1, Diff: 0.0, Sum: 0.2]
      [GC Worker Total (ms): Min: 14.7, Avg: 15.0, Max: 15.2, Diff: 0.5, Sum: 120.2]
      [GC Worker End (ms): Min: 14016343.8, Avg: 14016343.8, Max: 14016343.8, Diff: 0.0]
   [Code Root Fixup: 0.0 ms]
   [Code Root Purge: 0.0 ms]
   [Clear CT: 0.1 ms]
   [Other: 1.1 ms]
      [Choose CSet: 0.0 ms]
      [Ref Proc: 0.2 ms]
      [Ref Enq: 0.0 ms]
      [Redirty Cards: 0.1 ms]
      [Humongous Register: 0.3 ms]
      [Humongous Reclaim: 0.0 ms]
      [Free CSet: 0.0 ms]
   [Eden: 44.0M(44.0M)->0.0B(87.0M) Survivors: 7168.0K->7168.0K Heap: 363.8M(1024.0M)->319.7M(1024.0M)]
 [Times: user=0.06 sys=0.00, real=0.01 secs] 
2021-04-22T23:54:03.697+0800: 14062.835: [GC pause (G1 Evacuation Pause) (young), 0.0189529 secs]
   [Parallel Time: 17.8 ms, GC Workers: 8]
      [GC Worker Start (ms): Min: 14062834.9, Avg: 14062835.3, Max: 14062836.1, Diff: 1.2]
      [Ext Root Scanning (ms): Min: 0.0, Avg: 1.3, Max: 6.3, Diff: 6.2, Sum: 10.5]
      [Update RS (ms): Min: 0.0, Avg: 1.3, Max: 2.9, Diff: 2.9, Sum: 10.7]
         [Processed Buffers: Min: 0, Avg: 5.2, Max: 24, Diff: 24, Sum: 42]
      [Scan RS (ms): Min: 0.0, Avg: 0.9, Max: 1.9, Diff: 1.9, Sum: 7.1]
      [Code Root Scanning (ms): Min: 0.0, Avg: 0.0, Max: 0.0, Diff: 0.0, Sum: 0.0]
      [Object Copy (ms): Min: 11.1, Avg: 13.5, Max: 16.4, Diff: 5.4, Sum: 108.1]
      [Termination (ms): Min: 0.0, Avg: 0.3, Max: 0.4, Diff: 0.4, Sum: 2.5]
         [Termination Attempts: Min: 1, Avg: 1.0, Max: 1, Diff: 0, Sum: 8]
      [GC Worker Other (ms): Min: 0.0, Avg: 0.0, Max: 0.0, Diff: 0.0, Sum: 0.1]
      [GC Worker Total (ms): Min: 16.5, Avg: 17.4, Max: 17.8, Diff: 1.2, Sum: 139.0]
      [GC Worker End (ms): Min: 14062852.7, Avg: 14062852.7, Max: 14062852.7, Diff: 0.0]
   [Code Root Fixup: 0.0 ms]
   [Code Root Purge: 0.0 ms]
   [Clear CT: 0.1 ms]
   [Other: 1.0 ms]
      [Choose CSet: 0.0 ms]
      [Ref Proc: 0.3 ms]
      [Ref Enq: 0.0 ms]
      [Redirty Cards: 0.1 ms]
      [Humongous Register: 0.1 ms]
      [Humongous Reclaim: 0.0 ms]
      [Free CSet: 0.2 ms]
   [Eden: 87.0M(87.0M)->0.0B(93.0M) Survivors: 7168.0K->9216.0K Heap: 406.7M(1024.0M)->321.3M(1024.0M)]
 [Times: user=0.06 sys=0.01, real=0.02 secs] 
2021-04-22T23:54:54.053+0800: 14113.191: [GC pause (G1 Evacuation Pause) (young), 0.0236569 secs]
   [Parallel Time: 22.1 ms, GC Workers: 8]
      [GC Worker Start (ms): Min: 14113192.0, Avg: 14113192.9, Max: 14113197.2, Diff: 5.2]
      [Ext Root Scanning (ms): Min: 0.0, Avg: 2.4, Max: 9.4, Diff: 9.4, Sum: 19.3]
      [Update RS (ms): Min: 0.0, Avg: 1.5, Max: 3.5, Diff: 3.5, Sum: 11.8]
         [Processed Buffers: Min: 0, Avg: 5.8, Max: 17, Diff: 17, Sum: 46]
      [Scan RS (ms): Min: 0.0, Avg: 1.3, Max: 2.3, Diff: 2.3, Sum: 10.8]
      [Code Root Scanning (ms): Min: 0.0, Avg: 0.0, Max: 0.0, Diff: 0.0, Sum: 0.0]
      [Object Copy (ms): Min: 12.4, Avg: 15.8, Max: 20.9, Diff: 8.5, Sum: 126.2]
      [Termination (ms): Min: 0.0, Avg: 0.0, Max: 0.1, Diff: 0.1, Sum: 0.2]
         [Termination Attempts: Min: 1, Avg: 44.1, Max: 74, Diff: 73, Sum: 353]
      [GC Worker Other (ms): Min: 0.0, Avg: 0.1, Max: 0.1, Diff: 0.1, Sum: 0.4]
      [GC Worker Total (ms): Min: 16.8, Avg: 21.1, Max: 22.0, Diff: 5.2, Sum: 168.8]
      [GC Worker End (ms): Min: 14113213.9, Avg: 14113214.0, Max: 14113214.0, Diff: 0.1]
   [Code Root Fixup: 0.0 ms]
   [Code Root Purge: 0.0 ms]
   [Clear CT: 0.2 ms]
   [Other: 1.4 ms]
      [Choose CSet: 0.0 ms]
      [Ref Proc: 0.3 ms]
      [Ref Enq: 0.0 ms]
      [Redirty Cards: 0.1 ms]
      [Humongous Register: 0.3 ms]
      [Humongous Reclaim: 0.0 ms]
      [Free CSet: 0.1 ms]
   [Eden: 93.0M(93.0M)->0.0B(66.0M) Survivors: 9216.0K->9216.0K Heap: 414.3M(1024.0M)->321.8M(1024.0M)]
 [Times: user=0.09 sys=0.02, real=0.02 secs] 
2021-04-22T23:55:29.514+0800: 14148.652: [GC pause (G1 Evacuation Pause) (young), 0.0163804 secs]
   [Parallel Time: 15.4 ms, GC Workers: 8]
      [GC Worker Start (ms): Min: 14148652.6, Avg: 14148652.8, Max: 14148653.2, Diff: 0.6]
      [Ext Root Scanning (ms): Min: 0.8, Avg: 1.3, Max: 2.5, Diff: 1.7, Sum: 10.7]
      [Update RS (ms): Min: 0.1, Avg: 5.4, Max: 12.1, Diff: 12.0, Sum: 42.9]
         [Processed Buffers: Min: 0, Avg: 5.5, Max: 24, Diff: 24, Sum: 44]
      [Scan RS (ms): Min: 0.0, Avg: 0.5, Max: 1.1, Diff: 1.1, Sum: 3.8]
      [Code Root Scanning (ms): Min: 0.0, Avg: 0.0, Max: 0.0, Diff: 0.0, Sum: 0.0]
      [Object Copy (ms): Min: 2.1, Avg: 8.0, Max: 13.2, Diff: 11.1, Sum: 63.9]
      [Termination (ms): Min: 0.0, Avg: 0.0, Max: 0.0, Diff: 0.0, Sum: 0.0]
         [Termination Attempts: Min: 1, Avg: 13.8, Max: 21, Diff: 20, Sum: 110]
      [GC Worker Other (ms): Min: 0.0, Avg: 0.0, Max: 0.0, Diff: 0.0, Sum: 0.2]
      [GC Worker Total (ms): Min: 14.8, Avg: 15.2, Max: 15.4, Diff: 0.6, Sum: 121.5]
      [GC Worker End (ms): Min: 14148668.0, Avg: 14148668.0, Max: 14148668.1, Diff: 0.0]
   [Code Root Fixup: 0.0 ms]
   [Code Root Purge: 0.0 ms]
   [Clear CT: 0.1 ms]
   [Other: 0.9 ms]
      [Choose CSet: 0.0 ms]
      [Ref Proc: 0.3 ms]
      [Ref Enq: 0.0 ms]
      [Redirty Cards: 0.1 ms]
      [Humongous Register: 0.1 ms]
      [Humongous Reclaim: 0.0 ms]
      [Free CSet: 0.1 ms]
   [Eden: 66.0M(66.0M)->0.0B(65.0M) Survivors: 9216.0K->8192.0K Heap: 387.8M(1024.0M)->322.9M(1024.0M)]
 [Times: user=0.06 sys=0.00, real=0.02 secs] 
2021-04-22T23:55:52.522+0800: 14171.661: [GC pause (G1 Evacuation Pause) (young), 0.0213620 secs]
   [Parallel Time: 20.4 ms, GC Workers: 8]
      [GC Worker Start (ms): Min: 14171661.6, Avg: 14171661.8, Max: 14171662.0, Diff: 0.5]
      [Ext Root Scanning (ms): Min: 0.5, Avg: 2.6, Max: 6.2, Diff: 5.7, Sum: 20.8]
      [Update RS (ms): Min: 0.0, Avg: 1.4, Max: 2.9, Diff: 2.9, Sum: 11.5]
         [Processed Buffers: Min: 0, Avg: 5.5, Max: 20, Diff: 20, Sum: 44]
      [Scan RS (ms): Min: 0.0, Avg: 1.9, Max: 3.1, Diff: 3.1, Sum: 14.9]
      [Code Root Scanning (ms): Min: 0.0, Avg: 0.0, Max: 0.0, Diff: 0.0, Sum: 0.0]
      [Object Copy (ms): Min: 13.6, Avg: 14.1, Max: 16.1, Diff: 2.5, Sum: 113.0]
      [Termination (ms): Min: 0.0, Avg: 0.1, Max: 0.1, Diff: 0.1, Sum: 0.5]
         [Termination Attempts: Min: 1, Avg: 4.1, Max: 8, Diff: 7, Sum: 33]
      [GC Worker Other (ms): Min: 0.0, Avg: 0.0, Max: 0.0, Diff: 0.0, Sum: 0.1]
      [GC Worker Total (ms): Min: 19.9, Avg: 20.1, Max: 20.3, Diff: 0.5, Sum: 160.9]
      [GC Worker End (ms): Min: 14171681.9, Avg: 14171681.9, Max: 14171681.9, Diff: 0.0]
   [Code Root Fixup: 0.0 ms]
   [Code Root Purge: 0.0 ms]
   [Clear CT: 0.2 ms]
   [Other: 0.8 ms]
      [Choose CSet: 0.0 ms]
      [Ref Proc: 0.3 ms]
      [Ref Enq: 0.0 ms]
      [Redirty Cards: 0.1 ms]
      [Humongous Register: 0.1 ms]
      [Humongous Reclaim: 0.0 ms]
      [Free CSet: 0.0 ms]
   [Eden: 43.0M(43.0M)->0.0B(77.0M) Survivors: 8192.0K->7168.0K Heap: 365.9M(1024.0M)->325.3M(1024.0M)]
 [Times: user=0.07 sys=0.00, real=0.02 secs] 
2021-04-22T23:56:15.388+0800: 14194.527: [GC pause (G1 Evacuation Pause) (young), 0.0187582 secs]
   [Parallel Time: 17.3 ms, GC Workers: 8]
      [GC Worker Start (ms): Min: 14194527.9, Avg: 14194529.3, Max: 14194537.7, Diff: 9.8]
      [Ext Root Scanning (ms): Min: 0.0, Avg: 3.8, Max: 14.3, Diff: 14.3, Sum: 30.7]
      [Update RS (ms): Min: 0.0, Avg: 4.0, Max: 8.6, Diff: 8.6, Sum: 31.7]
         [Processed Buffers: Min: 0, Avg: 6.0, Max: 34, Diff: 34, Sum: 48]
      [Scan RS (ms): Min: 0.0, Avg: 3.0, Max: 6.4, Diff: 6.4, Sum: 24.1]
      [Code Root Scanning (ms): Min: 0.0, Avg: 0.0, Max: 0.0, Diff: 0.0, Sum: 0.0]
      [Object Copy (ms): Min: 2.8, Avg: 5.0, Max: 6.2, Diff: 3.3, Sum: 39.7]
      [Termination (ms): Min: 0.0, Avg: 0.0, Max: 0.0, Diff: 0.0, Sum: 0.1]
         [Termination Attempts: Min: 1, Avg: 13.0, Max: 24, Diff: 23, Sum: 104]
      [GC Worker Other (ms): Min: 0.0, Avg: 0.0, Max: 0.0, Diff: 0.0, Sum: 0.3]
      [GC Worker Total (ms): Min: 7.4, Avg: 15.8, Max: 17.2, Diff: 9.8, Sum: 126.6]
      [GC Worker End (ms): Min: 14194545.1, Avg: 14194545.1, Max: 14194545.1, Diff: 0.0]
   [Code Root Fixup: 0.0 ms]
   [Code Root Purge: 0.0 ms]
   [Clear CT: 0.1 ms]
   [Other: 1.3 ms]
      [Choose CSet: 0.0 ms]
      [Ref Proc: 0.3 ms]
      [Ref Enq: 0.0 ms]
      [Redirty Cards: 0.1 ms]
      [Humongous Register: 0.2 ms]
      [Humongous Reclaim: 0.0 ms]
      [Free CSet: 0.1 ms]
   [Eden: 44.0M(44.0M)->0.0B(120.0M) Survivors: 7168.0K->5120.0K Heap: 369.3M(1024.0M)->326.1M(1024.0M)]
 [Times: user=0.08 sys=0.00, real=0.02 secs] 
2021-04-22T23:56:38.751+0800: 14217.890: [GC pause (G1 Evacuation Pause) (young), 0.0202510 secs]
   [Parallel Time: 18.3 ms, GC Workers: 8]
      [GC Worker Start (ms): Min: 14217890.9, Avg: 14217891.1, Max: 14217891.5, Diff: 0.6]
      [Ext Root Scanning (ms): Min: 1.0, Avg: 3.7, Max: 17.2, Diff: 16.2, Sum: 29.8]
      [Update RS (ms): Min: 0.0, Avg: 4.6, Max: 7.1, Diff: 7.1, Sum: 36.4]
         [Processed Buffers: Min: 0, Avg: 5.6, Max: 25, Diff: 25, Sum: 45]
      [Scan RS (ms): Min: 0.1, Avg: 3.8, Max: 11.6, Diff: 11.6, Sum: 30.5]
      [Code Root Scanning (ms): Min: 0.0, Avg: 0.0, Max: 0.0, Diff: 0.0, Sum: 0.0]
      [Object Copy (ms): Min: 0.0, Avg: 5.7, Max: 8.7, Diff: 8.7, Sum: 45.6]
      [Termination (ms): Min: 0.0, Avg: 0.1, Max: 0.2, Diff: 0.2, Sum: 1.0]
         [Termination Attempts: Min: 1, Avg: 5.5, Max: 8, Diff: 7, Sum: 44]
      [GC Worker Other (ms): Min: 0.0, Avg: 0.0, Max: 0.0, Diff: 0.0, Sum: 0.2]
      [GC Worker Total (ms): Min: 17.5, Avg: 17.9, Max: 18.1, Diff: 0.6, Sum: 143.5]
      [GC Worker End (ms): Min: 14217909.0, Avg: 14217909.1, Max: 14217909.1, Diff: 0.1]
   [Code Root Fixup: 0.0 ms]
   [Code Root Purge: 0.0 ms]
   [Clear CT: 0.1 ms]
   [Other: 1.8 ms]
      [Choose CSet: 0.0 ms]
      [Ref Proc: 0.5 ms]
      [Ref Enq: 0.0 ms]
      [Redirty Cards: 0.1 ms]
      [Humongous Register: 0.2 ms]
      [Humongous Reclaim: 0.1 ms]
      [Free CSet: 0.1 ms]
   [Eden: 46.0M(46.0M)->0.0B(67.0M) Survivors: 5120.0K->6144.0K Heap: 372.1M(1024.0M)->326.8M(1024.0M)]
 [Times: user=0.06 sys=0.01, real=0.02 secs] 
2021-04-22T23:57:12.420+0800: 14251.560: [GC pause (G1 Evacuation Pause) (young), 0.0178337 secs]
   [Parallel Time: 16.6 ms, GC Workers: 8]
      [GC Worker Start (ms): Min: 14251560.7, Avg: 14251560.9, Max: 14251561.1, Diff: 0.5]
      [Ext Root Scanning (ms): Min: 0.5, Avg: 5.1, Max: 14.1, Diff: 13.6, Sum: 40.6]
      [Update RS (ms): Min: 0.0, Avg: 1.5, Max: 3.4, Diff: 3.4, Sum: 12.0]
         [Processed Buffers: Min: 0, Avg: 5.5, Max: 30, Diff: 30, Sum: 44]
      [Scan RS (ms): Min: 0.0, Avg: 2.7, Max: 6.2, Diff: 6.2, Sum: 21.5]
      [Code Root Scanning (ms): Min: 0.0, Avg: 0.0, Max: 0.0, Diff: 0.0, Sum: 0.0]
      [Object Copy (ms): Min: 2.3, Avg: 7.0, Max: 9.5, Diff: 7.2, Sum: 55.9]
      [Termination (ms): Min: 0.0, Avg: 0.1, Max: 0.2, Diff: 0.2, Sum: 0.6]
         [Termination Attempts: Min: 1, Avg: 18.4, Max: 24, Diff: 23, Sum: 147]
      [GC Worker Other (ms): Min: 0.0, Avg: 0.0, Max: 0.0, Diff: 0.0, Sum: 0.1]
      [GC Worker Total (ms): Min: 16.2, Avg: 16.4, Max: 16.5, Diff: 0.4, Sum: 130.9]
      [GC Worker End (ms): Min: 14251577.2, Avg: 14251577.2, Max: 14251577.3, Diff: 0.1]
   [Code Root Fixup: 0.0 ms]
   [Code Root Purge: 0.0 ms]
   [Clear CT: 0.1 ms]
   [Other: 1.1 ms]
      [Choose CSet: 0.0 ms]
      [Ref Proc: 0.2 ms]
      [Ref Enq: 0.0 ms]
      [Redirty Cards: 0.1 ms]
      [Humongous Register: 0.2 ms]
      [Humongous Reclaim: 0.0 ms]
      [Free CSet: 0.1 ms]
   [Eden: 67.0M(67.0M)->0.0B(80.0M) Survivors: 6144.0K->9216.0K Heap: 393.8M(1024.0M)->330.0M(1024.0M)]
 [Times: user=0.07 sys=0.01, real=0.01 secs] 
2021-04-22T23:57:33.273+0800: 14272.413: [GC pause (G1 Evacuation Pause) (young), 0.0195171 secs]
   [Parallel Time: 18.2 ms, GC Workers: 8]
      [GC Worker Start (ms): Min: 14272414.0, Avg: 14272416.5, Max: 14272428.4, Diff: 14.4]
      [Ext Root Scanning (ms): Min: 0.0, Avg: 3.4, Max: 18.0, Diff: 18.0, Sum: 27.4]
      [Update RS (ms): Min: 0.0, Avg: 1.2, Max: 2.7, Diff: 2.7, Sum: 9.9]
         [Processed Buffers: Min: 0, Avg: 5.4, Max: 21, Diff: 21, Sum: 43]
      [Scan RS (ms): Min: 0.0, Avg: 3.0, Max: 6.5, Diff: 6.4, Sum: 24.2]
      [Code Root Scanning (ms): Min: 0.0, Avg: 0.0, Max: 0.0, Diff: 0.0, Sum: 0.0]
      [Object Copy (ms): Min: 0.0, Avg: 7.3, Max: 10.3, Diff: 10.3, Sum: 58.4]
      [Termination (ms): Min: 0.0, Avg: 0.5, Max: 0.6, Diff: 0.6, Sum: 4.3]
         [Termination Attempts: Min: 1, Avg: 5.6, Max: 12, Diff: 11, Sum: 45]
      [GC Worker Other (ms): Min: 0.0, Avg: 0.0, Max: 0.1, Diff: 0.0, Sum: 0.2]
      [GC Worker Total (ms): Min: 3.7, Avg: 15.6, Max: 18.0, Diff: 14.3, Sum: 124.4]
      [GC Worker End (ms): Min: 14272432.1, Avg: 14272432.1, Max: 14272432.1, Diff: 0.0]
   [Code Root Fixup: 0.0 ms]
   [Code Root Purge: 0.0 ms]
   [Clear CT: 0.1 ms]
   [Other: 1.2 ms]
      [Choose CSet: 0.0 ms]
      [Ref Proc: 0.3 ms]
      [Ref Enq: 0.0 ms]
      [Redirty Cards: 0.1 ms]
      [Humongous Register: 0.3 ms]
      [Humongous Reclaim: 0.0 ms]
      [Free CSet: 0.1 ms]
   [Eden: 42.0M(42.0M)->0.0B(105.0M) Survivors: 9216.0K->6144.0K Heap: 372.0M(1024.0M)->328.6M(1024.0M)]
 [Times: user=0.07 sys=0.01, real=0.02 secs] 
2021-04-22T23:57:55.839+0800: 14294.980: [GC pause (G1 Evacuation Pause) (young), 0.0170069 secs]
   [Parallel Time: 15.6 ms, GC Workers: 8]
      [GC Worker Start (ms): Min: 14294980.2, Avg: 14294981.5, Max: 14294988.5, Diff: 8.3]
      [Ext Root Scanning (ms): Min: 0.0, Avg: 3.8, Max: 9.2, Diff: 9.1, Sum: 30.4]
      [Update RS (ms): Min: 0.0, Avg: 2.2, Max: 4.7, Diff: 4.7, Sum: 17.8]
         [Processed Buffers: Min: 0, Avg: 6.5, Max: 35, Diff: 35, Sum: 52]
      [Scan RS (ms): Min: 0.0, Avg: 1.6, Max: 3.6, Diff: 3.6, Sum: 13.0]
      [Code Root Scanning (ms): Min: 0.0, Avg: 0.0, Max: 0.0, Diff: 0.0, Sum: 0.0]
      [Object Copy (ms): Min: 6.2, Avg: 6.6, Max: 6.8, Diff: 0.6, Sum: 52.6]
      [Termination (ms): Min: 0.0, Avg: 0.0, Max: 0.1, Diff: 0.1, Sum: 0.3]
         [Termination Attempts: Min: 1, Avg: 15.6, Max: 36, Diff: 35, Sum: 125]
      [GC Worker Other (ms): Min: 0.0, Avg: 0.0, Max: 0.0, Diff: 0.0, Sum: 0.1]
      [GC Worker Total (ms): Min: 7.3, Avg: 14.3, Max: 15.5, Diff: 8.3, Sum: 114.3]
      [GC Worker End (ms): Min: 14294995.8, Avg: 14294995.8, Max: 14294995.8, Diff: 0.0]
   [Code Root Fixup: 0.0 ms]
   [Code Root Purge: 0.0 ms]
   [Clear CT: 0.1 ms]
   [Other: 1.3 ms]
      [Choose CSet: 0.0 ms]
      [Ref Proc: 0.2 ms]
      [Ref Enq: 0.0 ms]
      [Redirty Cards: 0.1 ms]
      [Humongous Register: 0.3 ms]
      [Humongous Reclaim: 0.0 ms]
      [Free CSet: 0.1 ms]
   [Eden: 45.0M(45.0M)->0.0B(125.0M) Survivors: 6144.0K->7168.0K Heap: 373.6M(1024.0M)->329.6M(1024.0M)]
 [Times: user=0.08 sys=0.01, real=0.02 secs] 
2021-04-22T23:58:17.915+0800: 14317.057: [GC pause (G1 Evacuation Pause) (young), 0.0159691 secs]
   [Parallel Time: 15.2 ms, GC Workers: 8]
      [GC Worker Start (ms): Min: 14317056.7, Avg: 14317057.0, Max: 14317057.8, Diff: 1.0]
      [Ext Root Scanning (ms): Min: 0.0, Avg: 4.6, Max: 15.0, Diff: 15.0, Sum: 36.9]
      [Update RS (ms): Min: 0.0, Avg: 2.0, Max: 4.2, Diff: 4.2, Sum: 15.9]
         [Processed Buffers: Min: 0, Avg: 5.2, Max: 28, Diff: 28, Sum: 42]
      [Scan RS (ms): Min: 0.0, Avg: 2.8, Max: 6.5, Diff: 6.5, Sum: 22.5]
      [Code Root Scanning (ms): Min: 0.0, Avg: 0.0, Max: 0.0, Diff: 0.0, Sum: 0.0]
      [Object Copy (ms): Min: 0.0, Avg: 5.2, Max: 11.8, Diff: 11.8, Sum: 41.9]
      [Termination (ms): Min: 0.0, Avg: 0.2, Max: 0.2, Diff: 0.2, Sum: 1.4]
         [Termination Attempts: Min: 1, Avg: 1.6, Max: 4, Diff: 3, Sum: 13]
      [GC Worker Other (ms): Min: 0.0, Avg: 0.0, Max: 0.0, Diff: 0.0, Sum: 0.1]
      [GC Worker Total (ms): Min: 14.1, Avg: 14.8, Max: 15.1, Diff: 1.0, Sum: 118.8]
      [GC Worker End (ms): Min: 14317071.8, Avg: 14317071.8, Max: 14317071.9, Diff: 0.0]
   [Code Root Fixup: 0.0 ms]
   [Code Root Purge: 0.0 ms]
   [Clear CT: 0.1 ms]
   [Other: 0.7 ms]
      [Choose CSet: 0.0 ms]
      [Ref Proc: 0.2 ms]
      [Ref Enq: 0.0 ms]
      [Redirty Cards: 0.1 ms]
      [Humongous Register: 0.1 ms]
      [Humongous Reclaim: 0.0 ms]
      [Free CSet: 0.1 ms]
   [Eden: 44.0M(44.0M)->0.0B(154.0M) Survivors: 7168.0K->7168.0K Heap: 373.6M(1024.0M)->330.8M(1024.0M)]
 [Times: user=0.06 sys=0.00, real=0.02 secs] 
2021-04-22T23:59:35.872+0800: 14395.015: [GC pause (G1 Evacuation Pause) (young), 0.0297626 secs]
   [Parallel Time: 22.7 ms, GC Workers: 8]
      [GC Worker Start (ms): Min: 14395020.5, Avg: 14395022.3, Max: 14395024.3, Diff: 3.8]
      [Ext Root Scanning (ms): Min: 0.0, Avg: 1.9, Max: 8.6, Diff: 8.6, Sum: 15.0]
      [Update RS (ms): Min: 0.0, Avg: 3.3, Max: 5.1, Diff: 5.1, Sum: 26.1]
         [Processed Buffers: Min: 0, Avg: 5.9, Max: 13, Diff: 13, Sum: 47]
      [Scan RS (ms): Min: 0.0, Avg: 1.1, Max: 1.8, Diff: 1.7, Sum: 8.7]
      [Code Root Scanning (ms): Min: 0.0, Avg: 0.0, Max: 0.0, Diff: 0.0, Sum: 0.0]
      [Object Copy (ms): Min: 13.8, Avg: 14.4, Max: 14.6, Diff: 0.8, Sum: 115.2]
      [Termination (ms): Min: 0.0, Avg: 0.0, Max: 0.1, Diff: 0.1, Sum: 0.4]
         [Termination Attempts: Min: 1, Avg: 2.1, Max: 3, Diff: 2, Sum: 17]
      [GC Worker Other (ms): Min: 0.0, Avg: 0.0, Max: 0.1, Diff: 0.0, Sum: 0.3]
      [GC Worker Total (ms): Min: 18.7, Avg: 20.7, Max: 22.5, Diff: 3.8, Sum: 165.7]
      [GC Worker End (ms): Min: 14395043.0, Avg: 14395043.0, Max: 14395043.0, Diff: 0.0]
   [Code Root Fixup: 0.0 ms]
   [Code Root Purge: 0.0 ms]
   [Clear CT: 0.1 ms]
   [Other: 7.0 ms]
      [Choose CSet: 0.0 ms]
      [Ref Proc: 0.3 ms]
      [Ref Enq: 0.0 ms]
      [Redirty Cards: 0.1 ms]
      [Humongous Register: 5.0 ms]
      [Humongous Reclaim: 0.0 ms]
      [Free CSet: 0.6 ms]
   [Eden: 154.0M(154.0M)->0.0B(42.0M) Survivors: 7168.0K->9216.0K Heap: 484.8M(1024.0M)->332.3M(1024.0M)]
 [Times: user=0.06 sys=0.02, real=0.03 secs] 
2021-04-22T23:59:57.183+0800: 14416.325: [GC pause (G1 Evacuation Pause) (young), 0.0187958 secs]
   [Parallel Time: 17.7 ms, GC Workers: 8]
      [GC Worker Start (ms): Min: 14416325.5, Avg: 14416329.6, Max: 14416339.4, Diff: 13.9]
      [Ext Root Scanning (ms): Min: 0.0, Avg: 0.5, Max: 1.5, Diff: 1.5, Sum: 4.0]
      [Update RS (ms): Min: 0.0, Avg: 1.1, Max: 2.2, Diff: 2.2, Sum: 8.7]
         [Processed Buffers: Min: 0, Avg: 5.6, Max: 19, Diff: 19, Sum: 45]
      [Scan RS (ms): Min: 0.0, Avg: 1.0, Max: 2.0, Diff: 2.0, Sum: 8.0]
      [Code Root Scanning (ms): Min: 0.0, Avg: 0.0, Max: 0.0, Diff: 0.0, Sum: 0.0]
      [Object Copy (ms): Min: 3.6, Avg: 10.8, Max: 15.6, Diff: 12.0, Sum: 86.2]
      [Termination (ms): Min: 0.0, Avg: 0.1, Max: 0.1, Diff: 0.1, Sum: 0.7]
         [Termination Attempts: Min: 1, Avg: 1.4, Max: 2, Diff: 1, Sum: 11]
      [GC Worker Other (ms): Min: 0.0, Avg: 0.0, Max: 0.0, Diff: 0.0, Sum: 0.3]
      [GC Worker Total (ms): Min: 3.7, Avg: 13.5, Max: 17.6, Diff: 13.8, Sum: 107.9]
      [GC Worker End (ms): Min: 14416343.0, Avg: 14416343.1, Max: 14416343.1, Diff: 0.1]
   [Code Root Fixup: 0.0 ms]
   [Code Root Purge: 0.0 ms]
   [Clear CT: 0.1 ms]
   [Other: 1.0 ms]
      [Choose CSet: 0.0 ms]
      [Ref Proc: 0.4 ms]
      [Ref Enq: 0.0 ms]
      [Redirty Cards: 0.1 ms]
      [Humongous Register: 0.1 ms]
      [Humongous Reclaim: 0.0 ms]
      [Free CSet: 0.1 ms]
   [Eden: 42.0M(42.0M)->0.0B(44.0M) Survivors: 9216.0K->7168.0K Heap: 374.3M(1024.0M)->333.4M(1024.0M)]
 [Times: user=0.07 sys=0.01, real=0.02 secs] 
2021-04-23T00:00:19.553+0800: 14438.696: [GC pause (G1 Evacuation Pause) (young), 0.0239894 secs]
   [Parallel Time: 22.2 ms, GC Workers: 8]
      [GC Worker Start (ms): Min: 14438696.4, Avg: 14438696.6, Max: 14438697.0, Diff: 0.6]
      [Ext Root Scanning (ms): Min: 1.2, Avg: 10.0, Max: 21.9, Diff: 20.7, Sum: 80.3]
      [Update RS (ms): Min: 0.0, Avg: 2.2, Max: 6.4, Diff: 6.4, Sum: 17.4]
         [Processed Buffers: Min: 0, Avg: 6.6, Max: 23, Diff: 23, Sum: 53]
      [Scan RS (ms): Min: 0.0, Avg: 3.2, Max: 10.8, Diff: 10.8, Sum: 25.7]
      [Code Root Scanning (ms): Min: 0.0, Avg: 0.0, Max: 0.0, Diff: 0.0, Sum: 0.0]
      [Object Copy (ms): Min: 0.0, Avg: 5.9, Max: 8.7, Diff: 8.7, Sum: 46.8]
      [Termination (ms): Min: 0.0, Avg: 0.5, Max: 0.6, Diff: 0.6, Sum: 3.7]
         [Termination Attempts: Min: 2, Avg: 15.0, Max: 28, Diff: 26, Sum: 120]
      [GC Worker Other (ms): Min: 0.0, Avg: 0.0, Max: 0.0, Diff: 0.0, Sum: 0.2]
      [GC Worker Total (ms): Min: 21.4, Avg: 21.8, Max: 22.0, Diff: 0.6, Sum: 174.2]
      [GC Worker End (ms): Min: 14438718.4, Avg: 14438718.4, Max: 14438718.4, Diff: 0.0]
   [Code Root Fixup: 0.0 ms]
   [Code Root Purge: 0.0 ms]
   [Clear CT: 0.2 ms]
   [Other: 1.6 ms]
      [Choose CSet: 0.0 ms]
      [Ref Proc: 0.4 ms]
      [Ref Enq: 0.0 ms]
      [Redirty Cards: 0.2 ms]
      [Humongous Register: 0.3 ms]
      [Humongous Reclaim: 0.0 ms]
      [Free CSet: 0.1 ms]
   [Eden: 44.0M(44.0M)->0.0B(45.0M) Survivors: 7168.0K->6144.0K Heap: 377.4M(1024.0M)->335.6M(1024.0M)]
 [Times: user=0.08 sys=0.01, real=0.02 secs] 
2021-04-23T00:00:42.327+0800: 14461.470: [GC pause (G1 Evacuation Pause) (young), 0.0154685 secs]
   [Parallel Time: 13.1 ms, GC Workers: 8]
      [GC Worker Start (ms): Min: 14461471.6, Avg: 14461473.6, Max: 14461480.3, Diff: 8.8]
      [Ext Root Scanning (ms): Min: 0.0, Avg: 1.8, Max: 9.5, Diff: 9.5, Sum: 14.8]
      [Update RS (ms): Min: 0.0, Avg: 2.6, Max: 6.4, Diff: 6.4, Sum: 20.9]
         [Processed Buffers: Min: 0, Avg: 5.2, Max: 22, Diff: 22, Sum: 42]
      [Scan RS (ms): Min: 0.0, Avg: 1.7, Max: 3.2, Diff: 3.2, Sum: 13.5]
      [Code Root Scanning (ms): Min: 0.0, Avg: 0.0, Max: 0.0, Diff: 0.0, Sum: 0.0]
      [Object Copy (ms): Min: 3.3, Avg: 4.7, Max: 5.2, Diff: 1.9, Sum: 37.5]
      [Termination (ms): Min: 0.0, Avg: 0.1, Max: 0.1, Diff: 0.1, Sum: 0.5]
         [Termination Attempts: Min: 1, Avg: 77.0, Max: 120, Diff: 119, Sum: 616]
      [GC Worker Other (ms): Min: 0.0, Avg: 0.0, Max: 0.1, Diff: 0.1, Sum: 0.4]
      [GC Worker Total (ms): Min: 4.2, Avg: 11.0, Max: 13.0, Diff: 8.8, Sum: 87.6]
      [GC Worker End (ms): Min: 14461484.5, Avg: 14461484.6, Max: 14461484.6, Diff: 0.0]
   [Code Root Fixup: 0.0 ms]
   [Code Root Purge: 0.0 ms]
   [Clear CT: 0.2 ms]
   [Other: 2.2 ms]
      [Choose CSet: 0.0 ms]
      [Ref Proc: 0.4 ms]
      [Ref Enq: 0.0 ms]
      [Redirty Cards: 0.1 ms]
      [Humongous Register: 0.2 ms]
      [Humongous Reclaim: 0.0 ms]
      [Free CSet: 0.1 ms]
   [Eden: 45.0M(45.0M)->0.0B(80.0M) Survivors: 6144.0K->4096.0K Heap: 380.6M(1024.0M)->334.1M(1024.0M)]
 [Times: user=0.06 sys=0.01, real=0.02 secs] 
2021-04-23T00:01:22.931+0800: 14502.075: [GC pause (G1 Evacuation Pause) (young), 0.0207888 secs]
   [Parallel Time: 19.2 ms, GC Workers: 8]
      [GC Worker Start (ms): Min: 14502075.9, Avg: 14502076.8, Max: 14502079.6, Diff: 3.7]
      [Ext Root Scanning (ms): Min: 0.0, Avg: 3.3, Max: 14.6, Diff: 14.6, Sum: 26.6]
      [Update RS (ms): Min: 0.0, Avg: 3.0, Max: 7.2, Diff: 7.2, Sum: 23.9]
         [Processed Buffers: Min: 0, Avg: 5.2, Max: 19, Diff: 19, Sum: 42]
      [Scan RS (ms): Min: 0.0, Avg: 2.0, Max: 4.9, Diff: 4.9, Sum: 16.4]
      [Code Root Scanning (ms): Min: 0.0, Avg: 0.0, Max: 0.0, Diff: 0.0, Sum: 0.0]
      [Object Copy (ms): Min: 4.3, Avg: 9.7, Max: 15.2, Diff: 10.9, Sum: 77.4]
      [Termination (ms): Min: 0.0, Avg: 0.1, Max: 0.1, Diff: 0.1, Sum: 0.4]
         [Termination Attempts: Min: 1, Avg: 1.1, Max: 2, Diff: 1, Sum: 9]
      [GC Worker Other (ms): Min: 0.0, Avg: 0.0, Max: 0.1, Diff: 0.1, Sum: 0.4]
      [GC Worker Total (ms): Min: 15.3, Avg: 18.1, Max: 19.0, Diff: 3.8, Sum: 145.1]
      [GC Worker End (ms): Min: 14502094.9, Avg: 14502094.9, Max: 14502095.0, Diff: 0.1]
   [Code Root Fixup: 0.2 ms]
   [Code Root Purge: 0.0 ms]
   [Clear CT: 0.1 ms]
   [Other: 1.4 ms]
      [Choose CSet: 0.0 ms]
      [Ref Proc: 0.3 ms]
      [Ref Enq: 0.0 ms]
      [Redirty Cards: 0.1 ms]
      [Humongous Register: 0.3 ms]
      [Humongous Reclaim: 0.0 ms]
      [Free CSet: 0.1 ms]
   [Eden: 80.0M(80.0M)->0.0B(45.0M) Survivors: 4096.0K->6144.0K Heap: 414.1M(1024.0M)->335.9M(1024.0M)]
 [Times: user=0.06 sys=0.01, real=0.02 secs] 
2021-04-23T00:01:45.820+0800: 14524.965: [GC pause (G1 Evacuation Pause) (young), 0.0165775 secs]
   [Parallel Time: 15.3 ms, GC Workers: 8]
      [GC Worker Start (ms): Min: 14524965.1, Avg: 14524968.8, Max: 14524978.1, Diff: 13.0]
      [Ext Root Scanning (ms): Min: 0.0, Avg: 1.9, Max: 10.9, Diff: 10.9, Sum: 14.9]
      [Update RS (ms): Min: 0.0, Avg: 0.9, Max: 2.1, Diff: 2.1, Sum: 7.4]
         [Processed Buffers: Min: 0, Avg: 5.0, Max: 20, Diff: 20, Sum: 40]
      [Scan RS (ms): Min: 0.0, Avg: 2.1, Max: 6.3, Diff: 6.3, Sum: 16.6]
      [Code Root Scanning (ms): Min: 0.0, Avg: 0.0, Max: 0.0, Diff: 0.0, Sum: 0.0]
      [Object Copy (ms): Min: 2.1, Avg: 6.6, Max: 9.3, Diff: 7.1, Sum: 52.8]
      [Termination (ms): Min: 0.0, Avg: 0.0, Max: 0.1, Diff: 0.1, Sum: 0.3]
         [Termination Attempts: Min: 1, Avg: 5.0, Max: 10, Diff: 9, Sum: 40]
      [GC Worker Other (ms): Min: 0.0, Avg: 0.0, Max: 0.0, Diff: 0.0, Sum: 0.1]
      [GC Worker Total (ms): Min: 2.2, Avg: 11.5, Max: 15.3, Diff: 13.0, Sum: 92.0]
      [GC Worker End (ms): Min: 14524980.3, Avg: 14524980.3, Max: 14524980.3, Diff: 0.0]
   [Code Root Fixup: 0.0 ms]
   [Code Root Purge: 0.0 ms]
   [Clear CT: 0.1 ms]
   [Other: 1.2 ms]
      [Choose CSet: 0.0 ms]
      [Ref Proc: 0.3 ms]
      [Ref Enq: 0.0 ms]
      [Redirty Cards: 0.1 ms]
      [Humongous Register: 0.1 ms]
      [Humongous Reclaim: 0.0 ms]
      [Free CSet: 0.1 ms]
   [Eden: 45.0M(45.0M)->0.0B(100.0M) Survivors: 6144.0K->7168.0K Heap: 380.9M(1024.0M)->337.9M(1024.0M)]
 [Times: user=0.05 sys=0.01, real=0.01 secs] 
2021-04-23T00:02:07.847+0800: 14546.992: [GC pause (G1 Evacuation Pause) (young), 0.0181928 secs]
   [Parallel Time: 17.3 ms, GC Workers: 8]
      [GC Worker Start (ms): Min: 14546992.0, Avg: 14546992.5, Max: 14546993.9, Diff: 1.9]
      [Ext Root Scanning (ms): Min: 0.0, Avg: 4.0, Max: 16.9, Diff: 16.9, Sum: 32.1]
      [Update RS (ms): Min: 0.0, Avg: 2.1, Max: 5.9, Diff: 5.9, Sum: 17.1]
         [Processed Buffers: Min: 0, Avg: 5.5, Max: 28, Diff: 28, Sum: 44]
      [Scan RS (ms): Min: 0.0, Avg: 5.5, Max: 12.7, Diff: 12.7, Sum: 43.9]
      [Code Root Scanning (ms): Min: 0.0, Avg: 0.0, Max: 0.0, Diff: 0.0, Sum: 0.0]
      [Object Copy (ms): Min: 0.0, Avg: 4.9, Max: 9.5, Diff: 9.5, Sum: 39.0]
      [Termination (ms): Min: 0.0, Avg: 0.2, Max: 0.3, Diff: 0.3, Sum: 1.8]
         [Termination Attempts: Min: 1, Avg: 1.0, Max: 1, Diff: 0, Sum: 8]
      [GC Worker Other (ms): Min: 0.0, Avg: 0.0, Max: 0.0, Diff: 0.0, Sum: 0.1]
      [GC Worker Total (ms): Min: 15.3, Avg: 16.8, Max: 17.2, Diff: 1.9, Sum: 134.0]
      [GC Worker End (ms): Min: 14547009.1, Avg: 14547009.2, Max: 14547009.3, Diff: 0.1]
   [Code Root Fixup: 0.0 ms]
   [Code Root Purge: 0.0 ms]
   [Clear CT: 0.1 ms]
   [Other: 0.8 ms]
      [Choose CSet: 0.0 ms]
      [Ref Proc: 0.3 ms]
      [Ref Enq: 0.0 ms]
      [Redirty Cards: 0.1 ms]
      [Humongous Register: 0.1 ms]
      [Humongous Reclaim: 0.0 ms]
      [Free CSet: 0.1 ms]
   [Eden: 44.0M(44.0M)->0.0B(86.0M) Survivors: 7168.0K->6144.0K Heap: 381.9M(1024.0M)->336.9M(1024.0M)]
 [Times: user=0.05 sys=0.00, real=0.02 secs] 
2021-04-23T00:02:30.234+0800: 14569.379: [GC pause (G1 Evacuation Pause) (young), 0.0174000 secs]
   [Parallel Time: 15.7 ms, GC Workers: 8]
      [GC Worker Start (ms): Min: 14569379.8, Avg: 14569379.9, Max: 14569380.1, Diff: 0.3]
      [Ext Root Scanning (ms): Min: 0.4, Avg: 2.5, Max: 5.8, Diff: 5.4, Sum: 19.9]
      [Update RS (ms): Min: 0.0, Avg: 1.6, Max: 3.9, Diff: 3.9, Sum: 12.9]
         [Processed Buffers: Min: 0, Avg: 6.5, Max: 24, Diff: 24, Sum: 52]
      [Scan RS (ms): Min: 0.9, Avg: 4.5, Max: 9.8, Diff: 8.9, Sum: 35.9]
      [Code Root Scanning (ms): Min: 0.0, Avg: 0.0, Max: 0.0, Diff: 0.0, Sum: 0.0]
      [Object Copy (ms): Min: 2.1, Avg: 6.9, Max: 11.8, Diff: 9.7, Sum: 55.1]
      [Termination (ms): Min: 0.0, Avg: 0.0, Max: 0.0, Diff: 0.0, Sum: 0.1]
         [Termination Attempts: Min: 1, Avg: 4.8, Max: 9, Diff: 8, Sum: 38]
      [GC Worker Other (ms): Min: 0.0, Avg: 0.0, Max: 0.0, Diff: 0.0, Sum: 0.2]
      [GC Worker Total (ms): Min: 15.3, Avg: 15.5, Max: 15.6, Diff: 0.3, Sum: 124.0]
      [GC Worker End (ms): Min: 14569395.4, Avg: 14569395.4, Max: 14569395.4, Diff: 0.0]
   [Code Root Fixup: 0.0 ms]
   [Code Root Purge: 0.0 ms]
   [Clear CT: 0.2 ms]
   [Other: 1.5 ms]
      [Choose CSet: 0.0 ms]
      [Ref Proc: 0.3 ms]
      [Ref Enq: 0.0 ms]
      [Redirty Cards: 0.2 ms]
      [Humongous Register: 0.2 ms]
      [Humongous Reclaim: 0.0 ms]
      [Free CSet: 0.1 ms]
   [Eden: 45.0M(45.0M)->0.0B(95.0M) Survivors: 6144.0K->6144.0K Heap: 381.9M(1024.0M)->337.9M(1024.0M)]
 [Times: user=0.06 sys=0.00, real=0.02 secs] 
2021-04-23T00:03:18.365+0800: 14617.511: [GC pause (G1 Evacuation Pause) (young), 0.0204723 secs]
   [Parallel Time: 19.5 ms, GC Workers: 8]
      [GC Worker Start (ms): Min: 14617511.4, Avg: 14617511.6, Max: 14617512.2, Diff: 0.9]
      [Ext Root Scanning (ms): Min: 0.0, Avg: 3.9, Max: 17.0, Diff: 17.0, Sum: 31.2]
      [Update RS (ms): Min: 0.0, Avg: 1.9, Max: 4.1, Diff: 4.1, Sum: 15.2]
         [Processed Buffers: Min: 0, Avg: 6.4, Max: 22, Diff: 22, Sum: 51]
      [Scan RS (ms): Min: 0.0, Avg: 4.8, Max: 10.6, Diff: 10.6, Sum: 38.6]
      [Code Root Scanning (ms): Min: 0.0, Avg: 0.0, Max: 0.0, Diff: 0.0, Sum: 0.0]
      [Object Copy (ms): Min: 2.3, Avg: 8.5, Max: 15.4, Diff: 13.0, Sum: 68.1]
      [Termination (ms): Min: 0.0, Avg: 0.0, Max: 0.1, Diff: 0.0, Sum: 0.3]
         [Termination Attempts: Min: 1, Avg: 30.6, Max: 61, Diff: 60, Sum: 245]
      [GC Worker Other (ms): Min: 0.0, Avg: 0.0, Max: 0.1, Diff: 0.1, Sum: 0.2]
      [GC Worker Total (ms): Min: 18.5, Avg: 19.2, Max: 19.4, Diff: 0.9, Sum: 153.7]
      [GC Worker End (ms): Min: 14617530.8, Avg: 14617530.8, Max: 14617530.8, Diff: 0.0]
   [Code Root Fixup: 0.0 ms]
   [Code Root Purge: 0.0 ms]
   [Clear CT: 0.1 ms]
   [Other: 0.9 ms]
      [Choose CSet: 0.0 ms]
      [Ref Proc: 0.2 ms]
      [Ref Enq: 0.0 ms]
      [Redirty Cards: 0.0 ms]
      [Humongous Register: 0.2 ms]
      [Humongous Reclaim: 0.0 ms]
      [Free CSet: 0.1 ms]
   [Eden: 95.0M(95.0M)->0.0B(81.0M) Survivors: 6144.0K->6144.0K Heap: 432.9M(1024.0M)->338.0M(1024.0M)]
 [Times: user=0.07 sys=0.00, real=0.02 secs] 
2021-04-23T00:03:59.316+0800: 14658.463: [GC pause (G1 Evacuation Pause) (young), 0.0210450 secs]
   [Parallel Time: 19.7 ms, GC Workers: 8]
      [GC Worker Start (ms): Min: 14658463.2, Avg: 14658463.5, Max: 14658464.4, Diff: 1.2]
      [Ext Root Scanning (ms): Min: 0.0, Avg: 5.2, Max: 18.4, Diff: 18.4, Sum: 41.4]
      [Update RS (ms): Min: 0.0, Avg: 1.5, Max: 3.5, Diff: 3.5, Sum: 12.1]
         [Processed Buffers: Min: 0, Avg: 6.6, Max: 42, Diff: 42, Sum: 53]
      [Scan RS (ms): Min: 0.0, Avg: 2.7, Max: 9.8, Diff: 9.7, Sum: 22.0]
      [Code Root Scanning (ms): Min: 0.0, Avg: 0.0, Max: 0.0, Diff: 0.0, Sum: 0.0]
      [Object Copy (ms): Min: 0.7, Avg: 9.4, Max: 16.4, Diff: 15.7, Sum: 75.5]
      [Termination (ms): Min: 0.0, Avg: 0.0, Max: 0.1, Diff: 0.1, Sum: 0.3]
         [Termination Attempts: Min: 1, Avg: 72.6, Max: 101, Diff: 100, Sum: 581]
      [GC Worker Other (ms): Min: 0.0, Avg: 0.2, Max: 0.5, Diff: 0.5, Sum: 1.4]
      [GC Worker Total (ms): Min: 18.1, Avg: 19.1, Max: 19.6, Diff: 1.6, Sum: 152.6]
      [GC Worker End (ms): Min: 14658482.5, Avg: 14658482.6, Max: 14658482.9, Diff: 0.5]
   [Code Root Fixup: 0.0 ms]
   [Code Root Purge: 0.0 ms]
   [Clear CT: 0.1 ms]
   [Other: 1.2 ms]
      [Choose CSet: 0.0 ms]
      [Ref Proc: 0.3 ms]
      [Ref Enq: 0.0 ms]
      [Redirty Cards: 0.1 ms]
      [Humongous Register: 0.3 ms]
      [Humongous Reclaim: 0.0 ms]
      [Free CSet: 0.1 ms]
   [Eden: 81.0M(81.0M)->0.0B(51.0M) Survivors: 6144.0K->8192.0K Heap: 419.0M(1024.0M)->340.0M(1024.0M)]
 [Times: user=0.08 sys=0.00, real=0.02 secs] 
2021-04-23T00:04:24.983+0800: 14684.130: [GC pause (G1 Evacuation Pause) (young), 0.0212393 secs]
   [Parallel Time: 20.0 ms, GC Workers: 8]
      [GC Worker Start (ms): Min: 14684130.5, Avg: 14684131.4, Max: 14684137.1, Diff: 6.6]
      [Ext Root Scanning (ms): Min: 0.0, Avg: 4.6, Max: 13.4, Diff: 13.4, Sum: 37.1]
      [Update RS (ms): Min: 0.0, Avg: 1.5, Max: 3.5, Diff: 3.5, Sum: 12.4]
         [Processed Buffers: Min: 0, Avg: 6.5, Max: 22, Diff: 22, Sum: 52]
      [Scan RS (ms): Min: 0.0, Avg: 2.5, Max: 3.8, Diff: 3.8, Sum: 20.1]
      [Code Root Scanning (ms): Min: 0.0, Avg: 0.0, Max: 0.0, Diff: 0.0, Sum: 0.0]
      [Object Copy (ms): Min: 6.3, Avg: 10.1, Max: 12.2, Diff: 5.9, Sum: 81.2]
      [Termination (ms): Min: 0.0, Avg: 0.0, Max: 0.1, Diff: 0.1, Sum: 0.3]
         [Termination Attempts: Min: 1, Avg: 36.5, Max: 55, Diff: 54, Sum: 292]
      [GC Worker Other (ms): Min: 0.0, Avg: 0.0, Max: 0.1, Diff: 0.0, Sum: 0.3]
      [GC Worker Total (ms): Min: 13.2, Avg: 18.9, Max: 19.9, Diff: 6.6, Sum: 151.3]
      [GC Worker End (ms): Min: 14684150.3, Avg: 14684150.4, Max: 14684150.4, Diff: 0.0]
   [Code Root Fixup: 0.0 ms]
   [Code Root Purge: 0.0 ms]
   [Clear CT: 0.1 ms]
   [Other: 1.2 ms]
      [Choose CSet: 0.0 ms]
      [Ref Proc: 0.3 ms]
      [Ref Enq: 0.0 ms]
      [Redirty Cards: 0.1 ms]
      [Humongous Register: 0.2 ms]
      [Humongous Reclaim: 0.0 ms]
      [Free CSet: 0.0 ms]
   [Eden: 51.0M(51.0M)->0.0B(49.0M) Survivors: 8192.0K->7168.0K Heap: 391.0M(1024.0M)->340.7M(1024.0M)]
 [Times: user=0.09 sys=0.01, real=0.02 secs] 
2021-04-23T00:04:47.576+0800: 14706.723: [GC pause (G1 Evacuation Pause) (young), 0.0189751 secs]
   [Parallel Time: 17.9 ms, GC Workers: 8]
      [GC Worker Start (ms): Min: 14706723.7, Avg: 14706723.9, Max: 14706724.2, Diff: 0.5]
      [Ext Root Scanning (ms): Min: 0.3, Avg: 3.2, Max: 17.7, Diff: 17.4, Sum: 25.9]
      [Update RS (ms): Min: 0.0, Avg: 3.9, Max: 11.1, Diff: 11.1, Sum: 31.0]
         [Processed Buffers: Min: 0, Avg: 6.8, Max: 39, Diff: 39, Sum: 54]
      [Scan RS (ms): Min: 0.0, Avg: 3.4, Max: 10.9, Diff: 10.9, Sum: 27.2]
      [Code Root Scanning (ms): Min: 0.0, Avg: 0.0, Max: 0.0, Diff: 0.0, Sum: 0.0]
      [Object Copy (ms): Min: 0.0, Avg: 7.0, Max: 15.6, Diff: 15.6, Sum: 55.8]
      [Termination (ms): Min: 0.0, Avg: 0.1, Max: 0.2, Diff: 0.2, Sum: 1.1]
         [Termination Attempts: Min: 1, Avg: 1.6, Max: 3, Diff: 2, Sum: 13]
      [GC Worker Other (ms): Min: 0.0, Avg: 0.0, Max: 0.1, Diff: 0.0, Sum: 0.2]
      [GC Worker Total (ms): Min: 17.3, Avg: 17.7, Max: 17.8, Diff: 0.5, Sum: 141.2]
      [GC Worker End (ms): Min: 14706741.5, Avg: 14706741.5, Max: 14706741.5, Diff: 0.0]
   [Code Root Fixup: 0.0 ms]
   [Code Root Purge: 0.0 ms]
   [Clear CT: 0.1 ms]
   [Other: 1.0 ms]
      [Choose CSet: 0.0 ms]
      [Ref Proc: 0.2 ms]
      [Ref Enq: 0.0 ms]
      [Redirty Cards: 0.1 ms]
      [Humongous Register: 0.2 ms]
      [Humongous Reclaim: 0.0 ms]
      [Free CSet: 0.0 ms]
   [Eden: 44.0M(44.0M)->0.0B(62.0M) Survivors: 7168.0K->6144.0K Heap: 384.7M(1024.0M)->342.6M(1024.0M)]
 [Times: user=0.08 sys=0.00, real=0.02 secs] 
2021-04-23T00:05:19.342+0800: 14738.490: [GC pause (G1 Evacuation Pause) (young), 0.0200250 secs]
   [Parallel Time: 18.3 ms, GC Workers: 8]
      [GC Worker Start (ms): Min: 14738490.2, Avg: 14738490.5, Max: 14738491.3, Diff: 1.1]
      [Ext Root Scanning (ms): Min: 0.0, Avg: 3.1, Max: 12.0, Diff: 12.0, Sum: 24.5]
      [Update RS (ms): Min: 0.0, Avg: 2.7, Max: 6.0, Diff: 6.0, Sum: 21.5]
         [Processed Buffers: Min: 0, Avg: 6.8, Max: 21, Diff: 21, Sum: 54]
      [Scan RS (ms): Min: 0.0, Avg: 3.1, Max: 6.2, Diff: 6.2, Sum: 24.9]
      [Code Root Scanning (ms): Min: 0.0, Avg: 0.0, Max: 0.0, Diff: 0.0, Sum: 0.0]
      [Object Copy (ms): Min: 6.1, Avg: 9.0, Max: 15.8, Diff: 9.7, Sum: 71.7]
      [Termination (ms): Min: 0.0, Avg: 0.0, Max: 0.0, Diff: 0.0, Sum: 0.1]
         [Termination Attempts: Min: 1, Avg: 17.8, Max: 30, Diff: 29, Sum: 142]
      [GC Worker Other (ms): Min: 0.0, Avg: 0.1, Max: 0.1, Diff: 0.1, Sum: 0.4]
      [GC Worker Total (ms): Min: 17.1, Avg: 17.9, Max: 18.1, Diff: 1.0, Sum: 143.1]
      [GC Worker End (ms): Min: 14738508.3, Avg: 14738508.3, Max: 14738508.4, Diff: 0.1]
   [Code Root Fixup: 0.0 ms]
   [Code Root Purge: 0.0 ms]
   [Clear CT: 0.2 ms]
   [Other: 1.5 ms]
      [Choose CSet: 0.0 ms]
      [Ref Proc: 0.3 ms]
      [Ref Enq: 0.0 ms]
      [Redirty Cards: 0.2 ms]
      [Humongous Register: 0.2 ms]
      [Humongous Reclaim: 0.0 ms]
      [Free CSet: 0.1 ms]
   [Eden: 62.0M(62.0M)->0.0B(59.0M) Survivors: 6144.0K->6144.0K Heap: 404.6M(1024.0M)->342.5M(1024.0M)]
 [Times: user=0.07 sys=0.00, real=0.02 secs] 
2021-04-23T00:05:49.527+0800: 14768.675: [GC pause (G1 Evacuation Pause) (young), 0.0184754 secs]
   [Parallel Time: 17.4 ms, GC Workers: 8]
      [GC Worker Start (ms): Min: 14768675.4, Avg: 14768675.7, Max: 14768676.1, Diff: 0.7]
      [Ext Root Scanning (ms): Min: 0.5, Avg: 5.2, Max: 16.8, Diff: 16.4, Sum: 41.4]
      [Update RS (ms): Min: 0.0, Avg: 1.8, Max: 3.9, Diff: 3.9, Sum: 14.2]
         [Processed Buffers: Min: 0, Avg: 5.6, Max: 32, Diff: 32, Sum: 45]
      [Scan RS (ms): Min: 0.0, Avg: 3.3, Max: 11.2, Diff: 11.1, Sum: 26.1]
      [Code Root Scanning (ms): Min: 0.0, Avg: 0.0, Max: 0.0, Diff: 0.0, Sum: 0.0]
      [Object Copy (ms): Min: 0.0, Avg: 6.1, Max: 9.8, Diff: 9.8, Sum: 49.2]
      [Termination (ms): Min: 0.0, Avg: 0.5, Max: 0.7, Diff: 0.7, Sum: 3.8]
         [Termination Attempts: Min: 1, Avg: 5.8, Max: 10, Diff: 9, Sum: 46]
      [GC Worker Other (ms): Min: 0.0, Avg: 0.0, Max: 0.0, Diff: 0.0, Sum: 0.1]
      [GC Worker Total (ms): Min: 16.2, Avg: 16.9, Max: 17.3, Diff: 1.1, Sum: 134.9]
      [GC Worker End (ms): Min: 14768692.3, Avg: 14768692.5, Max: 14768692.7, Diff: 0.4]
   [Code Root Fixup: 0.0 ms]
   [Code Root Purge: 0.0 ms]
   [Clear CT: 0.1 ms]
   [Other: 1.0 ms]
      [Choose CSet: 0.0 ms]
      [Ref Proc: 0.2 ms]
      [Ref Enq: 0.0 ms]
      [Redirty Cards: 0.1 ms]
      [Humongous Register: 0.2 ms]
      [Humongous Reclaim: 0.0 ms]
      [Free CSet: 0.0 ms]
   [Eden: 59.0M(59.0M)->0.0B(93.0M) Survivors: 6144.0K->8192.0K Heap: 401.5M(1024.0M)->344.0M(1024.0M)]
 [Times: user=0.06 sys=0.00, real=0.02 secs] 
2021-04-23T00:06:36.960+0800: 14816.108: [GC pause (G1 Evacuation Pause) (young), 0.0181735 secs]
   [Parallel Time: 16.9 ms, GC Workers: 8]
      [GC Worker Start (ms): Min: 14816108.9, Avg: 14816109.2, Max: 14816110.1, Diff: 1.2]
      [Ext Root Scanning (ms): Min: 0.0, Avg: 3.2, Max: 11.4, Diff: 11.4, Sum: 25.3]
      [Update RS (ms): Min: 0.0, Avg: 2.1, Max: 4.9, Diff: 4.9, Sum: 16.7]
         [Processed Buffers: Min: 0, Avg: 5.8, Max: 27, Diff: 27, Sum: 46]
      [Scan RS (ms): Min: 0.0, Avg: 1.8, Max: 3.9, Diff: 3.9, Sum: 14.1]
      [Code Root Scanning (ms): Min: 0.0, Avg: 0.0, Max: 0.0, Diff: 0.0, Sum: 0.0]
      [Object Copy (ms): Min: 5.2, Avg: 9.4, Max: 15.6, Diff: 10.4, Sum: 75.1]
      [Termination (ms): Min: 0.0, Avg: 0.1, Max: 0.1, Diff: 0.1, Sum: 0.5]
         [Termination Attempts: Min: 1, Avg: 15.6, Max: 41, Diff: 40, Sum: 125]
      [GC Worker Other (ms): Min: 0.0, Avg: 0.0, Max: 0.0, Diff: 0.0, Sum: 0.1]
      [GC Worker Total (ms): Min: 15.6, Avg: 16.5, Max: 16.8, Diff: 1.1, Sum: 131.9]
      [GC Worker End (ms): Min: 14816125.7, Avg: 14816125.7, Max: 14816125.7, Diff: 0.0]
   [Code Root Fixup: 0.0 ms]
   [Code Root Purge: 0.0 ms]
   [Clear CT: 0.1 ms]
   [Other: 1.2 ms]
      [Choose CSet: 0.0 ms]
      [Ref Proc: 0.2 ms]
      [Ref Enq: 0.0 ms]
      [Redirty Cards: 0.1 ms]
      [Humongous Register: 0.3 ms]
      [Humongous Reclaim: 0.0 ms]
      [Free CSet: 0.1 ms]
   [Eden: 93.0M(93.0M)->0.0B(122.0M) Survivors: 8192.0K->8192.0K Heap: 437.0M(1024.0M)->344.2M(1024.0M)]
 [Times: user=0.09 sys=0.00, real=0.01 secs] 
2021-04-23T00:06:58.763+0800: 14837.912: [GC pause (G1 Evacuation Pause) (young), 0.0176325 secs]
   [Parallel Time: 16.5 ms, GC Workers: 8]
      [GC Worker Start (ms): Min: 14837912.1, Avg: 14837914.5, Max: 14837923.5, Diff: 11.4]
      [Ext Root Scanning (ms): Min: 0.0, Avg: 3.4, Max: 11.2, Diff: 11.2, Sum: 27.3]
      [Update RS (ms): Min: 0.0, Avg: 1.5, Max: 3.5, Diff: 3.5, Sum: 11.9]
         [Processed Buffers: Min: 0, Avg: 6.0, Max: 28, Diff: 28, Sum: 48]
      [Scan RS (ms): Min: 0.0, Avg: 2.2, Max: 5.7, Diff: 5.7, Sum: 17.3]
      [Code Root Scanning (ms): Min: 0.0, Avg: 0.0, Max: 0.0, Diff: 0.0, Sum: 0.0]
      [Object Copy (ms): Min: 4.9, Avg: 6.8, Max: 8.6, Diff: 3.7, Sum: 54.6]
      [Termination (ms): Min: 0.0, Avg: 0.0, Max: 0.0, Diff: 0.0, Sum: 0.1]
         [Termination Attempts: Min: 1, Avg: 31.8, Max: 53, Diff: 52, Sum: 254]
      [GC Worker Other (ms): Min: 0.0, Avg: 0.0, Max: 0.1, Diff: 0.1, Sum: 0.3]
      [GC Worker Total (ms): Min: 5.0, Avg: 13.9, Max: 16.3, Diff: 11.4, Sum: 111.5]
      [GC Worker End (ms): Min: 14837928.4, Avg: 14837928.5, Max: 14837928.5, Diff: 0.1]
   [Code Root Fixup: 0.0 ms]
   [Code Root Purge: 0.0 ms]
   [Clear CT: 0.1 ms]
   [Other: 1.0 ms]
      [Choose CSet: 0.0 ms]
      [Ref Proc: 0.2 ms]
      [Ref Enq: 0.0 ms]
      [Redirty Cards: 0.1 ms]
      [Humongous Register: 0.2 ms]
      [Humongous Reclaim: 0.0 ms]
      [Free CSet: 0.1 ms]
   [Eden: 43.0M(43.0M)->0.0B(118.0M) Survivors: 8192.0K->6144.0K Heap: 387.2M(1024.0M)->344.7M(1024.0M)]
 [Times: user=0.08 sys=0.01, real=0.02 secs] 
2021-04-23T00:07:21.459+0800: 14860.608: [GC pause (G1 Evacuation Pause) (young), 0.0190625 secs]
   [Parallel Time: 18.0 ms, GC Workers: 8]
      [GC Worker Start (ms): Min: 14860608.2, Avg: 14860611.5, Max: 14860621.7, Diff: 13.5]
      [Ext Root Scanning (ms): Min: 0.0, Avg: 2.7, Max: 9.7, Diff: 9.7, Sum: 21.8]
      [Update RS (ms): Min: 0.0, Avg: 2.3, Max: 6.2, Diff: 6.2, Sum: 18.1]
         [Processed Buffers: Min: 0, Avg: 7.0, Max: 37, Diff: 37, Sum: 56]
      [Scan RS (ms): Min: 0.0, Avg: 2.4, Max: 4.9, Diff: 4.9, Sum: 19.1]
      [Code Root Scanning (ms): Min: 0.0, Avg: 0.0, Max: 0.0, Diff: 0.0, Sum: 0.0]
      [Object Copy (ms): Min: 4.3, Avg: 7.2, Max: 8.4, Diff: 4.1, Sum: 57.3]
      [Termination (ms): Min: 0.0, Avg: 0.1, Max: 0.1, Diff: 0.1, Sum: 0.4]
         [Termination Attempts: Min: 1, Avg: 22.0, Max: 50, Diff: 49, Sum: 176]
      [GC Worker Other (ms): Min: 0.0, Avg: 0.0, Max: 0.0, Diff: 0.0, Sum: 0.2]
      [GC Worker Total (ms): Min: 4.5, Avg: 14.6, Max: 17.9, Diff: 13.4, Sum: 116.9]
      [GC Worker End (ms): Min: 14860626.1, Avg: 14860626.1, Max: 14860626.2, Diff: 0.0]
   [Code Root Fixup: 0.0 ms]
   [Code Root Purge: 0.0 ms]
   [Clear CT: 0.1 ms]
   [Other: 1.0 ms]
      [Choose CSet: 0.0 ms]
      [Ref Proc: 0.2 ms]
      [Ref Enq: 0.0 ms]
      [Redirty Cards: 0.1 ms]
      [Humongous Register: 0.2 ms]
      [Humongous Reclaim: 0.0 ms]
      [Free CSet: 0.0 ms]
   [Eden: 45.0M(45.0M)->0.0B(123.0M) Survivors: 6144.0K->7168.0K Heap: 389.7M(1024.0M)->346.9M(1024.0M)]
 [Times: user=0.07 sys=0.00, real=0.02 secs] 
2021-04-23T00:08:24.462+0800: 14923.612: [GC pause (G1 Evacuation Pause) (young), 0.0158238 secs]
   [Parallel Time: 14.8 ms, GC Workers: 8]
      [GC Worker Start (ms): Min: 14923612.7, Avg: 14923613.0, Max: 14923614.4, Diff: 1.6]
      [Ext Root Scanning (ms): Min: 0.0, Avg: 3.0, Max: 10.6, Diff: 10.6, Sum: 24.3]
      [Update RS (ms): Min: 0.0, Avg: 2.5, Max: 10.2, Diff: 10.2, Sum: 20.4]
         [Processed Buffers: Min: 0, Avg: 6.4, Max: 18, Diff: 18, Sum: 51]
      [Scan RS (ms): Min: 0.0, Avg: 1.1, Max: 2.2, Diff: 2.2, Sum: 9.0]
      [Code Root Scanning (ms): Min: 0.0, Avg: 0.0, Max: 0.0, Diff: 0.0, Sum: 0.0]
      [Object Copy (ms): Min: 3.8, Avg: 7.6, Max: 13.3, Diff: 9.5, Sum: 60.8]
      [Termination (ms): Min: 0.0, Avg: 0.0, Max: 0.1, Diff: 0.1, Sum: 0.4]
         [Termination Attempts: Min: 1, Avg: 5.5, Max: 8, Diff: 7, Sum: 44]
      [GC Worker Other (ms): Min: 0.0, Avg: 0.0, Max: 0.1, Diff: 0.1, Sum: 0.3]
      [GC Worker Total (ms): Min: 13.0, Avg: 14.4, Max: 14.7, Diff: 1.7, Sum: 115.2]
      [GC Worker End (ms): Min: 14923627.4, Avg: 14923627.4, Max: 14923627.5, Diff: 0.1]
   [Code Root Fixup: 0.1 ms]
   [Code Root Purge: 0.0 ms]
   [Clear CT: 0.1 ms]
   [Other: 0.9 ms]
      [Choose CSet: 0.0 ms]
      [Ref Proc: 0.2 ms]
      [Ref Enq: 0.0 ms]
      [Redirty Cards: 0.1 ms]
      [Humongous Register: 0.1 ms]
      [Humongous Reclaim: 0.0 ms]
      [Free CSet: 0.1 ms]
   [Eden: 123.0M(123.0M)->0.0B(184.0M) Survivors: 7168.0K->8192.0K Heap: 469.9M(1024.0M)->347.9M(1024.0M)]
 [Times: user=0.07 sys=0.00, real=0.01 secs] 
2021-04-23T00:09:07.032+0800: 14966.183: [GC pause (G1 Evacuation Pause) (young), 0.0247747 secs]
   [Parallel Time: 23.6 ms, GC Workers: 8]
      [GC Worker Start (ms): Min: 14966183.4, Avg: 14966185.7, Max: 14966186.5, Diff: 3.1]
      [Ext Root Scanning (ms): Min: 0.0, Avg: 3.1, Max: 17.2, Diff: 17.2, Sum: 24.7]
      [Update RS (ms): Min: 0.0, Avg: 1.6, Max: 3.4, Diff: 3.4, Sum: 13.0]
         [Processed Buffers: Min: 0, Avg: 6.1, Max: 16, Diff: 16, Sum: 49]
      [Scan RS (ms): Min: 0.0, Avg: 1.9, Max: 3.1, Diff: 3.1, Sum: 14.8]
      [Code Root Scanning (ms): Min: 0.0, Avg: 0.0, Max: 0.0, Diff: 0.0, Sum: 0.0]
      [Object Copy (ms): Min: 6.2, Avg: 14.5, Max: 20.3, Diff: 14.1, Sum: 115.7]
      [Termination (ms): Min: 0.0, Avg: 0.0, Max: 0.0, Diff: 0.0, Sum: 0.0]
         [Termination Attempts: Min: 1, Avg: 4.9, Max: 8, Diff: 7, Sum: 39]
      [GC Worker Other (ms): Min: 0.0, Avg: 0.0, Max: 0.1, Diff: 0.1, Sum: 0.4]
      [GC Worker Total (ms): Min: 20.3, Avg: 21.1, Max: 23.5, Diff: 3.2, Sum: 168.7]
      [GC Worker End (ms): Min: 14966206.8, Avg: 14966206.8, Max: 14966206.9, Diff: 0.1]
   [Code Root Fixup: 0.0 ms]
   [Code Root Purge: 0.0 ms]
   [Clear CT: 0.2 ms]
   [Other: 1.0 ms]
      [Choose CSet: 0.0 ms]
      [Ref Proc: 0.3 ms]
      [Ref Enq: 0.0 ms]
      [Redirty Cards: 0.1 ms]
      [Humongous Register: 0.2 ms]
      [Humongous Reclaim: 0.0 ms]
      [Free CSet: 0.1 ms]
   [Eden: 86.0M(43.0M)->0.0B(44.0M) Survivors: 8192.0K->7168.0K Heap: 433.9M(1024.0M)->349.9M(1024.0M)]
 [Times: user=0.09 sys=0.00, real=0.02 secs] 
2021-04-23T00:09:30.806+0800: 14988.610: [GC pause (G1 Evacuation Pause) (young), 0.0453269 secs]
   [Parallel Time: 34.4 ms, GC Workers: 8]
      [GC Worker Start (ms): Min: 14988610.0, Avg: 14988612.6, Max: 14988622.1, Diff: 12.1]
      [Ext Root Scanning (ms): Min: 0.0, Avg: 3.6, Max: 13.6, Diff: 13.6, Sum: 28.5]
      [Update RS (ms): Min: 0.0, Avg: 1.8, Max: 6.5, Diff: 6.5, Sum: 14.2]
         [Processed Buffers: Min: 0, Avg: 6.4, Max: 23, Diff: 23, Sum: 51]
      [Scan RS (ms): Min: 0.0, Avg: 5.3, Max: 9.2, Diff: 9.2, Sum: 42.5]
      [Code Root Scanning (ms): Min: 0.0, Avg: 0.0, Max: 0.0, Diff: 0.0, Sum: 0.0]
      [Object Copy (ms): Min: 10.8, Avg: 11.1, Max: 11.8, Diff: 1.0, Sum: 89.1]
      [Termination (ms): Min: 0.0, Avg: 2.6, Max: 10.0, Diff: 10.0, Sum: 20.5]
         [Termination Attempts: Min: 1, Avg: 20.1, Max: 39, Diff: 38, Sum: 161]
      [GC Worker Other (ms): Min: 0.0, Avg: 0.0, Max: 0.0, Diff: 0.0, Sum: 0.1]
      [GC Worker Total (ms): Min: 12.4, Avg: 24.4, Max: 34.4, Diff: 22.0, Sum: 195.1]
      [GC Worker End (ms): Min: 14988634.5, Avg: 14988636.9, Max: 14988644.4, Diff: 9.9]
   [Code Root Fixup: 0.0 ms]
   [Code Root Purge: 0.0 ms]
   [Clear CT: 0.1 ms]
   [Other: 10.8 ms]
      [Choose CSet: 0.0 ms]
      [Ref Proc: 10.2 ms]
      [Ref Enq: 0.0 ms]
      [Redirty Cards: 0.1 ms]
      [Humongous Register: 0.1 ms]
      [Humongous Reclaim: 0.0 ms]
      [Free CSet: 0.1 ms]
   [Eden: 44.0M(44.0M)->0.0B(47.0M) Survivors: 7168.0K->4096.0K Heap: 393.9M(1024.0M)->353.7M(1024.0M)]
 [Times: user=0.07 sys=0.01, real=0.05 secs] 
2021-04-23T00:09:54.952+0800: 15012.754: [GC pause (G1 Evacuation Pause) (young), 0.0141616 secs]
   [Parallel Time: 13.2 ms, GC Workers: 8]
      [GC Worker Start (ms): Min: 15012753.8, Avg: 15012755.4, Max: 15012765.1, Diff: 11.3]
      [Ext Root Scanning (ms): Min: 0.0, Avg: 2.1, Max: 12.2, Diff: 12.2, Sum: 16.5]
      [Update RS (ms): Min: 0.0, Avg: 3.0, Max: 11.0, Diff: 11.0, Sum: 24.2]
         [Processed Buffers: Min: 0, Avg: 7.4, Max: 25, Diff: 25, Sum: 59]
      [Scan RS (ms): Min: 0.0, Avg: 1.3, Max: 3.0, Diff: 3.0, Sum: 10.8]
      [Code Root Scanning (ms): Min: 0.0, Avg: 0.0, Max: 0.0, Diff: 0.0, Sum: 0.0]
      [Object Copy (ms): Min: 0.7, Avg: 4.9, Max: 11.2, Diff: 10.4, Sum: 39.4]
      [Termination (ms): Min: 0.0, Avg: 0.1, Max: 0.2, Diff: 0.2, Sum: 0.8]
         [Termination Attempts: Min: 1, Avg: 71.9, Max: 115, Diff: 114, Sum: 575]
      [GC Worker Other (ms): Min: 0.0, Avg: 0.0, Max: 0.0, Diff: 0.0, Sum: 0.2]
      [GC Worker Total (ms): Min: 1.7, Avg: 11.5, Max: 13.1, Diff: 11.4, Sum: 91.9]
      [GC Worker End (ms): Min: 15012766.9, Avg: 15012766.9, Max: 15012767.0, Diff: 0.1]
   [Code Root Fixup: 0.0 ms]
   [Code Root Purge: 0.0 ms]
   [Clear CT: 0.1 ms]
   [Other: 0.9 ms]
      [Choose CSet: 0.0 ms]
      [Ref Proc: 0.2 ms]
      [Ref Enq: 0.0 ms]
      [Redirty Cards: 0.1 ms]
      [Humongous Register: 0.1 ms]
      [Humongous Reclaim: 0.0 ms]
      [Free CSet: 0.0 ms]
   [Eden: 47.0M(47.0M)->0.0B(46.0M) Survivors: 4096.0K->5120.0K Heap: 400.7M(1024.0M)->353.9M(1024.0M)]
 [Times: user=0.05 sys=0.00, real=0.01 secs] 
2021-04-23T00:26:54.749+0800: 15062.413: [GC pause (G1 Evacuation Pause) (young), 0.0161473 secs]
   [Parallel Time: 14.8 ms, GC Workers: 8]
      [GC Worker Start (ms): Min: 15062413.9, Avg: 15062416.2, Max: 15062426.1, Diff: 12.3]
      [Ext Root Scanning (ms): Min: 0.0, Avg: 2.0, Max: 10.2, Diff: 10.2, Sum: 16.0]
      [Update RS (ms): Min: 0.0, Avg: 2.0, Max: 5.0, Diff: 5.0, Sum: 15.9]
         [Processed Buffers: Min: 0, Avg: 5.6, Max: 13, Diff: 13, Sum: 45]
      [Scan RS (ms): Min: 0.0, Avg: 1.8, Max: 8.4, Diff: 8.4, Sum: 14.5]
      [Code Root Scanning (ms): Min: 0.0, Avg: 0.0, Max: 0.0, Diff: 0.0, Sum: 0.0]
      [Object Copy (ms): Min: 0.1, Avg: 6.3, Max: 13.4, Diff: 13.3, Sum: 50.3]
      [Termination (ms): Min: 0.0, Avg: 0.2, Max: 0.3, Diff: 0.3, Sum: 1.5]
         [Termination Attempts: Min: 1, Avg: 6.8, Max: 12, Diff: 11, Sum: 54]
      [GC Worker Other (ms): Min: 0.0, Avg: 0.0, Max: 0.1, Diff: 0.1, Sum: 0.3]
      [GC Worker Total (ms): Min: 2.4, Avg: 12.3, Max: 14.6, Diff: 12.2, Sum: 98.5]
      [GC Worker End (ms): Min: 15062428.5, Avg: 15062428.5, Max: 15062428.6, Diff: 0.1]
   [Code Root Fixup: 0.0 ms]
   [Code Root Purge: 0.0 ms]
   [Clear CT: 0.1 ms]
   [Other: 1.3 ms]
      [Choose CSet: 0.0 ms]
      [Ref Proc: 0.3 ms]
      [Ref Enq: 0.0 ms]
      [Redirty Cards: 0.1 ms]
      [Humongous Register: 0.2 ms]
      [Humongous Reclaim: 0.0 ms]
      [Free CSet: 0.1 ms]
   [Eden: 46.0M(46.0M)->0.0B(46.0M) Survivors: 5120.0K->5120.0K Heap: 399.9M(1024.0M)->354.5M(1024.0M)]
 [Times: user=0.06 sys=0.00, real=0.02 secs] 
2021-04-23T03:26:51.815+0800: 15359.673: [GC pause (G1 Evacuation Pause) (young), 0.0184376 secs]
   [Parallel Time: 17.2 ms, GC Workers: 8]
      [GC Worker Start (ms): Min: 15359673.5, Avg: 15359673.8, Max: 15359674.8, Diff: 1.3]
      [Ext Root Scanning (ms): Min: 0.0, Avg: 4.4, Max: 14.0, Diff: 14.0, Sum: 35.5]
      [Update RS (ms): Min: 0.0, Avg: 2.0, Max: 4.1, Diff: 4.1, Sum: 16.3]
         [Processed Buffers: Min: 0, Avg: 6.0, Max: 33, Diff: 33, Sum: 48]
      [Scan RS (ms): Min: 0.0, Avg: 0.7, Max: 1.4, Diff: 1.4, Sum: 5.6]
      [Code Root Scanning (ms): Min: 0.0, Avg: 0.0, Max: 0.0, Diff: 0.0, Sum: 0.0]
      [Object Copy (ms): Min: 3.0, Avg: 9.7, Max: 16.0, Diff: 13.0, Sum: 77.2]
      [Termination (ms): Min: 0.0, Avg: 0.0, Max: 0.0, Diff: 0.0, Sum: 0.1]
         [Termination Attempts: Min: 1, Avg: 20.6, Max: 34, Diff: 33, Sum: 165]
      [GC Worker Other (ms): Min: 0.0, Avg: 0.0, Max: 0.1, Diff: 0.0, Sum: 0.3]
      [GC Worker Total (ms): Min: 15.8, Avg: 16.9, Max: 17.1, Diff: 1.3, Sum: 134.9]
      [GC Worker End (ms): Min: 15359690.6, Avg: 15359690.6, Max: 15359690.7, Diff: 0.0]
   [Code Root Fixup: 0.0 ms]
   [Code Root Purge: 0.1 ms]
   [Clear CT: 0.1 ms]
   [Other: 1.1 ms]
      [Choose CSet: 0.0 ms]
      [Ref Proc: 0.2 ms]
      [Ref Enq: 0.0 ms]
      [Redirty Cards: 0.1 ms]
      [Humongous Register: 0.3 ms]
      [Humongous Reclaim: 0.0 ms]
      [Free CSet: 0.0 ms]
   [Eden: 46.0M(46.0M)->0.0B(44.0M) Survivors: 5120.0K->7168.0K Heap: 400.5M(1024.0M)->357.1M(1024.0M)]
 [Times: user=0.07 sys=0.01, real=0.02 secs] 
2021-04-23T03:42:24.046+0800: 15643.400: [GC pause (G1 Evacuation Pause) (young), 0.0331322 secs]
   [Parallel Time: 24.6 ms, GC Workers: 8]
      [GC Worker Start (ms): Min: 15643407.6, Avg: 15643408.6, Max: 15643409.4, Diff: 1.8]
      [Ext Root Scanning (ms): Min: 1.3, Avg: 2.6, Max: 7.4, Diff: 6.1, Sum: 21.2]
      [Update RS (ms): Min: 0.0, Avg: 2.9, Max: 8.0, Diff: 8.0, Sum: 23.0]
         [Processed Buffers: Min: 0, Avg: 6.2, Max: 26, Diff: 26, Sum: 50]
      [Scan RS (ms): Min: 0.0, Avg: 1.8, Max: 4.8, Diff: 4.8, Sum: 14.2]
      [Code Root Scanning (ms): Min: 0.0, Avg: 0.0, Max: 0.0, Diff: 0.0, Sum: 0.0]
      [Object Copy (ms): Min: 12.6, Avg: 15.5, Max: 16.9, Diff: 4.3, Sum: 123.6]
      [Termination (ms): Min: 0.0, Avg: 0.0, Max: 0.0, Diff: 0.0, Sum: 0.1]
         [Termination Attempts: Min: 7, Avg: 22.1, Max: 39, Diff: 32, Sum: 177]
      [GC Worker Other (ms): Min: 0.0, Avg: 0.0, Max: 0.1, Diff: 0.1, Sum: 0.3]
      [GC Worker Total (ms): Min: 21.9, Avg: 22.8, Max: 23.8, Diff: 1.9, Sum: 182.5]
      [GC Worker End (ms): Min: 15643431.4, Avg: 15643431.4, Max: 15643431.4, Diff: 0.1]
   [Code Root Fixup: 0.0 ms]
   [Code Root Purge: 0.0 ms]
   [Clear CT: 0.1 ms]
   [Other: 8.4 ms]
      [Choose CSet: 0.0 ms]
      [Ref Proc: 0.3 ms]
      [Ref Enq: 0.0 ms]
      [Redirty Cards: 0.1 ms]
      [Humongous Register: 5.8 ms]
      [Humongous Reclaim: 0.0 ms]
      [Free CSet: 0.2 ms]
   [Eden: 44.0M(44.0M)->0.0B(44.0M) Survivors: 7168.0K->7168.0K Heap: 401.1M(1024.0M)->363.2M(1024.0M)]
 [Times: user=0.10 sys=0.03, real=0.04 secs] 
2021-04-23T03:47:06.204+0800: 15925.563: [GC pause (G1 Evacuation Pause) (young), 0.0245987 secs]
   [Parallel Time: 23.5 ms, GC Workers: 8]
      [GC Worker Start (ms): Min: 15925562.9, Avg: 15925563.3, Max: 15925565.4, Diff: 2.5]
      [Ext Root Scanning (ms): Min: 0.0, Avg: 1.1, Max: 5.5, Diff: 5.4, Sum: 8.9]
      [Update RS (ms): Min: 0.0, Avg: 1.8, Max: 5.3, Diff: 5.3, Sum: 14.4]
         [Processed Buffers: Min: 0, Avg: 5.6, Max: 20, Diff: 20, Sum: 45]
      [Scan RS (ms): Min: 0.0, Avg: 1.4, Max: 3.0, Diff: 3.0, Sum: 11.4]
      [Code Root Scanning (ms): Min: 0.0, Avg: 0.0, Max: 0.0, Diff: 0.0, Sum: 0.0]
      [Object Copy (ms): Min: 17.5, Avg: 18.6, Max: 22.7, Diff: 5.2, Sum: 148.4]
      [Termination (ms): Min: 0.0, Avg: 0.0, Max: 0.0, Diff: 0.0, Sum: 0.1]
         [Termination Attempts: Min: 1, Avg: 36.0, Max: 66, Diff: 65, Sum: 288]
      [GC Worker Other (ms): Min: 0.0, Avg: 0.0, Max: 0.1, Diff: 0.0, Sum: 0.3]
      [GC Worker Total (ms): Min: 20.9, Avg: 22.9, Max: 23.4, Diff: 2.5, Sum: 183.5]
      [GC Worker End (ms): Min: 15925586.3, Avg: 15925586.3, Max: 15925586.3, Diff: 0.0]
   [Code Root Fixup: 0.0 ms]
   [Code Root Purge: 0.0 ms]
   [Clear CT: 0.1 ms]
   [Other: 1.0 ms]
      [Choose CSet: 0.0 ms]
      [Ref Proc: 0.3 ms]
      [Ref Enq: 0.0 ms]
      [Redirty Cards: 0.1 ms]
      [Humongous Register: 0.1 ms]
      [Humongous Reclaim: 0.0 ms]
      [Free CSet: 0.1 ms]
   [Eden: 44.0M(44.0M)->0.0B(44.0M) Survivors: 7168.0K->7168.0K Heap: 407.2M(1024.0M)->369.5M(1024.0M)]
 [Times: user=0.09 sys=0.01, real=0.02 secs] 
2021-04-23T03:51:48.002+0800: 16207.367: [GC pause (G1 Evacuation Pause) (young) (initial-mark), 0.0297964 secs]
   [Parallel Time: 27.4 ms, GC Workers: 8]
      [GC Worker Start (ms): Min: 16207370.4, Avg: 16207370.6, Max: 16207370.8, Diff: 0.4]
      [Ext Root Scanning (ms): Min: 8.2, Avg: 11.1, Max: 19.0, Diff: 10.8, Sum: 88.9]
      [Update RS (ms): Min: 0.0, Avg: 2.6, Max: 8.8, Diff: 8.8, Sum: 21.1]
         [Processed Buffers: Min: 0, Avg: 5.5, Max: 22, Diff: 22, Sum: 44]
      [Scan RS (ms): Min: 0.0, Avg: 1.2, Max: 2.8, Diff: 2.8, Sum: 9.3]
      [Code Root Scanning (ms): Min: 0.0, Avg: 0.0, Max: 0.0, Diff: 0.0, Sum: 0.0]
      [Object Copy (ms): Min: 5.9, Avg: 9.8, Max: 12.4, Diff: 6.5, Sum: 78.3]
      [Termination (ms): Min: 0.0, Avg: 0.0, Max: 0.1, Diff: 0.0, Sum: 0.3]
         [Termination Attempts: Min: 2, Avg: 57.6, Max: 107, Diff: 105, Sum: 461]
      [GC Worker Other (ms): Min: 0.0, Avg: 0.0, Max: 0.1, Diff: 0.1, Sum: 0.3]
      [GC Worker Total (ms): Min: 24.6, Avg: 24.8, Max: 25.0, Diff: 0.4, Sum: 198.2]
      [GC Worker End (ms): Min: 16207395.4, Avg: 16207395.4, Max: 16207395.4, Diff: 0.0]
   [Code Root Fixup: 0.0 ms]
   [Code Root Purge: 0.0 ms]
   [Clear CT: 0.1 ms]
   [Other: 2.3 ms]
      [Choose CSet: 0.0 ms]
      [Ref Proc: 0.2 ms]
      [Ref Enq: 0.0 ms]
      [Redirty Cards: 0.1 ms]
      [Humongous Register: 0.0 ms]
      [Humongous Reclaim: 0.0 ms]
      [Free CSet: 0.1 ms]
   [Eden: 44.0M(44.0M)->0.0B(44.0M) Survivors: 7168.0K->7168.0K Heap: 413.5M(1024.0M)->375.5M(1024.0M)]
 [Times: user=0.09 sys=0.02, real=0.03 secs] 
2021-04-23T03:51:48.033+0800: 16207.398: [GC concurrent-root-region-scan-start]
2021-04-23T03:51:48.041+0800: 16207.405: [GC concurrent-root-region-scan-end, 0.0070465 secs]
2021-04-23T03:51:48.041+0800: 16207.405: [GC concurrent-mark-start]
2021-04-23T03:51:48.104+0800: 16207.468: [GC concurrent-mark-end, 0.0631737 secs]
2021-04-23T03:51:48.105+0800: 16207.469: [GC remark 2021-04-23T03:51:48.110+0800: 16207.474: [Finalize Marking, 0.0001597 secs] 2021-04-23T03:51:48.110+0800: 16207.474: [GC ref-proc, 0.0003459 secs] 2021-04-23T03:51:48.110+0800: 16207.475: [Unloading, 0.1440445 secs], 0.1505937 secs]
 [Times: user=0.04 sys=0.09, real=0.15 secs] 
2021-04-23T03:51:48.257+0800: 16207.621: [GC cleanup 376M->304M(1024M), 0.0059112 secs]
 [Times: user=0.00 sys=0.01, real=0.01 secs] 
2021-04-23T03:51:48.262+0800: 16207.627: [GC concurrent-cleanup-start]
2021-04-23T03:51:48.263+0800: 16207.628: [GC concurrent-cleanup-end, 0.0008204 secs]
2021-04-23T03:56:32.084+0800: 16491.454: [GC pause (G1 Evacuation Pause) (young), 0.0283713 secs]
   [Parallel Time: 26.1 ms, GC Workers: 8]
      [GC Worker Start (ms): Min: 16491455.3, Avg: 16491455.7, Max: 16491456.2, Diff: 0.9]
      [Ext Root Scanning (ms): Min: 0.9, Avg: 3.3, Max: 6.8, Diff: 6.0, Sum: 26.5]
      [Update RS (ms): Min: 0.0, Avg: 1.5, Max: 3.7, Diff: 3.7, Sum: 11.7]
         [Processed Buffers: Min: 0, Avg: 5.9, Max: 26, Diff: 26, Sum: 47]
      [Scan RS (ms): Min: 0.0, Avg: 1.8, Max: 2.8, Diff: 2.8, Sum: 14.2]
      [Code Root Scanning (ms): Min: 0.0, Avg: 0.0, Max: 0.0, Diff: 0.0, Sum: 0.0]
      [Object Copy (ms): Min: 18.2, Avg: 18.8, Max: 19.9, Diff: 1.6, Sum: 150.4]
      [Termination (ms): Min: 0.0, Avg: 0.3, Max: 0.3, Diff: 0.3, Sum: 2.3]
         [Termination Attempts: Min: 1, Avg: 3.0, Max: 5, Diff: 4, Sum: 24]
      [GC Worker Other (ms): Min: 0.0, Avg: 0.0, Max: 0.0, Diff: 0.0, Sum: 0.2]
      [GC Worker Total (ms): Min: 25.2, Avg: 25.7, Max: 26.0, Diff: 0.9, Sum: 205.3]
      [GC Worker End (ms): Min: 16491481.3, Avg: 16491481.4, Max: 16491481.4, Diff: 0.0]
   [Code Root Fixup: 0.0 ms]
   [Code Root Purge: 0.0 ms]
   [Clear CT: 0.1 ms]
   [Other: 2.1 ms]
      [Choose CSet: 0.0 ms]
      [Ref Proc: 0.8 ms]
      [Ref Enq: 0.0 ms]
      [Redirty Cards: 0.1 ms]
      [Humongous Register: 0.3 ms]
      [Humongous Reclaim: 0.0 ms]
      [Free CSet: 0.1 ms]
   [Eden: 44.0M(44.0M)->0.0B(44.0M) Survivors: 7168.0K->7168.0K Heap: 347.5M(1024.0M)->310.5M(1024.0M)]
 [Times: user=0.10 sys=0.02, real=0.03 secs] 
2021-04-23T04:01:14.783+0800: 16774.159: [GC pause (G1 Evacuation Pause) (mixed), 0.0271717 secs]
   [Parallel Time: 25.8 ms, GC Workers: 8]
      [GC Worker Start (ms): Min: 16774159.4, Avg: 16774159.7, Max: 16774160.2, Diff: 0.8]
      [Ext Root Scanning (ms): Min: 0.1, Avg: 0.6, Max: 1.5, Diff: 1.4, Sum: 5.0]
      [Update RS (ms): Min: 0.0, Avg: 0.8, Max: 1.7, Diff: 1.7, Sum: 6.7]
         [Processed Buffers: Min: 0, Avg: 5.6, Max: 15, Diff: 15, Sum: 45]
      [Scan RS (ms): Min: 0.3, Avg: 2.3, Max: 4.7, Diff: 4.4, Sum: 18.3]
      [Code Root Scanning (ms): Min: 0.0, Avg: 1.2, Max: 5.8, Diff: 5.8, Sum: 9.5]
      [Object Copy (ms): Min: 18.3, Avg: 20.3, Max: 22.5, Diff: 4.2, Sum: 162.2]
      [Termination (ms): Min: 0.0, Avg: 0.2, Max: 0.3, Diff: 0.3, Sum: 1.9]
         [Termination Attempts: Min: 1, Avg: 7.4, Max: 13, Diff: 12, Sum: 59]
      [GC Worker Other (ms): Min: 0.0, Avg: 0.0, Max: 0.0, Diff: 0.0, Sum: 0.2]
      [GC Worker Total (ms): Min: 25.0, Avg: 25.5, Max: 25.8, Diff: 0.8, Sum: 203.8]
      [GC Worker End (ms): Min: 16774185.2, Avg: 16774185.2, Max: 16774185.2, Diff: 0.0]
   [Code Root Fixup: 0.0 ms]
   [Code Root Purge: 0.0 ms]
   [Clear CT: 0.2 ms]
   [Other: 1.2 ms]
      [Choose CSet: 0.1 ms]
      [Ref Proc: 0.2 ms]
      [Ref Enq: 0.0 ms]
      [Redirty Cards: 0.1 ms]
      [Humongous Register: 0.1 ms]
      [Humongous Reclaim: 0.0 ms]
      [Free CSet: 0.2 ms]
   [Eden: 44.0M(44.0M)->0.0B(44.0M) Survivors: 7168.0K->7168.0K Heap: 354.5M(1024.0M)->295.5M(1024.0M)]
 [Times: user=0.08 sys=0.03, real=0.03 secs] 
2021-04-23T04:03:53.250+0800: 16932.629: [GC pause (G1 Evacuation Pause) (mixed), 0.0332225 secs]
   [Parallel Time: 27.0 ms, GC Workers: 8]
      [GC Worker Start (ms): Min: 16932631.6, Avg: 16932631.7, Max: 16932631.8, Diff: 0.2]
      [Ext Root Scanning (ms): Min: 0.3, Avg: 1.7, Max: 6.5, Diff: 6.1, Sum: 14.0]
      [Update RS (ms): Min: 0.0, Avg: 2.6, Max: 4.3, Diff: 4.3, Sum: 21.2]
         [Processed Buffers: Min: 0, Avg: 6.1, Max: 12, Diff: 12, Sum: 49]
      [Scan RS (ms): Min: 8.7, Avg: 9.8, Max: 11.4, Diff: 2.7, Sum: 78.2]
      [Code Root Scanning (ms): Min: 0.0, Avg: 0.8, Max: 4.2, Diff: 4.2, Sum: 6.1]
      [Object Copy (ms): Min: 8.0, Avg: 11.8, Max: 15.3, Diff: 7.3, Sum: 94.0]
      [Termination (ms): Min: 0.0, Avg: 0.0, Max: 0.1, Diff: 0.1, Sum: 0.2]
         [Termination Attempts: Min: 1, Avg: 2.1, Max: 4, Diff: 3, Sum: 17]
      [GC Worker Other (ms): Min: 0.0, Avg: 0.2, Max: 0.7, Diff: 0.7, Sum: 1.3]
      [GC Worker Total (ms): Min: 26.8, Avg: 26.9, Max: 27.0, Diff: 0.2, Sum: 215.0]
      [GC Worker End (ms): Min: 16932658.5, Avg: 16932658.5, Max: 16932658.6, Diff: 0.0]
   [Code Root Fixup: 0.0 ms]
   [Code Root Purge: 0.0 ms]
   [Clear CT: 0.1 ms]
   [Other: 6.1 ms]
      [Choose CSet: 0.7 ms]
      [Ref Proc: 0.2 ms]
      [Ref Enq: 0.0 ms]
      [Redirty Cards: 0.1 ms]
      [Humongous Register: 0.3 ms]
      [Humongous Reclaim: 0.0 ms]
      [Free CSet: 2.8 ms]
   [Eden: 44.0M(44.0M)->0.0B(44.0M) Survivors: 7168.0K->7168.0K Heap: 339.5M(1024.0M)->280.0M(1024.0M)]
 [Times: user=0.05 sys=0.04, real=0.03 secs] 
2021-04-23T04:04:15.052+0800: 16954.432: [GC pause (G1 Evacuation Pause) (mixed), 0.0262176 secs]
   [Parallel Time: 23.0 ms, GC Workers: 8]
      [GC Worker Start (ms): Min: 16954432.6, Avg: 16954432.9, Max: 16954433.7, Diff: 1.1]
      [Ext Root Scanning (ms): Min: 0.0, Avg: 1.9, Max: 5.0, Diff: 5.0, Sum: 14.8]
      [Update RS (ms): Min: 0.0, Avg: 2.6, Max: 4.2, Diff: 4.2, Sum: 21.0]
         [Processed Buffers: Min: 0, Avg: 5.1, Max: 30, Diff: 30, Sum: 41]
      [Scan RS (ms): Min: 2.5, Avg: 4.6, Max: 6.1, Diff: 3.5, Sum: 36.7]
      [Code Root Scanning (ms): Min: 0.0, Avg: 0.5, Max: 3.5, Diff: 3.5, Sum: 4.0]
      [Object Copy (ms): Min: 11.6, Avg: 12.8, Max: 13.8, Diff: 2.2, Sum: 102.1]
      [Termination (ms): Min: 0.0, Avg: 0.2, Max: 0.2, Diff: 0.2, Sum: 1.5]
         [Termination Attempts: Min: 1, Avg: 1.1, Max: 2, Diff: 1, Sum: 9]
      [GC Worker Other (ms): Min: 0.0, Avg: 0.0, Max: 0.0, Diff: 0.0, Sum: 0.2]
      [GC Worker Total (ms): Min: 21.8, Avg: 22.6, Max: 22.9, Diff: 1.1, Sum: 180.5]
      [GC Worker End (ms): Min: 16954455.5, Avg: 16954455.5, Max: 16954455.5, Diff: 0.0]
   [Code Root Fixup: 0.0 ms]
   [Code Root Purge: 0.0 ms]
   [Clear CT: 0.2 ms]
   [Other: 2.9 ms]
      [Choose CSet: 0.2 ms]
      [Ref Proc: 0.2 ms]
      [Ref Enq: 0.0 ms]
      [Redirty Cards: 0.2 ms]
      [Humongous Register: 0.3 ms]
      [Humongous Reclaim: 0.0 ms]
      [Free CSet: 1.0 ms]
   [Eden: 44.0M(44.0M)->0.0B(45.0M) Survivors: 7168.0K->6144.0K Heap: 324.0M(1024.0M)->264.0M(1024.0M)]
 [Times: user=0.08 sys=0.03, real=0.02 secs] 
2021-04-23T04:04:37.599+0800: 16976.979: [GC pause (G1 Evacuation Pause) (mixed), 0.0190669 secs]
   [Parallel Time: 17.2 ms, GC Workers: 8]
      [GC Worker Start (ms): Min: 16976979.5, Avg: 16976979.7, Max: 16976980.3, Diff: 0.8]
      [Ext Root Scanning (ms): Min: 0.0, Avg: 1.2, Max: 6.0, Diff: 6.0, Sum: 9.6]
      [Update RS (ms): Min: 0.0, Avg: 1.9, Max: 3.8, Diff: 3.8, Sum: 15.1]
         [Processed Buffers: Min: 0, Avg: 5.4, Max: 17, Diff: 17, Sum: 43]
      [Scan RS (ms): Min: 1.3, Avg: 3.6, Max: 4.5, Diff: 3.3, Sum: 29.2]
      [Code Root Scanning (ms): Min: 0.0, Avg: 0.1, Max: 0.5, Diff: 0.5, Sum: 1.1]
      [Object Copy (ms): Min: 8.7, Avg: 10.0, Max: 13.1, Diff: 4.3, Sum: 79.8]
      [Termination (ms): Min: 0.0, Avg: 0.0, Max: 0.0, Diff: 0.0, Sum: 0.1]
         [Termination Attempts: Min: 1, Avg: 27.6, Max: 55, Diff: 54, Sum: 221]
      [GC Worker Other (ms): Min: 0.0, Avg: 0.0, Max: 0.1, Diff: 0.0, Sum: 0.3]
      [GC Worker Total (ms): Min: 16.3, Avg: 16.9, Max: 17.1, Diff: 0.8, Sum: 135.1]
      [GC Worker End (ms): Min: 16976996.6, Avg: 16976996.6, Max: 16976996.6, Diff: 0.0]
   [Code Root Fixup: 0.0 ms]
   [Code Root Purge: 0.0 ms]
   [Clear CT: 0.2 ms]
   [Other: 1.6 ms]
      [Choose CSet: 0.1 ms]
      [Ref Proc: 0.2 ms]
      [Ref Enq: 0.0 ms]
      [Redirty Cards: 0.1 ms]
      [Humongous Register: 0.1 ms]
      [Humongous Reclaim: 0.0 ms]
      [Free CSet: 0.7 ms]
   [Eden: 45.0M(45.0M)->0.0B(44.0M) Survivors: 6144.0K->7168.0K Heap: 309.0M(1024.0M)->247.8M(1024.0M)]
 [Times: user=0.06 sys=0.01, real=0.02 secs] 
2021-04-23T04:04:59.560+0800: 16998.941: [GC pause (G1 Evacuation Pause) (mixed), 0.0273555 secs]
   [Parallel Time: 22.8 ms, GC Workers: 8]
      [GC Worker Start (ms): Min: 16998942.0, Avg: 16998942.4, Max: 16998942.8, Diff: 0.8]
      [Ext Root Scanning (ms): Min: 1.3, Avg: 2.4, Max: 4.6, Diff: 3.3, Sum: 19.3]
      [Update RS (ms): Min: 0.0, Avg: 2.2, Max: 3.5, Diff: 3.5, Sum: 17.7]
         [Processed Buffers: Min: 0, Avg: 5.6, Max: 21, Diff: 21, Sum: 45]
      [Scan RS (ms): Min: 2.7, Avg: 4.0, Max: 5.7, Diff: 2.9, Sum: 31.9]
      [Code Root Scanning (ms): Min: 0.0, Avg: 2.3, Max: 9.2, Diff: 9.2, Sum: 18.1]
      [Object Copy (ms): Min: 8.1, Avg: 11.3, Max: 14.7, Diff: 6.6, Sum: 90.1]
      [Termination (ms): Min: 0.0, Avg: 0.0, Max: 0.1, Diff: 0.1, Sum: 0.3]
         [Termination Attempts: Min: 1, Avg: 5.8, Max: 15, Diff: 14, Sum: 46]
      [GC Worker Other (ms): Min: 0.0, Avg: 0.0, Max: 0.0, Diff: 0.0, Sum: 0.2]
      [GC Worker Total (ms): Min: 21.8, Avg: 22.2, Max: 22.6, Diff: 0.8, Sum: 177.6]
      [GC Worker End (ms): Min: 16998964.6, Avg: 16998964.6, Max: 16998964.6, Diff: 0.0]
   [Code Root Fixup: 0.0 ms]
   [Code Root Purge: 0.0 ms]
   [Clear CT: 0.3 ms]
   [Other: 4.2 ms]
      [Choose CSet: 0.6 ms]
      [Ref Proc: 1.0 ms]
      [Ref Enq: 0.0 ms]
      [Redirty Cards: 0.1 ms]
      [Humongous Register: 0.3 ms]
      [Humongous Reclaim: 0.0 ms]
      [Free CSet: 1.3 ms]
   [Eden: 44.0M(44.0M)->0.0B(45.0M) Survivors: 7168.0K->6144.0K Heap: 291.8M(1024.0M)->228.0M(1024.0M)]
 [Times: user=0.06 sys=0.04, real=0.02 secs] 
2021-04-23T04:05:21.958+0800: 17021.338: [GC pause (G1 Evacuation Pause) (mixed), 0.0171540 secs]
   [Parallel Time: 15.7 ms, GC Workers: 8]
      [GC Worker Start (ms): Min: 17021339.1, Avg: 17021339.3, Max: 17021340.1, Diff: 1.0]
      [Ext Root Scanning (ms): Min: 0.0, Avg: 2.2, Max: 5.0, Diff: 5.0, Sum: 17.3]
      [Update RS (ms): Min: 0.0, Avg: 1.1, Max: 2.7, Diff: 2.7, Sum: 9.1]
         [Processed Buffers: Min: 0, Avg: 5.1, Max: 19, Diff: 19, Sum: 41]
      [Scan RS (ms): Min: 0.4, Avg: 3.3, Max: 9.5, Diff: 9.1, Sum: 26.6]
      [Code Root Scanning (ms): Min: 0.0, Avg: 1.3, Max: 10.4, Diff: 10.4, Sum: 10.4]
      [Object Copy (ms): Min: 0.0, Avg: 7.2, Max: 13.5, Diff: 13.5, Sum: 57.9]
      [Termination (ms): Min: 0.0, Avg: 0.2, Max: 0.2, Diff: 0.2, Sum: 1.4]
         [Termination Attempts: Min: 1, Avg: 4.9, Max: 12, Diff: 11, Sum: 39]
      [GC Worker Other (ms): Min: 0.0, Avg: 0.0, Max: 0.0, Diff: 0.0, Sum: 0.1]
      [GC Worker Total (ms): Min: 14.6, Avg: 15.3, Max: 15.5, Diff: 0.9, Sum: 122.7]
      [GC Worker End (ms): Min: 17021354.6, Avg: 17021354.7, Max: 17021354.7, Diff: 0.1]
   [Code Root Fixup: 0.0 ms]
   [Code Root Purge: 0.0 ms]
   [Clear CT: 0.2 ms]
   [Other: 1.3 ms]
      [Choose CSet: 0.0 ms]
      [Ref Proc: 0.3 ms]
      [Ref Enq: 0.0 ms]
      [Redirty Cards: 0.1 ms]
      [Humongous Register: 0.3 ms]
      [Humongous Reclaim: 0.0 ms]
      [Free CSet: 0.1 ms]
   [Eden: 45.0M(45.0M)->0.0B(46.0M) Survivors: 6144.0K->6144.0K Heap: 273.0M(1024.0M)->227.8M(1024.0M)]
 [Times: user=0.06 sys=0.01, real=0.02 secs] 
2021-04-23T04:05:44.957+0800: 17044.338: [GC pause (G1 Evacuation Pause) (young), 0.0186106 secs]
   [Parallel Time: 17.2 ms, GC Workers: 8]
      [GC Worker Start (ms): Min: 17044338.5, Avg: 17044338.8, Max: 17044339.4, Diff: 0.8]
      [Ext Root Scanning (ms): Min: 0.0, Avg: 1.7, Max: 5.9, Diff: 5.9, Sum: 13.6]
      [Update RS (ms): Min: 0.0, Avg: 1.6, Max: 6.9, Diff: 6.9, Sum: 13.0]
         [Processed Buffers: Min: 0, Avg: 5.4, Max: 15, Diff: 15, Sum: 43]
      [Scan RS (ms): Min: 0.0, Avg: 1.6, Max: 4.8, Diff: 4.8, Sum: 12.6]
      [Code Root Scanning (ms): Min: 0.0, Avg: 0.0, Max: 0.0, Diff: 0.0, Sum: 0.0]
      [Object Copy (ms): Min: 9.2, Avg: 11.8, Max: 16.2, Diff: 7.0, Sum: 94.4]
      [Termination (ms): Min: 0.0, Avg: 0.1, Max: 0.2, Diff: 0.2, Sum: 1.1]
         [Termination Attempts: Min: 1, Avg: 1.1, Max: 2, Diff: 1, Sum: 9]
      [GC Worker Other (ms): Min: 0.0, Avg: 0.0, Max: 0.0, Diff: 0.0, Sum: 0.1]
      [GC Worker Total (ms): Min: 16.3, Avg: 16.9, Max: 17.1, Diff: 0.8, Sum: 134.8]
      [GC Worker End (ms): Min: 17044355.6, Avg: 17044355.7, Max: 17044355.7, Diff: 0.1]
   [Code Root Fixup: 0.0 ms]
   [Code Root Purge: 0.0 ms]
   [Clear CT: 0.1 ms]
   [Other: 1.2 ms]
      [Choose CSet: 0.0 ms]
      [Ref Proc: 0.4 ms]
      [Ref Enq: 0.0 ms]
      [Redirty Cards: 0.1 ms]
      [Humongous Register: 0.1 ms]
      [Humongous Reclaim: 0.0 ms]
      [Free CSet: 0.1 ms]
   [Eden: 46.0M(46.0M)->0.0B(48.0M) Survivors: 6144.0K->6144.0K Heap: 273.8M(1024.0M)->229.5M(1024.0M)]
 [Times: user=0.05 sys=0.02, real=0.02 secs] 
2021-04-23T04:06:09.012+0800: 17068.393: [GC pause (G1 Evacuation Pause) (young), 0.0155581 secs]
   [Parallel Time: 14.5 ms, GC Workers: 8]
      [GC Worker Start (ms): Min: 17068393.7, Avg: 17068397.7, Max: 17068407.1, Diff: 13.4]
      [Ext Root Scanning (ms): Min: 0.0, Avg: 1.0, Max: 5.2, Diff: 5.2, Sum: 7.7]
      [Update RS (ms): Min: 0.0, Avg: 1.4, Max: 3.2, Diff: 3.2, Sum: 11.4]
         [Processed Buffers: Min: 0, Avg: 5.8, Max: 16, Diff: 16, Sum: 46]
      [Scan RS (ms): Min: 0.0, Avg: 3.6, Max: 8.5, Diff: 8.5, Sum: 28.6]
      [Code Root Scanning (ms): Min: 0.0, Avg: 0.0, Max: 0.0, Diff: 0.0, Sum: 0.0]
      [Object Copy (ms): Min: 0.1, Avg: 3.8, Max: 7.1, Diff: 7.0, Sum: 30.3]
      [Termination (ms): Min: 0.0, Avg: 0.6, Max: 1.0, Diff: 1.0, Sum: 5.0]
         [Termination Attempts: Min: 1, Avg: 1.6, Max: 3, Diff: 2, Sum: 13]
      [GC Worker Other (ms): Min: 0.0, Avg: 0.0, Max: 0.0, Diff: 0.0, Sum: 0.1]
      [GC Worker Total (ms): Min: 1.0, Avg: 10.4, Max: 14.4, Diff: 13.4, Sum: 83.3]
      [GC Worker End (ms): Min: 17068408.1, Avg: 17068408.1, Max: 17068408.1, Diff: 0.0]
   [Code Root Fixup: 0.0 ms]
   [Code Root Purge: 0.0 ms]
   [Clear CT: 0.1 ms]
   [Other: 1.0 ms]
      [Choose CSet: 0.0 ms]
      [Ref Proc: 0.2 ms]
      [Ref Enq: 0.0 ms]
      [Redirty Cards: 0.1 ms]
      [Humongous Register: 0.1 ms]
      [Humongous Reclaim: 0.0 ms]
      [Free CSet: 0.1 ms]
   [Eden: 48.0M(48.0M)->0.0B(63.0M) Survivors: 6144.0K->5120.0K Heap: 277.5M(1024.0M)->229.0M(1024.0M)]
 [Times: user=0.05 sys=0.00, real=0.01 secs] 
2021-04-23T04:06:40.423+0800: 17099.805: [GC pause (G1 Evacuation Pause) (young), 0.0247175 secs]
   [Parallel Time: 23.3 ms, GC Workers: 8]
      [GC Worker Start (ms): Min: 17099805.4, Avg: 17099805.7, Max: 17099806.9, Diff: 1.5]
      [Ext Root Scanning (ms): Min: 0.0, Avg: 0.8, Max: 2.0, Diff: 2.0, Sum: 6.6]
      [Update RS (ms): Min: 0.0, Avg: 2.5, Max: 4.3, Diff: 4.3, Sum: 19.6]
         [Processed Buffers: Min: 0, Avg: 5.6, Max: 19, Diff: 19, Sum: 45]
      [Scan RS (ms): Min: 0.0, Avg: 1.0, Max: 2.9, Diff: 2.9, Sum: 7.7]
      [Code Root Scanning (ms): Min: 0.0, Avg: 0.0, Max: 0.0, Diff: 0.0, Sum: 0.0]
      [Object Copy (ms): Min: 17.0, Avg: 18.5, Max: 20.8, Diff: 3.8, Sum: 147.8]
      [Termination (ms): Min: 0.0, Avg: 0.2, Max: 0.3, Diff: 0.3, Sum: 1.3]
         [Termination Attempts: Min: 1, Avg: 1.6, Max: 4, Diff: 3, Sum: 13]
      [GC Worker Other (ms): Min: 0.0, Avg: 0.0, Max: 0.0, Diff: 0.0, Sum: 0.1]
      [GC Worker Total (ms): Min: 21.6, Avg: 22.9, Max: 23.2, Diff: 1.6, Sum: 183.1]
      [GC Worker End (ms): Min: 17099828.5, Avg: 17099828.6, Max: 17099828.6, Diff: 0.1]
   [Code Root Fixup: 0.0 ms]
   [Code Root Purge: 0.0 ms]
   [Clear CT: 0.1 ms]
   [Other: 1.3 ms]
      [Choose CSet: 0.0 ms]
      [Ref Proc: 0.7 ms]
      [Ref Enq: 0.0 ms]
      [Redirty Cards: 0.1 ms]
      [Humongous Register: 0.1 ms]
      [Humongous Reclaim: 0.0 ms]
      [Free CSet: 0.1 ms]
   [Eden: 63.0M(63.0M)->0.0B(44.0M) Survivors: 5120.0K->7168.0K Heap: 292.0M(1024.0M)->230.4M(1024.0M)]
 [Times: user=0.05 sys=0.02, real=0.02 secs] 
2021-04-23T04:07:02.431+0800: 17121.814: [GC pause (G1 Evacuation Pause) (young), 0.0269122 secs]
   [Parallel Time: 26.1 ms, GC Workers: 8]
      [GC Worker Start (ms): Min: 17121814.2, Avg: 17121816.0, Max: 17121820.5, Diff: 6.2]
      [Ext Root Scanning (ms): Min: 0.0, Avg: 1.1, Max: 5.6, Diff: 5.6, Sum: 8.8]
      [Update RS (ms): Min: 0.0, Avg: 1.4, Max: 3.1, Diff: 3.1, Sum: 11.4]
         [Processed Buffers: Min: 0, Avg: 5.8, Max: 17, Diff: 17, Sum: 46]
      [Scan RS (ms): Min: 0.0, Avg: 1.4, Max: 3.7, Diff: 3.6, Sum: 11.2]
      [Code Root Scanning (ms): Min: 0.0, Avg: 0.0, Max: 0.0, Diff: 0.0, Sum: 0.0]
      [Object Copy (ms): Min: 18.6, Avg: 20.3, Max: 24.8, Diff: 6.2, Sum: 162.4]
      [Termination (ms): Min: 0.0, Avg: 0.1, Max: 0.2, Diff: 0.2, Sum: 0.7]
         [Termination Attempts: Min: 1, Avg: 3.6, Max: 9, Diff: 8, Sum: 29]
      [GC Worker Other (ms): Min: 0.0, Avg: 0.0, Max: 0.0, Diff: 0.0, Sum: 0.2]
      [GC Worker Total (ms): Min: 19.8, Avg: 24.3, Max: 26.1, Diff: 6.3, Sum: 194.6]
      [GC Worker End (ms): Min: 17121840.3, Avg: 17121840.3, Max: 17121840.3, Diff: 0.0]
   [Code Root Fixup: 0.0 ms]
   [Code Root Purge: 0.0 ms]
   [Clear CT: 0.1 ms]
   [Other: 0.7 ms]
      [Choose CSet: 0.0 ms]
      [Ref Proc: 0.2 ms]
      [Ref Enq: 0.0 ms]
      [Redirty Cards: 0.1 ms]
      [Humongous Register: 0.1 ms]
      [Humongous Reclaim: 0.0 ms]
      [Free CSet: 0.1 ms]
   [Eden: 44.0M(44.0M)->0.0B(46.0M) Survivors: 7168.0K->5120.0K Heap: 274.4M(1024.0M)->230.8M(1024.0M)]
 [Times: user=0.06 sys=0.01, real=0.02 secs] 
2021-04-23T04:07:25.378+0800: 17144.762: [GC pause (G1 Evacuation Pause) (young), 0.0159195 secs]
   [Parallel Time: 14.9 ms, GC Workers: 8]
      [GC Worker Start (ms): Min: 17144761.9, Avg: 17144762.8, Max: 17144768.3, Diff: 6.4]
      [Ext Root Scanning (ms): Min: 0.0, Avg: 0.9, Max: 4.1, Diff: 4.1, Sum: 6.9]
      [Update RS (ms): Min: 0.0, Avg: 2.6, Max: 6.7, Diff: 6.7, Sum: 20.6]
         [Processed Buffers: Min: 0, Avg: 6.1, Max: 24, Diff: 24, Sum: 49]
      [Scan RS (ms): Min: 0.0, Avg: 1.8, Max: 4.3, Diff: 4.3, Sum: 14.1]
      [Code Root Scanning (ms): Min: 0.0, Avg: 0.0, Max: 0.0, Diff: 0.0, Sum: 0.0]
      [Object Copy (ms): Min: 6.5, Avg: 8.5, Max: 14.1, Diff: 7.6, Sum: 68.4]
      [Termination (ms): Min: 0.0, Avg: 0.1, Max: 0.1, Diff: 0.1, Sum: 0.6]
         [Termination Attempts: Min: 1, Avg: 4.8, Max: 13, Diff: 12, Sum: 38]
      [GC Worker Other (ms): Min: 0.0, Avg: 0.0, Max: 0.0, Diff: 0.0, Sum: 0.1]
      [GC Worker Total (ms): Min: 8.4, Avg: 13.8, Max: 14.8, Diff: 6.4, Sum: 110.7]
      [GC Worker End (ms): Min: 17144776.7, Avg: 17144776.7, Max: 17144776.7, Diff: 0.0]
   [Code Root Fixup: 0.0 ms]
   [Code Root Purge: 0.0 ms]
   [Clear CT: 0.1 ms]
   [Other: 0.9 ms]
      [Choose CSet: 0.0 ms]
      [Ref Proc: 0.3 ms]
      [Ref Enq: 0.0 ms]
      [Redirty Cards: 0.1 ms]
      [Humongous Register: 0.1 ms]
      [Humongous Reclaim: 0.0 ms]
      [Free CSet: 0.1 ms]
   [Eden: 46.0M(46.0M)->0.0B(44.0M) Survivors: 5120.0K->7168.0K Heap: 276.8M(1024.0M)->233.5M(1024.0M)]
 [Times: user=0.05 sys=0.00, real=0.02 secs] 
2021-04-23T04:07:47.481+0800: 17166.864: [GC pause (G1 Evacuation Pause) (young), 0.0147546 secs]
   [Parallel Time: 13.2 ms, GC Workers: 8]
      [GC Worker Start (ms): Min: 17166864.6, Avg: 17166864.7, Max: 17166864.8, Diff: 0.3]
      [Ext Root Scanning (ms): Min: 0.4, Avg: 1.6, Max: 5.5, Diff: 5.1, Sum: 12.8]
      [Update RS (ms): Min: 0.0, Avg: 0.8, Max: 1.8, Diff: 1.8, Sum: 6.7]
         [Processed Buffers: Min: 0, Avg: 5.6, Max: 32, Diff: 32, Sum: 45]
      [Scan RS (ms): Min: 0.0, Avg: 0.8, Max: 1.9, Diff: 1.9, Sum: 6.6]
      [Code Root Scanning (ms): Min: 0.0, Avg: 0.0, Max: 0.0, Diff: 0.0, Sum: 0.0]
      [Object Copy (ms): Min: 7.5, Avg: 9.6, Max: 12.4, Diff: 4.9, Sum: 76.9]
      [Termination (ms): Min: 0.0, Avg: 0.1, Max: 0.1, Diff: 0.1, Sum: 0.4]
         [Termination Attempts: Min: 1, Avg: 5.4, Max: 12, Diff: 11, Sum: 43]
      [GC Worker Other (ms): Min: 0.0, Avg: 0.0, Max: 0.0, Diff: 0.0, Sum: 0.1]
      [GC Worker Total (ms): Min: 12.8, Avg: 13.0, Max: 13.0, Diff: 0.2, Sum: 103.6]
      [GC Worker End (ms): Min: 17166877.6, Avg: 17166877.6, Max: 17166877.7, Diff: 0.1]
   [Code Root Fixup: 0.0 ms]
   [Code Root Purge: 0.0 ms]
   [Clear CT: 0.1 ms]
   [Other: 1.5 ms]
      [Choose CSet: 0.0 ms]
      [Ref Proc: 0.3 ms]
      [Ref Enq: 0.0 ms]
      [Redirty Cards: 0.1 ms]
      [Humongous Register: 0.1 ms]
      [Humongous Reclaim: 0.0 ms]
      [Free CSet: 0.1 ms]
   [Eden: 44.0M(44.0M)->0.0B(72.0M) Survivors: 7168.0K->6144.0K Heap: 277.5M(1024.0M)->233.3M(1024.0M)]
 [Times: user=0.05 sys=0.00, real=0.01 secs] 
2021-04-23T04:08:23.501+0800: 17202.885: [GC pause (G1 Evacuation Pause) (young), 0.0194690 secs]
   [Parallel Time: 18.5 ms, GC Workers: 8]
      [GC Worker Start (ms): Min: 17202885.6, Avg: 17202885.8, Max: 17202885.9, Diff: 0.3]
      [Ext Root Scanning (ms): Min: 0.5, Avg: 2.1, Max: 5.6, Diff: 5.1, Sum: 16.4]
      [Update RS (ms): Min: 0.0, Avg: 1.8, Max: 3.3, Diff: 3.3, Sum: 14.1]
         [Processed Buffers: Min: 0, Avg: 6.0, Max: 14, Diff: 14, Sum: 48]
      [Scan RS (ms): Min: 0.0, Avg: 1.4, Max: 2.1, Diff: 2.1, Sum: 11.0]
      [Code Root Scanning (ms): Min: 0.0, Avg: 0.0, Max: 0.0, Diff: 0.0, Sum: 0.0]
      [Object Copy (ms): Min: 12.5, Avg: 13.0, Max: 14.4, Diff: 1.9, Sum: 103.9]
      [Termination (ms): Min: 0.0, Avg: 0.1, Max: 0.1, Diff: 0.1, Sum: 0.5]
         [Termination Attempts: Min: 1, Avg: 3.8, Max: 7, Diff: 6, Sum: 30]
      [GC Worker Other (ms): Min: 0.0, Avg: 0.0, Max: 0.0, Diff: 0.0, Sum: 0.1]
      [GC Worker Total (ms): Min: 18.1, Avg: 18.3, Max: 18.4, Diff: 0.3, Sum: 146.1]
      [GC Worker End (ms): Min: 17202904.0, Avg: 17202904.0, Max: 17202904.1, Diff: 0.0]
   [Code Root Fixup: 0.0 ms]
   [Code Root Purge: 0.0 ms]
   [Clear CT: 0.1 ms]
   [Other: 0.9 ms]
      [Choose CSet: 0.0 ms]
      [Ref Proc: 0.2 ms]
      [Ref Enq: 0.0 ms]
      [Redirty Cards: 0.1 ms]
      [Humongous Register: 0.1 ms]
      [Humongous Reclaim: 0.0 ms]
      [Free CSet: 0.1 ms]
   [Eden: 72.0M(72.0M)->0.0B(73.0M) Survivors: 6144.0K->6144.0K Heap: 305.3M(1024.0M)->233.4M(1024.0M)]
 [Times: user=0.05 sys=0.01, real=0.03 secs] 
2021-04-23T04:09:00.081+0800: 17239.466: [GC pause (G1 Evacuation Pause) (young), 0.0211337 secs]
   [Parallel Time: 18.3 ms, GC Workers: 8]
      [GC Worker Start (ms): Min: 17239467.3, Avg: 17239467.8, Max: 17239468.2, Diff: 0.9]
      [Ext Root Scanning (ms): Min: 1.1, Avg: 4.8, Max: 11.2, Diff: 10.1, Sum: 38.6]
      [Update RS (ms): Min: 0.0, Avg: 2.1, Max: 5.0, Diff: 5.0, Sum: 17.2]
         [Processed Buffers: Min: 0, Avg: 5.8, Max: 25, Diff: 25, Sum: 46]
      [Scan RS (ms): Min: 0.0, Avg: 2.1, Max: 4.2, Diff: 4.2, Sum: 17.1]
      [Code Root Scanning (ms): Min: 0.0, Avg: 0.0, Max: 0.0, Diff: 0.0, Sum: 0.0]
      [Object Copy (ms): Min: 6.5, Avg: 8.2, Max: 13.8, Diff: 7.3, Sum: 65.9]
      [Termination (ms): Min: 0.0, Avg: 0.2, Max: 0.3, Diff: 0.3, Sum: 1.8]
         [Termination Attempts: Min: 1, Avg: 2.0, Max: 3, Diff: 2, Sum: 16]
      [GC Worker Other (ms): Min: 0.0, Avg: 0.0, Max: 0.1, Diff: 0.0, Sum: 0.3]
      [GC Worker Total (ms): Min: 17.2, Avg: 17.6, Max: 18.1, Diff: 0.9, Sum: 140.9]
      [GC Worker End (ms): Min: 17239485.4, Avg: 17239485.4, Max: 17239485.4, Diff: 0.0]
   [Code Root Fixup: 0.0 ms]
   [Code Root Purge: 0.0 ms]
   [Clear CT: 0.2 ms]
   [Other: 2.6 ms]
      [Choose CSet: 0.0 ms]
      [Ref Proc: 0.7 ms]
      [Ref Enq: 0.0 ms]
      [Redirty Cards: 0.1 ms]
      [Humongous Register: 0.9 ms]
      [Humongous Reclaim: 0.0 ms]
      [Free CSet: 0.2 ms]
   [Eden: 73.0M(73.0M)->0.0B(47.0M) Survivors: 6144.0K->9216.0K Heap: 306.4M(1024.0M)->235.9M(1024.0M)]
 [Times: user=0.07 sys=0.01, real=0.02 secs] 
2021-04-23T04:09:21.054+0800: 17260.440: [GC pause (G1 Evacuation Pause) (young), 0.0251198 secs]
   [Parallel Time: 23.2 ms, GC Workers: 8]
      [GC Worker Start (ms): Min: 17260439.8, Avg: 17260440.8, Max: 17260444.1, Diff: 4.2]
      [Ext Root Scanning (ms): Min: 0.0, Avg: 0.9, Max: 4.1, Diff: 4.1, Sum: 7.1]
      [Update RS (ms): Min: 0.0, Avg: 1.1, Max: 2.8, Diff: 2.8, Sum: 9.1]
         [Processed Buffers: Min: 0, Avg: 5.5, Max: 22, Diff: 22, Sum: 44]
      [Scan RS (ms): Min: 0.3, Avg: 1.5, Max: 2.5, Diff: 2.2, Sum: 12.3]
      [Code Root Scanning (ms): Min: 0.0, Avg: 0.0, Max: 0.0, Diff: 0.0, Sum: 0.0]
      [Object Copy (ms): Min: 17.2, Avg: 17.8, Max: 20.0, Diff: 2.8, Sum: 142.6]
      [Termination (ms): Min: 0.0, Avg: 0.1, Max: 0.1, Diff: 0.1, Sum: 0.5]
         [Termination Attempts: Min: 1, Avg: 2.9, Max: 7, Diff: 6, Sum: 23]
      [GC Worker Other (ms): Min: 0.0, Avg: 0.2, Max: 0.6, Diff: 0.6, Sum: 1.4]
      [GC Worker Total (ms): Min: 18.2, Avg: 21.6, Max: 23.1, Diff: 4.9, Sum: 172.9]
      [GC Worker End (ms): Min: 17260462.3, Avg: 17260462.4, Max: 17260462.9, Diff: 0.6]
   [Code Root Fixup: 0.0 ms]
   [Code Root Purge: 0.0 ms]
   [Clear CT: 0.2 ms]
   [Other: 1.7 ms]
      [Choose CSet: 0.0 ms]
      [Ref Proc: 0.4 ms]
      [Ref Enq: 0.0 ms]
      [Redirty Cards: 0.2 ms]
      [Humongous Register: 0.1 ms]
      [Humongous Reclaim: 0.0 ms]
      [Free CSet: 0.1 ms]
   [Eden: 42.0M(42.0M)->0.0B(44.0M) Survivors: 9216.0K->7168.0K Heap: 277.9M(1024.0M)->236.0M(1024.0M)]
 [Times: user=0.06 sys=0.01, real=0.02 secs] 
2021-04-23T04:09:43.536+0800: 17282.922: [GC pause (G1 Evacuation Pause) (young), 0.0205542 secs]
   [Parallel Time: 18.2 ms, GC Workers: 8]
      [GC Worker Start (ms): Min: 17282922.7, Avg: 17282924.7, Max: 17282932.9, Diff: 10.2]
      [Ext Root Scanning (ms): Min: 0.0, Avg: 3.3, Max: 10.9, Diff: 10.9, Sum: 26.3]
      [Update RS (ms): Min: 0.0, Avg: 2.6, Max: 5.5, Diff: 5.5, Sum: 20.9]
         [Processed Buffers: Min: 0, Avg: 6.4, Max: 24, Diff: 24, Sum: 51]
      [Scan RS (ms): Min: 0.0, Avg: 2.4, Max: 3.9, Diff: 3.9, Sum: 18.9]
      [Code Root Scanning (ms): Min: 0.0, Avg: 0.0, Max: 0.0, Diff: 0.0, Sum: 0.0]
      [Object Copy (ms): Min: 6.8, Avg: 7.5, Max: 8.0, Diff: 1.2, Sum: 60.3]
      [Termination (ms): Min: 0.0, Avg: 0.3, Max: 0.3, Diff: 0.3, Sum: 2.2]
         [Termination Attempts: Min: 1, Avg: 2.6, Max: 6, Diff: 5, Sum: 21]
      [GC Worker Other (ms): Min: 0.0, Avg: 0.0, Max: 0.0, Diff: 0.0, Sum: 0.1]
      [GC Worker Total (ms): Min: 7.9, Avg: 16.1, Max: 18.1, Diff: 10.2, Sum: 128.9]
      [GC Worker End (ms): Min: 17282940.8, Avg: 17282940.8, Max: 17282940.8, Diff: 0.0]
   [Code Root Fixup: 0.0 ms]
   [Code Root Purge: 0.0 ms]
   [Clear CT: 0.2 ms]
   [Other: 2.2 ms]
      [Choose CSet: 0.0 ms]
      [Ref Proc: 0.3 ms]
      [Ref Enq: 0.0 ms]
      [Redirty Cards: 0.1 ms]
      [Humongous Register: 0.3 ms]
      [Humongous Reclaim: 0.0 ms]
      [Free CSet: 0.1 ms]
   [Eden: 44.0M(44.0M)->0.0B(44.0M) Survivors: 7168.0K->7168.0K Heap: 280.0M(1024.0M)->238.0M(1024.0M)]
 [Times: user=0.07 sys=0.01, real=0.02 secs] 
2021-04-23T04:10:05.521+0800: 17304.907: [GC pause (G1 Evacuation Pause) (young), 0.0316714 secs]
   [Parallel Time: 28.4 ms, GC Workers: 8]
      [GC Worker Start (ms): Min: 17304907.4, Avg: 17304911.0, Max: 17304917.3, Diff: 9.9]
      [Ext Root Scanning (ms): Min: 0.0, Avg: 1.2, Max: 7.0, Diff: 7.0, Sum: 9.7]
      [Update RS (ms): Min: 0.0, Avg: 1.5, Max: 5.0, Diff: 5.0, Sum: 12.1]
         [Processed Buffers: Min: 0, Avg: 6.6, Max: 26, Diff: 26, Sum: 53]
      [Scan RS (ms): Min: 0.0, Avg: 2.5, Max: 5.0, Diff: 5.0, Sum: 20.1]
      [Code Root Scanning (ms): Min: 0.0, Avg: 0.0, Max: 0.0, Diff: 0.0, Sum: 0.0]
      [Object Copy (ms): Min: 8.4, Avg: 9.4, Max: 14.1, Diff: 5.7, Sum: 75.4]
      [Termination (ms): Min: 0.0, Avg: 3.8, Max: 10.0, Diff: 10.0, Sum: 30.2]
         [Termination Attempts: Min: 1, Avg: 22.1, Max: 31, Diff: 30, Sum: 177]
      [GC Worker Other (ms): Min: 0.0, Avg: 0.0, Max: 0.0, Diff: 0.0, Sum: 0.1]
      [GC Worker Total (ms): Min: 8.4, Avg: 18.5, Max: 28.3, Diff: 19.9, Sum: 147.6]
      [GC Worker End (ms): Min: 17304925.7, Avg: 17304929.5, Max: 17304935.7, Diff: 10.0]
   [Code Root Fixup: 0.0 ms]
   [Code Root Purge: 0.0 ms]
   [Clear CT: 0.1 ms]
   [Other: 3.1 ms]
      [Choose CSet: 0.0 ms]
      [Ref Proc: 1.3 ms]
      [Ref Enq: 0.0 ms]
      [Redirty Cards: 0.1 ms]
      [Humongous Register: 0.1 ms]
      [Humongous Reclaim: 0.0 ms]
      [Free CSet: 0.6 ms]
   [Eden: 44.0M(44.0M)->0.0B(46.0M) Survivors: 7168.0K->5120.0K Heap: 282.0M(1024.0M)->237.4M(1024.0M)]
 [Times: user=0.05 sys=0.00, real=0.03 secs] 
2021-04-23T04:10:28.696+0800: 17328.083: [GC pause (G1 Evacuation Pause) (young), 0.0183064 secs]
   [Parallel Time: 17.2 ms, GC Workers: 8]
      [GC Worker Start (ms): Min: 17328083.4, Avg: 17328084.2, Max: 17328088.9, Diff: 5.5]
      [Ext Root Scanning (ms): Min: 0.0, Avg: 2.9, Max: 17.0, Diff: 17.0, Sum: 23.2]
      [Update RS (ms): Min: 0.0, Avg: 3.0, Max: 6.3, Diff: 6.3, Sum: 23.8]
         [Processed Buffers: Min: 0, Avg: 6.0, Max: 25, Diff: 25, Sum: 48]
      [Scan RS (ms): Min: 0.0, Avg: 1.8, Max: 3.3, Diff: 3.3, Sum: 14.5]
      [Code Root Scanning (ms): Min: 0.0, Avg: 0.0, Max: 0.0, Diff: 0.0, Sum: 0.0]
      [Object Copy (ms): Min: 0.0, Avg: 8.4, Max: 14.2, Diff: 14.2, Sum: 67.0]
      [Termination (ms): Min: 0.0, Avg: 0.3, Max: 0.3, Diff: 0.3, Sum: 2.1]
         [Termination Attempts: Min: 1, Avg: 1.1, Max: 2, Diff: 1, Sum: 9]
      [GC Worker Other (ms): Min: 0.0, Avg: 0.0, Max: 0.0, Diff: 0.0, Sum: 0.1]
      [GC Worker Total (ms): Min: 11.7, Avg: 16.3, Max: 17.1, Diff: 5.5, Sum: 130.7]
      [GC Worker End (ms): Min: 17328100.5, Avg: 17328100.6, Max: 17328100.6, Diff: 0.0]
   [Code Root Fixup: 0.0 ms]
   [Code Root Purge: 0.0 ms]
   [Clear CT: 0.1 ms]
   [Other: 1.0 ms]
      [Choose CSet: 0.0 ms]
      [Ref Proc: 0.2 ms]
      [Ref Enq: 0.0 ms]
      [Redirty Cards: 0.1 ms]
      [Humongous Register: 0.1 ms]
      [Humongous Reclaim: 0.0 ms]
      [Free CSet: 0.1 ms]
   [Eden: 46.0M(46.0M)->0.0B(44.0M) Survivors: 5120.0K->7168.0K Heap: 283.4M(1024.0M)->239.0M(1024.0M)]
 [Times: user=0.06 sys=0.00, real=0.02 secs] 
2021-04-23T04:10:50.803+0800: 17350.191: [GC pause (G1 Evacuation Pause) (young), 0.0185583 secs]
   [Parallel Time: 16.5 ms, GC Workers: 8]
      [GC Worker Start (ms): Min: 17350191.3, Avg: 17350192.3, Max: 17350196.7, Diff: 5.4]
      [Ext Root Scanning (ms): Min: 0.0, Avg: 3.0, Max: 13.9, Diff: 13.9, Sum: 23.6]
      [Update RS (ms): Min: 0.0, Avg: 2.4, Max: 8.5, Diff: 8.5, Sum: 19.3]
         [Processed Buffers: Min: 0, Avg: 5.6, Max: 30, Diff: 30, Sum: 45]
      [Scan RS (ms): Min: 0.0, Avg: 2.5, Max: 4.8, Diff: 4.8, Sum: 19.7]
      [Code Root Scanning (ms): Min: 0.0, Avg: 0.0, Max: 0.0, Diff: 0.0, Sum: 0.0]
      [Object Copy (ms): Min: 2.1, Avg: 7.3, Max: 11.2, Diff: 9.1, Sum: 58.5]
      [Termination (ms): Min: 0.0, Avg: 0.2, Max: 0.3, Diff: 0.3, Sum: 2.0]
         [Termination Attempts: Min: 1, Avg: 1.6, Max: 3, Diff: 2, Sum: 13]
      [GC Worker Other (ms): Min: 0.0, Avg: 0.0, Max: 0.1, Diff: 0.1, Sum: 0.3]
      [GC Worker Total (ms): Min: 10.9, Avg: 15.4, Max: 16.4, Diff: 5.5, Sum: 123.3]
      [GC Worker End (ms): Min: 17350207.7, Avg: 17350207.7, Max: 17350207.7, Diff: 0.0]
   [Code Root Fixup: 0.0 ms]
   [Code Root Purge: 0.0 ms]
   [Clear CT: 0.2 ms]
   [Other: 1.9 ms]
      [Choose CSet: 0.0 ms]
      [Ref Proc: 0.3 ms]
      [Ref Enq: 0.0 ms]
      [Redirty Cards: 0.2 ms]
      [Humongous Register: 0.2 ms]
      [Humongous Reclaim: 0.0 ms]
      [Free CSet: 0.1 ms]
   [Eden: 44.0M(44.0M)->0.0B(45.0M) Survivors: 7168.0K->6144.0K Heap: 283.0M(1024.0M)->238.9M(1024.0M)]
 [Times: user=0.06 sys=0.01, real=0.02 secs] 
2021-04-23T04:11:13.397+0800: 17372.785: [GC pause (G1 Evacuation Pause) (young), 0.0169270 secs]
   [Parallel Time: 15.7 ms, GC Workers: 8]
      [GC Worker Start (ms): Min: 17372785.2, Avg: 17372786.3, Max: 17372793.5, Diff: 8.3]
      [Ext Root Scanning (ms): Min: 0.0, Avg: 2.6, Max: 8.3, Diff: 8.3, Sum: 20.9]
      [Update RS (ms): Min: 0.0, Avg: 2.1, Max: 4.8, Diff: 4.8, Sum: 17.0]
         [Processed Buffers: Min: 0, Avg: 5.6, Max: 16, Diff: 16, Sum: 45]
      [Scan RS (ms): Min: 0.7, Avg: 3.3, Max: 6.3, Diff: 5.6, Sum: 26.2]
      [Code Root Scanning (ms): Min: 0.0, Avg: 0.0, Max: 0.0, Diff: 0.0, Sum: 0.0]
      [Object Copy (ms): Min: 3.6, Avg: 6.3, Max: 11.3, Diff: 7.7, Sum: 50.2]
      [Termination (ms): Min: 0.0, Avg: 0.1, Max: 0.1, Diff: 0.1, Sum: 0.5]
         [Termination Attempts: Min: 1, Avg: 30.4, Max: 49, Diff: 48, Sum: 243]
      [GC Worker Other (ms): Min: 0.0, Avg: 0.0, Max: 0.0, Diff: 0.0, Sum: 0.2]
      [GC Worker Total (ms): Min: 7.2, Avg: 14.4, Max: 15.5, Diff: 8.3, Sum: 115.0]
      [GC Worker End (ms): Min: 17372800.7, Avg: 17372800.7, Max: 17372800.7, Diff: 0.0]
   [Code Root Fixup: 0.0 ms]
   [Code Root Purge: 0.0 ms]
   [Clear CT: 0.1 ms]
   [Other: 1.2 ms]
      [Choose CSet: 0.0 ms]
      [Ref Proc: 0.3 ms]
      [Ref Enq: 0.0 ms]
      [Redirty Cards: 0.1 ms]
      [Humongous Register: 0.2 ms]
      [Humongous Reclaim: 0.0 ms]
      [Free CSet: 0.1 ms]
   [Eden: 45.0M(45.0M)->0.0B(59.0M) Survivors: 6144.0K->7168.0K Heap: 283.9M(1024.0M)->240.2M(1024.0M)]
 [Times: user=0.07 sys=0.01, real=0.02 secs] 
2021-04-23T04:11:35.443+0800: 17394.832: [GC pause (G1 Evacuation Pause) (young), 0.0183215 secs]
   [Parallel Time: 16.8 ms, GC Workers: 8]
      [GC Worker Start (ms): Min: 17394832.4, Avg: 17394832.9, Max: 17394835.7, Diff: 3.3]
      [Ext Root Scanning (ms): Min: 0.0, Avg: 1.9, Max: 8.5, Diff: 8.5, Sum: 15.3]
      [Update RS (ms): Min: 0.0, Avg: 2.1, Max: 3.9, Diff: 3.9, Sum: 16.8]
         [Processed Buffers: Min: 0, Avg: 6.0, Max: 26, Diff: 26, Sum: 48]
      [Scan RS (ms): Min: 0.0, Avg: 2.4, Max: 6.0, Diff: 6.0, Sum: 19.0]
      [Code Root Scanning (ms): Min: 0.0, Avg: 0.0, Max: 0.0, Diff: 0.0, Sum: 0.0]
      [Object Copy (ms): Min: 6.4, Avg: 9.7, Max: 15.6, Diff: 9.2, Sum: 77.6]
      [Termination (ms): Min: 0.0, Avg: 0.0, Max: 0.0, Diff: 0.0, Sum: 0.0]
         [Termination Attempts: Min: 1, Avg: 2.1, Max: 3, Diff: 2, Sum: 17]
      [GC Worker Other (ms): Min: 0.0, Avg: 0.0, Max: 0.1, Diff: 0.1, Sum: 0.3]
      [GC Worker Total (ms): Min: 13.4, Avg: 16.1, Max: 16.7, Diff: 3.3, Sum: 129.1]
      [GC Worker End (ms): Min: 17394849.0, Avg: 17394849.0, Max: 17394849.1, Diff: 0.1]
   [Code Root Fixup: 0.0 ms]
   [Code Root Purge: 0.0 ms]
   [Clear CT: 0.1 ms]
   [Other: 1.4 ms]
      [Choose CSet: 0.0 ms]
      [Ref Proc: 0.2 ms]
      [Ref Enq: 0.0 ms]
      [Redirty Cards: 0.2 ms]
      [Humongous Register: 0.3 ms]
      [Humongous Reclaim: 0.0 ms]
      [Free CSet: 0.1 ms]
   [Eden: 44.0M(44.0M)->0.0B(99.0M) Survivors: 7168.0K->5120.0K Heap: 284.2M(1024.0M)->239.5M(1024.0M)]
 [Times: user=0.07 sys=0.01, real=0.02 secs] 
2021-04-23T04:11:58.549+0800: 17417.938: [GC pause (G1 Evacuation Pause) (young), 0.0208907 secs]
   [Parallel Time: 19.5 ms, GC Workers: 8]
      [GC Worker Start (ms): Min: 17417938.2, Avg: 17417938.7, Max: 17417940.9, Diff: 2.7]
      [Ext Root Scanning (ms): Min: 0.0, Avg: 2.0, Max: 8.8, Diff: 8.8, Sum: 16.0]
      [Update RS (ms): Min: 0.0, Avg: 4.4, Max: 11.7, Diff: 11.7, Sum: 35.5]
         [Processed Buffers: Min: 0, Avg: 6.1, Max: 28, Diff: 28, Sum: 49]
      [Scan RS (ms): Min: 0.0, Avg: 3.2, Max: 5.2, Diff: 5.2, Sum: 25.4]
      [Code Root Scanning (ms): Min: 0.0, Avg: 0.0, Max: 0.0, Diff: 0.0, Sum: 0.0]
      [Object Copy (ms): Min: 6.7, Avg: 9.2, Max: 12.0, Diff: 5.3, Sum: 73.4]
      [Termination (ms): Min: 0.0, Avg: 0.0, Max: 0.0, Diff: 0.0, Sum: 0.0]
         [Termination Attempts: Min: 1, Avg: 3.5, Max: 6, Diff: 5, Sum: 28]
      [GC Worker Other (ms): Min: 0.0, Avg: 0.0, Max: 0.1, Diff: 0.1, Sum: 0.4]
      [GC Worker Total (ms): Min: 16.7, Avg: 18.8, Max: 19.4, Diff: 2.7, Sum: 150.8]
      [GC Worker End (ms): Min: 17417957.5, Avg: 17417957.6, Max: 17417957.6, Diff: 0.1]
   [Code Root Fixup: 0.0 ms]
   [Code Root Purge: 0.0 ms]
   [Clear CT: 0.1 ms]
   [Other: 1.3 ms]
      [Choose CSet: 0.0 ms]
      [Ref Proc: 0.2 ms]
      [Ref Enq: 0.0 ms]
      [Redirty Cards: 0.1 ms]
      [Humongous Register: 0.3 ms]
      [Humongous Reclaim: 0.0 ms]
      [Free CSet: 0.1 ms]
   [Eden: 46.0M(46.0M)->0.0B(44.0M) Survivors: 5120.0K->7168.0K Heap: 285.5M(1024.0M)->241.7M(1024.0M)]
 [Times: user=0.08 sys=0.00, real=0.03 secs] 
2021-04-23T04:12:20.854+0800: 17440.243: [GC pause (G1 Evacuation Pause) (young), 0.0169749 secs]
   [Parallel Time: 15.7 ms, GC Workers: 8]
      [GC Worker Start (ms): Min: 17440244.0, Avg: 17440245.4, Max: 17440253.4, Diff: 9.3]
      [Ext Root Scanning (ms): Min: 0.0, Avg: 2.7, Max: 9.4, Diff: 9.4, Sum: 21.7]
      [Update RS (ms): Min: 0.0, Avg: 2.0, Max: 4.3, Diff: 4.3, Sum: 16.0]
         [Processed Buffers: Min: 0, Avg: 6.1, Max: 20, Diff: 20, Sum: 49]
      [Scan RS (ms): Min: 0.5, Avg: 2.8, Max: 4.5, Diff: 4.0, Sum: 22.5]
      [Code Root Scanning (ms): Min: 0.0, Avg: 0.0, Max: 0.0, Diff: 0.0, Sum: 0.0]
      [Object Copy (ms): Min: 5.5, Avg: 6.7, Max: 13.9, Diff: 8.4, Sum: 53.3]
      [Termination (ms): Min: 0.0, Avg: 0.0, Max: 0.1, Diff: 0.1, Sum: 0.3]
         [Termination Attempts: Min: 1, Avg: 1.2, Max: 3, Diff: 2, Sum: 10]
      [GC Worker Other (ms): Min: 0.0, Avg: 0.0, Max: 0.0, Diff: 0.0, Sum: 0.2]
      [GC Worker Total (ms): Min: 6.2, Avg: 14.2, Max: 15.6, Diff: 9.3, Sum: 114.0]
      [GC Worker End (ms): Min: 17440259.6, Avg: 17440259.6, Max: 17440259.6, Diff: 0.0]
   [Code Root Fixup: 0.0 ms]
   [Code Root Purge: 0.0 ms]
   [Clear CT: 0.1 ms]
   [Other: 1.2 ms]
      [Choose CSet: 0.0 ms]
      [Ref Proc: 0.2 ms]
      [Ref Enq: 0.0 ms]
      [Redirty Cards: 0.1 ms]
      [Humongous Register: 0.3 ms]
      [Humongous Reclaim: 0.0 ms]
      [Free CSet: 0.1 ms]
   [Eden: 44.0M(44.0M)->0.0B(46.0M) Survivors: 7168.0K->7168.0K Heap: 285.7M(1024.0M)->242.9M(1024.0M)]
 [Times: user=0.07 sys=0.01, real=0.02 secs] 
2021-04-23T04:12:44.167+0800: 17463.556: [GC pause (G1 Evacuation Pause) (young), 0.0201469 secs]
   [Parallel Time: 18.3 ms, GC Workers: 8]
      [GC Worker Start (ms): Min: 17463557.1, Avg: 17463557.4, Max: 17463558.5, Diff: 1.4]
      [Ext Root Scanning (ms): Min: 0.0, Avg: 3.9, Max: 11.6, Diff: 11.6, Sum: 31.0]
      [Update RS (ms): Min: 0.0, Avg: 2.2, Max: 5.1, Diff: 5.1, Sum: 17.9]
         [Processed Buffers: Min: 0, Avg: 6.0, Max: 19, Diff: 19, Sum: 48]
      [Scan RS (ms): Min: 0.0, Avg: 3.6, Max: 5.6, Diff: 5.6, Sum: 28.6]
      [Code Root Scanning (ms): Min: 0.0, Avg: 0.0, Max: 0.0, Diff: 0.0, Sum: 0.0]
      [Object Copy (ms): Min: 6.3, Avg: 7.9, Max: 16.6, Diff: 10.4, Sum: 63.5]
      [Termination (ms): Min: 0.0, Avg: 0.3, Max: 0.3, Diff: 0.3, Sum: 2.4]
         [Termination Attempts: Min: 1, Avg: 44.4, Max: 63, Diff: 62, Sum: 355]
      [GC Worker Other (ms): Min: 0.0, Avg: 0.0, Max: 0.0, Diff: 0.0, Sum: 0.1]
      [GC Worker Total (ms): Min: 16.9, Avg: 18.0, Max: 18.3, Diff: 1.4, Sum: 143.6]
      [GC Worker End (ms): Min: 17463575.4, Avg: 17463575.4, Max: 17463575.4, Diff: 0.0]
   [Code Root Fixup: 0.0 ms]
   [Code Root Purge: 0.0 ms]
   [Clear CT: 0.1 ms]
   [Other: 1.7 ms]
      [Choose CSet: 0.0 ms]
      [Ref Proc: 0.2 ms]
      [Ref Enq: 0.0 ms]
      [Redirty Cards: 0.1 ms]
      [Humongous Register: 0.3 ms]
      [Humongous Reclaim: 0.0 ms]
      [Free CSet: 0.1 ms]
   [Eden: 46.0M(46.0M)->0.0B(85.0M) Survivors: 7168.0K->5120.0K Heap: 288.9M(1024.0M)->242.4M(1024.0M)]
 [Times: user=0.07 sys=0.01, real=0.02 secs] 
2021-04-23T04:13:20.971+0800: 17500.348: [GC pause (G1 Evacuation Pause) (young), 0.0156514 secs]
   [Parallel Time: 13.8 ms, GC Workers: 8]
      [GC Worker Start (ms): Min: 17500348.3, Avg: 17500349.6, Max: 17500357.0, Diff: 8.6]
      [Ext Root Scanning (ms): Min: 0.0, Avg: 2.8, Max: 8.4, Diff: 8.3, Sum: 22.8]
      [Update RS (ms): Min: 0.0, Avg: 2.1, Max: 4.9, Diff: 4.9, Sum: 16.6]
         [Processed Buffers: Min: 0, Avg: 5.4, Max: 16, Diff: 16, Sum: 43]
      [Scan RS (ms): Min: 1.0, Avg: 2.7, Max: 4.4, Diff: 3.5, Sum: 22.0]
      [Code Root Scanning (ms): Min: 0.0, Avg: 0.0, Max: 0.0, Diff: 0.0, Sum: 0.0]
      [Object Copy (ms): Min: 3.3, Avg: 4.7, Max: 11.5, Diff: 8.2, Sum: 37.3]
      [Termination (ms): Min: 0.0, Avg: 0.1, Max: 0.1, Diff: 0.1, Sum: 0.7]
         [Termination Attempts: Min: 1, Avg: 6.2, Max: 12, Diff: 11, Sum: 50]
      [GC Worker Other (ms): Min: 0.0, Avg: 0.0, Max: 0.1, Diff: 0.1, Sum: 0.3]
      [GC Worker Total (ms): Min: 5.1, Avg: 12.5, Max: 13.7, Diff: 8.7, Sum: 99.7]
      [GC Worker End (ms): Min: 17500362.0, Avg: 17500362.0, Max: 17500362.1, Diff: 0.1]
   [Code Root Fixup: 0.0 ms]
   [Code Root Purge: 0.0 ms]
   [Clear CT: 0.1 ms]
   [Other: 1.7 ms]
      [Choose CSet: 0.0 ms]
      [Ref Proc: 0.7 ms]
      [Ref Enq: 0.0 ms]
      [Redirty Cards: 0.1 ms]
      [Humongous Register: 0.2 ms]
      [Humongous Reclaim: 0.0 ms]
      [Free CSet: 0.1 ms]
   [Eden: 73.0M(46.0M)->0.0B(137.0M) Survivors: 5120.0K->7168.0K Heap: 315.4M(1024.0M)->243.8M(1024.0M)]
 [Times: user=0.07 sys=0.00, real=0.01 secs] 
2021-04-23T04:14:30.093+0800: 17569.468: [GC pause (G1 Evacuation Pause) (young), 0.0649582 secs]
   [Parallel Time: 60.1 ms, GC Workers: 8]
      [GC Worker Start (ms): Min: 17569468.7, Avg: 17569470.8, Max: 17569477.9, Diff: 9.2]
      [Ext Root Scanning (ms): Min: 0.0, Avg: 2.0, Max: 10.1, Diff: 10.1, Sum: 16.1]
      [Update RS (ms): Min: 0.0, Avg: 1.6, Max: 3.4, Diff: 3.4, Sum: 12.9]
         [Processed Buffers: Min: 0, Avg: 5.6, Max: 21, Diff: 21, Sum: 45]
      [Scan RS (ms): Min: 0.0, Avg: 2.9, Max: 5.1, Diff: 5.1, Sum: 22.9]
      [Code Root Scanning (ms): Min: 0.0, Avg: 0.0, Max: 0.0, Diff: 0.0, Sum: 0.0]
      [Object Copy (ms): Min: 49.6, Avg: 50.9, Max: 57.7, Diff: 8.2, Sum: 407.5]
      [Termination (ms): Min: 0.0, Avg: 0.3, Max: 0.6, Diff: 0.6, Sum: 2.8]
         [Termination Attempts: Min: 1, Avg: 3.4, Max: 7, Diff: 6, Sum: 27]
      [GC Worker Other (ms): Min: 0.0, Avg: 0.0, Max: 0.0, Diff: 0.0, Sum: 0.2]
      [GC Worker Total (ms): Min: 50.7, Avg: 57.8, Max: 59.9, Diff: 9.2, Sum: 462.4]
      [GC Worker End (ms): Min: 17569528.6, Avg: 17569528.6, Max: 17569528.6, Diff: 0.0]
   [Code Root Fixup: 0.1 ms]
   [Code Root Purge: 0.0 ms]
   [Clear CT: 0.2 ms]
   [Other: 4.6 ms]
      [Choose CSet: 0.0 ms]
      [Ref Proc: 0.9 ms]
      [Ref Enq: 0.0 ms]
      [Redirty Cards: 0.2 ms]
      [Humongous Register: 0.1 ms]
      [Humongous Reclaim: 0.0 ms]
      [Free CSet: 2.8 ms]
   [Eden: 137.0M(137.0M)->0.0B(41.0M) Survivors: 7168.0K->10.0M Heap: 380.8M(1024.0M)->246.8M(1024.0M)]
 [Times: user=0.09 sys=0.03, real=0.06 secs] 
2021-04-23T04:14:50.776+0800: 17590.152: [GC pause (G1 Evacuation Pause) (young), 0.0465232 secs]
   [Parallel Time: 41.9 ms, GC Workers: 8]
      [GC Worker Start (ms): Min: 17590152.3, Avg: 17590153.5, Max: 17590160.4, Diff: 8.1]
      [Ext Root Scanning (ms): Min: 0.0, Avg: 3.8, Max: 9.1, Diff: 9.1, Sum: 30.0]
      [Update RS (ms): Min: 0.0, Avg: 1.9, Max: 4.2, Diff: 4.2, Sum: 14.9]
         [Processed Buffers: Min: 0, Avg: 5.8, Max: 24, Diff: 24, Sum: 46]
      [Scan RS (ms): Min: 0.0, Avg: 2.2, Max: 3.7, Diff: 3.7, Sum: 17.8]
      [Code Root Scanning (ms): Min: 0.0, Avg: 0.0, Max: 0.0, Diff: 0.0, Sum: 0.0]
      [Object Copy (ms): Min: 32.3, Avg: 32.6, Max: 32.9, Diff: 0.6, Sum: 260.5]
      [Termination (ms): Min: 0.0, Avg: 0.2, Max: 0.4, Diff: 0.4, Sum: 1.7]
         [Termination Attempts: Min: 1, Avg: 1.0, Max: 1, Diff: 0, Sum: 8]
      [GC Worker Other (ms): Min: 0.0, Avg: 0.0, Max: 0.0, Diff: 0.0, Sum: 0.1]
      [GC Worker Total (ms): Min: 33.7, Avg: 40.6, Max: 41.8, Diff: 8.1, Sum: 325.1]
      [GC Worker End (ms): Min: 17590194.1, Avg: 17590194.1, Max: 17590194.1, Diff: 0.0]
   [Code Root Fixup: 0.0 ms]
   [Code Root Purge: 0.0 ms]
   [Clear CT: 0.1 ms]
   [Other: 4.4 ms]
      [Choose CSet: 0.0 ms]
      [Ref Proc: 0.2 ms]
      [Ref Enq: 0.0 ms]
      [Redirty Cards: 0.2 ms]
      [Humongous Register: 0.3 ms]
      [Humongous Reclaim: 0.0 ms]
      [Free CSet: 2.0 ms]
   [Eden: 41.0M(41.0M)->0.0B(45.0M) Survivors: 10.0M->6144.0K Heap: 287.8M(1024.0M)->246.0M(1024.0M)]
 [Times: user=0.09 sys=0.02, real=0.05 secs] 
2021-04-23T04:15:13.406+0800: 17612.781: [GC pause (G1 Evacuation Pause) (young), 0.0189773 secs]
   [Parallel Time: 17.4 ms, GC Workers: 8]
      [GC Worker Start (ms): Min: 17612782.1, Avg: 17612782.4, Max: 17612782.9, Diff: 0.7]
      [Ext Root Scanning (ms): Min: 0.9, Avg: 4.8, Max: 11.1, Diff: 10.3, Sum: 38.6]
      [Update RS (ms): Min: 0.0, Avg: 2.7, Max: 7.1, Diff: 7.1, Sum: 21.3]
         [Processed Buffers: Min: 0, Avg: 6.2, Max: 20, Diff: 20, Sum: 50]
      [Scan RS (ms): Min: 0.0, Avg: 2.9, Max: 5.5, Diff: 5.5, Sum: 23.0]
      [Code Root Scanning (ms): Min: 0.0, Avg: 0.0, Max: 0.0, Diff: 0.0, Sum: 0.0]
      [Object Copy (ms): Min: 6.0, Avg: 6.6, Max: 7.2, Diff: 1.2, Sum: 53.0]
      [Termination (ms): Min: 0.0, Avg: 0.0, Max: 0.0, Diff: 0.0, Sum: 0.1]
         [Termination Attempts: Min: 1, Avg: 1.1, Max: 2, Diff: 1, Sum: 9]
      [GC Worker Other (ms): Min: 0.0, Avg: 0.0, Max: 0.1, Diff: 0.0, Sum: 0.3]
      [GC Worker Total (ms): Min: 16.5, Avg: 17.0, Max: 17.2, Diff: 0.7, Sum: 136.1]
      [GC Worker End (ms): Min: 17612799.4, Avg: 17612799.4, Max: 17612799.4, Diff: 0.0]
   [Code Root Fixup: 0.0 ms]
   [Code Root Purge: 0.0 ms]
   [Clear CT: 0.1 ms]
   [Other: 1.5 ms]
      [Choose CSet: 0.0 ms]
      [Ref Proc: 0.2 ms]
      [Ref Enq: 0.0 ms]
      [Redirty Cards: 0.2 ms]
      [Humongous Register: 0.3 ms]
      [Humongous Reclaim: 0.0 ms]
      [Free CSet: 0.1 ms]
   [Eden: 45.0M(45.0M)->0.0B(46.0M) Survivors: 6144.0K->5120.0K Heap: 291.0M(1024.0M)->248.1M(1024.0M)]
 [Times: user=0.06 sys=0.01, real=0.02 secs] 
2021-04-23T04:15:36.780+0800: 17636.156: [GC pause (G1 Evacuation Pause) (young), 0.0170991 secs]
   [Parallel Time: 15.2 ms, GC Workers: 8]
      [GC Worker Start (ms): Min: 17636156.1, Avg: 17636156.3, Max: 17636156.5, Diff: 0.3]
      [Ext Root Scanning (ms): Min: 0.6, Avg: 2.0, Max: 7.1, Diff: 6.5, Sum: 15.9]
      [Update RS (ms): Min: 0.0, Avg: 2.8, Max: 6.1, Diff: 6.1, Sum: 22.5]
         [Processed Buffers: Min: 0, Avg: 5.2, Max: 16, Diff: 16, Sum: 42]
      [Scan RS (ms): Min: 0.1, Avg: 3.8, Max: 9.1, Diff: 9.1, Sum: 30.2]
      [Code Root Scanning (ms): Min: 0.0, Avg: 0.0, Max: 0.0, Diff: 0.0, Sum: 0.0]
      [Object Copy (ms): Min: 0.1, Avg: 6.2, Max: 14.0, Diff: 13.9, Sum: 49.8]
      [Termination (ms): Min: 0.0, Avg: 0.2, Max: 0.3, Diff: 0.3, Sum: 1.6]
         [Termination Attempts: Min: 1, Avg: 10.0, Max: 23, Diff: 22, Sum: 80]
      [GC Worker Other (ms): Min: 0.0, Avg: 0.0, Max: 0.0, Diff: 0.0, Sum: 0.1]
      [GC Worker Total (ms): Min: 14.8, Avg: 15.0, Max: 15.1, Diff: 0.3, Sum: 120.2]
      [GC Worker End (ms): Min: 17636171.2, Avg: 17636171.3, Max: 17636171.3, Diff: 0.0]
   [Code Root Fixup: 0.6 ms]
   [Code Root Purge: 0.0 ms]
   [Clear CT: 0.1 ms]
   [Other: 1.2 ms]
      [Choose CSet: 0.0 ms]
      [Ref Proc: 0.2 ms]
      [Ref Enq: 0.0 ms]
      [Redirty Cards: 0.1 ms]
      [Humongous Register: 0.3 ms]
      [Humongous Reclaim: 0.0 ms]
      [Free CSet: 0.1 ms]
   [Eden: 46.0M(46.0M)->0.0B(46.0M) Survivors: 5120.0K->5120.0K Heap: 294.1M(1024.0M)->248.3M(1024.0M)]
 [Times: user=0.06 sys=0.01, real=0.02 secs] 
2021-04-23T04:15:59.989+0800: 17659.365: [GC pause (G1 Evacuation Pause) (young), 0.0140370 secs]
   [Parallel Time: 13.1 ms, GC Workers: 8]
      [GC Worker Start (ms): Min: 17659365.3, Avg: 17659365.4, Max: 17659365.6, Diff: 0.3]
      [Ext Root Scanning (ms): Min: 0.5, Avg: 4.8, Max: 12.9, Diff: 12.5, Sum: 38.3]
      [Update RS (ms): Min: 0.0, Avg: 1.1, Max: 2.5, Diff: 2.5, Sum: 8.7]
         [Processed Buffers: Min: 0, Avg: 5.0, Max: 18, Diff: 18, Sum: 40]
      [Scan RS (ms): Min: 0.0, Avg: 1.2, Max: 2.7, Diff: 2.7, Sum: 9.3]
      [Code Root Scanning (ms): Min: 0.0, Avg: 0.0, Max: 0.0, Diff: 0.0, Sum: 0.0]
      [Object Copy (ms): Min: 0.0, Avg: 4.6, Max: 6.5, Diff: 6.5, Sum: 36.8]
      [Termination (ms): Min: 0.0, Avg: 1.2, Max: 1.7, Diff: 1.7, Sum: 9.8]
         [Termination Attempts: Min: 1, Avg: 18.5, Max: 49, Diff: 48, Sum: 148]
      [GC Worker Other (ms): Min: 0.0, Avg: 0.0, Max: 0.0, Diff: 0.0, Sum: 0.1]
      [GC Worker Total (ms): Min: 12.7, Avg: 12.9, Max: 13.0, Diff: 0.3, Sum: 103.0]
      [GC Worker End (ms): Min: 17659378.3, Avg: 17659378.3, Max: 17659378.3, Diff: 0.0]
   [Code Root Fixup: 0.0 ms]
   [Code Root Purge: 0.0 ms]
   [Clear CT: 0.1 ms]
   [Other: 0.9 ms]
      [Choose CSet: 0.0 ms]
      [Ref Proc: 0.2 ms]
      [Ref Enq: 0.0 ms]
      [Redirty Cards: 0.1 ms]
      [Humongous Register: 0.1 ms]
      [Humongous Reclaim: 0.0 ms]
      [Free CSet: 0.0 ms]
   [Eden: 46.0M(46.0M)->0.0B(45.0M) Survivors: 5120.0K->6144.0K Heap: 294.3M(1024.0M)->249.2M(1024.0M)]
 [Times: user=0.05 sys=0.00, real=0.02 secs] 
2021-04-23T04:16:22.802+0800: 17682.179: [GC pause (G1 Evacuation Pause) (young), 0.0149634 secs]
   [Parallel Time: 13.7 ms, GC Workers: 8]
      [GC Worker Start (ms): Min: 17682179.5, Avg: 17682180.9, Max: 17682188.2, Diff: 8.7]
      [Ext Root Scanning (ms): Min: 0.0, Avg: 3.7, Max: 8.8, Diff: 8.8, Sum: 29.7]
      [Update RS (ms): Min: 0.0, Avg: 2.0, Max: 4.3, Diff: 4.3, Sum: 15.6]
         [Processed Buffers: Min: 0, Avg: 5.0, Max: 19, Diff: 19, Sum: 40]
      [Scan RS (ms): Min: 0.0, Avg: 1.6, Max: 3.2, Diff: 3.2, Sum: 12.8]
      [Code Root Scanning (ms): Min: 0.0, Avg: 0.0, Max: 0.0, Diff: 0.0, Sum: 0.0]
      [Object Copy (ms): Min: 4.7, Avg: 4.9, Max: 5.1, Diff: 0.4, Sum: 39.1]
      [Termination (ms): Min: 0.0, Avg: 0.0, Max: 0.0, Diff: 0.0, Sum: 0.0]
         [Termination Attempts: Min: 1, Avg: 1.5, Max: 3, Diff: 2, Sum: 12]
      [GC Worker Other (ms): Min: 0.0, Avg: 0.0, Max: 0.1, Diff: 0.0, Sum: 0.3]
      [GC Worker Total (ms): Min: 4.8, Avg: 12.2, Max: 13.6, Diff: 8.7, Sum: 97.5]
      [GC Worker End (ms): Min: 17682193.1, Avg: 17682193.1, Max: 17682193.1, Diff: 0.0]
   [Code Root Fixup: 0.0 ms]
   [Code Root Purge: 0.0 ms]
   [Clear CT: 0.1 ms]
   [Other: 1.2 ms]
      [Choose CSet: 0.0 ms]
      [Ref Proc: 0.2 ms]
      [Ref Enq: 0.0 ms]
      [Redirty Cards: 0.1 ms]
      [Humongous Register: 0.3 ms]
      [Humongous Reclaim: 0.0 ms]
      [Free CSet: 0.1 ms]
   [Eden: 45.0M(45.0M)->0.0B(44.0M) Survivors: 6144.0K->7168.0K Heap: 294.2M(1024.0M)->249.8M(1024.0M)]
 [Times: user=0.07 sys=0.00, real=0.01 secs] 
2021-04-23T04:16:45.020+0800: 17704.397: [GC pause (G1 Evacuation Pause) (young), 0.0226352 secs]
   [Parallel Time: 20.9 ms, GC Workers: 8]
      [GC Worker Start (ms): Min: 17704397.4, Avg: 17704398.3, Max: 17704402.9, Diff: 5.6]
      [Ext Root Scanning (ms): Min: 0.0, Avg: 1.5, Max: 5.4, Diff: 5.4, Sum: 12.3]
      [Update RS (ms): Min: 0.0, Avg: 1.5, Max: 5.0, Diff: 5.0, Sum: 12.4]
         [Processed Buffers: Min: 0, Avg: 6.1, Max: 30, Diff: 30, Sum: 49]
      [Scan RS (ms): Min: 0.0, Avg: 1.4, Max: 3.0, Diff: 3.0, Sum: 11.3]
      [Code Root Scanning (ms): Min: 0.0, Avg: 0.0, Max: 0.0, Diff: 0.0, Sum: 0.0]
      [Object Copy (ms): Min: 13.9, Avg: 15.0, Max: 16.0, Diff: 2.0, Sum: 119.8]
      [Termination (ms): Min: 0.0, Avg: 0.3, Max: 0.6, Diff: 0.6, Sum: 2.3]
         [Termination Attempts: Min: 2, Avg: 22.4, Max: 35, Diff: 33, Sum: 179]
      [GC Worker Other (ms): Min: 0.0, Avg: 0.0, Max: 0.1, Diff: 0.1, Sum: 0.3]
      [GC Worker Total (ms): Min: 15.2, Avg: 19.8, Max: 20.7, Diff: 5.6, Sum: 158.4]
      [GC Worker End (ms): Min: 17704418.1, Avg: 17704418.1, Max: 17704418.1, Diff: 0.1]
   [Code Root Fixup: 0.0 ms]
   [Code Root Purge: 0.0 ms]
   [Clear CT: 0.2 ms]
   [Other: 1.5 ms]
      [Choose CSet: 0.0 ms]
      [Ref Proc: 0.4 ms]
      [Ref Enq: 0.0 ms]
      [Redirty Cards: 0.2 ms]
      [Humongous Register: 0.1 ms]
      [Humongous Reclaim: 0.0 ms]
      [Free CSet: 0.1 ms]
   [Eden: 44.0M(44.0M)->0.0B(46.0M) Survivors: 7168.0K->5120.0K Heap: 293.8M(1024.0M)->249.5M(1024.0M)]
 [Times: user=0.06 sys=0.01, real=0.02 secs] 
2021-04-23T04:17:08.411+0800: 17727.788: [GC pause (G1 Evacuation Pause) (young), 0.0192607 secs]
   [Parallel Time: 17.7 ms, GC Workers: 8]
      [GC Worker Start (ms): Min: 17727788.9, Avg: 17727789.9, Max: 17727794.3, Diff: 5.5]
      [Ext Root Scanning (ms): Min: 0.0, Avg: 4.5, Max: 16.3, Diff: 16.3, Sum: 35.9]
      [Update RS (ms): Min: 0.0, Avg: 1.5, Max: 3.2, Diff: 3.2, Sum: 11.8]
         [Processed Buffers: Min: 0, Avg: 6.4, Max: 19, Diff: 19, Sum: 51]
      [Scan RS (ms): Min: 0.0, Avg: 2.5, Max: 4.3, Diff: 4.3, Sum: 20.2]
      [Code Root Scanning (ms): Min: 0.0, Avg: 0.0, Max: 0.0, Diff: 0.0, Sum: 0.0]
      [Object Copy (ms): Min: 0.9, Avg: 7.9, Max: 14.2, Diff: 13.4, Sum: 63.1]
      [Termination (ms): Min: 0.0, Avg: 0.1, Max: 0.1, Diff: 0.1, Sum: 0.6]
         [Termination Attempts: Min: 1, Avg: 74.4, Max: 133, Diff: 132, Sum: 595]
      [GC Worker Other (ms): Min: 0.0, Avg: 0.0, Max: 0.0, Diff: 0.0, Sum: 0.2]
      [GC Worker Total (ms): Min: 12.1, Avg: 16.5, Max: 17.5, Diff: 5.4, Sum: 131.8]
      [GC Worker End (ms): Min: 17727806.4, Avg: 17727806.4, Max: 17727806.4, Diff: 0.0]
   [Code Root Fixup: 0.0 ms]
   [Code Root Purge: 0.0 ms]
   [Clear CT: 0.2 ms]
   [Other: 1.3 ms]
      [Choose CSet: 0.0 ms]
      [Ref Proc: 0.4 ms]
      [Ref Enq: 0.0 ms]
      [Redirty Cards: 0.2 ms]
      [Humongous Register: 0.2 ms]
      [Humongous Reclaim: 0.0 ms]
      [Free CSet: 0.1 ms]
   [Eden: 46.0M(46.0M)->0.0B(44.0M) Survivors: 5120.0K->7168.0K Heap: 295.5M(1024.0M)->251.9M(1024.0M)]
 [Times: user=0.07 sys=0.00, real=0.02 secs] 
2021-04-23T04:17:30.496+0800: 17749.873: [GC pause (G1 Evacuation Pause) (young), 0.0187087 secs]
   [Parallel Time: 17.4 ms, GC Workers: 8]
      [GC Worker Start (ms): Min: 17749873.7, Avg: 17749874.1, Max: 17749875.6, Diff: 1.9]
      [Ext Root Scanning (ms): Min: 0.0, Avg: 0.8, Max: 1.7, Diff: 1.7, Sum: 6.2]
      [Update RS (ms): Min: 1.7, Avg: 3.8, Max: 5.8, Diff: 4.0, Sum: 30.3]
         [Processed Buffers: Min: 1, Avg: 6.9, Max: 24, Diff: 23, Sum: 55]
      [Scan RS (ms): Min: 0.0, Avg: 1.5, Max: 3.6, Diff: 3.6, Sum: 11.7]
      [Code Root Scanning (ms): Min: 0.0, Avg: 0.0, Max: 0.0, Diff: 0.0, Sum: 0.0]
      [Object Copy (ms): Min: 9.7, Avg: 10.9, Max: 12.5, Diff: 2.8, Sum: 87.0]
      [Termination (ms): Min: 0.0, Avg: 0.1, Max: 0.1, Diff: 0.1, Sum: 0.4]
         [Termination Attempts: Min: 1, Avg: 1.1, Max: 2, Diff: 1, Sum: 9]
      [GC Worker Other (ms): Min: 0.0, Avg: 0.0, Max: 0.0, Diff: 0.0, Sum: 0.1]
      [GC Worker Total (ms): Min: 15.4, Avg: 17.0, Max: 17.4, Diff: 1.9, Sum: 135.6]
      [GC Worker End (ms): Min: 17749891.0, Avg: 17749891.0, Max: 17749891.0, Diff: 0.0]
   [Code Root Fixup: 0.0 ms]
   [Code Root Purge: 0.0 ms]
   [Clear CT: 0.1 ms]
   [Other: 1.2 ms]
      [Choose CSet: 0.0 ms]
      [Ref Proc: 0.3 ms]
      [Ref Enq: 0.0 ms]
      [Redirty Cards: 0.1 ms]
      [Humongous Register: 0.1 ms]
      [Humongous Reclaim: 0.0 ms]
      [Free CSet: 0.1 ms]
   [Eden: 44.0M(44.0M)->0.0B(70.0M) Survivors: 7168.0K->6144.0K Heap: 295.9M(1024.0M)->251.5M(1024.0M)]
 [Times: user=0.06 sys=0.01, real=0.02 secs] 
2021-04-23T04:17:53.150+0800: 17772.528: [GC pause (G1 Evacuation Pause) (young), 0.0174266 secs]
   [Parallel Time: 16.3 ms, GC Workers: 8]
      [GC Worker Start (ms): Min: 17772528.0, Avg: 17772531.8, Max: 17772543.6, Diff: 15.6]
      [Ext Root Scanning (ms): Min: 0.0, Avg: 1.6, Max: 6.4, Diff: 6.4, Sum: 12.7]
      [Update RS (ms): Min: 0.0, Avg: 1.1, Max: 2.9, Diff: 2.9, Sum: 8.6]
         [Processed Buffers: Min: 0, Avg: 6.6, Max: 22, Diff: 22, Sum: 53]
      [Scan RS (ms): Min: 0.0, Avg: 4.0, Max: 11.6, Diff: 11.6, Sum: 32.2]
      [Code Root Scanning (ms): Min: 0.0, Avg: 0.0, Max: 0.0, Diff: 0.0, Sum: 0.0]
      [Object Copy (ms): Min: 0.0, Avg: 5.6, Max: 9.1, Diff: 9.0, Sum: 44.7]
      [Termination (ms): Min: 0.0, Avg: 0.1, Max: 0.3, Diff: 0.3, Sum: 1.0]
         [Termination Attempts: Min: 1, Avg: 3.6, Max: 7, Diff: 6, Sum: 29]
      [GC Worker Other (ms): Min: 0.0, Avg: 0.0, Max: 0.0, Diff: 0.0, Sum: 0.1]
      [GC Worker Total (ms): Min: 0.7, Avg: 12.4, Max: 16.3, Diff: 15.6, Sum: 99.4]
      [GC Worker End (ms): Min: 17772544.2, Avg: 17772544.3, Max: 17772544.3, Diff: 0.2]
   [Code Root Fixup: 0.0 ms]
   [Code Root Purge: 0.0 ms]
   [Clear CT: 0.1 ms]
   [Other: 1.0 ms]
      [Choose CSet: 0.0 ms]
      [Ref Proc: 0.3 ms]
      [Ref Enq: 0.0 ms]
      [Redirty Cards: 0.1 ms]
      [Humongous Register: 0.1 ms]
      [Humongous Reclaim: 0.0 ms]
      [Free CSet: 0.1 ms]
   [Eden: 45.0M(45.0M)->0.0B(74.0M) Survivors: 6144.0K->7168.0K Heap: 296.5M(1024.0M)->252.7M(1024.0M)]
 [Times: user=0.06 sys=0.00, real=0.01 secs] 
2021-04-23T04:18:30.265+0800: 17809.644: [GC pause (G1 Evacuation Pause) (young), 0.0196150 secs]
   [Parallel Time: 18.4 ms, GC Workers: 8]
      [GC Worker Start (ms): Min: 17809644.2, Avg: 17809645.7, Max: 17809651.3, Diff: 7.1]
      [Ext Root Scanning (ms): Min: 0.0, Avg: 1.7, Max: 8.4, Diff: 8.4, Sum: 13.4]
      [Update RS (ms): Min: 0.0, Avg: 2.2, Max: 4.9, Diff: 4.9, Sum: 17.5]
         [Processed Buffers: Min: 0, Avg: 6.4, Max: 25, Diff: 25, Sum: 51]
      [Scan RS (ms): Min: 0.0, Avg: 2.6, Max: 3.7, Diff: 3.7, Sum: 20.6]
      [Code Root Scanning (ms): Min: 0.0, Avg: 0.0, Max: 0.0, Diff: 0.0, Sum: 0.0]
      [Object Copy (ms): Min: 9.2, Avg: 10.3, Max: 14.3, Diff: 5.2, Sum: 82.2]
      [Termination (ms): Min: 0.0, Avg: 0.0, Max: 0.0, Diff: 0.0, Sum: 0.0]
         [Termination Attempts: Min: 1, Avg: 2.5, Max: 6, Diff: 5, Sum: 20]
      [GC Worker Other (ms): Min: 0.0, Avg: 0.0, Max: 0.1, Diff: 0.0, Sum: 0.2]
      [GC Worker Total (ms): Min: 11.2, Avg: 16.7, Max: 18.3, Diff: 7.1, Sum: 134.0]
      [GC Worker End (ms): Min: 17809662.5, Avg: 17809662.5, Max: 17809662.5, Diff: 0.0]
   [Code Root Fixup: 0.0 ms]
   [Code Root Purge: 0.0 ms]
   [Clear CT: 0.1 ms]
   [Other: 1.1 ms]
      [Choose CSet: 0.0 ms]
      [Ref Proc: 0.3 ms]
      [Ref Enq: 0.0 ms]
      [Redirty Cards: 0.1 ms]
      [Humongous Register: 0.2 ms]
      [Humongous Reclaim: 0.0 ms]
      [Free CSet: 0.1 ms]
   [Eden: 74.0M(74.0M)->0.0B(90.0M) Survivors: 7168.0K->8192.0K Heap: 326.7M(1024.0M)->253.1M(1024.0M)]
 [Times: user=0.07 sys=0.01, real=0.02 secs] 
2021-04-23T04:19:15.873+0800: 17855.252: [GC pause (G1 Evacuation Pause) (young), 0.0200569 secs]
   [Parallel Time: 18.7 ms, GC Workers: 8]
      [GC Worker Start (ms): Min: 17855252.3, Avg: 17855253.3, Max: 17855258.6, Diff: 6.3]
      [Ext Root Scanning (ms): Min: 0.0, Avg: 1.2, Max: 4.7, Diff: 4.7, Sum: 9.8]
      [Update RS (ms): Min: 0.0, Avg: 1.5, Max: 3.4, Diff: 3.4, Sum: 11.7]
         [Processed Buffers: Min: 0, Avg: 6.6, Max: 40, Diff: 40, Sum: 53]
      [Scan RS (ms): Min: 0.0, Avg: 2.4, Max: 7.7, Diff: 7.7, Sum: 19.4]
      [Code Root Scanning (ms): Min: 0.0, Avg: 0.0, Max: 0.0, Diff: 0.0, Sum: 0.0]
      [Object Copy (ms): Min: 9.9, Avg: 12.4, Max: 17.6, Diff: 7.7, Sum: 98.9]
      [Termination (ms): Min: 0.0, Avg: 0.0, Max: 0.1, Diff: 0.1, Sum: 0.4]
         [Termination Attempts: Min: 1, Avg: 20.9, Max: 36, Diff: 35, Sum: 167]
      [GC Worker Other (ms): Min: 0.0, Avg: 0.0, Max: 0.1, Diff: 0.1, Sum: 0.3]
      [GC Worker Total (ms): Min: 12.2, Avg: 17.6, Max: 18.6, Diff: 6.4, Sum: 140.5]
      [GC Worker End (ms): Min: 17855270.8, Avg: 17855270.8, Max: 17855270.9, Diff: 0.1]
   [Code Root Fixup: 0.0 ms]
   [Code Root Purge: 0.0 ms]
   [Clear CT: 0.1 ms]
   [Other: 1.2 ms]
      [Choose CSet: 0.0 ms]
      [Ref Proc: 0.2 ms]
      [Ref Enq: 0.0 ms]
      [Redirty Cards: 0.1 ms]
      [Humongous Register: 0.3 ms]
      [Humongous Reclaim: 0.0 ms]
      [Free CSet: 0.1 ms]
   [Eden: 90.0M(90.0M)->0.0B(95.0M) Survivors: 8192.0K->8192.0K Heap: 343.1M(1024.0M)->253.7M(1024.0M)]
 [Times: user=0.08 sys=0.01, real=0.02 secs] 
2021-04-23T04:19:37.829+0800: 17877.208: [GC pause (G1 Evacuation Pause) (young), 0.0358054 secs]
   [Parallel Time: 34.2 ms, GC Workers: 8]
      [GC Worker Start (ms): Min: 17877208.8, Avg: 17877209.1, Max: 17877210.2, Diff: 1.4]
      [Ext Root Scanning (ms): Min: 0.0, Avg: 3.3, Max: 9.1, Diff: 9.1, Sum: 26.8]
      [Update RS (ms): Min: 0.0, Avg: 2.4, Max: 7.0, Diff: 7.0, Sum: 19.4]
         [Processed Buffers: Min: 0, Avg: 6.0, Max: 22, Diff: 22, Sum: 48]
      [Scan RS (ms): Min: 0.0, Avg: 2.5, Max: 4.7, Diff: 4.7, Sum: 19.7]
      [Code Root Scanning (ms): Min: 0.0, Avg: 0.0, Max: 0.0, Diff: 0.0, Sum: 0.0]
      [Object Copy (ms): Min: 24.8, Avg: 25.5, Max: 27.3, Diff: 2.5, Sum: 203.8]
      [Termination (ms): Min: 0.0, Avg: 0.0, Max: 0.0, Diff: 0.0, Sum: 0.1]
         [Termination Attempts: Min: 1, Avg: 28.4, Max: 40, Diff: 39, Sum: 227]
      [GC Worker Other (ms): Min: 0.0, Avg: 0.1, Max: 0.1, Diff: 0.1, Sum: 0.4]
      [GC Worker Total (ms): Min: 32.7, Avg: 33.8, Max: 34.1, Diff: 1.4, Sum: 270.3]
      [GC Worker End (ms): Min: 17877242.8, Avg: 17877242.8, Max: 17877242.9, Diff: 0.0]
   [Code Root Fixup: 0.0 ms]
   [Code Root Purge: 0.0 ms]
   [Clear CT: 0.1 ms]
   [Other: 1.5 ms]
      [Choose CSet: 0.0 ms]
      [Ref Proc: 0.3 ms]
      [Ref Enq: 0.0 ms]
      [Redirty Cards: 0.1 ms]
      [Humongous Register: 0.2 ms]
      [Humongous Reclaim: 0.0 ms]
      [Free CSet: 0.1 ms]
   [Eden: 43.0M(43.0M)->0.0B(44.0M) Survivors: 8192.0K->7168.0K Heap: 296.7M(1024.0M)->254.9M(1024.0M)]
 [Times: user=0.10 sys=0.02, real=0.04 secs] 
2021-04-23T04:20:00.387+0800: 17899.767: [GC pause (G1 Evacuation Pause) (young), 0.0213263 secs]
   [Parallel Time: 20.0 ms, GC Workers: 8]
      [GC Worker Start (ms): Min: 17899767.5, Avg: 17899767.6, Max: 17899767.8, Diff: 0.4]
      [Ext Root Scanning (ms): Min: 0.6, Avg: 4.9, Max: 11.8, Diff: 11.2, Sum: 39.0]
      [Update RS (ms): Min: 0.0, Avg: 2.4, Max: 5.2, Diff: 5.2, Sum: 18.9]
         [Processed Buffers: Min: 0, Avg: 6.2, Max: 34, Diff: 34, Sum: 50]
      [Scan RS (ms): Min: 0.1, Avg: 3.5, Max: 7.4, Diff: 7.4, Sum: 28.3]
      [Code Root Scanning (ms): Min: 0.0, Avg: 0.0, Max: 0.0, Diff: 0.0, Sum: 0.0]
      [Object Copy (ms): Min: 6.3, Avg: 9.0, Max: 18.0, Diff: 11.7, Sum: 71.8]
      [Termination (ms): Min: 0.0, Avg: 0.0, Max: 0.0, Diff: 0.0, Sum: 0.0]
         [Termination Attempts: Min: 1, Avg: 5.1, Max: 10, Diff: 9, Sum: 41]
      [GC Worker Other (ms): Min: 0.0, Avg: 0.0, Max: 0.0, Diff: 0.0, Sum: 0.2]
      [GC Worker Total (ms): Min: 19.5, Avg: 19.8, Max: 19.9, Diff: 0.4, Sum: 158.3]
      [GC Worker End (ms): Min: 17899787.4, Avg: 17899787.4, Max: 17899787.4, Diff: 0.0]
   [Code Root Fixup: 0.0 ms]
   [Code Root Purge: 0.0 ms]
   [Clear CT: 0.1 ms]
   [Other: 1.2 ms]
      [Choose CSet: 0.0 ms]
      [Ref Proc: 0.2 ms]
      [Ref Enq: 0.0 ms]
      [Redirty Cards: 0.1 ms]
      [Humongous Register: 0.3 ms]
      [Humongous Reclaim: 0.0 ms]
      [Free CSet: 0.1 ms]
   [Eden: 44.0M(44.0M)->0.0B(44.0M) Survivors: 7168.0K->7168.0K Heap: 298.9M(1024.0M)->256.3M(1024.0M)]
 [Times: user=0.08 sys=0.01, real=0.02 secs] 
2021-04-23T04:20:22.736+0800: 17922.116: [GC pause (G1 Evacuation Pause) (young), 0.0323098 secs]
   [Parallel Time: 30.7 ms, GC Workers: 8]
      [GC Worker Start (ms): Min: 17922116.2, Avg: 17922117.5, Max: 17922124.5, Diff: 8.3]
      [Ext Root Scanning (ms): Min: 0.0, Avg: 2.9, Max: 8.9, Diff: 8.9, Sum: 23.4]
      [Update RS (ms): Min: 0.0, Avg: 1.7, Max: 3.9, Diff: 3.9, Sum: 13.6]
         [Processed Buffers: Min: 0, Avg: 5.6, Max: 22, Diff: 22, Sum: 45]
      [Scan RS (ms): Min: 0.0, Avg: 2.1, Max: 4.4, Diff: 4.4, Sum: 17.0]
      [Code Root Scanning (ms): Min: 0.0, Avg: 0.0, Max: 0.0, Diff: 0.0, Sum: 0.0]
      [Object Copy (ms): Min: 21.1, Avg: 22.4, Max: 29.2, Diff: 8.1, Sum: 179.0]
      [Termination (ms): Min: 0.0, Avg: 0.1, Max: 0.2, Diff: 0.2, Sum: 0.9]
         [Termination Attempts: Min: 1, Avg: 3.6, Max: 14, Diff: 13, Sum: 29]
      [GC Worker Other (ms): Min: 0.0, Avg: 0.0, Max: 0.0, Diff: 0.0, Sum: 0.1]
      [GC Worker Total (ms): Min: 22.2, Avg: 29.3, Max: 30.5, Diff: 8.3, Sum: 234.0]
      [GC Worker End (ms): Min: 17922146.7, Avg: 17922146.7, Max: 17922146.7, Diff: 0.1]
   [Code Root Fixup: 0.0 ms]
   [Code Root Purge: 0.0 ms]
   [Clear CT: 0.1 ms]
   [Other: 1.4 ms]
      [Choose CSet: 0.0 ms]
      [Ref Proc: 0.3 ms]
      [Ref Enq: 0.0 ms]
      [Redirty Cards: 0.1 ms]
      [Humongous Register: 0.2 ms]
      [Humongous Reclaim: 0.0 ms]
      [Free CSet: 0.1 ms]
   [Eden: 44.0M(44.0M)->0.0B(46.0M) Survivors: 7168.0K->5120.0K Heap: 300.3M(1024.0M)->257.1M(1024.0M)]
 [Times: user=0.08 sys=0.02, real=0.03 secs] 
2021-04-23T04:20:46.422+0800: 17945.802: [GC pause (G1 Evacuation Pause) (young), 0.0165326 secs]
   [Parallel Time: 15.5 ms, GC Workers: 8]
      [GC Worker Start (ms): Min: 17945802.4, Avg: 17945803.4, Max: 17945809.1, Diff: 6.6]
      [Ext Root Scanning (ms): Min: 0.0, Avg: 4.3, Max: 15.3, Diff: 15.3, Sum: 34.2]
      [Update RS (ms): Min: 0.0, Avg: 1.5, Max: 4.3, Diff: 4.3, Sum: 11.9]
         [Processed Buffers: Min: 0, Avg: 6.6, Max: 26, Diff: 26, Sum: 53]
      [Scan RS (ms): Min: 0.0, Avg: 2.7, Max: 11.4, Diff: 11.3, Sum: 21.6]
      [Code Root Scanning (ms): Min: 0.0, Avg: 0.0, Max: 0.0, Diff: 0.0, Sum: 0.0]
      [Object Copy (ms): Min: 0.0, Avg: 5.7, Max: 8.9, Diff: 8.9, Sum: 46.0]
      [Termination (ms): Min: 0.0, Avg: 0.2, Max: 0.3, Diff: 0.3, Sum: 1.7]
         [Termination Attempts: Min: 1, Avg: 5.0, Max: 8, Diff: 7, Sum: 40]
      [GC Worker Other (ms): Min: 0.0, Avg: 0.0, Max: 0.0, Diff: 0.0, Sum: 0.2]
      [GC Worker Total (ms): Min: 8.8, Avg: 14.4, Max: 15.4, Diff: 6.6, Sum: 115.5]
      [GC Worker End (ms): Min: 17945817.8, Avg: 17945817.8, Max: 17945817.9, Diff: 0.0]
   [Code Root Fixup: 0.0 ms]
   [Code Root Purge: 0.0 ms]
   [Clear CT: 0.1 ms]
   [Other: 1.0 ms]
      [Choose CSet: 0.0 ms]
      [Ref Proc: 0.2 ms]
      [Ref Enq: 0.0 ms]
      [Redirty Cards: 0.1 ms]
      [Humongous Register: 0.1 ms]
      [Humongous Reclaim: 0.0 ms]
      [Free CSet: 0.1 ms]
   [Eden: 46.0M(46.0M)->0.0B(45.0M) Survivors: 5120.0K->6144.0K Heap: 303.1M(1024.0M)->257.8M(1024.0M)]
 [Times: user=0.06 sys=0.00, real=0.01 secs] 
2021-04-23T04:21:09.422+0800: 17968.802: [GC pause (G1 Evacuation Pause) (young), 0.0165806 secs]
   [Parallel Time: 15.4 ms, GC Workers: 8]
      [GC Worker Start (ms): Min: 17968802.8, Avg: 17968804.6, Max: 17968814.3, Diff: 11.5]
      [Ext Root Scanning (ms): Min: 0.0, Avg: 3.2, Max: 10.6, Diff: 10.6, Sum: 25.6]
      [Update RS (ms): Min: 0.0, Avg: 2.9, Max: 9.8, Diff: 9.8, Sum: 23.0]
         [Processed Buffers: Min: 0, Avg: 5.6, Max: 18, Diff: 18, Sum: 45]
      [Scan RS (ms): Min: 0.0, Avg: 1.3, Max: 2.8, Diff: 2.8, Sum: 10.6]
      [Code Root Scanning (ms): Min: 0.0, Avg: 0.0, Max: 0.0, Diff: 0.0, Sum: 0.0]
      [Object Copy (ms): Min: 3.7, Avg: 6.1, Max: 9.6, Diff: 5.9, Sum: 48.5]
      [Termination (ms): Min: 0.0, Avg: 0.0, Max: 0.0, Diff: 0.0, Sum: 0.1]
         [Termination Attempts: Min: 1, Avg: 9.9, Max: 17, Diff: 16, Sum: 79]
      [GC Worker Other (ms): Min: 0.0, Avg: 0.0, Max: 0.1, Diff: 0.1, Sum: 0.3]
      [GC Worker Total (ms): Min: 3.8, Avg: 13.5, Max: 15.2, Diff: 11.4, Sum: 108.1]
      [GC Worker End (ms): Min: 17968818.1, Avg: 17968818.1, Max: 17968818.1, Diff: 0.1]
   [Code Root Fixup: 0.0 ms]
   [Code Root Purge: 0.0 ms]
   [Clear CT: 0.1 ms]
   [Other: 1.1 ms]
      [Choose CSet: 0.0 ms]
      [Ref Proc: 0.2 ms]
      [Ref Enq: 0.0 ms]
      [Redirty Cards: 0.1 ms]
      [Humongous Register: 0.2 ms]
      [Humongous Reclaim: 0.0 ms]
      [Free CSet: 0.0 ms]
   [Eden: 45.0M(45.0M)->0.0B(45.0M) Survivors: 6144.0K->6144.0K Heap: 302.8M(1024.0M)->258.7M(1024.0M)]
 [Times: user=0.07 sys=0.00, real=0.01 secs] 
2021-04-23T04:21:32.460+0800: 17991.841: [GC pause (G1 Evacuation Pause) (young), 0.0155556 secs]
   [Parallel Time: 13.6 ms, GC Workers: 8]
      [GC Worker Start (ms): Min: 17991841.1, Avg: 17991843.5, Max: 17991851.7, Diff: 10.6]
      [Ext Root Scanning (ms): Min: 0.0, Avg: 1.1, Max: 4.5, Diff: 4.5, Sum: 8.7]
      [Update RS (ms): Min: 0.0, Avg: 1.8, Max: 4.8, Diff: 4.8, Sum: 14.7]
         [Processed Buffers: Min: 0, Avg: 5.2, Max: 14, Diff: 14, Sum: 42]
      [Scan RS (ms): Min: 0.0, Avg: 2.6, Max: 6.2, Diff: 6.2, Sum: 20.9]
      [Code Root Scanning (ms): Min: 0.0, Avg: 0.0, Max: 0.0, Diff: 0.0, Sum: 0.0]
      [Object Copy (ms): Min: 2.9, Avg: 5.6, Max: 12.5, Diff: 9.6, Sum: 44.5]
      [Termination (ms): Min: 0.0, Avg: 0.0, Max: 0.0, Diff: 0.0, Sum: 0.0]
         [Termination Attempts: Min: 1, Avg: 1.0, Max: 1, Diff: 0, Sum: 8]
      [GC Worker Other (ms): Min: 0.0, Avg: 0.0, Max: 0.0, Diff: 0.0, Sum: 0.2]
      [GC Worker Total (ms): Min: 2.9, Avg: 11.1, Max: 13.5, Diff: 10.6, Sum: 88.9]
      [GC Worker End (ms): Min: 17991854.6, Avg: 17991854.6, Max: 17991854.6, Diff: 0.0]
   [Code Root Fixup: 0.0 ms]
   [Code Root Purge: 0.0 ms]
   [Clear CT: 0.2 ms]
   [Other: 1.7 ms]
      [Choose CSet: 0.0 ms]
      [Ref Proc: 1.1 ms]
      [Ref Enq: 0.0 ms]
      [Redirty Cards: 0.1 ms]
      [Humongous Register: 0.1 ms]
      [Humongous Reclaim: 0.0 ms]
      [Free CSet: 0.0 ms]
   [Eden: 45.0M(45.0M)->0.0B(91.0M) Survivors: 6144.0K->7168.0K Heap: 303.7M(1024.0M)->260.5M(1024.0M)]
 [Times: user=0.06 sys=0.01, real=0.01 secs] 
2021-04-23T04:22:19.010+0800: 18038.392: [GC pause (G1 Evacuation Pause) (young), 0.0183174 secs]
   [Parallel Time: 16.9 ms, GC Workers: 8]
      [GC Worker Start (ms): Min: 18038392.5, Avg: 18038392.8, Max: 18038393.2, Diff: 0.7]
      [Ext Root Scanning (ms): Min: 0.5, Avg: 4.6, Max: 13.3, Diff: 12.8, Sum: 36.8]
      [Update RS (ms): Min: 0.0, Avg: 2.7, Max: 6.2, Diff: 6.2, Sum: 21.6]
         [Processed Buffers: Min: 0, Avg: 6.4, Max: 15, Diff: 15, Sum: 51]
      [Scan RS (ms): Min: 0.0, Avg: 1.8, Max: 5.2, Diff: 5.2, Sum: 14.7]
      [Code Root Scanning (ms): Min: 0.0, Avg: 0.0, Max: 0.0, Diff: 0.0, Sum: 0.0]
      [Object Copy (ms): Min: 3.3, Avg: 7.2, Max: 13.7, Diff: 10.4, Sum: 57.9]
      [Termination (ms): Min: 0.0, Avg: 0.0, Max: 0.0, Diff: 0.0, Sum: 0.1]
         [Termination Attempts: Min: 1, Avg: 14.6, Max: 24, Diff: 23, Sum: 117]
      [GC Worker Other (ms): Min: 0.0, Avg: 0.0, Max: 0.0, Diff: 0.0, Sum: 0.2]
      [GC Worker Total (ms): Min: 16.0, Avg: 16.4, Max: 16.7, Diff: 0.7, Sum: 131.4]
      [GC Worker End (ms): Min: 18038409.2, Avg: 18038409.2, Max: 18038409.2, Diff: 0.0]
   [Code Root Fixup: 0.0 ms]
   [Code Root Purge: 0.0 ms]
   [Clear CT: 0.1 ms]
   [Other: 1.2 ms]
      [Choose CSet: 0.0 ms]
      [Ref Proc: 0.2 ms]
      [Ref Enq: 0.0 ms]
      [Redirty Cards: 0.1 ms]
      [Humongous Register: 0.2 ms]
      [Humongous Reclaim: 0.0 ms]
      [Free CSet: 0.1 ms]
   [Eden: 91.0M(91.0M)->0.0B(108.0M) Survivors: 7168.0K->8192.0K Heap: 351.5M(1024.0M)->261.4M(1024.0M)]
 [Times: user=0.08 sys=0.00, real=0.01 secs] 
2021-04-23T04:22:40.692+0800: 18060.073: [GC pause (G1 Evacuation Pause) (young), 0.0237310 secs]
   [Parallel Time: 22.2 ms, GC Workers: 8]
      [GC Worker Start (ms): Min: 18060074.0, Avg: 18060075.0, Max: 18060080.9, Diff: 6.9]
      [Ext Root Scanning (ms): Min: 0.0, Avg: 2.6, Max: 7.8, Diff: 7.8, Sum: 20.7]
      [Update RS (ms): Min: 0.0, Avg: 1.5, Max: 3.5, Diff: 3.4, Sum: 12.0]
         [Processed Buffers: Min: 0, Avg: 5.8, Max: 24, Diff: 24, Sum: 46]
      [Scan RS (ms): Min: 0.1, Avg: 2.0, Max: 4.2, Diff: 4.1, Sum: 15.9]
      [Code Root Scanning (ms): Min: 0.0, Avg: 0.0, Max: 0.0, Diff: 0.0, Sum: 0.0]
      [Object Copy (ms): Min: 13.4, Avg: 14.9, Max: 20.6, Diff: 7.2, Sum: 119.0]
      [Termination (ms): Min: 0.0, Avg: 0.0, Max: 0.0, Diff: 0.0, Sum: 0.1]
         [Termination Attempts: Min: 1, Avg: 7.1, Max: 13, Diff: 12, Sum: 57]
      [GC Worker Other (ms): Min: 0.0, Avg: 0.0, Max: 0.0, Diff: 0.0, Sum: 0.2]
      [GC Worker Total (ms): Min: 15.1, Avg: 21.0, Max: 22.0, Diff: 6.9, Sum: 167.8]
      [GC Worker End (ms): Min: 18060096.0, Avg: 18060096.0, Max: 18060096.0, Diff: 0.0]
   [Code Root Fixup: 0.0 ms]
   [Code Root Purge: 0.0 ms]
   [Clear CT: 0.2 ms]
   [Other: 1.4 ms]
      [Choose CSet: 0.0 ms]
      [Ref Proc: 0.3 ms]
      [Ref Enq: 0.0 ms]
      [Redirty Cards: 0.2 ms]
      [Humongous Register: 0.2 ms]
      [Humongous Reclaim: 0.0 ms]
      [Free CSet: 0.1 ms]
   [Eden: 43.0M(43.0M)->0.0B(69.0M) Survivors: 8192.0K->5120.0K Heap: 304.4M(1024.0M)->259.6M(1024.0M)]
 [Times: user=0.08 sys=0.01, real=0.02 secs] 
2021-04-23T04:23:04.197+0800: 18083.579: [GC pause (G1 Evacuation Pause) (young), 0.0172701 secs]
   [Parallel Time: 16.1 ms, GC Workers: 8]
      [GC Worker Start (ms): Min: 18083579.9, Avg: 18083581.1, Max: 18083587.9, Diff: 8.0]
      [Ext Root Scanning (ms): Min: 0.0, Avg: 2.6, Max: 11.5, Diff: 11.5, Sum: 20.8]
      [Update RS (ms): Min: 0.0, Avg: 1.7, Max: 3.7, Diff: 3.7, Sum: 13.4]
         [Processed Buffers: Min: 0, Avg: 7.0, Max: 22, Diff: 22, Sum: 56]
      [Scan RS (ms): Min: 0.0, Avg: 3.0, Max: 6.8, Diff: 6.8, Sum: 23.7]
      [Code Root Scanning (ms): Min: 0.0, Avg: 0.0, Max: 0.0, Diff: 0.0, Sum: 0.0]
      [Object Copy (ms): Min: 4.5, Avg: 7.5, Max: 15.0, Diff: 10.5, Sum: 60.3]
      [Termination (ms): Min: 0.0, Avg: 0.0, Max: 0.0, Diff: 0.0, Sum: 0.2]
         [Termination Attempts: Min: 1, Avg: 2.0, Max: 3, Diff: 2, Sum: 16]
      [GC Worker Other (ms): Min: 0.0, Avg: 0.0, Max: 0.0, Diff: 0.0, Sum: 0.2]
      [GC Worker Total (ms): Min: 8.0, Avg: 14.8, Max: 16.1, Diff: 8.0, Sum: 118.7]
      [GC Worker End (ms): Min: 18083595.9, Avg: 18083595.9, Max: 18083596.0, Diff: 0.0]
   [Code Root Fixup: 0.0 ms]
   [Code Root Purge: 0.0 ms]
   [Clear CT: 0.1 ms]
   [Other: 1.1 ms]
      [Choose CSet: 0.0 ms]
      [Ref Proc: 0.2 ms]
      [Ref Enq: 0.0 ms]
      [Redirty Cards: 0.1 ms]
      [Humongous Register: 0.3 ms]
      [Humongous Reclaim: 0.0 ms]
      [Free CSet: 0.1 ms]
   [Eden: 46.0M(46.0M)->0.0B(72.0M) Survivors: 5120.0K->7168.0K Heap: 305.6M(1024.0M)->262.3M(1024.0M)]
 [Times: user=0.08 sys=0.00, real=0.02 secs] 
2021-04-23T04:23:41.035+0800: 18120.418: [GC pause (G1 Evacuation Pause) (young), 0.0175857 secs]
   [Parallel Time: 16.4 ms, GC Workers: 8]
      [GC Worker Start (ms): Min: 18120418.7, Avg: 18120419.4, Max: 18120423.5, Diff: 4.8]
      [Ext Root Scanning (ms): Min: 0.0, Avg: 4.0, Max: 14.8, Diff: 14.8, Sum: 31.6]
      [Update RS (ms): Min: 0.0, Avg: 1.5, Max: 3.4, Diff: 3.4, Sum: 12.4]
         [Processed Buffers: Min: 0, Avg: 6.0, Max: 34, Diff: 34, Sum: 48]
      [Scan RS (ms): Min: 0.0, Avg: 1.8, Max: 3.4, Diff: 3.4, Sum: 14.4]
      [Code Root Scanning (ms): Min: 0.0, Avg: 0.0, Max: 0.0, Diff: 0.0, Sum: 0.0]
      [Object Copy (ms): Min: 1.5, Avg: 8.3, Max: 15.5, Diff: 14.0, Sum: 66.3]
      [Termination (ms): Min: 0.0, Avg: 0.0, Max: 0.0, Diff: 0.0, Sum: 0.2]
         [Termination Attempts: Min: 1, Avg: 4.8, Max: 8, Diff: 7, Sum: 38]
      [GC Worker Other (ms): Min: 0.0, Avg: 0.0, Max: 0.1, Diff: 0.1, Sum: 0.3]
      [GC Worker Total (ms): Min: 11.5, Avg: 15.7, Max: 16.3, Diff: 4.8, Sum: 125.2]
      [GC Worker End (ms): Min: 18120435.0, Avg: 18120435.0, Max: 18120435.0, Diff: 0.1]
   [Code Root Fixup: 0.0 ms]
   [Code Root Purge: 0.0 ms]
   [Clear CT: 0.1 ms]
   [Other: 1.1 ms]
      [Choose CSet: 0.0 ms]
      [Ref Proc: 0.2 ms]
      [Ref Enq: 0.0 ms]
      [Redirty Cards: 0.1 ms]
      [Humongous Register: 0.2 ms]
      [Humongous Reclaim: 0.0 ms]
      [Free CSet: 0.1 ms]
   [Eden: 72.0M(72.0M)->0.0B(112.0M) Survivors: 7168.0K->7168.0K Heap: 334.3M(1024.0M)->262.3M(1024.0M)]
 [Times: user=0.06 sys=0.00, real=0.02 secs] 
2021-04-23T04:24:37.626+0800: 18177.010: [GC pause (G1 Evacuation Pause) (young), 0.0203579 secs]
   [Parallel Time: 19.0 ms, GC Workers: 8]
      [GC Worker Start (ms): Min: 18177010.2, Avg: 18177013.1, Max: 18177026.8, Diff: 16.6]
      [Ext Root Scanning (ms): Min: 0.0, Avg: 1.9, Max: 5.7, Diff: 5.7, Sum: 15.4]
      [Update RS (ms): Min: 0.0, Avg: 1.7, Max: 3.7, Diff: 3.7, Sum: 13.8]
         [Processed Buffers: Min: 0, Avg: 6.9, Max: 20, Diff: 20, Sum: 55]
      [Scan RS (ms): Min: 0.0, Avg: 2.5, Max: 8.4, Diff: 8.4, Sum: 19.9]
      [Code Root Scanning (ms): Min: 0.0, Avg: 1.7, Max: 13.6, Diff: 13.6, Sum: 13.6]
      [Object Copy (ms): Min: 0.6, Avg: 8.2, Max: 11.6, Diff: 11.0, Sum: 65.3]
      [Termination (ms): Min: 0.0, Avg: 0.0, Max: 0.0, Diff: 0.0, Sum: 0.0]
         [Termination Attempts: Min: 1, Avg: 1.8, Max: 3, Diff: 2, Sum: 14]
      [GC Worker Other (ms): Min: 0.0, Avg: 0.0, Max: 0.1, Diff: 0.0, Sum: 0.3]
      [GC Worker Total (ms): Min: 2.3, Avg: 16.0, Max: 18.9, Diff: 16.6, Sum: 128.3]
      [GC Worker End (ms): Min: 18177029.1, Avg: 18177029.1, Max: 18177029.1, Diff: 0.0]
   [Code Root Fixup: 0.0 ms]
   [Code Root Purge: 0.0 ms]
   [Clear CT: 0.1 ms]
   [Other: 1.2 ms]
      [Choose CSet: 0.0 ms]
      [Ref Proc: 0.3 ms]
      [Ref Enq: 0.0 ms]
      [Redirty Cards: 0.1 ms]
      [Humongous Register: 0.2 ms]
      [Humongous Reclaim: 0.0 ms]
      [Free CSet: 0.1 ms]
   [Eden: 112.0M(112.0M)->0.0B(73.0M) Survivors: 7168.0K->10.0M Heap: 374.3M(1024.0M)->264.8M(1024.0M)]
 [Times: user=0.07 sys=0.00, real=0.02 secs] 
2021-04-23T04:25:13.915+0800: 18213.299: [GC pause (G1 Evacuation Pause) (young), 0.0374538 secs]
   [Parallel Time: 36.2 ms, GC Workers: 8]
      [GC Worker Start (ms): Min: 18213299.1, Avg: 18213302.9, Max: 18213309.5, Diff: 10.3]
      [Ext Root Scanning (ms): Min: 0.0, Avg: 2.9, Max: 9.7, Diff: 9.7, Sum: 23.0]
      [Update RS (ms): Min: 0.0, Avg: 2.5, Max: 8.4, Diff: 8.4, Sum: 20.1]
         [Processed Buffers: Min: 0, Avg: 6.2, Max: 22, Diff: 22, Sum: 50]
      [Scan RS (ms): Min: 0.1, Avg: 1.5, Max: 3.5, Diff: 3.4, Sum: 12.0]
      [Code Root Scanning (ms): Min: 0.0, Avg: 0.0, Max: 0.0, Diff: 0.0, Sum: 0.0]
      [Object Copy (ms): Min: 25.2, Avg: 25.4, Max: 25.9, Diff: 0.7, Sum: 203.3]
      [Termination (ms): Min: 0.0, Avg: 0.0, Max: 0.0, Diff: 0.0, Sum: 0.1]
         [Termination Attempts: Min: 1, Avg: 12.1, Max: 21, Diff: 20, Sum: 97]
      [GC Worker Other (ms): Min: 0.0, Avg: 0.1, Max: 0.3, Diff: 0.2, Sum: 0.5]
      [GC Worker Total (ms): Min: 25.8, Avg: 32.4, Max: 36.1, Diff: 10.3, Sum: 259.1]
      [GC Worker End (ms): Min: 18213335.2, Avg: 18213335.3, Max: 18213335.3, Diff: 0.0]
   [Code Root Fixup: 0.0 ms]
   [Code Root Purge: 0.0 ms]
   [Clear CT: 0.1 ms]
   [Other: 1.1 ms]
      [Choose CSet: 0.0 ms]
      [Ref Proc: 0.3 ms]
      [Ref Enq: 0.0 ms]
      [Redirty Cards: 0.2 ms]
      [Humongous Register: 0.1 ms]
      [Humongous Reclaim: 0.0 ms]
      [Free CSet: 0.1 ms]
   [Eden: 73.0M(73.0M)->0.0B(43.0M) Survivors: 10.0M->8192.0K Heap: 337.8M(1024.0M)->265.0M(1024.0M)]
 [Times: user=0.09 sys=0.02, real=0.04 secs] 
2021-04-23T04:25:35.498+0800: 18234.883: [GC pause (G1 Evacuation Pause) (young), 0.0196900 secs]
   [Parallel Time: 18.5 ms, GC Workers: 8]
      [GC Worker Start (ms): Min: 18234883.1, Avg: 18234883.3, Max: 18234883.5, Diff: 0.4]
      [Ext Root Scanning (ms): Min: 0.5, Avg: 4.7, Max: 8.8, Diff: 8.3, Sum: 37.6]
      [Update RS (ms): Min: 0.0, Avg: 1.7, Max: 3.9, Diff: 3.9, Sum: 14.0]
         [Processed Buffers: Min: 0, Avg: 6.2, Max: 21, Diff: 21, Sum: 50]
      [Scan RS (ms): Min: 0.2, Avg: 2.7, Max: 5.0, Diff: 4.8, Sum: 21.4]
      [Code Root Scanning (ms): Min: 0.0, Avg: 0.0, Max: 0.0, Diff: 0.0, Sum: 0.0]
      [Object Copy (ms): Min: 8.5, Avg: 9.1, Max: 9.2, Diff: 0.7, Sum: 72.6]
      [Termination (ms): Min: 0.0, Avg: 0.0, Max: 0.1, Diff: 0.1, Sum: 0.3]
         [Termination Attempts: Min: 1, Avg: 2.0, Max: 4, Diff: 3, Sum: 16]
      [GC Worker Other (ms): Min: 0.0, Avg: 0.0, Max: 0.1, Diff: 0.0, Sum: 0.3]
      [GC Worker Total (ms): Min: 18.1, Avg: 18.3, Max: 18.4, Diff: 0.4, Sum: 146.1]
      [GC Worker End (ms): Min: 18234901.5, Avg: 18234901.5, Max: 18234901.6, Diff: 0.0]
   [Code Root Fixup: 0.0 ms]
   [Code Root Purge: 0.0 ms]
   [Clear CT: 0.1 ms]
   [Other: 1.0 ms]
      [Choose CSet: 0.0 ms]
      [Ref Proc: 0.2 ms]
      [Ref Enq: 0.0 ms]
      [Redirty Cards: 0.1 ms]
      [Humongous Register: 0.2 ms]
      [Humongous Reclaim: 0.0 ms]
      [Free CSet: 0.1 ms]
   [Eden: 43.0M(43.0M)->0.0B(45.0M) Survivors: 8192.0K->6144.0K Heap: 308.0M(1024.0M)->266.8M(1024.0M)]
 [Times: user=0.08 sys=0.01, real=0.02 secs] 
2021-04-23T04:25:57.919+0800: 18257.304: [GC pause (G1 Evacuation Pause) (young), 0.0135916 secs]
   [Parallel Time: 12.8 ms, GC Workers: 8]
      [GC Worker Start (ms): Min: 18257304.0, Avg: 18257306.1, Max: 18257312.2, Diff: 8.1]
      [Ext Root Scanning (ms): Min: 0.0, Avg: 1.2, Max: 6.5, Diff: 6.5, Sum: 9.8]
      [Update RS (ms): Min: 0.0, Avg: 2.2, Max: 4.5, Diff: 4.5, Sum: 17.5]
         [Processed Buffers: Min: 0, Avg: 6.9, Max: 25, Diff: 25, Sum: 55]
      [Scan RS (ms): Min: 0.0, Avg: 1.7, Max: 3.0, Diff: 3.0, Sum: 13.8]
      [Code Root Scanning (ms): Min: 0.0, Avg: 0.0, Max: 0.0, Diff: 0.0, Sum: 0.0]
      [Object Copy (ms): Min: 4.2, Avg: 5.3, Max: 11.6, Diff: 7.5, Sum: 42.1]
      [Termination (ms): Min: 0.0, Avg: 0.3, Max: 0.4, Diff: 0.4, Sum: 2.6]
         [Termination Attempts: Min: 1, Avg: 10.4, Max: 21, Diff: 20, Sum: 83]
      [GC Worker Other (ms): Min: 0.0, Avg: 0.0, Max: 0.0, Diff: 0.0, Sum: 0.1]
      [GC Worker Total (ms): Min: 4.6, Avg: 10.7, Max: 12.8, Diff: 8.1, Sum: 86.0]
      [GC Worker End (ms): Min: 18257316.8, Avg: 18257316.8, Max: 18257316.8, Diff: 0.0]
   [Code Root Fixup: 0.0 ms]
   [Code Root Purge: 0.0 ms]
   [Clear CT: 0.1 ms]
   [Other: 0.7 ms]
      [Choose CSet: 0.0 ms]
      [Ref Proc: 0.2 ms]
      [Ref Enq: 0.0 ms]
      [Redirty Cards: 0.1 ms]
      [Humongous Register: 0.1 ms]
      [Humongous Reclaim: 0.0 ms]
      [Free CSet: 0.0 ms]
   [Eden: 45.0M(45.0M)->0.0B(131.0M) Survivors: 6144.0K->5120.0K Heap: 311.8M(1024.0M)->268.0M(1024.0M)]
 [Times: user=0.05 sys=0.01, real=0.02 secs] 
2021-04-23T04:27:03.228+0800: 18322.613: [GC pause (G1 Evacuation Pause) (young), 0.0156749 secs]
   [Parallel Time: 14.5 ms, GC Workers: 8]
      [GC Worker Start (ms): Min: 18322613.6, Avg: 18322614.9, Max: 18322622.0, Diff: 8.5]
      [Ext Root Scanning (ms): Min: 0.0, Avg: 1.7, Max: 8.4, Diff: 8.3, Sum: 13.3]
      [Update RS (ms): Min: 0.0, Avg: 3.5, Max: 7.5, Diff: 7.5, Sum: 28.2]
         [Processed Buffers: Min: 0, Avg: 6.1, Max: 22, Diff: 22, Sum: 49]
      [Scan RS (ms): Min: 0.6, Avg: 2.0, Max: 3.6, Diff: 3.0, Sum: 16.0]
      [Code Root Scanning (ms): Min: 0.0, Avg: 0.0, Max: 0.0, Diff: 0.0, Sum: 0.0]
      [Object Copy (ms): Min: 4.6, Avg: 5.7, Max: 10.5, Diff: 5.9, Sum: 46.0]
      [Termination (ms): Min: 0.0, Avg: 0.0, Max: 0.0, Diff: 0.0, Sum: 0.2]
         [Termination Attempts: Min: 1, Avg: 48.8, Max: 74, Diff: 73, Sum: 390]
      [GC Worker Other (ms): Min: 0.0, Avg: 0.1, Max: 0.1, Diff: 0.1, Sum: 0.4]
      [GC Worker Total (ms): Min: 5.9, Avg: 13.0, Max: 14.3, Diff: 8.4, Sum: 104.2]
      [GC Worker End (ms): Min: 18322627.9, Avg: 18322627.9, Max: 18322628.0, Diff: 0.1]
   [Code Root Fixup: 0.0 ms]
   [Code Root Purge: 0.0 ms]
   [Clear CT: 0.1 ms]
   [Other: 1.1 ms]
      [Choose CSet: 0.0 ms]
      [Ref Proc: 0.2 ms]
      [Ref Enq: 0.0 ms]
      [Redirty Cards: 0.1 ms]
      [Humongous Register: 0.2 ms]
      [Humongous Reclaim: 0.0 ms]
      [Free CSet: 0.1 ms]
   [Eden: 131.0M(131.0M)->0.0B(155.0M) Survivors: 5120.0K->5120.0K Heap: 399.0M(1024.0M)->268.4M(1024.0M)]
 [Times: user=0.08 sys=0.01, real=0.02 secs] 
2021-04-23T04:28:20.696+0800: 18400.083: [GC pause (G1 Evacuation Pause) (young), 0.0210276 secs]
   [Parallel Time: 20.1 ms, GC Workers: 8]
      [GC Worker Start (ms): Min: 18400083.0, Avg: 18400083.7, Max: 18400086.6, Diff: 3.6]
      [Ext Root Scanning (ms): Min: 0.0, Avg: 2.0, Max: 5.3, Diff: 5.3, Sum: 16.2]
      [Update RS (ms): Min: 0.0, Avg: 1.0, Max: 2.1, Diff: 2.1, Sum: 8.0]
         [Processed Buffers: Min: 0, Avg: 5.6, Max: 13, Diff: 13, Sum: 45]
      [Scan RS (ms): Min: 0.0, Avg: 1.3, Max: 2.4, Diff: 2.4, Sum: 10.4]
      [Code Root Scanning (ms): Min: 0.0, Avg: 0.0, Max: 0.0, Diff: 0.0, Sum: 0.0]
      [Object Copy (ms): Min: 14.5, Avg: 15.0, Max: 16.4, Diff: 1.9, Sum: 120.3]
      [Termination (ms): Min: 0.0, Avg: 0.0, Max: 0.1, Diff: 0.1, Sum: 0.2]
         [Termination Attempts: Min: 1, Avg: 1.5, Max: 3, Diff: 2, Sum: 12]
      [GC Worker Other (ms): Min: 0.0, Avg: 0.0, Max: 0.1, Diff: 0.1, Sum: 0.1]
      [GC Worker Total (ms): Min: 16.5, Avg: 19.4, Max: 20.1, Diff: 3.6, Sum: 155.4]
      [GC Worker End (ms): Min: 18400103.1, Avg: 18400103.1, Max: 18400103.1, Diff: 0.0]
   [Code Root Fixup: 0.0 ms]
   [Code Root Purge: 0.0 ms]
   [Clear CT: 0.1 ms]
   [Other: 0.8 ms]
      [Choose CSet: 0.0 ms]
      [Ref Proc: 0.3 ms]
      [Ref Enq: 0.0 ms]
      [Redirty Cards: 0.1 ms]
      [Humongous Register: 0.1 ms]
      [Humongous Reclaim: 0.0 ms]
      [Free CSet: 0.1 ms]
   [Eden: 155.0M(155.0M)->0.0B(130.0M) Survivors: 5120.0K->10.0M Heap: 423.4M(1024.0M)->272.9M(1024.0M)]
 [Times: user=0.06 sys=0.02, real=0.02 secs] 
2021-04-23T04:29:25.969+0800: 18465.356: [GC pause (G1 Evacuation Pause) (young), 0.0220085 secs]
   [Parallel Time: 20.9 ms, GC Workers: 8]
      [GC Worker Start (ms): Min: 18465356.9, Avg: 18465358.7, Max: 18465363.5, Diff: 6.6]
      [Ext Root Scanning (ms): Min: 0.0, Avg: 2.9, Max: 11.0, Diff: 11.0, Sum: 23.4]
      [Update RS (ms): Min: 0.0, Avg: 1.6, Max: 3.9, Diff: 3.9, Sum: 12.7]
         [Processed Buffers: Min: 0, Avg: 6.5, Max: 27, Diff: 27, Sum: 52]
      [Scan RS (ms): Min: 0.0, Avg: 1.6, Max: 3.1, Diff: 3.1, Sum: 12.9]
      [Code Root Scanning (ms): Min: 0.0, Avg: 0.0, Max: 0.0, Diff: 0.0, Sum: 0.0]
      [Object Copy (ms): Min: 9.5, Avg: 12.7, Max: 13.4, Diff: 3.9, Sum: 101.5]
      [Termination (ms): Min: 0.0, Avg: 0.1, Max: 0.3, Diff: 0.3, Sum: 1.2]
         [Termination Attempts: Min: 1, Avg: 2.5, Max: 6, Diff: 5, Sum: 20]
      [GC Worker Other (ms): Min: 0.0, Avg: 0.0, Max: 0.0, Diff: 0.0, Sum: 0.3]
      [GC Worker Total (ms): Min: 14.2, Avg: 19.0, Max: 20.8, Diff: 6.7, Sum: 151.9]
      [GC Worker End (ms): Min: 18465377.6, Avg: 18465377.6, Max: 18465377.8, Diff: 0.2]
   [Code Root Fixup: 0.0 ms]
   [Code Root Purge: 0.0 ms]
   [Clear CT: 0.1 ms]
   [Other: 1.0 ms]
      [Choose CSet: 0.0 ms]
      [Ref Proc: 0.2 ms]
      [Ref Enq: 0.0 ms]
      [Redirty Cards: 0.1 ms]
      [Humongous Register: 0.2 ms]
      [Humongous Reclaim: 0.0 ms]
      [Free CSet: 0.1 ms]
   [Eden: 130.0M(130.0M)->0.0B(100.0M) Survivors: 10.0M->9216.0K Heap: 402.9M(1024.0M)->272.5M(1024.0M)]
 [Times: user=0.09 sys=0.00, real=0.03 secs] 
2021-04-23T04:29:46.873+0800: 18486.260: [GC pause (G1 Evacuation Pause) (young), 0.0471775 secs]
   [Parallel Time: 45.8 ms, GC Workers: 8]
      [GC Worker Start (ms): Min: 18486260.9, Avg: 18486261.8, Max: 18486266.2, Diff: 5.2]
      [Ext Root Scanning (ms): Min: 0.0, Avg: 2.6, Max: 6.3, Diff: 6.3, Sum: 20.6]
      [Update RS (ms): Min: 0.0, Avg: 1.2, Max: 2.8, Diff: 2.8, Sum: 9.9]
         [Processed Buffers: Min: 0, Avg: 6.6, Max: 18, Diff: 18, Sum: 53]
      [Scan RS (ms): Min: 0.0, Avg: 1.5, Max: 3.1, Diff: 3.0, Sum: 11.9]
      [Code Root Scanning (ms): Min: 0.0, Avg: 0.0, Max: 0.0, Diff: 0.0, Sum: 0.0]
      [Object Copy (ms): Min: 38.9, Avg: 39.5, Max: 39.8, Diff: 0.9, Sum: 316.2]
      [Termination (ms): Min: 0.0, Avg: 0.0, Max: 0.1, Diff: 0.1, Sum: 0.3]
         [Termination Attempts: Min: 1, Avg: 7.4, Max: 14, Diff: 13, Sum: 59]
      [GC Worker Other (ms): Min: 0.0, Avg: 0.0, Max: 0.1, Diff: 0.1, Sum: 0.3]
      [GC Worker Total (ms): Min: 40.5, Avg: 44.9, Max: 45.8, Diff: 5.2, Sum: 359.1]
      [GC Worker End (ms): Min: 18486306.7, Avg: 18486306.7, Max: 18486306.7, Diff: 0.0]
   [Code Root Fixup: 0.0 ms]
   [Code Root Purge: 0.0 ms]
   [Clear CT: 0.1 ms]
   [Other: 1.3 ms]
      [Choose CSet: 0.0 ms]
      [Ref Proc: 0.2 ms]
      [Ref Enq: 0.0 ms]
      [Redirty Cards: 0.1 ms]
      [Humongous Register: 0.4 ms]
      [Humongous Reclaim: 0.0 ms]
      [Free CSet: 0.1 ms]
   [Eden: 42.0M(42.0M)->0.0B(46.0M) Survivors: 9216.0K->5120.0K Heap: 314.5M(1024.0M)->273.4M(1024.0M)]
 [Times: user=0.06 sys=0.03, real=0.05 secs] 
2021-04-23T04:30:10.193+0800: 18509.581: [GC pause (G1 Evacuation Pause) (young), 0.0169282 secs]
   [Parallel Time: 15.2 ms, GC Workers: 8]
      [GC Worker Start (ms): Min: 18509581.7, Avg: 18509583.1, Max: 18509590.9, Diff: 9.2]
      [Ext Root Scanning (ms): Min: 0.0, Avg: 3.1, Max: 9.6, Diff: 9.5, Sum: 25.1]
      [Update RS (ms): Min: 0.0, Avg: 2.5, Max: 5.7, Diff: 5.7, Sum: 20.4]
         [Processed Buffers: Min: 0, Avg: 7.0, Max: 17, Diff: 17, Sum: 56]
      [Scan RS (ms): Min: 0.4, Avg: 2.1, Max: 3.8, Diff: 3.4, Sum: 16.4]
      [Code Root Scanning (ms): Min: 0.0, Avg: 0.0, Max: 0.0, Diff: 0.0, Sum: 0.0]
      [Object Copy (ms): Min: 4.5, Avg: 5.9, Max: 13.0, Diff: 8.5, Sum: 47.1]
      [Termination (ms): Min: 0.0, Avg: 0.0, Max: 0.0, Diff: 0.0, Sum: 0.0]
         [Termination Attempts: Min: 1, Avg: 1.9, Max: 6, Diff: 5, Sum: 15]
      [GC Worker Other (ms): Min: 0.0, Avg: 0.0, Max: 0.0, Diff: 0.0, Sum: 0.3]
      [GC Worker Total (ms): Min: 5.8, Avg: 13.7, Max: 15.1, Diff: 9.2, Sum: 109.3]
      [GC Worker End (ms): Min: 18509596.8, Avg: 18509596.8, Max: 18509596.8, Diff: 0.0]
   [Code Root Fixup: 0.0 ms]
   [Code Root Purge: 0.0 ms]
   [Clear CT: 0.1 ms]
   [Other: 1.6 ms]
      [Choose CSet: 0.0 ms]
      [Ref Proc: 0.3 ms]
      [Ref Enq: 0.0 ms]
      [Redirty Cards: 0.1 ms]
      [Humongous Register: 0.3 ms]
      [Humongous Reclaim: 0.0 ms]
      [Free CSet: 0.1 ms]
   [Eden: 46.0M(46.0M)->0.0B(45.0M) Survivors: 5120.0K->6144.0K Heap: 319.4M(1024.0M)->274.9M(1024.0M)]
 [Times: user=0.08 sys=0.01, real=0.02 secs] 
2021-04-23T04:30:32.881+0800: 18532.269: [GC pause (G1 Evacuation Pause) (young), 0.0166280 secs]
   [Parallel Time: 15.0 ms, GC Workers: 8]
      [GC Worker Start (ms): Min: 18532270.1, Avg: 18532270.4, Max: 18532271.5, Diff: 1.5]
      [Ext Root Scanning (ms): Min: 0.0, Avg: 2.9, Max: 5.8, Diff: 5.8, Sum: 23.1]
      [Update RS (ms): Min: 0.0, Avg: 1.8, Max: 4.0, Diff: 4.0, Sum: 14.1]
         [Processed Buffers: Min: 0, Avg: 5.5, Max: 28, Diff: 28, Sum: 44]
      [Scan RS (ms): Min: 0.0, Avg: 2.1, Max: 4.1, Diff: 4.1, Sum: 16.9]
      [Code Root Scanning (ms): Min: 0.0, Avg: 0.0, Max: 0.0, Diff: 0.0, Sum: 0.0]
      [Object Copy (ms): Min: 5.7, Avg: 7.7, Max: 13.4, Diff: 7.7, Sum: 61.7]
      [Termination (ms): Min: 0.0, Avg: 0.0, Max: 0.0, Diff: 0.0, Sum: 0.0]
         [Termination Attempts: Min: 1, Avg: 2.0, Max: 3, Diff: 2, Sum: 16]
      [GC Worker Other (ms): Min: 0.0, Avg: 0.0, Max: 0.1, Diff: 0.0, Sum: 0.3]
      [GC Worker Total (ms): Min: 13.3, Avg: 14.5, Max: 14.8, Diff: 1.5, Sum: 116.1]
      [GC Worker End (ms): Min: 18532284.9, Avg: 18532284.9, Max: 18532284.9, Diff: 0.0]
   [Code Root Fixup: 0.0 ms]
   [Code Root Purge: 0.0 ms]
   [Clear CT: 0.2 ms]
   [Other: 1.5 ms]
      [Choose CSet: 0.0 ms]
      [Ref Proc: 0.4 ms]
      [Ref Enq: 0.0 ms]
      [Redirty Cards: 0.1 ms]
      [Humongous Register: 0.3 ms]
      [Humongous Reclaim: 0.0 ms]
      [Free CSet: 0.1 ms]
   [Eden: 45.0M(45.0M)->0.0B(46.0M) Survivors: 6144.0K->5120.0K Heap: 319.9M(1024.0M)->275.7M(1024.0M)]
 [Times: user=0.06 sys=0.00, real=0.01 secs] 
2021-04-23T04:30:56.171+0800: 18555.560: [GC pause (G1 Evacuation Pause) (young), 0.0158886 secs]
   [Parallel Time: 14.6 ms, GC Workers: 8]
      [GC Worker Start (ms): Min: 18555560.4, Avg: 18555560.7, Max: 18555561.4, Diff: 0.9]
      [Ext Root Scanning (ms): Min: 0.0, Avg: 2.6, Max: 11.7, Diff: 11.7, Sum: 20.4]
      [Update RS (ms): Min: 0.0, Avg: 5.3, Max: 10.1, Diff: 10.1, Sum: 42.0]
         [Processed Buffers: Min: 0, Avg: 5.9, Max: 16, Diff: 16, Sum: 47]
      [Scan RS (ms): Min: 0.0, Avg: 1.8, Max: 5.6, Diff: 5.6, Sum: 14.2]
      [Code Root Scanning (ms): Min: 0.0, Avg: 0.0, Max: 0.0, Diff: 0.0, Sum: 0.0]
      [Object Copy (ms): Min: 2.7, Avg: 4.6, Max: 6.1, Diff: 3.4, Sum: 36.6]
      [Termination (ms): Min: 0.0, Avg: 0.0, Max: 0.1, Diff: 0.1, Sum: 0.3]
         [Termination Attempts: Min: 1, Avg: 20.0, Max: 38, Diff: 37, Sum: 160]
      [GC Worker Other (ms): Min: 0.0, Avg: 0.0, Max: 0.0, Diff: 0.0, Sum: 0.2]
      [GC Worker Total (ms): Min: 13.5, Avg: 14.2, Max: 14.5, Diff: 0.9, Sum: 113.8]
      [GC Worker End (ms): Min: 18555574.9, Avg: 18555574.9, Max: 18555574.9, Diff: 0.0]
   [Code Root Fixup: 0.0 ms]
   [Code Root Purge: 0.0 ms]
   [Clear CT: 0.1 ms]
   [Other: 1.2 ms]
      [Choose CSet: 0.0 ms]
      [Ref Proc: 0.3 ms]
      [Ref Enq: 0.0 ms]
      [Redirty Cards: 0.1 ms]
      [Humongous Register: 0.3 ms]
      [Humongous Reclaim: 0.0 ms]
      [Free CSet: 0.0 ms]
   [Eden: 46.0M(46.0M)->0.0B(50.0M) Survivors: 5120.0K->6144.0K Heap: 321.7M(1024.0M)->276.5M(1024.0M)]
 [Times: user=0.07 sys=0.00, real=0.01 secs] 
2021-04-23T04:31:20.013+0800: 18579.402: [GC pause (G1 Evacuation Pause) (young), 0.0191575 secs]
   [Parallel Time: 17.8 ms, GC Workers: 8]
      [GC Worker Start (ms): Min: 18579402.3, Avg: 18579402.6, Max: 18579403.1, Diff: 0.7]
      [Ext Root Scanning (ms): Min: 1.4, Avg: 4.2, Max: 11.7, Diff: 10.3, Sum: 33.6]
      [Update RS (ms): Min: 0.0, Avg: 3.4, Max: 10.6, Diff: 10.6, Sum: 27.3]
         [Processed Buffers: Min: 0, Avg: 5.8, Max: 18, Diff: 18, Sum: 46]
      [Scan RS (ms): Min: 0.0, Avg: 1.5, Max: 3.3, Diff: 3.3, Sum: 12.2]
      [Code Root Scanning (ms): Min: 0.0, Avg: 0.0, Max: 0.0, Diff: 0.0, Sum: 0.0]
      [Object Copy (ms): Min: 3.3, Avg: 8.2, Max: 15.8, Diff: 12.5, Sum: 65.8]
      [Termination (ms): Min: 0.0, Avg: 0.1, Max: 0.2, Diff: 0.2, Sum: 0.6]
         [Termination Attempts: Min: 1, Avg: 1.1, Max: 2, Diff: 1, Sum: 9]
      [GC Worker Other (ms): Min: 0.0, Avg: 0.0, Max: 0.1, Diff: 0.1, Sum: 0.3]
      [GC Worker Total (ms): Min: 17.0, Avg: 17.5, Max: 17.7, Diff: 0.7, Sum: 139.9]
      [GC Worker End (ms): Min: 18579420.0, Avg: 18579420.0, Max: 18579420.1, Diff: 0.0]
   [Code Root Fixup: 0.0 ms]
   [Code Root Purge: 0.0 ms]
   [Clear CT: 0.1 ms]
   [Other: 1.3 ms]
      [Choose CSet: 0.0 ms]
      [Ref Proc: 0.2 ms]
      [Ref Enq: 0.0 ms]
      [Redirty Cards: 0.1 ms]
      [Humongous Register: 0.3 ms]
      [Humongous Reclaim: 0.0 ms]
      [Free CSet: 0.0 ms]
   [Eden: 50.0M(50.0M)->0.0B(44.0M) Survivors: 6144.0K->7168.0K Heap: 326.5M(1024.0M)->279.2M(1024.0M)]
 [Times: user=0.07 sys=0.01, real=0.02 secs] 
2021-04-23T04:31:42.391+0800: 18601.780: [GC pause (G1 Evacuation Pause) (young), 0.0252236 secs]
   [Parallel Time: 23.7 ms, GC Workers: 8]
      [GC Worker Start (ms): Min: 18601780.9, Avg: 18601782.0, Max: 18601788.9, Diff: 8.0]
      [Ext Root Scanning (ms): Min: 0.0, Avg: 2.7, Max: 8.2, Diff: 8.2, Sum: 21.8]
      [Update RS (ms): Min: 0.0, Avg: 1.5, Max: 3.5, Diff: 3.5, Sum: 12.3]
         [Processed Buffers: Min: 0, Avg: 5.0, Max: 14, Diff: 14, Sum: 40]
      [Scan RS (ms): Min: 0.0, Avg: 1.8, Max: 4.2, Diff: 4.1, Sum: 14.7]
      [Code Root Scanning (ms): Min: 0.0, Avg: 0.0, Max: 0.0, Diff: 0.0, Sum: 0.0]
      [Object Copy (ms): Min: 14.6, Avg: 16.2, Max: 22.3, Diff: 7.6, Sum: 129.6]
      [Termination (ms): Min: 0.0, Avg: 0.1, Max: 0.2, Diff: 0.2, Sum: 0.9]
         [Termination Attempts: Min: 1, Avg: 3.0, Max: 5, Diff: 4, Sum: 24]
      [GC Worker Other (ms): Min: 0.0, Avg: 0.0, Max: 0.0, Diff: 0.0, Sum: 0.1]
      [GC Worker Total (ms): Min: 15.5, Avg: 22.4, Max: 23.6, Diff: 8.0, Sum: 179.4]
      [GC Worker End (ms): Min: 18601804.5, Avg: 18601804.5, Max: 18601804.5, Diff: 0.0]
   [Code Root Fixup: 0.0 ms]
   [Code Root Purge: 0.0 ms]
   [Clear CT: 0.1 ms]
   [Other: 1.4 ms]
      [Choose CSet: 0.0 ms]
      [Ref Proc: 0.3 ms]
      [Ref Enq: 0.0 ms]
      [Redirty Cards: 0.1 ms]
      [Humongous Register: 0.3 ms]
      [Humongous Reclaim: 0.0 ms]
      [Free CSet: 0.2 ms]
   [Eden: 44.0M(44.0M)->0.0B(44.0M) Survivors: 7168.0K->7168.0K Heap: 323.2M(1024.0M)->280.7M(1024.0M)]
 [Times: user=0.07 sys=0.01, real=0.02 secs] 
2021-04-23T04:32:04.532+0800: 18623.922: [GC pause (G1 Evacuation Pause) (young), 0.0156116 secs]
   [Parallel Time: 14.2 ms, GC Workers: 8]
      [GC Worker Start (ms): Min: 18623922.3, Avg: 18623923.7, Max: 18623931.3, Diff: 9.0]
      [Ext Root Scanning (ms): Min: 0.0, Avg: 3.1, Max: 10.4, Diff: 10.4, Sum: 24.6]
      [Update RS (ms): Min: 0.0, Avg: 1.5, Max: 3.7, Diff: 3.7, Sum: 12.2]
         [Processed Buffers: Min: 0, Avg: 6.1, Max: 17, Diff: 17, Sum: 49]
      [Scan RS (ms): Min: 0.0, Avg: 2.0, Max: 4.4, Diff: 4.4, Sum: 16.1]
      [Code Root Scanning (ms): Min: 0.0, Avg: 0.0, Max: 0.0, Diff: 0.0, Sum: 0.0]
      [Object Copy (ms): Min: 3.1, Avg: 5.9, Max: 11.4, Diff: 8.3, Sum: 47.1]
      [Termination (ms): Min: 0.0, Avg: 0.0, Max: 0.0, Diff: 0.0, Sum: 0.1]
         [Termination Attempts: Min: 1, Avg: 1.9, Max: 4, Diff: 3, Sum: 15]
      [GC Worker Other (ms): Min: 0.0, Avg: 0.0, Max: 0.0, Diff: 0.0, Sum: 0.2]
      [GC Worker Total (ms): Min: 5.0, Avg: 12.6, Max: 14.0, Diff: 9.0, Sum: 100.8]
      [GC Worker End (ms): Min: 18623936.3, Avg: 18623936.3, Max: 18623936.3, Diff: 0.0]
   [Code Root Fixup: 0.0 ms]
   [Code Root Purge: 0.0 ms]
   [Clear CT: 0.1 ms]
   [Other: 1.3 ms]
      [Choose CSet: 0.0 ms]
      [Ref Proc: 0.2 ms]
      [Ref Enq: 0.0 ms]
      [Redirty Cards: 0.1 ms]
      [Humongous Register: 0.3 ms]
      [Humongous Reclaim: 0.0 ms]
      [Free CSet: 0.1 ms]
   [Eden: 44.0M(44.0M)->0.0B(131.0M) Survivors: 7168.0K->5120.0K Heap: 324.7M(1024.0M)->281.7M(1024.0M)]
 [Times: user=0.05 sys=0.01, real=0.01 secs] 
2021-04-23T04:33:10.370+0800: 18689.761: [GC pause (G1 Evacuation Pause) (young), 0.0165295 secs]
   [Parallel Time: 15.3 ms, GC Workers: 8]
      [GC Worker Start (ms): Min: 18689761.3, Avg: 18689762.0, Max: 18689763.8, Diff: 2.5]
      [Ext Root Scanning (ms): Min: 0.0, Avg: 0.8, Max: 1.9, Diff: 1.9, Sum: 6.1]
      [Update RS (ms): Min: 3.7, Avg: 6.4, Max: 12.9, Diff: 9.2, Sum: 51.4]
         [Processed Buffers: Min: 0, Avg: 6.0, Max: 16, Diff: 16, Sum: 48]
      [Scan RS (ms): Min: 0.0, Avg: 1.5, Max: 5.4, Diff: 5.4, Sum: 12.3]
      [Code Root Scanning (ms): Min: 0.0, Avg: 0.0, Max: 0.0, Diff: 0.0, Sum: 0.0]
      [Object Copy (ms): Min: 1.4, Avg: 5.7, Max: 9.0, Diff: 7.6, Sum: 45.5]
      [Termination (ms): Min: 0.0, Avg: 0.1, Max: 0.1, Diff: 0.1, Sum: 0.4]
         [Termination Attempts: Min: 1, Avg: 4.1, Max: 11, Diff: 10, Sum: 33]
      [GC Worker Other (ms): Min: 0.0, Avg: 0.0, Max: 0.0, Diff: 0.0, Sum: 0.1]
      [GC Worker Total (ms): Min: 12.7, Avg: 14.5, Max: 15.2, Diff: 2.5, Sum: 116.0]
      [GC Worker End (ms): Min: 18689776.5, Avg: 18689776.5, Max: 18689776.5, Diff: 0.0]
   [Code Root Fixup: 0.0 ms]
   [Code Root Purge: 0.0 ms]
   [Clear CT: 0.1 ms]
   [Other: 1.1 ms]
      [Choose CSet: 0.0 ms]
      [Ref Proc: 0.3 ms]
      [Ref Enq: 0.0 ms]
      [Redirty Cards: 0.1 ms]
      [Humongous Register: 0.1 ms]
      [Humongous Reclaim: 0.0 ms]
      [Free CSet: 0.2 ms]
   [Eden: 131.0M(131.0M)->0.0B(104.0M) Survivors: 5120.0K->4096.0K Heap: 412.7M(1024.0M)->281.0M(1024.0M)]
 [Times: user=0.06 sys=0.00, real=0.01 secs] 
2021-04-23T04:34:02.528+0800: 18741.920: [GC pause (G1 Evacuation Pause) (young), 0.0140332 secs]
   [Parallel Time: 13.0 ms, GC Workers: 8]
      [GC Worker Start (ms): Min: 18741919.9, Avg: 18741922.9, Max: 18741932.6, Diff: 12.7]
      [Ext Root Scanning (ms): Min: 0.0, Avg: 2.0, Max: 12.5, Diff: 12.5, Sum: 15.9]
      [Update RS (ms): Min: 0.0, Avg: 0.7, Max: 1.5, Diff: 1.5, Sum: 5.3]
         [Processed Buffers: Min: 0, Avg: 5.4, Max: 27, Diff: 27, Sum: 43]
      [Scan RS (ms): Min: 0.0, Avg: 0.2, Max: 0.4, Diff: 0.4, Sum: 1.6]
      [Code Root Scanning (ms): Min: 0.0, Avg: 0.0, Max: 0.0, Diff: 0.0, Sum: 0.0]
      [Object Copy (ms): Min: 0.0, Avg: 6.8, Max: 12.0, Diff: 12.0, Sum: 54.7]
      [Termination (ms): Min: 0.0, Avg: 0.2, Max: 0.2, Diff: 0.2, Sum: 1.3]
         [Termination Attempts: Min: 1, Avg: 1.0, Max: 1, Diff: 0, Sum: 8]
      [GC Worker Other (ms): Min: 0.0, Avg: 0.0, Max: 0.0, Diff: 0.0, Sum: 0.1]
      [GC Worker Total (ms): Min: 0.2, Avg: 9.9, Max: 12.9, Diff: 12.7, Sum: 78.8]
      [GC Worker End (ms): Min: 18741932.8, Avg: 18741932.8, Max: 18741932.8, Diff: 0.0]
   [Code Root Fixup: 0.1 ms]
   [Code Root Purge: 0.0 ms]
   [Clear CT: 0.1 ms]
   [Other: 0.8 ms]
      [Choose CSet: 0.0 ms]
      [Ref Proc: 0.2 ms]
      [Ref Enq: 0.0 ms]
      [Redirty Cards: 0.2 ms]
      [Humongous Register: 0.1 ms]
      [Humongous Reclaim: 0.0 ms]
      [Free CSet: 0.0 ms]
   [Eden: 104.0M(104.0M)->0.0B(147.0M) Survivors: 4096.0K->6144.0K Heap: 385.0M(1024.0M)->282.8M(1024.0M)]
 [Times: user=0.04 sys=0.00, real=0.02 secs] 
2021-04-23T04:35:16.320+0800: 18815.713: [GC pause (G1 Evacuation Pause) (young), 0.0159747 secs]
   [Parallel Time: 14.4 ms, GC Workers: 8]
      [GC Worker Start (ms): Min: 18815712.9, Avg: 18815716.0, Max: 18815725.1, Diff: 12.3]
      [Ext Root Scanning (ms): Min: 0.0, Avg: 1.1, Max: 3.9, Diff: 3.8, Sum: 8.4]
      [Update RS (ms): Min: 0.0, Avg: 0.9, Max: 2.7, Diff: 2.7, Sum: 7.6]
         [Processed Buffers: Min: 0, Avg: 5.6, Max: 16, Diff: 16, Sum: 45]
      [Scan RS (ms): Min: 0.0, Avg: 0.2, Max: 0.7, Diff: 0.7, Sum: 1.3]
      [Code Root Scanning (ms): Min: 0.0, Avg: 0.0, Max: 0.0, Diff: 0.0, Sum: 0.0]
      [Object Copy (ms): Min: 1.6, Avg: 8.7, Max: 10.9, Diff: 9.2, Sum: 69.4]
      [Termination (ms): Min: 0.0, Avg: 0.3, Max: 0.4, Diff: 0.4, Sum: 2.5]
         [Termination Attempts: Min: 1, Avg: 5.5, Max: 12, Diff: 11, Sum: 44]
      [GC Worker Other (ms): Min: 0.0, Avg: 0.0, Max: 0.0, Diff: 0.0, Sum: 0.1]
      [GC Worker Total (ms): Min: 2.1, Avg: 11.2, Max: 14.2, Diff: 12.2, Sum: 89.4]
      [GC Worker End (ms): Min: 18815727.1, Avg: 18815727.2, Max: 18815727.2, Diff: 0.2]
   [Code Root Fixup: 0.0 ms]
   [Code Root Purge: 0.0 ms]
   [Clear CT: 0.1 ms]
   [Other: 1.4 ms]
      [Choose CSet: 0.0 ms]
      [Ref Proc: 0.8 ms]
      [Ref Enq: 0.0 ms]
      [Redirty Cards: 0.1 ms]
      [Humongous Register: 0.1 ms]
      [Humongous Reclaim: 0.0 ms]
      [Free CSet: 0.2 ms]
   [Eden: 147.0M(147.0M)->0.0B(176.0M) Survivors: 6144.0K->10.0M Heap: 429.8M(1024.0M)->286.6M(1024.0M)]
 [Times: user=0.05 sys=0.00, real=0.01 secs] 
2021-04-23T04:36:45.038+0800: 18904.432: [GC pause (G1 Evacuation Pause) (young), 0.0257210 secs]
   [Parallel Time: 24.3 ms, GC Workers: 8]
      [GC Worker Start (ms): Min: 18904431.8, Avg: 18904432.6, Max: 18904434.6, Diff: 2.8]
      [Ext Root Scanning (ms): Min: 0.0, Avg: 1.0, Max: 4.0, Diff: 4.0, Sum: 8.3]
      [Update RS (ms): Min: 0.0, Avg: 1.2, Max: 2.4, Diff: 2.4, Sum: 9.7]
         [Processed Buffers: Min: 0, Avg: 5.8, Max: 20, Diff: 20, Sum: 46]
      [Scan RS (ms): Min: 0.0, Avg: 0.3, Max: 0.7, Diff: 0.6, Sum: 2.4]
      [Code Root Scanning (ms): Min: 0.0, Avg: 0.0, Max: 0.0, Diff: 0.0, Sum: 0.0]
      [Object Copy (ms): Min: 18.5, Avg: 19.2, Max: 21.5, Diff: 3.0, Sum: 153.9]
      [Termination (ms): Min: 0.0, Avg: 0.0, Max: 0.1, Diff: 0.1, Sum: 0.2]
         [Termination Attempts: Min: 1, Avg: 2.6, Max: 6, Diff: 5, Sum: 21]
      [GC Worker Other (ms): Min: 0.0, Avg: 0.5, Max: 1.8, Diff: 1.8, Sum: 3.7]
      [GC Worker Total (ms): Min: 19.8, Avg: 22.3, Max: 24.3, Diff: 4.5, Sum: 178.2]
      [GC Worker End (ms): Min: 18904454.4, Avg: 18904454.8, Max: 18904456.1, Diff: 1.8]
   [Code Root Fixup: 0.0 ms]
   [Code Root Purge: 0.0 ms]
   [Clear CT: 0.1 ms]
   [Other: 1.3 ms]
      [Choose CSet: 0.0 ms]
      [Ref Proc: 0.8 ms]
      [Ref Enq: 0.0 ms]
      [Redirty Cards: 0.1 ms]
      [Humongous Register: 0.1 ms]
      [Humongous Reclaim: 0.0 ms]
      [Free CSet: 0.1 ms]
   [Eden: 176.0M(176.0M)->0.0B(102.0M) Survivors: 10.0M->11.0M Heap: 462.6M(1024.0M)->287.7M(1024.0M)]
 [Times: user=0.06 sys=0.03, real=0.03 secs] 
2021-04-23T04:37:35.893+0800: 18955.287: [GC pause (G1 Evacuation Pause) (young), 0.0241572 secs]
   [Parallel Time: 22.5 ms, GC Workers: 8]
      [GC Worker Start (ms): Min: 18955288.1, Avg: 18955289.1, Max: 18955293.9, Diff: 5.9]
      [Ext Root Scanning (ms): Min: 0.0, Avg: 2.0, Max: 5.9, Diff: 5.9, Sum: 16.3]
      [Update RS (ms): Min: 0.0, Avg: 2.2, Max: 4.8, Diff: 4.8, Sum: 17.5]
         [Processed Buffers: Min: 0, Avg: 6.0, Max: 22, Diff: 22, Sum: 48]
      [Scan RS (ms): Min: 0.0, Avg: 0.2, Max: 0.6, Diff: 0.6, Sum: 1.4]
      [Code Root Scanning (ms): Min: 0.0, Avg: 0.0, Max: 0.0, Diff: 0.0, Sum: 0.0]
      [Object Copy (ms): Min: 15.8, Avg: 16.4, Max: 18.6, Diff: 2.8, Sum: 131.4]
      [Termination (ms): Min: 0.0, Avg: 0.1, Max: 0.3, Diff: 0.3, Sum: 1.1]
         [Termination Attempts: Min: 1, Avg: 1.5, Max: 3, Diff: 2, Sum: 12]
      [GC Worker Other (ms): Min: 0.0, Avg: 0.2, Max: 0.5, Diff: 0.5, Sum: 1.6]
      [GC Worker Total (ms): Min: 16.2, Avg: 21.2, Max: 22.3, Diff: 6.1, Sum: 169.3]
      [GC Worker End (ms): Min: 18955310.1, Avg: 18955310.3, Max: 18955310.5, Diff: 0.4]
   [Code Root Fixup: 0.0 ms]
   [Code Root Purge: 0.0 ms]
   [Clear CT: 0.1 ms]
   [Other: 1.5 ms]
      [Choose CSet: 0.0 ms]
      [Ref Proc: 0.2 ms]
      [Ref Enq: 0.0 ms]
      [Redirty Cards: 0.1 ms]
      [Humongous Register: 0.6 ms]
      [Humongous Reclaim: 0.0 ms]
      [Free CSet: 0.1 ms]
   [Eden: 102.0M(102.0M)->0.0B(40.0M) Survivors: 11.0M->11.0M Heap: 389.7M(1024.0M)->288.5M(1024.0M)]
 [Times: user=0.09 sys=0.01, real=0.02 secs] 
2021-04-23T04:37:55.848+0800: 18975.242: [GC pause (G1 Evacuation Pause) (young), 0.0252138 secs]
   [Parallel Time: 24.5 ms, GC Workers: 8]
      [GC Worker Start (ms): Min: 18975242.2, Avg: 18975242.3, Max: 18975242.8, Diff: 0.6]
      [Ext Root Scanning (ms): Min: 0.0, Avg: 1.6, Max: 4.3, Diff: 4.3, Sum: 13.1]
      [Update RS (ms): Min: 0.0, Avg: 1.1, Max: 2.3, Diff: 2.3, Sum: 8.4]
         [Processed Buffers: Min: 0, Avg: 5.6, Max: 14, Diff: 14, Sum: 45]
      [Scan RS (ms): Min: 0.0, Avg: 1.1, Max: 2.2, Diff: 2.2, Sum: 9.2]
      [Code Root Scanning (ms): Min: 0.0, Avg: 0.0, Max: 0.0, Diff: 0.0, Sum: 0.0]
      [Object Copy (ms): Min: 19.5, Avg: 20.3, Max: 22.7, Diff: 3.2, Sum: 162.5]
      [Termination (ms): Min: 0.0, Avg: 0.0, Max: 0.1, Diff: 0.1, Sum: 0.2]
         [Termination Attempts: Min: 1, Avg: 1.5, Max: 4, Diff: 3, Sum: 12]
      [GC Worker Other (ms): Min: 0.0, Avg: 0.0, Max: 0.0, Diff: 0.0, Sum: 0.1]
      [GC Worker Total (ms): Min: 23.7, Avg: 24.2, Max: 24.3, Diff: 0.6, Sum: 193.7]
      [GC Worker End (ms): Min: 18975266.5, Avg: 18975266.5, Max: 18975266.5, Diff: 0.0]
   [Code Root Fixup: 0.0 ms]
   [Code Root Purge: 0.0 ms]
   [Clear CT: 0.1 ms]
   [Other: 0.7 ms]
      [Choose CSet: 0.0 ms]
      [Ref Proc: 0.2 ms]
      [Ref Enq: 0.0 ms]
      [Redirty Cards: 0.1 ms]
      [Humongous Register: 0.1 ms]
      [Humongous Reclaim: 0.0 ms]
      [Free CSet: 0.0 ms]
   [Eden: 40.0M(40.0M)->0.0B(63.0M) Survivors: 11.0M->6144.0K Heap: 328.5M(1024.0M)->288.5M(1024.0M)]
 [Times: user=0.07 sys=0.02, real=0.03 secs] 
2021-04-23T04:38:18.191+0800: 18997.586: [GC pause (G1 Evacuation Pause) (young), 0.0249251 secs]
   [Parallel Time: 23.4 ms, GC Workers: 8]
      [GC Worker Start (ms): Min: 18997586.3, Avg: 18997586.6, Max: 18997587.3, Diff: 1.0]
      [Ext Root Scanning (ms): Min: 0.0, Avg: 1.0, Max: 2.7, Diff: 2.7, Sum: 8.2]
      [Update RS (ms): Min: 0.0, Avg: 4.1, Max: 7.8, Diff: 7.8, Sum: 33.1]
         [Processed Buffers: Min: 0, Avg: 5.6, Max: 27, Diff: 27, Sum: 45]
      [Scan RS (ms): Min: 0.0, Avg: 2.7, Max: 4.0, Diff: 4.0, Sum: 22.0]
      [Code Root Scanning (ms): Min: 0.0, Avg: 0.0, Max: 0.0, Diff: 0.0, Sum: 0.0]
      [Object Copy (ms): Min: 13.5, Avg: 14.5, Max: 20.2, Diff: 6.7, Sum: 116.3]
      [Termination (ms): Min: 0.0, Avg: 0.5, Max: 0.5, Diff: 0.5, Sum: 3.6]
         [Termination Attempts: Min: 1, Avg: 1.9, Max: 4, Diff: 3, Sum: 15]
      [GC Worker Other (ms): Min: 0.0, Avg: 0.0, Max: 0.1, Diff: 0.1, Sum: 0.3]
      [GC Worker Total (ms): Min: 22.1, Avg: 22.9, Max: 23.2, Diff: 1.1, Sum: 183.5]
      [GC Worker End (ms): Min: 18997609.5, Avg: 18997609.5, Max: 18997609.5, Diff: 0.1]
   [Code Root Fixup: 0.0 ms]
   [Code Root Purge: 0.0 ms]
   [Clear CT: 0.2 ms]
   [Other: 1.4 ms]
      [Choose CSet: 0.0 ms]
      [Ref Proc: 0.3 ms]
      [Ref Enq: 0.0 ms]
      [Redirty Cards: 0.2 ms]
      [Humongous Register: 0.3 ms]
      [Humongous Reclaim: 0.0 ms]
      [Free CSet: 0.1 ms]
   [Eden: 45.0M(45.0M)->0.0B(52.0M) Survivors: 6144.0K->6144.0K Heap: 333.5M(1024.0M)->292.9M(1024.0M)]
 [Times: user=0.07 sys=0.02, real=0.02 secs] 
2021-04-23T04:38:40.478+0800: 19019.873: [GC pause (G1 Evacuation Pause) (young), 0.0153593 secs]
   [Parallel Time: 13.8 ms, GC Workers: 8]
      [GC Worker Start (ms): Min: 19019873.8, Avg: 19019875.4, Max: 19019883.5, Diff: 9.7]
      [Ext Root Scanning (ms): Min: 0.0, Avg: 2.4, Max: 7.3, Diff: 7.3, Sum: 19.2]
      [Update RS (ms): Min: 0.0, Avg: 2.1, Max: 4.7, Diff: 4.7, Sum: 17.1]
         [Processed Buffers: Min: 0, Avg: 5.6, Max: 30, Diff: 30, Sum: 45]
      [Scan RS (ms): Min: 0.0, Avg: 2.2, Max: 4.1, Diff: 4.1, Sum: 17.9]
      [Code Root Scanning (ms): Min: 0.0, Avg: 0.0, Max: 0.0, Diff: 0.0, Sum: 0.0]
      [Object Copy (ms): Min: 3.7, Avg: 5.3, Max: 11.6, Diff: 8.0, Sum: 42.7]
      [Termination (ms): Min: 0.0, Avg: 0.0, Max: 0.1, Diff: 0.1, Sum: 0.2]
         [Termination Attempts: Min: 1, Avg: 2.9, Max: 11, Diff: 10, Sum: 23]
      [GC Worker Other (ms): Min: 0.0, Avg: 0.0, Max: 0.0, Diff: 0.0, Sum: 0.2]
      [GC Worker Total (ms): Min: 4.0, Avg: 12.2, Max: 13.8, Diff: 9.8, Sum: 97.4]
      [GC Worker End (ms): Min: 19019887.5, Avg: 19019887.5, Max: 19019887.6, Diff: 0.0]
   [Code Root Fixup: 0.0 ms]
   [Code Root Purge: 0.0 ms]
   [Clear CT: 0.1 ms]
   [Other: 1.4 ms]
      [Choose CSet: 0.0 ms]
      [Ref Proc: 0.3 ms]
      [Ref Enq: 0.0 ms]
      [Redirty Cards: 0.1 ms]
      [Humongous Register: 0.2 ms]
      [Humongous Reclaim: 0.0 ms]
      [Free CSet: 0.1 ms]
   [Eden: 45.0M(45.0M)->0.0B(146.0M) Survivors: 6144.0K->5120.0K Heap: 337.9M(1024.0M)->291.9M(1024.0M)]
 [Times: user=0.07 sys=0.00, real=0.02 secs] 
2021-04-23T04:39:53.997+0800: 19093.393: [GC pause (G1 Evacuation Pause) (young), 0.0187022 secs]
   [Parallel Time: 17.6 ms, GC Workers: 8]
      [GC Worker Start (ms): Min: 19093392.9, Avg: 19093394.4, Max: 19093400.9, Diff: 8.0]
      [Ext Root Scanning (ms): Min: 0.0, Avg: 1.0, Max: 5.0, Diff: 5.0, Sum: 7.9]
      [Update RS (ms): Min: 0.0, Avg: 2.6, Max: 9.2, Diff: 9.2, Sum: 20.4]
         [Processed Buffers: Min: 0, Avg: 5.6, Max: 33, Diff: 33, Sum: 45]
      [Scan RS (ms): Min: 0.0, Avg: 4.3, Max: 10.7, Diff: 10.6, Sum: 34.0]
      [Code Root Scanning (ms): Min: 0.0, Avg: 0.0, Max: 0.0, Diff: 0.0, Sum: 0.0]
      [Object Copy (ms): Min: 2.5, Avg: 8.0, Max: 12.8, Diff: 10.3, Sum: 63.6]
      [Termination (ms): Min: 0.0, Avg: 0.2, Max: 0.3, Diff: 0.3, Sum: 1.7]
         [Termination Attempts: Min: 1, Avg: 2.9, Max: 6, Diff: 5, Sum: 23]
      [GC Worker Other (ms): Min: 0.0, Avg: 0.0, Max: 0.0, Diff: 0.0, Sum: 0.1]
      [GC Worker Total (ms): Min: 9.5, Avg: 16.0, Max: 17.5, Diff: 8.0, Sum: 127.8]
      [GC Worker End (ms): Min: 19093410.3, Avg: 19093410.4, Max: 19093410.4, Diff: 0.1]
   [Code Root Fixup: 0.0 ms]
   [Code Root Purge: 0.0 ms]
   [Clear CT: 0.1 ms]
   [Other: 1.0 ms]
      [Choose CSet: 0.0 ms]
      [Ref Proc: 0.5 ms]
      [Ref Enq: 0.0 ms]
      [Redirty Cards: 0.1 ms]
      [Humongous Register: 0.1 ms]
      [Humongous Reclaim: 0.0 ms]
      [Free CSet: 0.1 ms]
   [Eden: 146.0M(146.0M)->0.0B(81.0M) Survivors: 5120.0K->11.0M Heap: 437.9M(1024.0M)->297.3M(1024.0M)]
 [Times: user=0.06 sys=0.01, real=0.02 secs] 
2021-04-23T04:40:13.809+0800: 19113.205: [GC pause (G1 Evacuation Pause) (young), 0.0208853 secs]
   [Parallel Time: 20.1 ms, GC Workers: 8]
      [GC Worker Start (ms): Min: 19113205.5, Avg: 19113205.8, Max: 19113206.6, Diff: 1.2]
      [Ext Root Scanning (ms): Min: 0.0, Avg: 1.7, Max: 6.6, Diff: 6.6, Sum: 13.5]
      [Update RS (ms): Min: 0.0, Avg: 1.0, Max: 3.1, Diff: 3.1, Sum: 8.0]
         [Processed Buffers: Min: 0, Avg: 5.0, Max: 21, Diff: 21, Sum: 40]
      [Scan RS (ms): Min: 0.0, Avg: 2.3, Max: 3.2, Diff: 3.2, Sum: 18.2]
      [Code Root Scanning (ms): Min: 0.0, Avg: 0.0, Max: 0.0, Diff: 0.0, Sum: 0.0]
      [Object Copy (ms): Min: 13.3, Avg: 14.7, Max: 16.6, Diff: 3.3, Sum: 117.6]
      [Termination (ms): Min: 0.0, Avg: 0.0, Max: 0.0, Diff: 0.0, Sum: 0.1]
         [Termination Attempts: Min: 1, Avg: 28.9, Max: 39, Diff: 38, Sum: 231]
      [GC Worker Other (ms): Min: 0.0, Avg: 0.0, Max: 0.1, Diff: 0.1, Sum: 0.3]
      [GC Worker Total (ms): Min: 18.9, Avg: 19.7, Max: 20.1, Diff: 1.2, Sum: 157.7]
      [GC Worker End (ms): Min: 19113225.5, Avg: 19113225.5, Max: 19113225.6, Diff: 0.1]
   [Code Root Fixup: 0.0 ms]
   [Code Root Purge: 0.0 ms]
   [Clear CT: 0.1 ms]
   [Other: 0.7 ms]
      [Choose CSet: 0.0 ms]
      [Ref Proc: 0.2 ms]
      [Ref Enq: 0.0 ms]
      [Redirty Cards: 0.1 ms]
      [Humongous Register: 0.1 ms]
      [Humongous Reclaim: 0.0 ms]
      [Free CSet: 0.0 ms]
   [Eden: 40.0M(40.0M)->0.0B(107.0M) Survivors: 11.0M->6144.0K Heap: 337.3M(1024.0M)->294.7M(1024.0M)]
 [Times: user=0.06 sys=0.01, real=0.03 secs] 
2021-04-23T04:41:07.447+0800: 19166.844: [GC pause (G1 Evacuation Pause) (young), 0.0231982 secs]
   [Parallel Time: 21.9 ms, GC Workers: 8]
      [GC Worker Start (ms): Min: 19166844.2, Avg: 19166844.6, Max: 19166845.6, Diff: 1.4]
      [Ext Root Scanning (ms): Min: 0.0, Avg: 5.1, Max: 21.2, Diff: 21.2, Sum: 40.5]
      [Update RS (ms): Min: 0.0, Avg: 2.6, Max: 7.2, Diff: 7.2, Sum: 20.9]
         [Processed Buffers: Min: 0, Avg: 5.5, Max: 29, Diff: 29, Sum: 44]
      [Scan RS (ms): Min: 0.0, Avg: 4.2, Max: 12.0, Diff: 12.0, Sum: 33.3]
      [Code Root Scanning (ms): Min: 0.0, Avg: 0.0, Max: 0.0, Diff: 0.0, Sum: 0.0]
      [Object Copy (ms): Min: 0.0, Avg: 8.7, Max: 13.7, Diff: 13.7, Sum: 69.9]
      [Termination (ms): Min: 0.0, Avg: 0.8, Max: 1.0, Diff: 1.0, Sum: 6.1]
         [Termination Attempts: Min: 1, Avg: 3.9, Max: 10, Diff: 9, Sum: 31]
      [GC Worker Other (ms): Min: 0.0, Avg: 0.0, Max: 0.1, Diff: 0.0, Sum: 0.3]
      [GC Worker Total (ms): Min: 20.4, Avg: 21.4, Max: 21.8, Diff: 1.4, Sum: 171.0]
      [GC Worker End (ms): Min: 19166865.6, Avg: 19166865.9, Max: 19166866.0, Diff: 0.4]
   [Code Root Fixup: 0.0 ms]
   [Code Root Purge: 0.0 ms]
   [Clear CT: 0.1 ms]
   [Other: 1.2 ms]
      [Choose CSet: 0.0 ms]
      [Ref Proc: 0.3 ms]
      [Ref Enq: 0.0 ms]
      [Redirty Cards: 0.1 ms]
      [Humongous Register: 0.3 ms]
      [Humongous Reclaim: 0.0 ms]
      [Free CSet: 0.1 ms]
   [Eden: 107.0M(107.0M)->0.0B(43.0M) Survivors: 6144.0K->8192.0K Heap: 401.7M(1024.0M)->296.7M(1024.0M)]
 [Times: user=0.07 sys=0.00, real=0.03 secs] 
2021-04-23T04:41:28.992+0800: 19188.390: [GC pause (G1 Evacuation Pause) (young), 0.0237009 secs]
   [Parallel Time: 22.5 ms, GC Workers: 8]
      [GC Worker Start (ms): Min: 19188389.8, Avg: 19188391.3, Max: 19188397.2, Diff: 7.3]
      [Ext Root Scanning (ms): Min: 0.0, Avg: 1.1, Max: 4.6, Diff: 4.5, Sum: 8.7]
      [Update RS (ms): Min: 0.0, Avg: 1.8, Max: 6.5, Diff: 6.5, Sum: 14.5]
         [Processed Buffers: Min: 0, Avg: 5.2, Max: 19, Diff: 19, Sum: 42]
      [Scan RS (ms): Min: 0.0, Avg: 2.4, Max: 4.1, Diff: 4.1, Sum: 18.9]
      [Code Root Scanning (ms): Min: 0.0, Avg: 0.0, Max: 0.0, Diff: 0.0, Sum: 0.0]
      [Object Copy (ms): Min: 14.2, Avg: 15.3, Max: 17.5, Diff: 3.3, Sum: 122.0]
      [Termination (ms): Min: 0.0, Avg: 0.3, Max: 0.4, Diff: 0.4, Sum: 2.6]
         [Termination Attempts: Min: 1, Avg: 6.4, Max: 14, Diff: 13, Sum: 51]
      [GC Worker Other (ms): Min: 0.0, Avg: 0.0, Max: 0.1, Diff: 0.0, Sum: 0.2]
      [GC Worker Total (ms): Min: 15.0, Avg: 20.9, Max: 22.3, Diff: 7.3, Sum: 166.9]
      [GC Worker End (ms): Min: 19188412.1, Avg: 19188412.1, Max: 19188412.2, Diff: 0.1]
   [Code Root Fixup: 0.0 ms]
   [Code Root Purge: 0.0 ms]
   [Clear CT: 0.2 ms]
   [Other: 1.0 ms]
      [Choose CSet: 0.0 ms]
      [Ref Proc: 0.3 ms]
      [Ref Enq: 0.0 ms]
      [Redirty Cards: 0.2 ms]
      [Humongous Register: 0.1 ms]
      [Humongous Reclaim: 0.0 ms]
      [Free CSet: 0.0 ms]
   [Eden: 43.0M(43.0M)->0.0B(49.0M) Survivors: 8192.0K->6144.0K Heap: 339.7M(1024.0M)->297.3M(1024.0M)]
 [Times: user=0.06 sys=0.02, real=0.02 secs] 
2021-04-23T04:41:53.624+0800: 19213.021: [GC pause (G1 Evacuation Pause) (young), 0.0229881 secs]
   [Parallel Time: 20.7 ms, GC Workers: 8]
      [GC Worker Start (ms): Min: 19213021.9, Avg: 19213022.1, Max: 19213022.4, Diff: 0.5]
      [Ext Root Scanning (ms): Min: 0.7, Avg: 5.6, Max: 20.3, Diff: 19.7, Sum: 44.8]
      [Update RS (ms): Min: 0.0, Avg: 2.7, Max: 7.8, Diff: 7.8, Sum: 21.7]
         [Processed Buffers: Min: 0, Avg: 5.9, Max: 25, Diff: 25, Sum: 47]
      [Scan RS (ms): Min: 0.0, Avg: 1.9, Max: 3.8, Diff: 3.8, Sum: 15.0]
      [Code Root Scanning (ms): Min: 0.0, Avg: 0.0, Max: 0.0, Diff: 0.0, Sum: 0.0]
      [Object Copy (ms): Min: 0.0, Avg: 8.3, Max: 10.8, Diff: 10.8, Sum: 66.4]
      [Termination (ms): Min: 0.0, Avg: 1.7, Max: 2.0, Diff: 2.0, Sum: 13.9]
         [Termination Attempts: Min: 1, Avg: 3.0, Max: 7, Diff: 6, Sum: 24]
      [GC Worker Other (ms): Min: 0.0, Avg: 0.1, Max: 0.2, Diff: 0.1, Sum: 0.4]
      [GC Worker Total (ms): Min: 19.9, Avg: 20.3, Max: 20.5, Diff: 0.6, Sum: 162.3]
      [GC Worker End (ms): Min: 19213042.3, Avg: 19213042.3, Max: 19213042.4, Diff: 0.1]
   [Code Root Fixup: 0.0 ms]
   [Code Root Purge: 0.0 ms]
   [Clear CT: 0.2 ms]
   [Other: 2.1 ms]
      [Choose CSet: 0.0 ms]
      [Ref Proc: 0.4 ms]
      [Ref Enq: 0.0 ms]
      [Redirty Cards: 0.2 ms]
      [Humongous Register: 0.3 ms]
      [Humongous Reclaim: 0.0 ms]
      [Free CSet: 0.1 ms]
   [Eden: 49.0M(49.0M)->0.0B(44.0M) Survivors: 6144.0K->7168.0K Heap: 346.3M(1024.0M)->300.8M(1024.0M)]
 [Times: user=0.08 sys=0.02, real=0.02 secs] 
2021-04-23T04:42:15.517+0800: 19234.915: [GC pause (G1 Evacuation Pause) (young), 0.0132105 secs]
   [Parallel Time: 11.8 ms, GC Workers: 8]
      [GC Worker Start (ms): Min: 19234916.1, Avg: 19234917.0, Max: 19234922.1, Diff: 6.0]
      [Ext Root Scanning (ms): Min: 0.0, Avg: 0.9, Max: 4.5, Diff: 4.5, Sum: 7.5]
      [Update RS (ms): Min: 0.0, Avg: 1.1, Max: 2.8, Diff: 2.8, Sum: 9.1]
         [Processed Buffers: Min: 0, Avg: 5.0, Max: 31, Diff: 31, Sum: 40]
      [Scan RS (ms): Min: 0.0, Avg: 1.7, Max: 3.8, Diff: 3.8, Sum: 13.8]
      [Code Root Scanning (ms): Min: 0.0, Avg: 0.0, Max: 0.0, Diff: 0.0, Sum: 0.0]
      [Object Copy (ms): Min: 5.5, Avg: 6.9, Max: 9.0, Diff: 3.5, Sum: 55.0]
      [Termination (ms): Min: 0.0, Avg: 0.1, Max: 0.1, Diff: 0.1, Sum: 0.7]
         [Termination Attempts: Min: 1, Avg: 1.0, Max: 1, Diff: 0, Sum: 8]
      [GC Worker Other (ms): Min: 0.0, Avg: 0.0, Max: 0.0, Diff: 0.0, Sum: 0.1]
      [GC Worker Total (ms): Min: 5.7, Avg: 10.8, Max: 11.7, Diff: 6.0, Sum: 86.2]
      [GC Worker End (ms): Min: 19234927.7, Avg: 19234927.8, Max: 19234927.8, Diff: 0.1]
   [Code Root Fixup: 0.0 ms]
   [Code Root Purge: 0.0 ms]
   [Clear CT: 0.1 ms]
   [Other: 1.3 ms]
      [Choose CSet: 0.0 ms]
      [Ref Proc: 0.2 ms]
      [Ref Enq: 0.0 ms]
      [Redirty Cards: 0.1 ms]
      [Humongous Register: 0.1 ms]
      [Humongous Reclaim: 0.0 ms]
      [Free CSet: 0.1 ms]
   [Eden: 44.0M(44.0M)->0.0B(134.0M) Survivors: 7168.0K->6144.0K Heap: 344.8M(1024.0M)->299.6M(1024.0M)]
 [Times: user=0.04 sys=0.01, real=0.02 secs] 
2021-04-23T04:43:22.969+0800: 19302.366: [GC pause (G1 Evacuation Pause) (young), 0.0223946 secs]
   [Parallel Time: 20.5 ms, GC Workers: 8]
      [GC Worker Start (ms): Min: 19302366.4, Avg: 19302366.7, Max: 19302367.7, Diff: 1.2]
      [Ext Root Scanning (ms): Min: 0.0, Avg: 4.1, Max: 14.5, Diff: 14.5, Sum: 32.8]
      [Update RS (ms): Min: 0.0, Avg: 2.1, Max: 5.5, Diff: 5.5, Sum: 16.7]
         [Processed Buffers: Min: 0, Avg: 5.5, Max: 21, Diff: 21, Sum: 44]
      [Scan RS (ms): Min: 0.0, Avg: 1.7, Max: 3.9, Diff: 3.9, Sum: 13.9]
      [Code Root Scanning (ms): Min: 0.0, Avg: 0.0, Max: 0.0, Diff: 0.0, Sum: 0.0]
      [Object Copy (ms): Min: 5.3, Avg: 11.8, Max: 18.1, Diff: 12.8, Sum: 94.2]
      [Termination (ms): Min: 0.0, Avg: 0.4, Max: 0.4, Diff: 0.4, Sum: 2.9]
         [Termination Attempts: Min: 1, Avg: 4.0, Max: 13, Diff: 12, Sum: 32]
      [GC Worker Other (ms): Min: 0.0, Avg: 0.0, Max: 0.1, Diff: 0.0, Sum: 0.3]
      [GC Worker Total (ms): Min: 19.1, Avg: 20.1, Max: 20.4, Diff: 1.3, Sum: 160.7]
      [GC Worker End (ms): Min: 19302386.8, Avg: 19302386.8, Max: 19302386.8, Diff: 0.0]
   [Code Root Fixup: 0.0 ms]
   [Code Root Purge: 0.0 ms]
   [Clear CT: 0.2 ms]
   [Other: 1.8 ms]
      [Choose CSet: 0.0 ms]
      [Ref Proc: 0.7 ms]
      [Ref Enq: 0.0 ms]
      [Redirty Cards: 0.1 ms]
      [Humongous Register: 0.2 ms]
      [Humongous Reclaim: 0.0 ms]
      [Free CSet: 0.1 ms]
   [Eden: 134.0M(134.0M)->0.0B(119.0M) Survivors: 6144.0K->10.0M Heap: 433.6M(1024.0M)->304.0M(1024.0M)]
 [Times: user=0.08 sys=0.02, real=0.03 secs] 
2021-04-23T04:44:22.498+0800: 19361.893: [GC pause (G1 Evacuation Pause) (young), 0.0212067 secs]
   [Parallel Time: 19.9 ms, GC Workers: 8]
      [GC Worker Start (ms): Min: 19361893.3, Avg: 19361893.4, Max: 19361893.6, Diff: 0.3]
      [Ext Root Scanning (ms): Min: 0.9, Avg: 2.3, Max: 5.9, Diff: 5.0, Sum: 18.1]
      [Update RS (ms): Min: 0.0, Avg: 3.5, Max: 8.0, Diff: 8.0, Sum: 28.3]
         [Processed Buffers: Min: 0, Avg: 5.2, Max: 18, Diff: 18, Sum: 42]
      [Scan RS (ms): Min: 0.0, Avg: 2.5, Max: 10.7, Diff: 10.7, Sum: 19.8]
      [Code Root Scanning (ms): Min: 0.0, Avg: 0.0, Max: 0.0, Diff: 0.0, Sum: 0.0]
      [Object Copy (ms): Min: 6.2, Avg: 11.4, Max: 15.3, Diff: 9.1, Sum: 91.0]
      [Termination (ms): Min: 0.0, Avg: 0.0, Max: 0.0, Diff: 0.0, Sum: 0.0]
         [Termination Attempts: Min: 1, Avg: 2.2, Max: 3, Diff: 2, Sum: 18]
      [GC Worker Other (ms): Min: 0.0, Avg: 0.1, Max: 0.1, Diff: 0.1, Sum: 0.4]
      [GC Worker Total (ms): Min: 19.5, Avg: 19.7, Max: 19.8, Diff: 0.3, Sum: 157.6]
      [GC Worker End (ms): Min: 19361913.1, Avg: 19361913.1, Max: 19361913.1, Diff: 0.1]
   [Code Root Fixup: 0.0 ms]
   [Code Root Purge: 0.0 ms]
   [Clear CT: 0.1 ms]
   [Other: 1.2 ms]
      [Choose CSet: 0.0 ms]
      [Ref Proc: 0.2 ms]
      [Ref Enq: 0.0 ms]
      [Redirty Cards: 0.1 ms]
      [Humongous Register: 0.3 ms]
      [Humongous Reclaim: 0.0 ms]
      [Free CSet: 0.1 ms]
   [Eden: 119.0M(119.0M)->0.0B(88.0M) Survivors: 10.0M->9216.0K Heap: 423.0M(1024.0M)->302.8M(1024.0M)]
 [Times: user=0.08 sys=0.01, real=0.03 secs] 
2021-04-23T04:44:43.603+0800: 19382.998: [GC pause (G1 Evacuation Pause) (young), 0.0546961 secs]
   [Parallel Time: 53.0 ms, GC Workers: 8]
      [GC Worker Start (ms): Min: 19382998.9, Avg: 19383001.6, Max: 19383006.0, Diff: 7.0]
      [Ext Root Scanning (ms): Min: 0.0, Avg: 1.6, Max: 6.8, Diff: 6.8, Sum: 13.0]
      [Update RS (ms): Min: 0.0, Avg: 1.7, Max: 4.5, Diff: 4.5, Sum: 13.4]
         [Processed Buffers: Min: 0, Avg: 5.9, Max: 17, Diff: 17, Sum: 47]
      [Scan RS (ms): Min: 0.0, Avg: 1.0, Max: 1.9, Diff: 1.9, Sum: 8.0]
      [Code Root Scanning (ms): Min: 0.0, Avg: 0.0, Max: 0.0, Diff: 0.0, Sum: 0.0]
      [Object Copy (ms): Min: 45.6, Avg: 45.9, Max: 46.0, Diff: 0.4, Sum: 366.9]
      [Termination (ms): Min: 0.0, Avg: 0.0, Max: 0.0, Diff: 0.0, Sum: 0.1]
         [Termination Attempts: Min: 1, Avg: 15.4, Max: 25, Diff: 24, Sum: 123]
      [GC Worker Other (ms): Min: 0.0, Avg: 0.0, Max: 0.1, Diff: 0.0, Sum: 0.3]
      [GC Worker Total (ms): Min: 45.8, Avg: 50.2, Max: 52.8, Diff: 7.0, Sum: 401.7]
      [GC Worker End (ms): Min: 19383051.8, Avg: 19383051.8, Max: 19383051.8, Diff: 0.0]
   [Code Root Fixup: 0.0 ms]
   [Code Root Purge: 0.0 ms]
   [Clear CT: 0.1 ms]
   [Other: 1.6 ms]
      [Choose CSet: 0.0 ms]
      [Ref Proc: 0.3 ms]
      [Ref Enq: 0.0 ms]
      [Redirty Cards: 0.1 ms]
      [Humongous Register: 0.5 ms]
      [Humongous Reclaim: 0.0 ms]
      [Free CSet: 0.1 ms]
   [Eden: 42.0M(42.0M)->0.0B(46.0M) Survivors: 9216.0K->5120.0K Heap: 344.8M(1024.0M)->303.8M(1024.0M)]
 [Times: user=0.08 sys=0.04, real=0.05 secs] 
2021-04-23T04:45:06.725+0800: 19406.120: [GC pause (G1 Evacuation Pause) (young), 0.0170845 secs]
   [Parallel Time: 15.7 ms, GC Workers: 8]
      [GC Worker Start (ms): Min: 19406120.9, Avg: 19406121.0, Max: 19406121.3, Diff: 0.4]
      [Ext Root Scanning (ms): Min: 1.0, Avg: 5.8, Max: 13.2, Diff: 12.2, Sum: 46.5]
      [Update RS (ms): Min: 0.0, Avg: 1.7, Max: 3.6, Diff: 3.6, Sum: 14.0]
         [Processed Buffers: Min: 0, Avg: 6.4, Max: 34, Diff: 34, Sum: 51]
      [Scan RS (ms): Min: 0.0, Avg: 3.2, Max: 8.0, Diff: 8.0, Sum: 25.2]
      [Code Root Scanning (ms): Min: 0.0, Avg: 0.0, Max: 0.0, Diff: 0.0, Sum: 0.0]
      [Object Copy (ms): Min: 2.2, Avg: 4.6, Max: 6.7, Diff: 4.5, Sum: 37.0]
      [Termination (ms): Min: 0.0, Avg: 0.0, Max: 0.1, Diff: 0.1, Sum: 0.3]
         [Termination Attempts: Min: 1, Avg: 39.1, Max: 56, Diff: 55, Sum: 313]
      [GC Worker Other (ms): Min: 0.0, Avg: 0.0, Max: 0.1, Diff: 0.1, Sum: 0.4]
      [GC Worker Total (ms): Min: 15.1, Avg: 15.4, Max: 15.6, Diff: 0.5, Sum: 123.4]
      [GC Worker End (ms): Min: 19406136.4, Avg: 19406136.4, Max: 19406136.5, Diff: 0.1]
   [Code Root Fixup: 0.0 ms]
   [Code Root Purge: 0.0 ms]
   [Clear CT: 0.1 ms]
   [Other: 1.2 ms]
      [Choose CSet: 0.0 ms]
      [Ref Proc: 0.3 ms]
      [Ref Enq: 0.0 ms]
      [Redirty Cards: 0.1 ms]
      [Humongous Register: 0.2 ms]
      [Humongous Reclaim: 0.0 ms]
      [Free CSet: 0.1 ms]
   [Eden: 46.0M(46.0M)->0.0B(44.0M) Survivors: 5120.0K->7168.0K Heap: 349.8M(1024.0M)->305.3M(1024.0M)]
 [Times: user=0.07 sys=0.00, real=0.02 secs] 
2021-04-23T04:45:28.836+0800: 19428.232: [GC pause (G1 Evacuation Pause) (young), 0.0154388 secs]
   [Parallel Time: 14.2 ms, GC Workers: 8]
      [GC Worker Start (ms): Min: 19428232.2, Avg: 19428234.6, Max: 19428241.4, Diff: 9.2]
      [Ext Root Scanning (ms): Min: 0.0, Avg: 3.0, Max: 10.2, Diff: 10.2, Sum: 24.2]
      [Update RS (ms): Min: 0.0, Avg: 2.0, Max: 5.3, Diff: 5.3, Sum: 16.1]
         [Processed Buffers: Min: 0, Avg: 5.1, Max: 19, Diff: 19, Sum: 41]
      [Scan RS (ms): Min: 0.0, Avg: 1.8, Max: 3.3, Diff: 3.3, Sum: 14.1]
      [Code Root Scanning (ms): Min: 0.0, Avg: 0.0, Max: 0.0, Diff: 0.0, Sum: 0.0]
      [Object Copy (ms): Min: 3.8, Avg: 4.9, Max: 5.2, Diff: 1.4, Sum: 38.8]
      [Termination (ms): Min: 0.0, Avg: 0.0, Max: 0.0, Diff: 0.0, Sum: 0.0]
         [Termination Attempts: Min: 1, Avg: 1.0, Max: 1, Diff: 0, Sum: 8]
      [GC Worker Other (ms): Min: 0.0, Avg: 0.0, Max: 0.1, Diff: 0.1, Sum: 0.3]
      [GC Worker Total (ms): Min: 4.9, Avg: 11.7, Max: 14.0, Diff: 9.2, Sum: 93.6]
      [GC Worker End (ms): Min: 19428246.3, Avg: 19428246.3, Max: 19428246.3, Diff: 0.1]
   [Code Root Fixup: 0.0 ms]
   [Code Root Purge: 0.0 ms]
   [Clear CT: 0.1 ms]
   [Other: 1.1 ms]
      [Choose CSet: 0.0 ms]
      [Ref Proc: 0.2 ms]
      [Ref Enq: 0.0 ms]
      [Redirty Cards: 0.1 ms]
      [Humongous Register: 0.1 ms]
      [Humongous Reclaim: 0.0 ms]
      [Free CSet: 0.1 ms]
   [Eden: 44.0M(44.0M)->0.0B(44.0M) Survivors: 7168.0K->7168.0K Heap: 349.3M(1024.0M)->305.7M(1024.0M)]
 [Times: user=0.06 sys=0.01, real=0.02 secs] 
2021-04-23T04:45:50.924+0800: 19450.320: [GC pause (G1 Evacuation Pause) (young), 0.0187106 secs]
   [Parallel Time: 17.0 ms, GC Workers: 8]
      [GC Worker Start (ms): Min: 19450320.7, Avg: 19450322.0, Max: 19450328.8, Diff: 8.1]
      [Ext Root Scanning (ms): Min: 0.0, Avg: 4.2, Max: 11.0, Diff: 11.0, Sum: 33.6]
      [Update RS (ms): Min: 0.0, Avg: 1.7, Max: 4.1, Diff: 4.1, Sum: 13.3]
         [Processed Buffers: Min: 0, Avg: 5.2, Max: 16, Diff: 16, Sum: 42]
      [Scan RS (ms): Min: 0.0, Avg: 1.3, Max: 2.8, Diff: 2.8, Sum: 10.1]
      [Code Root Scanning (ms): Min: 0.0, Avg: 0.0, Max: 0.0, Diff: 0.0, Sum: 0.0]
      [Object Copy (ms): Min: 5.4, Avg: 8.2, Max: 9.5, Diff: 4.2, Sum: 65.4]
      [Termination (ms): Min: 0.0, Avg: 0.3, Max: 0.4, Diff: 0.4, Sum: 2.8]
         [Termination Attempts: Min: 1, Avg: 1.2, Max: 2, Diff: 1, Sum: 10]
      [GC Worker Other (ms): Min: 0.0, Avg: 0.0, Max: 0.0, Diff: 0.0, Sum: 0.2]
      [GC Worker Total (ms): Min: 8.8, Avg: 15.7, Max: 16.9, Diff: 8.1, Sum: 125.3]
      [GC Worker End (ms): Min: 19450337.6, Avg: 19450337.6, Max: 19450337.7, Diff: 0.0]
   [Code Root Fixup: 0.0 ms]
   [Code Root Purge: 0.0 ms]
   [Clear CT: 0.1 ms]
   [Other: 1.5 ms]
      [Choose CSet: 0.0 ms]
      [Ref Proc: 0.3 ms]
      [Ref Enq: 0.0 ms]
      [Redirty Cards: 0.2 ms]
      [Humongous Register: 0.3 ms]
      [Humongous Reclaim: 0.0 ms]
      [Free CSet: 0.1 ms]
   [Eden: 44.0M(44.0M)->0.0B(46.0M) Survivors: 7168.0K->5120.0K Heap: 349.7M(1024.0M)->305.0M(1024.0M)]
 [Times: user=0.07 sys=0.01, real=0.02 secs] 
2021-04-23T04:46:13.986+0800: 19473.382: [GC pause (G1 Evacuation Pause) (young), 0.0163383 secs]
   [Parallel Time: 15.5 ms, GC Workers: 8]
      [GC Worker Start (ms): Min: 19473382.0, Avg: 19473382.3, Max: 19473382.6, Diff: 0.6]
      [Ext Root Scanning (ms): Min: 0.6, Avg: 3.2, Max: 11.3, Diff: 10.7, Sum: 25.5]
      [Update RS (ms): Min: 0.0, Avg: 5.1, Max: 13.7, Diff: 13.7, Sum: 40.6]
         [Processed Buffers: Min: 0, Avg: 5.8, Max: 15, Diff: 15, Sum: 46]
      [Scan RS (ms): Min: 0.0, Avg: 1.8, Max: 4.8, Diff: 4.8, Sum: 14.1]
      [Code Root Scanning (ms): Min: 0.0, Avg: 0.0, Max: 0.0, Diff: 0.0, Sum: 0.0]
      [Object Copy (ms): Min: 0.1, Avg: 5.1, Max: 7.4, Diff: 7.3, Sum: 40.9]
      [Termination (ms): Min: 0.0, Avg: 0.0, Max: 0.1, Diff: 0.1, Sum: 0.3]
         [Termination Attempts: Min: 1, Avg: 4.0, Max: 8, Diff: 7, Sum: 32]
      [GC Worker Other (ms): Min: 0.0, Avg: 0.0, Max: 0.0, Diff: 0.0, Sum: 0.1]
      [GC Worker Total (ms): Min: 14.8, Avg: 15.2, Max: 15.4, Diff: 0.6, Sum: 121.6]
      [GC Worker End (ms): Min: 19473397.4, Avg: 19473397.5, Max: 19473397.5, Diff: 0.0]
   [Code Root Fixup: 0.0 ms]
   [Code Root Purge: 0.0 ms]
   [Clear CT: 0.1 ms]
   [Other: 0.8 ms]
      [Choose CSet: 0.0 ms]
      [Ref Proc: 0.2 ms]
      [Ref Enq: 0.0 ms]
      [Redirty Cards: 0.0 ms]
      [Humongous Register: 0.1 ms]
      [Humongous Reclaim: 0.0 ms]
      [Free CSet: 0.0 ms]
   [Eden: 46.0M(46.0M)->0.0B(45.0M) Survivors: 5120.0K->6144.0K Heap: 351.0M(1024.0M)->306.0M(1024.0M)]
 [Times: user=0.06 sys=0.01, real=0.02 secs] 
2021-04-23T04:46:36.510+0800: 19495.906: [GC pause (G1 Evacuation Pause) (young), 0.0160670 secs]
   [Parallel Time: 15.2 ms, GC Workers: 8]
      [GC Worker Start (ms): Min: 19495906.2, Avg: 19495906.9, Max: 19495911.3, Diff: 5.2]
      [Ext Root Scanning (ms): Min: 0.0, Avg: 3.8, Max: 14.9, Diff: 14.9, Sum: 30.5]
      [Update RS (ms): Min: 0.0, Avg: 0.9, Max: 1.9, Diff: 1.9, Sum: 7.4]
         [Processed Buffers: Min: 0, Avg: 5.5, Max: 33, Diff: 33, Sum: 44]
      [Scan RS (ms): Min: 0.0, Avg: 2.0, Max: 7.7, Diff: 7.7, Sum: 15.6]
      [Code Root Scanning (ms): Min: 0.0, Avg: 0.0, Max: 0.0, Diff: 0.0, Sum: 0.0]
      [Object Copy (ms): Min: 0.0, Avg: 7.4, Max: 10.2, Diff: 10.2, Sum: 59.1]
      [Termination (ms): Min: 0.0, Avg: 0.2, Max: 0.3, Diff: 0.3, Sum: 1.8]
         [Termination Attempts: Min: 1, Avg: 5.6, Max: 15, Diff: 14, Sum: 45]
      [GC Worker Other (ms): Min: 0.0, Avg: 0.0, Max: 0.0, Diff: 0.0, Sum: 0.1]
      [GC Worker Total (ms): Min: 9.9, Avg: 14.3, Max: 15.1, Diff: 5.2, Sum: 114.5]
      [GC Worker End (ms): Min: 19495921.2, Avg: 19495921.2, Max: 19495921.3, Diff: 0.0]
   [Code Root Fixup: 0.0 ms]
   [Code Root Purge: 0.0 ms]
   [Clear CT: 0.1 ms]
   [Other: 0.8 ms]
      [Choose CSet: 0.0 ms]
      [Ref Proc: 0.2 ms]
      [Ref Enq: 0.0 ms]
      [Redirty Cards: 0.1 ms]
      [Humongous Register: 0.1 ms]
      [Humongous Reclaim: 0.0 ms]
      [Free CSet: 0.1 ms]
   [Eden: 45.0M(45.0M)->0.0B(113.0M) Survivors: 6144.0K->7168.0K Heap: 351.0M(1024.0M)->308.0M(1024.0M)]
 [Times: user=0.05 sys=0.01, real=0.01 secs] 
2021-04-23T04:47:33.191+0800: 19552.588: [GC pause (G1 Evacuation Pause) (young), 0.0210665 secs]
   [Parallel Time: 19.3 ms, GC Workers: 8]
      [GC Worker Start (ms): Min: 19552587.8, Avg: 19552587.9, Max: 19552588.1, Diff: 0.4]
      [Ext Root Scanning (ms): Min: 0.3, Avg: 6.0, Max: 17.7, Diff: 17.5, Sum: 48.4]
      [Update RS (ms): Min: 0.0, Avg: 2.9, Max: 4.9, Diff: 4.9, Sum: 22.9]
         [Processed Buffers: Min: 0, Avg: 6.1, Max: 21, Diff: 21, Sum: 49]
      [Scan RS (ms): Min: 0.0, Avg: 1.7, Max: 2.9, Diff: 2.9, Sum: 13.4]
      [Code Root Scanning (ms): Min: 0.0, Avg: 0.0, Max: 0.0, Diff: 0.0, Sum: 0.0]
      [Object Copy (ms): Min: 1.4, Avg: 8.4, Max: 11.4, Diff: 10.0, Sum: 67.0]
      [Termination (ms): Min: 0.0, Avg: 0.0, Max: 0.1, Diff: 0.1, Sum: 0.3]
         [Termination Attempts: Min: 1, Avg: 6.4, Max: 11, Diff: 10, Sum: 51]
      [GC Worker Other (ms): Min: 0.0, Avg: 0.0, Max: 0.1, Diff: 0.0, Sum: 0.2]
      [GC Worker Total (ms): Min: 18.8, Avg: 19.0, Max: 19.2, Diff: 0.4, Sum: 152.2]
      [GC Worker End (ms): Min: 19552606.9, Avg: 19552606.9, Max: 19552606.9, Diff: 0.0]
   [Code Root Fixup: 0.8 ms]
   [Code Root Purge: 0.0 ms]
   [Clear CT: 0.1 ms]
   [Other: 0.9 ms]
      [Choose CSet: 0.0 ms]
      [Ref Proc: 0.5 ms]
      [Ref Enq: 0.0 ms]
      [Redirty Cards: 0.0 ms]
      [Humongous Register: 0.1 ms]
      [Humongous Reclaim: 0.0 ms]
      [Free CSet: 0.1 ms]
   [Eden: 113.0M(113.0M)->0.0B(70.0M) Survivors: 7168.0K->7168.0K Heap: 421.0M(1024.0M)->308.2M(1024.0M)]
 [Times: user=0.07 sys=0.01, real=0.02 secs] 
2021-04-23T04:47:55.092+0800: 19574.489: [GC pause (G1 Evacuation Pause) (young), 0.0212163 secs]
   [Parallel Time: 20.5 ms, GC Workers: 8]
      [GC Worker Start (ms): Min: 19574489.0, Avg: 19574490.6, Max: 19574495.1, Diff: 6.1]
      [Ext Root Scanning (ms): Min: 0.0, Avg: 1.0, Max: 6.0, Diff: 6.0, Sum: 8.3]
      [Update RS (ms): Min: 0.0, Avg: 1.7, Max: 4.0, Diff: 4.0, Sum: 13.6]
         [Processed Buffers: Min: 0, Avg: 5.2, Max: 21, Diff: 21, Sum: 42]
      [Scan RS (ms): Min: 0.0, Avg: 1.4, Max: 2.7, Diff: 2.7, Sum: 11.4]
      [Code Root Scanning (ms): Min: 0.0, Avg: 0.0, Max: 0.0, Diff: 0.0, Sum: 0.0]
      [Object Copy (ms): Min: 14.0, Avg: 14.5, Max: 15.8, Diff: 1.8, Sum: 115.7]
      [Termination (ms): Min: 0.0, Avg: 0.2, Max: 0.2, Diff: 0.2, Sum: 1.4]
         [Termination Attempts: Min: 1, Avg: 2.4, Max: 6, Diff: 5, Sum: 19]
      [GC Worker Other (ms): Min: 0.0, Avg: 0.0, Max: 0.0, Diff: 0.0, Sum: 0.1]
      [GC Worker Total (ms): Min: 14.3, Avg: 18.8, Max: 20.5, Diff: 6.1, Sum: 150.4]
      [GC Worker End (ms): Min: 19574509.4, Avg: 19574509.5, Max: 19574509.5, Diff: 0.0]
   [Code Root Fixup: 0.0 ms]
   [Code Root Purge: 0.0 ms]
   [Clear CT: 0.1 ms]
   [Other: 0.6 ms]
      [Choose CSet: 0.0 ms]
      [Ref Proc: 0.2 ms]
      [Ref Enq: 0.0 ms]
      [Redirty Cards: 0.1 ms]
      [Humongous Register: 0.1 ms]
      [Humongous Reclaim: 0.0 ms]
      [Free CSet: 0.0 ms]
   [Eden: 44.0M(44.0M)->0.0B(79.0M) Survivors: 7168.0K->5120.0K Heap: 352.2M(1024.0M)->308.5M(1024.0M)]
 [Times: user=0.07 sys=0.02, real=0.02 secs] 
2021-04-23T04:48:17.922+0800: 19597.320: [GC pause (G1 Evacuation Pause) (young), 0.0159247 secs]
   [Parallel Time: 15.1 ms, GC Workers: 8]
      [GC Worker Start (ms): Min: 19597319.9, Avg: 19597320.2, Max: 19597321.0, Diff: 1.1]
      [Ext Root Scanning (ms): Min: 0.0, Avg: 3.7, Max: 14.8, Diff: 14.8, Sum: 29.4]
      [Update RS (ms): Min: 0.0, Avg: 1.7, Max: 3.6, Diff: 3.6, Sum: 13.4]
         [Processed Buffers: Min: 0, Avg: 6.9, Max: 20, Diff: 20, Sum: 55]
      [Scan RS (ms): Min: 0.0, Avg: 2.6, Max: 5.3, Diff: 5.3, Sum: 20.5]
      [Code Root Scanning (ms): Min: 0.0, Avg: 0.0, Max: 0.0, Diff: 0.0, Sum: 0.0]
      [Object Copy (ms): Min: 0.0, Avg: 6.5, Max: 8.2, Diff: 8.2, Sum: 51.8]
      [Termination (ms): Min: 0.0, Avg: 0.3, Max: 0.3, Diff: 0.3, Sum: 2.1]
         [Termination Attempts: Min: 1, Avg: 1.1, Max: 2, Diff: 1, Sum: 9]
      [GC Worker Other (ms): Min: 0.0, Avg: 0.0, Max: 0.0, Diff: 0.0, Sum: 0.1]
      [GC Worker Total (ms): Min: 13.9, Avg: 14.7, Max: 14.9, Diff: 1.1, Sum: 117.4]
      [GC Worker End (ms): Min: 19597334.8, Avg: 19597334.9, Max: 19597334.9, Diff: 0.1]
   [Code Root Fixup: 0.0 ms]
   [Code Root Purge: 0.0 ms]
   [Clear CT: 0.1 ms]
   [Other: 0.8 ms]
      [Choose CSet: 0.0 ms]
      [Ref Proc: 0.2 ms]
      [Ref Enq: 0.0 ms]
      [Redirty Cards: 0.1 ms]
      [Humongous Register: 0.1 ms]
      [Humongous Reclaim: 0.0 ms]
      [Free CSet: 0.1 ms]
   [Eden: 46.0M(46.0M)->0.0B(111.0M) Survivors: 5120.0K->7168.0K Heap: 354.5M(1024.0M)->310.3M(1024.0M)]
 [Times: user=0.05 sys=0.01, real=0.01 secs] 
2021-04-23T04:49:13.902+0800: 19653.300: [GC pause (G1 Evacuation Pause) (young), 0.0225809 secs]
   [Parallel Time: 21.3 ms, GC Workers: 8]
      [GC Worker Start (ms): Min: 19653300.5, Avg: 19653301.4, Max: 19653306.0, Diff: 5.5]
      [Ext Root Scanning (ms): Min: 0.0, Avg: 4.6, Max: 21.0, Diff: 21.0, Sum: 36.5]
      [Update RS (ms): Min: 0.0, Avg: 2.7, Max: 6.1, Diff: 6.1, Sum: 21.3]
         [Processed Buffers: Min: 0, Avg: 5.8, Max: 14, Diff: 14, Sum: 46]
      [Scan RS (ms): Min: 0.0, Avg: 2.3, Max: 6.3, Diff: 6.3, Sum: 18.7]
      [Code Root Scanning (ms): Min: 0.0, Avg: 0.0, Max: 0.0, Diff: 0.0, Sum: 0.0]
      [Object Copy (ms): Min: 0.0, Avg: 10.5, Max: 13.1, Diff: 13.1, Sum: 84.4]
      [Termination (ms): Min: 0.0, Avg: 0.1, Max: 0.2, Diff: 0.2, Sum: 1.1]
         [Termination Attempts: Min: 1, Avg: 5.1, Max: 9, Diff: 8, Sum: 41]
      [GC Worker Other (ms): Min: 0.0, Avg: 0.0, Max: 0.1, Diff: 0.1, Sum: 0.3]
      [GC Worker Total (ms): Min: 15.7, Avg: 20.3, Max: 21.1, Diff: 5.4, Sum: 162.3]
      [GC Worker End (ms): Min: 19653321.7, Avg: 19653321.7, Max: 19653321.7, Diff: 0.1]
   [Code Root Fixup: 0.0 ms]
   [Code Root Purge: 0.0 ms]
   [Clear CT: 0.1 ms]
   [Other: 1.2 ms]
      [Choose CSet: 0.0 ms]
      [Ref Proc: 0.3 ms]
      [Ref Enq: 0.0 ms]
      [Redirty Cards: 0.1 ms]
      [Humongous Register: 0.3 ms]
      [Humongous Reclaim: 0.0 ms]
      [Free CSet: 0.1 ms]
   [Eden: 111.0M(111.0M)->0.0B(98.0M) Survivors: 7168.0K->9216.0K Heap: 421.3M(1024.0M)->311.9M(1024.0M)]
 [Times: user=0.06 sys=0.00, real=0.02 secs] 
2021-04-23T04:50:03.378+0800: 19702.776: [GC pause (G1 Evacuation Pause) (young), 0.0193559 secs]
   [Parallel Time: 18.4 ms, GC Workers: 8]
      [GC Worker Start (ms): Min: 19702776.6, Avg: 19702777.7, Max: 19702783.7, Diff: 7.0]
      [Ext Root Scanning (ms): Min: 0.0, Avg: 4.7, Max: 16.0, Diff: 16.0, Sum: 37.3]
      [Update RS (ms): Min: 0.0, Avg: 2.2, Max: 3.7, Diff: 3.7, Sum: 17.3]
         [Processed Buffers: Min: 0, Avg: 5.8, Max: 18, Diff: 18, Sum: 46]
      [Scan RS (ms): Min: 0.0, Avg: 2.9, Max: 7.3, Diff: 7.3, Sum: 22.9]
      [Code Root Scanning (ms): Min: 0.0, Avg: 0.0, Max: 0.0, Diff: 0.0, Sum: 0.0]
      [Object Copy (ms): Min: 2.0, Avg: 7.4, Max: 10.8, Diff: 8.8, Sum: 59.4]
      [Termination (ms): Min: 0.0, Avg: 0.0, Max: 0.1, Diff: 0.1, Sum: 0.4]
         [Termination Attempts: Min: 1, Avg: 9.5, Max: 16, Diff: 15, Sum: 76]
      [GC Worker Other (ms): Min: 0.0, Avg: 0.0, Max: 0.0, Diff: 0.0, Sum: 0.1]
      [GC Worker Total (ms): Min: 11.2, Avg: 17.2, Max: 18.2, Diff: 7.0, Sum: 137.5]
      [GC Worker End (ms): Min: 19702794.8, Avg: 19702794.8, Max: 19702794.9, Diff: 0.0]
   [Code Root Fixup: 0.0 ms]
   [Code Root Purge: 0.0 ms]
   [Clear CT: 0.2 ms]
   [Other: 0.8 ms]
      [Choose CSet: 0.0 ms]
      [Ref Proc: 0.3 ms]
      [Ref Enq: 0.0 ms]
      [Redirty Cards: 0.1 ms]
      [Humongous Register: 0.1 ms]
      [Humongous Reclaim: 0.0 ms]
      [Free CSet: 0.1 ms]
   [Eden: 98.0M(98.0M)->0.0B(70.0M) Survivors: 9216.0K->9216.0K Heap: 409.9M(1024.0M)->312.5M(1024.0M)]
 [Times: user=0.08 sys=0.01, real=0.02 secs] 
2021-04-23T04:50:24.002+0800: 19723.401: [GC pause (G1 Evacuation Pause) (young), 0.0403034 secs]
   [Parallel Time: 39.0 ms, GC Workers: 8]
      [GC Worker Start (ms): Min: 19723401.7, Avg: 19723403.4, Max: 19723409.1, Diff: 7.3]
      [Ext Root Scanning (ms): Min: 0.0, Avg: 2.4, Max: 7.1, Diff: 7.1, Sum: 19.3]
      [Update RS (ms): Min: 0.0, Avg: 1.5, Max: 3.3, Diff: 3.3, Sum: 12.2]
         [Processed Buffers: Min: 0, Avg: 6.2, Max: 26, Diff: 26, Sum: 50]
      [Scan RS (ms): Min: 0.4, Avg: 2.5, Max: 3.9, Diff: 3.6, Sum: 20.0]
      [Code Root Scanning (ms): Min: 0.0, Avg: 0.0, Max: 0.0, Diff: 0.0, Sum: 0.0]
      [Object Copy (ms): Min: 30.5, Avg: 30.7, Max: 31.3, Diff: 0.9, Sum: 245.8]
      [Termination (ms): Min: 0.0, Avg: 0.0, Max: 0.1, Diff: 0.1, Sum: 0.3]
         [Termination Attempts: Min: 1, Avg: 10.9, Max: 19, Diff: 18, Sum: 87]
      [GC Worker Other (ms): Min: 0.0, Avg: 0.0, Max: 0.1, Diff: 0.0, Sum: 0.2]
      [GC Worker Total (ms): Min: 31.6, Avg: 37.2, Max: 38.9, Diff: 7.3, Sum: 297.8]
      [GC Worker End (ms): Min: 19723440.6, Avg: 19723440.6, Max: 19723440.7, Diff: 0.0]
   [Code Root Fixup: 0.0 ms]
   [Code Root Purge: 0.0 ms]
   [Clear CT: 0.1 ms]
   [Other: 1.2 ms]
      [Choose CSet: 0.0 ms]
      [Ref Proc: 0.2 ms]
      [Ref Enq: 0.0 ms]
      [Redirty Cards: 0.1 ms]
      [Humongous Register: 0.3 ms]
      [Humongous Reclaim: 0.0 ms]
      [Free CSet: 0.1 ms]
   [Eden: 42.0M(42.0M)->0.0B(46.0M) Survivors: 9216.0K->5120.0K Heap: 354.5M(1024.0M)->312.3M(1024.0M)]
 [Times: user=0.08 sys=0.03, real=0.04 secs] 
2021-04-23T04:50:47.124+0800: 19746.523: [GC pause (G1 Evacuation Pause) (young), 0.0144912 secs]
   [Parallel Time: 13.4 ms, GC Workers: 8]
      [GC Worker Start (ms): Min: 19746523.2, Avg: 19746523.5, Max: 19746524.2, Diff: 1.0]
      [Ext Root Scanning (ms): Min: 0.0, Avg: 3.0, Max: 11.4, Diff: 11.4, Sum: 24.2]
      [Update RS (ms): Min: 0.0, Avg: 2.8, Max: 7.3, Diff: 7.3, Sum: 22.4]
         [Processed Buffers: Min: 0, Avg: 6.2, Max: 28, Diff: 28, Sum: 50]
      [Scan RS (ms): Min: 0.0, Avg: 3.1, Max: 5.8, Diff: 5.8, Sum: 25.2]
      [Code Root Scanning (ms): Min: 0.0, Avg: 0.0, Max: 0.0, Diff: 0.0, Sum: 0.0]
      [Object Copy (ms): Min: 1.9, Avg: 4.0, Max: 9.4, Diff: 7.6, Sum: 32.4]
      [Termination (ms): Min: 0.0, Avg: 0.0, Max: 0.0, Diff: 0.0, Sum: 0.0]
         [Termination Attempts: Min: 1, Avg: 9.9, Max: 15, Diff: 14, Sum: 79]
      [GC Worker Other (ms): Min: 0.0, Avg: 0.0, Max: 0.1, Diff: 0.0, Sum: 0.2]
      [GC Worker Total (ms): Min: 12.3, Avg: 13.1, Max: 13.3, Diff: 1.0, Sum: 104.5]
      [GC Worker End (ms): Min: 19746536.5, Avg: 19746536.6, Max: 19746536.6, Diff: 0.0]
   [Code Root Fixup: 0.0 ms]
   [Code Root Purge: 0.0 ms]
   [Clear CT: 0.1 ms]
   [Other: 1.0 ms]
      [Choose CSet: 0.0 ms]
      [Ref Proc: 0.2 ms]
      [Ref Enq: 0.0 ms]
      [Redirty Cards: 0.1 ms]
      [Humongous Register: 0.1 ms]
      [Humongous Reclaim: 0.0 ms]
      [Free CSet: 0.1 ms]
   [Eden: 46.0M(46.0M)->0.0B(45.0M) Survivors: 5120.0K->6144.0K Heap: 358.3M(1024.0M)->313.7M(1024.0M)]
 [Times: user=0.05 sys=0.00, real=0.01 secs] 
2021-04-23T04:51:09.502+0800: 19768.902: [GC pause (G1 Evacuation Pause) (young), 0.0185880 secs]
   [Parallel Time: 16.8 ms, GC Workers: 8]
      [GC Worker Start (ms): Min: 19768902.6, Avg: 19768903.8, Max: 19768909.6, Diff: 7.0]
      [Ext Root Scanning (ms): Min: 0.0, Avg: 3.9, Max: 16.6, Diff: 16.6, Sum: 31.1]
      [Update RS (ms): Min: 0.0, Avg: 2.8, Max: 5.6, Diff: 5.6, Sum: 22.8]
         [Processed Buffers: Min: 0, Avg: 5.2, Max: 29, Diff: 29, Sum: 42]
      [Scan RS (ms): Min: 0.0, Avg: 2.9, Max: 9.7, Diff: 9.7, Sum: 23.3]
      [Code Root Scanning (ms): Min: 0.0, Avg: 0.0, Max: 0.0, Diff: 0.0, Sum: 0.0]
      [Object Copy (ms): Min: 0.0, Avg: 5.2, Max: 7.4, Diff: 7.4, Sum: 41.6]
      [Termination (ms): Min: 0.0, Avg: 0.7, Max: 0.9, Diff: 0.9, Sum: 5.3]
         [Termination Attempts: Min: 1, Avg: 1.9, Max: 3, Diff: 2, Sum: 15]
      [GC Worker Other (ms): Min: 0.0, Avg: 0.0, Max: 0.0, Diff: 0.0, Sum: 0.2]
      [GC Worker Total (ms): Min: 9.7, Avg: 15.5, Max: 16.7, Diff: 7.0, Sum: 124.3]
      [GC Worker End (ms): Min: 19768919.3, Avg: 19768919.3, Max: 19768919.3, Diff: 0.0]
   [Code Root Fixup: 0.0 ms]
   [Code Root Purge: 0.0 ms]
   [Clear CT: 0.1 ms]
   [Other: 1.6 ms]
      [Choose CSet: 0.0 ms]
      [Ref Proc: 0.4 ms]
      [Ref Enq: 0.0 ms]
      [Redirty Cards: 0.1 ms]
      [Humongous Register: 0.3 ms]
      [Humongous Reclaim: 0.0 ms]
      [Free CSet: 0.1 ms]
   [Eden: 45.0M(45.0M)->0.0B(44.0M) Survivors: 6144.0K->7168.0K Heap: 358.7M(1024.0M)->314.6M(1024.0M)]
 [Times: user=0.06 sys=0.00, real=0.02 secs] 
2021-04-23T04:51:31.651+0800: 19791.051: [GC pause (G1 Evacuation Pause) (young), 0.0213092 secs]
   [Parallel Time: 19.7 ms, GC Workers: 8]
      [GC Worker Start (ms): Min: 19791051.5, Avg: 19791052.7, Max: 19791057.0, Diff: 5.5]
      [Ext Root Scanning (ms): Min: 0.0, Avg: 2.3, Max: 8.5, Diff: 8.5, Sum: 18.4]
      [Update RS (ms): Min: 0.0, Avg: 2.6, Max: 5.6, Diff: 5.6, Sum: 21.0]
         [Processed Buffers: Min: 0, Avg: 5.0, Max: 19, Diff: 19, Sum: 40]
      [Scan RS (ms): Min: 0.9, Avg: 5.7, Max: 11.1, Diff: 10.2, Sum: 45.6]
      [Code Root Scanning (ms): Min: 0.0, Avg: 0.0, Max: 0.0, Diff: 0.0, Sum: 0.0]
      [Object Copy (ms): Min: 0.6, Avg: 7.3, Max: 16.4, Diff: 15.8, Sum: 58.6]
      [Termination (ms): Min: 0.0, Avg: 0.0, Max: 0.0, Diff: 0.0, Sum: 0.0]
         [Termination Attempts: Min: 1, Avg: 9.9, Max: 14, Diff: 13, Sum: 79]
      [GC Worker Other (ms): Min: 0.0, Avg: 0.3, Max: 0.5, Diff: 0.5, Sum: 2.5]
      [GC Worker Total (ms): Min: 13.6, Avg: 18.3, Max: 19.5, Diff: 5.9, Sum: 146.2]
      [GC Worker End (ms): Min: 19791070.7, Avg: 19791070.9, Max: 19791071.1, Diff: 0.4]
   [Code Root Fixup: 0.0 ms]
   [Code Root Purge: 0.0 ms]
   [Clear CT: 0.1 ms]
   [Other: 1.6 ms]
      [Choose CSet: 0.0 ms]
      [Ref Proc: 0.2 ms]
      [Ref Enq: 0.0 ms]
      [Redirty Cards: 0.1 ms]
      [Humongous Register: 0.6 ms]
      [Humongous Reclaim: 0.0 ms]
      [Free CSet: 0.1 ms]
   [Eden: 44.0M(44.0M)->0.0B(45.0M) Survivors: 7168.0K->6144.0K Heap: 358.6M(1024.0M)->313.7M(1024.0M)]
 [Times: user=0.07 sys=0.01, real=0.02 secs] 
2021-04-23T04:51:54.388+0800: 19813.788: [GC pause (G1 Evacuation Pause) (young), 0.0255729 secs]
   [Parallel Time: 23.7 ms, GC Workers: 8]
      [GC Worker Start (ms): Min: 19813788.3, Avg: 19813790.2, Max: 19813795.6, Diff: 7.3]
      [Ext Root Scanning (ms): Min: 0.0, Avg: 3.2, Max: 12.4, Diff: 12.4, Sum: 25.3]
      [Update RS (ms): Min: 0.0, Avg: 1.8, Max: 4.0, Diff: 4.0, Sum: 14.2]
         [Processed Buffers: Min: 0, Avg: 5.4, Max: 22, Diff: 22, Sum: 43]
      [Scan RS (ms): Min: 0.0, Avg: 2.7, Max: 4.9, Diff: 4.9, Sum: 21.3]
      [Code Root Scanning (ms): Min: 0.0, Avg: 0.0, Max: 0.0, Diff: 0.0, Sum: 0.0]
      [Object Copy (ms): Min: 11.1, Avg: 14.0, Max: 15.4, Diff: 4.3, Sum: 111.9]
      [Termination (ms): Min: 0.0, Avg: 0.0, Max: 0.0, Diff: 0.0, Sum: 0.0]
         [Termination Attempts: Min: 1, Avg: 4.4, Max: 8, Diff: 7, Sum: 35]
      [GC Worker Other (ms): Min: 0.0, Avg: 0.1, Max: 0.1, Diff: 0.1, Sum: 0.5]
      [GC Worker Total (ms): Min: 16.3, Avg: 21.7, Max: 23.6, Diff: 7.3, Sum: 173.2]
      [GC Worker End (ms): Min: 19813811.9, Avg: 19813811.9, Max: 19813811.9, Diff: 0.1]
   [Code Root Fixup: 0.0 ms]
   [Code Root Purge: 0.0 ms]
   [Clear CT: 0.2 ms]
   [Other: 1.6 ms]
      [Choose CSet: 0.0 ms]
      [Ref Proc: 0.4 ms]
      [Ref Enq: 0.0 ms]
      [Redirty Cards: 0.2 ms]
      [Humongous Register: 0.3 ms]
      [Humongous Reclaim: 0.0 ms]
      [Free CSet: 0.1 ms]
   [Eden: 45.0M(45.0M)->0.0B(44.0M) Survivors: 6144.0K->7168.0K Heap: 358.7M(1024.0M)->315.5M(1024.0M)]
 [Times: user=0.08 sys=0.02, real=0.03 secs] 
2021-04-23T04:52:16.650+0800: 19836.050: [GC pause (G1 Evacuation Pause) (young), 0.0274979 secs]
   [Parallel Time: 25.5 ms, GC Workers: 8]
      [GC Worker Start (ms): Min: 19836050.5, Avg: 19836050.7, Max: 19836050.9, Diff: 0.5]
      [Ext Root Scanning (ms): Min: 0.6, Avg: 2.5, Max: 10.6, Diff: 10.0, Sum: 20.4]
      [Update RS (ms): Min: 0.0, Avg: 1.8, Max: 5.8, Diff: 5.8, Sum: 14.4]
         [Processed Buffers: Min: 0, Avg: 6.2, Max: 23, Diff: 23, Sum: 50]
      [Scan RS (ms): Min: 0.0, Avg: 1.9, Max: 3.4, Diff: 3.4, Sum: 14.8]
      [Code Root Scanning (ms): Min: 0.0, Avg: 0.0, Max: 0.0, Diff: 0.0, Sum: 0.0]
      [Object Copy (ms): Min: 14.4, Avg: 18.7, Max: 22.2, Diff: 7.7, Sum: 149.6]
      [Termination (ms): Min: 0.0, Avg: 0.2, Max: 0.3, Diff: 0.3, Sum: 2.0]
         [Termination Attempts: Min: 1, Avg: 1.1, Max: 2, Diff: 1, Sum: 9]
      [GC Worker Other (ms): Min: 0.0, Avg: 0.0, Max: 0.0, Diff: 0.0, Sum: 0.1]
      [GC Worker Total (ms): Min: 24.9, Avg: 25.2, Max: 25.4, Diff: 0.5, Sum: 201.3]
      [GC Worker End (ms): Min: 19836075.8, Avg: 19836075.9, Max: 19836075.9, Diff: 0.0]
   [Code Root Fixup: 0.1 ms]
   [Code Root Purge: 0.0 ms]
   [Clear CT: 0.1 ms]
   [Other: 1.8 ms]
      [Choose CSet: 0.0 ms]
      [Ref Proc: 0.3 ms]
      [Ref Enq: 0.0 ms]
      [Redirty Cards: 0.1 ms]
      [Humongous Register: 0.1 ms]
      [Humongous Reclaim: 0.0 ms]
      [Free CSet: 0.1 ms]
   [Eden: 44.0M(44.0M)->0.0B(46.0M) Survivors: 7168.0K->5120.0K Heap: 359.5M(1024.0M)->315.7M(1024.0M)]
 [Times: user=0.05 sys=0.01, real=0.02 secs] 
2021-04-23T04:52:39.779+0800: 19859.179: [GC pause (G1 Evacuation Pause) (young), 0.0164184 secs]
   [Parallel Time: 15.3 ms, GC Workers: 8]
      [GC Worker Start (ms): Min: 19859179.6, Avg: 19859180.1, Max: 19859182.1, Diff: 2.5]
      [Ext Root Scanning (ms): Min: 0.0, Avg: 2.6, Max: 15.2, Diff: 15.2, Sum: 20.4]
      [Update RS (ms): Min: 0.0, Avg: 1.5, Max: 5.7, Diff: 5.7, Sum: 11.7]
         [Processed Buffers: Min: 0, Avg: 6.1, Max: 14, Diff: 14, Sum: 49]
      [Scan RS (ms): Min: 0.0, Avg: 3.1, Max: 9.8, Diff: 9.7, Sum: 24.8]
      [Code Root Scanning (ms): Min: 0.0, Avg: 0.0, Max: 0.0, Diff: 0.0, Sum: 0.0]
      [Object Copy (ms): Min: 0.0, Avg: 7.5, Max: 12.3, Diff: 12.3, Sum: 59.9]
      [Termination (ms): Min: 0.0, Avg: 0.2, Max: 0.3, Diff: 0.3, Sum: 1.7]
         [Termination Attempts: Min: 1, Avg: 82.6, Max: 121, Diff: 120, Sum: 661]
      [GC Worker Other (ms): Min: 0.0, Avg: 0.0, Max: 0.0, Diff: 0.0, Sum: 0.2]
      [GC Worker Total (ms): Min: 12.8, Avg: 14.8, Max: 15.3, Diff: 2.5, Sum: 118.6]
      [GC Worker End (ms): Min: 19859194.9, Avg: 19859194.9, Max: 19859194.9, Diff: 0.0]
   [Code Root Fixup: 0.0 ms]
   [Code Root Purge: 0.0 ms]
   [Clear CT: 0.1 ms]
   [Other: 1.0 ms]
      [Choose CSet: 0.0 ms]
      [Ref Proc: 0.2 ms]
      [Ref Enq: 0.0 ms]
      [Redirty Cards: 0.0 ms]
      [Humongous Register: 0.1 ms]
      [Humongous Reclaim: 0.0 ms]
      [Free CSet: 0.5 ms]
   [Eden: 46.0M(46.0M)->0.0B(44.0M) Survivors: 5120.0K->7168.0K Heap: 361.7M(1024.0M)->317.8M(1024.0M)]
 [Times: user=0.06 sys=0.00, real=0.02 secs] 
2021-04-23T04:53:01.577+0800: 19880.978: [GC pause (G1 Evacuation Pause) (young), 0.0192603 secs]
   [Parallel Time: 18.3 ms, GC Workers: 8]
      [GC Worker Start (ms): Min: 19880978.4, Avg: 19880978.9, Max: 19880981.6, Diff: 3.2]
      [Ext Root Scanning (ms): Min: 0.0, Avg: 2.1, Max: 8.3, Diff: 8.3, Sum: 16.6]
      [Update RS (ms): Min: 0.0, Avg: 1.7, Max: 3.6, Diff: 3.6, Sum: 13.7]
         [Processed Buffers: Min: 0, Avg: 5.4, Max: 29, Diff: 29, Sum: 43]
      [Scan RS (ms): Min: 0.0, Avg: 1.8, Max: 2.6, Diff: 2.6, Sum: 14.0]
      [Code Root Scanning (ms): Min: 0.0, Avg: 0.0, Max: 0.0, Diff: 0.0, Sum: 0.0]
      [Object Copy (ms): Min: 9.7, Avg: 12.0, Max: 13.1, Diff: 3.4, Sum: 96.1]
      [Termination (ms): Min: 0.0, Avg: 0.1, Max: 0.2, Diff: 0.2, Sum: 0.7]
         [Termination Attempts: Min: 1, Avg: 2.6, Max: 8, Diff: 7, Sum: 21]
      [GC Worker Other (ms): Min: 0.0, Avg: 0.0, Max: 0.0, Diff: 0.0, Sum: 0.1]
      [GC Worker Total (ms): Min: 15.0, Avg: 17.7, Max: 18.3, Diff: 3.3, Sum: 141.3]
      [GC Worker End (ms): Min: 19880996.5, Avg: 19880996.6, Max: 19880996.6, Diff: 0.1]
   [Code Root Fixup: 0.0 ms]
   [Code Root Purge: 0.0 ms]
   [Clear CT: 0.1 ms]
   [Other: 0.8 ms]
      [Choose CSet: 0.0 ms]
      [Ref Proc: 0.2 ms]
      [Ref Enq: 0.0 ms]
      [Redirty Cards: 0.1 ms]
      [Humongous Register: 0.1 ms]
      [Humongous Reclaim: 0.0 ms]
      [Free CSet: 0.1 ms]
   [Eden: 44.0M(44.0M)->0.0B(52.0M) Survivors: 7168.0K->7168.0K Heap: 361.8M(1024.0M)->318.4M(1024.0M)]
 [Times: user=0.06 sys=0.01, real=0.02 secs] 
2021-04-23T04:53:27.223+0800: 19906.625: [GC pause (G1 Evacuation Pause) (young), 0.0176795 secs]
   [Parallel Time: 16.5 ms, GC Workers: 8]
      [GC Worker Start (ms): Min: 19906625.1, Avg: 19906625.4, Max: 19906625.8, Diff: 0.7]
      [Ext Root Scanning (ms): Min: 0.5, Avg: 3.1, Max: 12.3, Diff: 11.8, Sum: 24.8]
      [Update RS (ms): Min: 0.0, Avg: 5.5, Max: 10.9, Diff: 10.9, Sum: 44.0]
         [Processed Buffers: Min: 0, Avg: 6.5, Max: 29, Diff: 29, Sum: 52]
      [Scan RS (ms): Min: 0.0, Avg: 2.1, Max: 4.0, Diff: 4.0, Sum: 17.0]
      [Code Root Scanning (ms): Min: 0.0, Avg: 0.0, Max: 0.0, Diff: 0.0, Sum: 0.0]
      [Object Copy (ms): Min: 3.9, Avg: 5.4, Max: 12.6, Diff: 8.6, Sum: 43.1]
      [Termination (ms): Min: 0.0, Avg: 0.0, Max: 0.0, Diff: 0.0, Sum: 0.2]
         [Termination Attempts: Min: 1, Avg: 52.2, Max: 71, Diff: 70, Sum: 418]
      [GC Worker Other (ms): Min: 0.0, Avg: 0.0, Max: 0.0, Diff: 0.0, Sum: 0.2]
      [GC Worker Total (ms): Min: 15.7, Avg: 16.2, Max: 16.4, Diff: 0.7, Sum: 129.3]
      [GC Worker End (ms): Min: 19906641.5, Avg: 19906641.5, Max: 19906641.5, Diff: 0.0]
   [Code Root Fixup: 0.0 ms]
   [Code Root Purge: 0.0 ms]
   [Clear CT: 0.1 ms]
   [Other: 1.1 ms]
      [Choose CSet: 0.0 ms]
      [Ref Proc: 0.2 ms]
      [Ref Enq: 0.0 ms]
      [Redirty Cards: 0.1 ms]
      [Humongous Register: 0.2 ms]
      [Humongous Reclaim: 0.0 ms]
      [Free CSet: 0.1 ms]
   [Eden: 52.0M(52.0M)->0.0B(83.0M) Survivors: 7168.0K->5120.0K Heap: 370.4M(1024.0M)->316.7M(1024.0M)]
 [Times: user=0.07 sys=0.01, real=0.02 secs] 
2021-04-23T04:54:08.803+0800: 19948.204: [GC pause (G1 Evacuation Pause) (young), 0.0347876 secs]
   [Parallel Time: 25.2 ms, GC Workers: 8]
      [GC Worker Start (ms): Min: 19948204.5, Avg: 19948204.9, Max: 19948207.0, Diff: 2.5]
      [Ext Root Scanning (ms): Min: 0.0, Avg: 1.7, Max: 5.4, Diff: 5.4, Sum: 13.7]
      [Update RS (ms): Min: 0.0, Avg: 1.2, Max: 2.9, Diff: 2.9, Sum: 10.0]
         [Processed Buffers: Min: 0, Avg: 6.0, Max: 19, Diff: 19, Sum: 48]
      [Scan RS (ms): Min: 0.0, Avg: 1.3, Max: 2.4, Diff: 2.4, Sum: 10.3]
      [Code Root Scanning (ms): Min: 0.0, Avg: 0.0, Max: 0.0, Diff: 0.0, Sum: 0.0]
      [Object Copy (ms): Min: 9.6, Avg: 10.4, Max: 13.7, Diff: 4.2, Sum: 83.1]
      [Termination (ms): Min: 0.0, Avg: 3.7, Max: 10.1, Diff: 10.1, Sum: 29.7]
         [Termination Attempts: Min: 1, Avg: 3.8, Max: 8, Diff: 7, Sum: 30]
      [GC Worker Other (ms): Min: 0.0, Avg: 0.0, Max: 0.0, Diff: 0.0, Sum: 0.2]
      [GC Worker Total (ms): Min: 14.9, Avg: 18.4, Max: 25.1, Diff: 10.2, Sum: 147.0]
      [GC Worker End (ms): Min: 19948219.5, Avg: 19948223.2, Max: 19948229.6, Diff: 10.0]
   [Code Root Fixup: 0.0 ms]
   [Code Root Purge: 0.0 ms]
   [Clear CT: 0.2 ms]
   [Other: 9.4 ms]
      [Choose CSet: 0.0 ms]
      [Ref Proc: 8.7 ms]
      [Ref Enq: 0.0 ms]
      [Redirty Cards: 0.1 ms]
      [Humongous Register: 0.1 ms]
      [Humongous Reclaim: 0.0 ms]
      [Free CSet: 0.2 ms]
   [Eden: 83.0M(83.0M)->0.0B(42.0M) Survivors: 5120.0K->9216.0K Heap: 399.7M(1024.0M)->320.7M(1024.0M)]
 [Times: user=0.05 sys=0.01, real=0.03 secs] 
2021-04-23T04:54:29.827+0800: 19969.229: [GC pause (G1 Evacuation Pause) (young), 0.0236344 secs]
   [Parallel Time: 22.2 ms, GC Workers: 8]
      [GC Worker Start (ms): Min: 19969229.1, Avg: 19969230.0, Max: 19969235.6, Diff: 6.5]
      [Ext Root Scanning (ms): Min: 0.0, Avg: 3.3, Max: 8.1, Diff: 8.1, Sum: 26.5]
      [Update RS (ms): Min: 0.0, Avg: 1.7, Max: 3.8, Diff: 3.8, Sum: 13.6]
         [Processed Buffers: Min: 0, Avg: 6.1, Max: 34, Diff: 34, Sum: 49]
      [Scan RS (ms): Min: 0.0, Avg: 1.4, Max: 2.4, Diff: 2.4, Sum: 11.1]
      [Code Root Scanning (ms): Min: 0.0, Avg: 0.0, Max: 0.0, Diff: 0.0, Sum: 0.0]
      [Object Copy (ms): Min: 13.9, Avg: 14.6, Max: 14.9, Diff: 1.0, Sum: 117.2]
      [Termination (ms): Min: 0.0, Avg: 0.0, Max: 0.0, Diff: 0.0, Sum: 0.1]
         [Termination Attempts: Min: 1, Avg: 9.8, Max: 17, Diff: 16, Sum: 78]
      [GC Worker Other (ms): Min: 0.0, Avg: 0.0, Max: 0.0, Diff: 0.0, Sum: 0.2]
      [GC Worker Total (ms): Min: 15.5, Avg: 21.1, Max: 22.0, Diff: 6.5, Sum: 168.7]
      [GC Worker End (ms): Min: 19969251.1, Avg: 19969251.1, Max: 19969251.1, Diff: 0.0]
   [Code Root Fixup: 0.0 ms]
   [Code Root Purge: 0.0 ms]
   [Clear CT: 0.1 ms]
   [Other: 1.3 ms]
      [Choose CSet: 0.0 ms]
      [Ref Proc: 0.2 ms]
      [Ref Enq: 0.0 ms]
      [Redirty Cards: 0.1 ms]
      [Humongous Register: 0.2 ms]
      [Humongous Reclaim: 0.0 ms]
      [Free CSet: 0.1 ms]
   [Eden: 42.0M(42.0M)->0.0B(45.0M) Survivors: 9216.0K->6144.0K Heap: 362.7M(1024.0M)->319.6M(1024.0M)]
 [Times: user=0.07 sys=0.01, real=0.03 secs] 
2021-04-23T04:54:52.498+0800: 19991.900: [GC pause (G1 Evacuation Pause) (young), 0.0173050 secs]
   [Parallel Time: 15.8 ms, GC Workers: 8]
      [GC Worker Start (ms): Min: 19991901.0, Avg: 19991901.2, Max: 19991901.4, Diff: 0.4]
      [Ext Root Scanning (ms): Min: 0.6, Avg: 3.2, Max: 7.5, Diff: 7.0, Sum: 25.9]
      [Update RS (ms): Min: 0.0, Avg: 2.4, Max: 4.9, Diff: 4.9, Sum: 19.0]
         [Processed Buffers: Min: 0, Avg: 6.4, Max: 24, Diff: 24, Sum: 51]
      [Scan RS (ms): Min: 0.0, Avg: 1.8, Max: 3.1, Diff: 3.1, Sum: 14.1]
      [Code Root Scanning (ms): Min: 0.0, Avg: 0.0, Max: 0.0, Diff: 0.0, Sum: 0.0]
      [Object Copy (ms): Min: 7.4, Avg: 7.7, Max: 7.9, Diff: 0.5, Sum: 62.0]
      [Termination (ms): Min: 0.0, Avg: 0.3, Max: 0.4, Diff: 0.4, Sum: 2.3]
         [Termination Attempts: Min: 1, Avg: 1.0, Max: 1, Diff: 0, Sum: 8]
      [GC Worker Other (ms): Min: 0.0, Avg: 0.0, Max: 0.1, Diff: 0.1, Sum: 0.2]
      [GC Worker Total (ms): Min: 15.1, Avg: 15.4, Max: 15.7, Diff: 0.5, Sum: 123.5]
      [GC Worker End (ms): Min: 19991916.4, Avg: 19991916.6, Max: 19991916.7, Diff: 0.3]
   [Code Root Fixup: 0.1 ms]
   [Code Root Purge: 0.0 ms]
   [Clear CT: 0.1 ms]
   [Other: 1.3 ms]
      [Choose CSet: 0.0 ms]
      [Ref Proc: 0.3 ms]
      [Ref Enq: 0.0 ms]
      [Redirty Cards: 0.1 ms]
      [Humongous Register: 0.2 ms]
      [Humongous Reclaim: 0.0 ms]
      [Free CSet: 0.1 ms]
   [Eden: 45.0M(45.0M)->0.0B(44.0M) Survivors: 6144.0K->7168.0K Heap: 364.6M(1024.0M)->321.3M(1024.0M)]
 [Times: user=0.06 sys=0.01, real=0.02 secs] 
2021-04-23T04:55:14.491+0800: 20013.894: [GC pause (G1 Evacuation Pause) (young), 0.0183737 secs]
   [Parallel Time: 17.2 ms, GC Workers: 8]
      [GC Worker Start (ms): Min: 20013894.1, Avg: 20013895.5, Max: 20013899.9, Diff: 5.9]
      [Ext Root Scanning (ms): Min: 0.0, Avg: 2.8, Max: 16.9, Diff: 16.9, Sum: 22.5]
      [Update RS (ms): Min: 0.0, Avg: 1.5, Max: 3.1, Diff: 3.1, Sum: 12.3]
         [Processed Buffers: Min: 0, Avg: 6.2, Max: 17, Diff: 17, Sum: 50]
      [Scan RS (ms): Min: 0.0, Avg: 4.2, Max: 10.5, Diff: 10.5, Sum: 33.7]
      [Code Root Scanning (ms): Min: 0.0, Avg: 0.0, Max: 0.0, Diff: 0.0, Sum: 0.0]
      [Object Copy (ms): Min: 0.0, Avg: 6.6, Max: 9.8, Diff: 9.7, Sum: 52.9]
      [Termination (ms): Min: 0.0, Avg: 0.4, Max: 0.5, Diff: 0.5, Sum: 3.4]
         [Termination Attempts: Min: 1, Avg: 3.0, Max: 7, Diff: 6, Sum: 24]
      [GC Worker Other (ms): Min: 0.0, Avg: 0.0, Max: 0.0, Diff: 0.0, Sum: 0.1]
      [GC Worker Total (ms): Min: 11.2, Avg: 15.6, Max: 17.1, Diff: 5.9, Sum: 124.8]
      [GC Worker End (ms): Min: 20013911.1, Avg: 20013911.2, Max: 20013911.2, Diff: 0.0]
   [Code Root Fixup: 0.0 ms]
   [Code Root Purge: 0.0 ms]
   [Clear CT: 0.1 ms]
   [Other: 1.1 ms]
      [Choose CSet: 0.0 ms]
      [Ref Proc: 0.3 ms]
      [Ref Enq: 0.0 ms]
      [Redirty Cards: 0.1 ms]
      [Humongous Register: 0.1 ms]
      [Humongous Reclaim: 0.0 ms]
      [Free CSet: 0.1 ms]
   [Eden: 44.0M(44.0M)->0.0B(44.0M) Survivors: 7168.0K->7168.0K Heap: 365.3M(1024.0M)->321.6M(1024.0M)]
 [Times: user=0.06 sys=0.01, real=0.02 secs] 
2021-04-23T04:55:36.708+0800: 20036.110: [GC pause (G1 Evacuation Pause) (young), 0.0211928 secs]
   [Parallel Time: 20.1 ms, GC Workers: 8]
      [GC Worker Start (ms): Min: 20036110.7, Avg: 20036110.9, Max: 20036111.2, Diff: 0.5]
      [Ext Root Scanning (ms): Min: 0.5, Avg: 3.5, Max: 7.1, Diff: 6.6, Sum: 27.8]
      [Update RS (ms): Min: 0.0, Avg: 2.3, Max: 6.3, Diff: 6.3, Sum: 18.7]
         [Processed Buffers: Min: 0, Avg: 6.2, Max: 33, Diff: 33, Sum: 50]
      [Scan RS (ms): Min: 0.9, Avg: 2.9, Max: 4.4, Diff: 3.4, Sum: 23.3]
      [Code Root Scanning (ms): Min: 0.0, Avg: 0.0, Max: 0.0, Diff: 0.0, Sum: 0.0]
      [Object Copy (ms): Min: 10.3, Avg: 11.0, Max: 11.7, Diff: 1.5, Sum: 88.0]
      [Termination (ms): Min: 0.0, Avg: 0.1, Max: 0.2, Diff: 0.2, Sum: 0.9]
         [Termination Attempts: Min: 1, Avg: 1.6, Max: 4, Diff: 3, Sum: 13]
      [GC Worker Other (ms): Min: 0.0, Avg: 0.0, Max: 0.0, Diff: 0.0, Sum: 0.1]
      [GC Worker Total (ms): Min: 19.6, Avg: 19.8, Max: 20.0, Diff: 0.5, Sum: 158.8]
      [GC Worker End (ms): Min: 20036130.7, Avg: 20036130.7, Max: 20036130.8, Diff: 0.0]
   [Code Root Fixup: 0.0 ms]
   [Code Root Purge: 0.0 ms]
   [Clear CT: 0.1 ms]
   [Other: 1.0 ms]
      [Choose CSet: 0.0 ms]
      [Ref Proc: 0.3 ms]
      [Ref Enq: 0.0 ms]
      [Redirty Cards: 0.1 ms]
      [Humongous Register: 0.1 ms]
      [Humongous Reclaim: 0.0 ms]
      [Free CSet: 0.1 ms]
   [Eden: 44.0M(44.0M)->0.0B(46.0M) Survivors: 7168.0K->5120.0K Heap: 365.6M(1024.0M)->320.9M(1024.0M)]
 [Times: user=0.06 sys=0.01, real=0.02 secs] 
2021-04-23T04:55:59.849+0800: 20059.252: [GC pause (G1 Evacuation Pause) (young), 0.0169956 secs]
   [Parallel Time: 15.6 ms, GC Workers: 8]
      [GC Worker Start (ms): Min: 20059252.7, Avg: 20059253.8, Max: 20059258.9, Diff: 6.2]
      [Ext Root Scanning (ms): Min: 0.0, Avg: 1.7, Max: 6.5, Diff: 6.5, Sum: 14.0]
      [Update RS (ms): Min: 0.0, Avg: 2.2, Max: 5.7, Diff: 5.7, Sum: 18.0]
         [Processed Buffers: Min: 0, Avg: 6.8, Max: 19, Diff: 19, Sum: 54]
      [Scan RS (ms): Min: 1.4, Avg: 5.9, Max: 11.1, Diff: 9.8, Sum: 47.0]
      [Code Root Scanning (ms): Min: 0.0, Avg: 0.0, Max: 0.0, Diff: 0.0, Sum: 0.0]
      [Object Copy (ms): Min: 0.0, Avg: 4.2, Max: 7.1, Diff: 7.1, Sum: 33.8]
      [Termination (ms): Min: 0.0, Avg: 0.2, Max: 0.4, Diff: 0.4, Sum: 1.5]
         [Termination Attempts: Min: 1, Avg: 3.4, Max: 8, Diff: 7, Sum: 27]
      [GC Worker Other (ms): Min: 0.0, Avg: 0.0, Max: 0.0, Diff: 0.0, Sum: 0.2]
      [GC Worker Total (ms): Min: 9.3, Avg: 14.3, Max: 15.4, Diff: 6.1, Sum: 114.4]
      [GC Worker End (ms): Min: 20059268.0, Avg: 20059268.1, Max: 20059268.2, Diff: 0.2]
   [Code Root Fixup: 0.0 ms]
   [Code Root Purge: 0.0 ms]
   [Clear CT: 0.1 ms]
   [Other: 1.3 ms]
      [Choose CSet: 0.0 ms]
      [Ref Proc: 0.3 ms]
      [Ref Enq: 0.0 ms]
      [Redirty Cards: 0.1 ms]
      [Humongous Register: 0.2 ms]
      [Humongous Reclaim: 0.0 ms]
      [Free CSet: 0.1 ms]
   [Eden: 46.0M(46.0M)->0.0B(47.0M) Survivors: 5120.0K->6144.0K Heap: 366.9M(1024.0M)->322.3M(1024.0M)]
 [Times: user=0.05 sys=0.00, real=0.02 secs] 
2021-04-23T04:56:22.446+0800: 20081.849: [GC pause (G1 Evacuation Pause) (young), 0.0153048 secs]
   [Parallel Time: 13.9 ms, GC Workers: 8]
      [GC Worker Start (ms): Min: 20081849.5, Avg: 20081851.3, Max: 20081857.9, Diff: 8.5]
      [Ext Root Scanning (ms): Min: 0.0, Avg: 1.1, Max: 2.6, Diff: 2.6, Sum: 9.1]
      [Update RS (ms): Min: 0.0, Avg: 2.3, Max: 8.0, Diff: 8.0, Sum: 18.2]
         [Processed Buffers: Min: 0, Avg: 6.1, Max: 22, Diff: 22, Sum: 49]
      [Scan RS (ms): Min: 0.0, Avg: 1.3, Max: 2.4, Diff: 2.4, Sum: 10.6]
      [Code Root Scanning (ms): Min: 0.0, Avg: 0.0, Max: 0.0, Diff: 0.0, Sum: 0.0]
      [Object Copy (ms): Min: 4.2, Avg: 6.8, Max: 8.0, Diff: 3.9, Sum: 54.2]
      [Termination (ms): Min: 0.0, Avg: 0.5, Max: 0.7, Diff: 0.7, Sum: 3.7]
         [Termination Attempts: Min: 1, Avg: 1.1, Max: 2, Diff: 1, Sum: 9]
      [GC Worker Other (ms): Min: 0.0, Avg: 0.0, Max: 0.0, Diff: 0.0, Sum: 0.1]
      [GC Worker Total (ms): Min: 5.4, Avg: 12.0, Max: 13.8, Diff: 8.4, Sum: 96.0]
      [GC Worker End (ms): Min: 20081863.3, Avg: 20081863.3, Max: 20081863.3, Diff: 0.0]
   [Code Root Fixup: 0.0 ms]
   [Code Root Purge: 0.0 ms]
   [Clear CT: 0.1 ms]
   [Other: 1.3 ms]
      [Choose CSet: 0.0 ms]
      [Ref Proc: 0.3 ms]
      [Ref Enq: 0.0 ms]
      [Redirty Cards: 0.1 ms]
      [Humongous Register: 0.2 ms]
      [Humongous Reclaim: 0.0 ms]
      [Free CSet: 0.1 ms]
   [Eden: 45.0M(45.0M)->0.0B(142.0M) Survivors: 6144.0K->7168.0K Heap: 367.3M(1024.0M)->323.5M(1024.0M)]
 [Times: user=0.05 sys=0.01, real=0.02 secs] 
2021-04-23T04:57:34.303+0800: 20153.707: [GC pause (G1 Evacuation Pause) (young), 0.0287518 secs]
   [Parallel Time: 24.8 ms, GC Workers: 8]
      [GC Worker Start (ms): Min: 20153709.3, Avg: 20153710.1, Max: 20153711.3, Diff: 1.9]
      [Ext Root Scanning (ms): Min: 1.4, Avg: 3.0, Max: 6.8, Diff: 5.3, Sum: 24.1]
      [Update RS (ms): Min: 0.0, Avg: 5.7, Max: 10.9, Diff: 10.9, Sum: 45.3]
         [Processed Buffers: Min: 0, Avg: 6.1, Max: 18, Diff: 18, Sum: 49]
      [Scan RS (ms): Min: 0.0, Avg: 2.2, Max: 5.2, Diff: 5.2, Sum: 17.7]
      [Code Root Scanning (ms): Min: 0.0, Avg: 0.0, Max: 0.0, Diff: 0.0, Sum: 0.0]
      [Object Copy (ms): Min: 10.4, Avg: 12.9, Max: 20.2, Diff: 9.8, Sum: 103.2]
      [Termination (ms): Min: 0.0, Avg: 0.0, Max: 0.1, Diff: 0.1, Sum: 0.4]
         [Termination Attempts: Min: 1, Avg: 4.5, Max: 9, Diff: 8, Sum: 36]
      [GC Worker Other (ms): Min: 0.0, Avg: 0.1, Max: 0.1, Diff: 0.1, Sum: 0.5]
      [GC Worker Total (ms): Min: 22.7, Avg: 23.9, Max: 24.7, Diff: 2.0, Sum: 191.2]
      [GC Worker End (ms): Min: 20153733.9, Avg: 20153734.0, Max: 20153734.0, Diff: 0.1]
   [Code Root Fixup: 0.0 ms]
   [Code Root Purge: 0.0 ms]
   [Clear CT: 0.2 ms]
   [Other: 3.7 ms]
      [Choose CSet: 0.0 ms]
      [Ref Proc: 0.8 ms]
      [Ref Enq: 0.0 ms]
      [Redirty Cards: 0.1 ms]
      [Humongous Register: 1.3 ms]
      [Humongous Reclaim: 0.0 ms]
      [Free CSet: 0.4 ms]
   [Eden: 142.0M(142.0M)->0.0B(43.0M) Survivors: 7168.0K->8192.0K Heap: 465.5M(1024.0M)->324.6M(1024.0M)]
 [Times: user=0.09 sys=0.04, real=0.03 secs] 
2021-04-23T04:57:56.833+0800: 20176.237: [GC pause (G1 Evacuation Pause) (young), 0.0295537 secs]
   [Parallel Time: 26.2 ms, GC Workers: 8]
      [GC Worker Start (ms): Min: 20176237.5, Avg: 20176240.3, Max: 20176247.0, Diff: 9.5]
      [Ext Root Scanning (ms): Min: 0.0, Avg: 0.8, Max: 2.4, Diff: 2.4, Sum: 6.7]
      [Update RS (ms): Min: 0.0, Avg: 2.2, Max: 5.4, Diff: 5.4, Sum: 17.7]
         [Processed Buffers: Min: 0, Avg: 5.8, Max: 23, Diff: 23, Sum: 46]
      [Scan RS (ms): Min: 0.0, Avg: 1.8, Max: 3.3, Diff: 3.3, Sum: 14.2]
      [Code Root Scanning (ms): Min: 0.0, Avg: 0.0, Max: 0.0, Diff: 0.0, Sum: 0.0]
      [Object Copy (ms): Min: 16.3, Avg: 18.3, Max: 23.5, Diff: 7.2, Sum: 146.7]
      [Termination (ms): Min: 0.0, Avg: 0.1, Max: 0.1, Diff: 0.1, Sum: 0.5]
         [Termination Attempts: Min: 1, Avg: 1.0, Max: 1, Diff: 0, Sum: 8]
      [GC Worker Other (ms): Min: 0.0, Avg: 0.0, Max: 0.0, Diff: 0.0, Sum: 0.1]
      [GC Worker Total (ms): Min: 16.6, Avg: 23.2, Max: 26.1, Diff: 9.5, Sum: 186.0]
      [GC Worker End (ms): Min: 20176263.6, Avg: 20176263.6, Max: 20176263.6, Diff: 0.0]
   [Code Root Fixup: 0.0 ms]
   [Code Root Purge: 0.0 ms]
   [Clear CT: 0.1 ms]
   [Other: 3.3 ms]
      [Choose CSet: 0.0 ms]
      [Ref Proc: 2.4 ms]
      [Ref Enq: 0.0 ms]
      [Redirty Cards: 0.2 ms]
      [Humongous Register: 0.1 ms]
      [Humongous Reclaim: 0.0 ms]
      [Free CSet: 0.1 ms]
   [Eden: 43.0M(43.0M)->0.0B(46.0M) Survivors: 8192.0K->5120.0K Heap: 367.6M(1024.0M)->324.9M(1024.0M)]
 [Times: user=0.05 sys=0.01, real=0.03 secs] 
2021-04-23T04:58:19.940+0800: 20199.345: [GC pause (G1 Evacuation Pause) (young), 0.0175198 secs]
   [Parallel Time: 16.4 ms, GC Workers: 8]
      [GC Worker Start (ms): Min: 20199345.3, Avg: 20199347.0, Max: 20199357.5, Diff: 12.2]
      [Ext Root Scanning (ms): Min: 0.0, Avg: 3.2, Max: 12.4, Diff: 12.4, Sum: 25.6]
      [Update RS (ms): Min: 0.0, Avg: 2.1, Max: 5.5, Diff: 5.5, Sum: 16.5]
         [Processed Buffers: Min: 0, Avg: 6.1, Max: 20, Diff: 20, Sum: 49]
      [Scan RS (ms): Min: 0.0, Avg: 3.0, Max: 6.4, Diff: 6.4, Sum: 23.9]
      [Code Root Scanning (ms): Min: 0.0, Avg: 0.0, Max: 0.0, Diff: 0.0, Sum: 0.0]
      [Object Copy (ms): Min: 3.8, Avg: 6.3, Max: 10.9, Diff: 7.1, Sum: 50.7]
      [Termination (ms): Min: 0.0, Avg: 0.0, Max: 0.0, Diff: 0.0, Sum: 0.1]
         [Termination Attempts: Min: 1, Avg: 9.0, Max: 16, Diff: 15, Sum: 72]
      [GC Worker Other (ms): Min: 0.0, Avg: 0.0, Max: 0.0, Diff: 0.0, Sum: 0.2]
      [GC Worker Total (ms): Min: 4.1, Avg: 14.6, Max: 16.3, Diff: 12.2, Sum: 116.9]
      [GC Worker End (ms): Min: 20199361.6, Avg: 20199361.6, Max: 20199361.6, Diff: 0.0]
   [Code Root Fixup: 0.0 ms]
   [Code Root Purge: 0.0 ms]
   [Clear CT: 0.1 ms]
   [Other: 1.1 ms]
      [Choose CSet: 0.0 ms]
      [Ref Proc: 0.2 ms]
      [Ref Enq: 0.0 ms]
      [Redirty Cards: 0.0 ms]
      [Humongous Register: 0.2 ms]
      [Humongous Reclaim: 0.0 ms]
      [Free CSet: 0.0 ms]
   [Eden: 46.0M(46.0M)->0.0B(44.0M) Survivors: 5120.0K->7168.0K Heap: 370.9M(1024.0M)->326.4M(1024.0M)]
 [Times: user=0.07 sys=0.00, real=0.01 secs] 
2021-04-23T04:58:42.172+0800: 20221.577: [GC pause (G1 Evacuation Pause) (young), 0.0207992 secs]
   [Parallel Time: 19.1 ms, GC Workers: 8]
      [GC Worker Start (ms): Min: 20221577.4, Avg: 20221577.8, Max: 20221578.8, Diff: 1.4]
      [Ext Root Scanning (ms): Min: 0.0, Avg: 1.0, Max: 2.5, Diff: 2.5, Sum: 8.0]
      [Update RS (ms): Min: 0.0, Avg: 1.5, Max: 3.9, Diff: 3.9, Sum: 11.9]
         [Processed Buffers: Min: 0, Avg: 5.0, Max: 28, Diff: 28, Sum: 40]
      [Scan RS (ms): Min: 0.0, Avg: 2.4, Max: 4.5, Diff: 4.5, Sum: 19.5]
      [Code Root Scanning (ms): Min: 0.0, Avg: 0.0, Max: 0.0, Diff: 0.0, Sum: 0.0]
      [Object Copy (ms): Min: 9.3, Avg: 13.5, Max: 17.7, Diff: 8.4, Sum: 108.3]
      [Termination (ms): Min: 0.0, Avg: 0.1, Max: 0.1, Diff: 0.1, Sum: 0.5]
         [Termination Attempts: Min: 1, Avg: 11.4, Max: 28, Diff: 27, Sum: 91]
      [GC Worker Other (ms): Min: 0.0, Avg: 0.0, Max: 0.1, Diff: 0.0, Sum: 0.2]
      [GC Worker Total (ms): Min: 17.6, Avg: 18.6, Max: 19.0, Diff: 1.4, Sum: 148.5]
      [GC Worker End (ms): Min: 20221596.4, Avg: 20221596.4, Max: 20221596.4, Diff: 0.0]
   [Code Root Fixup: 0.0 ms]
   [Code Root Purge: 0.0 ms]
   [Clear CT: 0.1 ms]
   [Other: 1.5 ms]
      [Choose CSet: 0.0 ms]
      [Ref Proc: 0.4 ms]
      [Ref Enq: 0.0 ms]
      [Redirty Cards: 0.2 ms]
      [Humongous Register: 0.3 ms]
      [Humongous Reclaim: 0.0 ms]
      [Free CSet: 0.1 ms]
   [Eden: 44.0M(44.0M)->0.0B(46.0M) Survivors: 7168.0K->5120.0K Heap: 370.4M(1024.0M)->326.9M(1024.0M)]
 [Times: user=0.07 sys=0.01, real=0.02 secs] 
2021-04-23T04:59:05.432+0800: 20244.838: [GC pause (G1 Evacuation Pause) (young), 0.0211500 secs]
   [Parallel Time: 19.7 ms, GC Workers: 8]
      [GC Worker Start (ms): Min: 20244838.4, Avg: 20244838.7, Max: 20244839.7, Diff: 1.3]
      [Ext Root Scanning (ms): Min: 0.0, Avg: 4.2, Max: 19.3, Diff: 19.3, Sum: 33.9]
      [Update RS (ms): Min: 0.0, Avg: 2.1, Max: 5.2, Diff: 5.2, Sum: 16.6]
         [Processed Buffers: Min: 0, Avg: 6.0, Max: 23, Diff: 23, Sum: 48]
      [Scan RS (ms): Min: 0.0, Avg: 5.3, Max: 11.3, Diff: 11.3, Sum: 42.4]
      [Code Root Scanning (ms): Min: 0.0, Avg: 0.0, Max: 0.0, Diff: 0.0, Sum: 0.0]
      [Object Copy (ms): Min: 0.0, Avg: 5.5, Max: 13.9, Diff: 13.9, Sum: 43.9]
      [Termination (ms): Min: 0.0, Avg: 2.1, Max: 2.5, Diff: 2.5, Sum: 17.1]
         [Termination Attempts: Min: 1, Avg: 1.9, Max: 3, Diff: 2, Sum: 15]
      [GC Worker Other (ms): Min: 0.0, Avg: 0.0, Max: 0.0, Diff: 0.0, Sum: 0.2]
      [GC Worker Total (ms): Min: 18.2, Avg: 19.3, Max: 19.5, Diff: 1.3, Sum: 154.1]
      [GC Worker End (ms): Min: 20244858.0, Avg: 20244858.0, Max: 20244858.0, Diff: 0.0]
   [Code Root Fixup: 0.0 ms]
   [Code Root Purge: 0.0 ms]
   [Clear CT: 0.1 ms]
   [Other: 1.4 ms]
      [Choose CSet: 0.0 ms]
      [Ref Proc: 0.3 ms]
      [Ref Enq: 0.0 ms]
      [Redirty Cards: 0.1 ms]
      [Humongous Register: 0.2 ms]
      [Humongous Reclaim: 0.0 ms]
      [Free CSet: 0.1 ms]
   [Eden: 46.0M(46.0M)->0.0B(45.0M) Survivors: 5120.0K->6144.0K Heap: 372.9M(1024.0M)->327.6M(1024.0M)]
 [Times: user=0.07 sys=0.01, real=0.02 secs] 
2021-04-23T04:59:28.208+0800: 20267.614: [GC pause (G1 Evacuation Pause) (young), 0.0179877 secs]
   [Parallel Time: 16.4 ms, GC Workers: 8]
      [GC Worker Start (ms): Min: 20267614.1, Avg: 20267614.7, Max: 20267618.0, Diff: 3.9]
      [Ext Root Scanning (ms): Min: 0.0, Avg: 2.0, Max: 5.0, Diff: 5.0, Sum: 16.1]
      [Update RS (ms): Min: 0.3, Avg: 6.5, Max: 15.2, Diff: 14.9, Sum: 52.0]
         [Processed Buffers: Min: 1, Avg: 5.5, Max: 18, Diff: 17, Sum: 44]
      [Scan RS (ms): Min: 0.0, Avg: 1.6, Max: 3.2, Diff: 3.2, Sum: 12.7]
      [Code Root Scanning (ms): Min: 0.0, Avg: 0.0, Max: 0.0, Diff: 0.0, Sum: 0.0]
      [Object Copy (ms): Min: 0.0, Avg: 5.1, Max: 10.1, Diff: 10.1, Sum: 41.0]
      [Termination (ms): Min: 0.0, Avg: 0.5, Max: 1.0, Diff: 1.0, Sum: 3.8]
         [Termination Attempts: Min: 1, Avg: 6.0, Max: 14, Diff: 13, Sum: 48]
      [GC Worker Other (ms): Min: 0.0, Avg: 0.0, Max: 0.0, Diff: 0.0, Sum: 0.1]
      [GC Worker Total (ms): Min: 12.5, Avg: 15.7, Max: 16.3, Diff: 3.9, Sum: 125.6]
      [GC Worker End (ms): Min: 20267630.4, Avg: 20267630.4, Max: 20267630.5, Diff: 0.0]
   [Code Root Fixup: 0.0 ms]
   [Code Root Purge: 0.0 ms]
   [Clear CT: 0.1 ms]
   [Other: 1.4 ms]
      [Choose CSet: 0.0 ms]
      [Ref Proc: 0.4 ms]
      [Ref Enq: 0.0 ms]
      [Redirty Cards: 0.1 ms]
      [Humongous Register: 0.2 ms]
      [Humongous Reclaim: 0.0 ms]
      [Free CSet: 0.1 ms]
   [Eden: 45.0M(45.0M)->0.0B(44.0M) Survivors: 6144.0K->7168.0K Heap: 372.6M(1024.0M)->328.7M(1024.0M)]
 [Times: user=0.06 sys=0.00, real=0.02 secs] 
2021-04-23T04:59:50.824+0800: 20290.230: [GC pause (G1 Evacuation Pause) (young), 0.0187649 secs]
   [Parallel Time: 17.4 ms, GC Workers: 8]
      [GC Worker Start (ms): Min: 20290230.6, Avg: 20290230.8, Max: 20290231.1, Diff: 0.5]
      [Ext Root Scanning (ms): Min: 0.7, Avg: 3.1, Max: 6.3, Diff: 5.6, Sum: 24.4]
      [Update RS (ms): Min: 0.0, Avg: 2.6, Max: 7.5, Diff: 7.5, Sum: 20.6]
         [Processed Buffers: Min: 0, Avg: 5.6, Max: 26, Diff: 26, Sum: 45]
      [Scan RS (ms): Min: 0.0, Avg: 3.2, Max: 7.2, Diff: 7.1, Sum: 25.9]
      [Code Root Scanning (ms): Min: 0.0, Avg: 0.0, Max: 0.0, Diff: 0.0, Sum: 0.0]
      [Object Copy (ms): Min: 5.0, Avg: 8.3, Max: 12.2, Diff: 7.2, Sum: 66.6]
      [Termination (ms): Min: 0.0, Avg: 0.0, Max: 0.0, Diff: 0.0, Sum: 0.0]
         [Termination Attempts: Min: 1, Avg: 5.4, Max: 11, Diff: 10, Sum: 43]
      [GC Worker Other (ms): Min: 0.0, Avg: 0.0, Max: 0.0, Diff: 0.0, Sum: 0.2]
      [GC Worker Total (ms): Min: 16.9, Avg: 17.2, Max: 17.4, Diff: 0.5, Sum: 137.6]
      [GC Worker End (ms): Min: 20290248.0, Avg: 20290248.0, Max: 20290248.0, Diff: 0.0]
   [Code Root Fixup: 0.0 ms]
   [Code Root Purge: 0.0 ms]
   [Clear CT: 0.1 ms]
   [Other: 1.2 ms]
      [Choose CSet: 0.0 ms]
      [Ref Proc: 0.3 ms]
      [Ref Enq: 0.0 ms]
      [Redirty Cards: 0.1 ms]
      [Humongous Register: 0.3 ms]
      [Humongous Reclaim: 0.0 ms]
      [Free CSet: 0.1 ms]
   [Eden: 44.0M(44.0M)->0.0B(45.0M) Survivors: 7168.0K->6144.0K Heap: 372.7M(1024.0M)->327.7M(1024.0M)]
 [Times: user=0.06 sys=0.00, real=0.02 secs] 
2021-04-23T05:00:13.516+0800: 20312.923: [GC pause (G1 Evacuation Pause) (young), 0.0230151 secs]
   [Parallel Time: 21.2 ms, GC Workers: 8]
      [GC Worker Start (ms): Min: 20312923.2, Avg: 20312924.0, Max: 20312927.9, Diff: 4.7]
      [Ext Root Scanning (ms): Min: 0.0, Avg: 2.5, Max: 9.4, Diff: 9.4, Sum: 19.8]
      [Update RS (ms): Min: 0.0, Avg: 1.2, Max: 3.2, Diff: 3.2, Sum: 10.0]
         [Processed Buffers: Min: 0, Avg: 5.5, Max: 26, Diff: 26, Sum: 44]
      [Scan RS (ms): Min: 0.0, Avg: 3.2, Max: 5.2, Diff: 5.2, Sum: 25.9]
      [Code Root Scanning (ms): Min: 0.0, Avg: 0.0, Max: 0.0, Diff: 0.0, Sum: 0.0]
      [Object Copy (ms): Min: 11.6, Avg: 13.3, Max: 19.9, Diff: 8.3, Sum: 106.7]
      [Termination (ms): Min: 0.0, Avg: 0.0, Max: 0.0, Diff: 0.0, Sum: 0.1]
         [Termination Attempts: Min: 1, Avg: 13.0, Max: 29, Diff: 28, Sum: 104]
      [GC Worker Other (ms): Min: 0.0, Avg: 0.0, Max: 0.1, Diff: 0.0, Sum: 0.4]
      [GC Worker Total (ms): Min: 16.4, Avg: 20.3, Max: 21.1, Diff: 4.7, Sum: 162.8]
      [GC Worker End (ms): Min: 20312944.3, Avg: 20312944.3, Max: 20312944.3, Diff: 0.0]
   [Code Root Fixup: 0.0 ms]
   [Code Root Purge: 0.0 ms]
   [Clear CT: 0.1 ms]
   [Other: 1.6 ms]
      [Choose CSet: 0.0 ms]
      [Ref Proc: 0.3 ms]
      [Ref Enq: 0.0 ms]
      [Redirty Cards: 0.1 ms]
      [Humongous Register: 0.3 ms]
      [Humongous Reclaim: 0.0 ms]
      [Free CSet: 0.1 ms]
   [Eden: 45.0M(45.0M)->0.0B(45.0M) Survivors: 6144.0K->6144.0K Heap: 372.7M(1024.0M)->328.5M(1024.0M)]
 [Times: user=0.08 sys=0.01, real=0.03 secs] 
2021-04-23T05:00:36.493+0800: 20335.899: [GC pause (G1 Evacuation Pause) (young), 0.0180342 secs]
   [Parallel Time: 16.3 ms, GC Workers: 8]
      [GC Worker Start (ms): Min: 20335899.7, Avg: 20335900.7, Max: 20335906.2, Diff: 6.5]
      [Ext Root Scanning (ms): Min: 0.0, Avg: 4.5, Max: 12.1, Diff: 12.1, Sum: 36.0]
      [Update RS (ms): Min: 0.0, Avg: 1.4, Max: 3.5, Diff: 3.5, Sum: 11.5]
         [Processed Buffers: Min: 0, Avg: 6.0, Max: 16, Diff: 16, Sum: 48]
      [Scan RS (ms): Min: 0.0, Avg: 2.7, Max: 4.5, Diff: 4.5, Sum: 21.9]
      [Code Root Scanning (ms): Min: 0.0, Avg: 0.0, Max: 0.0, Diff: 0.0, Sum: 0.0]
      [Object Copy (ms): Min: 4.0, Avg: 6.6, Max: 8.0, Diff: 4.0, Sum: 52.4]
      [Termination (ms): Min: 0.0, Avg: 0.0, Max: 0.0, Diff: 0.0, Sum: 0.2]
         [Termination Attempts: Min: 1, Avg: 34.0, Max: 50, Diff: 49, Sum: 272]
      [GC Worker Other (ms): Min: 0.0, Avg: 0.0, Max: 0.1, Diff: 0.1, Sum: 0.3]
      [GC Worker Total (ms): Min: 9.8, Avg: 15.3, Max: 16.2, Diff: 6.4, Sum: 122.3]
      [GC Worker End (ms): Min: 20335915.9, Avg: 20335915.9, Max: 20335916.0, Diff: 0.1]
   [Code Root Fixup: 0.0 ms]
   [Code Root Purge: 0.0 ms]
   [Clear CT: 0.2 ms]
   [Other: 1.6 ms]
      [Choose CSet: 0.0 ms]
      [Ref Proc: 0.3 ms]
      [Ref Enq: 0.0 ms]
      [Redirty Cards: 0.2 ms]
      [Humongous Register: 0.3 ms]
      [Humongous Reclaim: 0.0 ms]
      [Free CSet: 0.1 ms]
   [Eden: 45.0M(45.0M)->0.0B(46.0M) Survivors: 6144.0K->5120.0K Heap: 373.5M(1024.0M)->328.0M(1024.0M)]
 [Times: user=0.08 sys=0.00, real=0.02 secs] 
2021-04-23T05:00:59.963+0800: 20359.370: [GC pause (G1 Evacuation Pause) (young), 0.0174855 secs]
   [Parallel Time: 16.0 ms, GC Workers: 8]
      [GC Worker Start (ms): Min: 20359370.1, Avg: 20359371.1, Max: 20359376.7, Diff: 6.6]
      [Ext Root Scanning (ms): Min: 0.0, Avg: 3.9, Max: 9.1, Diff: 9.1, Sum: 31.2]
      [Update RS (ms): Min: 0.0, Avg: 1.5, Max: 3.3, Diff: 3.3, Sum: 11.9]
         [Processed Buffers: Min: 0, Avg: 6.0, Max: 36, Diff: 36, Sum: 48]
      [Scan RS (ms): Min: 0.0, Avg: 2.1, Max: 4.0, Diff: 4.0, Sum: 16.6]
      [Code Root Scanning (ms): Min: 0.0, Avg: 0.0, Max: 0.0, Diff: 0.0, Sum: 0.0]
      [Object Copy (ms): Min: 6.6, Avg: 7.4, Max: 7.8, Diff: 1.1, Sum: 58.8]
      [Termination (ms): Min: 0.0, Avg: 0.1, Max: 0.1, Diff: 0.1, Sum: 0.4]
         [Termination Attempts: Min: 1, Avg: 7.2, Max: 22, Diff: 21, Sum: 58]
      [GC Worker Other (ms): Min: 0.0, Avg: 0.0, Max: 0.0, Diff: 0.0, Sum: 0.2]
      [GC Worker Total (ms): Min: 9.2, Avg: 14.9, Max: 15.9, Diff: 6.6, Sum: 119.1]
      [GC Worker End (ms): Min: 20359385.9, Avg: 20359386.0, Max: 20359386.0, Diff: 0.0]
   [Code Root Fixup: 0.0 ms]
   [Code Root Purge: 0.0 ms]
   [Clear CT: 0.1 ms]
   [Other: 1.4 ms]
      [Choose CSet: 0.0 ms]
      [Ref Proc: 0.2 ms]
      [Ref Enq: 0.0 ms]
      [Redirty Cards: 0.1 ms]
      [Humongous Register: 0.3 ms]
      [Humongous Reclaim: 0.0 ms]
      [Free CSet: 0.1 ms]
   [Eden: 46.0M(46.0M)->0.0B(82.0M) Survivors: 5120.0K->5120.0K Heap: 374.0M(1024.0M)->329.2M(1024.0M)]
 [Times: user=0.07 sys=0.01, real=0.02 secs] 
2021-04-23T05:01:23.055+0800: 20382.462: [GC pause (G1 Evacuation Pause) (young), 0.0200311 secs]
   [Parallel Time: 17.7 ms, GC Workers: 8]
      [GC Worker Start (ms): Min: 20382462.9, Avg: 20382463.2, Max: 20382463.5, Diff: 0.7]
      [Ext Root Scanning (ms): Min: 0.6, Avg: 6.2, Max: 16.6, Diff: 16.0, Sum: 49.8]
      [Update RS (ms): Min: 0.0, Avg: 1.6, Max: 3.6, Diff: 3.6, Sum: 12.6]
         [Processed Buffers: Min: 0, Avg: 6.2, Max: 21, Diff: 21, Sum: 50]
      [Scan RS (ms): Min: 0.0, Avg: 3.7, Max: 11.3, Diff: 11.3, Sum: 29.7]
      [Code Root Scanning (ms): Min: 0.0, Avg: 0.0, Max: 0.0, Diff: 0.0, Sum: 0.0]
      [Object Copy (ms): Min: 0.7, Avg: 5.6, Max: 8.4, Diff: 7.7, Sum: 44.9]
      [Termination (ms): Min: 0.0, Avg: 0.2, Max: 0.2, Diff: 0.2, Sum: 1.3]
         [Termination Attempts: Min: 1, Avg: 4.9, Max: 10, Diff: 9, Sum: 39]
      [GC Worker Other (ms): Min: 0.0, Avg: 0.0, Max: 0.0, Diff: 0.0, Sum: 0.1]
      [GC Worker Total (ms): Min: 16.9, Avg: 17.3, Max: 17.6, Diff: 0.6, Sum: 138.5]
      [GC Worker End (ms): Min: 20382480.5, Avg: 20382480.5, Max: 20382480.5, Diff: 0.0]
   [Code Root Fixup: 0.0 ms]
   [Code Root Purge: 0.0 ms]
   [Clear CT: 0.1 ms]
   [Other: 2.3 ms]
      [Choose CSet: 0.0 ms]
      [Ref Proc: 0.6 ms]
      [Ref Enq: 0.0 ms]
      [Redirty Cards: 0.1 ms]
      [Humongous Register: 0.3 ms]
      [Humongous Reclaim: 0.0 ms]
      [Free CSet: 0.8 ms]
   [Eden: 46.0M(46.0M)->0.0B(44.0M) Survivors: 5120.0K->7168.0K Heap: 375.2M(1024.0M)->331.7M(1024.0M)]
 [Times: user=0.07 sys=0.01, real=0.02 secs] 
2021-04-23T05:01:45.442+0800: 20404.849: [GC pause (G1 Evacuation Pause) (young), 0.0158584 secs]
   [Parallel Time: 14.6 ms, GC Workers: 8]
      [GC Worker Start (ms): Min: 20404850.1, Avg: 20404851.3, Max: 20404858.9, Diff: 8.8]
      [Ext Root Scanning (ms): Min: 0.0, Avg: 3.1, Max: 8.0, Diff: 8.0, Sum: 24.6]
      [Update RS (ms): Min: 0.0, Avg: 1.8, Max: 3.9, Diff: 3.9, Sum: 14.7]
         [Processed Buffers: Min: 0, Avg: 5.5, Max: 31, Diff: 31, Sum: 44]
      [Scan RS (ms): Min: 0.0, Avg: 2.0, Max: 3.6, Diff: 3.6, Sum: 16.2]
      [Code Root Scanning (ms): Min: 0.0, Avg: 0.0, Max: 0.0, Diff: 0.0, Sum: 0.0]
      [Object Copy (ms): Min: 5.6, Avg: 6.3, Max: 6.5, Diff: 0.9, Sum: 50.1]
      [Termination (ms): Min: 0.0, Avg: 0.0, Max: 0.0, Diff: 0.0, Sum: 0.3]
         [Termination Attempts: Min: 1, Avg: 63.6, Max: 87, Diff: 86, Sum: 509]
      [GC Worker Other (ms): Min: 0.0, Avg: 0.0, Max: 0.1, Diff: 0.1, Sum: 0.3]
      [GC Worker Total (ms): Min: 5.7, Avg: 13.3, Max: 14.5, Diff: 8.9, Sum: 106.2]
      [GC Worker End (ms): Min: 20404864.5, Avg: 20404864.6, Max: 20404864.6, Diff: 0.0]
   [Code Root Fixup: 0.0 ms]
   [Code Root Purge: 0.0 ms]
   [Clear CT: 0.1 ms]
   [Other: 1.2 ms]
      [Choose CSet: 0.0 ms]
      [Ref Proc: 0.2 ms]
      [Ref Enq: 0.0 ms]
      [Redirty Cards: 0.1 ms]
      [Humongous Register: 0.3 ms]
      [Humongous Reclaim: 0.0 ms]
      [Free CSet: 0.1 ms]
   [Eden: 44.0M(44.0M)->0.0B(99.0M) Survivors: 7168.0K->5120.0K Heap: 375.7M(1024.0M)->330.4M(1024.0M)]
 [Times: user=0.07 sys=0.01, real=0.01 secs] 
2021-04-23T05:02:08.629+0800: 20428.037: [GC pause (G1 Evacuation Pause) (young), 0.0167254 secs]
   [Parallel Time: 15.4 ms, GC Workers: 8]
      [GC Worker Start (ms): Min: 20428037.7, Avg: 20428038.1, Max: 20428038.5, Diff: 0.7]
      [Ext Root Scanning (ms): Min: 0.8, Avg: 5.3, Max: 9.9, Diff: 9.2, Sum: 42.8]
      [Update RS (ms): Min: 0.0, Avg: 2.2, Max: 4.9, Diff: 4.9, Sum: 17.6]
         [Processed Buffers: Min: 0, Avg: 6.5, Max: 17, Diff: 17, Sum: 52]
      [Scan RS (ms): Min: 0.0, Avg: 2.2, Max: 4.1, Diff: 4.0, Sum: 17.6]
      [Code Root Scanning (ms): Min: 0.0, Avg: 0.0, Max: 0.0, Diff: 0.0, Sum: 0.0]
      [Object Copy (ms): Min: 4.9, Avg: 5.1, Max: 5.2, Diff: 0.2, Sum: 40.4]
      [Termination (ms): Min: 0.0, Avg: 0.1, Max: 0.1, Diff: 0.1, Sum: 1.0]
         [Termination Attempts: Min: 1, Avg: 9.0, Max: 16, Diff: 15, Sum: 72]
      [GC Worker Other (ms): Min: 0.0, Avg: 0.0, Max: 0.0, Diff: 0.0, Sum: 0.2]
      [GC Worker Total (ms): Min: 14.5, Avg: 14.9, Max: 15.3, Diff: 0.7, Sum: 119.6]
      [GC Worker End (ms): Min: 20428053.0, Avg: 20428053.0, Max: 20428053.0, Diff: 0.0]
   [Code Root Fixup: 0.0 ms]
   [Code Root Purge: 0.0 ms]
   [Clear CT: 0.1 ms]
   [Other: 1.2 ms]
      [Choose CSet: 0.0 ms]
      [Ref Proc: 0.2 ms]
      [Ref Enq: 0.0 ms]
      [Redirty Cards: 0.1 ms]
      [Humongous Register: 0.3 ms]
      [Humongous Reclaim: 0.0 ms]
      [Free CSet: 0.1 ms]
   [Eden: 46.0M(46.0M)->0.0B(115.0M) Survivors: 5120.0K->7168.0K Heap: 376.4M(1024.0M)->333.2M(1024.0M)]
 [Times: user=0.08 sys=0.01, real=0.02 secs] 
2021-04-23T05:02:30.769+0800: 20450.177: [GC pause (G1 Evacuation Pause) (young), 0.0190298 secs]
   [Parallel Time: 16.8 ms, GC Workers: 8]
      [GC Worker Start (ms): Min: 20450177.5, Avg: 20450179.2, Max: 20450184.8, Diff: 7.3]
      [Ext Root Scanning (ms): Min: 0.0, Avg: 3.3, Max: 16.5, Diff: 16.5, Sum: 26.5]
      [Update RS (ms): Min: 0.0, Avg: 1.0, Max: 2.6, Diff: 2.6, Sum: 7.9]
         [Processed Buffers: Min: 0, Avg: 6.1, Max: 17, Diff: 17, Sum: 49]
      [Scan RS (ms): Min: 0.0, Avg: 1.9, Max: 3.8, Diff: 3.8, Sum: 15.0]
      [Code Root Scanning (ms): Min: 0.0, Avg: 0.0, Max: 0.0, Diff: 0.0, Sum: 0.0]
      [Object Copy (ms): Min: 0.0, Avg: 8.6, Max: 10.2, Diff: 10.2, Sum: 68.8]
      [Termination (ms): Min: 0.0, Avg: 0.2, Max: 0.3, Diff: 0.3, Sum: 1.8]
         [Termination Attempts: Min: 1, Avg: 3.1, Max: 8, Diff: 7, Sum: 25]
      [GC Worker Other (ms): Min: 0.0, Avg: 0.0, Max: 0.0, Diff: 0.0, Sum: 0.1]
      [GC Worker Total (ms): Min: 9.4, Avg: 15.0, Max: 16.7, Diff: 7.3, Sum: 120.1]
      [GC Worker End (ms): Min: 20450194.1, Avg: 20450194.2, Max: 20450194.2, Diff: 0.2]
   [Code Root Fixup: 0.0 ms]
   [Code Root Purge: 0.0 ms]
   [Clear CT: 0.1 ms]
   [Other: 2.1 ms]
      [Choose CSet: 0.0 ms]
      [Ref Proc: 0.7 ms]
      [Ref Enq: 0.0 ms]
      [Redirty Cards: 0.1 ms]
      [Humongous Register: 0.2 ms]
      [Humongous Reclaim: 0.0 ms]
      [Free CSet: 0.6 ms]
   [Eden: 44.0M(44.0M)->0.0B(97.0M) Survivors: 7168.0K->7168.0K Heap: 377.2M(1024.0M)->334.4M(1024.0M)]
 [Times: user=0.06 sys=0.00, real=0.02 secs] 
2021-04-23T05:02:52.854+0800: 20472.262: [GC pause (G1 Evacuation Pause) (young), 0.0199583 secs]
   [Parallel Time: 18.7 ms, GC Workers: 8]
      [GC Worker Start (ms): Min: 20472262.5, Avg: 20472264.5, Max: 20472270.2, Diff: 7.7]
      [Ext Root Scanning (ms): Min: 0.0, Avg: 2.4, Max: 9.9, Diff: 9.9, Sum: 19.2]
      [Update RS (ms): Min: 0.0, Avg: 1.3, Max: 2.7, Diff: 2.7, Sum: 10.0]
         [Processed Buffers: Min: 0, Avg: 6.2, Max: 18, Diff: 18, Sum: 50]
      [Scan RS (ms): Min: 0.0, Avg: 3.7, Max: 6.4, Diff: 6.4, Sum: 29.8]
      [Code Root Scanning (ms): Min: 0.0, Avg: 0.0, Max: 0.0, Diff: 0.0, Sum: 0.0]
      [Object Copy (ms): Min: 8.4, Avg: 9.2, Max: 10.0, Diff: 1.6, Sum: 73.2]
      [Termination (ms): Min: 0.0, Avg: 0.1, Max: 0.1, Diff: 0.1, Sum: 0.7]
         [Termination Attempts: Min: 1, Avg: 1.0, Max: 1, Diff: 0, Sum: 8]
      [GC Worker Other (ms): Min: 0.0, Avg: 0.0, Max: 0.0, Diff: 0.0, Sum: 0.1]
      [GC Worker Total (ms): Min: 10.9, Avg: 16.6, Max: 18.6, Diff: 7.7, Sum: 133.0]
      [GC Worker End (ms): Min: 20472281.1, Avg: 20472281.1, Max: 20472281.1, Diff: 0.0]
   [Code Root Fixup: 0.0 ms]
   [Code Root Purge: 0.0 ms]
   [Clear CT: 0.1 ms]
   [Other: 1.1 ms]
      [Choose CSet: 0.0 ms]
      [Ref Proc: 0.3 ms]
      [Ref Enq: 0.0 ms]
      [Redirty Cards: 0.1 ms]
      [Humongous Register: 0.1 ms]
      [Humongous Reclaim: 0.0 ms]
      [Free CSet: 0.1 ms]
   [Eden: 44.0M(44.0M)->0.0B(99.0M) Survivors: 7168.0K->5120.0K Heap: 378.4M(1024.0M)->334.0M(1024.0M)]
 [Times: user=0.05 sys=0.00, real=0.02 secs] 
2021-04-23T05:03:43.404+0800: 20522.813: [GC pause (G1 Evacuation Pause) (young), 0.0176399 secs]
   [Parallel Time: 16.4 ms, GC Workers: 8]
      [GC Worker Start (ms): Min: 20522813.7, Avg: 20522813.8, Max: 20522814.2, Diff: 0.5]
      [Ext Root Scanning (ms): Min: 0.6, Avg: 4.7, Max: 12.7, Diff: 12.1, Sum: 37.7]
      [Update RS (ms): Min: 0.0, Avg: 2.4, Max: 5.2, Diff: 5.2, Sum: 19.4]
         [Processed Buffers: Min: 0, Avg: 6.9, Max: 25, Diff: 25, Sum: 55]
      [Scan RS (ms): Min: 0.0, Avg: 2.4, Max: 5.0, Diff: 5.0, Sum: 18.9]
      [Code Root Scanning (ms): Min: 0.0, Avg: 0.0, Max: 0.0, Diff: 0.0, Sum: 0.0]
      [Object Copy (ms): Min: 3.5, Avg: 6.6, Max: 12.3, Diff: 8.8, Sum: 52.8]
      [Termination (ms): Min: 0.0, Avg: 0.0, Max: 0.0, Diff: 0.0, Sum: 0.0]
         [Termination Attempts: Min: 1, Avg: 3.0, Max: 7, Diff: 6, Sum: 24]
      [GC Worker Other (ms): Min: 0.0, Avg: 0.1, Max: 0.1, Diff: 0.0, Sum: 0.4]
      [GC Worker Total (ms): Min: 15.8, Avg: 16.2, Max: 16.3, Diff: 0.5, Sum: 129.2]
      [GC Worker End (ms): Min: 20522830.0, Avg: 20522830.0, Max: 20522830.0, Diff: 0.0]
   [Code Root Fixup: 0.0 ms]
   [Code Root Purge: 0.0 ms]
   [Clear CT: 0.1 ms]
   [Other: 1.1 ms]
      [Choose CSet: 0.0 ms]
      [Ref Proc: 0.1 ms]
      [Ref Enq: 0.0 ms]
      [Redirty Cards: 0.1 ms]
      [Humongous Register: 0.2 ms]
      [Humongous Reclaim: 0.0 ms]
      [Free CSet: 0.1 ms]
   [Eden: 99.0M(99.0M)->0.0B(110.0M) Survivors: 5120.0K->6144.0K Heap: 433.0M(1024.0M)->334.9M(1024.0M)]
 [Times: user=0.08 sys=0.00, real=0.02 secs] 
2021-04-23T05:04:39.665+0800: 20579.074: [GC pause (G1 Evacuation Pause) (young), 0.0197781 secs]
   [Parallel Time: 17.6 ms, GC Workers: 8]
      [GC Worker Start (ms): Min: 20579075.6, Avg: 20579076.1, Max: 20579078.2, Diff: 2.6]
      [Ext Root Scanning (ms): Min: 0.0, Avg: 4.3, Max: 10.0, Diff: 10.0, Sum: 34.6]
      [Update RS (ms): Min: 0.0, Avg: 3.9, Max: 10.1, Diff: 10.1, Sum: 31.4]
         [Processed Buffers: Min: 0, Avg: 5.5, Max: 15, Diff: 15, Sum: 44]
      [Scan RS (ms): Min: 0.0, Avg: 1.1, Max: 2.3, Diff: 2.3, Sum: 8.8]
      [Code Root Scanning (ms): Min: 0.0, Avg: 0.0, Max: 0.0, Diff: 0.0, Sum: 0.0]
      [Object Copy (ms): Min: 4.8, Avg: 7.5, Max: 12.9, Diff: 8.1, Sum: 60.0]
      [Termination (ms): Min: 0.0, Avg: 0.0, Max: 0.0, Diff: 0.0, Sum: 0.1]
         [Termination Attempts: Min: 1, Avg: 15.0, Max: 24, Diff: 23, Sum: 120]
      [GC Worker Other (ms): Min: 0.0, Avg: 0.1, Max: 0.1, Diff: 0.1, Sum: 0.6]
      [GC Worker Total (ms): Min: 14.8, Avg: 16.9, Max: 17.5, Diff: 2.7, Sum: 135.5]
      [GC Worker End (ms): Min: 20579093.0, Avg: 20579093.1, Max: 20579093.1, Diff: 0.1]
   [Code Root Fixup: 0.0 ms]
   [Code Root Purge: 0.0 ms]
   [Clear CT: 0.1 ms]
   [Other: 2.0 ms]
      [Choose CSet: 0.0 ms]
      [Ref Proc: 0.3 ms]
      [Ref Enq: 0.0 ms]
      [Redirty Cards: 0.1 ms]
      [Humongous Register: 0.6 ms]
      [Humongous Reclaim: 0.0 ms]
      [Free CSet: 0.2 ms]
   [Eden: 110.0M(110.0M)->0.0B(102.0M) Survivors: 6144.0K->8192.0K Heap: 444.9M(1024.0M)->337.0M(1024.0M)]
 [Times: user=0.08 sys=0.01, real=0.02 secs] 
2021-04-23T05:05:01.489+0800: 20600.899: [GC pause (G1 Evacuation Pause) (young), 0.0292279 secs]
   [Parallel Time: 27.4 ms, GC Workers: 8]
      [GC Worker Start (ms): Min: 20600899.3, Avg: 20600900.8, Max: 20600908.6, Diff: 9.4]
      [Ext Root Scanning (ms): Min: 0.0, Avg: 3.1, Max: 9.2, Diff: 9.2, Sum: 24.5]
      [Update RS (ms): Min: 0.0, Avg: 1.9, Max: 4.3, Diff: 4.3, Sum: 15.0]
         [Processed Buffers: Min: 0, Avg: 6.2, Max: 37, Diff: 37, Sum: 50]
      [Scan RS (ms): Min: 0.2, Avg: 2.4, Max: 4.3, Diff: 4.2, Sum: 18.9]
      [Code Root Scanning (ms): Min: 0.0, Avg: 0.0, Max: 0.0, Diff: 0.0, Sum: 0.0]
      [Object Copy (ms): Min: 17.2, Avg: 18.2, Max: 23.9, Diff: 6.7, Sum: 145.5]
      [Termination (ms): Min: 0.0, Avg: 0.2, Max: 0.4, Diff: 0.4, Sum: 1.5]
         [Termination Attempts: Min: 1, Avg: 6.6, Max: 17, Diff: 16, Sum: 53]
      [GC Worker Other (ms): Min: 0.0, Avg: 0.1, Max: 0.1, Diff: 0.1, Sum: 0.5]
      [GC Worker Total (ms): Min: 17.9, Avg: 25.7, Max: 27.2, Diff: 9.3, Sum: 205.9]
      [GC Worker End (ms): Min: 20600926.5, Avg: 20600926.5, Max: 20600926.5, Diff: 0.0]
   [Code Root Fixup: 0.0 ms]
   [Code Root Purge: 0.0 ms]
   [Clear CT: 0.1 ms]
   [Other: 1.7 ms]
      [Choose CSet: 0.0 ms]
      [Ref Proc: 0.4 ms]
      [Ref Enq: 0.0 ms]
      [Redirty Cards: 0.1 ms]
      [Humongous Register: 0.3 ms]
      [Humongous Reclaim: 0.0 ms]
      [Free CSet: 0.2 ms]
   [Eden: 43.0M(43.0M)->0.0B(44.0M) Survivors: 8192.0K->7168.0K Heap: 380.0M(1024.0M)->338.2M(1024.0M)]
 [Times: user=0.09 sys=0.02, real=0.03 secs] 
2021-04-23T05:05:24.121+0800: 20623.531: [GC pause (G1 Evacuation Pause) (young), 0.0175863 secs]
   [Parallel Time: 16.3 ms, GC Workers: 8]
      [GC Worker Start (ms): Min: 20623531.7, Avg: 20623533.0, Max: 20623540.7, Diff: 9.0]
      [Ext Root Scanning (ms): Min: 0.0, Avg: 3.8, Max: 9.5, Diff: 9.5, Sum: 30.3]
      [Update RS (ms): Min: 0.0, Avg: 1.6, Max: 3.7, Diff: 3.7, Sum: 12.9]
         [Processed Buffers: Min: 0, Avg: 6.5, Max: 31, Diff: 31, Sum: 52]
      [Scan RS (ms): Min: 0.0, Avg: 2.6, Max: 4.8, Diff: 4.8, Sum: 21.0]
      [Code Root Scanning (ms): Min: 0.0, Avg: 0.0, Max: 0.0, Diff: 0.0, Sum: 0.0]
      [Object Copy (ms): Min: 6.6, Avg: 6.9, Max: 7.0, Diff: 0.3, Sum: 54.9]
      [Termination (ms): Min: 0.0, Avg: 0.0, Max: 0.0, Diff: 0.0, Sum: 0.3]
         [Termination Attempts: Min: 1, Avg: 15.2, Max: 29, Diff: 28, Sum: 122]
      [GC Worker Other (ms): Min: 0.0, Avg: 0.0, Max: 0.0, Diff: 0.0, Sum: 0.2]
      [GC Worker Total (ms): Min: 7.2, Avg: 14.9, Max: 16.2, Diff: 9.0, Sum: 119.6]
      [GC Worker End (ms): Min: 20623547.9, Avg: 20623547.9, Max: 20623547.9, Diff: 0.0]
   [Code Root Fixup: 0.0 ms]
   [Code Root Purge: 0.0 ms]
   [Clear CT: 0.1 ms]
   [Other: 1.2 ms]
      [Choose CSet: 0.0 ms]
      [Ref Proc: 0.2 ms]
      [Ref Enq: 0.0 ms]
      [Redirty Cards: 0.1 ms]
      [Humongous Register: 0.3 ms]
      [Humongous Reclaim: 0.0 ms]
      [Free CSet: 0.1 ms]
   [Eden: 44.0M(44.0M)->0.0B(64.0M) Survivors: 7168.0K->7168.0K Heap: 382.2M(1024.0M)->340.8M(1024.0M)]
 [Times: user=0.07 sys=0.01, real=0.01 secs] 
2021-04-23T05:05:57.271+0800: 20656.682: [GC pause (G1 Evacuation Pause) (young), 0.0156713 secs]
   [Parallel Time: 14.1 ms, GC Workers: 8]
      [GC Worker Start (ms): Min: 20656682.2, Avg: 20656684.6, Max: 20656693.7, Diff: 11.6]
      [Ext Root Scanning (ms): Min: 0.0, Avg: 1.5, Max: 5.4, Diff: 5.4, Sum: 12.3]
      [Update RS (ms): Min: 0.0, Avg: 1.4, Max: 2.9, Diff: 2.9, Sum: 11.0]
         [Processed Buffers: Min: 0, Avg: 6.4, Max: 18, Diff: 18, Sum: 51]
      [Scan RS (ms): Min: 0.0, Avg: 3.0, Max: 8.1, Diff: 8.1, Sum: 23.6]
      [Code Root Scanning (ms): Min: 0.0, Avg: 0.0, Max: 0.0, Diff: 0.0, Sum: 0.0]
      [Object Copy (ms): Min: 2.2, Avg: 5.5, Max: 7.7, Diff: 5.5, Sum: 43.8]
      [Termination (ms): Min: 0.0, Avg: 0.1, Max: 0.3, Diff: 0.3, Sum: 1.0]
         [Termination Attempts: Min: 1, Avg: 2.4, Max: 6, Diff: 5, Sum: 19]
      [GC Worker Other (ms): Min: 0.0, Avg: 0.0, Max: 0.0, Diff: 0.0, Sum: 0.1]
      [GC Worker Total (ms): Min: 2.2, Avg: 11.5, Max: 14.0, Diff: 11.8, Sum: 91.8]
      [GC Worker End (ms): Min: 20656696.0, Avg: 20656696.1, Max: 20656696.3, Diff: 0.3]
   [Code Root Fixup: 0.0 ms]
   [Code Root Purge: 0.0 ms]
   [Clear CT: 0.2 ms]
   [Other: 1.4 ms]
      [Choose CSet: 0.0 ms]
      [Ref Proc: 0.5 ms]
      [Ref Enq: 0.0 ms]
      [Redirty Cards: 0.2 ms]
      [Humongous Register: 0.1 ms]
      [Humongous Reclaim: 0.0 ms]
      [Free CSet: 0.1 ms]
   [Eden: 64.0M(64.0M)->0.0B(99.0M) Survivors: 7168.0K->7168.0K Heap: 404.8M(1024.0M)->340.7M(1024.0M)]
 [Times: user=0.05 sys=0.01, real=0.01 secs] 
2021-04-23T05:06:47.905+0800: 20707.316: [GC pause (G1 Evacuation Pause) (young), 0.0164380 secs]
   [Parallel Time: 15.5 ms, GC Workers: 8]
      [GC Worker Start (ms): Min: 20707316.3, Avg: 20707318.5, Max: 20707324.9, Diff: 8.6]
      [Ext Root Scanning (ms): Min: 0.0, Avg: 2.6, Max: 8.6, Diff: 8.6, Sum: 20.5]
      [Update RS (ms): Min: 0.0, Avg: 2.2, Max: 4.7, Diff: 4.7, Sum: 17.8]
         [Processed Buffers: Min: 0, Avg: 6.5, Max: 20, Diff: 20, Sum: 52]
      [Scan RS (ms): Min: 0.0, Avg: 1.8, Max: 3.4, Diff: 3.3, Sum: 14.1]
      [Code Root Scanning (ms): Min: 0.0, Avg: 0.0, Max: 0.0, Diff: 0.0, Sum: 0.0]
      [Object Copy (ms): Min: 6.7, Avg: 6.7, Max: 6.8, Diff: 0.2, Sum: 53.7]
      [Termination (ms): Min: 0.0, Avg: 0.0, Max: 0.0, Diff: 0.0, Sum: 0.2]
         [Termination Attempts: Min: 2, Avg: 18.8, Max: 38, Diff: 36, Sum: 150]
      [GC Worker Other (ms): Min: 0.0, Avg: 0.0, Max: 0.1, Diff: 0.0, Sum: 0.3]
      [GC Worker Total (ms): Min: 6.8, Avg: 13.3, Max: 15.5, Diff: 8.7, Sum: 106.7]
      [GC Worker End (ms): Min: 20707331.8, Avg: 20707331.8, Max: 20707331.8, Diff: 0.1]
   [Code Root Fixup: 0.0 ms]
   [Code Root Purge: 0.0 ms]
   [Clear CT: 0.1 ms]
   [Other: 0.8 ms]
      [Choose CSet: 0.0 ms]
      [Ref Proc: 0.2 ms]
      [Ref Enq: 0.0 ms]
      [Redirty Cards: 0.1 ms]
      [Humongous Register: 0.1 ms]
      [Humongous Reclaim: 0.0 ms]
      [Free CSet: 0.1 ms]
   [Eden: 99.0M(99.0M)->0.0B(139.0M) Survivors: 7168.0K->8192.0K Heap: 439.7M(1024.0M)->341.3M(1024.0M)]
 [Times: user=0.06 sys=0.00, real=0.02 secs] 
2021-04-23T05:07:59.517+0800: 20778.929: [GC pause (G1 Evacuation Pause) (young), 0.0391683 secs]
   [Parallel Time: 37.2 ms, GC Workers: 8]
      [GC Worker Start (ms): Min: 20778929.2, Avg: 20778931.2, Max: 20778938.8, Diff: 9.6]
      [Ext Root Scanning (ms): Min: 0.0, Avg: 3.1, Max: 9.9, Diff: 9.9, Sum: 25.0]
      [Update RS (ms): Min: 0.0, Avg: 2.9, Max: 7.7, Diff: 7.7, Sum: 23.4]
         [Processed Buffers: Min: 0, Avg: 6.8, Max: 17, Diff: 17, Sum: 54]
      [Scan RS (ms): Min: 0.0, Avg: 1.4, Max: 3.0, Diff: 3.0, Sum: 11.4]
      [Code Root Scanning (ms): Min: 0.0, Avg: 0.0, Max: 0.0, Diff: 0.0, Sum: 0.0]
      [Object Copy (ms): Min: 26.5, Avg: 27.5, Max: 28.1, Diff: 1.7, Sum: 219.7]
      [Termination (ms): Min: 0.0, Avg: 0.0, Max: 0.0, Diff: 0.0, Sum: 0.2]
         [Termination Attempts: Min: 1, Avg: 24.8, Max: 33, Diff: 32, Sum: 198]
      [GC Worker Other (ms): Min: 0.0, Avg: 0.1, Max: 0.2, Diff: 0.2, Sum: 0.8]
      [GC Worker Total (ms): Min: 27.6, Avg: 35.1, Max: 37.1, Diff: 9.5, Sum: 280.5]
      [GC Worker End (ms): Min: 20778966.2, Avg: 20778966.3, Max: 20778966.4, Diff: 0.2]
   [Code Root Fixup: 0.0 ms]
   [Code Root Purge: 0.0 ms]
   [Clear CT: 0.2 ms]
   [Other: 1.7 ms]
      [Choose CSet: 0.0 ms]
      [Ref Proc: 0.4 ms]
      [Ref Enq: 0.0 ms]
      [Redirty Cards: 0.2 ms]
      [Humongous Register: 0.3 ms]
      [Humongous Reclaim: 0.0 ms]
      [Free CSet: 0.2 ms]
   [Eden: 139.0M(139.0M)->0.0B(42.0M) Survivors: 8192.0K->9216.0K Heap: 480.3M(1024.0M)->342.3M(1024.0M)]
 [Times: user=0.09 sys=0.02, real=0.04 secs] 
2021-04-23T05:08:21.097+0800: 20800.509: [GC pause (G1 Evacuation Pause) (young), 0.0388770 secs]
   [Parallel Time: 37.4 ms, GC Workers: 8]
      [GC Worker Start (ms): Min: 20800509.2, Avg: 20800510.6, Max: 20800518.9, Diff: 9.7]
      [Ext Root Scanning (ms): Min: 0.0, Avg: 3.8, Max: 9.6, Diff: 9.6, Sum: 30.8]
      [Update RS (ms): Min: 0.0, Avg: 1.9, Max: 4.2, Diff: 4.2, Sum: 14.8]
         [Processed Buffers: Min: 0, Avg: 6.5, Max: 24, Diff: 24, Sum: 52]
      [Scan RS (ms): Min: 0.0, Avg: 2.4, Max: 4.3, Diff: 4.3, Sum: 19.1]
      [Code Root Scanning (ms): Min: 0.0, Avg: 0.0, Max: 0.0, Diff: 0.0, Sum: 0.0]
      [Object Copy (ms): Min: 27.6, Avg: 27.9, Max: 28.2, Diff: 0.6, Sum: 222.9]
      [Termination (ms): Min: 0.0, Avg: 0.0, Max: 0.0, Diff: 0.0, Sum: 0.1]
         [Termination Attempts: Min: 1, Avg: 1.1, Max: 2, Diff: 1, Sum: 9]
      [GC Worker Other (ms): Min: 0.0, Avg: 0.0, Max: 0.0, Diff: 0.0, Sum: 0.2]
      [GC Worker Total (ms): Min: 27.7, Avg: 36.0, Max: 37.3, Diff: 9.7, Sum: 287.9]
      [GC Worker End (ms): Min: 20800546.6, Avg: 20800546.6, Max: 20800546.6, Diff: 0.0]
   [Code Root Fixup: 0.0 ms]
   [Code Root Purge: 0.0 ms]
   [Clear CT: 0.1 ms]
   [Other: 1.3 ms]
      [Choose CSet: 0.0 ms]
      [Ref Proc: 0.3 ms]
      [Ref Enq: 0.0 ms]
      [Redirty Cards: 0.1 ms]
      [Humongous Register: 0.2 ms]
      [Humongous Reclaim: 0.0 ms]
      [Free CSet: 0.1 ms]
   [Eden: 42.0M(42.0M)->0.0B(44.0M) Survivors: 9216.0K->7168.0K Heap: 384.3M(1024.0M)->343.5M(1024.0M)]
 [Times: user=0.08 sys=0.02, real=0.04 secs] 
2021-04-23T05:09:13.609+0800: 20823.393: [GC pause (G1 Evacuation Pause) (young), 0.0218942 secs]
   [Parallel Time: 20.4 ms, GC Workers: 8]
      [GC Worker Start (ms): Min: 20823393.9, Avg: 20823394.2, Max: 20823395.1, Diff: 1.2]
      [Ext Root Scanning (ms): Min: 0.0, Avg: 2.3, Max: 6.8, Diff: 6.8, Sum: 18.8]
      [Update RS (ms): Min: 0.0, Avg: 4.1, Max: 8.7, Diff: 8.7, Sum: 33.0]
         [Processed Buffers: Min: 0, Avg: 6.9, Max: 22, Diff: 22, Sum: 55]
      [Scan RS (ms): Min: 0.0, Avg: 3.2, Max: 5.2, Diff: 5.2, Sum: 25.3]
      [Code Root Scanning (ms): Min: 0.0, Avg: 0.0, Max: 0.0, Diff: 0.0, Sum: 0.0]
      [Object Copy (ms): Min: 8.4, Avg: 10.3, Max: 19.1, Diff: 10.7, Sum: 82.0]
      [Termination (ms): Min: 0.0, Avg: 0.0, Max: 0.0, Diff: 0.0, Sum: 0.1]
         [Termination Attempts: Min: 1, Avg: 3.5, Max: 6, Diff: 5, Sum: 28]
      [GC Worker Other (ms): Min: 0.0, Avg: 0.0, Max: 0.1, Diff: 0.1, Sum: 0.4]
      [GC Worker Total (ms): Min: 19.0, Avg: 20.0, Max: 20.2, Diff: 1.2, Sum: 159.6]
      [GC Worker End (ms): Min: 20823414.2, Avg: 20823414.2, Max: 20823414.2, Diff: 0.1]
   [Code Root Fixup: 0.0 ms]
   [Code Root Purge: 0.0 ms]
   [Clear CT: 0.1 ms]
   [Other: 1.4 ms]
      [Choose CSet: 0.0 ms]
      [Ref Proc: 0.2 ms]
      [Ref Enq: 0.0 ms]
      [Redirty Cards: 0.1 ms]
      [Humongous Register: 0.3 ms]
      [Humongous Reclaim: 0.0 ms]
      [Free CSet: 0.1 ms]
   [Eden: 44.0M(44.0M)->0.0B(44.0M) Survivors: 7168.0K->7168.0K Heap: 387.5M(1024.0M)->346.1M(1024.0M)]
 [Times: user=0.08 sys=0.02, real=0.03 secs] 
2021-04-23T05:09:36.061+0800: 20845.841: [GC pause (G1 Evacuation Pause) (young), 0.0175644 secs]
   [Parallel Time: 16.0 ms, GC Workers: 8]
      [GC Worker Start (ms): Min: 20845841.7, Avg: 20845842.0, Max: 20845842.6, Diff: 0.9]
      [Ext Root Scanning (ms): Min: 0.4, Avg: 3.9, Max: 9.0, Diff: 8.6, Sum: 31.0]
      [Update RS (ms): Min: 0.0, Avg: 1.7, Max: 3.9, Diff: 3.9, Sum: 13.8]
         [Processed Buffers: Min: 0, Avg: 5.8, Max: 26, Diff: 26, Sum: 46]
      [Scan RS (ms): Min: 0.1, Avg: 2.4, Max: 4.9, Diff: 4.8, Sum: 19.1]
      [Code Root Scanning (ms): Min: 0.0, Avg: 0.0, Max: 0.0, Diff: 0.0, Sum: 0.0]
      [Object Copy (ms): Min: 6.0, Avg: 7.5, Max: 14.1, Diff: 8.1, Sum: 59.9]
      [Termination (ms): Min: 0.0, Avg: 0.1, Max: 0.2, Diff: 0.2, Sum: 0.8]
         [Termination Attempts: Min: 1, Avg: 3.2, Max: 6, Diff: 5, Sum: 26]
      [GC Worker Other (ms): Min: 0.0, Avg: 0.0, Max: 0.0, Diff: 0.0, Sum: 0.2]
      [GC Worker Total (ms): Min: 15.1, Avg: 15.6, Max: 15.9, Diff: 0.8, Sum: 124.7]
      [GC Worker End (ms): Min: 20845857.5, Avg: 20845857.6, Max: 20845857.6, Diff: 0.1]
   [Code Root Fixup: 0.0 ms]
   [Code Root Purge: 0.0 ms]
   [Clear CT: 0.1 ms]
   [Other: 1.4 ms]
      [Choose CSet: 0.0 ms]
      [Ref Proc: 0.2 ms]
      [Ref Enq: 0.0 ms]
      [Redirty Cards: 0.1 ms]
      [Humongous Register: 0.3 ms]
      [Humongous Reclaim: 0.0 ms]
      [Free CSet: 0.1 ms]
   [Eden: 44.0M(44.0M)->0.0B(46.0M) Survivors: 7168.0K->5120.0K Heap: 390.1M(1024.0M)->346.4M(1024.0M)]
 [Times: user=0.07 sys=0.00, real=0.01 secs] 
2021-04-23T07:33:42.705+0800: 21659.216: [GC pause (G1 Evacuation Pause) (young), 0.0625919 secs]
   [Parallel Time: 57.8 ms, GC Workers: 8]
      [GC Worker Start (ms): Min: 21659219.2, Avg: 21659220.1, Max: 21659221.1, Diff: 1.9]
      [Ext Root Scanning (ms): Min: 0.0, Avg: 5.6, Max: 19.5, Diff: 19.5, Sum: 44.9]
      [Update RS (ms): Min: 17.3, Avg: 27.0, Max: 36.2, Diff: 18.9, Sum: 215.8]
         [Processed Buffers: Min: 2, Avg: 6.1, Max: 20, Diff: 18, Sum: 49]
      [Scan RS (ms): Min: 0.0, Avg: 1.7, Max: 2.8, Diff: 2.8, Sum: 13.6]
      [Code Root Scanning (ms): Min: 0.0, Avg: 0.0, Max: 0.0, Diff: 0.0, Sum: 0.0]
      [Object Copy (ms): Min: 13.3, Avg: 14.9, Max: 16.5, Diff: 3.2, Sum: 118.8]
      [Termination (ms): Min: 0.9, Avg: 2.8, Max: 3.9, Diff: 3.0, Sum: 22.3]
         [Termination Attempts: Min: 64, Avg: 73.2, Max: 102, Diff: 38, Sum: 586]
      [GC Worker Other (ms): Min: 0.0, Avg: 4.7, Max: 18.4, Diff: 18.3, Sum: 37.8]
      [GC Worker Total (ms): Min: 55.7, Avg: 56.6, Max: 57.6, Diff: 1.8, Sum: 453.2]
      [GC Worker End (ms): Min: 21659276.7, Avg: 21659276.8, Max: 21659276.8, Diff: 0.1]
   [Code Root Fixup: 0.0 ms]
   [Code Root Purge: 0.0 ms]
   [Clear CT: 0.1 ms]
   [Other: 4.7 ms]
      [Choose CSet: 0.0 ms]
      [Ref Proc: 0.3 ms]
      [Ref Enq: 0.0 ms]
      [Redirty Cards: 0.1 ms]
      [Humongous Register: 1.9 ms]
      [Humongous Reclaim: 0.0 ms]
      [Free CSet: 0.5 ms]
   [Eden: 46.0M(46.0M)->0.0B(45.0M) Survivors: 5120.0K->6144.0K Heap: 392.4M(1024.0M)->347.2M(1024.0M)]
 [Times: user=0.08 sys=0.11, real=0.06 secs] 
2021-04-23T11:27:50.172+0800: 24348.397: [GC pause (G1 Evacuation Pause) (young), 0.0451208 secs]
   [Parallel Time: 39.4 ms, GC Workers: 8]
      [GC Worker Start (ms): Min: 24348400.1, Avg: 24348400.3, Max: 24348400.5, Diff: 0.5]
      [Ext Root Scanning (ms): Min: 1.1, Avg: 2.8, Max: 12.2, Diff: 11.1, Sum: 22.5]
      [Update RS (ms): Min: 1.0, Avg: 9.9, Max: 14.7, Diff: 13.7, Sum: 79.6]
         [Processed Buffers: Min: 1, Avg: 5.1, Max: 17, Diff: 16, Sum: 41]
      [Scan RS (ms): Min: 1.8, Avg: 4.7, Max: 6.2, Diff: 4.4, Sum: 37.9]
      [Code Root Scanning (ms): Min: 0.0, Avg: 0.0, Max: 0.0, Diff: 0.0, Sum: 0.0]
      [Object Copy (ms): Min: 17.3, Avg: 18.9, Max: 20.6, Diff: 3.3, Sum: 151.2]
      [Termination (ms): Min: 1.3, Avg: 2.6, Max: 3.9, Diff: 2.5, Sum: 21.0]
         [Termination Attempts: Min: 5, Avg: 31.4, Max: 49, Diff: 44, Sum: 251]
      [GC Worker Other (ms): Min: 0.0, Avg: 0.0, Max: 0.0, Diff: 0.0, Sum: 0.2]
      [GC Worker Total (ms): Min: 38.8, Avg: 39.1, Max: 39.3, Diff: 0.5, Sum: 312.5]
      [GC Worker End (ms): Min: 24348439.3, Avg: 24348439.3, Max: 24348439.4, Diff: 0.0]
   [Code Root Fixup: 0.0 ms]
   [Code Root Purge: 0.0 ms]
   [Clear CT: 0.5 ms]
   [Other: 5.1 ms]
      [Choose CSet: 0.0 ms]
      [Ref Proc: 1.6 ms]
      [Ref Enq: 0.0 ms]
      [Redirty Cards: 0.1 ms]
      [Humongous Register: 1.1 ms]
      [Humongous Reclaim: 0.0 ms]
      [Free CSet: 0.3 ms]
   [Eden: 45.0M(45.0M)->0.0B(46.0M) Survivors: 6144.0K->5120.0K Heap: 392.2M(1024.0M)->348.3M(1024.0M)]
 [Times: user=0.07 sys=0.09, real=0.04 secs] 
2021-04-23T12:13:33.734+0800: 27092.004: [GC pause (G1 Evacuation Pause) (young), 0.0175374 secs]
   [Parallel Time: 15.0 ms, GC Workers: 8]
      [GC Worker Start (ms): Min: 27092004.3, Avg: 27092006.6, Max: 27092015.9, Diff: 11.6]
      [Ext Root Scanning (ms): Min: 0.0, Avg: 1.2, Max: 5.0, Diff: 5.0, Sum: 9.6]
      [Update RS (ms): Min: 0.0, Avg: 3.4, Max: 10.4, Diff: 10.4, Sum: 26.8]
         [Processed Buffers: Min: 0, Avg: 5.0, Max: 28, Diff: 28, Sum: 40]
      [Scan RS (ms): Min: 0.0, Avg: 1.8, Max: 3.3, Diff: 3.3, Sum: 14.1]
      [Code Root Scanning (ms): Min: 0.0, Avg: 0.0, Max: 0.0, Diff: 0.0, Sum: 0.0]
      [Object Copy (ms): Min: 2.2, Avg: 5.3, Max: 7.1, Diff: 4.9, Sum: 42.1]
      [Termination (ms): Min: 0.0, Avg: 0.5, Max: 1.1, Diff: 1.1, Sum: 4.4]
         [Termination Attempts: Min: 1, Avg: 2.4, Max: 6, Diff: 5, Sum: 19]
      [GC Worker Other (ms): Min: 0.0, Avg: 0.0, Max: 0.0, Diff: 0.0, Sum: 0.2]
      [GC Worker Total (ms): Min: 2.3, Avg: 12.1, Max: 14.9, Diff: 12.6, Sum: 97.2]
      [GC Worker End (ms): Min: 27092018.2, Avg: 27092018.7, Max: 27092019.2, Diff: 1.0]
   [Code Root Fixup: 0.0 ms]
   [Code Root Purge: 0.0 ms]
   [Clear CT: 0.1 ms]
   [Other: 2.4 ms]
      [Choose CSet: 0.0 ms]
      [Ref Proc: 1.7 ms]
      [Ref Enq: 0.0 ms]
      [Redirty Cards: 0.1 ms]
      [Humongous Register: 0.2 ms]
      [Humongous Reclaim: 0.0 ms]
      [Free CSet: 0.1 ms]
   [Eden: 46.0M(46.0M)->0.0B(44.0M) Survivors: 5120.0K->7168.0K Heap: 394.3M(1024.0M)->349.8M(1024.0M)]
 [Times: user=0.06 sys=0.01, real=0.02 secs] 
2021-04-23T13:27:04.297+0800: 29711.391: [GC pause (G1 Evacuation Pause) (young), 0.0310435 secs]
   [Parallel Time: 24.3 ms, GC Workers: 8]
      [GC Worker Start (ms): Min: 29711395.0, Avg: 29711395.5, Max: 29711395.8, Diff: 0.9]
      [Ext Root Scanning (ms): Min: 2.6, Avg: 4.5, Max: 10.6, Diff: 7.9, Sum: 35.8]
      [Update RS (ms): Min: 0.5, Avg: 6.7, Max: 9.5, Diff: 9.0, Sum: 53.8]
         [Processed Buffers: Min: 1, Avg: 4.9, Max: 31, Diff: 30, Sum: 39]
      [Scan RS (ms): Min: 0.0, Avg: 2.5, Max: 3.8, Diff: 3.8, Sum: 19.9]
      [Code Root Scanning (ms): Min: 0.0, Avg: 0.0, Max: 0.0, Diff: 0.0, Sum: 0.0]
      [Object Copy (ms): Min: 7.1, Avg: 8.2, Max: 9.5, Diff: 2.4, Sum: 65.5]
      [Termination (ms): Min: 0.1, Avg: 1.6, Max: 2.2, Diff: 2.1, Sum: 12.9]
         [Termination Attempts: Min: 3, Avg: 13.0, Max: 24, Diff: 21, Sum: 104]
      [GC Worker Other (ms): Min: 0.0, Avg: 0.0, Max: 0.0, Diff: 0.0, Sum: 0.2]
      [GC Worker Total (ms): Min: 23.2, Avg: 23.5, Max: 24.1, Diff: 0.9, Sum: 188.1]
      [GC Worker End (ms): Min: 29711419.1, Avg: 29711419.1, Max: 29711419.1, Diff: 0.0]
   [Code Root Fixup: 0.0 ms]
   [Code Root Purge: 0.0 ms]
   [Clear CT: 0.1 ms]
   [Other: 6.7 ms]
      [Choose CSet: 0.0 ms]
      [Ref Proc: 2.0 ms]
      [Ref Enq: 0.0 ms]
      [Redirty Cards: 0.1 ms]
      [Humongous Register: 1.2 ms]
      [Humongous Reclaim: 0.0 ms]
      [Free CSet: 0.2 ms]
   [Eden: 44.0M(44.0M)->0.0B(46.0M) Survivors: 7168.0K->5120.0K Heap: 393.8M(1024.0M)->347.6M(1024.0M)]
 [Times: user=0.05 sys=0.07, real=0.04 secs] 
2021-04-23T15:01:01.488+0800: 32440.130: [GC pause (G1 Evacuation Pause) (young), 0.0683383 secs]
   [Parallel Time: 55.4 ms, GC Workers: 8]
      [GC Worker Start (ms): Min: 32440140.6, Avg: 32440141.6, Max: 32440141.9, Diff: 1.3]
      [Ext Root Scanning (ms): Min: 5.3, Avg: 6.8, Max: 13.9, Diff: 8.6, Sum: 54.3]
      [Update RS (ms): Min: 0.0, Avg: 5.6, Max: 7.1, Diff: 7.1, Sum: 44.7]
         [Processed Buffers: Min: 0, Avg: 4.9, Max: 26, Diff: 26, Sum: 39]
      [Scan RS (ms): Min: 0.5, Avg: 1.2, Max: 2.0, Diff: 1.5, Sum: 9.7]
      [Code Root Scanning (ms): Min: 0.0, Avg: 0.1, Max: 0.5, Diff: 0.5, Sum: 0.5]
      [Object Copy (ms): Min: 6.3, Avg: 15.2, Max: 40.3, Diff: 33.9, Sum: 121.9]
      [Termination (ms): Min: 0.3, Avg: 24.7, Max: 33.0, Diff: 32.7, Sum: 198.0]
         [Termination Attempts: Min: 8, Avg: 87.1, Max: 117, Diff: 109, Sum: 697]
      [GC Worker Other (ms): Min: 0.0, Avg: 0.4, Max: 0.7, Diff: 0.6, Sum: 3.1]
      [GC Worker Total (ms): Min: 53.6, Avg: 54.0, Max: 55.0, Diff: 1.3, Sum: 432.1]
      [GC Worker End (ms): Min: 32440195.6, Avg: 32440195.6, Max: 32440195.6, Diff: 0.0]
   [Code Root Fixup: 0.0 ms]
   [Code Root Purge: 0.0 ms]
   [Clear CT: 0.4 ms]
   [Other: 12.5 ms]
      [Choose CSet: 0.0 ms]
      [Ref Proc: 1.5 ms]
      [Ref Enq: 0.0 ms]
      [Redirty Cards: 0.0 ms]
      [Humongous Register: 4.8 ms]
      [Humongous Reclaim: 0.0 ms]
      [Free CSet: 0.2 ms]
   [Eden: 46.0M(46.0M)->0.0B(45.0M) Survivors: 5120.0K->6144.0K Heap: 393.6M(1024.0M)->349.1M(1024.0M)]
 [Times: user=0.17 sys=0.09, real=0.07 secs] 
2021-04-23T15:45:39.217+0800: 35117.909: [GC pause (G1 Evacuation Pause) (young), 0.0343615 secs]
   [Parallel Time: 27.9 ms, GC Workers: 8]
      [GC Worker Start (ms): Min: 35117912.3, Avg: 35117912.6, Max: 35117913.0, Diff: 0.7]
      [Ext Root Scanning (ms): Min: 1.5, Avg: 2.6, Max: 7.6, Diff: 6.1, Sum: 20.9]
      [Update RS (ms): Min: 2.4, Avg: 7.2, Max: 8.7, Diff: 6.3, Sum: 57.9]
         [Processed Buffers: Min: 0, Avg: 5.2, Max: 23, Diff: 23, Sum: 42]
      [Scan RS (ms): Min: 3.1, Avg: 4.0, Max: 6.1, Diff: 3.0, Sum: 32.2]
      [Code Root Scanning (ms): Min: 0.0, Avg: 0.0, Max: 0.1, Diff: 0.1, Sum: 0.1]
      [Object Copy (ms): Min: 11.1, Avg: 12.9, Max: 14.0, Diff: 2.8, Sum: 103.2]
      [Termination (ms): Min: 0.2, Avg: 0.6, Max: 0.7, Diff: 0.5, Sum: 4.5]
         [Termination Attempts: Min: 10, Avg: 12.6, Max: 15, Diff: 5, Sum: 101]
      [GC Worker Other (ms): Min: 0.0, Avg: 0.1, Max: 0.2, Diff: 0.2, Sum: 0.6]
      [GC Worker Total (ms): Min: 27.0, Avg: 27.4, Max: 27.7, Diff: 0.7, Sum: 219.3]
      [GC Worker End (ms): Min: 35117940.0, Avg: 35117940.0, Max: 35117940.0, Diff: 0.0]
   [Code Root Fixup: 0.1 ms]
   [Code Root Purge: 0.0 ms]
   [Clear CT: 0.2 ms]
   [Other: 6.1 ms]
      [Choose CSet: 0.0 ms]
      [Ref Proc: 2.2 ms]
      [Ref Enq: 0.0 ms]
      [Redirty Cards: 0.1 ms]
      [Humongous Register: 0.9 ms]
      [Humongous Reclaim: 0.0 ms]
      [Free CSet: 0.4 ms]
   [Eden: 45.0M(45.0M)->0.0B(44.0M) Survivors: 6144.0K->7168.0K Heap: 394.1M(1024.0M)->350.1M(1024.0M)]
 [Times: user=0.05 sys=0.06, real=0.04 secs] 
2021-04-23T20:49:45.316+0800: 37735.853: [GC pause (G1 Evacuation Pause) (young), 0.0339585 secs]
   [Parallel Time: 30.6 ms, GC Workers: 8]
      [GC Worker Start (ms): Min: 37735854.6, Avg: 37735855.0, Max: 37735855.4, Diff: 0.8]
      [Ext Root Scanning (ms): Min: 1.6, Avg: 2.8, Max: 8.8, Diff: 7.3, Sum: 22.3]
      [Update RS (ms): Min: 0.0, Avg: 5.8, Max: 8.1, Diff: 8.1, Sum: 46.4]
         [Processed Buffers: Min: 0, Avg: 5.6, Max: 23, Diff: 23, Sum: 45]
      [Scan RS (ms): Min: 2.3, Avg: 3.4, Max: 4.4, Diff: 2.1, Sum: 27.5]
      [Code Root Scanning (ms): Min: 0.0, Avg: 0.0, Max: 0.1, Diff: 0.1, Sum: 0.1]
      [Object Copy (ms): Min: 10.8, Avg: 13.4, Max: 18.6, Diff: 7.8, Sum: 107.3]
      [Termination (ms): Min: 0.0, Avg: 4.4, Max: 5.9, Diff: 5.9, Sum: 35.1]
         [Termination Attempts: Min: 1, Avg: 24.2, Max: 33, Diff: 32, Sum: 194]
      [GC Worker Other (ms): Min: 0.0, Avg: 0.0, Max: 0.1, Diff: 0.1, Sum: 0.3]
      [GC Worker Total (ms): Min: 29.5, Avg: 29.9, Max: 30.3, Diff: 0.8, Sum: 239.1]
      [GC Worker End (ms): Min: 37735884.9, Avg: 37735884.9, Max: 37735884.9, Diff: 0.0]
   [Code Root Fixup: 0.0 ms]
   [Code Root Purge: 0.0 ms]
   [Clear CT: 0.2 ms]
   [Other: 3.2 ms]
      [Choose CSet: 0.0 ms]
      [Ref Proc: 0.7 ms]
      [Ref Enq: 0.0 ms]
      [Redirty Cards: 0.1 ms]
      [Humongous Register: 0.9 ms]
      [Humongous Reclaim: 0.0 ms]
      [Free CSet: 0.3 ms]
   [Eden: 44.0M(44.0M)->0.0B(46.0M) Survivors: 7168.0K->5120.0K Heap: 394.1M(1024.0M)->348.1M(1024.0M)]
 [Times: user=0.06 sys=0.06, real=0.04 secs] 
2021-04-23T21:38:14.123+0800: 40470.474: [GC pause (G1 Evacuation Pause) (young), 0.1207478 secs]
   [Parallel Time: 93.6 ms, GC Workers: 8]
      [GC Worker Start (ms): Min: 40470493.2, Avg: 40470495.8, Max: 40470498.1, Diff: 5.0]
      [Ext Root Scanning (ms): Min: 8.8, Avg: 12.9, Max: 32.9, Diff: 24.1, Sum: 103.1]
      [Update RS (ms): Min: 0.0, Avg: 10.8, Max: 14.8, Diff: 14.8, Sum: 86.5]
         [Processed Buffers: Min: 0, Avg: 5.9, Max: 20, Diff: 20, Sum: 47]
      [Scan RS (ms): Min: 0.0, Avg: 4.3, Max: 6.2, Diff: 6.2, Sum: 34.2]
      [Code Root Scanning (ms): Min: 0.0, Avg: 0.0, Max: 0.1, Diff: 0.1, Sum: 0.1]
      [Object Copy (ms): Min: 11.7, Avg: 24.8, Max: 51.2, Diff: 39.5, Sum: 198.5]
      [Termination (ms): Min: 9.0, Avg: 36.6, Max: 49.3, Diff: 40.3, Sum: 292.4]
         [Termination Attempts: Min: 18, Avg: 56.6, Max: 95, Diff: 77, Sum: 453]
      [GC Worker Other (ms): Min: 0.0, Avg: 1.1, Max: 2.5, Diff: 2.4, Sum: 9.2]
      [GC Worker Total (ms): Min: 88.1, Avg: 90.5, Max: 93.1, Diff: 5.0, Sum: 724.0]
      [GC Worker End (ms): Min: 40470586.3, Avg: 40470586.3, Max: 40470586.3, Diff: 0.0]
   [Code Root Fixup: 0.1 ms]
   [Code Root Purge: 0.0 ms]
   [Clear CT: 0.8 ms]
   [Other: 26.2 ms]
      [Choose CSet: 0.0 ms]
      [Ref Proc: 3.6 ms]
      [Ref Enq: 0.0 ms]
      [Redirty Cards: 0.0 ms]
      [Humongous Register: 7.1 ms]
      [Humongous Reclaim: 0.0 ms]
      [Free CSet: 0.9 ms]
   [Eden: 46.0M(46.0M)->0.0B(44.0M) Survivors: 5120.0K->7168.0K Heap: 394.1M(1024.0M)->350.4M(1024.0M)]
 [Times: user=0.25 sys=0.12, real=0.12 secs] 
2021-04-23T22:21:50.808+0800: 43087.156: [GC pause (G1 Evacuation Pause) (young), 0.0555720 secs]
   [Parallel Time: 40.4 ms, GC Workers: 8]
      [GC Worker Start (ms): Min: 43087168.4, Avg: 43087169.1, Max: 43087169.6, Diff: 1.2]
      [Ext Root Scanning (ms): Min: 3.9, Avg: 5.5, Max: 14.4, Diff: 10.6, Sum: 44.2]
      [Update RS (ms): Min: 0.0, Avg: 6.5, Max: 7.9, Diff: 7.9, Sum: 52.2]
         [Processed Buffers: Min: 0, Avg: 5.5, Max: 15, Diff: 15, Sum: 44]
      [Scan RS (ms): Min: 0.8, Avg: 2.1, Max: 2.7, Diff: 1.9, Sum: 16.7]
      [Code Root Scanning (ms): Min: 0.0, Avg: 0.0, Max: 0.0, Diff: 0.0, Sum: 0.1]
      [Object Copy (ms): Min: 7.6, Avg: 12.1, Max: 20.9, Diff: 13.2, Sum: 96.5]
      [Termination (ms): Min: 3.4, Avg: 12.6, Max: 16.6, Diff: 13.2, Sum: 100.6]
         [Termination Attempts: Min: 27, Avg: 47.5, Max: 70, Diff: 43, Sum: 380]
      [GC Worker Other (ms): Min: 0.0, Avg: 0.3, Max: 0.6, Diff: 0.6, Sum: 2.7]
      [GC Worker Total (ms): Min: 38.6, Avg: 39.1, Max: 39.8, Diff: 1.2, Sum: 312.9]
      [GC Worker End (ms): Min: 43087208.2, Avg: 43087208.2, Max: 43087208.3, Diff: 0.0]
   [Code Root Fixup: 0.1 ms]
   [Code Root Purge: 0.0 ms]
   [Clear CT: 0.4 ms]
   [Other: 14.7 ms]
      [Choose CSet: 0.0 ms]
      [Ref Proc: 1.2 ms]
      [Ref Enq: 0.0 ms]
      [Redirty Cards: 0.0 ms]
      [Humongous Register: 4.5 ms]
      [Humongous Reclaim: 0.0 ms]
      [Free CSet: 0.6 ms]
   [Eden: 44.0M(44.0M)->0.0B(44.0M) Survivors: 7168.0K->7168.0K Heap: 394.4M(1024.0M)->349.8M(1024.0M)]
 [Times: user=0.11 sys=0.08, real=0.06 secs] 
2021-04-23T23:05:56.479+0800: 45732.866: [GC pause (G1 Evacuation Pause) (young), 0.0185052 secs]
   [Parallel Time: 15.2 ms, GC Workers: 8]
      [GC Worker Start (ms): Min: 45732867.2, Avg: 45732867.5, Max: 45732867.9, Diff: 0.6]
      [Ext Root Scanning (ms): Min: 2.0, Avg: 5.4, Max: 11.1, Diff: 9.1, Sum: 43.5]
      [Update RS (ms): Min: 0.0, Avg: 1.3, Max: 3.4, Diff: 3.4, Sum: 10.4]
         [Processed Buffers: Min: 0, Avg: 5.5, Max: 20, Diff: 20, Sum: 44]
      [Scan RS (ms): Min: 0.0, Avg: 2.0, Max: 5.2, Diff: 5.2, Sum: 15.9]
      [Code Root Scanning (ms): Min: 0.0, Avg: 0.0, Max: 0.0, Diff: 0.0, Sum: 0.0]
      [Object Copy (ms): Min: 3.0, Avg: 5.3, Max: 6.6, Diff: 3.6, Sum: 42.1]
      [Termination (ms): Min: 0.0, Avg: 0.4, Max: 0.4, Diff: 0.4, Sum: 2.8]
         [Termination Attempts: Min: 1, Avg: 1.2, Max: 2, Diff: 1, Sum: 10]
      [GC Worker Other (ms): Min: 0.0, Avg: 0.1, Max: 0.5, Diff: 0.5, Sum: 0.7]
      [GC Worker Total (ms): Min: 14.0, Avg: 14.4, Max: 14.7, Diff: 0.6, Sum: 115.6]
      [GC Worker End (ms): Min: 45732881.9, Avg: 45732881.9, Max: 45732882.3, Diff: 0.5]
   [Code Root Fixup: 0.1 ms]
   [Code Root Purge: 0.0 ms]
   [Clear CT: 0.2 ms]
   [Other: 3.1 ms]
      [Choose CSet: 0.0 ms]
      [Ref Proc: 1.1 ms]
      [Ref Enq: 0.0 ms]
      [Redirty Cards: 0.1 ms]
      [Humongous Register: 0.5 ms]
      [Humongous Reclaim: 0.0 ms]
      [Free CSet: 0.3 ms]
   [Eden: 44.0M(44.0M)->0.0B(45.0M) Survivors: 7168.0K->6144.0K Heap: 393.8M(1024.0M)->349.2M(1024.0M)]
 [Times: user=0.05 sys=0.02, real=0.02 secs] 
2021-04-23T23:51:01.950+0800: 48438.402: [GC pause (G1 Evacuation Pause) (young), 0.0317115 secs]
   [Parallel Time: 24.8 ms, GC Workers: 8]
      [GC Worker Start (ms): Min: 48438406.4, Avg: 48438406.9, Max: 48438407.3, Diff: 0.9]
      [Ext Root Scanning (ms): Min: 2.6, Avg: 4.4, Max: 11.6, Diff: 9.0, Sum: 34.9]
      [Update RS (ms): Min: 0.6, Avg: 6.2, Max: 7.5, Diff: 6.9, Sum: 49.5]
         [Processed Buffers: Min: 0, Avg: 5.5, Max: 22, Diff: 22, Sum: 44]
      [Scan RS (ms): Min: 1.5, Avg: 2.6, Max: 3.5, Diff: 2.0, Sum: 21.0]
      [Code Root Scanning (ms): Min: 0.0, Avg: 0.0, Max: 0.1, Diff: 0.1, Sum: 0.1]
      [Object Copy (ms): Min: 9.3, Avg: 10.0, Max: 11.5, Diff: 2.2, Sum: 80.2]
      [Termination (ms): Min: 0.0, Avg: 0.5, Max: 0.5, Diff: 0.5, Sum: 3.7]
         [Termination Attempts: Min: 1, Avg: 2.8, Max: 7, Diff: 6, Sum: 22]
      [GC Worker Other (ms): Min: 0.0, Avg: 0.4, Max: 0.9, Diff: 0.9, Sum: 3.3]
      [GC Worker Total (ms): Min: 23.7, Avg: 24.1, Max: 24.6, Diff: 0.9, Sum: 192.6]
      [GC Worker End (ms): Min: 48438430.9, Avg: 48438431.0, Max: 48438431.0, Diff: 0.0]
   [Code Root Fixup: 0.1 ms]
   [Code Root Purge: 0.0 ms]
   [Clear CT: 0.1 ms]
   [Other: 6.8 ms]
      [Choose CSet: 0.0 ms]
      [Ref Proc: 1.6 ms]
      [Ref Enq: 0.0 ms]
      [Redirty Cards: 0.1 ms]
      [Humongous Register: 2.1 ms]
      [Humongous Reclaim: 0.0 ms]
      [Free CSet: 0.6 ms]
   [Eden: 45.0M(45.0M)->0.0B(44.0M) Survivors: 6144.0K->7168.0K Heap: 394.2M(1024.0M)->349.8M(1024.0M)]
 [Times: user=0.05 sys=0.07, real=0.03 secs] 
2021-04-24T00:26:16.725+0800: 50553.222: [GC pause (G1 Evacuation Pause) (young), 0.0253413 secs]
   [Parallel Time: 21.9 ms, GC Workers: 8]
      [GC Worker Start (ms): Min: 50553223.6, Avg: 50553224.0, Max: 50553224.4, Diff: 0.7]
      [Ext Root Scanning (ms): Min: 1.5, Avg: 2.4, Max: 4.3, Diff: 2.9, Sum: 18.9]
      [Update RS (ms): Min: 0.7, Avg: 3.9, Max: 7.3, Diff: 6.7, Sum: 31.1]
         [Processed Buffers: Min: 0, Avg: 6.0, Max: 26, Diff: 26, Sum: 48]
      [Scan RS (ms): Min: 0.7, Avg: 3.8, Max: 7.1, Diff: 6.4, Sum: 30.3]
      [Code Root Scanning (ms): Min: 0.0, Avg: 0.4, Max: 3.0, Diff: 3.0, Sum: 3.0]
      [Object Copy (ms): Min: 8.3, Avg: 10.7, Max: 11.6, Diff: 3.3, Sum: 85.7]
      [Termination (ms): Min: 0.0, Avg: 0.3, Max: 0.4, Diff: 0.4, Sum: 2.4]
         [Termination Attempts: Min: 6, Avg: 26.1, Max: 35, Diff: 29, Sum: 209]
      [GC Worker Other (ms): Min: 0.0, Avg: 0.0, Max: 0.1, Diff: 0.1, Sum: 0.3]
      [GC Worker Total (ms): Min: 21.1, Avg: 21.5, Max: 21.8, Diff: 0.8, Sum: 171.6]
      [GC Worker End (ms): Min: 50553245.4, Avg: 50553245.4, Max: 50553245.5, Diff: 0.0]
   [Code Root Fixup: 0.0 ms]
   [Code Root Purge: 0.0 ms]
   [Clear CT: 0.2 ms]
   [Other: 3.2 ms]
      [Choose CSet: 0.0 ms]
      [Ref Proc: 1.0 ms]
      [Ref Enq: 0.0 ms]
      [Redirty Cards: 0.1 ms]
      [Humongous Register: 0.5 ms]
      [Humongous Reclaim: 0.0 ms]
      [Free CSet: 0.3 ms]
   [Eden: 44.0M(44.0M)->0.0B(44.0M) Survivors: 7168.0K->7168.0K Heap: 393.8M(1024.0M)->350.6M(1024.0M)]
 [Times: user=0.06 sys=0.03, real=0.03 secs] 
2021-04-24T00:26:39.612+0800: 50576.110: [GC pause (G1 Evacuation Pause) (young), 0.0290855 secs]
   [Parallel Time: 27.1 ms, GC Workers: 8]
      [GC Worker Start (ms): Min: 50576110.0, Avg: 50576110.2, Max: 50576110.4, Diff: 0.3]
      [Ext Root Scanning (ms): Min: 0.5, Avg: 2.3, Max: 3.9, Diff: 3.3, Sum: 18.0]
      [Update RS (ms): Min: 0.0, Avg: 0.6, Max: 1.3, Diff: 1.3, Sum: 4.4]
         [Processed Buffers: Min: 0, Avg: 5.1, Max: 18, Diff: 18, Sum: 41]
      [Scan RS (ms): Min: 0.0, Avg: 2.3, Max: 3.6, Diff: 3.5, Sum: 18.6]
      [Code Root Scanning (ms): Min: 0.0, Avg: 0.0, Max: 0.0, Diff: 0.0, Sum: 0.1]
      [Object Copy (ms): Min: 20.3, Avg: 21.1, Max: 22.5, Diff: 2.2, Sum: 168.7]
      [Termination (ms): Min: 0.0, Avg: 0.4, Max: 0.6, Diff: 0.6, Sum: 2.9]
         [Termination Attempts: Min: 1, Avg: 3.4, Max: 8, Diff: 7, Sum: 27]
      [GC Worker Other (ms): Min: 0.0, Avg: 0.0, Max: 0.0, Diff: 0.0, Sum: 0.1]
      [GC Worker Total (ms): Min: 26.2, Avg: 26.6, Max: 26.9, Diff: 0.6, Sum: 212.8]
      [GC Worker End (ms): Min: 50576136.6, Avg: 50576136.8, Max: 50576137.0, Diff: 0.4]
   [Code Root Fixup: 0.1 ms]
   [Code Root Purge: 0.0 ms]
   [Clear CT: 0.2 ms]
   [Other: 1.7 ms]
      [Choose CSet: 0.0 ms]
      [Ref Proc: 0.8 ms]
      [Ref Enq: 0.0 ms]
      [Redirty Cards: 0.1 ms]
      [Humongous Register: 0.2 ms]
      [Humongous Reclaim: 0.0 ms]
      [Free CSet: 0.1 ms]
   [Eden: 44.0M(44.0M)->0.0B(46.0M) Survivors: 7168.0K->5120.0K Heap: 394.6M(1024.0M)->350.1M(1024.0M)]
 [Times: user=0.06 sys=0.02, real=0.03 secs] 
2021-04-24T00:27:04.089+0800: 50600.587: [GC pause (G1 Evacuation Pause) (young), 0.0147683 secs]
   [Parallel Time: 13.4 ms, GC Workers: 8]
      [GC Worker Start (ms): Min: 50600587.8, Avg: 50600588.4, Max: 50600590.5, Diff: 2.7]
      [Ext Root Scanning (ms): Min: 0.0, Avg: 4.4, Max: 9.2, Diff: 9.1, Sum: 34.8]
      [Update RS (ms): Min: 0.0, Avg: 1.1, Max: 3.0, Diff: 3.0, Sum: 8.8]
         [Processed Buffers: Min: 0, Avg: 5.9, Max: 22, Diff: 22, Sum: 47]
      [Scan RS (ms): Min: 0.1, Avg: 2.7, Max: 5.8, Diff: 5.7, Sum: 21.3]
      [Code Root Scanning (ms): Min: 0.0, Avg: 0.3, Max: 2.6, Diff: 2.6, Sum: 2.6]
      [Object Copy (ms): Min: 2.8, Avg: 4.3, Max: 5.0, Diff: 2.2, Sum: 34.1]
      [Termination (ms): Min: 0.0, Avg: 0.1, Max: 0.1, Diff: 0.1, Sum: 0.9]
         [Termination Attempts: Min: 1, Avg: 2.0, Max: 4, Diff: 3, Sum: 16]
      [GC Worker Other (ms): Min: 0.0, Avg: 0.0, Max: 0.1, Diff: 0.0, Sum: 0.2]
      [GC Worker Total (ms): Min: 10.7, Avg: 12.8, Max: 13.4, Diff: 2.7, Sum: 102.8]
      [GC Worker End (ms): Min: 50600601.2, Avg: 50600601.2, Max: 50600601.2, Diff: 0.0]
   [Code Root Fixup: 0.0 ms]
   [Code Root Purge: 0.0 ms]
   [Clear CT: 0.1 ms]
   [Other: 1.2 ms]
      [Choose CSet: 0.0 ms]
      [Ref Proc: 0.2 ms]
      [Ref Enq: 0.0 ms]
      [Redirty Cards: 0.1 ms]
      [Humongous Register: 0.2 ms]
      [Humongous Reclaim: 0.0 ms]
      [Free CSet: 0.1 ms]
   [Eden: 46.0M(46.0M)->0.0B(46.0M) Survivors: 5120.0K->5120.0K Heap: 396.1M(1024.0M)->350.3M(1024.0M)]
 [Times: user=0.04 sys=0.00, real=0.02 secs] 
2021-04-24T00:27:28.570+0800: 50625.069: [GC pause (G1 Evacuation Pause) (young), 0.0159172 secs]
   [Parallel Time: 14.2 ms, GC Workers: 8]
      [GC Worker Start (ms): Min: 50625069.6, Avg: 50625069.8, Max: 50625070.1, Diff: 0.5]
      [Ext Root Scanning (ms): Min: 0.6, Avg: 4.5, Max: 14.0, Diff: 13.4, Sum: 36.3]
      [Update RS (ms): Min: 0.0, Avg: 1.7, Max: 7.3, Diff: 7.3, Sum: 13.2]
         [Processed Buffers: Min: 0, Avg: 5.4, Max: 17, Diff: 17, Sum: 43]
      [Scan RS (ms): Min: 0.0, Avg: 2.1, Max: 3.6, Diff: 3.6, Sum: 16.6]
      [Code Root Scanning (ms): Min: 0.0, Avg: 0.0, Max: 0.0, Diff: 0.0, Sum: 0.1]
      [Object Copy (ms): Min: 0.0, Avg: 3.3, Max: 4.4, Diff: 4.4, Sum: 26.1]
      [Termination (ms): Min: 0.0, Avg: 2.3, Max: 2.7, Diff: 2.7, Sum: 18.5]
         [Termination Attempts: Min: 1, Avg: 3.5, Max: 8, Diff: 7, Sum: 28]
      [GC Worker Other (ms): Min: 0.0, Avg: 0.0, Max: 0.1, Diff: 0.1, Sum: 0.2]
      [GC Worker Total (ms): Min: 13.5, Avg: 13.9, Max: 14.1, Diff: 0.5, Sum: 111.0]
      [GC Worker End (ms): Min: 50625083.7, Avg: 50625083.7, Max: 50625083.7, Diff: 0.0]
   [Code Root Fixup: 0.0 ms]
   [Code Root Purge: 0.0 ms]
   [Clear CT: 0.1 ms]
   [Other: 1.5 ms]
      [Choose CSet: 0.0 ms]
      [Ref Proc: 0.3 ms]
      [Ref Enq: 0.0 ms]
      [Redirty Cards: 0.1 ms]
      [Humongous Register: 0.2 ms]
      [Humongous Reclaim: 0.0 ms]
      [Free CSet: 0.1 ms]
   [Eden: 46.0M(46.0M)->0.0B(47.0M) Survivors: 5120.0K->4096.0K Heap: 396.3M(1024.0M)->349.6M(1024.0M)]
 [Times: user=0.06 sys=0.01, real=0.01 secs] 
2021-04-24T00:27:53.895+0800: 50650.394: [GC pause (G1 Evacuation Pause) (young), 0.0168705 secs]
   [Parallel Time: 15.5 ms, GC Workers: 8]
      [GC Worker Start (ms): Min: 50650394.0, Avg: 50650396.5, Max: 50650404.2, Diff: 10.2]
      [Ext Root Scanning (ms): Min: 0.0, Avg: 2.9, Max: 9.9, Diff: 9.9, Sum: 23.4]
      [Update RS (ms): Min: 0.0, Avg: 0.6, Max: 1.3, Diff: 1.3, Sum: 4.9]
         [Processed Buffers: Min: 0, Avg: 4.9, Max: 16, Diff: 16, Sum: 39]
      [Scan RS (ms): Min: 0.0, Avg: 1.6, Max: 3.7, Diff: 3.7, Sum: 12.6]
      [Code Root Scanning (ms): Min: 0.0, Avg: 0.0, Max: 0.1, Diff: 0.1, Sum: 0.1]
      [Object Copy (ms): Min: 4.6, Avg: 7.4, Max: 9.9, Diff: 5.3, Sum: 59.3]
      [Termination (ms): Min: 0.0, Avg: 0.2, Max: 0.5, Diff: 0.5, Sum: 1.9]
         [Termination Attempts: Min: 1, Avg: 2.6, Max: 7, Diff: 6, Sum: 21]
      [GC Worker Other (ms): Min: 0.0, Avg: 0.0, Max: 0.0, Diff: 0.0, Sum: 0.1]
      [GC Worker Total (ms): Min: 5.1, Avg: 12.8, Max: 15.3, Diff: 10.2, Sum: 102.4]
      [GC Worker End (ms): Min: 50650409.3, Avg: 50650409.3, Max: 50650409.3, Diff: 0.0]
   [Code Root Fixup: 0.0 ms]
   [Code Root Purge: 0.0 ms]
   [Clear CT: 0.2 ms]
   [Other: 1.2 ms]
      [Choose CSet: 0.0 ms]
      [Ref Proc: 0.3 ms]
      [Ref Enq: 0.0 ms]
      [Redirty Cards: 0.1 ms]
      [Humongous Register: 0.1 ms]
      [Humongous Reclaim: 0.1 ms]
      [Free CSet: 0.1 ms]
   [Eden: 47.0M(47.0M)->0.0B(46.0M) Survivors: 4096.0K->5120.0K Heap: 396.6M(1024.0M)->349.8M(1024.0M)]
 [Times: user=0.05 sys=0.01, real=0.02 secs] 
2021-04-24T00:28:18.306+0800: 50674.805: [GC pause (G1 Evacuation Pause) (young), 0.0121085 secs]
   [Parallel Time: 11.0 ms, GC Workers: 8]
      [GC Worker Start (ms): Min: 50674805.7, Avg: 50674806.6, Max: 50674811.7, Diff: 6.1]
      [Ext Root Scanning (ms): Min: 0.0, Avg: 3.5, Max: 10.6, Diff: 10.6, Sum: 27.9]
      [Update RS (ms): Min: 0.0, Avg: 0.8, Max: 1.9, Diff: 1.9, Sum: 6.8]
         [Processed Buffers: Min: 0, Avg: 4.9, Max: 18, Diff: 18, Sum: 39]
      [Scan RS (ms): Min: 0.0, Avg: 1.8, Max: 3.7, Diff: 3.7, Sum: 14.7]
      [Code Root Scanning (ms): Min: 0.0, Avg: 0.0, Max: 0.0, Diff: 0.0, Sum: 0.0]
      [Object Copy (ms): Min: 0.0, Avg: 3.7, Max: 5.0, Diff: 5.0, Sum: 29.9]
      [Termination (ms): Min: 0.0, Avg: 0.1, Max: 0.1, Diff: 0.1, Sum: 0.9]
         [Termination Attempts: Min: 1, Avg: 1.0, Max: 1, Diff: 0, Sum: 8]
      [GC Worker Other (ms): Min: 0.0, Avg: 0.0, Max: 0.0, Diff: 0.0, Sum: 0.1]
      [GC Worker Total (ms): Min: 4.9, Avg: 10.0, Max: 11.0, Diff: 6.1, Sum: 80.3]
      [GC Worker End (ms): Min: 50674816.6, Avg: 50674816.6, Max: 50674816.6, Diff: 0.0]
   [Code Root Fixup: 0.0 ms]
   [Code Root Purge: 0.0 ms]
   [Clear CT: 0.1 ms]
   [Other: 0.9 ms]
      [Choose CSet: 0.0 ms]
      [Ref Proc: 0.3 ms]
      [Ref Enq: 0.0 ms]
      [Redirty Cards: 0.1 ms]
      [Humongous Register: 0.1 ms]
      [Humongous Reclaim: 0.0 ms]
      [Free CSet: 0.1 ms]
   [Eden: 46.0M(46.0M)->0.0B(45.0M) Survivors: 5120.0K->6144.0K Heap: 395.8M(1024.0M)->350.9M(1024.0M)]
 [Times: user=0.04 sys=0.00, real=0.01 secs] 
2021-04-24T00:28:42.586+0800: 50699.086: [GC pause (G1 Evacuation Pause) (young), 0.0152098 secs]
   [Parallel Time: 13.7 ms, GC Workers: 8]
      [GC Worker Start (ms): Min: 50699086.1, Avg: 50699086.2, Max: 50699086.4, Diff: 0.3]
      [Ext Root Scanning (ms): Min: 0.4, Avg: 6.6, Max: 13.6, Diff: 13.2, Sum: 53.0]
      [Update RS (ms): Min: 0.0, Avg: 0.6, Max: 1.3, Diff: 1.3, Sum: 4.9]
         [Processed Buffers: Min: 0, Avg: 5.1, Max: 21, Diff: 21, Sum: 41]
      [Scan RS (ms): Min: 0.0, Avg: 1.8, Max: 4.7, Diff: 4.7, Sum: 14.3]
      [Code Root Scanning (ms): Min: 0.0, Avg: 0.0, Max: 0.0, Diff: 0.0, Sum: 0.1]
      [Object Copy (ms): Min: 0.0, Avg: 4.2, Max: 8.6, Diff: 8.6, Sum: 33.3]
      [Termination (ms): Min: 0.0, Avg: 0.3, Max: 0.3, Diff: 0.3, Sum: 2.1]
         [Termination Attempts: Min: 1, Avg: 2.8, Max: 7, Diff: 6, Sum: 22]
      [GC Worker Other (ms): Min: 0.0, Avg: 0.1, Max: 0.5, Diff: 0.5, Sum: 0.5]
      [GC Worker Total (ms): Min: 13.4, Avg: 13.5, Max: 13.6, Diff: 0.3, Sum: 108.1]
      [GC Worker End (ms): Min: 50699099.7, Avg: 50699099.7, Max: 50699099.7, Diff: 0.0]
   [Code Root Fixup: 0.0 ms]
   [Code Root Purge: 0.0 ms]
   [Clear CT: 0.1 ms]
   [Other: 1.4 ms]
      [Choose CSet: 0.0 ms]
      [Ref Proc: 0.8 ms]
      [Ref Enq: 0.0 ms]
      [Redirty Cards: 0.1 ms]
      [Humongous Register: 0.1 ms]
      [Humongous Reclaim: 0.0 ms]
      [Free CSet: 0.1 ms]
   [Eden: 45.0M(45.0M)->0.0B(45.0M) Survivors: 6144.0K->6144.0K Heap: 395.9M(1024.0M)->351.2M(1024.0M)]
 [Times: user=0.04 sys=0.00, real=0.02 secs] 
2021-04-24T00:29:05.373+0800: 50721.874: [GC pause (G1 Evacuation Pause) (young), 0.0203145 secs]
   [Parallel Time: 18.2 ms, GC Workers: 8]
      [GC Worker Start (ms): Min: 50721874.3, Avg: 50721875.7, Max: 50721879.6, Diff: 5.2]
      [Ext Root Scanning (ms): Min: 0.0, Avg: 3.6, Max: 6.9, Diff: 6.9, Sum: 29.0]
      [Update RS (ms): Min: 0.0, Avg: 1.9, Max: 5.2, Diff: 5.2, Sum: 15.3]
         [Processed Buffers: Min: 0, Avg: 6.4, Max: 22, Diff: 22, Sum: 51]
      [Scan RS (ms): Min: 0.0, Avg: 2.7, Max: 10.3, Diff: 10.3, Sum: 21.8]
      [Code Root Scanning (ms): Min: 0.0, Avg: 2.7, Max: 12.2, Diff: 12.2, Sum: 21.2]
      [Object Copy (ms): Min: 0.0, Avg: 5.5, Max: 8.8, Diff: 8.8, Sum: 44.2]
      [Termination (ms): Min: 0.0, Avg: 0.2, Max: 0.3, Diff: 0.3, Sum: 1.6]
         [Termination Attempts: Min: 1, Avg: 12.4, Max: 31, Diff: 30, Sum: 99]
      [GC Worker Other (ms): Min: 0.0, Avg: 0.0, Max: 0.0, Diff: 0.0, Sum: 0.2]
      [GC Worker Total (ms): Min: 12.8, Avg: 16.7, Max: 18.1, Diff: 5.3, Sum: 133.4]
      [GC Worker End (ms): Min: 50721892.4, Avg: 50721892.4, Max: 50721892.4, Diff: 0.1]
   [Code Root Fixup: 0.0 ms]
   [Code Root Purge: 0.0 ms]
   [Clear CT: 0.1 ms]
   [Other: 2.0 ms]
      [Choose CSet: 0.0 ms]
      [Ref Proc: 1.0 ms]
      [Ref Enq: 0.0 ms]
      [Redirty Cards: 0.1 ms]
      [Humongous Register: 0.2 ms]
      [Humongous Reclaim: 0.0 ms]
      [Free CSet: 0.1 ms]
   [Eden: 45.0M(45.0M)->0.0B(45.0M) Survivors: 6144.0K->6144.0K Heap: 396.2M(1024.0M)->351.4M(1024.0M)]
 [Times: user=0.05 sys=0.01, real=0.02 secs] 
2021-04-24T00:29:28.336+0800: 50744.837: [GC pause (G1 Evacuation Pause) (young), 0.0150907 secs]
   [Parallel Time: 13.7 ms, GC Workers: 8]
      [GC Worker Start (ms): Min: 50744837.8, Avg: 50744838.2, Max: 50744838.8, Diff: 1.0]
      [Ext Root Scanning (ms): Min: 0.7, Avg: 4.7, Max: 11.0, Diff: 10.3, Sum: 38.0]
      [Update RS (ms): Min: 0.0, Avg: 2.0, Max: 4.9, Diff: 4.9, Sum: 16.0]
         [Processed Buffers: Min: 0, Avg: 6.2, Max: 19, Diff: 19, Sum: 50]
      [Scan RS (ms): Min: 0.0, Avg: 2.4, Max: 4.3, Diff: 4.3, Sum: 19.1]
      [Code Root Scanning (ms): Min: 0.0, Avg: 0.0, Max: 0.1, Diff: 0.1, Sum: 0.1]
      [Object Copy (ms): Min: 2.3, Avg: 3.9, Max: 4.3, Diff: 2.0, Sum: 31.3]
      [Termination (ms): Min: 0.0, Avg: 0.0, Max: 0.0, Diff: 0.0, Sum: 0.0]
         [Termination Attempts: Min: 1, Avg: 1.1, Max: 2, Diff: 1, Sum: 9]
      [GC Worker Other (ms): Min: 0.0, Avg: 0.0, Max: 0.0, Diff: 0.0, Sum: 0.3]
      [GC Worker Total (ms): Min: 12.5, Avg: 13.1, Max: 13.5, Diff: 1.0, Sum: 104.7]
      [GC Worker End (ms): Min: 50744851.3, Avg: 50744851.3, Max: 50744851.3, Diff: 0.0]
   [Code Root Fixup: 0.1 ms]
   [Code Root Purge: 0.0 ms]
   [Clear CT: 0.1 ms]
   [Other: 1.3 ms]
      [Choose CSet: 0.0 ms]
      [Ref Proc: 0.2 ms]
      [Ref Enq: 0.0 ms]
      [Redirty Cards: 0.1 ms]
      [Humongous Register: 0.3 ms]
      [Humongous Reclaim: 0.0 ms]
      [Free CSet: 0.1 ms]
   [Eden: 45.0M(45.0M)->0.0B(47.0M) Survivors: 6144.0K->4096.0K Heap: 396.4M(1024.0M)->349.6M(1024.0M)]
 [Times: user=0.06 sys=0.00, real=0.02 secs] 
2021-04-24T00:29:52.200+0800: 50768.702: [GC pause (G1 Evacuation Pause) (young), 0.0147964 secs]
   [Parallel Time: 12.4 ms, GC Workers: 8]
      [GC Worker Start (ms): Min: 50768703.1, Avg: 50768703.5, Max: 50768703.9, Diff: 0.8]
      [Ext Root Scanning (ms): Min: 0.6, Avg: 4.6, Max: 10.8, Diff: 10.2, Sum: 36.4]
      [Update RS (ms): Min: 0.0, Avg: 2.3, Max: 8.9, Diff: 8.9, Sum: 18.2]
         [Processed Buffers: Min: 0, Avg: 6.4, Max: 19, Diff: 19, Sum: 51]
      [Scan RS (ms): Min: 0.0, Avg: 1.8, Max: 3.4, Diff: 3.4, Sum: 14.8]
      [Code Root Scanning (ms): Min: 0.0, Avg: 0.0, Max: 0.1, Diff: 0.1, Sum: 0.1]
      [Object Copy (ms): Min: 1.4, Avg: 3.2, Max: 4.3, Diff: 2.9, Sum: 25.9]
      [Termination (ms): Min: 0.0, Avg: 0.0, Max: 0.0, Diff: 0.0, Sum: 0.1]
         [Termination Attempts: Min: 1, Avg: 14.8, Max: 22, Diff: 21, Sum: 118]
      [GC Worker Other (ms): Min: 0.0, Avg: 0.0, Max: 0.1, Diff: 0.1, Sum: 0.3]
      [GC Worker Total (ms): Min: 11.5, Avg: 12.0, Max: 12.3, Diff: 0.8, Sum: 95.8]
      [GC Worker End (ms): Min: 50768715.4, Avg: 50768715.4, Max: 50768715.4, Diff: 0.0]
   [Code Root Fixup: 0.0 ms]
   [Code Root Purge: 0.0 ms]
   [Clear CT: 0.1 ms]
   [Other: 2.2 ms]
      [Choose CSet: 0.0 ms]
      [Ref Proc: 0.7 ms]
      [Ref Enq: 0.0 ms]
      [Redirty Cards: 0.1 ms]
      [Humongous Register: 0.6 ms]
      [Humongous Reclaim: 0.0 ms]
      [Free CSet: 0.2 ms]
   [Eden: 47.0M(47.0M)->0.0B(82.0M) Survivors: 4096.0K->7168.0K Heap: 396.6M(1024.0M)->352.0M(1024.0M)]
 [Times: user=0.04 sys=0.01, real=0.01 secs] 
2021-04-24T00:30:33.464+0800: 50809.966: [GC pause (G1 Evacuation Pause) (young), 0.0205052 secs]
   [Parallel Time: 17.7 ms, GC Workers: 8]
      [GC Worker Start (ms): Min: 50809966.8, Avg: 50809969.3, Max: 50809976.9, Diff: 10.1]
      [Ext Root Scanning (ms): Min: 0.0, Avg: 2.3, Max: 9.7, Diff: 9.7, Sum: 18.8]
      [Update RS (ms): Min: 0.0, Avg: 2.0, Max: 5.3, Diff: 5.3, Sum: 16.0]
         [Processed Buffers: Min: 0, Avg: 6.4, Max: 20, Diff: 20, Sum: 51]
      [Scan RS (ms): Min: 0.0, Avg: 2.7, Max: 5.2, Diff: 5.2, Sum: 21.7]
      [Code Root Scanning (ms): Min: 0.0, Avg: 0.0, Max: 0.1, Diff: 0.1, Sum: 0.1]
      [Object Copy (ms): Min: 7.0, Avg: 7.8, Max: 8.3, Diff: 1.4, Sum: 62.5]
      [Termination (ms): Min: 0.0, Avg: 0.3, Max: 0.3, Diff: 0.3, Sum: 2.0]
         [Termination Attempts: Min: 1, Avg: 1.5, Max: 4, Diff: 3, Sum: 12]
      [GC Worker Other (ms): Min: 0.0, Avg: 0.0, Max: 0.0, Diff: 0.0, Sum: 0.2]
      [GC Worker Total (ms): Min: 7.6, Avg: 15.2, Max: 17.6, Diff: 10.0, Sum: 121.2]
      [GC Worker End (ms): Min: 50809984.4, Avg: 50809984.4, Max: 50809984.5, Diff: 0.0]
   [Code Root Fixup: 0.0 ms]
   [Code Root Purge: 0.0 ms]
   [Clear CT: 0.1 ms]
   [Other: 2.6 ms]
      [Choose CSet: 0.0 ms]
      [Ref Proc: 0.8 ms]
      [Ref Enq: 0.0 ms]
      [Redirty Cards: 0.1 ms]
      [Humongous Register: 0.3 ms]
      [Humongous Reclaim: 0.1 ms]
      [Free CSet: 0.5 ms]
   [Eden: 82.0M(82.0M)->0.0B(62.0M) Survivors: 7168.0K->5120.0K Heap: 434.0M(1024.0M)->349.8M(1024.0M)]
 [Times: user=0.06 sys=0.01, real=0.02 secs] 
2021-04-24T00:30:56.892+0800: 50833.395: [GC pause (G1 Evacuation Pause) (young), 0.0164288 secs]
   [Parallel Time: 15.3 ms, GC Workers: 8]
      [GC Worker Start (ms): Min: 50833395.7, Avg: 50833398.0, Max: 50833406.5, Diff: 10.8]
      [Ext Root Scanning (ms): Min: 0.0, Avg: 3.3, Max: 10.8, Diff: 10.8, Sum: 26.8]
      [Update RS (ms): Min: 0.0, Avg: 1.3, Max: 3.3, Diff: 3.3, Sum: 10.2]
         [Processed Buffers: Min: 0, Avg: 6.2, Max: 29, Diff: 29, Sum: 50]
      [Scan RS (ms): Min: 0.0, Avg: 2.0, Max: 4.3, Diff: 4.3, Sum: 16.3]
      [Code Root Scanning (ms): Min: 0.0, Avg: 0.0, Max: 0.1, Diff: 0.1, Sum: 0.1]
      [Object Copy (ms): Min: 4.3, Avg: 6.2, Max: 7.5, Diff: 3.2, Sum: 49.7]
      [Termination (ms): Min: 0.0, Avg: 0.0, Max: 0.1, Diff: 0.1, Sum: 0.3]
         [Termination Attempts: Min: 1, Avg: 36.6, Max: 53, Diff: 52, Sum: 293]
      [GC Worker Other (ms): Min: 0.0, Avg: 0.0, Max: 0.0, Diff: 0.0, Sum: 0.2]
      [GC Worker Total (ms): Min: 4.5, Avg: 12.9, Max: 15.2, Diff: 10.8, Sum: 103.6]
      [GC Worker End (ms): Min: 50833410.9, Avg: 50833410.9, Max: 50833410.9, Diff: 0.0]
   [Code Root Fixup: 0.0 ms]
   [Code Root Purge: 0.0 ms]
   [Clear CT: 0.1 ms]
   [Other: 1.0 ms]
      [Choose CSet: 0.0 ms]
      [Ref Proc: 0.2 ms]
      [Ref Enq: 0.0 ms]
      [Redirty Cards: 0.1 ms]
      [Humongous Register: 0.2 ms]
      [Humongous Reclaim: 0.0 ms]
      [Free CSet: 0.1 ms]
   [Eden: 46.0M(46.0M)->0.0B(105.0M) Survivors: 5120.0K->6144.0K Heap: 395.8M(1024.0M)->351.3M(1024.0M)]
 [Times: user=0.06 sys=0.00, real=0.01 secs] 
2021-04-24T00:31:49.797+0800: 50886.301: [GC pause (G1 Evacuation Pause) (young), 0.0199562 secs]
   [Parallel Time: 18.3 ms, GC Workers: 8]
      [GC Worker Start (ms): Min: 50886301.6, Avg: 50886302.0, Max: 50886303.0, Diff: 1.4]
      [Ext Root Scanning (ms): Min: 0.1, Avg: 1.4, Max: 3.8, Diff: 3.7, Sum: 11.4]
      [Update RS (ms): Min: 0.0, Avg: 2.2, Max: 4.9, Diff: 4.8, Sum: 18.0]
         [Processed Buffers: Min: 0, Avg: 6.5, Max: 22, Diff: 22, Sum: 52]
      [Scan RS (ms): Min: 1.3, Avg: 3.5, Max: 5.9, Diff: 4.5, Sum: 27.7]
      [Code Root Scanning (ms): Min: 0.0, Avg: 0.1, Max: 0.9, Diff: 0.9, Sum: 0.9]
      [Object Copy (ms): Min: 7.8, Avg: 10.4, Max: 15.2, Diff: 7.4, Sum: 83.2]
      [Termination (ms): Min: 0.0, Avg: 0.0, Max: 0.1, Diff: 0.1, Sum: 0.2]
         [Termination Attempts: Min: 1, Avg: 2.8, Max: 5, Diff: 4, Sum: 22]
      [GC Worker Other (ms): Min: 0.0, Avg: 0.0, Max: 0.1, Diff: 0.0, Sum: 0.3]
      [GC Worker Total (ms): Min: 16.8, Avg: 17.7, Max: 18.2, Diff: 1.4, Sum: 141.8]
      [GC Worker End (ms): Min: 50886319.8, Avg: 50886319.8, Max: 50886319.8, Diff: 0.0]
   [Code Root Fixup: 0.0 ms]
   [Code Root Purge: 0.0 ms]
   [Clear CT: 0.1 ms]
   [Other: 1.6 ms]
      [Choose CSet: 0.0 ms]
      [Ref Proc: 0.6 ms]
      [Ref Enq: 0.0 ms]
      [Redirty Cards: 0.1 ms]
      [Humongous Register: 0.2 ms]
      [Humongous Reclaim: 0.0 ms]
      [Free CSet: 0.2 ms]
   [Eden: 105.0M(105.0M)->0.0B(82.0M) Survivors: 6144.0K->5120.0K Heap: 456.3M(1024.0M)->350.1M(1024.0M)]
 [Times: user=0.05 sys=0.02, real=0.02 secs] 
2021-04-24T00:32:31.114+0800: 50927.620: [GC pause (G1 Evacuation Pause) (young), 0.0246485 secs]
   [Parallel Time: 20.4 ms, GC Workers: 8]
      [GC Worker Start (ms): Min: 50927622.4, Avg: 50927622.9, Max: 50927624.0, Diff: 1.6]
      [Ext Root Scanning (ms): Min: 0.8, Avg: 2.7, Max: 7.8, Diff: 7.0, Sum: 21.2]
      [Update RS (ms): Min: 0.3, Avg: 5.8, Max: 8.0, Diff: 7.6, Sum: 46.5]
         [Processed Buffers: Min: 1, Avg: 6.4, Max: 17, Diff: 16, Sum: 51]
      [Scan RS (ms): Min: 2.1, Avg: 4.2, Max: 5.2, Diff: 3.1, Sum: 33.4]
      [Code Root Scanning (ms): Min: 0.0, Avg: 0.0, Max: 0.1, Diff: 0.1, Sum: 0.2]
      [Object Copy (ms): Min: 6.7, Avg: 6.9, Max: 7.5, Diff: 0.9, Sum: 55.4]
      [Termination (ms): Min: 0.0, Avg: 0.0, Max: 0.0, Diff: 0.0, Sum: 0.0]
         [Termination Attempts: Min: 1, Avg: 3.0, Max: 5, Diff: 4, Sum: 24]
      [GC Worker Other (ms): Min: 0.0, Avg: 0.1, Max: 0.1, Diff: 0.1, Sum: 0.6]
      [GC Worker Total (ms): Min: 18.5, Avg: 19.7, Max: 20.2, Diff: 1.7, Sum: 157.4]
      [GC Worker End (ms): Min: 50927642.5, Avg: 50927642.6, Max: 50927642.6, Diff: 0.1]
   [Code Root Fixup: 0.0 ms]
   [Code Root Purge: 0.0 ms]
   [Clear CT: 0.1 ms]
   [Other: 4.1 ms]
      [Choose CSet: 0.0 ms]
      [Ref Proc: 0.4 ms]
      [Ref Enq: 0.0 ms]
      [Redirty Cards: 0.1 ms]
      [Humongous Register: 1.7 ms]
      [Humongous Reclaim: 0.0 ms]
      [Free CSet: 0.5 ms]
   [Eden: 82.0M(82.0M)->0.0B(46.0M) Survivors: 5120.0K->5120.0K Heap: 432.1M(1024.0M)->350.6M(1024.0M)]
 [Times: user=0.05 sys=0.06, real=0.03 secs] 
2021-04-24T00:32:54.207+0800: 50950.713: [GC pause (G1 Evacuation Pause) (young), 0.0128642 secs]
   [Parallel Time: 11.2 ms, GC Workers: 8]
      [GC Worker Start (ms): Min: 50950712.9, Avg: 50950713.6, Max: 50950717.4, Diff: 4.5]
      [Ext Root Scanning (ms): Min: 0.0, Avg: 2.9, Max: 8.7, Diff: 8.7, Sum: 23.3]
      [Update RS (ms): Min: 0.0, Avg: 0.8, Max: 1.7, Diff: 1.7, Sum: 6.2]
         [Processed Buffers: Min: 0, Avg: 5.5, Max: 21, Diff: 21, Sum: 44]
      [Scan RS (ms): Min: 0.0, Avg: 2.6, Max: 7.5, Diff: 7.5, Sum: 20.4]
      [Code Root Scanning (ms): Min: 0.0, Avg: 0.0, Max: 0.1, Diff: 0.1, Sum: 0.1]
      [Object Copy (ms): Min: 1.0, Avg: 4.1, Max: 5.6, Diff: 4.5, Sum: 32.8]
      [Termination (ms): Min: 0.0, Avg: 0.0, Max: 0.1, Diff: 0.1, Sum: 0.4]
         [Termination Attempts: Min: 1, Avg: 8.9, Max: 14, Diff: 13, Sum: 71]
      [GC Worker Other (ms): Min: 0.0, Avg: 0.0, Max: 0.0, Diff: 0.0, Sum: 0.1]
      [GC Worker Total (ms): Min: 6.6, Avg: 10.4, Max: 11.1, Diff: 4.5, Sum: 83.3]
      [GC Worker End (ms): Min: 50950724.1, Avg: 50950724.1, Max: 50950724.1, Diff: 0.0]
   [Code Root Fixup: 0.0 ms]
   [Code Root Purge: 0.0 ms]
   [Clear CT: 0.1 ms]
   [Other: 1.5 ms]
      [Choose CSet: 0.0 ms]
      [Ref Proc: 0.2 ms]
      [Ref Enq: 0.0 ms]
      [Redirty Cards: 0.1 ms]
      [Humongous Register: 0.1 ms]
      [Humongous Reclaim: 0.0 ms]
      [Free CSet: 0.9 ms]
   [Eden: 46.0M(46.0M)->0.0B(71.0M) Survivors: 5120.0K->6144.0K Heap: 396.6M(1024.0M)->351.5M(1024.0M)]
 [Times: user=0.04 sys=0.01, real=0.02 secs] 
2021-04-24T00:33:29.683+0800: 50986.189: [GC pause (G1 Evacuation Pause) (young), 0.0253469 secs]
   [Parallel Time: 22.8 ms, GC Workers: 8]
      [GC Worker Start (ms): Min: 50986190.7, Avg: 50986191.7, Max: 50986194.7, Diff: 4.0]
      [Ext Root Scanning (ms): Min: 0.0, Avg: 1.3, Max: 4.2, Diff: 4.2, Sum: 10.3]
      [Update RS (ms): Min: 0.0, Avg: 0.6, Max: 1.3, Diff: 1.3, Sum: 4.8]
         [Processed Buffers: Min: 0, Avg: 6.1, Max: 19, Diff: 19, Sum: 49]
      [Scan RS (ms): Min: 0.0, Avg: 1.6, Max: 3.3, Diff: 3.3, Sum: 12.8]
      [Code Root Scanning (ms): Min: 0.0, Avg: 0.0, Max: 0.0, Diff: 0.0, Sum: 0.1]
      [Object Copy (ms): Min: 17.5, Avg: 18.1, Max: 18.5, Diff: 1.0, Sum: 144.9]
      [Termination (ms): Min: 0.0, Avg: 0.0, Max: 0.1, Diff: 0.1, Sum: 0.3]
         [Termination Attempts: Min: 1, Avg: 1.1, Max: 2, Diff: 1, Sum: 9]
      [GC Worker Other (ms): Min: 0.0, Avg: 0.0, Max: 0.0, Diff: 0.0, Sum: 0.1]
      [GC Worker Total (ms): Min: 18.7, Avg: 21.7, Max: 22.7, Diff: 4.0, Sum: 173.3]
      [GC Worker End (ms): Min: 50986213.4, Avg: 50986213.4, Max: 50986213.4, Diff: 0.0]
   [Code Root Fixup: 0.0 ms]
   [Code Root Purge: 0.0 ms]
   [Clear CT: 0.3 ms]
   [Other: 2.3 ms]
      [Choose CSet: 0.0 ms]
      [Ref Proc: 0.6 ms]
      [Ref Enq: 0.0 ms]
      [Redirty Cards: 0.1 ms]
      [Humongous Register: 0.1 ms]
      [Humongous Reclaim: 0.0 ms]
      [Free CSet: 0.1 ms]
   [Eden: 71.0M(71.0M)->0.0B(76.0M) Survivors: 6144.0K->7168.0K Heap: 422.5M(1024.0M)->352.9M(1024.0M)]
 [Times: user=0.04 sys=0.01, real=0.02 secs] 
2021-04-24T00:34:07.706+0800: 51024.213: [GC pause (G1 Evacuation Pause) (young), 0.0098544 secs]
   [Parallel Time: 8.4 ms, GC Workers: 8]
      [GC Worker Start (ms): Min: 51024213.1, Avg: 51024213.2, Max: 51024213.3, Diff: 0.2]
      [Ext Root Scanning (ms): Min: 0.3, Avg: 2.6, Max: 6.7, Diff: 6.4, Sum: 21.2]
      [Update RS (ms): Min: 0.0, Avg: 0.7, Max: 1.7, Diff: 1.7, Sum: 5.6]
         [Processed Buffers: Min: 0, Avg: 6.9, Max: 18, Diff: 18, Sum: 55]
      [Scan RS (ms): Min: 0.0, Avg: 0.1, Max: 0.3, Diff: 0.3, Sum: 1.0]
      [Code Root Scanning (ms): Min: 0.0, Avg: 0.0, Max: 0.0, Diff: 0.0, Sum: 0.0]
      [Object Copy (ms): Min: 1.2, Avg: 4.2, Max: 5.4, Diff: 4.2, Sum: 33.8]
      [Termination (ms): Min: 0.0, Avg: 0.5, Max: 0.7, Diff: 0.7, Sum: 3.6]
         [Termination Attempts: Min: 1, Avg: 1.1, Max: 2, Diff: 1, Sum: 9]
      [GC Worker Other (ms): Min: 0.0, Avg: 0.0, Max: 0.0, Diff: 0.0, Sum: 0.1]
      [GC Worker Total (ms): Min: 8.0, Avg: 8.2, Max: 8.3, Diff: 0.3, Sum: 65.4]
      [GC Worker End (ms): Min: 51024221.3, Avg: 51024221.3, Max: 51024221.4, Diff: 0.2]
   [Code Root Fixup: 0.0 ms]
   [Code Root Purge: 0.0 ms]
   [Clear CT: 0.2 ms]
   [Other: 1.3 ms]
      [Choose CSet: 0.0 ms]
      [Ref Proc: 0.5 ms]
      [Ref Enq: 0.0 ms]
      [Redirty Cards: 0.1 ms]
      [Humongous Register: 0.1 ms]
      [Humongous Reclaim: 0.0 ms]
      [Free CSet: 0.1 ms]
   [Eden: 76.0M(76.0M)->0.0B(235.0M) Survivors: 7168.0K->5120.0K Heap: 428.9M(1024.0M)->351.1M(1024.0M)]
 [Times: user=0.02 sys=0.01, real=0.01 secs] 
2021-04-24T00:36:05.948+0800: 51142.458: [GC pause (G1 Evacuation Pause) (young), 0.0246923 secs]
   [Parallel Time: 17.3 ms, GC Workers: 8]
      [GC Worker Start (ms): Min: 51142463.0, Avg: 51142463.5, Max: 51142464.5, Diff: 1.4]
      [Ext Root Scanning (ms): Min: 3.9, Avg: 7.9, Max: 10.9, Diff: 7.0, Sum: 63.2]
      [Update RS (ms): Min: 0.0, Avg: 2.2, Max: 5.8, Diff: 5.8, Sum: 17.9]
         [Processed Buffers: Min: 0, Avg: 5.2, Max: 23, Diff: 23, Sum: 42]
      [Scan RS (ms): Min: 0.0, Avg: 0.0, Max: 0.1, Diff: 0.1, Sum: 0.3]
      [Code Root Scanning (ms): Min: 0.0, Avg: 0.0, Max: 0.3, Diff: 0.3, Sum: 0.3]
      [Object Copy (ms): Min: 4.9, Avg: 5.4, Max: 6.2, Diff: 1.3, Sum: 43.3]
      [Termination (ms): Min: 0.0, Avg: 0.2, Max: 0.3, Diff: 0.3, Sum: 1.7]
         [Termination Attempts: Min: 1, Avg: 1.6, Max: 3, Diff: 2, Sum: 13]
      [GC Worker Other (ms): Min: 0.0, Avg: 0.6, Max: 2.2, Diff: 2.2, Sum: 4.9]
      [GC Worker Total (ms): Min: 15.3, Avg: 16.4, Max: 17.2, Diff: 2.0, Sum: 131.6]
      [GC Worker End (ms): Min: 51142479.7, Avg: 51142479.9, Max: 51142480.3, Diff: 0.6]
   [Code Root Fixup: 0.0 ms]
   [Code Root Purge: 0.0 ms]
   [Clear CT: 0.1 ms]
   [Other: 7.3 ms]
      [Choose CSet: 0.0 ms]
      [Ref Proc: 0.5 ms]
      [Ref Enq: 0.0 ms]
      [Redirty Cards: 0.0 ms]
      [Humongous Register: 1.6 ms]
      [Humongous Reclaim: 0.0 ms]
      [Free CSet: 0.6 ms]
   [Eden: 235.0M(235.0M)->0.0B(63.0M) Survivors: 5120.0K->4096.0K Heap: 586.1M(1024.0M)->350.8M(1024.0M)]
 [Times: user=0.02 sys=0.04, real=0.03 secs] 
2021-04-24T00:36:37.548+0800: 51174.058: [GC pause (G1 Evacuation Pause) (young), 0.0126473 secs]
   [Parallel Time: 10.5 ms, GC Workers: 8]
      [GC Worker Start (ms): Min: 51174058.7, Avg: 51174058.8, Max: 51174059.0, Diff: 0.3]
      [Ext Root Scanning (ms): Min: 0.6, Avg: 1.8, Max: 2.6, Diff: 2.0, Sum: 14.3]
      [Update RS (ms): Min: 0.0, Avg: 0.5, Max: 1.5, Diff: 1.5, Sum: 3.8]
         [Processed Buffers: Min: 0, Avg: 5.2, Max: 20, Diff: 20, Sum: 42]
      [Scan RS (ms): Min: 0.0, Avg: 0.0, Max: 0.1, Diff: 0.1, Sum: 0.2]
      [Code Root Scanning (ms): Min: 0.0, Avg: 0.0, Max: 0.4, Diff: 0.4, Sum: 0.4]
      [Object Copy (ms): Min: 7.5, Avg: 7.7, Max: 8.0, Diff: 0.5, Sum: 61.8]
      [Termination (ms): Min: 0.0, Avg: 0.2, Max: 0.4, Diff: 0.3, Sum: 1.5]
         [Termination Attempts: Min: 1, Avg: 28.9, Max: 60, Diff: 59, Sum: 231]
      [GC Worker Other (ms): Min: 0.0, Avg: 0.0, Max: 0.1, Diff: 0.0, Sum: 0.3]
      [GC Worker Total (ms): Min: 10.1, Avg: 10.3, Max: 10.4, Diff: 0.3, Sum: 82.2]
      [GC Worker End (ms): Min: 51174069.1, Avg: 51174069.1, Max: 51174069.1, Diff: 0.1]
   [Code Root Fixup: 0.0 ms]
   [Code Root Purge: 0.0 ms]
   [Clear CT: 0.1 ms]
   [Other: 2.1 ms]
      [Choose CSet: 0.0 ms]
      [Ref Proc: 0.3 ms]
      [Ref Enq: 0.0 ms]
      [Redirty Cards: 0.1 ms]
      [Humongous Register: 0.3 ms]
      [Humongous Reclaim: 0.1 ms]
      [Free CSet: 0.1 ms]
   [Eden: 63.0M(63.0M)->0.0B(153.0M) Survivors: 4096.0K->5120.0K Heap: 413.8M(1024.0M)->352.0M(1024.0M)]
 [Times: user=0.02 sys=0.01, real=0.02 secs] 
2021-04-24T00:37:54.658+0800: 51251.170: [GC pause (G1 Evacuation Pause) (young), 0.0221440 secs]
   [Parallel Time: 15.5 ms, GC Workers: 8]
      [GC Worker Start (ms): Min: 51251175.0, Avg: 51251175.1, Max: 51251175.3, Diff: 0.3]
      [Ext Root Scanning (ms): Min: 0.5, Avg: 1.3, Max: 3.4, Diff: 2.9, Sum: 10.8]
      [Update RS (ms): Min: 0.0, Avg: 2.1, Max: 3.1, Diff: 3.1, Sum: 17.0]
         [Processed Buffers: Min: 0, Avg: 5.4, Max: 19, Diff: 19, Sum: 43]
      [Scan RS (ms): Min: 0.0, Avg: 0.1, Max: 0.3, Diff: 0.3, Sum: 0.6]
      [Code Root Scanning (ms): Min: 0.0, Avg: 0.0, Max: 0.1, Diff: 0.1, Sum: 0.1]
      [Object Copy (ms): Min: 10.9, Avg: 11.5, Max: 12.0, Diff: 1.1, Sum: 91.9]
      [Termination (ms): Min: 0.1, Avg: 0.1, Max: 0.2, Diff: 0.1, Sum: 1.2]
         [Termination Attempts: Min: 45, Avg: 77.0, Max: 103, Diff: 58, Sum: 616]
      [GC Worker Other (ms): Min: 0.0, Avg: 0.1, Max: 0.4, Diff: 0.3, Sum: 0.7]
      [GC Worker Total (ms): Min: 15.1, Avg: 15.3, Max: 15.4, Diff: 0.3, Sum: 122.2]
      [GC Worker End (ms): Min: 51251190.4, Avg: 51251190.4, Max: 51251190.4, Diff: 0.0]
   [Code Root Fixup: 0.0 ms]
   [Code Root Purge: 0.0 ms]
   [Clear CT: 0.1 ms]
   [Other: 6.5 ms]
      [Choose CSet: 0.0 ms]
      [Ref Proc: 1.0 ms]
      [Ref Enq: 0.0 ms]
      [Redirty Cards: 0.1 ms]
      [Humongous Register: 3.6 ms]
      [Humongous Reclaim: 0.0 ms]
      [Free CSet: 0.1 ms]
   [Eden: 153.0M(153.0M)->0.0B(98.0M) Survivors: 5120.0K->7168.0K Heap: 505.0M(1024.0M)->353.5M(1024.0M)]
 [Times: user=0.05 sys=0.02, real=0.03 secs] 
2021-04-24T00:38:44.023+0800: 51300.536: [GC pause (G1 Evacuation Pause) (young), 0.0269495 secs]
   [Parallel Time: 23.9 ms, GC Workers: 8]
      [GC Worker Start (ms): Min: 51300536.9, Avg: 51300537.2, Max: 51300537.6, Diff: 0.7]
      [Ext Root Scanning (ms): Min: 1.7, Avg: 7.2, Max: 23.3, Diff: 21.7, Sum: 57.7]
      [Update RS (ms): Min: 0.0, Avg: 7.3, Max: 12.3, Diff: 12.3, Sum: 58.3]
         [Processed Buffers: Min: 0, Avg: 5.2, Max: 16, Diff: 16, Sum: 42]
      [Scan RS (ms): Min: 0.0, Avg: 1.4, Max: 8.0, Diff: 8.0, Sum: 11.0]
      [Code Root Scanning (ms): Min: 0.0, Avg: 0.0, Max: 0.2, Diff: 0.2, Sum: 0.2]
      [Object Copy (ms): Min: 0.0, Avg: 6.2, Max: 16.8, Diff: 16.8, Sum: 49.6]
      [Termination (ms): Min: 0.0, Avg: 1.2, Max: 1.4, Diff: 1.4, Sum: 9.6]
         [Termination Attempts: Min: 1, Avg: 1.1, Max: 2, Diff: 1, Sum: 9]
      [GC Worker Other (ms): Min: 0.0, Avg: 0.2, Max: 1.1, Diff: 1.1, Sum: 1.3]
      [GC Worker Total (ms): Min: 23.1, Avg: 23.5, Max: 23.8, Diff: 0.8, Sum: 187.6]
      [GC Worker End (ms): Min: 51300560.6, Avg: 51300560.6, Max: 51300560.7, Diff: 0.1]
   [Code Root Fixup: 0.0 ms]
   [Code Root Purge: 0.0 ms]
   [Clear CT: 0.1 ms]
   [Other: 3.0 ms]
      [Choose CSet: 0.0 ms]
      [Ref Proc: 1.1 ms]
      [Ref Enq: 0.0 ms]
      [Redirty Cards: 0.1 ms]
      [Humongous Register: 0.7 ms]
      [Humongous Reclaim: 0.0 ms]
      [Free CSet: 0.3 ms]
   [Eden: 98.0M(98.0M)->0.0B(43.0M) Survivors: 7168.0K->8192.0K Heap: 451.5M(1024.0M)->354.7M(1024.0M)]
 [Times: user=0.04 sys=0.02, real=0.03 secs] 
2021-04-24T00:39:05.848+0800: 51322.361: [GC pause (G1 Evacuation Pause) (young), 0.0272983 secs]
   [Parallel Time: 26.6 ms, GC Workers: 8]
      [GC Worker Start (ms): Min: 51322361.0, Avg: 51322361.4, Max: 51322361.9, Diff: 0.8]
      [Ext Root Scanning (ms): Min: 0.7, Avg: 4.9, Max: 9.4, Diff: 8.7, Sum: 39.4]
      [Update RS (ms): Min: 0.0, Avg: 1.8, Max: 3.5, Diff: 3.5, Sum: 14.8]
         [Processed Buffers: Min: 0, Avg: 5.2, Max: 25, Diff: 25, Sum: 42]
      [Scan RS (ms): Min: 0.0, Avg: 0.1, Max: 0.2, Diff: 0.2, Sum: 0.5]
      [Code Root Scanning (ms): Min: 0.0, Avg: 0.0, Max: 0.0, Diff: 0.0, Sum: 0.0]
      [Object Copy (ms): Min: 16.0, Avg: 18.3, Max: 21.2, Diff: 5.2, Sum: 146.8]
      [Termination (ms): Min: 0.5, Avg: 0.9, Max: 1.2, Diff: 0.7, Sum: 7.4]
         [Termination Attempts: Min: 111, Avg: 189.0, Max: 262, Diff: 151, Sum: 1512]
      [GC Worker Other (ms): Min: 0.0, Avg: 0.0, Max: 0.0, Diff: 0.0, Sum: 0.1]
      [GC Worker Total (ms): Min: 25.7, Avg: 26.1, Max: 26.5, Diff: 0.8, Sum: 209.0]
      [GC Worker End (ms): Min: 51322387.6, Avg: 51322387.6, Max: 51322387.6, Diff: 0.0]
   [Code Root Fixup: 0.1 ms]
   [Code Root Purge: 0.0 ms]
   [Clear CT: 0.0 ms]
   [Other: 0.6 ms]
      [Choose CSet: 0.0 ms]
      [Ref Proc: 0.2 ms]
      [Ref Enq: 0.0 ms]
      [Redirty Cards: 0.0 ms]
      [Humongous Register: 0.1 ms]
      [Humongous Reclaim: 0.0 ms]
      [Free CSet: 0.0 ms]
   [Eden: 43.0M(43.0M)->0.0B(44.0M) Survivors: 8192.0K->7168.0K Heap: 397.7M(1024.0M)->355.7M(1024.0M)]
 [Times: user=0.05 sys=0.01, real=0.03 secs] 
2021-04-24T00:39:28.084+0800: 51344.597: [GC pause (G1 Evacuation Pause) (young), 0.0159266 secs]
   [Parallel Time: 13.7 ms, GC Workers: 8]
      [GC Worker Start (ms): Min: 51344598.6, Avg: 51344598.8, Max: 51344599.4, Diff: 0.9]
      [Ext Root Scanning (ms): Min: 0.2, Avg: 1.4, Max: 2.3, Diff: 2.1, Sum: 11.3]
      [Update RS (ms): Min: 1.9, Avg: 4.1, Max: 6.1, Diff: 4.3, Sum: 32.7]
         [Processed Buffers: Min: 1, Avg: 5.4, Max: 20, Diff: 19, Sum: 43]
      [Scan RS (ms): Min: 0.0, Avg: 1.1, Max: 2.4, Diff: 2.4, Sum: 8.6]
      [Code Root Scanning (ms): Min: 0.0, Avg: 0.0, Max: 0.0, Diff: 0.0, Sum: 0.0]
      [Object Copy (ms): Min: 5.5, Avg: 6.6, Max: 7.2, Diff: 1.7, Sum: 52.9]
      [Termination (ms): Min: 0.0, Avg: 0.1, Max: 0.1, Diff: 0.1, Sum: 0.5]
         [Termination Attempts: Min: 1, Avg: 1.8, Max: 3, Diff: 2, Sum: 14]
      [GC Worker Other (ms): Min: 0.0, Avg: 0.0, Max: 0.0, Diff: 0.0, Sum: 0.1]
      [GC Worker Total (ms): Min: 12.6, Avg: 13.3, Max: 13.6, Diff: 0.9, Sum: 106.1]
      [GC Worker End (ms): Min: 51344612.1, Avg: 51344612.1, Max: 51344612.1, Diff: 0.1]
   [Code Root Fixup: 0.0 ms]
   [Code Root Purge: 0.0 ms]
   [Clear CT: 0.2 ms]
   [Other: 2.1 ms]
      [Choose CSet: 0.0 ms]
      [Ref Proc: 0.4 ms]
      [Ref Enq: 0.0 ms]
      [Redirty Cards: 0.2 ms]
      [Humongous Register: 0.2 ms]
      [Humongous Reclaim: 0.0 ms]
      [Free CSet: 0.1 ms]
   [Eden: 44.0M(44.0M)->0.0B(45.0M) Survivors: 7168.0K->6144.0K Heap: 399.7M(1024.0M)->355.7M(1024.0M)]
 [Times: user=0.03 sys=0.01, real=0.02 secs] 
2021-04-24T00:39:50.917+0800: 51367.431: [GC pause (G1 Evacuation Pause) (young), 0.0117095 secs]
   [Parallel Time: 10.9 ms, GC Workers: 8]
      [GC Worker Start (ms): Min: 51367431.2, Avg: 51367431.6, Max: 51367433.2, Diff: 1.9]
      [Ext Root Scanning (ms): Min: 0.0, Avg: 1.2, Max: 2.7, Diff: 2.7, Sum: 9.8]
      [Update RS (ms): Min: 0.0, Avg: 2.9, Max: 9.9, Diff: 9.9, Sum: 23.4]
         [Processed Buffers: Min: 0, Avg: 4.9, Max: 20, Diff: 20, Sum: 39]
      [Scan RS (ms): Min: 0.0, Avg: 0.5, Max: 1.6, Diff: 1.6, Sum: 4.2]
      [Code Root Scanning (ms): Min: 0.0, Avg: 0.0, Max: 0.0, Diff: 0.0, Sum: 0.0]
      [Object Copy (ms): Min: 0.1, Avg: 5.5, Max: 7.7, Diff: 7.7, Sum: 44.3]
      [Termination (ms): Min: 0.0, Avg: 0.2, Max: 0.3, Diff: 0.3, Sum: 1.4]
         [Termination Attempts: Min: 1, Avg: 1.9, Max: 5, Diff: 4, Sum: 15]
      [GC Worker Other (ms): Min: 0.0, Avg: 0.0, Max: 0.0, Diff: 0.0, Sum: 0.1]
      [GC Worker Total (ms): Min: 8.9, Avg: 10.4, Max: 10.8, Diff: 1.9, Sum: 83.4]
      [GC Worker End (ms): Min: 51367442.0, Avg: 51367442.0, Max: 51367442.1, Diff: 0.0]
   [Code Root Fixup: 0.0 ms]
   [Code Root Purge: 0.0 ms]
   [Clear CT: 0.0 ms]
   [Other: 0.8 ms]
      [Choose CSet: 0.0 ms]
      [Ref Proc: 0.2 ms]
      [Ref Enq: 0.0 ms]
      [Redirty Cards: 0.1 ms]
      [Humongous Register: 0.1 ms]
      [Humongous Reclaim: 0.0 ms]
      [Free CSet: 0.0 ms]
   [Eden: 45.0M(45.0M)->0.0B(45.0M) Survivors: 6144.0K->6144.0K Heap: 400.7M(1024.0M)->355.8M(1024.0M)]
 [Times: user=0.04 sys=0.00, real=0.08 secs] 
2021-04-24T00:40:13.598+0800: 51390.113: [GC pause (G1 Evacuation Pause) (young), 0.0237093 secs]
   [Parallel Time: 16.5 ms, GC Workers: 8]
      [GC Worker Start (ms): Min: 51390119.2, Avg: 51390119.4, Max: 51390120.0, Diff: 0.8]
      [Ext Root Scanning (ms): Min: 2.1, Avg: 6.7, Max: 15.6, Diff: 13.5, Sum: 53.2]
      [Update RS (ms): Min: 0.0, Avg: 1.4, Max: 3.6, Diff: 3.6, Sum: 11.3]
         [Processed Buffers: Min: 0, Avg: 5.1, Max: 28, Diff: 28, Sum: 41]
      [Scan RS (ms): Min: 0.0, Avg: 0.4, Max: 1.0, Diff: 1.0, Sum: 3.5]
      [Code Root Scanning (ms): Min: 0.0, Avg: 0.0, Max: 0.0, Diff: 0.0, Sum: 0.0]
      [Object Copy (ms): Min: 0.0, Avg: 4.7, Max: 6.5, Diff: 6.5, Sum: 37.3]
      [Termination (ms): Min: 0.0, Avg: 2.2, Max: 2.5, Diff: 2.5, Sum: 17.5]
         [Termination Attempts: Min: 1, Avg: 1.6, Max: 4, Diff: 3, Sum: 13]
      [GC Worker Other (ms): Min: 0.0, Avg: 0.4, Max: 0.8, Diff: 0.8, Sum: 3.1]
      [GC Worker Total (ms): Min: 15.1, Avg: 15.7, Max: 15.9, Diff: 0.8, Sum: 126.0]
      [GC Worker End (ms): Min: 51390135.1, Avg: 51390135.1, Max: 51390135.2, Diff: 0.0]
   [Code Root Fixup: 0.0 ms]
   [Code Root Purge: 0.0 ms]
   [Clear CT: 0.0 ms]
   [Other: 7.2 ms]
      [Choose CSet: 0.0 ms]
      [Ref Proc: 0.2 ms]
      [Ref Enq: 0.0 ms]
      [Redirty Cards: 0.0 ms]
      [Humongous Register: 1.9 ms]
      [Humongous Reclaim: 0.0 ms]
      [Free CSet: 0.5 ms]
   [Eden: 45.0M(45.0M)->0.0B(45.0M) Survivors: 6144.0K->6144.0K Heap: 400.8M(1024.0M)->356.6M(1024.0M)]
 [Times: user=0.03 sys=0.03, real=0.03 secs] 
2021-04-24T00:40:36.103+0800: 51412.618: [GC pause (G1 Evacuation Pause) (young), 0.0150252 secs]
   [Parallel Time: 14.0 ms, GC Workers: 8]
      [GC Worker Start (ms): Min: 51412618.4, Avg: 51412618.6, Max: 51412618.7, Diff: 0.3]
      [Ext Root Scanning (ms): Min: 1.0, Avg: 2.0, Max: 4.8, Diff: 3.8, Sum: 15.8]
      [Update RS (ms): Min: 0.0, Avg: 1.2, Max: 3.6, Diff: 3.6, Sum: 9.2]
         [Processed Buffers: Min: 0, Avg: 5.1, Max: 12, Diff: 12, Sum: 41]
      [Scan RS (ms): Min: 0.0, Avg: 1.9, Max: 3.9, Diff: 3.8, Sum: 14.9]
      [Code Root Scanning (ms): Min: 0.0, Avg: 0.0, Max: 0.0, Diff: 0.0, Sum: 0.0]
      [Object Copy (ms): Min: 7.1, Avg: 8.4, Max: 9.0, Diff: 1.9, Sum: 67.4]
      [Termination (ms): Min: 0.0, Avg: 0.3, Max: 0.5, Diff: 0.5, Sum: 2.5]
         [Termination Attempts: Min: 1, Avg: 1.2, Max: 2, Diff: 1, Sum: 10]
      [GC Worker Other (ms): Min: 0.0, Avg: 0.0, Max: 0.0, Diff: 0.0, Sum: 0.1]
      [GC Worker Total (ms): Min: 13.6, Avg: 13.7, Max: 14.0, Diff: 0.4, Sum: 109.9]
      [GC Worker End (ms): Min: 51412632.2, Avg: 51412632.3, Max: 51412632.4, Diff: 0.1]
   [Code Root Fixup: 0.0 ms]
   [Code Root Purge: 0.0 ms]
   [Clear CT: 0.1 ms]
   [Other: 0.9 ms]
      [Choose CSet: 0.0 ms]
      [Ref Proc: 0.3 ms]
      [Ref Enq: 0.0 ms]
      [Redirty Cards: 0.1 ms]
      [Humongous Register: 0.1 ms]
      [Humongous Reclaim: 0.0 ms]
      [Free CSet: 0.1 ms]
   [Eden: 45.0M(45.0M)->0.0B(44.0M) Survivors: 6144.0K->7168.0K Heap: 401.6M(1024.0M)->357.9M(1024.0M)]
 [Times: user=0.05 sys=0.01, real=0.01 secs] 
2021-04-24T00:40:58.193+0800: 51434.708: [GC pause (G1 Evacuation Pause) (young), 0.0159235 secs]
   [Parallel Time: 14.8 ms, GC Workers: 8]
      [GC Worker Start (ms): Min: 51434708.4, Avg: 51434709.1, Max: 51434710.7, Diff: 2.3]
      [Ext Root Scanning (ms): Min: 0.0, Avg: 0.7, Max: 2.2, Diff: 2.2, Sum: 6.0]
      [Update RS (ms): Min: 0.0, Avg: 1.5, Max: 2.8, Diff: 2.8, Sum: 12.0]
         [Processed Buffers: Min: 1, Avg: 5.2, Max: 15, Diff: 14, Sum: 42]
      [Scan RS (ms): Min: 0.0, Avg: 0.5, Max: 1.0, Diff: 1.0, Sum: 4.1]
      [Code Root Scanning (ms): Min: 0.0, Avg: 0.0, Max: 0.0, Diff: 0.0, Sum: 0.0]
      [Object Copy (ms): Min: 10.7, Avg: 11.0, Max: 11.4, Diff: 0.6, Sum: 88.3]
      [Termination (ms): Min: 0.0, Avg: 0.3, Max: 0.4, Diff: 0.4, Sum: 2.1]
         [Termination Attempts: Min: 1, Avg: 1.2, Max: 2, Diff: 1, Sum: 10]
      [GC Worker Other (ms): Min: 0.0, Avg: 0.0, Max: 0.0, Diff: 0.0, Sum: 0.1]
      [GC Worker Total (ms): Min: 12.4, Avg: 14.1, Max: 14.7, Diff: 2.3, Sum: 112.5]
      [GC Worker End (ms): Min: 51434723.1, Avg: 51434723.1, Max: 51434723.1, Diff: 0.0]
   [Code Root Fixup: 0.0 ms]
   [Code Root Purge: 0.0 ms]
   [Clear CT: 0.1 ms]
   [Other: 1.0 ms]
      [Choose CSet: 0.0 ms]
      [Ref Proc: 0.5 ms]
      [Ref Enq: 0.0 ms]
      [Redirty Cards: 0.1 ms]
      [Humongous Register: 0.1 ms]
      [Humongous Reclaim: 0.0 ms]
      [Free CSet: 0.0 ms]
   [Eden: 44.0M(44.0M)->0.0B(44.0M) Survivors: 7168.0K->7168.0K Heap: 401.9M(1024.0M)->358.7M(1024.0M)]
 [Times: user=0.04 sys=0.01, real=0.01 secs] 
2021-04-24T00:41:20.227+0800: 51456.743: [GC pause (G1 Evacuation Pause) (young), 0.0353982 secs]
   [Parallel Time: 33.5 ms, GC Workers: 8]
      [GC Worker Start (ms): Min: 51456743.8, Avg: 51456743.9, Max: 51456744.1, Diff: 0.3]
      [Ext Root Scanning (ms): Min: 0.4, Avg: 2.9, Max: 6.6, Diff: 6.2, Sum: 22.8]
      [Update RS (ms): Min: 0.0, Avg: 1.7, Max: 4.5, Diff: 4.5, Sum: 13.2]
         [Processed Buffers: Min: 0, Avg: 5.4, Max: 28, Diff: 28, Sum: 43]
      [Scan RS (ms): Min: 0.0, Avg: 2.3, Max: 4.8, Diff: 4.8, Sum: 18.7]
      [Code Root Scanning (ms): Min: 0.0, Avg: 0.0, Max: 0.0, Diff: 0.0, Sum: 0.0]
      [Object Copy (ms): Min: 23.8, Avg: 25.8, Max: 30.5, Diff: 6.7, Sum: 206.1]
      [Termination (ms): Min: 0.0, Avg: 0.6, Max: 1.1, Diff: 1.1, Sum: 4.6]
         [Termination Attempts: Min: 1, Avg: 2844.6, Max: 5888, Diff: 5887, Sum: 22757]
      [GC Worker Other (ms): Min: 0.0, Avg: 0.0, Max: 0.0, Diff: 0.0, Sum: 0.2]
      [GC Worker Total (ms): Min: 33.0, Avg: 33.2, Max: 33.3, Diff: 0.3, Sum: 265.7]
      [GC Worker End (ms): Min: 51456777.1, Avg: 51456777.2, Max: 51456777.2, Diff: 0.0]
   [Code Root Fixup: 0.0 ms]
   [Code Root Purge: 0.0 ms]
   [Clear CT: 0.2 ms]
   [Other: 1.7 ms]
      [Choose CSet: 0.0 ms]
      [Ref Proc: 0.5 ms]
      [Ref Enq: 0.0 ms]
      [Redirty Cards: 0.2 ms]
      [Humongous Register: 0.2 ms]
      [Humongous Reclaim: 0.0 ms]
      [Free CSet: 0.1 ms]
   [Eden: 44.0M(44.0M)->0.0B(46.0M) Survivors: 7168.0K->5120.0K Heap: 402.7M(1024.0M)->358.2M(1024.0M)]
 [Times: user=0.08 sys=0.02, real=0.04 secs] 
2021-04-24T00:41:43.381+0800: 51479.897: [GC pause (G1 Evacuation Pause) (young), 0.0189163 secs]
   [Parallel Time: 16.6 ms, GC Workers: 8]
      [GC Worker Start (ms): Min: 51479897.7, Avg: 51479897.9, Max: 51479898.2, Diff: 0.5]
      [Ext Root Scanning (ms): Min: 0.6, Avg: 3.1, Max: 9.9, Diff: 9.4, Sum: 24.9]
      [Update RS (ms): Min: 0.0, Avg: 1.8, Max: 4.3, Diff: 4.3, Sum: 14.1]
         [Processed Buffers: Min: 0, Avg: 5.8, Max: 13, Diff: 13, Sum: 46]
      [Scan RS (ms): Min: 0.1, Avg: 3.6, Max: 10.6, Diff: 10.5, Sum: 28.6]
      [Code Root Scanning (ms): Min: 0.0, Avg: 0.0, Max: 0.0, Diff: 0.0, Sum: 0.0]
      [Object Copy (ms): Min: 1.4, Avg: 7.6, Max: 14.0, Diff: 12.6, Sum: 60.7]
      [Termination (ms): Min: 0.0, Avg: 0.2, Max: 0.3, Diff: 0.3, Sum: 2.0]
         [Termination Attempts: Min: 1, Avg: 3.4, Max: 5, Diff: 4, Sum: 27]
      [GC Worker Other (ms): Min: 0.0, Avg: 0.0, Max: 0.0, Diff: 0.0, Sum: 0.2]
      [GC Worker Total (ms): Min: 16.1, Avg: 16.3, Max: 16.6, Diff: 0.5, Sum: 130.5]
      [GC Worker End (ms): Min: 51479914.2, Avg: 51479914.3, Max: 51479914.3, Diff: 0.0]
   [Code Root Fixup: 0.0 ms]
   [Code Root Purge: 0.0 ms]
   [Clear CT: 0.0 ms]
   [Other: 2.2 ms]
      [Choose CSet: 0.0 ms]
      [Ref Proc: 1.1 ms]
      [Ref Enq: 0.0 ms]
      [Redirty Cards: 0.0 ms]
      [Humongous Register: 0.4 ms]
      [Humongous Reclaim: 0.0 ms]
      [Free CSet: 0.1 ms]
   [Eden: 46.0M(46.0M)->0.0B(44.0M) Survivors: 5120.0K->7168.0K Heap: 404.2M(1024.0M)->361.2M(1024.0M)]
 [Times: user=0.06 sys=0.01, real=0.02 secs] 
2021-04-24T00:42:05.411+0800: 51501.928: [GC pause (G1 Evacuation Pause) (young), 0.0306666 secs]
   [Parallel Time: 28.4 ms, GC Workers: 8]
      [GC Worker Start (ms): Min: 51501929.0, Avg: 51501929.1, Max: 51501929.3, Diff: 0.3]
      [Ext Root Scanning (ms): Min: 0.5, Avg: 3.7, Max: 13.2, Diff: 12.8, Sum: 29.3]
      [Update RS (ms): Min: 0.0, Avg: 1.3, Max: 4.4, Diff: 4.4, Sum: 10.3]
         [Processed Buffers: Min: 0, Avg: 5.6, Max: 23, Diff: 23, Sum: 45]
      [Scan RS (ms): Min: 0.0, Avg: 2.4, Max: 4.1, Diff: 4.1, Sum: 19.4]
      [Code Root Scanning (ms): Min: 0.0, Avg: 0.0, Max: 0.0, Diff: 0.0, Sum: 0.0]
      [Object Copy (ms): Min: 15.1, Avg: 20.9, Max: 26.1, Diff: 11.0, Sum: 167.2]
      [Termination (ms): Min: 0.0, Avg: 0.0, Max: 0.0, Diff: 0.0, Sum: 0.0]
         [Termination Attempts: Min: 1, Avg: 2.2, Max: 3, Diff: 2, Sum: 18]
      [GC Worker Other (ms): Min: 0.0, Avg: 0.0, Max: 0.0, Diff: 0.0, Sum: 0.2]
      [GC Worker Total (ms): Min: 28.1, Avg: 28.3, Max: 28.4, Diff: 0.2, Sum: 226.4]
      [GC Worker End (ms): Min: 51501957.4, Avg: 51501957.4, Max: 51501957.4, Diff: 0.0]
   [Code Root Fixup: 0.0 ms]
   [Code Root Purge: 0.0 ms]
   [Clear CT: 0.2 ms]
   [Other: 2.1 ms]
      [Choose CSet: 0.0 ms]
      [Ref Proc: 0.3 ms]
      [Ref Enq: 0.0 ms]
      [Redirty Cards: 0.2 ms]
      [Humongous Register: 0.1 ms]
      [Humongous Reclaim: 0.0 ms]
      [Free CSet: 0.1 ms]
   [Eden: 44.0M(44.0M)->0.0B(46.0M) Survivors: 7168.0K->5120.0K Heap: 405.2M(1024.0M)->360.4M(1024.0M)]
 [Times: user=0.04 sys=0.02, real=0.03 secs] 
2021-04-24T00:42:28.642+0800: 51525.159: [GC pause (G1 Evacuation Pause) (young), 0.0160081 secs]
   [Parallel Time: 14.9 ms, GC Workers: 8]
      [GC Worker Start (ms): Min: 51525159.6, Avg: 51525159.7, Max: 51525160.0, Diff: 0.4]
      [Ext Root Scanning (ms): Min: 0.0, Avg: 0.9, Max: 3.1, Diff: 3.1, Sum: 7.5]
      [Update RS (ms): Min: 0.8, Avg: 4.3, Max: 11.4, Diff: 10.5, Sum: 34.2]
         [Processed Buffers: Min: 0, Avg: 6.1, Max: 22, Diff: 22, Sum: 49]
      [Scan RS (ms): Min: 0.0, Avg: 1.3, Max: 3.4, Diff: 3.4, Sum: 10.1]
      [Code Root Scanning (ms): Min: 0.0, Avg: 0.0, Max: 0.0, Diff: 0.0, Sum: 0.0]
      [Object Copy (ms): Min: 2.0, Avg: 7.6, Max: 8.9, Diff: 6.9, Sum: 60.9]
      [Termination (ms): Min: 0.0, Avg: 0.3, Max: 0.3, Diff: 0.3, Sum: 2.1]
         [Termination Attempts: Min: 1, Avg: 2.5, Max: 8, Diff: 7, Sum: 20]
      [GC Worker Other (ms): Min: 0.0, Avg: 0.2, Max: 1.7, Diff: 1.6, Sum: 1.7]
      [GC Worker Total (ms): Min: 14.3, Avg: 14.6, Max: 14.8, Diff: 0.5, Sum: 116.5]
      [GC Worker End (ms): Min: 51525174.1, Avg: 51525174.3, Max: 51525174.4, Diff: 0.2]
   [Code Root Fixup: 0.0 ms]
   [Code Root Purge: 0.0 ms]
   [Clear CT: 0.1 ms]
   [Other: 1.0 ms]
      [Choose CSet: 0.0 ms]
      [Ref Proc: 0.3 ms]
      [Ref Enq: 0.0 ms]
      [Redirty Cards: 0.1 ms]
      [Humongous Register: 0.1 ms]
      [Humongous Reclaim: 0.0 ms]
      [Free CSet: 0.1 ms]
   [Eden: 46.0M(46.0M)->0.0B(45.0M) Survivors: 5120.0K->6144.0K Heap: 406.4M(1024.0M)->360.9M(1024.0M)]
 [Times: user=0.05 sys=0.01, real=0.01 secs] 
2021-04-24T00:42:51.034+0800: 51547.552: [GC pause (G1 Evacuation Pause) (young), 0.0198934 secs]
   [Parallel Time: 18.5 ms, GC Workers: 8]
      [GC Worker Start (ms): Min: 51547551.9, Avg: 51547553.6, Max: 51547558.7, Diff: 6.8]
      [Ext Root Scanning (ms): Min: 0.0, Avg: 2.1, Max: 6.6, Diff: 6.6, Sum: 16.7]
      [Update RS (ms): Min: 0.0, Avg: 1.8, Max: 3.9, Diff: 3.9, Sum: 14.0]
         [Processed Buffers: Min: 0, Avg: 5.4, Max: 30, Diff: 30, Sum: 43]
      [Scan RS (ms): Min: 0.0, Avg: 1.9, Max: 3.4, Diff: 3.4, Sum: 15.4]
      [Code Root Scanning (ms): Min: 0.0, Avg: 0.0, Max: 0.0, Diff: 0.0, Sum: 0.0]
      [Object Copy (ms): Min: 10.1, Avg: 10.7, Max: 11.4, Diff: 1.3, Sum: 85.6]
      [Termination (ms): Min: 0.0, Avg: 0.0, Max: 0.1, Diff: 0.1, Sum: 0.4]
         [Termination Attempts: Min: 1, Avg: 3.0, Max: 8, Diff: 7, Sum: 24]
      [GC Worker Other (ms): Min: 0.0, Avg: 0.0, Max: 0.0, Diff: 0.0, Sum: 0.2]
      [GC Worker Total (ms): Min: 11.4, Avg: 16.5, Max: 18.2, Diff: 6.9, Sum: 132.3]
      [GC Worker End (ms): Min: 51547570.1, Avg: 51547570.1, Max: 51547570.1, Diff: 0.0]
   [Code Root Fixup: 0.0 ms]
   [Code Root Purge: 0.0 ms]
   [Clear CT: 0.2 ms]
   [Other: 1.2 ms]
      [Choose CSet: 0.0 ms]
      [Ref Proc: 0.4 ms]
      [Ref Enq: 0.0 ms]
      [Redirty Cards: 0.2 ms]
      [Humongous Register: 0.2 ms]
      [Humongous Reclaim: 0.0 ms]
      [Free CSet: 0.1 ms]
   [Eden: 45.0M(45.0M)->0.0B(45.0M) Survivors: 6144.0K->6144.0K Heap: 405.9M(1024.0M)->362.0M(1024.0M)]
 [Times: user=0.05 sys=0.01, real=0.02 secs] 
2021-04-24T00:43:13.653+0800: 51570.171: [GC pause (G1 Evacuation Pause) (young), 0.0128292 secs]
   [Parallel Time: 12.2 ms, GC Workers: 8]
      [GC Worker Start (ms): Min: 51570171.4, Avg: 51570171.6, Max: 51570171.9, Diff: 0.5]
      [Ext Root Scanning (ms): Min: 0.6, Avg: 4.4, Max: 11.8, Diff: 11.2, Sum: 35.5]
      [Update RS (ms): Min: 0.0, Avg: 1.5, Max: 3.3, Diff: 3.3, Sum: 12.2]
         [Processed Buffers: Min: 0, Avg: 6.0, Max: 29, Diff: 29, Sum: 48]
      [Scan RS (ms): Min: 0.0, Avg: 2.0, Max: 4.1, Diff: 4.1, Sum: 15.8]
      [Code Root Scanning (ms): Min: 0.0, Avg: 0.0, Max: 0.0, Diff: 0.0, Sum: 0.0]
      [Object Copy (ms): Min: 0.2, Avg: 3.4, Max: 5.1, Diff: 4.9, Sum: 27.4]
      [Termination (ms): Min: 0.0, Avg: 0.5, Max: 0.7, Diff: 0.7, Sum: 4.2]
         [Termination Attempts: Min: 1, Avg: 1.5, Max: 2, Diff: 1, Sum: 12]
      [GC Worker Other (ms): Min: 0.0, Avg: 0.0, Max: 0.0, Diff: 0.0, Sum: 0.1]
      [GC Worker Total (ms): Min: 11.6, Avg: 11.9, Max: 12.1, Diff: 0.5, Sum: 95.3]
      [GC Worker End (ms): Min: 51570183.5, Avg: 51570183.5, Max: 51570183.6, Diff: 0.0]
   [Code Root Fixup: 0.0 ms]
   [Code Root Purge: 0.0 ms]
   [Clear CT: 0.0 ms]
   [Other: 0.6 ms]
      [Choose CSet: 0.0 ms]
      [Ref Proc: 0.1 ms]
      [Ref Enq: 0.0 ms]
      [Redirty Cards: 0.0 ms]
      [Humongous Register: 0.1 ms]
      [Humongous Reclaim: 0.0 ms]
      [Free CSet: 0.0 ms]
   [Eden: 45.0M(45.0M)->0.0B(45.0M) Survivors: 6144.0K->6144.0K Heap: 407.0M(1024.0M)->362.0M(1024.0M)]
 [Times: user=0.04 sys=0.01, real=0.01 secs] 
2021-04-24T00:43:36.268+0800: 51592.787: [GC pause (G1 Evacuation Pause) (young), 0.0176721 secs]
   [Parallel Time: 16.4 ms, GC Workers: 8]
      [GC Worker Start (ms): Min: 51592787.5, Avg: 51592787.9, Max: 51592789.0, Diff: 1.5]
      [Ext Root Scanning (ms): Min: 0.0, Avg: 2.2, Max: 5.9, Diff: 5.9, Sum: 17.9]
      [Update RS (ms): Min: 0.0, Avg: 2.0, Max: 5.3, Diff: 5.3, Sum: 15.9]
         [Processed Buffers: Min: 0, Avg: 5.8, Max: 32, Diff: 32, Sum: 46]
      [Scan RS (ms): Min: 0.0, Avg: 1.1, Max: 1.9, Diff: 1.9, Sum: 8.6]
      [Code Root Scanning (ms): Min: 0.0, Avg: 0.0, Max: 0.0, Diff: 0.0, Sum: 0.0]
      [Object Copy (ms): Min: 7.3, Avg: 10.3, Max: 14.1, Diff: 6.9, Sum: 82.2]
      [Termination (ms): Min: 0.0, Avg: 0.4, Max: 0.5, Diff: 0.5, Sum: 2.9]
         [Termination Attempts: Min: 1, Avg: 4.1, Max: 9, Diff: 8, Sum: 33]
      [GC Worker Other (ms): Min: 0.0, Avg: 0.0, Max: 0.0, Diff: 0.0, Sum: 0.2]
      [GC Worker Total (ms): Min: 14.9, Avg: 15.9, Max: 16.3, Diff: 1.5, Sum: 127.6]
      [GC Worker End (ms): Min: 51592803.8, Avg: 51592803.8, Max: 51592803.9, Diff: 0.0]
   [Code Root Fixup: 0.0 ms]
   [Code Root Purge: 0.0 ms]
   [Clear CT: 0.1 ms]
   [Other: 1.2 ms]
      [Choose CSet: 0.0 ms]
      [Ref Proc: 0.4 ms]
      [Ref Enq: 0.0 ms]
      [Redirty Cards: 0.1 ms]
      [Humongous Register: 0.2 ms]
      [Humongous Reclaim: 0.0 ms]
      [Free CSet: 0.1 ms]
   [Eden: 45.0M(45.0M)->0.0B(50.0M) Survivors: 6144.0K->6144.0K Heap: 407.0M(1024.0M)->362.7M(1024.0M)]
 [Times: user=0.04 sys=0.01, real=0.02 secs] 
2021-04-24T00:44:01.399+0800: 51617.918: [GC pause (G1 Evacuation Pause) (young) (initial-mark), 0.0248527 secs]
   [Parallel Time: 23.2 ms, GC Workers: 8]
      [GC Worker Start (ms): Min: 51617920.1, Avg: 51617920.2, Max: 51617920.4, Diff: 0.3]
      [Ext Root Scanning (ms): Min: 10.6, Avg: 11.0, Max: 11.3, Diff: 0.8, Sum: 87.6]
      [Update RS (ms): Min: 0.3, Avg: 3.5, Max: 5.2, Diff: 4.9, Sum: 27.9]
         [Processed Buffers: Min: 0, Avg: 6.6, Max: 22, Diff: 22, Sum: 53]
      [Scan RS (ms): Min: 0.5, Avg: 1.6, Max: 2.1, Diff: 1.6, Sum: 12.4]
      [Code Root Scanning (ms): Min: 0.0, Avg: 0.0, Max: 0.0, Diff: 0.0, Sum: 0.0]
      [Object Copy (ms): Min: 4.8, Avg: 5.7, Max: 8.8, Diff: 4.1, Sum: 45.8]
      [Termination (ms): Min: 0.0, Avg: 0.2, Max: 0.3, Diff: 0.3, Sum: 1.5]
         [Termination Attempts: Min: 1, Avg: 1.5, Max: 3, Diff: 2, Sum: 12]
      [GC Worker Other (ms): Min: 0.0, Avg: 0.0, Max: 0.0, Diff: 0.0, Sum: 0.1]
      [GC Worker Total (ms): Min: 21.8, Avg: 21.9, Max: 22.1, Diff: 0.3, Sum: 175.3]
      [GC Worker End (ms): Min: 51617942.2, Avg: 51617942.2, Max: 51617942.2, Diff: 0.0]
   [Code Root Fixup: 0.0 ms]
   [Code Root Purge: 0.0 ms]
   [Clear CT: 0.1 ms]
   [Other: 1.6 ms]
      [Choose CSet: 0.0 ms]
      [Ref Proc: 0.5 ms]
      [Ref Enq: 0.0 ms]
      [Redirty Cards: 0.0 ms]
      [Humongous Register: 0.0 ms]
      [Humongous Reclaim: 0.0 ms]
      [Free CSet: 0.0 ms]
   [Eden: 50.0M(50.0M)->0.0B(44.0M) Survivors: 6144.0K->7168.0K Heap: 412.7M(1024.0M)->364.4M(1024.0M)]
 [Times: user=0.04 sys=0.02, real=0.03 secs] 
2021-04-24T00:44:01.425+0800: 51617.944: [GC concurrent-root-region-scan-start]
2021-04-24T00:44:01.428+0800: 51617.947: [GC concurrent-root-region-scan-end, 0.0030230 secs]
2021-04-24T00:44:01.428+0800: 51617.947: [GC concurrent-mark-start]
2021-04-24T00:44:01.489+0800: 51618.008: [GC concurrent-mark-end, 0.0609339 secs]
2021-04-24T00:44:01.490+0800: 51618.009: [GC remark 2021-04-24T00:44:01.490+0800: 51618.009: [Finalize Marking, 0.0001645 secs] 2021-04-24T00:44:01.490+0800: 51618.009: [GC ref-proc, 0.0010062 secs] 2021-04-24T00:44:01.491+0800: 51618.010: [Unloading, 0.2138076 secs], 0.2159680 secs]
 [Times: user=0.04 sys=0.15, real=0.21 secs] 
2021-04-24T00:44:01.708+0800: 51618.227: [GC cleanup 365M->242M(1024M), 0.0240066 secs]
 [Times: user=0.00 sys=0.02, real=0.03 secs] 
2021-04-24T00:44:01.732+0800: 51618.251: [GC concurrent-cleanup-start]
2021-04-24T00:44:01.754+0800: 51618.273: [GC concurrent-cleanup-end, 0.0219699 secs]
2021-04-24T00:44:23.832+0800: 51640.351: [GC pause (G1 Evacuation Pause) (young), 0.0169589 secs]
   [Parallel Time: 15.4 ms, GC Workers: 8]
      [GC Worker Start (ms): Min: 51640351.8, Avg: 51640352.1, Max: 51640352.4, Diff: 0.6]
      [Ext Root Scanning (ms): Min: 1.1, Avg: 4.9, Max: 13.8, Diff: 12.7, Sum: 39.0]
      [Update RS (ms): Min: 0.0, Avg: 1.1, Max: 3.0, Diff: 3.0, Sum: 9.1]
         [Processed Buffers: Min: 0, Avg: 5.8, Max: 28, Diff: 28, Sum: 46]
      [Scan RS (ms): Min: 0.0, Avg: 1.5, Max: 4.5, Diff: 4.5, Sum: 11.9]
      [Code Root Scanning (ms): Min: 0.0, Avg: 0.0, Max: 0.0, Diff: 0.0, Sum: 0.0]
      [Object Copy (ms): Min: 0.8, Avg: 7.0, Max: 10.8, Diff: 10.1, Sum: 55.8]
      [Termination (ms): Min: 0.0, Avg: 0.6, Max: 0.7, Diff: 0.7, Sum: 4.6]
         [Termination Attempts: Min: 1, Avg: 19.4, Max: 41, Diff: 40, Sum: 155]
      [GC Worker Other (ms): Min: 0.0, Avg: 0.0, Max: 0.0, Diff: 0.0, Sum: 0.1]
      [GC Worker Total (ms): Min: 14.7, Avg: 15.1, Max: 15.3, Diff: 0.6, Sum: 120.4]
      [GC Worker End (ms): Min: 51640367.1, Avg: 51640367.2, Max: 51640367.2, Diff: 0.0]
   [Code Root Fixup: 0.0 ms]
   [Code Root Purge: 0.0 ms]
   [Clear CT: 0.1 ms]
   [Other: 1.4 ms]
      [Choose CSet: 0.0 ms]
      [Ref Proc: 0.6 ms]
      [Ref Enq: 0.0 ms]
      [Redirty Cards: 0.1 ms]
      [Humongous Register: 0.1 ms]
      [Humongous Reclaim: 0.0 ms]
      [Free CSet: 0.1 ms]
   [Eden: 44.0M(44.0M)->0.0B(44.0M) Survivors: 7168.0K->7168.0K Heap: 285.4M(1024.0M)->241.4M(1024.0M)]
 [Times: user=0.06 sys=0.01, real=0.01 secs] 
2021-04-24T00:44:45.946+0800: 51662.466: [GC pause (G1 Evacuation Pause) (mixed), 0.0371443 secs]
   [Parallel Time: 34.6 ms, GC Workers: 8]
      [GC Worker Start (ms): Min: 51662466.6, Avg: 51662470.5, Max: 51662476.1, Diff: 9.5]
      [Ext Root Scanning (ms): Min: 0.0, Avg: 1.8, Max: 8.0, Diff: 8.0, Sum: 14.3]
      [Update RS (ms): Min: 0.0, Avg: 2.3, Max: 5.8, Diff: 5.8, Sum: 18.8]
         [Processed Buffers: Min: 0, Avg: 6.0, Max: 20, Diff: 20, Sum: 48]
      [Scan RS (ms): Min: 2.6, Avg: 5.6, Max: 9.1, Diff: 6.5, Sum: 45.1]
      [Code Root Scanning (ms): Min: 0.0, Avg: 1.9, Max: 6.6, Diff: 6.6, Sum: 15.0]
      [Object Copy (ms): Min: 15.6, Avg: 18.9, Max: 23.3, Diff: 7.7, Sum: 151.5]
      [Termination (ms): Min: 0.0, Avg: 0.0, Max: 0.1, Diff: 0.1, Sum: 0.3]
         [Termination Attempts: Min: 1, Avg: 1.6, Max: 2, Diff: 1, Sum: 13]
      [GC Worker Other (ms): Min: 0.0, Avg: 0.0, Max: 0.0, Diff: 0.0, Sum: 0.2]
      [GC Worker Total (ms): Min: 25.0, Avg: 30.6, Max: 34.5, Diff: 9.5, Sum: 245.1]
      [GC Worker End (ms): Min: 51662501.1, Avg: 51662501.1, Max: 51662501.1, Diff: 0.0]
   [Code Root Fixup: 0.0 ms]
   [Code Root Purge: 0.0 ms]
   [Clear CT: 0.2 ms]
   [Other: 2.4 ms]
      [Choose CSet: 0.1 ms]
      [Ref Proc: 0.6 ms]
      [Ref Enq: 0.0 ms]
      [Redirty Cards: 0.1 ms]
      [Humongous Register: 0.2 ms]
      [Humongous Reclaim: 0.0 ms]
      [Free CSet: 0.9 ms]
   [Eden: 44.0M(44.0M)->0.0B(44.0M) Survivors: 7168.0K->7168.0K Heap: 285.4M(1024.0M)->228.6M(1024.0M)]
 [Times: user=0.06 sys=0.03, real=0.04 secs] 
2021-04-24T00:45:07.988+0800: 51684.508: [GC pause (G1 Evacuation Pause) (mixed), 0.0232843 secs]
   [Parallel Time: 21.7 ms, GC Workers: 8]
      [GC Worker Start (ms): Min: 51684508.5, Avg: 51684508.8, Max: 51684509.4, Diff: 0.9]
      [Ext Root Scanning (ms): Min: 0.3, Avg: 1.4, Max: 3.6, Diff: 3.3, Sum: 11.6]
      [Update RS (ms): Min: 1.3, Avg: 4.1, Max: 7.0, Diff: 5.7, Sum: 32.9]
         [Processed Buffers: Min: 1, Avg: 6.8, Max: 24, Diff: 23, Sum: 54]
      [Scan RS (ms): Min: 2.9, Avg: 6.0, Max: 8.5, Diff: 5.7, Sum: 47.6]
      [Code Root Scanning (ms): Min: 0.0, Avg: 0.3, Max: 1.1, Diff: 1.1, Sum: 2.5]
      [Object Copy (ms): Min: 7.6, Avg: 9.3, Max: 10.9, Diff: 3.4, Sum: 74.3]
      [Termination (ms): Min: 0.0, Avg: 0.2, Max: 0.2, Diff: 0.2, Sum: 1.4]
         [Termination Attempts: Min: 1, Avg: 4.4, Max: 11, Diff: 10, Sum: 35]
      [GC Worker Other (ms): Min: 0.0, Avg: 0.0, Max: 0.1, Diff: 0.1, Sum: 0.2]
      [GC Worker Total (ms): Min: 20.6, Avg: 21.3, Max: 21.5, Diff: 0.9, Sum: 170.5]
      [GC Worker End (ms): Min: 51684530.1, Avg: 51684530.1, Max: 51684530.1, Diff: 0.1]
   [Code Root Fixup: 0.0 ms]
   [Code Root Purge: 0.0 ms]
   [Clear CT: 0.1 ms]
   [Other: 1.5 ms]
      [Choose CSet: 0.0 ms]
      [Ref Proc: 0.2 ms]
      [Ref Enq: 0.0 ms]
      [Redirty Cards: 0.1 ms]
      [Humongous Register: 0.1 ms]
      [Humongous Reclaim: 0.0 ms]
      [Free CSet: 0.4 ms]
   [Eden: 44.0M(44.0M)->0.0B(46.0M) Survivors: 7168.0K->5120.0K Heap: 272.6M(1024.0M)->214.4M(1024.0M)]
 [Times: user=0.06 sys=0.03, real=0.03 secs] 
2021-04-24T00:45:31.021+0800: 51707.543: [GC pause (G1 Evacuation Pause) (mixed), 0.0182972 secs]
   [Parallel Time: 16.7 ms, GC Workers: 8]
      [GC Worker Start (ms): Min: 51707542.9, Avg: 51707543.2, Max: 51707543.7, Diff: 0.8]
      [Ext Root Scanning (ms): Min: 0.2, Avg: 0.7, Max: 2.5, Diff: 2.3, Sum: 5.9]
      [Update RS (ms): Min: 0.0, Avg: 2.8, Max: 7.2, Diff: 7.2, Sum: 22.7]
         [Processed Buffers: Min: 0, Avg: 6.6, Max: 25, Diff: 25, Sum: 53]
      [Scan RS (ms): Min: 2.7, Avg: 4.7, Max: 6.6, Diff: 3.9, Sum: 37.2]
      [Code Root Scanning (ms): Min: 0.0, Avg: 1.3, Max: 6.8, Diff: 6.8, Sum: 10.4]
      [Object Copy (ms): Min: 0.9, Avg: 6.7, Max: 10.9, Diff: 10.1, Sum: 53.9]
      [Termination (ms): Min: 0.0, Avg: 0.0, Max: 0.0, Diff: 0.0, Sum: 0.0]
         [Termination Attempts: Min: 1, Avg: 7.5, Max: 12, Diff: 11, Sum: 60]
      [GC Worker Other (ms): Min: 0.0, Avg: 0.0, Max: 0.1, Diff: 0.0, Sum: 0.3]
      [GC Worker Total (ms): Min: 15.8, Avg: 16.3, Max: 16.6, Diff: 0.8, Sum: 130.6]
      [GC Worker End (ms): Min: 51707559.5, Avg: 51707559.5, Max: 51707559.5, Diff: 0.0]
   [Code Root Fixup: 0.0 ms]
   [Code Root Purge: 0.0 ms]
   [Clear CT: 0.1 ms]
   [Other: 1.5 ms]
      [Choose CSet: 0.1 ms]
      [Ref Proc: 0.3 ms]
      [Ref Enq: 0.0 ms]
      [Redirty Cards: 0.1 ms]
      [Humongous Register: 0.1 ms]
      [Humongous Reclaim: 0.0 ms]
      [Free CSet: 0.3 ms]
   [Eden: 46.0M(46.0M)->0.0B(44.0M) Survivors: 5120.0K->7168.0K Heap: 260.4M(1024.0M)->203.5M(1024.0M)]
 [Times: user=0.06 sys=0.01, real=0.02 secs] 
2021-04-24T00:45:53.158+0800: 51729.679: [GC pause (G1 Evacuation Pause) (mixed), 0.0156614 secs]
   [Parallel Time: 14.2 ms, GC Workers: 8]
      [GC Worker Start (ms): Min: 51729679.7, Avg: 51729680.6, Max: 51729683.1, Diff: 3.4]
      [Ext Root Scanning (ms): Min: 0.0, Avg: 0.7, Max: 3.1, Diff: 3.1, Sum: 5.6]
      [Update RS (ms): Min: 0.0, Avg: 0.8, Max: 2.0, Diff: 2.0, Sum: 6.7]
         [Processed Buffers: Min: 0, Avg: 5.6, Max: 24, Diff: 24, Sum: 45]
      [Scan RS (ms): Min: 1.1, Avg: 2.3, Max: 5.6, Diff: 4.5, Sum: 18.4]
      [Code Root Scanning (ms): Min: 0.0, Avg: 0.0, Max: 0.0, Diff: 0.0, Sum: 0.0]
      [Object Copy (ms): Min: 6.0, Avg: 9.3, Max: 12.4, Diff: 6.4, Sum: 74.2]
      [Termination (ms): Min: 0.0, Avg: 0.0, Max: 0.1, Diff: 0.1, Sum: 0.4]
         [Termination Attempts: Min: 1, Avg: 2.5, Max: 7, Diff: 6, Sum: 20]
      [GC Worker Other (ms): Min: 0.0, Avg: 0.0, Max: 0.0, Diff: 0.0, Sum: 0.1]
      [GC Worker Total (ms): Min: 10.7, Avg: 13.2, Max: 14.1, Diff: 3.4, Sum: 105.4]
      [GC Worker End (ms): Min: 51729693.8, Avg: 51729693.8, Max: 51729693.8, Diff: 0.1]
   [Code Root Fixup: 0.0 ms]
   [Code Root Purge: 0.0 ms]
   [Clear CT: 0.1 ms]
   [Other: 1.4 ms]
      [Choose CSet: 0.0 ms]
      [Ref Proc: 0.3 ms]
      [Ref Enq: 0.0 ms]
      [Redirty Cards: 0.1 ms]
      [Humongous Register: 0.1 ms]
      [Humongous Reclaim: 0.0 ms]
      [Free CSet: 0.1 ms]
   [Eden: 44.0M(44.0M)->0.0B(45.0M) Survivors: 7168.0K->6144.0K Heap: 247.5M(1024.0M)->200.9M(1024.0M)]
 [Times: user=0.04 sys=0.01, real=0.02 secs] 
2021-04-24T00:46:15.775+0800: 51752.297: [GC pause (G1 Evacuation Pause) (young), 0.0194893 secs]
   [Parallel Time: 17.9 ms, GC Workers: 8]
      [GC Worker Start (ms): Min: 51752297.4, Avg: 51752297.6, Max: 51752297.9, Diff: 0.5]
      [Ext Root Scanning (ms): Min: 0.7, Avg: 3.7, Max: 17.5, Diff: 16.8, Sum: 29.7]
      [Update RS (ms): Min: 0.0, Avg: 2.3, Max: 5.4, Diff: 5.4, Sum: 18.4]
         [Processed Buffers: Min: 0, Avg: 6.0, Max: 22, Diff: 22, Sum: 48]
      [Scan RS (ms): Min: 0.0, Avg: 5.9, Max: 11.9, Diff: 11.9, Sum: 46.9]
      [Code Root Scanning (ms): Min: 0.0, Avg: 0.0, Max: 0.0, Diff: 0.0, Sum: 0.0]
      [Object Copy (ms): Min: 0.0, Avg: 5.5, Max: 15.7, Diff: 15.7, Sum: 44.2]
      [Termination (ms): Min: 0.0, Avg: 0.1, Max: 0.2, Diff: 0.2, Sum: 1.1]
         [Termination Attempts: Min: 1, Avg: 1.4, Max: 3, Diff: 2, Sum: 11]
      [GC Worker Other (ms): Min: 0.0, Avg: 0.0, Max: 0.0, Diff: 0.0, Sum: 0.1]
      [GC Worker Total (ms): Min: 17.3, Avg: 17.6, Max: 17.8, Diff: 0.5, Sum: 140.5]
      [GC Worker End (ms): Min: 51752315.2, Avg: 51752315.2, Max: 51752315.2, Diff: 0.0]
   [Code Root Fixup: 0.1 ms]
   [Code Root Purge: 0.0 ms]
   [Clear CT: 0.1 ms]
   [Other: 1.4 ms]
      [Choose CSet: 0.0 ms]
      [Ref Proc: 0.2 ms]
      [Ref Enq: 0.0 ms]
      [Redirty Cards: 0.1 ms]
      [Humongous Register: 0.2 ms]
      [Humongous Reclaim: 0.0 ms]
      [Free CSet: 0.1 ms]
   [Eden: 45.0M(45.0M)->0.0B(44.0M) Survivors: 6144.0K->7168.0K Heap: 245.9M(1024.0M)->202.6M(1024.0M)]
 [Times: user=0.06 sys=0.01, real=0.02 secs] 
2021-04-24T00:46:37.868+0800: 51774.390: [GC pause (G1 Evacuation Pause) (young), 0.0237756 secs]
   [Parallel Time: 22.2 ms, GC Workers: 8]
      [GC Worker Start (ms): Min: 51774390.8, Avg: 51774392.4, Max: 51774399.4, Diff: 8.6]
      [Ext Root Scanning (ms): Min: 0.0, Avg: 4.0, Max: 18.5, Diff: 18.5, Sum: 31.7]
      [Update RS (ms): Min: 0.0, Avg: 2.0, Max: 7.9, Diff: 7.9, Sum: 15.7]
         [Processed Buffers: Min: 0, Avg: 6.4, Max: 20, Diff: 20, Sum: 51]
      [Scan RS (ms): Min: 0.0, Avg: 2.0, Max: 5.2, Diff: 5.2, Sum: 16.0]
      [Code Root Scanning (ms): Min: 0.0, Avg: 0.9, Max: 7.5, Diff: 7.5, Sum: 7.5]
      [Object Copy (ms): Min: 2.9, Avg: 11.2, Max: 13.7, Diff: 10.7, Sum: 89.6]
      [Termination (ms): Min: 0.0, Avg: 0.4, Max: 0.5, Diff: 0.5, Sum: 3.1]
         [Termination Attempts: Min: 1, Avg: 2.5, Max: 5, Diff: 4, Sum: 20]
      [GC Worker Other (ms): Min: 0.0, Avg: 0.0, Max: 0.1, Diff: 0.1, Sum: 0.3]
      [GC Worker Total (ms): Min: 13.5, Avg: 20.5, Max: 22.1, Diff: 8.6, Sum: 163.9]
      [GC Worker End (ms): Min: 51774412.9, Avg: 51774412.9, Max: 51774412.9, Diff: 0.1]
   [Code Root Fixup: 0.0 ms]
   [Code Root Purge: 0.0 ms]
   [Clear CT: 0.2 ms]
   [Other: 1.3 ms]
      [Choose CSet: 0.0 ms]
      [Ref Proc: 0.3 ms]
      [Ref Enq: 0.0 ms]
      [Redirty Cards: 0.2 ms]
      [Humongous Register: 0.1 ms]
      [Humongous Reclaim: 0.0 ms]
      [Free CSet: 0.1 ms]
   [Eden: 44.0M(44.0M)->0.0B(46.0M) Survivors: 7168.0K->5120.0K Heap: 246.6M(1024.0M)->201.8M(1024.0M)]
 [Times: user=0.06 sys=0.01, real=0.03 secs] 
2021-04-24T00:47:00.974+0800: 51797.497: [GC pause (G1 Evacuation Pause) (young), 0.0186202 secs]
   [Parallel Time: 16.8 ms, GC Workers: 8]
      [GC Worker Start (ms): Min: 51797497.5, Avg: 51797499.3, Max: 51797505.6, Diff: 8.1]
      [Ext Root Scanning (ms): Min: 0.0, Avg: 2.8, Max: 15.0, Diff: 15.0, Sum: 22.4]
      [Update RS (ms): Min: 0.0, Avg: 1.5, Max: 3.7, Diff: 3.7, Sum: 12.0]
         [Processed Buffers: Min: 0, Avg: 6.9, Max: 33, Diff: 33, Sum: 55]
      [Scan RS (ms): Min: 0.1, Avg: 5.3, Max: 12.1, Diff: 12.0, Sum: 42.4]
      [Code Root Scanning (ms): Min: 0.0, Avg: 0.0, Max: 0.0, Diff: 0.0, Sum: 0.0]
      [Object Copy (ms): Min: 0.1, Avg: 5.0, Max: 8.3, Diff: 8.2, Sum: 40.3]
      [Termination (ms): Min: 0.0, Avg: 0.2, Max: 0.3, Diff: 0.3, Sum: 1.3]
         [Termination Attempts: Min: 1, Avg: 12.1, Max: 22, Diff: 21, Sum: 97]
      [GC Worker Other (ms): Min: 0.0, Avg: 0.0, Max: 0.0, Diff: 0.0, Sum: 0.1]
      [GC Worker Total (ms): Min: 8.4, Avg: 14.8, Max: 16.7, Diff: 8.3, Sum: 118.7]
      [GC Worker End (ms): Min: 51797514.0, Avg: 51797514.1, Max: 51797514.3, Diff: 0.3]
   [Code Root Fixup: 0.0 ms]
   [Code Root Purge: 0.0 ms]
   [Clear CT: 0.1 ms]
   [Other: 1.7 ms]
      [Choose CSet: 0.0 ms]
      [Ref Proc: 0.6 ms]
      [Ref Enq: 0.0 ms]
      [Redirty Cards: 0.1 ms]
      [Humongous Register: 0.1 ms]
      [Humongous Reclaim: 0.0 ms]
      [Free CSet: 0.4 ms]
   [Eden: 46.0M(46.0M)->0.0B(44.0M) Survivors: 5120.0K->7168.0K Heap: 247.8M(1024.0M)->203.9M(1024.0M)]
 [Times: user=0.06 sys=0.00, real=0.02 secs] 
2021-04-24T00:47:23.025+0800: 51819.549: [GC pause (G1 Evacuation Pause) (young), 0.0205334 secs]
   [Parallel Time: 19.0 ms, GC Workers: 8]
      [GC Worker Start (ms): Min: 51819549.5, Avg: 51819549.7, Max: 51819549.9, Diff: 0.4]
      [Ext Root Scanning (ms): Min: 0.6, Avg: 3.8, Max: 7.6, Diff: 7.0, Sum: 30.4]
      [Update RS (ms): Min: 0.0, Avg: 2.1, Max: 5.0, Diff: 5.0, Sum: 16.9]
         [Processed Buffers: Min: 0, Avg: 6.8, Max: 34, Diff: 34, Sum: 54]
      [Scan RS (ms): Min: 0.0, Avg: 2.2, Max: 3.9, Diff: 3.9, Sum: 17.6]
      [Code Root Scanning (ms): Min: 0.0, Avg: 0.0, Max: 0.0, Diff: 0.0, Sum: 0.0]
      [Object Copy (ms): Min: 10.0, Avg: 10.5, Max: 11.2, Diff: 1.2, Sum: 84.0]
      [Termination (ms): Min: 0.0, Avg: 0.0, Max: 0.0, Diff: 0.0, Sum: 0.1]
         [Termination Attempts: Min: 1, Avg: 19.1, Max: 30, Diff: 29, Sum: 153]
      [GC Worker Other (ms): Min: 0.0, Avg: 0.0, Max: 0.0, Diff: 0.0, Sum: 0.2]
      [GC Worker Total (ms): Min: 18.4, Avg: 18.6, Max: 18.8, Diff: 0.4, Sum: 149.2]
      [GC Worker End (ms): Min: 51819568.3, Avg: 51819568.3, Max: 51819568.3, Diff: 0.0]
   [Code Root Fixup: 0.0 ms]
   [Code Root Purge: 0.0 ms]
   [Clear CT: 0.1 ms]
   [Other: 1.4 ms]
      [Choose CSet: 0.0 ms]
      [Ref Proc: 0.3 ms]
      [Ref Enq: 0.0 ms]
      [Redirty Cards: 0.1 ms]
      [Humongous Register: 0.3 ms]
      [Humongous Reclaim: 0.0 ms]
      [Free CSet: 0.1 ms]
   [Eden: 44.0M(44.0M)->0.0B(46.0M) Survivors: 7168.0K->5120.0K Heap: 247.9M(1024.0M)->202.5M(1024.0M)]
 [Times: user=0.07 sys=0.01, real=0.02 secs] 
2021-04-24T00:47:46.274+0800: 51842.798: [GC pause (G1 Evacuation Pause) (young), 0.0194382 secs]
   [Parallel Time: 17.1 ms, GC Workers: 8]
      [GC Worker Start (ms): Min: 51842799.9, Avg: 51842801.8, Max: 51842808.5, Diff: 8.7]
      [Ext Root Scanning (ms): Min: 0.0, Avg: 3.2, Max: 12.7, Diff: 12.7, Sum: 25.6]
      [Update RS (ms): Min: 0.0, Avg: 1.9, Max: 4.2, Diff: 4.2, Sum: 14.9]
         [Processed Buffers: Min: 0, Avg: 6.1, Max: 21, Diff: 21, Sum: 49]
      [Scan RS (ms): Min: 0.0, Avg: 3.5, Max: 7.7, Diff: 7.7, Sum: 28.3]
      [Code Root Scanning (ms): Min: 0.0, Avg: 0.0, Max: 0.0, Diff: 0.0, Sum: 0.0]
      [Object Copy (ms): Min: 3.8, Avg: 6.0, Max: 7.4, Diff: 3.5, Sum: 47.8]
      [Termination (ms): Min: 0.0, Avg: 0.0, Max: 0.0, Diff: 0.0, Sum: 0.0]
         [Termination Attempts: Min: 1, Avg: 1.1, Max: 2, Diff: 1, Sum: 9]
      [GC Worker Other (ms): Min: 0.0, Avg: 0.2, Max: 0.5, Diff: 0.5, Sum: 1.6]
      [GC Worker Total (ms): Min: 7.9, Avg: 14.8, Max: 17.0, Diff: 9.1, Sum: 118.3]
      [GC Worker End (ms): Min: 51842816.4, Avg: 51842816.6, Max: 51842816.9, Diff: 0.5]
   [Code Root Fixup: 0.0 ms]
   [Code Root Purge: 0.0 ms]
   [Clear CT: 0.1 ms]
   [Other: 2.2 ms]
      [Choose CSet: 0.0 ms]
      [Ref Proc: 0.3 ms]
      [Ref Enq: 0.0 ms]
      [Redirty Cards: 0.1 ms]
      [Humongous Register: 0.3 ms]
      [Humongous Reclaim: 0.0 ms]
      [Free CSet: 0.1 ms]
   [Eden: 46.0M(46.0M)->0.0B(44.0M) Survivors: 5120.0K->7168.0K Heap: 248.5M(1024.0M)->205.3M(1024.0M)]
 [Times: user=0.08 sys=0.00, real=0.02 secs] 
2021-04-24T00:48:08.599+0800: 51865.124: [GC pause (G1 Evacuation Pause) (young), 0.0310924 secs]
   [Parallel Time: 29.1 ms, GC Workers: 8]
      [GC Worker Start (ms): Min: 51865124.0, Avg: 51865125.5, Max: 51865130.4, Diff: 6.4]
      [Ext Root Scanning (ms): Min: 0.0, Avg: 1.8, Max: 6.3, Diff: 6.3, Sum: 14.4]
      [Update RS (ms): Min: 0.0, Avg: 1.5, Max: 3.2, Diff: 3.2, Sum: 12.3]
         [Processed Buffers: Min: 0, Avg: 5.9, Max: 33, Diff: 33, Sum: 47]
      [Scan RS (ms): Min: 1.3, Avg: 2.9, Max: 3.7, Diff: 2.4, Sum: 23.4]
      [Code Root Scanning (ms): Min: 0.0, Avg: 0.0, Max: 0.0, Diff: 0.0, Sum: 0.0]
      [Object Copy (ms): Min: 20.8, Avg: 21.0, Max: 21.3, Diff: 0.5, Sum: 167.8]
      [Termination (ms): Min: 0.0, Avg: 0.3, Max: 0.4, Diff: 0.4, Sum: 2.6]
         [Termination Attempts: Min: 1, Avg: 8.5, Max: 15, Diff: 14, Sum: 68]
      [GC Worker Other (ms): Min: 0.0, Avg: 0.0, Max: 0.0, Diff: 0.0, Sum: 0.1]
      [GC Worker Total (ms): Min: 22.6, Avg: 27.6, Max: 29.0, Diff: 6.4, Sum: 220.7]
      [GC Worker End (ms): Min: 51865153.0, Avg: 51865153.0, Max: 51865153.1, Diff: 0.0]
   [Code Root Fixup: 0.0 ms]
   [Code Root Purge: 0.0 ms]
   [Clear CT: 0.1 ms]
   [Other: 1.8 ms]
      [Choose CSet: 0.0 ms]
      [Ref Proc: 0.3 ms]
      [Ref Enq: 0.0 ms]
      [Redirty Cards: 0.1 ms]
      [Humongous Register: 0.1 ms]
      [Humongous Reclaim: 0.0 ms]
      [Free CSet: 0.1 ms]
   [Eden: 44.0M(44.0M)->0.0B(44.0M) Survivors: 7168.0K->7168.0K Heap: 249.3M(1024.0M)->206.0M(1024.0M)]
 [Times: user=0.08 sys=0.02, real=0.04 secs] 
2021-04-24T00:48:30.655+0800: 51887.180: [GC pause (G1 Evacuation Pause) (young), 0.0314245 secs]
   [Parallel Time: 28.3 ms, GC Workers: 8]
      [GC Worker Start (ms): Min: 51887180.4, Avg: 51887184.0, Max: 51887190.8, Diff: 10.3]
      [Ext Root Scanning (ms): Min: 0.0, Avg: 2.5, Max: 9.8, Diff: 9.8, Sum: 19.8]
      [Update RS (ms): Min: 0.0, Avg: 1.7, Max: 5.1, Diff: 5.1, Sum: 13.8]
         [Processed Buffers: Min: 0, Avg: 6.2, Max: 29, Diff: 29, Sum: 50]
      [Scan RS (ms): Min: 0.0, Avg: 2.4, Max: 4.2, Diff: 4.2, Sum: 19.3]
      [Code Root Scanning (ms): Min: 0.0, Avg: 0.0, Max: 0.0, Diff: 0.0, Sum: 0.0]
      [Object Copy (ms): Min: 17.2, Avg: 17.7, Max: 18.2, Diff: 1.0, Sum: 141.5]
      [Termination (ms): Min: 0.0, Avg: 0.3, Max: 0.6, Diff: 0.6, Sum: 2.1]
         [Termination Attempts: Min: 1, Avg: 13.0, Max: 32, Diff: 31, Sum: 104]
      [GC Worker Other (ms): Min: 0.0, Avg: 0.0, Max: 0.1, Diff: 0.1, Sum: 0.2]
      [GC Worker Total (ms): Min: 17.8, Avg: 24.6, Max: 28.2, Diff: 10.3, Sum: 196.9]
      [GC Worker End (ms): Min: 51887208.6, Avg: 51887208.6, Max: 51887208.6, Diff: 0.1]
   [Code Root Fixup: 0.0 ms]
   [Code Root Purge: 0.0 ms]
   [Clear CT: 0.1 ms]
   [Other: 3.0 ms]
      [Choose CSet: 0.0 ms]
      [Ref Proc: 0.3 ms]
      [Ref Enq: 0.0 ms]
      [Redirty Cards: 0.1 ms]
      [Humongous Register: 0.2 ms]
      [Humongous Reclaim: 0.0 ms]
      [Free CSet: 0.1 ms]
   [Eden: 44.0M(44.0M)->0.0B(46.0M) Survivors: 7168.0K->5120.0K Heap: 250.0M(1024.0M)->206.2M(1024.0M)]
 [Times: user=0.06 sys=0.02, real=0.03 secs] 
2021-04-24T00:48:54.097+0800: 51910.622: [GC pause (G1 Evacuation Pause) (young), 0.0179198 secs]
   [Parallel Time: 16.4 ms, GC Workers: 8]
      [GC Worker Start (ms): Min: 51910622.5, Avg: 51910624.9, Max: 51910633.7, Diff: 11.2]
      [Ext Root Scanning (ms): Min: 0.0, Avg: 2.1, Max: 9.4, Diff: 9.4, Sum: 16.5]
      [Update RS (ms): Min: 0.0, Avg: 2.8, Max: 7.3, Diff: 7.3, Sum: 22.8]
         [Processed Buffers: Min: 0, Avg: 7.0, Max: 23, Diff: 23, Sum: 56]
      [Scan RS (ms): Min: 0.0, Avg: 2.5, Max: 4.5, Diff: 4.5, Sum: 19.7]
      [Code Root Scanning (ms): Min: 0.0, Avg: 0.0, Max: 0.0, Diff: 0.0, Sum: 0.0]
      [Object Copy (ms): Min: 4.9, Avg: 6.4, Max: 12.6, Diff: 7.7, Sum: 51.3]
      [Termination (ms): Min: 0.0, Avg: 0.1, Max: 0.1, Diff: 0.1, Sum: 0.4]
         [Termination Attempts: Min: 1, Avg: 11.2, Max: 18, Diff: 17, Sum: 90]
      [GC Worker Other (ms): Min: 0.0, Avg: 0.0, Max: 0.0, Diff: 0.0, Sum: 0.2]
      [GC Worker Total (ms): Min: 5.1, Avg: 13.9, Max: 16.3, Diff: 11.2, Sum: 110.9]
      [GC Worker End (ms): Min: 51910638.8, Avg: 51910638.8, Max: 51910638.8, Diff: 0.0]
   [Code Root Fixup: 0.0 ms]
   [Code Root Purge: 0.0 ms]
   [Clear CT: 0.1 ms]
   [Other: 1.4 ms]
      [Choose CSet: 0.0 ms]
      [Ref Proc: 0.3 ms]
      [Ref Enq: 0.0 ms]
      [Redirty Cards: 0.1 ms]
      [Humongous Register: 0.3 ms]
      [Humongous Reclaim: 0.0 ms]
      [Free CSet: 0.1 ms]
   [Eden: 46.0M(46.0M)->0.0B(44.0M) Survivors: 5120.0K->7168.0K Heap: 252.2M(1024.0M)->208.0M(1024.0M)]
 [Times: user=0.08 sys=0.00, real=0.02 secs] 
2021-04-24T00:49:16.091+0800: 51932.617: [GC pause (G1 Evacuation Pause) (young), 0.0300247 secs]
   [Parallel Time: 27.3 ms, GC Workers: 8]
      [GC Worker Start (ms): Min: 51932618.1, Avg: 51932618.6, Max: 51932620.3, Diff: 2.2]
      [Ext Root Scanning (ms): Min: 0.0, Avg: 4.1, Max: 10.6, Diff: 10.6, Sum: 32.8]
      [Update RS (ms): Min: 0.0, Avg: 2.4, Max: 6.2, Diff: 6.2, Sum: 19.2]
         [Processed Buffers: Min: 0, Avg: 6.8, Max: 27, Diff: 27, Sum: 54]
      [Scan RS (ms): Min: 0.0, Avg: 1.6, Max: 2.8, Diff: 2.7, Sum: 13.1]
      [Code Root Scanning (ms): Min: 0.0, Avg: 0.0, Max: 0.0, Diff: 0.0, Sum: 0.0]
      [Object Copy (ms): Min: 16.2, Avg: 18.2, Max: 25.0, Diff: 8.8, Sum: 145.3]
      [Termination (ms): Min: 0.0, Avg: 0.3, Max: 0.4, Diff: 0.3, Sum: 2.1]
         [Termination Attempts: Min: 1, Avg: 18.8, Max: 39, Diff: 38, Sum: 150]
      [GC Worker Other (ms): Min: 0.0, Avg: 0.0, Max: 0.0, Diff: 0.0, Sum: 0.2]
      [GC Worker Total (ms): Min: 24.9, Avg: 26.6, Max: 27.2, Diff: 2.2, Sum: 212.8]
      [GC Worker End (ms): Min: 51932645.2, Avg: 51932645.2, Max: 51932645.2, Diff: 0.0]
   [Code Root Fixup: 0.0 ms]
   [Code Root Purge: 0.0 ms]
   [Clear CT: 0.1 ms]
   [Other: 2.6 ms]
      [Choose CSet: 0.0 ms]
      [Ref Proc: 0.3 ms]
      [Ref Enq: 0.0 ms]
      [Redirty Cards: 0.1 ms]
      [Humongous Register: 0.8 ms]
      [Humongous Reclaim: 0.0 ms]
      [Free CSet: 0.2 ms]
   [Eden: 44.0M(44.0M)->0.0B(46.0M) Survivors: 7168.0K->5120.0K Heap: 252.0M(1024.0M)->206.9M(1024.0M)]
 [Times: user=0.08 sys=0.03, real=0.03 secs] 
2021-04-24T00:49:39.379+0800: 51955.906: [GC pause (G1 Evacuation Pause) (young), 0.0209725 secs]
   [Parallel Time: 15.7 ms, GC Workers: 8]
      [GC Worker Start (ms): Min: 51955906.3, Avg: 51955906.5, Max: 51955907.0, Diff: 0.6]
      [Ext Root Scanning (ms): Min: 0.4, Avg: 5.5, Max: 10.7, Diff: 10.3, Sum: 44.1]
      [Update RS (ms): Min: 0.0, Avg: 2.1, Max: 4.5, Diff: 4.5, Sum: 16.4]
         [Processed Buffers: Min: 0, Avg: 6.2, Max: 19, Diff: 19, Sum: 50]
      [Scan RS (ms): Min: 0.0, Avg: 2.4, Max: 5.1, Diff: 5.1, Sum: 19.0]
      [Code Root Scanning (ms): Min: 0.0, Avg: 0.0, Max: 0.0, Diff: 0.0, Sum: 0.0]
      [Object Copy (ms): Min: 4.5, Avg: 5.1, Max: 5.8, Diff: 1.4, Sum: 41.2]
      [Termination (ms): Min: 0.0, Avg: 0.3, Max: 0.4, Diff: 0.4, Sum: 2.5]
         [Termination Attempts: Min: 1, Avg: 4.1, Max: 6, Diff: 5, Sum: 33]
      [GC Worker Other (ms): Min: 0.0, Avg: 0.0, Max: 0.0, Diff: 0.0, Sum: 0.2]
      [GC Worker Total (ms): Min: 15.0, Avg: 15.4, Max: 15.6, Diff: 0.7, Sum: 123.4]
      [GC Worker End (ms): Min: 51955922.0, Avg: 51955922.0, Max: 51955922.0, Diff: 0.0]
   [Code Root Fixup: 0.0 ms]
   [Code Root Purge: 0.0 ms]
   [Clear CT: 0.1 ms]
   [Other: 5.2 ms]
      [Choose CSet: 0.0 ms]
      [Ref Proc: 1.4 ms]
      [Ref Enq: 0.0 ms]
      [Redirty Cards: 0.1 ms]
      [Humongous Register: 0.3 ms]
      [Humongous Reclaim: 0.0 ms]
      [Free CSet: 0.1 ms]
   [Eden: 46.0M(46.0M)->0.0B(44.0M) Survivors: 5120.0K->7168.0K Heap: 252.9M(1024.0M)->209.7M(1024.0M)]
 [Times: user=0.07 sys=0.00, real=0.03 secs] 
2021-04-24T00:50:01.639+0800: 51978.166: [GC pause (G1 Evacuation Pause) (young), 0.0223238 secs]
   [Parallel Time: 19.7 ms, GC Workers: 8]
      [GC Worker Start (ms): Min: 51978166.5, Avg: 51978166.7, Max: 51978166.9, Diff: 0.5]
      [Ext Root Scanning (ms): Min: 0.2, Avg: 3.6, Max: 12.4, Diff: 12.2, Sum: 28.8]
      [Update RS (ms): Min: 0.0, Avg: 1.1, Max: 2.5, Diff: 2.5, Sum: 8.8]
         [Processed Buffers: Min: 0, Avg: 6.2, Max: 24, Diff: 24, Sum: 50]
      [Scan RS (ms): Min: 0.0, Avg: 1.4, Max: 3.2, Diff: 3.1, Sum: 11.3]
      [Code Root Scanning (ms): Min: 0.0, Avg: 0.0, Max: 0.0, Diff: 0.0, Sum: 0.0]
      [Object Copy (ms): Min: 6.9, Avg: 13.0, Max: 18.6, Diff: 11.7, Sum: 104.3]
      [Termination (ms): Min: 0.0, Avg: 0.1, Max: 0.3, Diff: 0.3, Sum: 1.1]
         [Termination Attempts: Min: 1, Avg: 1.2, Max: 3, Diff: 2, Sum: 10]
      [GC Worker Other (ms): Min: 0.0, Avg: 0.0, Max: 0.0, Diff: 0.0, Sum: 0.1]
      [GC Worker Total (ms): Min: 18.9, Avg: 19.3, Max: 19.6, Diff: 0.7, Sum: 154.4]
      [GC Worker End (ms): Min: 51978185.9, Avg: 51978186.0, Max: 51978186.1, Diff: 0.3]
   [Code Root Fixup: 0.0 ms]
   [Code Root Purge: 0.0 ms]
   [Clear CT: 0.1 ms]
   [Other: 2.5 ms]
      [Choose CSet: 0.0 ms]
      [Ref Proc: 0.4 ms]
      [Ref Enq: 0.0 ms]
      [Redirty Cards: 0.1 ms]
      [Humongous Register: 0.1 ms]
      [Humongous Reclaim: 0.0 ms]
      [Free CSet: 0.1 ms]
   [Eden: 44.0M(44.0M)->0.0B(45.0M) Survivors: 7168.0K->6144.0K Heap: 253.7M(1024.0M)->208.9M(1024.0M)]
 [Times: user=0.05 sys=0.01, real=0.03 secs] 
2021-04-24T00:50:24.417+0800: 52000.945: [GC pause (G1 Evacuation Pause) (young), 0.0198917 secs]
   [Parallel Time: 18.1 ms, GC Workers: 8]
      [GC Worker Start (ms): Min: 52000945.3, Avg: 52000945.4, Max: 52000945.8, Diff: 0.5]
      [Ext Root Scanning (ms): Min: 0.3, Avg: 3.5, Max: 14.2, Diff: 13.9, Sum: 27.9]
      [Update RS (ms): Min: 0.0, Avg: 1.4, Max: 3.2, Diff: 3.2, Sum: 11.1]
         [Processed Buffers: Min: 0, Avg: 6.6, Max: 20, Diff: 20, Sum: 53]
      [Scan RS (ms): Min: 0.0, Avg: 3.3, Max: 9.1, Diff: 9.1, Sum: 26.3]
      [Code Root Scanning (ms): Min: 0.0, Avg: 0.0, Max: 0.0, Diff: 0.0, Sum: 0.0]
      [Object Copy (ms): Min: 3.7, Avg: 9.6, Max: 17.1, Diff: 13.4, Sum: 77.1]
      [Termination (ms): Min: 0.0, Avg: 0.0, Max: 0.1, Diff: 0.1, Sum: 0.2]
         [Termination Attempts: Min: 1, Avg: 2.6, Max: 5, Diff: 4, Sum: 21]
      [GC Worker Other (ms): Min: 0.0, Avg: 0.0, Max: 0.0, Diff: 0.0, Sum: 0.1]
      [GC Worker Total (ms): Min: 17.5, Avg: 17.8, Max: 18.0, Diff: 0.5, Sum: 142.7]
      [GC Worker End (ms): Min: 52000963.2, Avg: 52000963.3, Max: 52000963.3, Diff: 0.0]
   [Code Root Fixup: 0.0 ms]
   [Code Root Purge: 0.0 ms]
   [Clear CT: 0.1 ms]
   [Other: 1.7 ms]
      [Choose CSet: 0.0 ms]
      [Ref Proc: 0.5 ms]
      [Ref Enq: 0.0 ms]
      [Redirty Cards: 0.1 ms]
      [Humongous Register: 0.2 ms]
      [Humongous Reclaim: 0.0 ms]
      [Free CSet: 0.0 ms]
   [Eden: 45.0M(45.0M)->0.0B(44.0M) Survivors: 6144.0K->7168.0K Heap: 253.9M(1024.0M)->210.5M(1024.0M)]
 [Times: user=0.06 sys=0.01, real=0.02 secs] 
2021-04-24T00:50:46.643+0800: 52023.170: [GC pause (G1 Evacuation Pause) (young), 0.0198038 secs]
   [Parallel Time: 17.7 ms, GC Workers: 8]
      [GC Worker Start (ms): Min: 52023170.2, Avg: 52023171.4, Max: 52023178.8, Diff: 8.5]
      [Ext Root Scanning (ms): Min: 0.0, Avg: 3.3, Max: 9.3, Diff: 9.3, Sum: 26.3]
      [Update RS (ms): Min: 0.0, Avg: 1.7, Max: 3.6, Diff: 3.6, Sum: 13.3]
         [Processed Buffers: Min: 0, Avg: 6.5, Max: 24, Diff: 24, Sum: 52]
      [Scan RS (ms): Min: 0.0, Avg: 2.4, Max: 4.3, Diff: 4.3, Sum: 19.4]
      [Code Root Scanning (ms): Min: 0.0, Avg: 0.0, Max: 0.0, Diff: 0.0, Sum: 0.0]
      [Object Copy (ms): Min: 8.1, Avg: 9.0, Max: 9.3, Diff: 1.2, Sum: 72.0]
      [Termination (ms): Min: 0.0, Avg: 0.0, Max: 0.0, Diff: 0.0, Sum: 0.1]
         [Termination Attempts: Min: 1, Avg: 9.5, Max: 18, Diff: 17, Sum: 76]
      [GC Worker Other (ms): Min: 0.0, Avg: 0.0, Max: 0.1, Diff: 0.0, Sum: 0.3]
      [GC Worker Total (ms): Min: 9.1, Avg: 16.4, Max: 17.6, Diff: 8.6, Sum: 131.3]
      [GC Worker End (ms): Min: 52023187.8, Avg: 52023187.8, Max: 52023187.8, Diff: 0.0]
   [Code Root Fixup: 0.0 ms]
   [Code Root Purge: 0.0 ms]
   [Clear CT: 0.2 ms]
   [Other: 1.9 ms]
      [Choose CSet: 0.0 ms]
      [Ref Proc: 0.3 ms]
      [Ref Enq: 0.0 ms]
      [Redirty Cards: 0.1 ms]
      [Humongous Register: 0.2 ms]
      [Humongous Reclaim: 0.0 ms]
      [Free CSet: 0.1 ms]
   [Eden: 44.0M(44.0M)->0.0B(46.0M) Survivors: 7168.0K->5120.0K Heap: 254.5M(1024.0M)->209.1M(1024.0M)]
 [Times: user=0.07 sys=0.01, real=0.02 secs] 
2021-04-24T00:51:10.018+0800: 52046.545: [GC pause (G1 Evacuation Pause) (young), 0.0189513 secs]
   [Parallel Time: 16.9 ms, GC Workers: 8]
      [GC Worker Start (ms): Min: 52046545.5, Avg: 52046549.2, Max: 52046557.6, Diff: 12.1]
      [Ext Root Scanning (ms): Min: 0.0, Avg: 2.0, Max: 12.0, Diff: 12.0, Sum: 16.0]
      [Update RS (ms): Min: 0.0, Avg: 1.7, Max: 3.6, Diff: 3.6, Sum: 13.4]
         [Processed Buffers: Min: 0, Avg: 7.2, Max: 22, Diff: 22, Sum: 58]
      [Scan RS (ms): Min: 0.0, Avg: 2.6, Max: 6.0, Diff: 6.0, Sum: 20.4]
      [Code Root Scanning (ms): Min: 0.0, Avg: 0.0, Max: 0.0, Diff: 0.0, Sum: 0.0]
      [Object Copy (ms): Min: 4.3, Avg: 6.6, Max: 9.0, Diff: 4.8, Sum: 53.1]
      [Termination (ms): Min: 0.0, Avg: 0.1, Max: 0.2, Diff: 0.2, Sum: 1.2]
         [Termination Attempts: Min: 1, Avg: 15.2, Max: 30, Diff: 29, Sum: 122]
      [GC Worker Other (ms): Min: 0.0, Avg: 0.0, Max: 0.1, Diff: 0.1, Sum: 0.3]
      [GC Worker Total (ms): Min: 4.6, Avg: 13.0, Max: 16.8, Diff: 12.2, Sum: 104.3]
      [GC Worker End (ms): Min: 52046562.3, Avg: 52046562.3, Max: 52046562.3, Diff: 0.1]
   [Code Root Fixup: 0.0 ms]
   [Code Root Purge: 0.0 ms]
   [Clear CT: 0.1 ms]
   [Other: 1.9 ms]
      [Choose CSet: 0.0 ms]
      [Ref Proc: 0.7 ms]
      [Ref Enq: 0.0 ms]
      [Redirty Cards: 0.1 ms]
      [Humongous Register: 0.1 ms]
      [Humongous Reclaim: 0.0 ms]
      [Free CSet: 0.1 ms]
   [Eden: 46.0M(46.0M)->0.0B(44.0M) Survivors: 5120.0K->7168.0K Heap: 255.1M(1024.0M)->211.8M(1024.0M)]
 [Times: user=0.06 sys=0.00, real=0.02 secs] 
2021-04-24T00:51:32.063+0800: 52068.590: [GC pause (G1 Evacuation Pause) (young), 0.0190593 secs]
   [Parallel Time: 17.1 ms, GC Workers: 8]
      [GC Worker Start (ms): Min: 52068590.8, Avg: 52068592.1, Max: 52068599.8, Diff: 9.0]
      [Ext Root Scanning (ms): Min: 0.0, Avg: 2.9, Max: 9.9, Diff: 9.9, Sum: 22.8]
      [Update RS (ms): Min: 0.0, Avg: 3.0, Max: 9.5, Diff: 9.5, Sum: 24.1]
         [Processed Buffers: Min: 0, Avg: 6.5, Max: 26, Diff: 26, Sum: 52]
      [Scan RS (ms): Min: 0.0, Avg: 2.4, Max: 4.3, Diff: 4.2, Sum: 19.5]
      [Code Root Scanning (ms): Min: 0.0, Avg: 0.0, Max: 0.0, Diff: 0.0, Sum: 0.0]
      [Object Copy (ms): Min: 6.1, Avg: 7.3, Max: 14.3, Diff: 8.2, Sum: 58.1]
      [Termination (ms): Min: 0.0, Avg: 0.2, Max: 0.2, Diff: 0.2, Sum: 1.3]
         [Termination Attempts: Min: 1, Avg: 2.6, Max: 6, Diff: 5, Sum: 21]
      [GC Worker Other (ms): Min: 0.0, Avg: 0.0, Max: 0.0, Diff: 0.0, Sum: 0.2]
      [GC Worker Total (ms): Min: 8.0, Avg: 15.8, Max: 17.0, Diff: 9.0, Sum: 126.0]
      [GC Worker End (ms): Min: 52068607.8, Avg: 52068607.8, Max: 52068607.8, Diff: 0.0]
   [Code Root Fixup: 0.0 ms]
   [Code Root Purge: 0.0 ms]
   [Clear CT: 0.1 ms]
   [Other: 1.8 ms]
      [Choose CSet: 0.0 ms]
      [Ref Proc: 0.3 ms]
      [Ref Enq: 0.0 ms]
      [Redirty Cards: 0.2 ms]
      [Humongous Register: 0.2 ms]
      [Humongous Reclaim: 0.0 ms]
      [Free CSet: 0.1 ms]
   [Eden: 44.0M(44.0M)->0.0B(67.0M) Survivors: 7168.0K->5120.0K Heap: 255.8M(1024.0M)->210.5M(1024.0M)]
 [Times: user=0.07 sys=0.01, real=0.02 secs] 
2021-04-24T00:52:06.002+0800: 52102.530: [GC pause (G1 Evacuation Pause) (young), 0.0361586 secs]
   [Parallel Time: 33.6 ms, GC Workers: 8]
      [GC Worker Start (ms): Min: 52102530.1, Avg: 52102530.3, Max: 52102530.9, Diff: 0.8]
      [Ext Root Scanning (ms): Min: 0.4, Avg: 3.7, Max: 13.7, Diff: 13.3, Sum: 29.7]
      [Update RS (ms): Min: 0.0, Avg: 3.1, Max: 9.4, Diff: 9.4, Sum: 24.9]
         [Processed Buffers: Min: 0, Avg: 6.9, Max: 25, Diff: 25, Sum: 55]
      [Scan RS (ms): Min: 0.0, Avg: 3.3, Max: 6.2, Diff: 6.2, Sum: 26.2]
      [Code Root Scanning (ms): Min: 0.0, Avg: 0.0, Max: 0.0, Diff: 0.0, Sum: 0.0]
      [Object Copy (ms): Min: 17.9, Avg: 21.5, Max: 27.0, Diff: 9.1, Sum: 172.0]
      [Termination (ms): Min: 0.0, Avg: 1.7, Max: 2.0, Diff: 2.0, Sum: 13.4]
         [Termination Attempts: Min: 1, Avg: 1.6, Max: 3, Diff: 2, Sum: 13]
      [GC Worker Other (ms): Min: 0.0, Avg: 0.0, Max: 0.0, Diff: 0.0, Sum: 0.1]
      [GC Worker Total (ms): Min: 32.7, Avg: 33.3, Max: 33.5, Diff: 0.9, Sum: 266.4]
      [GC Worker End (ms): Min: 52102563.6, Avg: 52102563.6, Max: 52102563.6, Diff: 0.0]
   [Code Root Fixup: 0.0 ms]
   [Code Root Purge: 0.0 ms]
   [Clear CT: 0.1 ms]
   [Other: 2.4 ms]
      [Choose CSet: 0.0 ms]
      [Ref Proc: 0.8 ms]
      [Ref Enq: 0.0 ms]
      [Redirty Cards: 0.1 ms]
      [Humongous Register: 0.1 ms]
      [Humongous Reclaim: 0.0 ms]
      [Free CSet: 0.3 ms]
   [Eden: 67.0M(46.0M)->0.0B(44.0M) Survivors: 5120.0K->7168.0K Heap: 277.5M(1024.0M)->213.2M(1024.0M)]
 [Times: user=0.07 sys=0.02, real=0.03 secs] 
2021-04-24T00:52:28.272+0800: 52124.800: [GC pause (G1 Evacuation Pause) (young), 0.0204523 secs]
   [Parallel Time: 17.5 ms, GC Workers: 8]
      [GC Worker Start (ms): Min: 52124800.7, Avg: 52124801.1, Max: 52124802.1, Diff: 1.4]
      [Ext Root Scanning (ms): Min: 0.0, Avg: 3.8, Max: 8.8, Diff: 8.8, Sum: 30.7]
      [Update RS (ms): Min: 0.0, Avg: 1.7, Max: 3.9, Diff: 3.9, Sum: 13.7]
         [Processed Buffers: Min: 0, Avg: 6.1, Max: 32, Diff: 32, Sum: 49]
      [Scan RS (ms): Min: 0.2, Avg: 2.2, Max: 4.2, Diff: 3.9, Sum: 18.0]
      [Code Root Scanning (ms): Min: 0.0, Avg: 0.0, Max: 0.0, Diff: 0.0, Sum: 0.0]
      [Object Copy (ms): Min: 7.5, Avg: 8.8, Max: 15.3, Diff: 7.8, Sum: 70.4]
      [Termination (ms): Min: 0.0, Avg: 0.3, Max: 0.5, Diff: 0.5, Sum: 2.7]
         [Termination Attempts: Min: 1, Avg: 1.6, Max: 4, Diff: 3, Sum: 13]
      [GC Worker Other (ms): Min: 0.0, Avg: 0.0, Max: 0.0, Diff: 0.0, Sum: 0.2]
      [GC Worker Total (ms): Min: 15.9, Avg: 17.0, Max: 17.4, Diff: 1.4, Sum: 135.7]
      [GC Worker End (ms): Min: 52124818.0, Avg: 52124818.0, Max: 52124818.0, Diff: 0.0]
   [Code Root Fixup: 0.0 ms]
   [Code Root Purge: 0.0 ms]
   [Clear CT: 0.2 ms]
   [Other: 2.7 ms]
      [Choose CSet: 0.0 ms]
      [Ref Proc: 1.0 ms]
      [Ref Enq: 0.0 ms]
      [Redirty Cards: 0.2 ms]
      [Humongous Register: 0.2 ms]
      [Humongous Reclaim: 0.0 ms]
      [Free CSet: 0.1 ms]
   [Eden: 44.0M(44.0M)->0.0B(44.0M) Survivors: 7168.0K->7168.0K Heap: 257.2M(1024.0M)->214.0M(1024.0M)]
 [Times: user=0.08 sys=0.01, real=0.02 secs] 
2021-04-24T00:52:50.505+0800: 52147.034: [GC pause (G1 Evacuation Pause) (young), 0.0214931 secs]
   [Parallel Time: 20.6 ms, GC Workers: 8]
      [GC Worker Start (ms): Min: 52147034.5, Avg: 52147034.7, Max: 52147035.3, Diff: 0.8]
      [Ext Root Scanning (ms): Min: 0.0, Avg: 2.0, Max: 7.2, Diff: 7.2, Sum: 16.1]
      [Update RS (ms): Min: 0.0, Avg: 1.4, Max: 4.1, Diff: 4.1, Sum: 11.3]
         [Processed Buffers: Min: 0, Avg: 6.9, Max: 26, Diff: 26, Sum: 55]
      [Scan RS (ms): Min: 0.0, Avg: 2.1, Max: 3.7, Diff: 3.7, Sum: 16.5]
      [Code Root Scanning (ms): Min: 0.0, Avg: 0.0, Max: 0.0, Diff: 0.0, Sum: 0.0]
      [Object Copy (ms): Min: 13.0, Avg: 14.6, Max: 19.6, Diff: 6.7, Sum: 116.9]
      [Termination (ms): Min: 0.0, Avg: 0.2, Max: 0.3, Diff: 0.3, Sum: 1.7]
         [Termination Attempts: Min: 1, Avg: 9.1, Max: 13, Diff: 12, Sum: 73]
      [GC Worker Other (ms): Min: 0.0, Avg: 0.0, Max: 0.0, Diff: 0.0, Sum: 0.1]
      [GC Worker Total (ms): Min: 19.7, Avg: 20.3, Max: 20.5, Diff: 0.8, Sum: 162.6]
      [GC Worker End (ms): Min: 52147055.0, Avg: 52147055.0, Max: 52147055.0, Diff: 0.0]
   [Code Root Fixup: 0.0 ms]
   [Code Root Purge: 0.0 ms]
   [Clear CT: 0.1 ms]
   [Other: 0.8 ms]
      [Choose CSet: 0.0 ms]
      [Ref Proc: 0.2 ms]
      [Ref Enq: 0.0 ms]
      [Redirty Cards: 0.1 ms]
      [Humongous Register: 0.1 ms]
      [Humongous Reclaim: 0.0 ms]
      [Free CSet: 0.1 ms]
   [Eden: 44.0M(44.0M)->0.0B(44.0M) Survivors: 7168.0K->7168.0K Heap: 258.0M(1024.0M)->215.4M(1024.0M)]
 [Times: user=0.06 sys=0.02, real=0.02 secs] 
2021-04-24T00:53:12.822+0800: 52169.351: [GC pause (G1 Evacuation Pause) (young), 0.0197144 secs]
   [Parallel Time: 18.4 ms, GC Workers: 8]
      [GC Worker Start (ms): Min: 52169351.3, Avg: 52169351.4, Max: 52169351.8, Diff: 0.6]
      [Ext Root Scanning (ms): Min: 0.0, Avg: 1.9, Max: 5.8, Diff: 5.8, Sum: 15.5]
      [Update RS (ms): Min: 0.0, Avg: 1.3, Max: 2.6, Diff: 2.6, Sum: 10.2]
         [Processed Buffers: Min: 0, Avg: 6.5, Max: 21, Diff: 21, Sum: 52]
      [Scan RS (ms): Min: 0.0, Avg: 2.0, Max: 3.3, Diff: 3.2, Sum: 16.1]
      [Code Root Scanning (ms): Min: 0.0, Avg: 0.0, Max: 0.0, Diff: 0.0, Sum: 0.0]
      [Object Copy (ms): Min: 11.9, Avg: 12.8, Max: 17.5, Diff: 5.6, Sum: 102.0]
      [Termination (ms): Min: 0.0, Avg: 0.2, Max: 0.3, Diff: 0.3, Sum: 1.5]
         [Termination Attempts: Min: 1, Avg: 1.5, Max: 3, Diff: 2, Sum: 12]
      [GC Worker Other (ms): Min: 0.0, Avg: 0.0, Max: 0.0, Diff: 0.0, Sum: 0.1]
      [GC Worker Total (ms): Min: 17.7, Avg: 18.2, Max: 18.3, Diff: 0.6, Sum: 145.4]
      [GC Worker End (ms): Min: 52169369.5, Avg: 52169369.6, Max: 52169369.6, Diff: 0.1]
   [Code Root Fixup: 0.0 ms]
   [Code Root Purge: 0.0 ms]
   [Clear CT: 0.1 ms]
   [Other: 1.2 ms]
      [Choose CSet: 0.0 ms]
      [Ref Proc: 0.2 ms]
      [Ref Enq: 0.0 ms]
      [Redirty Cards: 0.1 ms]
      [Humongous Register: 0.1 ms]
      [Humongous Reclaim: 0.0 ms]
      [Free CSet: 0.1 ms]
   [Eden: 44.0M(44.0M)->0.0B(46.0M) Survivors: 7168.0K->5120.0K Heap: 259.4M(1024.0M)->214.6M(1024.0M)]
 [Times: user=0.05 sys=0.02, real=0.02 secs] 
2021-04-24T00:53:36.422+0800: 52192.951: [GC pause (G1 Evacuation Pause) (young), 0.0166584 secs]
   [Parallel Time: 14.4 ms, GC Workers: 8]
      [GC Worker Start (ms): Min: 52192951.8, Avg: 52192952.0, Max: 52192952.2, Diff: 0.4]
      [Ext Root Scanning (ms): Min: 0.8, Avg: 4.4, Max: 7.9, Diff: 7.1, Sum: 35.2]
      [Update RS (ms): Min: 0.0, Avg: 2.6, Max: 5.7, Diff: 5.7, Sum: 20.8]
         [Processed Buffers: Min: 0, Avg: 6.8, Max: 20, Diff: 20, Sum: 54]
      [Scan RS (ms): Min: 1.1, Avg: 1.9, Max: 2.5, Diff: 1.4, Sum: 15.5]
      [Code Root Scanning (ms): Min: 0.0, Avg: 0.0, Max: 0.0, Diff: 0.0, Sum: 0.0]
      [Object Copy (ms): Min: 5.0, Avg: 5.1, Max: 5.3, Diff: 0.3, Sum: 41.2]
      [Termination (ms): Min: 0.0, Avg: 0.0, Max: 0.1, Diff: 0.1, Sum: 0.3]
         [Termination Attempts: Min: 1, Avg: 64.0, Max: 100, Diff: 99, Sum: 512]
      [GC Worker Other (ms): Min: 0.0, Avg: 0.0, Max: 0.1, Diff: 0.0, Sum: 0.3]
      [GC Worker Total (ms): Min: 13.9, Avg: 14.2, Max: 14.3, Diff: 0.4, Sum: 113.3]
      [GC Worker End (ms): Min: 52192966.1, Avg: 52192966.1, Max: 52192966.2, Diff: 0.0]
   [Code Root Fixup: 0.0 ms]
   [Code Root Purge: 0.0 ms]
   [Clear CT: 0.1 ms]
   [Other: 2.1 ms]
      [Choose CSet: 0.0 ms]
      [Ref Proc: 0.7 ms]
      [Ref Enq: 0.0 ms]
      [Redirty Cards: 0.1 ms]
      [Humongous Register: 0.2 ms]
      [Humongous Reclaim: 0.0 ms]
      [Free CSet: 0.1 ms]
   [Eden: 46.0M(46.0M)->0.0B(44.0M) Survivors: 5120.0K->7168.0K Heap: 260.6M(1024.0M)->217.5M(1024.0M)]
 [Times: user=0.08 sys=0.00, real=0.01 secs] 
2021-04-24T00:53:58.938+0800: 52215.468: [GC pause (G1 Evacuation Pause) (young), 0.0205722 secs]
   [Parallel Time: 19.1 ms, GC Workers: 8]
      [GC Worker Start (ms): Min: 52215468.3, Avg: 52215468.7, Max: 52215470.0, Diff: 1.7]
      [Ext Root Scanning (ms): Min: 0.0, Avg: 0.8, Max: 1.7, Diff: 1.7, Sum: 6.2]
      [Update RS (ms): Min: 2.2, Avg: 4.9, Max: 9.4, Diff: 7.2, Sum: 39.0]
         [Processed Buffers: Min: 1, Avg: 6.8, Max: 31, Diff: 30, Sum: 54]
      [Scan RS (ms): Min: 0.0, Avg: 2.5, Max: 4.6, Diff: 4.6, Sum: 19.8]
      [Code Root Scanning (ms): Min: 0.0, Avg: 0.0, Max: 0.0, Diff: 0.0, Sum: 0.0]
      [Object Copy (ms): Min: 8.9, Avg: 10.1, Max: 11.8, Diff: 2.9, Sum: 80.5]
      [Termination (ms): Min: 0.0, Avg: 0.5, Max: 0.5, Diff: 0.5, Sum: 3.7]
         [Termination Attempts: Min: 1, Avg: 1.0, Max: 1, Diff: 0, Sum: 8]
      [GC Worker Other (ms): Min: 0.0, Avg: 0.0, Max: 0.0, Diff: 0.0, Sum: 0.1]
      [GC Worker Total (ms): Min: 17.4, Avg: 18.7, Max: 19.1, Diff: 1.7, Sum: 149.4]
      [GC Worker End (ms): Min: 52215487.3, Avg: 52215487.3, Max: 52215487.4, Diff: 0.1]
   [Code Root Fixup: 0.0 ms]
   [Code Root Purge: 0.0 ms]
   [Clear CT: 0.1 ms]
   [Other: 1.3 ms]
      [Choose CSet: 0.0 ms]
      [Ref Proc: 0.6 ms]
      [Ref Enq: 0.0 ms]
      [Redirty Cards: 0.1 ms]
      [Humongous Register: 0.1 ms]
      [Humongous Reclaim: 0.0 ms]
      [Free CSet: 0.1 ms]
   [Eden: 44.0M(44.0M)->0.0B(48.0M) Survivors: 7168.0K->5120.0K Heap: 261.5M(1024.0M)->217.0M(1024.0M)]
 [Times: user=0.06 sys=0.02, real=0.02 secs] 
2021-04-24T00:54:22.410+0800: 52238.941: [GC pause (G1 Evacuation Pause) (young), 0.0145431 secs]
   [Parallel Time: 13.3 ms, GC Workers: 8]
      [GC Worker Start (ms): Min: 52238941.5, Avg: 52238942.4, Max: 52238947.9, Diff: 6.4]
      [Ext Root Scanning (ms): Min: 0.0, Avg: 2.5, Max: 9.9, Diff: 9.9, Sum: 20.3]
      [Update RS (ms): Min: 0.0, Avg: 1.5, Max: 3.3, Diff: 3.3, Sum: 12.2]
         [Processed Buffers: Min: 0, Avg: 6.2, Max: 19, Diff: 19, Sum: 50]
      [Scan RS (ms): Min: 0.0, Avg: 2.7, Max: 5.7, Diff: 5.7, Sum: 21.8]
      [Code Root Scanning (ms): Min: 0.0, Avg: 0.0, Max: 0.0, Diff: 0.0, Sum: 0.0]
      [Object Copy (ms): Min: 3.0, Avg: 5.4, Max: 12.1, Diff: 9.0, Sum: 43.0]
      [Termination (ms): Min: 0.0, Avg: 0.0, Max: 0.0, Diff: 0.0, Sum: 0.0]
         [Termination Attempts: Min: 1, Avg: 2.4, Max: 3, Diff: 2, Sum: 19]
      [GC Worker Other (ms): Min: 0.0, Avg: 0.0, Max: 0.1, Diff: 0.1, Sum: 0.4]
      [GC Worker Total (ms): Min: 6.7, Avg: 12.2, Max: 13.2, Diff: 6.4, Sum: 97.7]
      [GC Worker End (ms): Min: 52238954.6, Avg: 52238954.6, Max: 52238954.7, Diff: 0.1]
   [Code Root Fixup: 0.0 ms]
   [Code Root Purge: 0.0 ms]
   [Clear CT: 0.1 ms]
   [Other: 1.2 ms]
      [Choose CSet: 0.0 ms]
      [Ref Proc: 0.3 ms]
      [Ref Enq: 0.0 ms]
      [Redirty Cards: 0.1 ms]
      [Humongous Register: 0.2 ms]
      [Humongous Reclaim: 0.0 ms]
      [Free CSet: 0.1 ms]
   [Eden: 46.0M(46.0M)->0.0B(108.0M) Survivors: 5120.0K->6144.0K Heap: 263.0M(1024.0M)->217.2M(1024.0M)]
 [Times: user=0.06 sys=0.00, real=0.01 secs] 
2021-04-24T00:55:17.851+0800: 52294.383: [GC pause (G1 Evacuation Pause) (young), 0.0225166 secs]
   [Parallel Time: 20.2 ms, GC Workers: 8]
      [GC Worker Start (ms): Min: 52294383.0, Avg: 52294383.3, Max: 52294384.1, Diff: 1.1]
      [Ext Root Scanning (ms): Min: 0.0, Avg: 3.4, Max: 7.1, Diff: 7.1, Sum: 27.1]
      [Update RS (ms): Min: 0.0, Avg: 3.1, Max: 8.1, Diff: 8.1, Sum: 24.9]
         [Processed Buffers: Min: 0, Avg: 5.9, Max: 21, Diff: 21, Sum: 47]
      [Scan RS (ms): Min: 0.0, Avg: 1.5, Max: 2.9, Diff: 2.8, Sum: 12.2]
      [Code Root Scanning (ms): Min: 0.0, Avg: 0.0, Max: 0.0, Diff: 0.0, Sum: 0.0]
      [Object Copy (ms): Min: 10.6, Avg: 11.5, Max: 12.2, Diff: 1.7, Sum: 91.9]
      [Termination (ms): Min: 0.0, Avg: 0.3, Max: 0.4, Diff: 0.4, Sum: 2.2]
         [Termination Attempts: Min: 1, Avg: 1.6, Max: 3, Diff: 2, Sum: 13]
      [GC Worker Other (ms): Min: 0.0, Avg: 0.0, Max: 0.1, Diff: 0.1, Sum: 0.2]
      [GC Worker Total (ms): Min: 19.0, Avg: 19.8, Max: 20.1, Diff: 1.1, Sum: 158.5]
      [GC Worker End (ms): Min: 52294403.1, Avg: 52294403.1, Max: 52294403.1, Diff: 0.0]
   [Code Root Fixup: 0.0 ms]
   [Code Root Purge: 0.0 ms]
   [Clear CT: 0.2 ms]
   [Other: 2.1 ms]
      [Choose CSet: 0.0 ms]
      [Ref Proc: 1.0 ms]
      [Ref Enq: 0.0 ms]
      [Redirty Cards: 0.1 ms]
      [Humongous Register: 0.2 ms]
      [Humongous Reclaim: 0.0 ms]
      [Free CSet: 0.2 ms]
   [Eden: 108.0M(108.0M)->0.0B(108.0M) Survivors: 6144.0K->9216.0K Heap: 325.2M(1024.0M)->220.4M(1024.0M)]
 [Times: user=0.06 sys=0.03, real=0.02 secs] 
2021-04-24T00:55:39.151+0800: 52315.683: [GC pause (G1 Evacuation Pause) (young), 0.0232044 secs]
   [Parallel Time: 21.4 ms, GC Workers: 8]
      [GC Worker Start (ms): Min: 52315683.5, Avg: 52315683.6, Max: 52315683.6, Diff: 0.1]
      [Ext Root Scanning (ms): Min: 0.7, Avg: 3.4, Max: 9.1, Diff: 8.4, Sum: 27.4]
      [Update RS (ms): Min: 0.0, Avg: 1.4, Max: 3.2, Diff: 3.2, Sum: 11.4]
         [Processed Buffers: Min: 0, Avg: 6.6, Max: 25, Diff: 25, Sum: 53]
      [Scan RS (ms): Min: 0.0, Avg: 2.8, Max: 4.5, Diff: 4.5, Sum: 22.0]
      [Code Root Scanning (ms): Min: 0.0, Avg: 0.0, Max: 0.0, Diff: 0.0, Sum: 0.0]
      [Object Copy (ms): Min: 11.9, Avg: 13.4, Max: 18.1, Diff: 6.3, Sum: 107.4]
      [Termination (ms): Min: 0.0, Avg: 0.2, Max: 0.2, Diff: 0.2, Sum: 1.3]
         [Termination Attempts: Min: 1, Avg: 1.9, Max: 3, Diff: 2, Sum: 15]
      [GC Worker Other (ms): Min: 0.0, Avg: 0.0, Max: 0.1, Diff: 0.0, Sum: 0.2]
      [GC Worker Total (ms): Min: 21.1, Avg: 21.2, Max: 21.3, Diff: 0.2, Sum: 169.8]
      [GC Worker End (ms): Min: 52315704.8, Avg: 52315704.8, Max: 52315704.8, Diff: 0.0]
   [Code Root Fixup: 0.0 ms]
   [Code Root Purge: 0.0 ms]
   [Clear CT: 0.2 ms]
   [Other: 1.6 ms]
      [Choose CSet: 0.0 ms]
      [Ref Proc: 0.3 ms]
      [Ref Enq: 0.0 ms]
      [Redirty Cards: 0.2 ms]
      [Humongous Register: 0.3 ms]
      [Humongous Reclaim: 0.0 ms]
      [Free CSet: 0.1 ms]
   [Eden: 42.0M(42.0M)->0.0B(58.0M) Survivors: 9216.0K->6144.0K Heap: 262.4M(1024.0M)->218.7M(1024.0M)]
 [Times: user=0.07 sys=0.01, real=0.02 secs] 
2021-04-24T00:56:08.739+0800: 52345.272: [GC pause (G1 Evacuation Pause) (young), 0.0206608 secs]
   [Parallel Time: 18.5 ms, GC Workers: 8]
      [GC Worker Start (ms): Min: 52345273.1, Avg: 52345273.7, Max: 52345275.5, Diff: 2.4]
      [Ext Root Scanning (ms): Min: 0.0, Avg: 6.1, Max: 15.2, Diff: 15.2, Sum: 49.0]
      [Update RS (ms): Min: 0.0, Avg: 2.2, Max: 5.1, Diff: 5.1, Sum: 17.9]
         [Processed Buffers: Min: 0, Avg: 6.9, Max: 19, Diff: 19, Sum: 55]
      [Scan RS (ms): Min: 0.0, Avg: 2.5, Max: 4.4, Diff: 4.4, Sum: 20.1]
      [Code Root Scanning (ms): Min: 0.0, Avg: 0.0, Max: 0.0, Diff: 0.0, Sum: 0.0]
      [Object Copy (ms): Min: 2.9, Avg: 6.9, Max: 15.4, Diff: 12.4, Sum: 54.8]
      [Termination (ms): Min: 0.0, Avg: 0.0, Max: 0.0, Diff: 0.0, Sum: 0.1]
         [Termination Attempts: Min: 1, Avg: 12.9, Max: 25, Diff: 24, Sum: 103]
      [GC Worker Other (ms): Min: 0.0, Avg: 0.1, Max: 0.1, Diff: 0.1, Sum: 0.5]
      [GC Worker Total (ms): Min: 15.9, Avg: 17.8, Max: 18.3, Diff: 2.4, Sum: 142.4]
      [GC Worker End (ms): Min: 52345291.4, Avg: 52345291.5, Max: 52345291.5, Diff: 0.0]
   [Code Root Fixup: 0.0 ms]
   [Code Root Purge: 0.0 ms]
   [Clear CT: 0.1 ms]
   [Other: 2.0 ms]
      [Choose CSet: 0.0 ms]
      [Ref Proc: 0.3 ms]
      [Ref Enq: 0.0 ms]
      [Redirty Cards: 0.1 ms]
      [Humongous Register: 0.7 ms]
      [Humongous Reclaim: 0.0 ms]
      [Free CSet: 0.2 ms]
   [Eden: 58.0M(58.0M)->0.0B(43.0M) Survivors: 6144.0K->8192.0K Heap: 276.7M(1024.0M)->221.2M(1024.0M)]
 [Times: user=0.08 sys=0.01, real=0.03 secs] 
2021-04-24T00:56:30.645+0800: 52367.178: [GC pause (G1 Evacuation Pause) (young), 0.0280683 secs]
   [Parallel Time: 26.3 ms, GC Workers: 8]
      [GC Worker Start (ms): Min: 52367178.9, Avg: 52367179.0, Max: 52367179.3, Diff: 0.4]
      [Ext Root Scanning (ms): Min: 0.6, Avg: 4.1, Max: 11.6, Diff: 11.0, Sum: 32.8]
      [Update RS (ms): Min: 0.0, Avg: 3.1, Max: 9.2, Diff: 9.2, Sum: 24.9]
         [Processed Buffers: Min: 0, Avg: 6.6, Max: 32, Diff: 32, Sum: 53]
      [Scan RS (ms): Min: 0.1, Avg: 3.1, Max: 7.3, Diff: 7.2, Sum: 25.1]
      [Code Root Scanning (ms): Min: 0.0, Avg: 0.0, Max: 0.0, Diff: 0.0, Sum: 0.0]
      [Object Copy (ms): Min: 12.5, Avg: 15.5, Max: 24.8, Diff: 12.2, Sum: 123.7]
      [Termination (ms): Min: 0.0, Avg: 0.2, Max: 0.3, Diff: 0.3, Sum: 2.0]
         [Termination Attempts: Min: 1, Avg: 3.1, Max: 6, Diff: 5, Sum: 25]
      [GC Worker Other (ms): Min: 0.0, Avg: 0.0, Max: 0.0, Diff: 0.0, Sum: 0.2]
      [GC Worker Total (ms): Min: 25.9, Avg: 26.1, Max: 26.2, Diff: 0.4, Sum: 208.6]
      [GC Worker End (ms): Min: 52367205.1, Avg: 52367205.1, Max: 52367205.1, Diff: 0.1]
   [Code Root Fixup: 0.0 ms]
   [Code Root Purge: 0.0 ms]
   [Clear CT: 0.1 ms]
   [Other: 1.6 ms]
      [Choose CSet: 0.0 ms]
      [Ref Proc: 0.3 ms]
      [Ref Enq: 0.0 ms]
      [Redirty Cards: 0.1 ms]
      [Humongous Register: 0.2 ms]
      [Humongous Reclaim: 0.0 ms]
      [Free CSet: 0.1 ms]
   [Eden: 43.0M(43.0M)->0.0B(46.0M) Survivors: 8192.0K->5120.0K Heap: 264.2M(1024.0M)->220.8M(1024.0M)]
 [Times: user=0.08 sys=0.02, real=0.03 secs] 
2021-04-24T00:56:54.292+0800: 52390.826: [GC pause (G1 Evacuation Pause) (young), 0.0185128 secs]
   [Parallel Time: 16.9 ms, GC Workers: 8]
      [GC Worker Start (ms): Min: 52390826.8, Avg: 52390827.0, Max: 52390827.8, Diff: 1.0]
      [Ext Root Scanning (ms): Min: 0.0, Avg: 3.6, Max: 14.6, Diff: 14.5, Sum: 29.0]
      [Update RS (ms): Min: 0.0, Avg: 2.3, Max: 5.1, Diff: 5.1, Sum: 18.1]
         [Processed Buffers: Min: 0, Avg: 6.5, Max: 18, Diff: 18, Sum: 52]
      [Scan RS (ms): Min: 0.0, Avg: 3.8, Max: 6.3, Diff: 6.3, Sum: 30.1]
      [Code Root Scanning (ms): Min: 0.0, Avg: 0.0, Max: 0.0, Diff: 0.0, Sum: 0.0]
      [Object Copy (ms): Min: 2.1, Avg: 6.8, Max: 13.3, Diff: 11.2, Sum: 54.4]
      [Termination (ms): Min: 0.0, Avg: 0.0, Max: 0.0, Diff: 0.0, Sum: 0.0]
         [Termination Attempts: Min: 1, Avg: 6.9, Max: 17, Diff: 16, Sum: 55]
      [GC Worker Other (ms): Min: 0.0, Avg: 0.0, Max: 0.1, Diff: 0.1, Sum: 0.3]
      [GC Worker Total (ms): Min: 15.7, Avg: 16.5, Max: 16.7, Diff: 1.0, Sum: 132.0]
      [GC Worker End (ms): Min: 52390843.5, Avg: 52390843.5, Max: 52390843.5, Diff: 0.0]
   [Code Root Fixup: 0.0 ms]
   [Code Root Purge: 0.0 ms]
   [Clear CT: 0.2 ms]
   [Other: 1.5 ms]
      [Choose CSet: 0.0 ms]
      [Ref Proc: 0.3 ms]
      [Ref Enq: 0.0 ms]
      [Redirty Cards: 0.2 ms]
      [Humongous Register: 0.3 ms]
      [Humongous Reclaim: 0.0 ms]
      [Free CSet: 0.1 ms]
   [Eden: 46.0M(46.0M)->0.0B(46.0M) Survivors: 5120.0K->5120.0K Heap: 266.8M(1024.0M)->221.0M(1024.0M)]
 [Times: user=0.08 sys=0.00, real=0.02 secs] 
2021-04-24T00:57:17.786+0800: 52414.321: [GC pause (G1 Evacuation Pause) (young), 0.0185378 secs]
   [Parallel Time: 16.7 ms, GC Workers: 8]
      [GC Worker Start (ms): Min: 52414321.0, Avg: 52414322.5, Max: 52414328.7, Diff: 7.7]
      [Ext Root Scanning (ms): Min: 0.0, Avg: 5.5, Max: 16.5, Diff: 16.5, Sum: 43.7]
      [Update RS (ms): Min: 0.0, Avg: 2.0, Max: 4.3, Diff: 4.3, Sum: 16.2]
         [Processed Buffers: Min: 0, Avg: 5.4, Max: 18, Diff: 18, Sum: 43]
      [Scan RS (ms): Min: 0.0, Avg: 2.9, Max: 10.0, Diff: 10.0, Sum: 23.4]
      [Code Root Scanning (ms): Min: 0.0, Avg: 0.0, Max: 0.0, Diff: 0.0, Sum: 0.0]
      [Object Copy (ms): Min: 0.0, Avg: 4.1, Max: 6.9, Diff: 6.9, Sum: 32.8]
      [Termination (ms): Min: 0.0, Avg: 0.6, Max: 0.8, Diff: 0.8, Sum: 4.9]
         [Termination Attempts: Min: 1, Avg: 1.8, Max: 4, Diff: 3, Sum: 14]
      [GC Worker Other (ms): Min: 0.0, Avg: 0.0, Max: 0.0, Diff: 0.0, Sum: 0.2]
      [GC Worker Total (ms): Min: 8.9, Avg: 15.2, Max: 16.6, Diff: 7.7, Sum: 121.2]
      [GC Worker End (ms): Min: 52414337.6, Avg: 52414337.7, Max: 52414337.7, Diff: 0.0]
   [Code Root Fixup: 0.0 ms]
   [Code Root Purge: 0.0 ms]
   [Clear CT: 0.1 ms]
   [Other: 1.7 ms]
      [Choose CSet: 0.0 ms]
      [Ref Proc: 0.3 ms]
      [Ref Enq: 0.0 ms]
      [Redirty Cards: 0.1 ms]
      [Humongous Register: 0.2 ms]
      [Humongous Reclaim: 0.0 ms]
      [Free CSet: 0.1 ms]
   [Eden: 46.0M(46.0M)->0.0B(44.0M) Survivors: 5120.0K->7168.0K Heap: 267.0M(1024.0M)->223.0M(1024.0M)]
 [Times: user=0.06 sys=0.00, real=0.02 secs] 
2021-04-24T00:57:40.547+0800: 52437.082: [GC pause (G1 Evacuation Pause) (young), 0.0196020 secs]
   [Parallel Time: 18.3 ms, GC Workers: 8]
      [GC Worker Start (ms): Min: 52437082.7, Avg: 52437082.9, Max: 52437083.3, Diff: 0.6]
      [Ext Root Scanning (ms): Min: 0.4, Avg: 5.9, Max: 17.9, Diff: 17.5, Sum: 47.1]
      [Update RS (ms): Min: 0.0, Avg: 1.2, Max: 3.2, Diff: 3.2, Sum: 9.8]
         [Processed Buffers: Min: 0, Avg: 5.9, Max: 19, Diff: 19, Sum: 47]
      [Scan RS (ms): Min: 0.0, Avg: 1.8, Max: 3.3, Diff: 3.3, Sum: 14.3]
      [Code Root Scanning (ms): Min: 0.0, Avg: 0.0, Max: 0.0, Diff: 0.0, Sum: 0.0]
      [Object Copy (ms): Min: 0.0, Avg: 8.6, Max: 14.5, Diff: 14.5, Sum: 68.9]
      [Termination (ms): Min: 0.0, Avg: 0.3, Max: 0.4, Diff: 0.4, Sum: 2.8]
         [Termination Attempts: Min: 1, Avg: 42.8, Max: 65, Diff: 64, Sum: 342]
      [GC Worker Other (ms): Min: 0.0, Avg: 0.0, Max: 0.1, Diff: 0.1, Sum: 0.3]
      [GC Worker Total (ms): Min: 17.5, Avg: 17.9, Max: 18.1, Diff: 0.6, Sum: 143.1]
      [GC Worker End (ms): Min: 52437100.8, Avg: 52437100.8, Max: 52437100.9, Diff: 0.1]
   [Code Root Fixup: 0.0 ms]
   [Code Root Purge: 0.0 ms]
   [Clear CT: 0.1 ms]
   [Other: 1.2 ms]
      [Choose CSet: 0.0 ms]
      [Ref Proc: 0.2 ms]
      [Ref Enq: 0.0 ms]
      [Redirty Cards: 0.1 ms]
      [Humongous Register: 0.2 ms]
      [Humongous Reclaim: 0.0 ms]
      [Free CSet: 0.1 ms]
   [Eden: 44.0M(44.0M)->0.0B(44.0M) Survivors: 7168.0K->7168.0K Heap: 267.0M(1024.0M)->223.3M(1024.0M)]
 [Times: user=0.07 sys=0.01, real=0.02 secs] 
2021-04-24T00:58:03.143+0800: 52459.678: [GC pause (G1 Evacuation Pause) (young), 0.0247102 secs]
   [Parallel Time: 23.7 ms, GC Workers: 8]
      [GC Worker Start (ms): Min: 52459678.2, Avg: 52459678.4, Max: 52459678.8, Diff: 0.7]
      [Ext Root Scanning (ms): Min: 0.0, Avg: 1.6, Max: 5.0, Diff: 5.0, Sum: 12.6]
      [Update RS (ms): Min: 0.0, Avg: 1.0, Max: 2.6, Diff: 2.6, Sum: 8.0]
         [Processed Buffers: Min: 0, Avg: 6.5, Max: 24, Diff: 24, Sum: 52]
      [Scan RS (ms): Min: 0.0, Avg: 1.6, Max: 3.1, Diff: 3.1, Sum: 12.9]
      [Code Root Scanning (ms): Min: 0.0, Avg: 0.0, Max: 0.0, Diff: 0.0, Sum: 0.0]
      [Object Copy (ms): Min: 17.9, Avg: 19.2, Max: 23.0, Diff: 5.1, Sum: 153.3]
      [Termination (ms): Min: 0.0, Avg: 0.1, Max: 0.1, Diff: 0.1, Sum: 0.5]
         [Termination Attempts: Min: 1, Avg: 1.1, Max: 2, Diff: 1, Sum: 9]
      [GC Worker Other (ms): Min: 0.0, Avg: 0.0, Max: 0.0, Diff: 0.0, Sum: 0.1]
      [GC Worker Total (ms): Min: 23.0, Avg: 23.4, Max: 23.6, Diff: 0.6, Sum: 187.5]
      [GC Worker End (ms): Min: 52459701.8, Avg: 52459701.8, Max: 52459701.9, Diff: 0.0]
   [Code Root Fixup: 0.0 ms]
   [Code Root Purge: 0.0 ms]
   [Clear CT: 0.1 ms]
   [Other: 0.9 ms]
      [Choose CSet: 0.0 ms]
      [Ref Proc: 0.3 ms]
      [Ref Enq: 0.0 ms]
      [Redirty Cards: 0.1 ms]
      [Humongous Register: 0.1 ms]
      [Humongous Reclaim: 0.0 ms]
      [Free CSet: 0.1 ms]
   [Eden: 44.0M(44.0M)->0.0B(44.0M) Survivors: 7168.0K->7168.0K Heap: 267.3M(1024.0M)->224.1M(1024.0M)]
 [Times: user=0.06 sys=0.01, real=0.02 secs] 
2021-04-24T00:58:27.109+0800: 52482.347: [GC pause (G1 Evacuation Pause) (young), 0.0260214 secs]
   [Parallel Time: 23.8 ms, GC Workers: 8]
      [GC Worker Start (ms): Min: 52482348.0, Avg: 52482348.6, Max: 52482351.0, Diff: 3.0]
      [Ext Root Scanning (ms): Min: 0.0, Avg: 2.3, Max: 4.0, Diff: 3.9, Sum: 18.3]
      [Update RS (ms): Min: 3.0, Avg: 5.0, Max: 6.9, Diff: 3.9, Sum: 40.0]
         [Processed Buffers: Min: 0, Avg: 6.4, Max: 20, Diff: 20, Sum: 51]
      [Scan RS (ms): Min: 1.6, Avg: 4.7, Max: 6.0, Diff: 4.4, Sum: 37.4]
      [Code Root Scanning (ms): Min: 0.0, Avg: 0.0, Max: 0.0, Diff: 0.0, Sum: 0.0]
      [Object Copy (ms): Min: 10.7, Avg: 11.0, Max: 11.9, Diff: 1.2, Sum: 87.7]
      [Termination (ms): Min: 0.0, Avg: 0.1, Max: 0.1, Diff: 0.1, Sum: 0.5]
         [Termination Attempts: Min: 1, Avg: 13.0, Max: 22, Diff: 21, Sum: 104]
      [GC Worker Other (ms): Min: 0.0, Avg: 0.0, Max: 0.1, Diff: 0.1, Sum: 0.3]
      [GC Worker Total (ms): Min: 20.6, Avg: 23.1, Max: 23.7, Diff: 3.0, Sum: 184.5]
      [GC Worker End (ms): Min: 52482371.6, Avg: 52482371.7, Max: 52482371.7, Diff: 0.1]
   [Code Root Fixup: 0.0 ms]
   [Code Root Purge: 0.0 ms]
   [Clear CT: 0.2 ms]
   [Other: 2.0 ms]
      [Choose CSet: 0.0 ms]
      [Ref Proc: 0.3 ms]
      [Ref Enq: 0.0 ms]
      [Redirty Cards: 0.1 ms]
      [Humongous Register: 0.2 ms]
      [Humongous Reclaim: 0.0 ms]
      [Free CSet: 0.2 ms]
   [Eden: 44.0M(44.0M)->0.0B(46.0M) Survivors: 7168.0K->5120.0K Heap: 268.1M(1024.0M)->224.2M(1024.0M)]
 [Times: user=0.07 sys=0.02, real=0.03 secs] 
2021-04-24T00:58:50.754+0800: 52505.986: [GC pause (G1 Evacuation Pause) (young), 0.0210761 secs]
   [Parallel Time: 17.6 ms, GC Workers: 8]
      [GC Worker Start (ms): Min: 52505987.3, Avg: 52505987.4, Max: 52505987.6, Diff: 0.3]
      [Ext Root Scanning (ms): Min: 0.4, Avg: 1.9, Max: 4.8, Diff: 4.3, Sum: 15.2]
      [Update RS (ms): Min: 0.0, Avg: 2.8, Max: 8.8, Diff: 8.8, Sum: 22.6]
         [Processed Buffers: Min: 0, Avg: 6.2, Max: 21, Diff: 21, Sum: 50]
      [Scan RS (ms): Min: 0.0, Avg: 4.1, Max: 8.2, Diff: 8.2, Sum: 33.1]
      [Code Root Scanning (ms): Min: 0.0, Avg: 0.0, Max: 0.0, Diff: 0.0, Sum: 0.0]
      [Object Copy (ms): Min: 3.4, Avg: 7.7, Max: 9.6, Diff: 6.2, Sum: 61.7]
      [Termination (ms): Min: 0.3, Avg: 0.7, Max: 0.9, Diff: 0.6, Sum: 5.9]
         [Termination Attempts: Min: 1, Avg: 2.5, Max: 3, Diff: 2, Sum: 20]
      [GC Worker Other (ms): Min: 0.0, Avg: 0.0, Max: 0.1, Diff: 0.1, Sum: 0.2]
      [GC Worker Total (ms): Min: 17.2, Avg: 17.3, Max: 17.5, Diff: 0.3, Sum: 138.7]
      [GC Worker End (ms): Min: 52506004.8, Avg: 52506004.8, Max: 52506004.8, Diff: 0.0]
   [Code Root Fixup: 0.0 ms]
   [Code Root Purge: 0.0 ms]
   [Clear CT: 0.2 ms]
   [Other: 3.3 ms]
      [Choose CSet: 0.0 ms]
      [Ref Proc: 0.5 ms]
      [Ref Enq: 0.0 ms]
      [Redirty Cards: 0.1 ms]
      [Humongous Register: 0.3 ms]
      [Humongous Reclaim: 0.0 ms]
      [Free CSet: 0.1 ms]
   [Eden: 46.0M(46.0M)->0.0B(44.0M) Survivors: 5120.0K->7168.0K Heap: 270.2M(1024.0M)->226.4M(1024.0M)]
 [Times: user=0.06 sys=0.01, real=0.02 secs] 
2021-04-24T01:04:28.753+0800: 52658.425: [GC pause (G1 Evacuation Pause) (young), 0.0531634 secs]
   [Parallel Time: 38.5 ms, GC Workers: 8]
      [GC Worker Start (ms): Min: 52658436.9, Avg: 52658437.0, Max: 52658437.1, Diff: 0.2]
      [Ext Root Scanning (ms): Min: 4.7, Avg: 6.9, Max: 15.9, Diff: 11.2, Sum: 55.0]
      [Update RS (ms): Min: 6.5, Avg: 15.4, Max: 19.0, Diff: 12.5, Sum: 123.5]
         [Processed Buffers: Min: 1, Avg: 6.0, Max: 20, Diff: 19, Sum: 48]
      [Scan RS (ms): Min: 0.0, Avg: 1.6, Max: 3.0, Diff: 3.0, Sum: 13.1]
      [Code Root Scanning (ms): Min: 0.0, Avg: 0.0, Max: 0.0, Diff: 0.0, Sum: 0.0]
      [Object Copy (ms): Min: 12.8, Avg: 13.7, Max: 14.7, Diff: 1.8, Sum: 109.2]
      [Termination (ms): Min: 0.1, Avg: 0.2, Max: 0.3, Diff: 0.2, Sum: 1.5]
         [Termination Attempts: Min: 3, Avg: 5.0, Max: 7, Diff: 4, Sum: 40]
      [GC Worker Other (ms): Min: 0.0, Avg: 0.5, Max: 1.4, Diff: 1.3, Sum: 3.9]
      [GC Worker Total (ms): Min: 38.2, Avg: 38.3, Max: 38.4, Diff: 0.2, Sum: 306.2]
      [GC Worker End (ms): Min: 52658475.3, Avg: 52658475.3, Max: 52658475.3, Diff: 0.0]
   [Code Root Fixup: 0.0 ms]
   [Code Root Purge: 0.0 ms]
   [Clear CT: 0.1 ms]
   [Other: 14.6 ms]
      [Choose CSet: 0.0 ms]
      [Ref Proc: 0.6 ms]
      [Ref Enq: 0.0 ms]
      [Redirty Cards: 0.0 ms]
      [Humongous Register: 4.0 ms]
      [Humongous Reclaim: 0.0 ms]
      [Free CSet: 0.8 ms]
   [Eden: 44.0M(44.0M)->0.0B(44.0M) Survivors: 7168.0K->7168.0K Heap: 270.4M(1024.0M)->227.8M(1024.0M)]
 [Times: user=0.05 sys=0.07, real=0.05 secs] 
2021-04-24T01:09:07.942+0800: 52937.617: [GC pause (G1 Evacuation Pause) (young), 0.0417742 secs]
   [Parallel Time: 34.8 ms, GC Workers: 8]
      [GC Worker Start (ms): Min: 52937622.2, Avg: 52937622.4, Max: 52937622.7, Diff: 0.4]
      [Ext Root Scanning (ms): Min: 3.8, Avg: 4.6, Max: 9.3, Diff: 5.5, Sum: 37.1]
      [Update RS (ms): Min: 2.6, Avg: 7.7, Max: 10.1, Diff: 7.5, Sum: 61.8]
         [Processed Buffers: Min: 1, Avg: 6.0, Max: 17, Diff: 16, Sum: 48]
      [Scan RS (ms): Min: 0.2, Avg: 2.0, Max: 3.0, Diff: 2.8, Sum: 16.4]
      [Code Root Scanning (ms): Min: 0.0, Avg: 0.0, Max: 0.0, Diff: 0.0, Sum: 0.0]
      [Object Copy (ms): Min: 19.6, Avg: 19.9, Max: 20.4, Diff: 0.8, Sum: 158.8]
      [Termination (ms): Min: 0.0, Avg: 0.1, Max: 0.1, Diff: 0.1, Sum: 0.9]
         [Termination Attempts: Min: 1, Avg: 1.4, Max: 2, Diff: 1, Sum: 11]
      [GC Worker Other (ms): Min: 0.0, Avg: 0.1, Max: 0.5, Diff: 0.5, Sum: 0.6]
      [GC Worker Total (ms): Min: 34.2, Avg: 34.4, Max: 34.7, Diff: 0.4, Sum: 275.6]
      [GC Worker End (ms): Min: 52937656.9, Avg: 52937656.9, Max: 52937656.9, Diff: 0.0]
   [Code Root Fixup: 0.1 ms]
   [Code Root Purge: 0.0 ms]
   [Clear CT: 0.1 ms]
   [Other: 6.9 ms]
      [Choose CSet: 0.0 ms]
      [Ref Proc: 0.6 ms]
      [Ref Enq: 0.0 ms]
      [Redirty Cards: 0.1 ms]
      [Humongous Register: 0.7 ms]
      [Humongous Reclaim: 0.0 ms]
      [Free CSet: 0.6 ms]
   [Eden: 44.0M(44.0M)->0.0B(44.0M) Survivors: 7168.0K->7168.0K Heap: 271.8M(1024.0M)->232.5M(1024.0M)]
 [Times: user=0.06 sys=0.06, real=0.04 secs] 
2021-04-24T01:09:59.543+0800: 52989.218: [GC pause (G1 Evacuation Pause) (young), 0.0293260 secs]
   [Parallel Time: 27.5 ms, GC Workers: 8]
      [GC Worker Start (ms): Min: 52989218.7, Avg: 52989219.0, Max: 52989219.2, Diff: 0.4]
      [Ext Root Scanning (ms): Min: 0.5, Avg: 1.5, Max: 4.7, Diff: 4.2, Sum: 11.9]
      [Update RS (ms): Min: 0.0, Avg: 2.0, Max: 3.2, Diff: 3.2, Sum: 15.6]
         [Processed Buffers: Min: 0, Avg: 5.4, Max: 13, Diff: 13, Sum: 43]
      [Scan RS (ms): Min: 0.0, Avg: 1.3, Max: 2.3, Diff: 2.3, Sum: 10.0]
      [Code Root Scanning (ms): Min: 0.0, Avg: 0.3, Max: 2.4, Diff: 2.4, Sum: 2.4]
      [Object Copy (ms): Min: 20.9, Avg: 21.4, Max: 22.1, Diff: 1.2, Sum: 171.5]
      [Termination (ms): Min: 0.0, Avg: 0.7, Max: 0.8, Diff: 0.8, Sum: 5.3]
         [Termination Attempts: Min: 1, Avg: 5.0, Max: 13, Diff: 12, Sum: 40]
      [GC Worker Other (ms): Min: 0.0, Avg: 0.0, Max: 0.0, Diff: 0.0, Sum: 0.2]
      [GC Worker Total (ms): Min: 26.9, Avg: 27.1, Max: 27.4, Diff: 0.4, Sum: 216.8]
      [GC Worker End (ms): Min: 52989246.1, Avg: 52989246.1, Max: 52989246.1, Diff: 0.0]
   [Code Root Fixup: 0.0 ms]
   [Code Root Purge: 0.0 ms]
   [Clear CT: 0.1 ms]
   [Other: 1.7 ms]
      [Choose CSet: 0.0 ms]
      [Ref Proc: 0.2 ms]
      [Ref Enq: 0.0 ms]
      [Redirty Cards: 0.1 ms]
      [Humongous Register: 0.3 ms]
      [Humongous Reclaim: 0.0 ms]
      [Free CSet: 0.1 ms]
   [Eden: 44.0M(44.0M)->0.0B(44.0M) Survivors: 7168.0K->7168.0K Heap: 276.5M(1024.0M)->238.9M(1024.0M)]
 [Times: user=0.08 sys=0.05, real=0.03 secs] 
2021-04-24T01:10:21.426+0800: 53011.102: [GC pause (G1 Evacuation Pause) (young), 0.0242536 secs]
   [Parallel Time: 22.3 ms, GC Workers: 8]
      [GC Worker Start (ms): Min: 53011102.4, Avg: 53011102.7, Max: 53011103.4, Diff: 1.0]
      [Ext Root Scanning (ms): Min: 0.0, Avg: 0.8, Max: 1.6, Diff: 1.6, Sum: 6.0]
      [Update RS (ms): Min: 0.0, Avg: 1.8, Max: 3.1, Diff: 3.1, Sum: 14.5]
         [Processed Buffers: Min: 0, Avg: 4.9, Max: 19, Diff: 19, Sum: 39]
      [Scan RS (ms): Min: 0.0, Avg: 1.0, Max: 2.2, Diff: 2.2, Sum: 8.3]
      [Code Root Scanning (ms): Min: 0.0, Avg: 0.0, Max: 0.0, Diff: 0.0, Sum: 0.0]
      [Object Copy (ms): Min: 16.4, Avg: 18.0, Max: 20.8, Diff: 4.4, Sum: 143.6]
      [Termination (ms): Min: 0.0, Avg: 0.4, Max: 0.5, Diff: 0.5, Sum: 2.8]
         [Termination Attempts: Min: 1, Avg: 1.2, Max: 3, Diff: 2, Sum: 10]
      [GC Worker Other (ms): Min: 0.0, Avg: 0.0, Max: 0.0, Diff: 0.0, Sum: 0.2]
      [GC Worker Total (ms): Min: 21.3, Avg: 21.9, Max: 22.3, Diff: 1.0, Sum: 175.4]
      [GC Worker End (ms): Min: 53011124.7, Avg: 53011124.7, Max: 53011124.7, Diff: 0.0]
   [Code Root Fixup: 0.0 ms]
   [Code Root Purge: 0.0 ms]
   [Clear CT: 0.2 ms]
   [Other: 1.7 ms]
      [Choose CSet: 0.0 ms]
      [Ref Proc: 0.3 ms]
      [Ref Enq: 0.0 ms]
      [Redirty Cards: 0.2 ms]
      [Humongous Register: 0.2 ms]
      [Humongous Reclaim: 0.0 ms]
      [Free CSet: 0.1 ms]
   [Eden: 44.0M(44.0M)->0.0B(45.0M) Survivors: 7168.0K->6144.0K Heap: 282.9M(1024.0M)->243.0M(1024.0M)]
 [Times: user=0.06 sys=0.04, real=0.03 secs] 
2021-04-24T01:10:43.859+0800: 53033.535: [GC pause (G1 Evacuation Pause) (young), 0.0187969 secs]
   [Parallel Time: 17.0 ms, GC Workers: 8]
      [GC Worker Start (ms): Min: 53033536.1, Avg: 53033536.4, Max: 53033537.8, Diff: 1.6]
      [Ext Root Scanning (ms): Min: 0.0, Avg: 1.1, Max: 2.5, Diff: 2.5, Sum: 9.0]
      [Update RS (ms): Min: 3.2, Avg: 7.4, Max: 15.8, Diff: 12.5, Sum: 59.2]
         [Processed Buffers: Min: 0, Avg: 5.4, Max: 32, Diff: 32, Sum: 43]
      [Scan RS (ms): Min: 0.0, Avg: 1.8, Max: 3.3, Diff: 3.3, Sum: 14.1]
      [Code Root Scanning (ms): Min: 0.0, Avg: 0.0, Max: 0.0, Diff: 0.0, Sum: 0.0]
      [Object Copy (ms): Min: 0.1, Avg: 5.9, Max: 8.4, Diff: 8.3, Sum: 47.0]
      [Termination (ms): Min: 0.0, Avg: 0.3, Max: 0.5, Diff: 0.5, Sum: 2.7]
         [Termination Attempts: Min: 1, Avg: 3.0, Max: 11, Diff: 10, Sum: 24]
      [GC Worker Other (ms): Min: 0.0, Avg: 0.0, Max: 0.0, Diff: 0.0, Sum: 0.1]
      [GC Worker Total (ms): Min: 15.2, Avg: 16.5, Max: 16.9, Diff: 1.7, Sum: 132.2]
      [GC Worker End (ms): Min: 53033552.9, Avg: 53033553.0, Max: 53033553.0, Diff: 0.1]
   [Code Root Fixup: 0.0 ms]
   [Code Root Purge: 0.0 ms]
   [Clear CT: 0.1 ms]
   [Other: 1.7 ms]
      [Choose CSet: 0.0 ms]
      [Ref Proc: 0.4 ms]
      [Ref Enq: 0.0 ms]
      [Redirty Cards: 0.1 ms]
      [Humongous Register: 0.3 ms]
      [Humongous Reclaim: 0.0 ms]
      [Free CSet: 0.1 ms]
   [Eden: 45.0M(45.0M)->0.0B(45.0M) Survivors: 6144.0K->6144.0K Heap: 288.0M(1024.0M)->243.0M(1024.0M)]
 [Times: user=0.06 sys=0.01, real=0.02 secs] 
2021-04-24T01:11:06.592+0800: 53056.268: [GC pause (G1 Evacuation Pause) (young), 0.0189611 secs]
   [Parallel Time: 17.3 ms, GC Workers: 8]
      [GC Worker Start (ms): Min: 53056269.0, Avg: 53056269.3, Max: 53056270.2, Diff: 1.3]
      [Ext Root Scanning (ms): Min: 0.0, Avg: 3.2, Max: 12.3, Diff: 12.3, Sum: 25.9]
      [Update RS (ms): Min: 0.0, Avg: 2.3, Max: 6.9, Diff: 6.9, Sum: 18.3]
         [Processed Buffers: Min: 0, Avg: 5.1, Max: 24, Diff: 24, Sum: 41]
      [Scan RS (ms): Min: 0.0, Avg: 3.1, Max: 9.0, Diff: 9.0, Sum: 25.0]
      [Code Root Scanning (ms): Min: 0.0, Avg: 0.0, Max: 0.0, Diff: 0.0, Sum: 0.0]
      [Object Copy (ms): Min: 3.9, Avg: 8.1, Max: 14.2, Diff: 10.4, Sum: 64.5]
      [Termination (ms): Min: 0.0, Avg: 0.1, Max: 0.2, Diff: 0.2, Sum: 0.9]
         [Termination Attempts: Min: 1, Avg: 4.9, Max: 11, Diff: 10, Sum: 39]
      [GC Worker Other (ms): Min: 0.0, Avg: 0.0, Max: 0.0, Diff: 0.0, Sum: 0.2]
      [GC Worker Total (ms): Min: 15.9, Avg: 16.9, Max: 17.2, Diff: 1.3, Sum: 134.8]
      [GC Worker End (ms): Min: 53056286.1, Avg: 53056286.1, Max: 53056286.2, Diff: 0.0]
   [Code Root Fixup: 0.0 ms]
   [Code Root Purge: 0.0 ms]
   [Clear CT: 0.2 ms]
   [Other: 1.4 ms]
      [Choose CSet: 0.0 ms]
      [Ref Proc: 0.3 ms]
      [Ref Enq: 0.0 ms]
      [Redirty Cards: 0.1 ms]
      [Humongous Register: 0.3 ms]
      [Humongous Reclaim: 0.0 ms]
      [Free CSet: 0.1 ms]
   [Eden: 45.0M(45.0M)->0.0B(45.0M) Survivors: 6144.0K->6144.0K Heap: 288.0M(1024.0M)->243.4M(1024.0M)]
 [Times: user=0.06 sys=0.01, real=0.02 secs] 
2021-04-24T01:11:29.089+0800: 53078.766: [GC pause (G1 Evacuation Pause) (young), 0.0226771 secs]
   [Parallel Time: 20.3 ms, GC Workers: 8]
      [GC Worker Start (ms): Min: 53078766.1, Avg: 53078766.3, Max: 53078766.6, Diff: 0.5]
      [Ext Root Scanning (ms): Min: 0.6, Avg: 3.3, Max: 7.0, Diff: 6.4, Sum: 26.1]
      [Update RS (ms): Min: 0.0, Avg: 1.7, Max: 5.9, Diff: 5.9, Sum: 13.4]
         [Processed Buffers: Min: 0, Avg: 4.6, Max: 29, Diff: 29, Sum: 37]
      [Scan RS (ms): Min: 0.0, Avg: 1.5, Max: 3.3, Diff: 3.3, Sum: 12.1]
      [Code Root Scanning (ms): Min: 0.0, Avg: 0.0, Max: 0.0, Diff: 0.0, Sum: 0.0]
      [Object Copy (ms): Min: 12.8, Avg: 13.3, Max: 14.2, Diff: 1.4, Sum: 106.4]
      [Termination (ms): Min: 0.0, Avg: 0.2, Max: 0.3, Diff: 0.3, Sum: 1.8]
         [Termination Attempts: Min: 1, Avg: 19.9, Max: 36, Diff: 35, Sum: 159]
      [GC Worker Other (ms): Min: 0.0, Avg: 0.0, Max: 0.0, Diff: 0.0, Sum: 0.2]
      [GC Worker Total (ms): Min: 19.7, Avg: 20.0, Max: 20.2, Diff: 0.5, Sum: 160.0]
      [GC Worker End (ms): Min: 53078786.3, Avg: 53078786.3, Max: 53078786.3, Diff: 0.0]
   [Code Root Fixup: 0.0 ms]
   [Code Root Purge: 0.0 ms]
   [Clear CT: 0.1 ms]
   [Other: 2.3 ms]
      [Choose CSet: 0.0 ms]
      [Ref Proc: 0.8 ms]
      [Ref Enq: 0.0 ms]
      [Redirty Cards: 0.1 ms]
      [Humongous Register: 0.3 ms]
      [Humongous Reclaim: 0.0 ms]
      [Free CSet: 0.1 ms]
   [Eden: 45.0M(45.0M)->0.0B(45.0M) Survivors: 6144.0K->6144.0K Heap: 288.4M(1024.0M)->244.4M(1024.0M)]
 [Times: user=0.06 sys=0.02, real=0.03 secs] 
2021-04-24T01:11:51.864+0800: 53101.541: [GC pause (G1 Evacuation Pause) (young), 0.0198590 secs]
   [Parallel Time: 18.5 ms, GC Workers: 8]
      [GC Worker Start (ms): Min: 53101541.2, Avg: 53101541.4, Max: 53101541.6, Diff: 0.4]
      [Ext Root Scanning (ms): Min: 0.5, Avg: 3.0, Max: 6.6, Diff: 6.1, Sum: 24.3]
      [Update RS (ms): Min: 0.0, Avg: 2.3, Max: 4.0, Diff: 4.0, Sum: 18.3]
         [Processed Buffers: Min: 0, Avg: 5.0, Max: 20, Diff: 20, Sum: 40]
      [Scan RS (ms): Min: 1.6, Avg: 5.9, Max: 11.5, Diff: 9.9, Sum: 47.5]
      [Code Root Scanning (ms): Min: 0.0, Avg: 0.0, Max: 0.0, Diff: 0.0, Sum: 0.0]
      [Object Copy (ms): Min: 1.9, Avg: 6.8, Max: 10.0, Diff: 8.1, Sum: 54.7]
      [Termination (ms): Min: 0.0, Avg: 0.0, Max: 0.1, Diff: 0.1, Sum: 0.4]
         [Termination Attempts: Min: 1, Avg: 12.4, Max: 20, Diff: 19, Sum: 99]
      [GC Worker Other (ms): Min: 0.0, Avg: 0.0, Max: 0.1, Diff: 0.1, Sum: 0.3]
      [GC Worker Total (ms): Min: 17.9, Avg: 18.2, Max: 18.3, Diff: 0.4, Sum: 145.5]
      [GC Worker End (ms): Min: 53101559.5, Avg: 53101559.6, Max: 53101559.6, Diff: 0.1]
   [Code Root Fixup: 0.0 ms]
   [Code Root Purge: 0.0 ms]
   [Clear CT: 0.1 ms]
   [Other: 1.3 ms]
      [Choose CSet: 0.0 ms]
      [Ref Proc: 0.3 ms]
      [Ref Enq: 0.0 ms]
      [Redirty Cards: 0.1 ms]
      [Humongous Register: 0.3 ms]
      [Humongous Reclaim: 0.0 ms]
      [Free CSet: 0.1 ms]
   [Eden: 45.0M(45.0M)->0.0B(44.0M) Survivors: 6144.0K->7168.0K Heap: 289.4M(1024.0M)->245.6M(1024.0M)]
 [Times: user=0.08 sys=0.01, real=0.02 secs] 
2021-04-24T01:12:14.046+0800: 53123.723: [GC pause (G1 Evacuation Pause) (young), 0.0205364 secs]
   [Parallel Time: 18.3 ms, GC Workers: 8]
      [GC Worker Start (ms): Min: 53123724.1, Avg: 53123725.3, Max: 53123730.9, Diff: 6.8]
      [Ext Root Scanning (ms): Min: 0.0, Avg: 2.6, Max: 8.7, Diff: 8.7, Sum: 20.8]
      [Update RS (ms): Min: 0.0, Avg: 1.9, Max: 4.5, Diff: 4.5, Sum: 15.5]
         [Processed Buffers: Min: 0, Avg: 5.2, Max: 21, Diff: 21, Sum: 42]
      [Scan RS (ms): Min: 0.0, Avg: 1.6, Max: 3.0, Diff: 3.0, Sum: 12.4]
      [Code Root Scanning (ms): Min: 0.0, Avg: 0.0, Max: 0.0, Diff: 0.0, Sum: 0.0]
      [Object Copy (ms): Min: 9.4, Avg: 10.9, Max: 16.1, Diff: 6.7, Sum: 86.8]
      [Termination (ms): Min: 0.0, Avg: 0.1, Max: 0.1, Diff: 0.1, Sum: 0.4]
         [Termination Attempts: Min: 1, Avg: 18.5, Max: 74, Diff: 73, Sum: 148]
      [GC Worker Other (ms): Min: 0.0, Avg: 0.0, Max: 0.0, Diff: 0.0, Sum: 0.2]
      [GC Worker Total (ms): Min: 11.4, Avg: 17.0, Max: 18.1, Diff: 6.8, Sum: 136.2]
      [GC Worker End (ms): Min: 53123742.3, Avg: 53123742.3, Max: 53123742.3, Diff: 0.0]
   [Code Root Fixup: 0.0 ms]
   [Code Root Purge: 0.0 ms]
   [Clear CT: 0.1 ms]
   [Other: 2.1 ms]
      [Choose CSet: 0.0 ms]
      [Ref Proc: 0.3 ms]
      [Ref Enq: 0.0 ms]
      [Redirty Cards: 0.1 ms]
      [Humongous Register: 0.3 ms]
      [Humongous Reclaim: 0.0 ms]
      [Free CSet: 0.2 ms]
   [Eden: 44.0M(44.0M)->0.0B(45.0M) Survivors: 7168.0K->6144.0K Heap: 289.6M(1024.0M)->245.5M(1024.0M)]
 [Times: user=0.07 sys=0.01, real=0.02 secs] 
2021-04-24T01:12:36.533+0800: 53146.211: [GC pause (G1 Evacuation Pause) (young), 0.0170067 secs]
   [Parallel Time: 16.1 ms, GC Workers: 8]
      [GC Worker Start (ms): Min: 53146211.2, Avg: 53146211.9, Max: 53146215.6, Diff: 4.4]
      [Ext Root Scanning (ms): Min: 0.0, Avg: 2.8, Max: 11.7, Diff: 11.7, Sum: 22.4]
      [Update RS (ms): Min: 0.0, Avg: 1.5, Max: 3.1, Diff: 3.1, Sum: 11.8]
         [Processed Buffers: Min: 0, Avg: 5.9, Max: 22, Diff: 22, Sum: 47]
      [Scan RS (ms): Min: 0.0, Avg: 2.6, Max: 7.6, Diff: 7.6, Sum: 20.5]
      [Code Root Scanning (ms): Min: 0.0, Avg: 0.0, Max: 0.0, Diff: 0.0, Sum: 0.0]
      [Object Copy (ms): Min: 3.7, Avg: 8.1, Max: 9.9, Diff: 6.2, Sum: 64.6]
      [Termination (ms): Min: 0.0, Avg: 0.3, Max: 0.4, Diff: 0.4, Sum: 2.7]
         [Termination Attempts: Min: 1, Avg: 1.5, Max: 3, Diff: 2, Sum: 12]
      [GC Worker Other (ms): Min: 0.0, Avg: 0.0, Max: 0.0, Diff: 0.0, Sum: 0.1]
      [GC Worker Total (ms): Min: 11.6, Avg: 15.3, Max: 16.0, Diff: 4.4, Sum: 122.2]
      [GC Worker End (ms): Min: 53146227.2, Avg: 53146227.2, Max: 53146227.2, Diff: 0.0]
   [Code Root Fixup: 0.0 ms]
   [Code Root Purge: 0.0 ms]
   [Clear CT: 0.1 ms]
   [Other: 0.8 ms]
      [Choose CSet: 0.0 ms]
      [Ref Proc: 0.2 ms]
      [Ref Enq: 0.0 ms]
      [Redirty Cards: 0.1 ms]
      [Humongous Register: 0.1 ms]
      [Humongous Reclaim: 0.0 ms]
      [Free CSet: 0.1 ms]
   [Eden: 45.0M(45.0M)->0.0B(45.0M) Survivors: 6144.0K->6144.0K Heap: 290.5M(1024.0M)->245.3M(1024.0M)]
 [Times: user=0.05 sys=0.01, real=0.02 secs] 
2021-04-24T01:12:59.048+0800: 53168.726: [GC pause (G1 Evacuation Pause) (young), 0.0218263 secs]
   [Parallel Time: 19.4 ms, GC Workers: 8]
      [GC Worker Start (ms): Min: 53168726.2, Avg: 53168726.4, Max: 53168726.6, Diff: 0.4]
      [Ext Root Scanning (ms): Min: 0.6, Avg: 4.1, Max: 8.3, Diff: 7.7, Sum: 32.4]
      [Update RS (ms): Min: 0.0, Avg: 1.7, Max: 4.2, Diff: 4.2, Sum: 13.3]
         [Processed Buffers: Min: 0, Avg: 4.9, Max: 16, Diff: 16, Sum: 39]
      [Scan RS (ms): Min: 0.0, Avg: 2.3, Max: 3.4, Diff: 3.4, Sum: 18.5]
      [Code Root Scanning (ms): Min: 0.0, Avg: 0.0, Max: 0.0, Diff: 0.0, Sum: 0.0]
      [Object Copy (ms): Min: 10.8, Avg: 11.0, Max: 11.2, Diff: 0.4, Sum: 87.9]
      [Termination (ms): Min: 0.0, Avg: 0.1, Max: 0.1, Diff: 0.1, Sum: 0.8]
         [Termination Attempts: Min: 1, Avg: 1.0, Max: 1, Diff: 0, Sum: 8]
      [GC Worker Other (ms): Min: 0.0, Avg: 0.0, Max: 0.0, Diff: 0.0, Sum: 0.1]
      [GC Worker Total (ms): Min: 18.9, Avg: 19.1, Max: 19.3, Diff: 0.4, Sum: 153.1]
      [GC Worker End (ms): Min: 53168745.5, Avg: 53168745.5, Max: 53168745.5, Diff: 0.1]
   [Code Root Fixup: 0.0 ms]
   [Code Root Purge: 0.0 ms]
   [Clear CT: 0.2 ms]
   [Other: 2.2 ms]
      [Choose CSet: 0.0 ms]
      [Ref Proc: 0.4 ms]
      [Ref Enq: 0.0 ms]
      [Redirty Cards: 0.2 ms]
      [Humongous Register: 0.2 ms]
      [Humongous Reclaim: 0.0 ms]
      [Free CSet: 0.1 ms]
   [Eden: 45.0M(45.0M)->0.0B(45.0M) Survivors: 6144.0K->6144.0K Heap: 290.3M(1024.0M)->246.4M(1024.0M)]
 [Times: user=0.06 sys=0.01, real=0.03 secs] 
2021-04-24T01:13:21.652+0800: 53191.331: [GC pause (G1 Evacuation Pause) (young), 0.0193629 secs]
   [Parallel Time: 17.8 ms, GC Workers: 8]
      [GC Worker Start (ms): Min: 53191331.0, Avg: 53191332.6, Max: 53191337.1, Diff: 6.1]
      [Ext Root Scanning (ms): Min: 0.0, Avg: 3.2, Max: 15.4, Diff: 15.4, Sum: 25.3]
      [Update RS (ms): Min: 0.0, Avg: 1.1, Max: 2.8, Diff: 2.8, Sum: 8.5]
         [Processed Buffers: Min: 0, Avg: 6.0, Max: 25, Diff: 25, Sum: 48]
      [Scan RS (ms): Min: 0.0, Avg: 2.4, Max: 4.9, Diff: 4.9, Sum: 19.5]
      [Code Root Scanning (ms): Min: 0.0, Avg: 0.0, Max: 0.0, Diff: 0.0, Sum: 0.0]
      [Object Copy (ms): Min: 1.9, Avg: 8.7, Max: 11.0, Diff: 9.1, Sum: 69.6]
      [Termination (ms): Min: 0.0, Avg: 0.6, Max: 0.8, Diff: 0.8, Sum: 4.9]
         [Termination Attempts: Min: 1, Avg: 8.0, Max: 20, Diff: 19, Sum: 64]
      [GC Worker Other (ms): Min: 0.0, Avg: 0.0, Max: 0.1, Diff: 0.0, Sum: 0.2]
      [GC Worker Total (ms): Min: 11.5, Avg: 16.0, Max: 17.5, Diff: 6.1, Sum: 128.1]
      [GC Worker End (ms): Min: 53191348.6, Avg: 53191348.6, Max: 53191348.6, Diff: 0.0]
   [Code Root Fixup: 0.0 ms]
   [Code Root Purge: 0.0 ms]
   [Clear CT: 0.1 ms]
   [Other: 1.5 ms]
      [Choose CSet: 0.0 ms]
      [Ref Proc: 0.6 ms]
      [Ref Enq: 0.0 ms]
      [Redirty Cards: 0.1 ms]
      [Humongous Register: 0.2 ms]
      [Humongous Reclaim: 0.0 ms]
      [Free CSet: 0.1 ms]
   [Eden: 45.0M(45.0M)->0.0B(44.0M) Survivors: 6144.0K->7168.0K Heap: 291.4M(1024.0M)->248.2M(1024.0M)]
 [Times: user=0.06 sys=0.01, real=0.02 secs] 
2021-04-24T01:13:43.709+0800: 53213.388: [GC pause (G1 Evacuation Pause) (young), 0.0234353 secs]
   [Parallel Time: 22.0 ms, GC Workers: 8]
      [GC Worker Start (ms): Min: 53213388.2, Avg: 53213388.4, Max: 53213389.0, Diff: 0.9]
      [Ext Root Scanning (ms): Min: 0.5, Avg: 4.9, Max: 10.7, Diff: 10.2, Sum: 39.3]
      [Update RS (ms): Min: 0.0, Avg: 2.6, Max: 5.7, Diff: 5.7, Sum: 20.5]
         [Processed Buffers: Min: 0, Avg: 5.4, Max: 22, Diff: 22, Sum: 43]
      [Scan RS (ms): Min: 0.0, Avg: 1.8, Max: 2.8, Diff: 2.8, Sum: 14.7]
      [Code Root Scanning (ms): Min: 0.0, Avg: 0.0, Max: 0.0, Diff: 0.0, Sum: 0.0]
      [Object Copy (ms): Min: 11.1, Avg: 12.2, Max: 13.3, Diff: 2.2, Sum: 97.9]
      [Termination (ms): Min: 0.0, Avg: 0.0, Max: 0.1, Diff: 0.1, Sum: 0.4]
         [Termination Attempts: Min: 1, Avg: 1.9, Max: 5, Diff: 4, Sum: 15]
      [GC Worker Other (ms): Min: 0.0, Avg: 0.0, Max: 0.0, Diff: 0.0, Sum: 0.2]
      [GC Worker Total (ms): Min: 21.0, Avg: 21.6, Max: 21.8, Diff: 0.8, Sum: 173.1]
      [GC Worker End (ms): Min: 53213410.0, Avg: 53213410.0, Max: 53213410.1, Diff: 0.0]
   [Code Root Fixup: 0.0 ms]
   [Code Root Purge: 0.0 ms]
   [Clear CT: 0.1 ms]
   [Other: 1.3 ms]
      [Choose CSet: 0.0 ms]
      [Ref Proc: 0.2 ms]
      [Ref Enq: 0.0 ms]
      [Redirty Cards: 0.1 ms]
      [Humongous Register: 0.2 ms]
      [Humongous Reclaim: 0.0 ms]
      [Free CSet: 0.1 ms]
   [Eden: 44.0M(44.0M)->0.0B(44.0M) Survivors: 7168.0K->7168.0K Heap: 292.2M(1024.0M)->249.0M(1024.0M)]
 [Times: user=0.06 sys=0.02, real=0.03 secs] 
2021-04-24T01:14:05.772+0800: 53235.450: [GC pause (G1 Evacuation Pause) (young), 0.0223106 secs]
   [Parallel Time: 20.4 ms, GC Workers: 8]
      [GC Worker Start (ms): Min: 53235450.6, Avg: 53235452.6, Max: 53235457.5, Diff: 6.9]
      [Ext Root Scanning (ms): Min: 0.0, Avg: 1.7, Max: 5.6, Diff: 5.6, Sum: 13.9]
      [Update RS (ms): Min: 0.0, Avg: 1.4, Max: 3.3, Diff: 3.3, Sum: 11.3]
         [Processed Buffers: Min: 0, Avg: 5.9, Max: 31, Diff: 31, Sum: 47]
      [Scan RS (ms): Min: 0.1, Avg: 1.8, Max: 2.9, Diff: 2.8, Sum: 14.2]
      [Code Root Scanning (ms): Min: 0.0, Avg: 0.0, Max: 0.0, Diff: 0.0, Sum: 0.0]
      [Object Copy (ms): Min: 13.1, Avg: 13.3, Max: 13.4, Diff: 0.3, Sum: 106.0]
      [Termination (ms): Min: 0.0, Avg: 0.1, Max: 0.2, Diff: 0.2, Sum: 0.8]
         [Termination Attempts: Min: 1, Avg: 1.0, Max: 1, Diff: 0, Sum: 8]
      [GC Worker Other (ms): Min: 0.0, Avg: 0.0, Max: 0.0, Diff: 0.0, Sum: 0.2]
      [GC Worker Total (ms): Min: 13.3, Avg: 18.3, Max: 20.2, Diff: 6.9, Sum: 146.3]
      [GC Worker End (ms): Min: 53235470.8, Avg: 53235470.8, Max: 53235470.9, Diff: 0.1]
   [Code Root Fixup: 0.0 ms]
   [Code Root Purge: 0.0 ms]
   [Clear CT: 0.1 ms]
   [Other: 1.8 ms]
      [Choose CSet: 0.0 ms]
      [Ref Proc: 0.4 ms]
      [Ref Enq: 0.0 ms]
      [Redirty Cards: 0.1 ms]
      [Humongous Register: 0.1 ms]
      [Humongous Reclaim: 0.0 ms]
      [Free CSet: 0.1 ms]
   [Eden: 44.0M(44.0M)->0.0B(46.0M) Survivors: 7168.0K->5120.0K Heap: 293.0M(1024.0M)->248.9M(1024.0M)]
 [Times: user=0.06 sys=0.02, real=0.02 secs] 
2021-04-24T01:14:28.892+0800: 53258.571: [GC pause (G1 Evacuation Pause) (young), 0.0212035 secs]
   [Parallel Time: 18.2 ms, GC Workers: 8]
      [GC Worker Start (ms): Min: 53258573.0, Avg: 53258573.4, Max: 53258574.0, Diff: 1.0]
      [Ext Root Scanning (ms): Min: 1.5, Avg: 4.9, Max: 15.0, Diff: 13.6, Sum: 39.4]
      [Update RS (ms): Min: 0.0, Avg: 3.7, Max: 6.6, Diff: 6.6, Sum: 29.7]
         [Processed Buffers: Min: 0, Avg: 6.2, Max: 23, Diff: 23, Sum: 50]
      [Scan RS (ms): Min: 0.0, Avg: 3.0, Max: 4.3, Diff: 4.3, Sum: 23.9]
      [Code Root Scanning (ms): Min: 0.0, Avg: 0.0, Max: 0.0, Diff: 0.0, Sum: 0.0]
      [Object Copy (ms): Min: 2.7, Avg: 5.8, Max: 6.7, Diff: 4.1, Sum: 46.6]
      [Termination (ms): Min: 0.0, Avg: 0.1, Max: 0.1, Diff: 0.1, Sum: 0.8]
         [Termination Attempts: Min: 1, Avg: 14.9, Max: 27, Diff: 26, Sum: 119]
      [GC Worker Other (ms): Min: 0.0, Avg: 0.0, Max: 0.1, Diff: 0.1, Sum: 0.3]
      [GC Worker Total (ms): Min: 17.0, Avg: 17.6, Max: 18.0, Diff: 1.0, Sum: 140.7]
      [GC Worker End (ms): Min: 53258591.0, Avg: 53258591.0, Max: 53258591.0, Diff: 0.0]
   [Code Root Fixup: 0.0 ms]
   [Code Root Purge: 0.0 ms]
   [Clear CT: 0.1 ms]
   [Other: 2.9 ms]
      [Choose CSet: 0.0 ms]
      [Ref Proc: 0.2 ms]
      [Ref Enq: 0.0 ms]
      [Redirty Cards: 0.1 ms]
      [Humongous Register: 1.1 ms]
      [Humongous Reclaim: 0.0 ms]
      [Free CSet: 0.2 ms]
   [Eden: 46.0M(46.0M)->0.0B(44.0M) Survivors: 5120.0K->7168.0K Heap: 294.9M(1024.0M)->251.2M(1024.0M)]
 [Times: user=0.05 sys=0.02, real=0.02 secs] 
2021-04-24T01:14:51.192+0800: 53280.871: [GC pause (G1 Evacuation Pause) (young), 0.0193064 secs]
   [Parallel Time: 17.4 ms, GC Workers: 8]
      [GC Worker Start (ms): Min: 53280871.7, Avg: 53280871.9, Max: 53280872.3, Diff: 0.6]
      [Ext Root Scanning (ms): Min: 0.7, Avg: 4.9, Max: 12.1, Diff: 11.4, Sum: 39.5]
      [Update RS (ms): Min: 0.0, Avg: 2.5, Max: 7.1, Diff: 7.1, Sum: 20.1]
         [Processed Buffers: Min: 0, Avg: 5.4, Max: 18, Diff: 18, Sum: 43]
      [Scan RS (ms): Min: 0.0, Avg: 2.0, Max: 3.8, Diff: 3.8, Sum: 16.4]
      [Code Root Scanning (ms): Min: 0.0, Avg: 0.0, Max: 0.0, Diff: 0.0, Sum: 0.0]
      [Object Copy (ms): Min: 4.9, Avg: 7.3, Max: 8.4, Diff: 3.6, Sum: 58.4]
      [Termination (ms): Min: 0.0, Avg: 0.2, Max: 0.2, Diff: 0.2, Sum: 1.3]
         [Termination Attempts: Min: 1, Avg: 5.0, Max: 9, Diff: 8, Sum: 40]
      [GC Worker Other (ms): Min: 0.0, Avg: 0.0, Max: 0.0, Diff: 0.0, Sum: 0.2]
      [GC Worker Total (ms): Min: 16.6, Avg: 17.0, Max: 17.2, Diff: 0.6, Sum: 135.8]
      [GC Worker End (ms): Min: 53280888.9, Avg: 53280888.9, Max: 53280888.9, Diff: 0.0]
   [Code Root Fixup: 0.0 ms]
   [Code Root Purge: 0.0 ms]
   [Clear CT: 0.2 ms]
   [Other: 1.8 ms]
      [Choose CSet: 0.0 ms]
      [Ref Proc: 0.5 ms]
      [Ref Enq: 0.0 ms]
      [Redirty Cards: 0.2 ms]
      [Humongous Register: 0.3 ms]
      [Humongous Reclaim: 0.0 ms]
      [Free CSet: 0.1 ms]
   [Eden: 44.0M(44.0M)->0.0B(45.0M) Survivors: 7168.0K->6144.0K Heap: 295.2M(1024.0M)->251.0M(1024.0M)]
 [Times: user=0.07 sys=0.02, real=0.02 secs] 
2021-04-24T01:15:14.050+0800: 53303.729: [GC pause (G1 Evacuation Pause) (young), 0.0186815 secs]
   [Parallel Time: 16.6 ms, GC Workers: 8]
      [GC Worker Start (ms): Min: 53303729.7, Avg: 53303730.6, Max: 53303735.8, Diff: 6.1]
      [Ext Root Scanning (ms): Min: 0.0, Avg: 2.7, Max: 13.9, Diff: 13.8, Sum: 21.6]
      [Update RS (ms): Min: 0.0, Avg: 2.9, Max: 10.3, Diff: 10.3, Sum: 23.0]
         [Processed Buffers: Min: 0, Avg: 5.2, Max: 15, Diff: 15, Sum: 42]
      [Scan RS (ms): Min: 0.0, Avg: 2.0, Max: 3.9, Diff: 3.9, Sum: 16.2]
      [Code Root Scanning (ms): Min: 0.0, Avg: 0.0, Max: 0.0, Diff: 0.0, Sum: 0.0]
      [Object Copy (ms): Min: 2.5, Avg: 7.9, Max: 15.4, Diff: 12.9, Sum: 63.2]
      [Termination (ms): Min: 0.0, Avg: 0.0, Max: 0.1, Diff: 0.1, Sum: 0.3]
         [Termination Attempts: Min: 1, Avg: 14.2, Max: 25, Diff: 24, Sum: 114]
      [GC Worker Other (ms): Min: 0.0, Avg: 0.0, Max: 0.0, Diff: 0.0, Sum: 0.1]
      [GC Worker Total (ms): Min: 10.3, Avg: 15.6, Max: 16.4, Diff: 6.1, Sum: 124.5]
      [GC Worker End (ms): Min: 53303746.1, Avg: 53303746.1, Max: 53303746.1, Diff: 0.0]
   [Code Root Fixup: 0.0 ms]
   [Code Root Purge: 0.0 ms]
   [Clear CT: 0.1 ms]
   [Other: 2.0 ms]
      [Choose CSet: 0.0 ms]
      [Ref Proc: 0.6 ms]
      [Ref Enq: 0.0 ms]
      [Redirty Cards: 0.1 ms]
      [Humongous Register: 0.2 ms]
      [Humongous Reclaim: 0.0 ms]
      [Free CSet: 0.1 ms]
   [Eden: 45.0M(45.0M)->0.0B(57.0M) Survivors: 6144.0K->7168.0K Heap: 296.0M(1024.0M)->252.2M(1024.0M)]
 [Times: user=0.07 sys=0.01, real=0.01 secs] 
2021-04-24T01:15:35.922+0800: 53325.602: [GC pause (G1 Evacuation Pause) (young), 0.0219983 secs]
   [Parallel Time: 20.2 ms, GC Workers: 8]
      [GC Worker Start (ms): Min: 53325602.6, Avg: 53325603.8, Max: 53325611.2, Diff: 8.6]
      [Ext Root Scanning (ms): Min: 0.0, Avg: 3.3, Max: 9.8, Diff: 9.7, Sum: 26.6]
      [Update RS (ms): Min: 0.0, Avg: 1.9, Max: 4.6, Diff: 4.6, Sum: 15.4]
         [Processed Buffers: Min: 0, Avg: 5.9, Max: 20, Diff: 20, Sum: 47]
      [Scan RS (ms): Min: 0.0, Avg: 2.4, Max: 4.8, Diff: 4.7, Sum: 18.9]
      [Code Root Scanning (ms): Min: 0.0, Avg: 0.0, Max: 0.0, Diff: 0.0, Sum: 0.0]
      [Object Copy (ms): Min: 9.7, Avg: 11.1, Max: 17.8, Diff: 8.0, Sum: 89.1]
      [Termination (ms): Min: 0.0, Avg: 0.1, Max: 0.1, Diff: 0.1, Sum: 0.5]
         [Termination Attempts: Min: 1, Avg: 13.2, Max: 23, Diff: 22, Sum: 106]
      [GC Worker Other (ms): Min: 0.0, Avg: 0.0, Max: 0.0, Diff: 0.0, Sum: 0.2]
      [GC Worker Total (ms): Min: 11.5, Avg: 18.8, Max: 20.1, Diff: 8.6, Sum: 150.7]
      [GC Worker End (ms): Min: 53325622.7, Avg: 53325622.7, Max: 53325622.7, Diff: 0.0]
   [Code Root Fixup: 0.0 ms]
   [Code Root Purge: 0.0 ms]
   [Clear CT: 0.2 ms]
   [Other: 1.6 ms]
      [Choose CSet: 0.0 ms]
      [Ref Proc: 0.3 ms]
      [Ref Enq: 0.0 ms]
      [Redirty Cards: 0.2 ms]
      [Humongous Register: 0.3 ms]
      [Humongous Reclaim: 0.0 ms]
      [Free CSet: 0.1 ms]
   [Eden: 44.0M(44.0M)->0.0B(54.0M) Survivors: 7168.0K->5120.0K Heap: 296.2M(1024.0M)->250.8M(1024.0M)]
 [Times: user=0.08 sys=0.02, real=0.02 secs] 
2021-04-24T01:15:58.936+0800: 53348.616: [GC pause (G1 Evacuation Pause) (young), 0.0171887 secs]
   [Parallel Time: 15.9 ms, GC Workers: 8]
      [GC Worker Start (ms): Min: 53348616.6, Avg: 53348617.1, Max: 53348620.0, Diff: 3.4]
      [Ext Root Scanning (ms): Min: 0.0, Avg: 1.8, Max: 4.8, Diff: 4.8, Sum: 14.6]
      [Update RS (ms): Min: 0.0, Avg: 3.9, Max: 12.9, Diff: 12.9, Sum: 30.9]
         [Processed Buffers: Min: 0, Avg: 6.2, Max: 24, Diff: 24, Sum: 50]
      [Scan RS (ms): Min: 0.0, Avg: 1.8, Max: 3.0, Diff: 3.0, Sum: 14.6]
      [Code Root Scanning (ms): Min: 0.0, Avg: 0.0, Max: 0.0, Diff: 0.0, Sum: 0.0]
      [Object Copy (ms): Min: 2.2, Avg: 7.7, Max: 9.8, Diff: 7.6, Sum: 61.5]
      [Termination (ms): Min: 0.0, Avg: 0.1, Max: 0.1, Diff: 0.1, Sum: 0.5]
         [Termination Attempts: Min: 1, Avg: 1.4, Max: 2, Diff: 1, Sum: 11]
      [GC Worker Other (ms): Min: 0.0, Avg: 0.0, Max: 0.0, Diff: 0.0, Sum: 0.1]
      [GC Worker Total (ms): Min: 12.4, Avg: 15.3, Max: 15.8, Diff: 3.4, Sum: 122.2]
      [GC Worker End (ms): Min: 53348632.4, Avg: 53348632.4, Max: 53348632.4, Diff: 0.0]
   [Code Root Fixup: 0.0 ms]
   [Code Root Purge: 0.0 ms]
   [Clear CT: 0.1 ms]
   [Other: 1.2 ms]
      [Choose CSet: 0.0 ms]
      [Ref Proc: 0.2 ms]
      [Ref Enq: 0.0 ms]
      [Redirty Cards: 0.1 ms]
      [Humongous Register: 0.1 ms]
      [Humongous Reclaim: 0.0 ms]
      [Free CSet: 0.0 ms]
   [Eden: 46.0M(46.0M)->0.0B(69.0M) Survivors: 5120.0K->7168.0K Heap: 296.8M(1024.0M)->253.5M(1024.0M)]
 [Times: user=0.06 sys=0.00, real=0.02 secs] 
2021-04-24T01:16:20.838+0800: 53370.518: [GC pause (G1 Evacuation Pause) (young), 0.0215868 secs]
   [Parallel Time: 20.6 ms, GC Workers: 8]
      [GC Worker Start (ms): Min: 53370518.7, Avg: 53370519.2, Max: 53370519.9, Diff: 1.2]
      [Ext Root Scanning (ms): Min: 0.2, Avg: 4.4, Max: 10.4, Diff: 10.2, Sum: 34.9]
      [Update RS (ms): Min: 0.0, Avg: 1.0, Max: 2.2, Diff: 2.2, Sum: 7.8]
         [Processed Buffers: Min: 0, Avg: 6.1, Max: 28, Diff: 28, Sum: 49]
      [Scan RS (ms): Min: 0.0, Avg: 2.0, Max: 3.9, Diff: 3.9, Sum: 16.2]
      [Code Root Scanning (ms): Min: 0.0, Avg: 0.0, Max: 0.0, Diff: 0.0, Sum: 0.0]
      [Object Copy (ms): Min: 9.7, Avg: 12.4, Max: 13.3, Diff: 3.6, Sum: 98.9]
      [Termination (ms): Min: 0.0, Avg: 0.2, Max: 0.3, Diff: 0.3, Sum: 1.9]
         [Termination Attempts: Min: 1, Avg: 1.1, Max: 2, Diff: 1, Sum: 9]
      [GC Worker Other (ms): Min: 0.0, Avg: 0.0, Max: 0.0, Diff: 0.0, Sum: 0.1]
      [GC Worker Total (ms): Min: 19.3, Avg: 20.0, Max: 20.5, Diff: 1.2, Sum: 159.9]
      [GC Worker End (ms): Min: 53370539.2, Avg: 53370539.2, Max: 53370539.2, Diff: 0.0]
   [Code Root Fixup: 0.1 ms]
   [Code Root Purge: 0.0 ms]
   [Clear CT: 0.1 ms]
   [Other: 0.8 ms]
      [Choose CSet: 0.0 ms]
      [Ref Proc: 0.2 ms]
      [Ref Enq: 0.0 ms]
      [Redirty Cards: 0.1 ms]
      [Humongous Register: 0.1 ms]
      [Humongous Reclaim: 0.0 ms]
      [Free CSet: 0.1 ms]
   [Eden: 44.0M(44.0M)->0.0B(61.0M) Survivors: 7168.0K->7168.0K Heap: 297.5M(1024.0M)->254.2M(1024.0M)]
 [Times: user=0.06 sys=0.02, real=0.03 secs] 
2021-04-24T01:16:51.381+0800: 53401.062: [GC pause (G1 Evacuation Pause) (young), 0.0222769 secs]
   [Parallel Time: 20.9 ms, GC Workers: 8]
      [GC Worker Start (ms): Min: 53401062.7, Avg: 53401063.1, Max: 53401063.9, Diff: 1.1]
      [Ext Root Scanning (ms): Min: 0.0, Avg: 3.2, Max: 11.6, Diff: 11.6, Sum: 25.8]
      [Update RS (ms): Min: 0.0, Avg: 1.6, Max: 3.0, Diff: 3.0, Sum: 12.5]
         [Processed Buffers: Min: 0, Avg: 6.2, Max: 22, Diff: 22, Sum: 50]
      [Scan RS (ms): Min: 0.0, Avg: 2.4, Max: 3.8, Diff: 3.8, Sum: 19.2]
      [Code Root Scanning (ms): Min: 0.0, Avg: 0.0, Max: 0.0, Diff: 0.0, Sum: 0.0]
      [Object Copy (ms): Min: 9.1, Avg: 13.2, Max: 14.4, Diff: 5.3, Sum: 105.8]
      [Termination (ms): Min: 0.0, Avg: 0.1, Max: 0.1, Diff: 0.1, Sum: 0.4]
         [Termination Attempts: Min: 1, Avg: 2.4, Max: 5, Diff: 4, Sum: 19]
      [GC Worker Other (ms): Min: 0.0, Avg: 0.0, Max: 0.0, Diff: 0.0, Sum: 0.2]
      [GC Worker Total (ms): Min: 19.7, Avg: 20.5, Max: 20.8, Diff: 1.1, Sum: 163.9]
      [GC Worker End (ms): Min: 53401083.5, Avg: 53401083.5, Max: 53401083.6, Diff: 0.0]
   [Code Root Fixup: 0.0 ms]
   [Code Root Purge: 0.0 ms]
   [Clear CT: 0.2 ms]
   [Other: 1.1 ms]
      [Choose CSet: 0.0 ms]
      [Ref Proc: 0.3 ms]
      [Ref Enq: 0.0 ms]
      [Redirty Cards: 0.1 ms]
      [Humongous Register: 0.1 ms]
      [Humongous Reclaim: 0.0 ms]
      [Free CSet: 0.2 ms]
   [Eden: 61.0M(61.0M)->0.0B(56.0M) Survivors: 7168.0K->7168.0K Heap: 315.2M(1024.0M)->254.7M(1024.0M)]
 [Times: user=0.06 sys=0.02, real=0.02 secs] 
2021-04-24T01:17:19.229+0800: 53428.910: [GC pause (G1 Evacuation Pause) (young), 0.0242592 secs]
   [Parallel Time: 23.1 ms, GC Workers: 8]
      [GC Worker Start (ms): Min: 53428910.4, Avg: 53428910.6, Max: 53428911.5, Diff: 1.1]
      [Ext Root Scanning (ms): Min: 0.0, Avg: 1.4, Max: 2.5, Diff: 2.5, Sum: 11.0]
      [Update RS (ms): Min: 0.1, Avg: 5.0, Max: 10.1, Diff: 10.0, Sum: 39.7]
         [Processed Buffers: Min: 2, Avg: 6.4, Max: 16, Diff: 14, Sum: 51]
      [Scan RS (ms): Min: 0.0, Avg: 3.8, Max: 8.1, Diff: 8.1, Sum: 30.4]
      [Code Root Scanning (ms): Min: 0.0, Avg: 0.0, Max: 0.0, Diff: 0.0, Sum: 0.0]
      [Object Copy (ms): Min: 11.7, Avg: 12.5, Max: 13.2, Diff: 1.5, Sum: 99.9]
      [Termination (ms): Min: 0.0, Avg: 0.1, Max: 0.1, Diff: 0.1, Sum: 0.4]
         [Termination Attempts: Min: 1, Avg: 1.9, Max: 4, Diff: 3, Sum: 15]
      [GC Worker Other (ms): Min: 0.0, Avg: 0.0, Max: 0.0, Diff: 0.0, Sum: 0.1]
      [GC Worker Total (ms): Min: 21.8, Avg: 22.7, Max: 22.9, Diff: 1.1, Sum: 181.5]
      [GC Worker End (ms): Min: 53428933.3, Avg: 53428933.3, Max: 53428933.4, Diff: 0.1]
   [Code Root Fixup: 0.0 ms]
   [Code Root Purge: 0.0 ms]
   [Clear CT: 0.1 ms]
   [Other: 1.1 ms]
      [Choose CSet: 0.0 ms]
      [Ref Proc: 0.3 ms]
      [Ref Enq: 0.0 ms]
      [Redirty Cards: 0.1 ms]
      [Humongous Register: 0.2 ms]
      [Humongous Reclaim: 0.0 ms]
      [Free CSet: 0.1 ms]
   [Eden: 56.0M(56.0M)->0.0B(43.0M) Survivors: 7168.0K->8192.0K Heap: 310.7M(1024.0M)->256.4M(1024.0M)]
 [Times: user=0.05 sys=0.01, real=0.03 secs] 
2021-04-24T01:17:40.676+0800: 53450.358: [GC pause (G1 Evacuation Pause) (young), 0.0196200 secs]
   [Parallel Time: 18.7 ms, GC Workers: 8]
      [GC Worker Start (ms): Min: 53450358.2, Avg: 53450358.4, Max: 53450358.9, Diff: 0.7]
      [Ext Root Scanning (ms): Min: 0.0, Avg: 2.3, Max: 9.4, Diff: 9.4, Sum: 18.2]
      [Update RS (ms): Min: 0.0, Avg: 2.1, Max: 4.4, Diff: 4.4, Sum: 16.5]
         [Processed Buffers: Min: 0, Avg: 5.8, Max: 34, Diff: 34, Sum: 46]
      [Scan RS (ms): Min: 0.0, Avg: 1.4, Max: 2.7, Diff: 2.7, Sum: 11.5]
      [Code Root Scanning (ms): Min: 0.0, Avg: 0.0, Max: 0.0, Diff: 0.0, Sum: 0.0]
      [Object Copy (ms): Min: 8.7, Avg: 12.3, Max: 13.2, Diff: 4.5, Sum: 98.5]
      [Termination (ms): Min: 0.0, Avg: 0.3, Max: 0.4, Diff: 0.4, Sum: 2.0]
         [Termination Attempts: Min: 1, Avg: 2.5, Max: 5, Diff: 4, Sum: 20]
      [GC Worker Other (ms): Min: 0.0, Avg: 0.0, Max: 0.0, Diff: 0.0, Sum: 0.1]
      [GC Worker Total (ms): Min: 17.8, Avg: 18.3, Max: 18.5, Diff: 0.7, Sum: 146.8]
      [GC Worker End (ms): Min: 53450376.7, Avg: 53450376.7, Max: 53450376.8, Diff: 0.1]
   [Code Root Fixup: 0.0 ms]
   [Code Root Purge: 0.0 ms]
   [Clear CT: 0.1 ms]
   [Other: 0.9 ms]
      [Choose CSet: 0.0 ms]
      [Ref Proc: 0.2 ms]
      [Ref Enq: 0.0 ms]
      [Redirty Cards: 0.1 ms]
      [Humongous Register: 0.1 ms]
      [Humongous Reclaim: 0.0 ms]
      [Free CSet: 0.1 ms]
   [Eden: 43.0M(43.0M)->0.0B(55.0M) Survivors: 8192.0K->5120.0K Heap: 299.4M(1024.0M)->255.0M(1024.0M)]
 [Times: user=0.06 sys=0.01, real=0.02 secs] 
2021-04-24T01:18:03.582+0800: 53473.264: [GC pause (G1 Evacuation Pause) (young), 0.0201114 secs]
   [Parallel Time: 17.7 ms, GC Workers: 8]
      [GC Worker Start (ms): Min: 53473264.4, Avg: 53473264.7, Max: 53473264.9, Diff: 0.5]
      [Ext Root Scanning (ms): Min: 0.7, Avg: 2.6, Max: 8.1, Diff: 7.4, Sum: 20.9]
      [Update RS (ms): Min: 0.0, Avg: 3.1, Max: 5.9, Diff: 5.9, Sum: 25.1]
         [Processed Buffers: Min: 0, Avg: 5.6, Max: 20, Diff: 20, Sum: 45]
      [Scan RS (ms): Min: 0.1, Avg: 5.4, Max: 11.6, Diff: 11.5, Sum: 43.5]
      [Code Root Scanning (ms): Min: 0.0, Avg: 0.0, Max: 0.0, Diff: 0.0, Sum: 0.0]
      [Object Copy (ms): Min: 0.5, Avg: 6.0, Max: 9.2, Diff: 8.6, Sum: 47.7]
      [Termination (ms): Min: 0.0, Avg: 0.1, Max: 0.1, Diff: 0.1, Sum: 0.6]
         [Termination Attempts: Min: 1, Avg: 1.0, Max: 1, Diff: 0, Sum: 8]
      [GC Worker Other (ms): Min: 0.0, Avg: 0.0, Max: 0.0, Diff: 0.0, Sum: 0.2]
      [GC Worker Total (ms): Min: 17.0, Avg: 17.3, Max: 17.6, Diff: 0.5, Sum: 138.1]
      [GC Worker End (ms): Min: 53473281.9, Avg: 53473281.9, Max: 53473282.0, Diff: 0.1]
   [Code Root Fixup: 0.0 ms]
   [Code Root Purge: 0.0 ms]
   [Clear CT: 0.1 ms]
   [Other: 2.3 ms]
      [Choose CSet: 0.0 ms]
      [Ref Proc: 0.8 ms]
      [Ref Enq: 0.0 ms]
      [Redirty Cards: 0.1 ms]
      [Humongous Register: 0.4 ms]
      [Humongous Reclaim: 0.0 ms]
      [Free CSet: 0.2 ms]
   [Eden: 46.0M(46.0M)->0.0B(44.0M) Survivors: 5120.0K->7168.0K Heap: 301.0M(1024.0M)->257.8M(1024.0M)]
 [Times: user=0.06 sys=0.01, real=0.02 secs] 
2021-04-24T01:18:25.794+0800: 53495.476: [GC pause (G1 Evacuation Pause) (young), 0.0216456 secs]
   [Parallel Time: 19.3 ms, GC Workers: 8]
      [GC Worker Start (ms): Min: 53495478.1, Avg: 53495478.2, Max: 53495478.4, Diff: 0.3]
      [Ext Root Scanning (ms): Min: 1.4, Avg: 3.3, Max: 13.3, Diff: 11.9, Sum: 26.4]
      [Update RS (ms): Min: 0.0, Avg: 2.5, Max: 3.4, Diff: 3.4, Sum: 20.1]
         [Processed Buffers: Min: 0, Avg: 5.9, Max: 19, Diff: 19, Sum: 47]
      [Scan RS (ms): Min: 0.0, Avg: 3.6, Max: 4.5, Diff: 4.5, Sum: 28.7]
      [Code Root Scanning (ms): Min: 0.0, Avg: 0.0, Max: 0.0, Diff: 0.0, Sum: 0.0]
      [Object Copy (ms): Min: 5.6, Avg: 9.5, Max: 10.4, Diff: 4.8, Sum: 75.6]
      [Termination (ms): Min: 0.0, Avg: 0.2, Max: 0.3, Diff: 0.3, Sum: 2.0]
         [Termination Attempts: Min: 1, Avg: 13.5, Max: 24, Diff: 23, Sum: 108]
      [GC Worker Other (ms): Min: 0.0, Avg: 0.0, Max: 0.2, Diff: 0.2, Sum: 0.3]
      [GC Worker Total (ms): Min: 19.0, Avg: 19.1, Max: 19.3, Diff: 0.3, Sum: 153.1]
      [GC Worker End (ms): Min: 53495497.3, Avg: 53495497.3, Max: 53495497.4, Diff: 0.0]
   [Code Root Fixup: 0.0 ms]
   [Code Root Purge: 0.0 ms]
   [Clear CT: 0.1 ms]
   [Other: 2.2 ms]
      [Choose CSet: 0.0 ms]
      [Ref Proc: 0.2 ms]
      [Ref Enq: 0.0 ms]
      [Redirty Cards: 0.1 ms]
      [Humongous Register: 0.1 ms]
      [Humongous Reclaim: 0.0 ms]
      [Free CSet: 0.1 ms]
   [Eden: 44.0M(44.0M)->0.0B(46.0M) Survivors: 7168.0K->5120.0K Heap: 301.8M(1024.0M)->256.7M(1024.0M)]
 [Times: user=0.06 sys=0.03, real=0.02 secs] 
2021-04-24T01:18:48.946+0800: 53518.628: [GC pause (G1 Evacuation Pause) (young), 0.0152053 secs]
   [Parallel Time: 14.0 ms, GC Workers: 8]
      [GC Worker Start (ms): Min: 53518628.2, Avg: 53518628.4, Max: 53518628.5, Diff: 0.3]
      [Ext Root Scanning (ms): Min: 0.6, Avg: 2.7, Max: 8.4, Diff: 7.9, Sum: 21.3]
      [Update RS (ms): Min: 0.0, Avg: 1.3, Max: 3.4, Diff: 3.4, Sum: 10.2]
         [Processed Buffers: Min: 0, Avg: 5.8, Max: 16, Diff: 16, Sum: 46]
      [Scan RS (ms): Min: 0.0, Avg: 3.0, Max: 5.1, Diff: 5.1, Sum: 23.8]
      [Code Root Scanning (ms): Min: 0.0, Avg: 0.0, Max: 0.0, Diff: 0.0, Sum: 0.0]
      [Object Copy (ms): Min: 5.0, Avg: 6.5, Max: 8.9, Diff: 3.9, Sum: 51.8]
      [Termination (ms): Min: 0.0, Avg: 0.0, Max: 0.1, Diff: 0.1, Sum: 0.2]
         [Termination Attempts: Min: 1, Avg: 14.1, Max: 26, Diff: 25, Sum: 113]
      [GC Worker Other (ms): Min: 0.0, Avg: 0.1, Max: 0.4, Diff: 0.4, Sum: 0.5]
      [GC Worker Total (ms): Min: 13.3, Avg: 13.5, Max: 13.9, Diff: 0.6, Sum: 107.8]
      [GC Worker End (ms): Min: 53518641.8, Avg: 53518641.8, Max: 53518642.2, Diff: 0.4]
   [Code Root Fixup: 0.0 ms]
   [Code Root Purge: 0.0 ms]
   [Clear CT: 0.1 ms]
   [Other: 1.1 ms]
      [Choose CSet: 0.0 ms]
      [Ref Proc: 0.6 ms]
      [Ref Enq: 0.0 ms]
      [Redirty Cards: 0.1 ms]
      [Humongous Register: 0.1 ms]
      [Humongous Reclaim: 0.0 ms]
      [Free CSet: 0.1 ms]
   [Eden: 46.0M(46.0M)->0.0B(84.0M) Survivors: 5120.0K->6144.0K Heap: 302.7M(1024.0M)->257.5M(1024.0M)]
 [Times: user=0.05 sys=0.01, real=0.03 secs] 
2021-04-24T01:19:31.382+0800: 53561.065: [GC pause (G1 Evacuation Pause) (young), 0.0217222 secs]
   [Parallel Time: 17.0 ms, GC Workers: 8]
      [GC Worker Start (ms): Min: 53561068.5, Avg: 53561069.0, Max: 53561069.5, Diff: 1.0]
      [Ext Root Scanning (ms): Min: 2.2, Avg: 3.2, Max: 6.8, Diff: 4.6, Sum: 25.4]
      [Update RS (ms): Min: 0.0, Avg: 2.1, Max: 3.2, Diff: 3.2, Sum: 17.1]
         [Processed Buffers: Min: 0, Avg: 5.4, Max: 13, Diff: 13, Sum: 43]
      [Scan RS (ms): Min: 1.8, Avg: 2.0, Max: 2.2, Diff: 0.5, Sum: 16.0]
      [Code Root Scanning (ms): Min: 0.0, Avg: 0.0, Max: 0.0, Diff: 0.0, Sum: 0.0]
      [Object Copy (ms): Min: 7.4, Avg: 8.3, Max: 9.1, Diff: 1.7, Sum: 66.7]
      [Termination (ms): Min: 0.0, Avg: 0.3, Max: 0.4, Diff: 0.4, Sum: 2.7]
         [Termination Attempts: Min: 1, Avg: 28.8, Max: 46, Diff: 45, Sum: 230]
      [GC Worker Other (ms): Min: 0.0, Avg: 0.3, Max: 0.6, Diff: 0.6, Sum: 2.5]
      [GC Worker Total (ms): Min: 15.8, Avg: 16.3, Max: 16.8, Diff: 1.0, Sum: 130.5]
      [GC Worker End (ms): Min: 53561085.3, Avg: 53561085.3, Max: 53561085.3, Diff: 0.0]
   [Code Root Fixup: 0.0 ms]
   [Code Root Purge: 0.0 ms]
   [Clear CT: 0.1 ms]
   [Other: 4.6 ms]
      [Choose CSet: 0.0 ms]
      [Ref Proc: 0.3 ms]
      [Ref Enq: 0.0 ms]
      [Redirty Cards: 0.1 ms]
      [Humongous Register: 1.3 ms]
      [Humongous Reclaim: 0.0 ms]
      [Free CSet: 0.3 ms]
   [Eden: 84.0M(84.0M)->0.0B(57.0M) Survivors: 6144.0K->8192.0K Heap: 341.5M(1024.0M)->260.1M(1024.0M)]
 [Times: user=0.06 sys=0.03, real=0.02 secs] 
2021-04-24T01:19:59.917+0800: 53589.601: [GC pause (G1 Evacuation Pause) (young), 0.0204016 secs]
   [Parallel Time: 18.9 ms, GC Workers: 8]
      [GC Worker Start (ms): Min: 53589601.0, Avg: 53589602.2, Max: 53589604.7, Diff: 3.7]
      [Ext Root Scanning (ms): Min: 0.0, Avg: 1.5, Max: 3.9, Diff: 3.9, Sum: 12.2]
      [Update RS (ms): Min: 1.3, Avg: 3.5, Max: 5.9, Diff: 4.7, Sum: 28.2]
         [Processed Buffers: Min: 0, Avg: 5.8, Max: 16, Diff: 16, Sum: 46]
      [Scan RS (ms): Min: 0.1, Avg: 5.2, Max: 11.7, Diff: 11.6, Sum: 42.0]
      [Code Root Scanning (ms): Min: 0.0, Avg: 0.0, Max: 0.0, Diff: 0.0, Sum: 0.0]
      [Object Copy (ms): Min: 2.0, Avg: 7.3, Max: 10.4, Diff: 8.4, Sum: 58.2]
      [Termination (ms): Min: 0.0, Avg: 0.0, Max: 0.0, Diff: 0.0, Sum: 0.2]
         [Termination Attempts: Min: 1, Avg: 37.2, Max: 72, Diff: 71, Sum: 298]
      [GC Worker Other (ms): Min: 0.0, Avg: 0.0, Max: 0.0, Diff: 0.0, Sum: 0.2]
      [GC Worker Total (ms): Min: 15.1, Avg: 17.6, Max: 18.8, Diff: 3.7, Sum: 141.0]
      [GC Worker End (ms): Min: 53589619.8, Avg: 53589619.8, Max: 53589619.8, Diff: 0.0]
   [Code Root Fixup: 0.0 ms]
   [Code Root Purge: 0.0 ms]
   [Clear CT: 0.2 ms]
   [Other: 1.3 ms]
      [Choose CSet: 0.0 ms]
      [Ref Proc: 0.3 ms]
      [Ref Enq: 0.0 ms]
      [Redirty Cards: 0.2 ms]
      [Humongous Register: 0.1 ms]
      [Humongous Reclaim: 0.0 ms]
      [Free CSet: 0.1 ms]
   [Eden: 57.0M(57.0M)->0.0B(43.0M) Survivors: 8192.0K->8192.0K Heap: 317.1M(1024.0M)->259.5M(1024.0M)]
 [Times: user=0.07 sys=0.01, real=0.02 secs] 
2021-04-24T01:20:21.802+0800: 53611.486: [GC pause (G1 Evacuation Pause) (young), 0.0470770 secs]
   [Parallel Time: 45.8 ms, GC Workers: 8]
      [GC Worker Start (ms): Min: 53611486.3, Avg: 53611486.4, Max: 53611486.7, Diff: 0.4]
      [Ext Root Scanning (ms): Min: 0.5, Avg: 1.2, Max: 2.2, Diff: 1.7, Sum: 9.7]
      [Update RS (ms): Min: 0.0, Avg: 2.5, Max: 5.7, Diff: 5.7, Sum: 20.1]
         [Processed Buffers: Min: 0, Avg: 5.6, Max: 35, Diff: 35, Sum: 45]
      [Scan RS (ms): Min: 0.1, Avg: 2.2, Max: 3.3, Diff: 3.2, Sum: 17.5]
      [Code Root Scanning (ms): Min: 0.0, Avg: 0.0, Max: 0.0, Diff: 0.0, Sum: 0.0]
      [Object Copy (ms): Min: 38.8, Avg: 39.6, Max: 43.0, Diff: 4.2, Sum: 316.9]
      [Termination (ms): Min: 0.0, Avg: 0.0, Max: 0.0, Diff: 0.0, Sum: 0.0]
         [Termination Attempts: Min: 1, Avg: 4.2, Max: 9, Diff: 8, Sum: 34]
      [GC Worker Other (ms): Min: 0.0, Avg: 0.0, Max: 0.0, Diff: 0.0, Sum: 0.2]
      [GC Worker Total (ms): Min: 45.3, Avg: 45.6, Max: 45.7, Diff: 0.4, Sum: 364.4]
      [GC Worker End (ms): Min: 53611532.0, Avg: 53611532.0, Max: 53611532.0, Diff: 0.0]
   [Code Root Fixup: 0.0 ms]
   [Code Root Purge: 0.0 ms]
   [Clear CT: 0.1 ms]
   [Other: 1.2 ms]
      [Choose CSet: 0.0 ms]
      [Ref Proc: 0.2 ms]
      [Ref Enq: 0.0 ms]
      [Redirty Cards: 0.1 ms]
      [Humongous Register: 0.3 ms]
      [Humongous Reclaim: 0.0 ms]
      [Free CSet: 0.1 ms]
   [Eden: 43.0M(43.0M)->0.0B(44.0M) Survivors: 8192.0K->7168.0K Heap: 302.5M(1024.0M)->261.0M(1024.0M)]
 [Times: user=0.06 sys=0.02, real=0.04 secs] 
2021-04-24T01:20:43.854+0800: 53633.538: [GC pause (G1 Evacuation Pause) (young), 0.0222561 secs]
   [Parallel Time: 20.4 ms, GC Workers: 8]
      [GC Worker Start (ms): Min: 53633538.9, Avg: 53633540.2, Max: 53633546.4, Diff: 7.6]
      [Ext Root Scanning (ms): Min: 0.0, Avg: 1.0, Max: 2.6, Diff: 2.6, Sum: 7.6]
      [Update RS (ms): Min: 0.0, Avg: 3.0, Max: 8.1, Diff: 8.1, Sum: 24.1]
         [Processed Buffers: Min: 0, Avg: 5.8, Max: 37, Diff: 37, Sum: 46]
      [Scan RS (ms): Min: 0.0, Avg: 3.1, Max: 5.7, Diff: 5.7, Sum: 24.8]
      [Code Root Scanning (ms): Min: 0.0, Avg: 0.0, Max: 0.0, Diff: 0.0, Sum: 0.0]
      [Object Copy (ms): Min: 10.5, Avg: 11.8, Max: 19.0, Diff: 8.5, Sum: 94.3]
      [Termination (ms): Min: 0.0, Avg: 0.1, Max: 0.1, Diff: 0.1, Sum: 0.4]
         [Termination Attempts: Min: 1, Avg: 2.4, Max: 4, Diff: 3, Sum: 19]
      [GC Worker Other (ms): Min: 0.0, Avg: 0.0, Max: 0.0, Diff: 0.0, Sum: 0.2]
      [GC Worker Total (ms): Min: 12.7, Avg: 18.9, Max: 20.2, Diff: 7.6, Sum: 151.4]
      [GC Worker End (ms): Min: 53633559.1, Avg: 53633559.1, Max: 53633559.1, Diff: 0.0]
   [Code Root Fixup: 0.0 ms]
   [Code Root Purge: 0.0 ms]
   [Clear CT: 0.1 ms]
   [Other: 1.7 ms]
      [Choose CSet: 0.0 ms]
      [Ref Proc: 0.3 ms]
      [Ref Enq: 0.0 ms]
      [Redirty Cards: 0.1 ms]
      [Humongous Register: 0.3 ms]
      [Humongous Reclaim: 0.0 ms]
      [Free CSet: 0.2 ms]
   [Eden: 44.0M(44.0M)->0.0B(46.0M) Survivors: 7168.0K->5120.0K Heap: 305.0M(1024.0M)->261.9M(1024.0M)]
 [Times: user=0.08 sys=0.02, real=0.02 secs] 
2021-04-24T01:21:07.177+0800: 53656.862: [GC pause (G1 Evacuation Pause) (young), 0.0172621 secs]
   [Parallel Time: 16.4 ms, GC Workers: 8]
      [GC Worker Start (ms): Min: 53656862.1, Avg: 53656862.6, Max: 53656864.8, Diff: 2.7]
      [Ext Root Scanning (ms): Min: 0.0, Avg: 2.4, Max: 7.5, Diff: 7.5, Sum: 19.0]
      [Update RS (ms): Min: 0.0, Avg: 1.7, Max: 3.1, Diff: 3.1, Sum: 13.4]
         [Processed Buffers: Min: 0, Avg: 5.5, Max: 21, Diff: 21, Sum: 44]
      [Scan RS (ms): Min: 1.1, Avg: 6.3, Max: 10.5, Diff: 9.4, Sum: 50.6]
      [Code Root Scanning (ms): Min: 0.0, Avg: 0.0, Max: 0.0, Diff: 0.0, Sum: 0.0]
      [Object Copy (ms): Min: 1.6, Avg: 5.4, Max: 11.6, Diff: 10.0, Sum: 43.0]
      [Termination (ms): Min: 0.0, Avg: 0.0, Max: 0.1, Diff: 0.1, Sum: 0.3]
         [Termination Attempts: Min: 1, Avg: 1.8, Max: 4, Diff: 3, Sum: 14]
      [GC Worker Other (ms): Min: 0.0, Avg: 0.0, Max: 0.0, Diff: 0.0, Sum: 0.2]
      [GC Worker Total (ms): Min: 13.6, Avg: 15.8, Max: 16.3, Diff: 2.7, Sum: 126.4]
      [GC Worker End (ms): Min: 53656878.4, Avg: 53656878.4, Max: 53656878.4, Diff: 0.0]
   [Code Root Fixup: 0.0 ms]
   [Code Root Purge: 0.0 ms]
   [Clear CT: 0.1 ms]
   [Other: 0.8 ms]
      [Choose CSet: 0.0 ms]
      [Ref Proc: 0.2 ms]
      [Ref Enq: 0.0 ms]
      [Redirty Cards: 0.0 ms]
      [Humongous Register: 0.1 ms]
      [Humongous Reclaim: 0.0 ms]
      [Free CSet: 0.1 ms]
   [Eden: 46.0M(46.0M)->0.0B(46.0M) Survivors: 5120.0K->5120.0K Heap: 307.9M(1024.0M)->262.3M(1024.0M)]
 [Times: user=0.06 sys=0.00, real=0.02 secs] 
2021-04-24T01:21:30.140+0800: 53679.824: [GC pause (G1 Evacuation Pause) (young), 0.0154116 secs]
   [Parallel Time: 14.3 ms, GC Workers: 8]
      [GC Worker Start (ms): Min: 53679824.5, Avg: 53679824.6, Max: 53679824.7, Diff: 0.2]
      [Ext Root Scanning (ms): Min: 0.5, Avg: 1.3, Max: 3.4, Diff: 2.8, Sum: 10.3]
      [Update RS (ms): Min: 0.0, Avg: 1.8, Max: 3.1, Diff: 3.1, Sum: 14.7]
         [Processed Buffers: Min: 0, Avg: 5.6, Max: 23, Diff: 23, Sum: 45]
      [Scan RS (ms): Min: 2.6, Avg: 3.9, Max: 8.1, Diff: 5.4, Sum: 31.0]
      [Code Root Scanning (ms): Min: 0.0, Avg: 0.0, Max: 0.0, Diff: 0.0, Sum: 0.0]
      [Object Copy (ms): Min: 2.9, Avg: 6.8, Max: 8.1, Diff: 5.2, Sum: 54.3]
      [Termination (ms): Min: 0.0, Avg: 0.3, Max: 0.3, Diff: 0.3, Sum: 2.0]
         [Termination Attempts: Min: 1, Avg: 2.4, Max: 4, Diff: 3, Sum: 19]
      [GC Worker Other (ms): Min: 0.0, Avg: 0.0, Max: 0.0, Diff: 0.0, Sum: 0.1]
      [GC Worker Total (ms): Min: 13.8, Avg: 14.0, Max: 14.1, Diff: 0.3, Sum: 112.3]
      [GC Worker End (ms): Min: 53679838.5, Avg: 53679838.6, Max: 53679838.7, Diff: 0.2]
   [Code Root Fixup: 0.0 ms]
   [Code Root Purge: 0.0 ms]
   [Clear CT: 0.1 ms]
   [Other: 1.0 ms]
      [Choose CSet: 0.0 ms]
      [Ref Proc: 0.3 ms]
      [Ref Enq: 0.0 ms]
      [Redirty Cards: 0.1 ms]
      [Humongous Register: 0.1 ms]
      [Humongous Reclaim: 0.0 ms]
      [Free CSet: 0.1 ms]
   [Eden: 46.0M(46.0M)->0.0B(44.0M) Survivors: 5120.0K->7168.0K Heap: 308.3M(1024.0M)->264.2M(1024.0M)]
 [Times: user=0.05 sys=0.00, real=0.01 secs] 
2021-04-24T01:21:52.357+0800: 53702.042: [GC pause (G1 Evacuation Pause) (young), 0.0224120 secs]
   [Parallel Time: 20.4 ms, GC Workers: 8]
      [GC Worker Start (ms): Min: 53702042.8, Avg: 53702043.1, Max: 53702043.8, Diff: 1.0]
      [Ext Root Scanning (ms): Min: 0.0, Avg: 4.0, Max: 19.9, Diff: 19.9, Sum: 32.2]
      [Update RS (ms): Min: 0.0, Avg: 2.2, Max: 4.6, Diff: 4.6, Sum: 17.5]
         [Processed Buffers: Min: 0, Avg: 5.6, Max: 17, Diff: 17, Sum: 45]
      [Scan RS (ms): Min: 0.0, Avg: 4.6, Max: 11.1, Diff: 11.1, Sum: 36.6]
      [Code Root Scanning (ms): Min: 0.0, Avg: 0.0, Max: 0.0, Diff: 0.0, Sum: 0.0]
      [Object Copy (ms): Min: 0.2, Avg: 8.8, Max: 12.9, Diff: 12.7, Sum: 70.7]
      [Termination (ms): Min: 0.0, Avg: 0.3, Max: 0.4, Diff: 0.4, Sum: 2.2]
         [Termination Attempts: Min: 1, Avg: 11.9, Max: 24, Diff: 23, Sum: 95]
      [GC Worker Other (ms): Min: 0.0, Avg: 0.0, Max: 0.1, Diff: 0.0, Sum: 0.3]
      [GC Worker Total (ms): Min: 19.2, Avg: 19.9, Max: 20.3, Diff: 1.1, Sum: 159.5]
      [GC Worker End (ms): Min: 53702063.0, Avg: 53702063.0, Max: 53702063.0, Diff: 0.1]
   [Code Root Fixup: 0.0 ms]
   [Code Root Purge: 0.0 ms]
   [Clear CT: 0.1 ms]
   [Other: 1.9 ms]
      [Choose CSet: 0.0 ms]
      [Ref Proc: 0.7 ms]
      [Ref Enq: 0.0 ms]
      [Redirty Cards: 0.1 ms]
      [Humongous Register: 0.3 ms]
      [Humongous Reclaim: 0.0 ms]
      [Free CSet: 0.1 ms]
   [Eden: 44.0M(44.0M)->0.0B(44.0M) Survivors: 7168.0K->7168.0K Heap: 308.2M(1024.0M)->264.5M(1024.0M)]
 [Times: user=0.07 sys=0.01, real=0.03 secs] 
2021-04-24T01:22:14.517+0800: 53724.203: [GC pause (G1 Evacuation Pause) (young), 0.0236519 secs]
   [Parallel Time: 22.6 ms, GC Workers: 8]
      [GC Worker Start (ms): Min: 53724202.8, Avg: 53724203.9, Max: 53724210.0, Diff: 7.1]
      [Ext Root Scanning (ms): Min: 0.0, Avg: 2.0, Max: 7.2, Diff: 7.2, Sum: 15.6]
      [Update RS (ms): Min: 0.0, Avg: 1.0, Max: 2.1, Diff: 2.1, Sum: 7.7]
         [Processed Buffers: Min: 0, Avg: 6.0, Max: 23, Diff: 23, Sum: 48]
      [Scan RS (ms): Min: 0.0, Avg: 2.5, Max: 4.3, Diff: 4.3, Sum: 20.0]
      [Code Root Scanning (ms): Min: 0.0, Avg: 0.0, Max: 0.0, Diff: 0.0, Sum: 0.0]
      [Object Copy (ms): Min: 15.2, Avg: 16.0, Max: 20.0, Diff: 4.8, Sum: 128.0]
      [Termination (ms): Min: 0.0, Avg: 0.0, Max: 0.1, Diff: 0.1, Sum: 0.3]
         [Termination Attempts: Min: 1, Avg: 3.5, Max: 7, Diff: 6, Sum: 28]
      [GC Worker Other (ms): Min: 0.0, Avg: 0.0, Max: 0.1, Diff: 0.0, Sum: 0.2]
      [GC Worker Total (ms): Min: 15.4, Avg: 21.5, Max: 22.6, Diff: 7.2, Sum: 171.8]
      [GC Worker End (ms): Min: 53724225.4, Avg: 53724225.4, Max: 53724225.4, Diff: 0.0]
   [Code Root Fixup: 0.0 ms]
   [Code Root Purge: 0.0 ms]
   [Clear CT: 0.2 ms]
   [Other: 0.8 ms]
      [Choose CSet: 0.0 ms]
      [Ref Proc: 0.2 ms]
      [Ref Enq: 0.0 ms]
      [Redirty Cards: 0.2 ms]
      [Humongous Register: 0.1 ms]
      [Humongous Reclaim: 0.0 ms]
      [Free CSet: 0.1 ms]
   [Eden: 44.0M(44.0M)->0.0B(46.0M) Survivors: 7168.0K->5120.0K Heap: 308.5M(1024.0M)->263.2M(1024.0M)]
 [Times: user=0.06 sys=0.01, real=0.03 secs] 
2021-04-24T01:22:37.574+0800: 53747.259: [GC pause (G1 Evacuation Pause) (young), 0.0150723 secs]
   [Parallel Time: 13.9 ms, GC Workers: 8]
      [GC Worker Start (ms): Min: 53747259.8, Avg: 53747262.0, Max: 53747268.4, Diff: 8.6]
      [Ext Root Scanning (ms): Min: 0.0, Avg: 3.5, Max: 10.1, Diff: 10.1, Sum: 28.0]
      [Update RS (ms): Min: 0.0, Avg: 1.8, Max: 4.5, Diff: 4.5, Sum: 14.1]
         [Processed Buffers: Min: 0, Avg: 5.9, Max: 17, Diff: 17, Sum: 47]
      [Scan RS (ms): Min: 0.2, Avg: 2.9, Max: 4.3, Diff: 4.1, Sum: 22.9]
      [Code Root Scanning (ms): Min: 0.0, Avg: 0.0, Max: 0.0, Diff: 0.0, Sum: 0.0]
      [Object Copy (ms): Min: 3.3, Avg: 3.5, Max: 3.8, Diff: 0.5, Sum: 27.8]
      [Termination (ms): Min: 0.0, Avg: 0.0, Max: 0.0, Diff: 0.0, Sum: 0.1]
         [Termination Attempts: Min: 1, Avg: 36.9, Max: 57, Diff: 56, Sum: 295]
      [GC Worker Other (ms): Min: 0.0, Avg: 0.0, Max: 0.0, Diff: 0.0, Sum: 0.1]
      [GC Worker Total (ms): Min: 5.2, Avg: 11.6, Max: 13.8, Diff: 8.6, Sum: 93.2]
      [GC Worker End (ms): Min: 53747273.6, Avg: 53747273.6, Max: 53747273.6, Diff: 0.0]
   [Code Root Fixup: 0.0 ms]
   [Code Root Purge: 0.0 ms]
   [Clear CT: 0.1 ms]
   [Other: 1.1 ms]
      [Choose CSet: 0.0 ms]
      [Ref Proc: 0.3 ms]
      [Ref Enq: 0.0 ms]
      [Redirty Cards: 0.1 ms]
      [Humongous Register: 0.1 ms]
      [Humongous Reclaim: 0.0 ms]
      [Free CSet: 0.1 ms]
   [Eden: 46.0M(46.0M)->0.0B(44.0M) Survivors: 5120.0K->7168.0K Heap: 309.2M(1024.0M)->265.8M(1024.0M)]
 [Times: user=0.05 sys=0.00, real=0.01 secs] 
2021-04-24T01:22:59.873+0800: 53769.559: [GC pause (G1 Evacuation Pause) (young), 0.0202882 secs]
   [Parallel Time: 18.4 ms, GC Workers: 8]
      [GC Worker Start (ms): Min: 53769559.2, Avg: 53769559.4, Max: 53769559.7, Diff: 0.5]
      [Ext Root Scanning (ms): Min: 0.8, Avg: 5.2, Max: 11.8, Diff: 11.0, Sum: 41.4]
      [Update RS (ms): Min: 0.0, Avg: 1.6, Max: 3.7, Diff: 3.7, Sum: 12.8]
         [Processed Buffers: Min: 0, Avg: 6.0, Max: 41, Diff: 41, Sum: 48]
      [Scan RS (ms): Min: 0.0, Avg: 2.7, Max: 5.0, Diff: 5.0, Sum: 21.3]
      [Code Root Scanning (ms): Min: 0.0, Avg: 0.0, Max: 0.0, Diff: 0.0, Sum: 0.0]
      [Object Copy (ms): Min: 6.4, Avg: 8.3, Max: 9.2, Diff: 2.8, Sum: 66.8]
      [Termination (ms): Min: 0.0, Avg: 0.3, Max: 0.6, Diff: 0.6, Sum: 2.4]
         [Termination Attempts: Min: 2, Avg: 10.0, Max: 17, Diff: 15, Sum: 80]
      [GC Worker Other (ms): Min: 0.0, Avg: 0.0, Max: 0.0, Diff: 0.0, Sum: 0.1]
      [GC Worker Total (ms): Min: 17.8, Avg: 18.1, Max: 18.3, Diff: 0.5, Sum: 145.0]
      [GC Worker End (ms): Min: 53769577.5, Avg: 53769577.5, Max: 53769577.5, Diff: 0.0]
   [Code Root Fixup: 0.0 ms]
   [Code Root Purge: 0.0 ms]
   [Clear CT: 0.1 ms]
   [Other: 1.8 ms]
      [Choose CSet: 0.0 ms]
      [Ref Proc: 0.3 ms]
      [Ref Enq: 0.0 ms]
      [Redirty Cards: 0.2 ms]
      [Humongous Register: 0.2 ms]
      [Humongous Reclaim: 0.0 ms]
      [Free CSet: 0.1 ms]
   [Eden: 44.0M(44.0M)->0.0B(44.0M) Survivors: 7168.0K->7168.0K Heap: 309.8M(1024.0M)->266.6M(1024.0M)]
 [Times: user=0.09 sys=0.01, real=0.02 secs] 
2021-04-24T01:23:22.315+0800: 53792.001: [GC pause (G1 Evacuation Pause) (young), 0.0220436 secs]
   [Parallel Time: 20.6 ms, GC Workers: 8]
      [GC Worker Start (ms): Min: 53792001.8, Avg: 53792004.3, Max: 53792011.4, Diff: 9.6]
      [Ext Root Scanning (ms): Min: 0.0, Avg: 5.0, Max: 14.3, Diff: 14.3, Sum: 40.1]
      [Update RS (ms): Min: 0.0, Avg: 1.3, Max: 2.8, Diff: 2.8, Sum: 10.5]
         [Processed Buffers: Min: 0, Avg: 6.2, Max: 20, Diff: 20, Sum: 50]
      [Scan RS (ms): Min: 0.0, Avg: 2.2, Max: 4.3, Diff: 4.3, Sum: 17.6]
      [Code Root Scanning (ms): Min: 0.0, Avg: 0.0, Max: 0.0, Diff: 0.0, Sum: 0.0]
      [Object Copy (ms): Min: 6.0, Avg: 9.3, Max: 10.3, Diff: 4.3, Sum: 74.2]
      [Termination (ms): Min: 0.0, Avg: 0.0, Max: 0.0, Diff: 0.0, Sum: 0.1]
         [Termination Attempts: Min: 1, Avg: 15.6, Max: 27, Diff: 26, Sum: 125]
      [GC Worker Other (ms): Min: 0.0, Avg: 0.0, Max: 0.1, Diff: 0.0, Sum: 0.3]
      [GC Worker Total (ms): Min: 10.8, Avg: 17.9, Max: 20.4, Diff: 9.6, Sum: 142.8]
      [GC Worker End (ms): Min: 53792022.2, Avg: 53792022.2, Max: 53792022.2, Diff: 0.0]
   [Code Root Fixup: 0.1 ms]
   [Code Root Purge: 0.0 ms]
   [Clear CT: 0.1 ms]
   [Other: 1.3 ms]
      [Choose CSet: 0.0 ms]
      [Ref Proc: 0.2 ms]
      [Ref Enq: 0.0 ms]
      [Redirty Cards: 0.1 ms]
      [Humongous Register: 0.2 ms]
      [Humongous Reclaim: 0.0 ms]
      [Free CSet: 0.1 ms]
   [Eden: 44.0M(44.0M)->0.0B(46.0M) Survivors: 7168.0K->5120.0K Heap: 310.6M(1024.0M)->266.1M(1024.0M)]
 [Times: user=0.07 sys=0.02, real=0.02 secs] 
2021-04-24T01:23:45.605+0800: 53815.291: [GC pause (G1 Evacuation Pause) (young), 0.0186704 secs]
   [Parallel Time: 17.5 ms, GC Workers: 8]
      [GC Worker Start (ms): Min: 53815291.5, Avg: 53815292.3, Max: 53815296.3, Diff: 4.7]
      [Ext Root Scanning (ms): Min: 0.0, Avg: 1.2, Max: 3.9, Diff: 3.9, Sum: 9.3]
      [Update RS (ms): Min: 0.0, Avg: 2.1, Max: 7.2, Diff: 7.1, Sum: 16.4]
         [Processed Buffers: Min: 0, Avg: 5.8, Max: 26, Diff: 26, Sum: 46]
      [Scan RS (ms): Min: 0.1, Avg: 7.5, Max: 13.2, Diff: 13.1, Sum: 59.7]
      [Code Root Scanning (ms): Min: 0.0, Avg: 0.0, Max: 0.0, Diff: 0.0, Sum: 0.0]
      [Object Copy (ms): Min: 0.5, Avg: 5.9, Max: 14.5, Diff: 14.0, Sum: 47.5]
      [Termination (ms): Min: 0.0, Avg: 0.0, Max: 0.1, Diff: 0.1, Sum: 0.3]
         [Termination Attempts: Min: 1, Avg: 6.9, Max: 14, Diff: 13, Sum: 55]
      [GC Worker Other (ms): Min: 0.0, Avg: 0.0, Max: 0.0, Diff: 0.0, Sum: 0.2]
      [GC Worker Total (ms): Min: 12.7, Avg: 16.7, Max: 17.4, Diff: 4.7, Sum: 133.4]
      [GC Worker End (ms): Min: 53815308.9, Avg: 53815308.9, Max: 53815309.0, Diff: 0.1]
   [Code Root Fixup: 0.0 ms]
   [Code Root Purge: 0.0 ms]
   [Clear CT: 0.1 ms]
   [Other: 1.1 ms]
      [Choose CSet: 0.0 ms]
      [Ref Proc: 0.2 ms]
      [Ref Enq: 0.0 ms]
      [Redirty Cards: 0.1 ms]
      [Humongous Register: 0.2 ms]
      [Humongous Reclaim: 0.0 ms]
      [Free CSet: 0.1 ms]
   [Eden: 46.0M(46.0M)->0.0B(44.0M) Survivors: 5120.0K->7168.0K Heap: 312.1M(1024.0M)->268.9M(1024.0M)]
 [Times: user=0.06 sys=0.01, real=0.02 secs] 
2021-04-24T01:24:07.873+0800: 53837.559: [GC pause (G1 Evacuation Pause) (young), 0.0199024 secs]
   [Parallel Time: 17.8 ms, GC Workers: 8]
      [GC Worker Start (ms): Min: 53837560.0, Avg: 53837560.1, Max: 53837560.5, Diff: 0.5]
      [Ext Root Scanning (ms): Min: 0.5, Avg: 3.6, Max: 9.5, Diff: 9.0, Sum: 28.6]
      [Update RS (ms): Min: 0.0, Avg: 2.0, Max: 5.1, Diff: 5.1, Sum: 15.7]
         [Processed Buffers: Min: 0, Avg: 6.2, Max: 22, Diff: 22, Sum: 50]
      [Scan RS (ms): Min: 0.0, Avg: 2.7, Max: 4.4, Diff: 4.4, Sum: 21.4]
      [Code Root Scanning (ms): Min: 0.0, Avg: 0.0, Max: 0.0, Diff: 0.0, Sum: 0.0]
      [Object Copy (ms): Min: 8.1, Avg: 9.3, Max: 14.6, Diff: 6.5, Sum: 74.1]
      [Termination (ms): Min: 0.0, Avg: 0.0, Max: 0.0, Diff: 0.0, Sum: 0.2]
         [Termination Attempts: Min: 1, Avg: 5.9, Max: 13, Diff: 12, Sum: 47]
      [GC Worker Other (ms): Min: 0.0, Avg: 0.0, Max: 0.1, Diff: 0.0, Sum: 0.2]
      [GC Worker Total (ms): Min: 17.2, Avg: 17.5, Max: 17.7, Diff: 0.5, Sum: 140.2]
      [GC Worker End (ms): Min: 53837577.7, Avg: 53837577.7, Max: 53837577.7, Diff: 0.0]
   [Code Root Fixup: 0.0 ms]
   [Code Root Purge: 0.0 ms]
   [Clear CT: 0.2 ms]
   [Other: 1.9 ms]
      [Choose CSet: 0.0 ms]
      [Ref Proc: 0.3 ms]
      [Ref Enq: 0.0 ms]
      [Redirty Cards: 0.1 ms]
      [Humongous Register: 0.3 ms]
      [Humongous Reclaim: 0.0 ms]
      [Free CSet: 0.1 ms]
   [Eden: 44.0M(44.0M)->0.0B(46.0M) Survivors: 7168.0K->5120.0K Heap: 312.9M(1024.0M)->267.6M(1024.0M)]
 [Times: user=0.07 sys=0.02, real=0.02 secs] 
2021-04-24T01:24:31.064+0800: 53860.751: [GC pause (G1 Evacuation Pause) (young), 0.0186885 secs]
   [Parallel Time: 16.8 ms, GC Workers: 8]
      [GC Worker Start (ms): Min: 53860751.5, Avg: 53860752.4, Max: 53860757.7, Diff: 6.2]
      [Ext Root Scanning (ms): Min: 0.0, Avg: 3.6, Max: 15.8, Diff: 15.8, Sum: 28.9]
      [Update RS (ms): Min: 0.0, Avg: 1.4, Max: 2.9, Diff: 2.9, Sum: 11.1]
         [Processed Buffers: Min: 0, Avg: 6.0, Max: 24, Diff: 24, Sum: 48]
      [Scan RS (ms): Min: 0.0, Avg: 4.6, Max: 11.9, Diff: 11.9, Sum: 36.5]
      [Code Root Scanning (ms): Min: 0.0, Avg: 0.0, Max: 0.0, Diff: 0.0, Sum: 0.0]
      [Object Copy (ms): Min: 0.2, Avg: 5.3, Max: 8.5, Diff: 8.2, Sum: 42.6]
      [Termination (ms): Min: 0.0, Avg: 0.9, Max: 1.2, Diff: 1.2, Sum: 7.0]
         [Termination Attempts: Min: 1, Avg: 1.0, Max: 1, Diff: 0, Sum: 8]
      [GC Worker Other (ms): Min: 0.0, Avg: 0.0, Max: 0.0, Diff: 0.0, Sum: 0.1]
      [GC Worker Total (ms): Min: 10.5, Avg: 15.8, Max: 16.8, Diff: 6.3, Sum: 126.2]
      [GC Worker End (ms): Min: 53860767.9, Avg: 53860768.2, Max: 53860768.2, Diff: 0.4]
   [Code Root Fixup: 0.0 ms]
   [Code Root Purge: 0.0 ms]
   [Clear CT: 0.1 ms]
   [Other: 1.7 ms]
      [Choose CSet: 0.0 ms]
      [Ref Proc: 1.0 ms]
      [Ref Enq: 0.0 ms]
      [Redirty Cards: 0.1 ms]
      [Humongous Register: 0.1 ms]
      [Humongous Reclaim: 0.0 ms]
      [Free CSet: 0.1 ms]
   [Eden: 46.0M(46.0M)->0.0B(44.0M) Survivors: 5120.0K->7168.0K Heap: 313.6M(1024.0M)->270.6M(1024.0M)]
 [Times: user=0.05 sys=0.01, real=0.02 secs] 
2021-04-24T01:24:53.173+0800: 53882.860: [GC pause (G1 Evacuation Pause) (young), 0.0174781 secs]
   [Parallel Time: 15.6 ms, GC Workers: 8]
      [GC Worker Start (ms): Min: 53882860.6, Avg: 53882861.5, Max: 53882865.4, Diff: 4.8]
      [Ext Root Scanning (ms): Min: 0.0, Avg: 0.7, Max: 2.1, Diff: 2.1, Sum: 5.4]
      [Update RS (ms): Min: 0.0, Avg: 2.0, Max: 6.6, Diff: 6.6, Sum: 16.0]
         [Processed Buffers: Min: 0, Avg: 6.4, Max: 26, Diff: 26, Sum: 51]
      [Scan RS (ms): Min: 0.0, Avg: 3.0, Max: 5.1, Diff: 5.1, Sum: 23.7]
      [Code Root Scanning (ms): Min: 0.0, Avg: 0.0, Max: 0.0, Diff: 0.0, Sum: 0.0]
      [Object Copy (ms): Min: 6.6, Avg: 8.9, Max: 13.7, Diff: 7.1, Sum: 71.6]
      [Termination (ms): Min: 0.0, Avg: 0.0, Max: 0.1, Diff: 0.1, Sum: 0.4]
         [Termination Attempts: Min: 1, Avg: 1.5, Max: 3, Diff: 2, Sum: 12]
      [GC Worker Other (ms): Min: 0.0, Avg: 0.0, Max: 0.0, Diff: 0.0, Sum: 0.1]
      [GC Worker Total (ms): Min: 10.8, Avg: 14.7, Max: 15.5, Diff: 4.8, Sum: 117.2]
      [GC Worker End (ms): Min: 53882876.1, Avg: 53882876.1, Max: 53882876.2, Diff: 0.0]
   [Code Root Fixup: 0.0 ms]
   [Code Root Purge: 0.0 ms]
   [Clear CT: 0.2 ms]
   [Other: 1.7 ms]
      [Choose CSet: 0.0 ms]
      [Ref Proc: 0.3 ms]
      [Ref Enq: 0.0 ms]
      [Redirty Cards: 0.1 ms]
      [Humongous Register: 0.1 ms]
      [Humongous Reclaim: 0.0 ms]
      [Free CSet: 0.1 ms]
   [Eden: 44.0M(44.0M)->0.0B(77.0M) Survivors: 7168.0K->5120.0K Heap: 314.6M(1024.0M)->269.6M(1024.0M)]
 [Times: user=0.06 sys=0.01, real=0.02 secs] 
2021-04-24T01:25:23.964+0800: 53913.652: [GC pause (G1 Evacuation Pause) (young), 0.0169450 secs]
   [Parallel Time: 15.7 ms, GC Workers: 8]
      [GC Worker Start (ms): Min: 53913652.0, Avg: 53913654.8, Max: 53913661.1, Diff: 9.1]
      [Ext Root Scanning (ms): Min: 0.0, Avg: 2.0, Max: 8.4, Diff: 8.4, Sum: 15.9]
      [Update RS (ms): Min: 0.0, Avg: 1.6, Max: 3.9, Diff: 3.9, Sum: 12.4]
         [Processed Buffers: Min: 0, Avg: 6.4, Max: 27, Diff: 27, Sum: 51]
      [Scan RS (ms): Min: 1.2, Avg: 3.1, Max: 5.1, Diff: 3.9, Sum: 24.6]
      [Code Root Scanning (ms): Min: 0.0, Avg: 0.0, Max: 0.0, Diff: 0.0, Sum: 0.0]
      [Object Copy (ms): Min: 5.1, Avg: 6.1, Max: 12.7, Diff: 7.5, Sum: 49.1]
      [Termination (ms): Min: 0.0, Avg: 0.0, Max: 0.0, Diff: 0.0, Sum: 0.0]
         [Termination Attempts: Min: 1, Avg: 5.0, Max: 10, Diff: 9, Sum: 40]
      [GC Worker Other (ms): Min: 0.0, Avg: 0.0, Max: 0.1, Diff: 0.1, Sum: 0.3]
      [GC Worker Total (ms): Min: 6.5, Avg: 12.8, Max: 15.6, Diff: 9.1, Sum: 102.4]
      [GC Worker End (ms): Min: 53913667.6, Avg: 53913667.6, Max: 53913667.7, Diff: 0.0]
   [Code Root Fixup: 0.0 ms]
   [Code Root Purge: 0.0 ms]
   [Clear CT: 0.1 ms]
   [Other: 1.1 ms]
      [Choose CSet: 0.0 ms]
      [Ref Proc: 0.3 ms]
      [Ref Enq: 0.0 ms]
      [Redirty Cards: 0.1 ms]
      [Humongous Register: 0.2 ms]
      [Humongous Reclaim: 0.0 ms]
      [Free CSet: 0.1 ms]
   [Eden: 61.0M(46.0M)->0.0B(92.0M) Survivors: 5120.0K->7168.0K Heap: 330.6M(1024.0M)->270.9M(1024.0M)]
 [Times: user=0.08 sys=0.00, real=0.02 secs] 
2021-04-24T01:26:10.214+0800: 53959.902: [GC pause (G1 Evacuation Pause) (young), 0.0267845 secs]
   [Parallel Time: 22.9 ms, GC Workers: 8]
      [GC Worker Start (ms): Min: 53959904.0, Avg: 53959904.6, Max: 53959905.3, Diff: 1.3]
      [Ext Root Scanning (ms): Min: 2.3, Avg: 3.2, Max: 7.3, Diff: 5.0, Sum: 26.0]
      [Update RS (ms): Min: 0.0, Avg: 3.4, Max: 7.8, Diff: 7.8, Sum: 26.9]
         [Processed Buffers: Min: 0, Avg: 5.2, Max: 18, Diff: 18, Sum: 42]
      [Scan RS (ms): Min: 0.8, Avg: 3.1, Max: 6.0, Diff: 5.2, Sum: 24.7]
      [Code Root Scanning (ms): Min: 0.0, Avg: 0.0, Max: 0.0, Diff: 0.0, Sum: 0.0]
      [Object Copy (ms): Min: 9.4, Avg: 12.3, Max: 18.2, Diff: 8.8, Sum: 98.3]
      [Termination (ms): Min: 0.0, Avg: 0.0, Max: 0.0, Diff: 0.0, Sum: 0.2]
         [Termination Attempts: Min: 1, Avg: 37.5, Max: 46, Diff: 45, Sum: 300]
      [GC Worker Other (ms): Min: 0.0, Avg: 0.0, Max: 0.1, Diff: 0.0, Sum: 0.4]
      [GC Worker Total (ms): Min: 21.4, Avg: 22.1, Max: 22.6, Diff: 1.3, Sum: 176.4]
      [GC Worker End (ms): Min: 53959926.6, Avg: 53959926.6, Max: 53959926.7, Diff: 0.0]
   [Code Root Fixup: 0.0 ms]
   [Code Root Purge: 0.0 ms]
   [Clear CT: 0.2 ms]
   [Other: 3.7 ms]
      [Choose CSet: 0.0 ms]
      [Ref Proc: 0.8 ms]
      [Ref Enq: 0.0 ms]
      [Redirty Cards: 0.1 ms]
      [Humongous Register: 1.2 ms]
      [Humongous Reclaim: 0.0 ms]
      [Free CSet: 0.4 ms]
   [Eden: 92.0M(92.0M)->0.0B(43.0M) Survivors: 7168.0K->8192.0K Heap: 362.9M(1024.0M)->272.2M(1024.0M)]
 [Times: user=0.07 sys=0.03, real=0.03 secs] 
2021-04-24T01:26:31.904+0800: 53981.593: [GC pause (G1 Evacuation Pause) (young), 0.0232246 secs]
   [Parallel Time: 22.0 ms, GC Workers: 8]
      [GC Worker Start (ms): Min: 53981593.4, Avg: 53981593.6, Max: 53981593.8, Diff: 0.4]
      [Ext Root Scanning (ms): Min: 0.4, Avg: 2.8, Max: 7.3, Diff: 6.9, Sum: 22.8]
      [Update RS (ms): Min: 0.0, Avg: 1.3, Max: 3.0, Diff: 3.0, Sum: 10.3]
         [Processed Buffers: Min: 0, Avg: 5.6, Max: 30, Diff: 30, Sum: 45]
      [Scan RS (ms): Min: 0.3, Avg: 3.0, Max: 4.6, Diff: 4.2, Sum: 24.4]
      [Code Root Scanning (ms): Min: 0.0, Avg: 0.0, Max: 0.0, Diff: 0.0, Sum: 0.0]
      [Object Copy (ms): Min: 13.4, Avg: 14.5, Max: 18.4, Diff: 5.0, Sum: 115.9]
      [Termination (ms): Min: 0.0, Avg: 0.0, Max: 0.1, Diff: 0.1, Sum: 0.3]
         [Termination Attempts: Min: 1, Avg: 8.6, Max: 15, Diff: 14, Sum: 69]
      [GC Worker Other (ms): Min: 0.0, Avg: 0.0, Max: 0.0, Diff: 0.0, Sum: 0.2]
      [GC Worker Total (ms): Min: 21.5, Avg: 21.7, Max: 21.9, Diff: 0.4, Sum: 173.9]
      [GC Worker End (ms): Min: 53981615.3, Avg: 53981615.3, Max: 53981615.3, Diff: 0.0]
   [Code Root Fixup: 0.0 ms]
   [Code Root Purge: 0.0 ms]
   [Clear CT: 0.1 ms]
   [Other: 1.1 ms]
      [Choose CSet: 0.0 ms]
      [Ref Proc: 0.2 ms]
      [Ref Enq: 0.0 ms]
      [Redirty Cards: 0.1 ms]
      [Humongous Register: 0.2 ms]
      [Humongous Reclaim: 0.0 ms]
      [Free CSet: 0.1 ms]
   [Eden: 43.0M(43.0M)->0.0B(44.0M) Survivors: 8192.0K->7168.0K Heap: 315.2M(1024.0M)->271.9M(1024.0M)]
 [Times: user=0.07 sys=0.01, real=0.02 secs] 
2021-04-24T01:26:53.974+0800: 54003.663: [GC pause (G1 Evacuation Pause) (young), 0.0222630 secs]
   [Parallel Time: 20.0 ms, GC Workers: 8]
      [GC Worker Start (ms): Min: 54003663.7, Avg: 54003664.0, Max: 54003664.4, Diff: 0.7]
      [Ext Root Scanning (ms): Min: 0.5, Avg: 3.8, Max: 10.9, Diff: 10.3, Sum: 30.2]
      [Update RS (ms): Min: 0.0, Avg: 3.1, Max: 10.5, Diff: 10.5, Sum: 24.8]
         [Processed Buffers: Min: 0, Avg: 6.0, Max: 26, Diff: 26, Sum: 48]
      [Scan RS (ms): Min: 0.0, Avg: 2.7, Max: 5.1, Diff: 5.1, Sum: 22.0]
      [Code Root Scanning (ms): Min: 0.0, Avg: 0.0, Max: 0.0, Diff: 0.0, Sum: 0.0]
      [Object Copy (ms): Min: 7.5, Avg: 9.6, Max: 16.1, Diff: 8.6, Sum: 76.7]
      [Termination (ms): Min: 0.0, Avg: 0.4, Max: 0.5, Diff: 0.5, Sum: 2.9]
         [Termination Attempts: Min: 1, Avg: 1.2, Max: 2, Diff: 1, Sum: 10]
      [GC Worker Other (ms): Min: 0.0, Avg: 0.0, Max: 0.0, Diff: 0.0, Sum: 0.2]
      [GC Worker Total (ms): Min: 19.1, Avg: 19.6, Max: 19.9, Diff: 0.7, Sum: 156.8]
      [GC Worker End (ms): Min: 54003683.6, Avg: 54003683.6, Max: 54003683.6, Diff: 0.0]
   [Code Root Fixup: 0.0 ms]
   [Code Root Purge: 0.0 ms]
   [Clear CT: 0.1 ms]
   [Other: 2.2 ms]
      [Choose CSet: 0.0 ms]
      [Ref Proc: 0.3 ms]
      [Ref Enq: 0.0 ms]
      [Redirty Cards: 0.1 ms]
      [Humongous Register: 0.3 ms]
      [Humongous Reclaim: 0.0 ms]
      [Free CSet: 0.2 ms]
   [Eden: 44.0M(44.0M)->0.0B(44.0M) Survivors: 7168.0K->7168.0K Heap: 315.9M(1024.0M)->273.6M(1024.0M)]
 [Times: user=0.08 sys=0.02, real=0.02 secs] 
2021-04-24T01:27:16.006+0800: 54025.695: [GC pause (G1 Evacuation Pause) (young), 0.0264785 secs]
   [Parallel Time: 24.5 ms, GC Workers: 8]
      [GC Worker Start (ms): Min: 54025695.4, Avg: 54025696.0, Max: 54025697.7, Diff: 2.3]
      [Ext Root Scanning (ms): Min: 0.0, Avg: 0.7, Max: 2.1, Diff: 2.1, Sum: 5.6]
      [Update RS (ms): Min: 1.1, Avg: 3.5, Max: 6.3, Diff: 5.2, Sum: 28.0]
         [Processed Buffers: Min: 1, Avg: 6.5, Max: 20, Diff: 19, Sum: 52]
      [Scan RS (ms): Min: 0.0, Avg: 1.8, Max: 3.6, Diff: 3.6, Sum: 14.1]
      [Code Root Scanning (ms): Min: 0.0, Avg: 0.0, Max: 0.0, Diff: 0.0, Sum: 0.0]
      [Object Copy (ms): Min: 15.4, Avg: 16.7, Max: 17.7, Diff: 2.2, Sum: 133.4]
      [Termination (ms): Min: 0.0, Avg: 1.1, Max: 2.1, Diff: 2.1, Sum: 8.8]
         [Termination Attempts: Min: 1, Avg: 1.0, Max: 1, Diff: 0, Sum: 8]
      [GC Worker Other (ms): Min: 0.0, Avg: 0.0, Max: 0.0, Diff: 0.0, Sum: 0.2]
      [GC Worker Total (ms): Min: 22.1, Avg: 23.8, Max: 24.4, Diff: 2.3, Sum: 190.0]
      [GC Worker End (ms): Min: 54025719.8, Avg: 54025719.8, Max: 54025719.8, Diff: 0.0]
   [Code Root Fixup: 0.0 ms]
   [Code Root Purge: 0.0 ms]
   [Clear CT: 0.1 ms]
   [Other: 1.8 ms]
      [Choose CSet: 0.0 ms]
      [Ref Proc: 0.2 ms]
      [Ref Enq: 0.0 ms]
      [Redirty Cards: 0.1 ms]
      [Humongous Register: 0.1 ms]
      [Humongous Reclaim: 0.0 ms]
      [Free CSet: 0.1 ms]
   [Eden: 44.0M(44.0M)->0.0B(45.0M) Survivors: 7168.0K->6144.0K Heap: 317.6M(1024.0M)->274.2M(1024.0M)]
 [Times: user=0.06 sys=0.01, real=0.03 secs] 
2021-04-24T01:27:38.794+0800: 54048.484: [GC pause (G1 Evacuation Pause) (young), 0.0187612 secs]
   [Parallel Time: 17.2 ms, GC Workers: 8]
      [GC Worker Start (ms): Min: 54048484.6, Avg: 54048485.0, Max: 54048485.3, Diff: 0.6]
      [Ext Root Scanning (ms): Min: 1.1, Avg: 4.8, Max: 12.8, Diff: 11.8, Sum: 38.4]
      [Update RS (ms): Min: 0.0, Avg: 2.3, Max: 5.0, Diff: 5.0, Sum: 18.0]
         [Processed Buffers: Min: 0, Avg: 6.0, Max: 18, Diff: 18, Sum: 48]
      [Scan RS (ms): Min: 0.0, Avg: 4.0, Max: 8.4, Diff: 8.3, Sum: 32.1]
      [Code Root Scanning (ms): Min: 0.0, Avg: 0.0, Max: 0.0, Diff: 0.0, Sum: 0.0]
      [Object Copy (ms): Min: 2.0, Avg: 5.6, Max: 12.1, Diff: 10.1, Sum: 44.9]
      [Termination (ms): Min: 0.0, Avg: 0.0, Max: 0.0, Diff: 0.0, Sum: 0.1]
         [Termination Attempts: Min: 1, Avg: 11.4, Max: 26, Diff: 25, Sum: 91]
      [GC Worker Other (ms): Min: 0.0, Avg: 0.0, Max: 0.1, Diff: 0.0, Sum: 0.3]
      [GC Worker Total (ms): Min: 16.4, Avg: 16.7, Max: 17.0, Diff: 0.6, Sum: 133.8]
      [GC Worker End (ms): Min: 54048501.7, Avg: 54048501.7, Max: 54048501.7, Diff: 0.0]
   [Code Root Fixup: 0.0 ms]
   [Code Root Purge: 0.0 ms]
   [Clear CT: 0.1 ms]
   [Other: 1.4 ms]
      [Choose CSet: 0.0 ms]
      [Ref Proc: 0.3 ms]
      [Ref Enq: 0.0 ms]
      [Redirty Cards: 0.1 ms]
      [Humongous Register: 0.2 ms]
      [Humongous Reclaim: 0.0 ms]
      [Free CSet: 0.1 ms]
   [Eden: 45.0M(45.0M)->0.0B(44.0M) Survivors: 6144.0K->7168.0K Heap: 319.2M(1024.0M)->275.2M(1024.0M)]
 [Times: user=0.08 sys=0.01, real=0.02 secs] 
2021-04-24T01:28:01.080+0800: 54070.770: [GC pause (G1 Evacuation Pause) (young), 0.0221079 secs]
   [Parallel Time: 20.7 ms, GC Workers: 8]
      [GC Worker Start (ms): Min: 54070770.3, Avg: 54070770.7, Max: 54070771.5, Diff: 1.1]
      [Ext Root Scanning (ms): Min: 0.0, Avg: 2.8, Max: 9.3, Diff: 9.3, Sum: 22.3]
      [Update RS (ms): Min: 0.0, Avg: 1.4, Max: 3.4, Diff: 3.4, Sum: 11.2]
         [Processed Buffers: Min: 0, Avg: 5.6, Max: 38, Diff: 38, Sum: 45]
      [Scan RS (ms): Min: 0.0, Avg: 2.9, Max: 5.2, Diff: 5.2, Sum: 23.4]
      [Code Root Scanning (ms): Min: 0.0, Avg: 0.0, Max: 0.0, Diff: 0.0, Sum: 0.0]
      [Object Copy (ms): Min: 9.9, Avg: 11.9, Max: 18.1, Diff: 8.2, Sum: 95.3]
      [Termination (ms): Min: 0.0, Avg: 1.1, Max: 1.4, Diff: 1.4, Sum: 8.8]
         [Termination Attempts: Min: 1, Avg: 4.0, Max: 9, Diff: 8, Sum: 32]
      [GC Worker Other (ms): Min: 0.0, Avg: 0.0, Max: 0.0, Diff: 0.0, Sum: 0.1]
      [GC Worker Total (ms): Min: 19.4, Avg: 20.2, Max: 20.5, Diff: 1.1, Sum: 161.3]
      [GC Worker End (ms): Min: 54070790.9, Avg: 54070790.9, Max: 54070790.9, Diff: 0.0]
   [Code Root Fixup: 0.0 ms]
   [Code Root Purge: 0.0 ms]
   [Clear CT: 0.1 ms]
   [Other: 1.3 ms]
      [Choose CSet: 0.0 ms]
      [Ref Proc: 0.3 ms]
      [Ref Enq: 0.0 ms]
      [Redirty Cards: 0.1 ms]
      [Humongous Register: 0.3 ms]
      [Humongous Reclaim: 0.0 ms]
      [Free CSet: 0.1 ms]
   [Eden: 44.0M(44.0M)->0.0B(44.0M) Survivors: 7168.0K->7168.0K Heap: 319.2M(1024.0M)->276.5M(1024.0M)]
 [Times: user=0.08 sys=0.01, real=0.02 secs] 
2021-04-24T01:28:23.265+0800: 54092.955: [GC pause (G1 Evacuation Pause) (young), 0.0188923 secs]
   [Parallel Time: 17.1 ms, GC Workers: 8]
      [GC Worker Start (ms): Min: 54092955.5, Avg: 54092956.7, Max: 54092960.1, Diff: 4.6]
      [Ext Root Scanning (ms): Min: 0.0, Avg: 1.9, Max: 11.4, Diff: 11.4, Sum: 14.9]
      [Update RS (ms): Min: 0.0, Avg: 1.1, Max: 2.4, Diff: 2.4, Sum: 8.7]
         [Processed Buffers: Min: 0, Avg: 5.9, Max: 21, Diff: 21, Sum: 47]
      [Scan RS (ms): Min: 0.0, Avg: 3.1, Max: 4.8, Diff: 4.8, Sum: 24.8]
      [Code Root Scanning (ms): Min: 0.0, Avg: 0.0, Max: 0.0, Diff: 0.0, Sum: 0.0]
      [Object Copy (ms): Min: 5.1, Avg: 9.5, Max: 14.3, Diff: 9.2, Sum: 75.8]
      [Termination (ms): Min: 0.0, Avg: 0.3, Max: 0.4, Diff: 0.4, Sum: 2.6]
         [Termination Attempts: Min: 1, Avg: 1.0, Max: 1, Diff: 0, Sum: 8]
      [GC Worker Other (ms): Min: 0.0, Avg: 0.0, Max: 0.0, Diff: 0.0, Sum: 0.1]
      [GC Worker Total (ms): Min: 12.5, Avg: 15.9, Max: 17.0, Diff: 4.6, Sum: 126.9]
      [GC Worker End (ms): Min: 54092972.5, Avg: 54092972.6, Max: 54092972.6, Diff: 0.0]
   [Code Root Fixup: 0.0 ms]
   [Code Root Purge: 0.0 ms]
   [Clear CT: 0.1 ms]
   [Other: 1.6 ms]
      [Choose CSet: 0.0 ms]
      [Ref Proc: 0.2 ms]
      [Ref Enq: 0.0 ms]
      [Redirty Cards: 0.1 ms]
      [Humongous Register: 0.1 ms]
      [Humongous Reclaim: 0.0 ms]
      [Free CSet: 0.1 ms]
   [Eden: 44.0M(44.0M)->0.0B(85.0M) Survivors: 7168.0K->5120.0K Heap: 320.5M(1024.0M)->276.2M(1024.0M)]
 [Times: user=0.05 sys=0.01, real=0.02 secs] 
2021-04-24T01:29:00.575+0800: 54130.266: [GC pause (G1 Evacuation Pause) (young), 0.0174658 secs]
   [Parallel Time: 15.6 ms, GC Workers: 8]
      [GC Worker Start (ms): Min: 54130266.3, Avg: 54130267.3, Max: 54130273.5, Diff: 7.3]
      [Ext Root Scanning (ms): Min: 0.0, Avg: 2.8, Max: 8.0, Diff: 8.0, Sum: 22.3]
      [Update RS (ms): Min: 0.0, Avg: 2.9, Max: 8.0, Diff: 8.0, Sum: 23.6]
         [Processed Buffers: Min: 0, Avg: 6.2, Max: 25, Diff: 25, Sum: 50]
      [Scan RS (ms): Min: 0.3, Avg: 2.6, Max: 4.0, Diff: 3.7, Sum: 20.9]
      [Code Root Scanning (ms): Min: 0.0, Avg: 0.0, Max: 0.0, Diff: 0.0, Sum: 0.0]
      [Object Copy (ms): Min: 5.9, Avg: 6.0, Max: 6.1, Diff: 0.2, Sum: 47.7]
      [Termination (ms): Min: 0.0, Avg: 0.1, Max: 0.2, Diff: 0.2, Sum: 0.7]
         [Termination Attempts: Min: 1, Avg: 4.0, Max: 9, Diff: 8, Sum: 32]
      [GC Worker Other (ms): Min: 0.0, Avg: 0.0, Max: 0.0, Diff: 0.0, Sum: 0.2]
      [GC Worker Total (ms): Min: 8.1, Avg: 14.4, Max: 15.5, Diff: 7.4, Sum: 115.4]
      [GC Worker End (ms): Min: 54130281.7, Avg: 54130281.7, Max: 54130281.8, Diff: 0.2]
   [Code Root Fixup: 0.0 ms]
   [Code Root Purge: 0.0 ms]
   [Clear CT: 0.1 ms]
   [Other: 1.7 ms]
      [Choose CSet: 0.0 ms]
      [Ref Proc: 0.4 ms]
      [Ref Enq: 0.0 ms]
      [Redirty Cards: 0.1 ms]
      [Humongous Register: 0.3 ms]
      [Humongous Reclaim: 0.0 ms]
      [Free CSet: 0.2 ms]
   [Eden: 74.0M(46.0M)->0.0B(86.0M) Survivors: 5120.0K->6144.0K Heap: 350.2M(1024.0M)->277.7M(1024.0M)]
 [Times: user=0.09 sys=0.00, real=0.02 secs] 
2021-04-24T01:29:22.275+0800: 54151.966: [GC pause (G1 Evacuation Pause) (young), 0.0239726 secs]
   [Parallel Time: 22.4 ms, GC Workers: 8]
      [GC Worker Start (ms): Min: 54151966.7, Avg: 54151967.1, Max: 54151968.1, Diff: 1.4]
      [Ext Root Scanning (ms): Min: 0.0, Avg: 3.9, Max: 11.6, Diff: 11.6, Sum: 30.9]
      [Update RS (ms): Min: 0.0, Avg: 2.2, Max: 5.9, Diff: 5.9, Sum: 17.3]
         [Processed Buffers: Min: 0, Avg: 5.6, Max: 32, Diff: 32, Sum: 45]
      [Scan RS (ms): Min: 0.0, Avg: 3.3, Max: 5.5, Diff: 5.5, Sum: 26.6]
      [Code Root Scanning (ms): Min: 0.0, Avg: 0.0, Max: 0.0, Diff: 0.0, Sum: 0.0]
      [Object Copy (ms): Min: 10.4, Avg: 12.4, Max: 18.6, Diff: 8.1, Sum: 99.0]
      [Termination (ms): Min: 0.0, Avg: 0.2, Max: 0.2, Diff: 0.2, Sum: 1.4]
         [Termination Attempts: Min: 1, Avg: 5.8, Max: 9, Diff: 8, Sum: 46]
      [GC Worker Other (ms): Min: 0.0, Avg: 0.0, Max: 0.1, Diff: 0.0, Sum: 0.2]
      [GC Worker Total (ms): Min: 20.9, Avg: 21.9, Max: 22.3, Diff: 1.4, Sum: 175.4]
      [GC Worker End (ms): Min: 54151989.1, Avg: 54151989.1, Max: 54151989.1, Diff: 0.0]
   [Code Root Fixup: 0.0 ms]
   [Code Root Purge: 0.0 ms]
   [Clear CT: 0.1 ms]
   [Other: 1.4 ms]
      [Choose CSet: 0.0 ms]
      [Ref Proc: 0.3 ms]
      [Ref Enq: 0.0 ms]
      [Redirty Cards: 0.1 ms]
      [Humongous Register: 0.3 ms]
      [Humongous Reclaim: 0.0 ms]
      [Free CSet: 0.1 ms]
   [Eden: 46.0M(45.0M)->0.0B(44.0M) Survivors: 6144.0K->7168.0K Heap: 323.7M(1024.0M)->279.9M(1024.0M)]
 [Times: user=0.08 sys=0.02, real=0.02 secs] 
2021-04-24T01:29:44.335+0800: 54174.027: [GC pause (G1 Evacuation Pause) (young), 0.0255680 secs]
   [Parallel Time: 23.5 ms, GC Workers: 8]
      [GC Worker Start (ms): Min: 54174027.2, Avg: 54174027.7, Max: 54174030.4, Diff: 3.2]
      [Ext Root Scanning (ms): Min: 0.0, Avg: 1.5, Max: 3.3, Diff: 3.3, Sum: 11.9]
      [Update RS (ms): Min: 0.3, Avg: 4.4, Max: 13.9, Diff: 13.6, Sum: 35.5]
         [Processed Buffers: Min: 1, Avg: 5.4, Max: 11, Diff: 10, Sum: 43]
      [Scan RS (ms): Min: 0.0, Avg: 4.6, Max: 7.3, Diff: 7.3, Sum: 36.4]
      [Code Root Scanning (ms): Min: 0.0, Avg: 0.0, Max: 0.0, Diff: 0.0, Sum: 0.0]
      [Object Copy (ms): Min: 8.5, Avg: 12.2, Max: 14.5, Diff: 6.1, Sum: 97.9]
      [Termination (ms): Min: 0.0, Avg: 0.2, Max: 0.2, Diff: 0.2, Sum: 1.3]
         [Termination Attempts: Min: 1, Avg: 1.6, Max: 3, Diff: 2, Sum: 13]
      [GC Worker Other (ms): Min: 0.0, Avg: 0.0, Max: 0.0, Diff: 0.0, Sum: 0.2]
      [GC Worker Total (ms): Min: 20.3, Avg: 22.9, Max: 23.4, Diff: 3.1, Sum: 183.2]
      [GC Worker End (ms): Min: 54174050.6, Avg: 54174050.6, Max: 54174050.6, Diff: 0.0]
   [Code Root Fixup: 0.0 ms]
   [Code Root Purge: 0.0 ms]
   [Clear CT: 0.2 ms]
   [Other: 1.9 ms]
      [Choose CSet: 0.0 ms]
      [Ref Proc: 0.3 ms]
      [Ref Enq: 0.0 ms]
      [Redirty Cards: 0.1 ms]
      [Humongous Register: 0.3 ms]
      [Humongous Reclaim: 0.0 ms]
      [Free CSet: 0.1 ms]
   [Eden: 44.0M(44.0M)->0.0B(44.0M) Survivors: 7168.0K->7168.0K Heap: 323.9M(1024.0M)->282.4M(1024.0M)]
 [Times: user=0.08 sys=0.02, real=0.03 secs] 
2021-04-24T01:30:06.450+0800: 54196.141: [GC pause (G1 Evacuation Pause) (young), 0.0230721 secs]
   [Parallel Time: 21.0 ms, GC Workers: 8]
      [GC Worker Start (ms): Min: 54196141.9, Avg: 54196143.1, Max: 54196150.7, Diff: 8.8]
      [Ext Root Scanning (ms): Min: 0.0, Avg: 3.3, Max: 11.3, Diff: 11.3, Sum: 26.7]
      [Update RS (ms): Min: 0.0, Avg: 1.2, Max: 2.9, Diff: 2.9, Sum: 9.7]
         [Processed Buffers: Min: 0, Avg: 5.6, Max: 17, Diff: 17, Sum: 45]
      [Scan RS (ms): Min: 0.1, Avg: 4.4, Max: 8.4, Diff: 8.3, Sum: 35.3]
      [Code Root Scanning (ms): Min: 0.0, Avg: 0.0, Max: 0.0, Diff: 0.0, Sum: 0.0]
      [Object Copy (ms): Min: 8.1, Avg: 10.1, Max: 18.6, Diff: 10.5, Sum: 80.7]
      [Termination (ms): Min: 0.0, Avg: 0.5, Max: 0.7, Diff: 0.6, Sum: 4.3]
         [Termination Attempts: Min: 1, Avg: 3.9, Max: 8, Diff: 7, Sum: 31]
      [GC Worker Other (ms): Min: 0.0, Avg: 0.0, Max: 0.0, Diff: 0.0, Sum: 0.2]
      [GC Worker Total (ms): Min: 12.0, Avg: 19.6, Max: 20.9, Diff: 8.8, Sum: 157.0]
      [GC Worker End (ms): Min: 54196162.7, Avg: 54196162.7, Max: 54196162.7, Diff: 0.0]
   [Code Root Fixup: 0.0 ms]
   [Code Root Purge: 0.0 ms]
   [Clear CT: 0.2 ms]
   [Other: 1.9 ms]
      [Choose CSet: 0.0 ms]
      [Ref Proc: 0.3 ms]
      [Ref Enq: 0.0 ms]
      [Redirty Cards: 0.2 ms]
      [Humongous Register: 0.3 ms]
      [Humongous Reclaim: 0.0 ms]
      [Free CSet: 0.1 ms]
   [Eden: 44.0M(44.0M)->0.0B(48.0M) Survivors: 7168.0K->3072.0K Heap: 326.4M(1024.0M)->281.6M(1024.0M)]
 [Times: user=0.07 sys=0.02, real=0.02 secs] 
2021-04-24T01:30:30.679+0800: 54220.370: [GC pause (G1 Evacuation Pause) (young), 0.0081705 secs]
   [Parallel Time: 7.3 ms, GC Workers: 8]
      [GC Worker Start (ms): Min: 54220370.6, Avg: 54220370.8, Max: 54220371.4, Diff: 0.8]
      [Ext Root Scanning (ms): Min: 0.0, Avg: 2.9, Max: 7.2, Diff: 7.2, Sum: 23.1]
      [Update RS (ms): Min: 0.0, Avg: 0.9, Max: 2.0, Diff: 2.0, Sum: 7.5]
         [Processed Buffers: Min: 0, Avg: 5.2, Max: 22, Diff: 22, Sum: 42]
      [Scan RS (ms): Min: 0.0, Avg: 0.4, Max: 1.0, Diff: 1.0, Sum: 3.3]
      [Code Root Scanning (ms): Min: 0.0, Avg: 0.0, Max: 0.0, Diff: 0.0, Sum: 0.0]
      [Object Copy (ms): Min: 0.0, Avg: 2.5, Max: 6.3, Diff: 6.3, Sum: 19.9]
      [Termination (ms): Min: 0.0, Avg: 0.3, Max: 0.4, Diff: 0.4, Sum: 2.4]
         [Termination Attempts: Min: 1, Avg: 1.4, Max: 3, Diff: 2, Sum: 11]
      [GC Worker Other (ms): Min: 0.0, Avg: 0.0, Max: 0.0, Diff: 0.0, Sum: 0.1]
      [GC Worker Total (ms): Min: 6.5, Avg: 7.0, Max: 7.3, Diff: 0.8, Sum: 56.4]
      [GC Worker End (ms): Min: 54220377.9, Avg: 54220377.9, Max: 54220377.9, Diff: 0.0]
   [Code Root Fixup: 0.0 ms]
   [Code Root Purge: 0.0 ms]
   [Clear CT: 0.1 ms]
   [Other: 0.8 ms]
      [Choose CSet: 0.0 ms]
      [Ref Proc: 0.2 ms]
      [Ref Enq: 0.0 ms]
      [Redirty Cards: 0.1 ms]
      [Humongous Register: 0.1 ms]
      [Humongous Reclaim: 0.0 ms]
      [Free CSet: 0.1 ms]
   [Eden: 48.0M(48.0M)->0.0B(151.0M) Survivors: 3072.0K->4096.0K Heap: 329.6M(1024.0M)->281.9M(1024.0M)]
 [Times: user=0.02 sys=0.01, real=0.01 secs] 
2021-04-24T01:31:46.615+0800: 54296.308: [GC pause (G1 Evacuation Pause) (young), 0.0200487 secs]
   [Parallel Time: 18.6 ms, GC Workers: 8]
      [GC Worker Start (ms): Min: 54296308.6, Avg: 54296309.8, Max: 54296312.5, Diff: 3.9]
      [Ext Root Scanning (ms): Min: 0.0, Avg: 2.7, Max: 5.6, Diff: 5.6, Sum: 21.4]
      [Update RS (ms): Min: 0.0, Avg: 1.6, Max: 3.4, Diff: 3.4, Sum: 12.6]
         [Processed Buffers: Min: 0, Avg: 5.0, Max: 16, Diff: 16, Sum: 40]
      [Scan RS (ms): Min: 0.0, Avg: 0.4, Max: 1.8, Diff: 1.7, Sum: 3.3]
      [Code Root Scanning (ms): Min: 0.0, Avg: 0.0, Max: 0.0, Diff: 0.0, Sum: 0.0]
      [Object Copy (ms): Min: 11.7, Avg: 12.3, Max: 12.9, Diff: 1.2, Sum: 98.5]
      [Termination (ms): Min: 0.0, Avg: 0.3, Max: 0.4, Diff: 0.4, Sum: 2.0]
         [Termination Attempts: Min: 1, Avg: 2.4, Max: 5, Diff: 4, Sum: 19]
      [GC Worker Other (ms): Min: 0.0, Avg: 0.1, Max: 0.6, Diff: 0.6, Sum: 0.8]
      [GC Worker Total (ms): Min: 14.6, Avg: 17.3, Max: 18.5, Diff: 3.9, Sum: 138.7]
      [GC Worker End (ms): Min: 54296327.1, Avg: 54296327.1, Max: 54296327.2, Diff: 0.1]
   [Code Root Fixup: 0.0 ms]
   [Code Root Purge: 0.0 ms]
   [Clear CT: 0.1 ms]
   [Other: 1.3 ms]
      [Choose CSet: 0.0 ms]
      [Ref Proc: 0.3 ms]
      [Ref Enq: 0.0 ms]
      [Redirty Cards: 0.1 ms]
      [Humongous Register: 0.2 ms]
      [Humongous Reclaim: 0.0 ms]
      [Free CSet: 0.3 ms]
   [Eden: 151.0M(151.0M)->0.0B(119.0M) Survivors: 4096.0K->7168.0K Heap: 432.9M(1024.0M)->285.2M(1024.0M)]
 [Times: user=0.04 sys=0.02, real=0.02 secs] 
2021-04-24T01:32:46.413+0800: 54356.106: [GC pause (G1 Evacuation Pause) (young), 0.0169068 secs]
   [Parallel Time: 15.5 ms, GC Workers: 8]
      [GC Worker Start (ms): Min: 54356107.1, Avg: 54356107.4, Max: 54356108.8, Diff: 1.7]
      [Ext Root Scanning (ms): Min: 0.0, Avg: 5.9, Max: 14.3, Diff: 14.3, Sum: 47.6]
      [Update RS (ms): Min: 0.0, Avg: 1.2, Max: 3.1, Diff: 3.1, Sum: 10.0]
         [Processed Buffers: Min: 0, Avg: 5.2, Max: 20, Diff: 20, Sum: 42]
      [Scan RS (ms): Min: 0.0, Avg: 0.4, Max: 1.0, Diff: 1.0, Sum: 3.4]
      [Code Root Scanning (ms): Min: 0.0, Avg: 0.0, Max: 0.0, Diff: 0.0, Sum: 0.0]
      [Object Copy (ms): Min: 1.0, Avg: 7.4, Max: 14.1, Diff: 13.1, Sum: 58.9]
      [Termination (ms): Min: 0.0, Avg: 0.0, Max: 0.0, Diff: 0.0, Sum: 0.0]
         [Termination Attempts: Min: 1, Avg: 1.0, Max: 1, Diff: 0, Sum: 8]
      [GC Worker Other (ms): Min: 0.0, Avg: 0.0, Max: 0.1, Diff: 0.1, Sum: 0.3]
      [GC Worker Total (ms): Min: 13.7, Avg: 15.0, Max: 15.4, Diff: 1.7, Sum: 120.3]
      [GC Worker End (ms): Min: 54356122.4, Avg: 54356122.5, Max: 54356122.5, Diff: 0.1]
   [Code Root Fixup: 0.0 ms]
   [Code Root Purge: 0.0 ms]
   [Clear CT: 0.1 ms]
   [Other: 1.3 ms]
      [Choose CSet: 0.0 ms]
      [Ref Proc: 0.2 ms]
      [Ref Enq: 0.0 ms]
      [Redirty Cards: 0.1 ms]
      [Humongous Register: 0.3 ms]
      [Humongous Reclaim: 0.0 ms]
      [Free CSet: 0.1 ms]
   [Eden: 119.0M(119.0M)->0.0B(131.0M) Survivors: 7168.0K->9216.0K Heap: 404.2M(1024.0M)->287.5M(1024.0M)]
 [Times: user=0.06 sys=0.00, real=0.02 secs] 
2021-04-24T01:33:52.270+0800: 54421.964: [GC pause (G1 Evacuation Pause) (young), 0.0152555 secs]
   [Parallel Time: 14.5 ms, GC Workers: 8]
      [GC Worker Start (ms): Min: 54421964.6, Avg: 54421966.5, Max: 54421975.4, Diff: 10.8]
      [Ext Root Scanning (ms): Min: 0.0, Avg: 2.0, Max: 11.7, Diff: 11.7, Sum: 15.9]
      [Update RS (ms): Min: 0.0, Avg: 1.0, Max: 2.2, Diff: 2.2, Sum: 8.0]
         [Processed Buffers: Min: 0, Avg: 5.1, Max: 15, Diff: 15, Sum: 41]
      [Scan RS (ms): Min: 0.0, Avg: 0.7, Max: 1.4, Diff: 1.4, Sum: 5.6]
      [Code Root Scanning (ms): Min: 0.0, Avg: 0.0, Max: 0.0, Diff: 0.0, Sum: 0.0]
      [Object Copy (ms): Min: 2.5, Avg: 8.7, Max: 13.4, Diff: 10.9, Sum: 69.6]
      [Termination (ms): Min: 0.0, Avg: 0.0, Max: 0.1, Diff: 0.1, Sum: 0.3]
         [Termination Attempts: Min: 1, Avg: 8.1, Max: 14, Diff: 13, Sum: 65]
      [GC Worker Other (ms): Min: 0.0, Avg: 0.0, Max: 0.1, Diff: 0.1, Sum: 0.3]
      [GC Worker Total (ms): Min: 3.5, Avg: 12.5, Max: 14.4, Diff: 10.8, Sum: 99.7]
      [GC Worker End (ms): Min: 54421978.9, Avg: 54421979.0, Max: 54421979.0, Diff: 0.1]
   [Code Root Fixup: 0.0 ms]
   [Code Root Purge: 0.0 ms]
   [Clear CT: 0.1 ms]
   [Other: 0.7 ms]
      [Choose CSet: 0.0 ms]
      [Ref Proc: 0.2 ms]
      [Ref Enq: 0.0 ms]
      [Redirty Cards: 0.0 ms]
      [Humongous Register: 0.1 ms]
      [Humongous Reclaim: 0.0 ms]
      [Free CSet: 0.1 ms]
   [Eden: 131.0M(131.0M)->0.0B(147.0M) Survivors: 9216.0K->10.0M Heap: 418.5M(1024.0M)->288.1M(1024.0M)]
 [Times: user=0.06 sys=0.00, real=0.01 secs] 
2021-04-24T01:35:06.405+0800: 54496.101: [GC pause (G1 Evacuation Pause) (young), 0.0362218 secs]
   [Parallel Time: 35.4 ms, GC Workers: 8]
      [GC Worker Start (ms): Min: 54496101.0, Avg: 54496101.3, Max: 54496102.2, Diff: 1.2]
      [Ext Root Scanning (ms): Min: 0.0, Avg: 3.8, Max: 15.6, Diff: 15.6, Sum: 30.5]
      [Update RS (ms): Min: 0.0, Avg: 1.5, Max: 2.7, Diff: 2.7, Sum: 11.8]
         [Processed Buffers: Min: 0, Avg: 5.1, Max: 17, Diff: 17, Sum: 41]
      [Scan RS (ms): Min: 0.0, Avg: 0.4, Max: 1.4, Diff: 1.4, Sum: 3.2]
      [Code Root Scanning (ms): Min: 0.0, Avg: 0.0, Max: 0.0, Diff: 0.0, Sum: 0.0]
      [Object Copy (ms): Min: 19.1, Avg: 28.9, Max: 32.1, Diff: 13.1, Sum: 231.2]
      [Termination (ms): Min: 0.0, Avg: 0.4, Max: 0.7, Diff: 0.7, Sum: 3.4]
         [Termination Attempts: Min: 1, Avg: 1.5, Max: 3, Diff: 2, Sum: 12]
      [GC Worker Other (ms): Min: 0.0, Avg: 0.0, Max: 0.1, Diff: 0.1, Sum: 0.2]
      [GC Worker Total (ms): Min: 34.1, Avg: 35.0, Max: 35.4, Diff: 1.3, Sum: 280.2]
      [GC Worker End (ms): Min: 54496136.3, Avg: 54496136.3, Max: 54496136.4, Diff: 0.0]
   [Code Root Fixup: 0.0 ms]
   [Code Root Purge: 0.0 ms]
   [Clear CT: 0.1 ms]
   [Other: 0.7 ms]
      [Choose CSet: 0.0 ms]
      [Ref Proc: 0.2 ms]
      [Ref Enq: 0.0 ms]
      [Redirty Cards: 0.1 ms]
      [Humongous Register: 0.1 ms]
      [Humongous Reclaim: 0.0 ms]
      [Free CSet: 0.1 ms]
   [Eden: 147.0M(147.0M)->0.0B(40.0M) Survivors: 10.0M->11.0M Heap: 435.1M(1024.0M)->289.1M(1024.0M)]
 [Times: user=0.06 sys=0.03, real=0.04 secs] 
2021-04-24T01:35:26.428+0800: 54516.124: [GC pause (G1 Evacuation Pause) (young), 0.0873887 secs]
   [Parallel Time: 86.4 ms, GC Workers: 8]
      [GC Worker Start (ms): Min: 54516123.8, Avg: 54516124.0, Max: 54516124.3, Diff: 0.5]
      [Ext Root Scanning (ms): Min: 0.5, Avg: 1.9, Max: 5.0, Diff: 4.5, Sum: 14.9]
      [Update RS (ms): Min: 0.0, Avg: 1.8, Max: 3.6, Diff: 3.6, Sum: 14.6]
         [Processed Buffers: Min: 0, Avg: 5.1, Max: 21, Diff: 21, Sum: 41]
      [Scan RS (ms): Min: 0.0, Avg: 0.8, Max: 1.6, Diff: 1.6, Sum: 6.3]
      [Code Root Scanning (ms): Min: 0.0, Avg: 0.0, Max: 0.0, Diff: 0.0, Sum: 0.0]
      [Object Copy (ms): Min: 80.7, Avg: 81.6, Max: 85.3, Diff: 4.6, Sum: 653.2]
      [Termination (ms): Min: 0.0, Avg: 0.0, Max: 0.1, Diff: 0.1, Sum: 0.2]
         [Termination Attempts: Min: 1, Avg: 1.0, Max: 1, Diff: 0, Sum: 8]
      [GC Worker Other (ms): Min: 0.0, Avg: 0.0, Max: 0.1, Diff: 0.0, Sum: 0.3]
      [GC Worker Total (ms): Min: 85.9, Avg: 86.2, Max: 86.4, Diff: 0.5, Sum: 689.6]
      [GC Worker End (ms): Min: 54516210.2, Avg: 54516210.2, Max: 54516210.2, Diff: 0.0]
   [Code Root Fixup: 0.1 ms]
   [Code Root Purge: 0.0 ms]
   [Clear CT: 0.1 ms]
   [Other: 0.8 ms]
      [Choose CSet: 0.0 ms]
      [Ref Proc: 0.3 ms]
      [Ref Enq: 0.0 ms]
      [Redirty Cards: 0.1 ms]
      [Humongous Register: 0.1 ms]
      [Humongous Reclaim: 0.0 ms]
      [Free CSet: 0.1 ms]
   [Eden: 40.0M(40.0M)->0.0B(46.0M) Survivors: 11.0M->5120.0K Heap: 329.1M(1024.0M)->289.7M(1024.0M)]
 [Times: user=0.05 sys=0.03, real=0.09 secs] 
2021-04-24T01:35:49.597+0800: 54539.293: [GC pause (G1 Evacuation Pause) (young), 0.0228783 secs]
   [Parallel Time: 18.5 ms, GC Workers: 8]
      [GC Worker Start (ms): Min: 54539293.9, Avg: 54539294.5, Max: 54539296.2, Diff: 2.3]
      [Ext Root Scanning (ms): Min: 0.0, Avg: 5.5, Max: 16.8, Diff: 16.8, Sum: 44.0]
      [Update RS (ms): Min: 0.0, Avg: 3.4, Max: 6.2, Diff: 6.2, Sum: 26.8]
         [Processed Buffers: Min: 0, Avg: 6.4, Max: 37, Diff: 37, Sum: 51]
      [Scan RS (ms): Min: 0.0, Avg: 1.9, Max: 3.2, Diff: 3.2, Sum: 15.0]
      [Code Root Scanning (ms): Min: 0.0, Avg: 0.0, Max: 0.0, Diff: 0.0, Sum: 0.0]
      [Object Copy (ms): Min: 1.3, Avg: 6.9, Max: 9.4, Diff: 8.1, Sum: 55.5]
      [Termination (ms): Min: 0.0, Avg: 0.1, Max: 0.1, Diff: 0.1, Sum: 0.6]
         [Termination Attempts: Min: 1, Avg: 44.2, Max: 81, Diff: 80, Sum: 354]
      [GC Worker Other (ms): Min: 0.0, Avg: 0.0, Max: 0.0, Diff: 0.0, Sum: 0.2]
      [GC Worker Total (ms): Min: 16.0, Avg: 17.8, Max: 18.4, Diff: 2.3, Sum: 142.2]
      [GC Worker End (ms): Min: 54539312.2, Avg: 54539312.2, Max: 54539312.3, Diff: 0.0]
   [Code Root Fixup: 0.0 ms]
   [Code Root Purge: 0.0 ms]
   [Clear CT: 0.1 ms]
   [Other: 4.2 ms]
      [Choose CSet: 0.0 ms]
      [Ref Proc: 1.4 ms]
      [Ref Enq: 0.0 ms]
      [Redirty Cards: 0.1 ms]
      [Humongous Register: 0.6 ms]
      [Humongous Reclaim: 0.0 ms]
      [Free CSet: 0.2 ms]
   [Eden: 46.0M(46.0M)->0.0B(44.0M) Survivors: 5120.0K->7168.0K Heap: 335.7M(1024.0M)->293.5M(1024.0M)]
 [Times: user=0.07 sys=0.01, real=0.03 secs] 
2021-04-24T01:36:11.780+0800: 54561.476: [GC pause (G1 Evacuation Pause) (young), 0.0236305 secs]
   [Parallel Time: 22.1 ms, GC Workers: 8]
      [GC Worker Start (ms): Min: 54561476.6, Avg: 54561478.2, Max: 54561483.7, Diff: 7.0]
      [Ext Root Scanning (ms): Min: 0.0, Avg: 2.4, Max: 7.7, Diff: 7.7, Sum: 18.9]
      [Update RS (ms): Min: 0.0, Avg: 1.1, Max: 2.7, Diff: 2.7, Sum: 9.0]
         [Processed Buffers: Min: 0, Avg: 5.2, Max: 19, Diff: 19, Sum: 42]
      [Scan RS (ms): Min: 0.0, Avg: 1.9, Max: 3.7, Diff: 3.7, Sum: 15.4]
      [Code Root Scanning (ms): Min: 0.0, Avg: 0.0, Max: 0.0, Diff: 0.0, Sum: 0.0]
      [Object Copy (ms): Min: 14.1, Avg: 14.5, Max: 15.5, Diff: 1.4, Sum: 116.1]
      [Termination (ms): Min: 0.0, Avg: 0.4, Max: 0.5, Diff: 0.5, Sum: 2.9]
         [Termination Attempts: Min: 1, Avg: 2.2, Max: 4, Diff: 3, Sum: 18]
      [GC Worker Other (ms): Min: 0.0, Avg: 0.0, Max: 0.0, Diff: 0.0, Sum: 0.2]
      [GC Worker Total (ms): Min: 14.8, Avg: 20.3, Max: 21.9, Diff: 7.1, Sum: 162.4]
      [GC Worker End (ms): Min: 54561498.5, Avg: 54561498.5, Max: 54561498.5, Diff: 0.0]
   [Code Root Fixup: 0.1 ms]
   [Code Root Purge: 0.0 ms]
   [Clear CT: 0.2 ms]
   [Other: 1.3 ms]
      [Choose CSet: 0.0 ms]
      [Ref Proc: 0.3 ms]
      [Ref Enq: 0.0 ms]
      [Redirty Cards: 0.2 ms]
      [Humongous Register: 0.2 ms]
      [Humongous Reclaim: 0.0 ms]
      [Free CSet: 0.1 ms]
   [Eden: 44.0M(44.0M)->0.0B(46.0M) Survivors: 7168.0K->5120.0K Heap: 337.5M(1024.0M)->293.5M(1024.0M)]
 [Times: user=0.07 sys=0.02, real=0.02 secs] 
2021-04-24T01:36:34.839+0800: 54584.536: [GC pause (G1 Evacuation Pause) (young), 0.0117934 secs]
   [Parallel Time: 10.9 ms, GC Workers: 8]
      [GC Worker Start (ms): Min: 54584536.3, Avg: 54584537.1, Max: 54584540.9, Diff: 4.5]
      [Ext Root Scanning (ms): Min: 0.0, Avg: 1.7, Max: 10.8, Diff: 10.7, Sum: 13.6]
      [Update RS (ms): Min: 0.0, Avg: 1.2, Max: 2.5, Diff: 2.5, Sum: 9.4]
         [Processed Buffers: Min: 0, Avg: 5.6, Max: 19, Diff: 19, Sum: 45]
      [Scan RS (ms): Min: 0.0, Avg: 1.8, Max: 5.5, Diff: 5.5, Sum: 14.5]
      [Code Root Scanning (ms): Min: 0.0, Avg: 0.0, Max: 0.0, Diff: 0.0, Sum: 0.0]
      [Object Copy (ms): Min: 0.0, Avg: 5.3, Max: 10.2, Diff: 10.2, Sum: 42.4]
      [Termination (ms): Min: 0.0, Avg: 0.1, Max: 0.2, Diff: 0.2, Sum: 0.9]
         [Termination Attempts: Min: 1, Avg: 16.0, Max: 32, Diff: 31, Sum: 128]
      [GC Worker Other (ms): Min: 0.0, Avg: 0.0, Max: 0.0, Diff: 0.0, Sum: 0.1]
      [GC Worker Total (ms): Min: 6.3, Avg: 10.1, Max: 10.9, Diff: 4.6, Sum: 80.8]
      [GC Worker End (ms): Min: 54584547.1, Avg: 54584547.2, Max: 54584547.2, Diff: 0.0]
   [Code Root Fixup: 0.0 ms]
   [Code Root Purge: 0.0 ms]
   [Clear CT: 0.1 ms]
   [Other: 0.8 ms]
      [Choose CSet: 0.0 ms]
      [Ref Proc: 0.2 ms]
      [Ref Enq: 0.0 ms]
      [Redirty Cards: 0.1 ms]
      [Humongous Register: 0.1 ms]
      [Humongous Reclaim: 0.0 ms]
      [Free CSet: 0.1 ms]
   [Eden: 46.0M(46.0M)->0.0B(45.0M) Survivors: 5120.0K->6144.0K Heap: 339.5M(1024.0M)->294.6M(1024.0M)]
 [Times: user=0.04 sys=0.00, real=0.02 secs] 
2021-04-24T01:36:57.508+0800: 54607.205: [GC pause (G1 Evacuation Pause) (young), 0.0145124 secs]
   [Parallel Time: 12.7 ms, GC Workers: 8]
      [GC Worker Start (ms): Min: 54607205.6, Avg: 54607206.2, Max: 54607209.3, Diff: 3.7]
      [Ext Root Scanning (ms): Min: 0.0, Avg: 1.2, Max: 3.6, Diff: 3.6, Sum: 9.6]
      [Update RS (ms): Min: 0.0, Avg: 2.0, Max: 9.3, Diff: 9.3, Sum: 16.1]
         [Processed Buffers: Min: 0, Avg: 5.9, Max: 34, Diff: 34, Sum: 47]
      [Scan RS (ms): Min: 0.0, Avg: 1.6, Max: 7.0, Diff: 7.0, Sum: 13.2]
      [Code Root Scanning (ms): Min: 0.0, Avg: 0.0, Max: 0.0, Diff: 0.0, Sum: 0.0]
      [Object Copy (ms): Min: 0.1, Avg: 5.5, Max: 10.5, Diff: 10.4, Sum: 44.1]
      [Termination (ms): Min: 0.0, Avg: 1.6, Max: 2.0, Diff: 2.0, Sum: 12.8]
         [Termination Attempts: Min: 1, Avg: 15.6, Max: 32, Diff: 31, Sum: 125]
      [GC Worker Other (ms): Min: 0.0, Avg: 0.0, Max: 0.0, Diff: 0.0, Sum: 0.1]
      [GC Worker Total (ms): Min: 8.9, Avg: 12.0, Max: 12.6, Diff: 3.7, Sum: 96.0]
      [GC Worker End (ms): Min: 54607218.2, Avg: 54607218.2, Max: 54607218.2, Diff: 0.0]
   [Code Root Fixup: 0.0 ms]
   [Code Root Purge: 0.0 ms]
   [Clear CT: 0.2 ms]
   [Other: 1.6 ms]
      [Choose CSet: 0.0 ms]
      [Ref Proc: 0.9 ms]
      [Ref Enq: 0.0 ms]
      [Redirty Cards: 0.1 ms]
      [Humongous Register: 0.2 ms]
      [Humongous Reclaim: 0.0 ms]
      [Free CSet: 0.1 ms]
   [Eden: 45.0M(45.0M)->0.0B(44.0M) Survivors: 6144.0K->7168.0K Heap: 339.6M(1024.0M)->296.1M(1024.0M)]
 [Times: user=0.05 sys=0.01, real=0.02 secs] 
2021-04-24T01:37:19.647+0800: 54629.344: [GC pause (G1 Evacuation Pause) (young), 0.0146882 secs]
   [Parallel Time: 14.0 ms, GC Workers: 8]
      [GC Worker Start (ms): Min: 54629344.6, Avg: 54629345.2, Max: 54629347.7, Diff: 3.1]
      [Ext Root Scanning (ms): Min: 0.0, Avg: 2.5, Max: 13.2, Diff: 13.2, Sum: 20.4]
      [Update RS (ms): Min: 0.0, Avg: 1.5, Max: 3.9, Diff: 3.9, Sum: 11.9]
         [Processed Buffers: Min: 0, Avg: 5.6, Max: 20, Diff: 20, Sum: 45]
      [Scan RS (ms): Min: 0.0, Avg: 2.5, Max: 9.3, Diff: 9.3, Sum: 20.2]
      [Code Root Scanning (ms): Min: 0.0, Avg: 0.0, Max: 0.0, Diff: 0.0, Sum: 0.0]
      [Object Copy (ms): Min: 0.4, Avg: 6.7, Max: 12.8, Diff: 12.3, Sum: 53.5]
      [Termination (ms): Min: 0.0, Avg: 0.0, Max: 0.1, Diff: 0.1, Sum: 0.3]
         [Termination Attempts: Min: 1, Avg: 1.2, Max: 2, Diff: 1, Sum: 10]
      [GC Worker Other (ms): Min: 0.0, Avg: 0.0, Max: 0.0, Diff: 0.0, Sum: 0.1]
      [GC Worker Total (ms): Min: 10.8, Avg: 13.3, Max: 13.8, Diff: 3.1, Sum: 106.4]
      [GC Worker End (ms): Min: 54629358.5, Avg: 54629358.5, Max: 54629358.5, Diff: 0.0]
   [Code Root Fixup: 0.0 ms]
   [Code Root Purge: 0.0 ms]
   [Clear CT: 0.1 ms]
   [Other: 0.7 ms]
      [Choose CSet: 0.0 ms]
      [Ref Proc: 0.2 ms]
      [Ref Enq: 0.0 ms]
      [Redirty Cards: 0.0 ms]
      [Humongous Register: 0.1 ms]
      [Humongous Reclaim: 0.0 ms]
      [Free CSet: 0.0 ms]
   [Eden: 44.0M(44.0M)->0.0B(55.0M) Survivors: 7168.0K->6144.0K Heap: 340.1M(1024.0M)->294.6M(1024.0M)]
 [Times: user=0.06 sys=0.00, real=0.02 secs] 
2021-04-24T01:37:46.931+0800: 54656.614: [GC pause (G1 Evacuation Pause) (young), 0.0229623 secs]
   [Parallel Time: 21.4 ms, GC Workers: 8]
      [GC Worker Start (ms): Min: 54656613.9, Avg: 54656615.1, Max: 54656617.4, Diff: 3.5]
      [Ext Root Scanning (ms): Min: 0.0, Avg: 1.3, Max: 3.3, Diff: 3.3, Sum: 10.1]
      [Update RS (ms): Min: 0.0, Avg: 1.7, Max: 4.0, Diff: 4.0, Sum: 13.5]
         [Processed Buffers: Min: 0, Avg: 5.6, Max: 17, Diff: 17, Sum: 45]
      [Scan RS (ms): Min: 0.0, Avg: 0.8, Max: 1.1, Diff: 1.1, Sum: 6.2]
      [Code Root Scanning (ms): Min: 0.0, Avg: 0.0, Max: 0.0, Diff: 0.0, Sum: 0.0]
      [Object Copy (ms): Min: 15.4, Avg: 15.9, Max: 16.6, Diff: 1.3, Sum: 127.2]
      [Termination (ms): Min: 0.0, Avg: 0.2, Max: 0.3, Diff: 0.3, Sum: 1.7]
         [Termination Attempts: Min: 1, Avg: 6.8, Max: 11, Diff: 10, Sum: 54]
      [GC Worker Other (ms): Min: 0.0, Avg: 0.1, Max: 0.4, Diff: 0.4, Sum: 0.5]
      [GC Worker Total (ms): Min: 17.5, Avg: 19.9, Max: 21.0, Diff: 3.5, Sum: 159.2]
      [GC Worker End (ms): Min: 54656634.9, Avg: 54656635.0, Max: 54656635.3, Diff: 0.4]
   [Code Root Fixup: 0.0 ms]
   [Code Root Purge: 0.0 ms]
   [Clear CT: 0.1 ms]
   [Other: 1.4 ms]
      [Choose CSet: 0.0 ms]
      [Ref Proc: 0.7 ms]
      [Ref Enq: 0.0 ms]
      [Redirty Cards: 0.1 ms]
      [Humongous Register: 0.2 ms]
      [Humongous Reclaim: 0.0 ms]
      [Free CSet: 0.1 ms]
   [Eden: 55.0M(55.0M)->0.0B(43.0M) Survivors: 6144.0K->8192.0K Heap: 349.6M(1024.0M)->297.6M(1024.0M)]
 [Times: user=0.05 sys=0.01, real=0.02 secs] 
2021-04-24T01:38:08.547+0800: 54678.222: [GC pause (G1 Evacuation Pause) (young), 0.0209903 secs]
   [Parallel Time: 19.4 ms, GC Workers: 8]
      [GC Worker Start (ms): Min: 54678222.9, Avg: 54678223.8, Max: 54678228.7, Diff: 5.8]
      [Ext Root Scanning (ms): Min: 0.0, Avg: 2.6, Max: 7.2, Diff: 7.2, Sum: 20.5]
      [Update RS (ms): Min: 0.0, Avg: 1.8, Max: 3.8, Diff: 3.8, Sum: 14.3]
         [Processed Buffers: Min: 0, Avg: 6.0, Max: 28, Diff: 28, Sum: 48]
      [Scan RS (ms): Min: 0.0, Avg: 1.1, Max: 1.9, Diff: 1.9, Sum: 9.0]
      [Code Root Scanning (ms): Min: 0.0, Avg: 0.0, Max: 0.0, Diff: 0.0, Sum: 0.0]
      [Object Copy (ms): Min: 11.4, Avg: 12.4, Max: 16.7, Diff: 5.4, Sum: 99.2]
      [Termination (ms): Min: 0.0, Avg: 0.4, Max: 0.5, Diff: 0.5, Sum: 3.5]
         [Termination Attempts: Min: 1, Avg: 3.2, Max: 5, Diff: 4, Sum: 26]
      [GC Worker Other (ms): Min: 0.0, Avg: 0.0, Max: 0.0, Diff: 0.0, Sum: 0.2]
      [GC Worker Total (ms): Min: 13.4, Avg: 18.3, Max: 19.2, Diff: 5.8, Sum: 146.6]
      [GC Worker End (ms): Min: 54678242.1, Avg: 54678242.1, Max: 54678242.1, Diff: 0.0]
   [Code Root Fixup: 0.0 ms]
   [Code Root Purge: 0.0 ms]
   [Clear CT: 0.2 ms]
   [Other: 1.4 ms]
      [Choose CSet: 0.0 ms]
      [Ref Proc: 0.3 ms]
      [Ref Enq: 0.0 ms]
      [Redirty Cards: 0.2 ms]
      [Humongous Register: 0.2 ms]
      [Humongous Reclaim: 0.0 ms]
      [Free CSet: 0.1 ms]
   [Eden: 43.0M(43.0M)->0.0B(77.0M) Survivors: 8192.0K->5120.0K Heap: 340.6M(1024.0M)->296.1M(1024.0M)]
 [Times: user=0.07 sys=0.02, real=0.02 secs] 
2021-04-24T01:38:31.201+0800: 54700.875: [GC pause (G1 Evacuation Pause) (young), 0.0145467 secs]
   [Parallel Time: 13.8 ms, GC Workers: 8]
      [GC Worker Start (ms): Min: 54700875.4, Avg: 54700875.8, Max: 54700876.6, Diff: 1.1]
      [Ext Root Scanning (ms): Min: 0.0, Avg: 3.0, Max: 11.6, Diff: 11.6, Sum: 24.0]
      [Update RS (ms): Min: 0.0, Avg: 2.6, Max: 6.1, Diff: 6.1, Sum: 21.2]
         [Processed Buffers: Min: 0, Avg: 6.2, Max: 18, Diff: 18, Sum: 50]
      [Scan RS (ms): Min: 0.0, Avg: 3.0, Max: 5.8, Diff: 5.8, Sum: 24.1]
      [Code Root Scanning (ms): Min: 0.0, Avg: 0.0, Max: 0.0, Diff: 0.0, Sum: 0.0]
      [Object Copy (ms): Min: 2.0, Avg: 4.7, Max: 11.1, Diff: 9.1, Sum: 37.8]
      [Termination (ms): Min: 0.0, Avg: 0.0, Max: 0.0, Diff: 0.0, Sum: 0.2]
         [Termination Attempts: Min: 1, Avg: 71.5, Max: 100, Diff: 99, Sum: 572]
      [GC Worker Other (ms): Min: 0.0, Avg: 0.0, Max: 0.0, Diff: 0.0, Sum: 0.2]
      [GC Worker Total (ms): Min: 12.6, Avg: 13.4, Max: 13.7, Diff: 1.1, Sum: 107.5]
      [GC Worker End (ms): Min: 54700889.2, Avg: 54700889.2, Max: 54700889.2, Diff: 0.0]
   [Code Root Fixup: 0.0 ms]
   [Code Root Purge: 0.0 ms]
   [Clear CT: 0.1 ms]
   [Other: 0.6 ms]
      [Choose CSet: 0.0 ms]
      [Ref Proc: 0.1 ms]
      [Ref Enq: 0.0 ms]
      [Redirty Cards: 0.1 ms]
      [Humongous Register: 0.1 ms]
      [Humongous Reclaim: 0.0 ms]
      [Free CSet: 0.0 ms]
   [Eden: 46.0M(46.0M)->0.0B(105.0M) Survivors: 5120.0K->7168.0K Heap: 342.1M(1024.0M)->297.8M(1024.0M)]
 [Times: user=0.06 sys=0.00, real=0.01 secs] 
2021-04-24T01:39:23.771+0800: 54753.445: [GC pause (G1 Evacuation Pause) (young), 0.0182080 secs]
   [Parallel Time: 16.9 ms, GC Workers: 8]
      [GC Worker Start (ms): Min: 54753445.3, Avg: 54753447.3, Max: 54753455.7, Diff: 10.3]
      [Ext Root Scanning (ms): Min: 0.0, Avg: 0.9, Max: 4.0, Diff: 4.0, Sum: 7.0]
      [Update RS (ms): Min: 0.0, Avg: 1.4, Max: 3.0, Diff: 3.0, Sum: 11.0]
         [Processed Buffers: Min: 0, Avg: 5.8, Max: 32, Diff: 32, Sum: 46]
      [Scan RS (ms): Min: 0.0, Avg: 1.7, Max: 3.5, Diff: 3.5, Sum: 13.5]
      [Code Root Scanning (ms): Min: 0.0, Avg: 0.0, Max: 0.0, Diff: 0.0, Sum: 0.0]
      [Object Copy (ms): Min: 6.3, Avg: 10.8, Max: 15.3, Diff: 9.0, Sum: 86.5]
      [Termination (ms): Min: 0.0, Avg: 0.0, Max: 0.1, Diff: 0.1, Sum: 0.4]
         [Termination Attempts: Min: 1, Avg: 40.4, Max: 66, Diff: 65, Sum: 323]
      [GC Worker Other (ms): Min: 0.0, Avg: 0.0, Max: 0.1, Diff: 0.1, Sum: 0.3]
      [GC Worker Total (ms): Min: 6.5, Avg: 14.8, Max: 16.8, Diff: 10.3, Sum: 118.7]
      [GC Worker End (ms): Min: 54753462.1, Avg: 54753462.1, Max: 54753462.1, Diff: 0.0]
   [Code Root Fixup: 0.0 ms]
   [Code Root Purge: 0.0 ms]
   [Clear CT: 0.1 ms]
   [Other: 1.2 ms]
      [Choose CSet: 0.0 ms]
      [Ref Proc: 0.7 ms]
      [Ref Enq: 0.0 ms]
      [Redirty Cards: 0.1 ms]
      [Humongous Register: 0.1 ms]
      [Humongous Reclaim: 0.0 ms]
      [Free CSet: 0.1 ms]
   [Eden: 105.0M(105.0M)->0.0B(142.0M) Survivors: 7168.0K->9216.0K Heap: 402.8M(1024.0M)->300.0M(1024.0M)]
 [Times: user=0.07 sys=0.00, real=0.01 secs] 
2021-04-24T01:40:35.212+0800: 54824.886: [GC pause (G1 Evacuation Pause) (young), 0.0210591 secs]
   [Parallel Time: 19.7 ms, GC Workers: 8]
      [GC Worker Start (ms): Min: 54824886.5, Avg: 54824886.7, Max: 54824887.0, Diff: 0.5]
      [Ext Root Scanning (ms): Min: 0.6, Avg: 2.6, Max: 7.0, Diff: 6.4, Sum: 21.2]
      [Update RS (ms): Min: 0.0, Avg: 3.3, Max: 5.8, Diff: 5.8, Sum: 26.1]
         [Processed Buffers: Min: 0, Avg: 5.8, Max: 14, Diff: 14, Sum: 46]
      [Scan RS (ms): Min: 0.7, Avg: 3.0, Max: 7.8, Diff: 7.2, Sum: 24.1]
      [Code Root Scanning (ms): Min: 0.0, Avg: 0.0, Max: 0.0, Diff: 0.0, Sum: 0.0]
      [Object Copy (ms): Min: 5.2, Avg: 10.4, Max: 16.1, Diff: 10.9, Sum: 83.0]
      [Termination (ms): Min: 0.0, Avg: 0.0, Max: 0.0, Diff: 0.0, Sum: 0.0]
         [Termination Attempts: Min: 1, Avg: 8.4, Max: 18, Diff: 17, Sum: 67]
      [GC Worker Other (ms): Min: 0.0, Avg: 0.0, Max: 0.1, Diff: 0.0, Sum: 0.3]
      [GC Worker Total (ms): Min: 19.0, Avg: 19.3, Max: 19.5, Diff: 0.5, Sum: 154.7]
      [GC Worker End (ms): Min: 54824906.0, Avg: 54824906.0, Max: 54824906.1, Diff: 0.0]
   [Code Root Fixup: 0.0 ms]
   [Code Root Purge: 0.0 ms]
   [Clear CT: 0.1 ms]
   [Other: 1.3 ms]
      [Choose CSet: 0.0 ms]
      [Ref Proc: 0.2 ms]
      [Ref Enq: 0.0 ms]
      [Redirty Cards: 0.1 ms]
      [Humongous Register: 0.2 ms]
      [Humongous Reclaim: 0.0 ms]
      [Free CSet: 0.1 ms]
   [Eden: 142.0M(142.0M)->0.0B(104.0M) Survivors: 9216.0K->10.0M Heap: 442.0M(1024.0M)->301.1M(1024.0M)]
 [Times: user=0.08 sys=0.01, real=0.02 secs] 
2021-04-24T01:41:27.784+0800: 54877.459: [GC pause (G1 Evacuation Pause) (young), 0.0207931 secs]
   [Parallel Time: 19.7 ms, GC Workers: 8]
      [GC Worker Start (ms): Min: 54877459.0, Avg: 54877461.6, Max: 54877469.9, Diff: 11.0]
      [Ext Root Scanning (ms): Min: 0.0, Avg: 1.4, Max: 4.7, Diff: 4.7, Sum: 10.9]
      [Update RS (ms): Min: 0.0, Avg: 1.2, Max: 2.6, Diff: 2.6, Sum: 9.4]
         [Processed Buffers: Min: 0, Avg: 5.4, Max: 17, Diff: 17, Sum: 43]
      [Scan RS (ms): Min: 0.0, Avg: 1.2, Max: 2.0, Diff: 2.0, Sum: 9.5]
      [Code Root Scanning (ms): Min: 0.0, Avg: 0.0, Max: 0.0, Diff: 0.0, Sum: 0.0]
      [Object Copy (ms): Min: 8.5, Avg: 13.2, Max: 16.5, Diff: 7.9, Sum: 105.2]
      [Termination (ms): Min: 0.0, Avg: 0.0, Max: 0.1, Diff: 0.1, Sum: 0.3]
         [Termination Attempts: Min: 1, Avg: 1.0, Max: 1, Diff: 0, Sum: 8]
      [GC Worker Other (ms): Min: 0.0, Avg: 0.0, Max: 0.0, Diff: 0.0, Sum: 0.2]
      [GC Worker Total (ms): Min: 8.6, Avg: 16.9, Max: 19.6, Diff: 11.0, Sum: 135.4]
      [GC Worker End (ms): Min: 54877478.5, Avg: 54877478.5, Max: 54877478.5, Diff: 0.0]
   [Code Root Fixup: 0.0 ms]
   [Code Root Purge: 0.0 ms]
   [Clear CT: 0.1 ms]
   [Other: 1.0 ms]
      [Choose CSet: 0.0 ms]
      [Ref Proc: 0.2 ms]
      [Ref Enq: 0.0 ms]
      [Redirty Cards: 0.1 ms]
      [Humongous Register: 0.2 ms]
      [Humongous Reclaim: 0.0 ms]
      [Free CSet: 0.1 ms]
   [Eden: 104.0M(104.0M)->0.0B(85.0M) Survivors: 10.0M->11.0M Heap: 405.1M(1024.0M)->302.6M(1024.0M)]
 [Times: user=0.08 sys=0.00, real=0.02 secs] 
2021-04-24T01:41:47.807+0800: 54897.481: [GC pause (G1 Evacuation Pause) (young), 0.0858008 secs]
   [Parallel Time: 84.7 ms, GC Workers: 8]
      [GC Worker Start (ms): Min: 54897481.6, Avg: 54897481.8, Max: 54897482.0, Diff: 0.4]
      [Ext Root Scanning (ms): Min: 0.9, Avg: 2.0, Max: 3.3, Diff: 2.4, Sum: 16.3]
      [Update RS (ms): Min: 0.0, Avg: 3.3, Max: 7.4, Diff: 7.4, Sum: 26.7]
         [Processed Buffers: Min: 0, Avg: 6.5, Max: 21, Diff: 21, Sum: 52]
      [Scan RS (ms): Min: 0.0, Avg: 1.6, Max: 2.8, Diff: 2.8, Sum: 13.0]
      [Code Root Scanning (ms): Min: 0.0, Avg: 0.0, Max: 0.0, Diff: 0.0, Sum: 0.0]
      [Object Copy (ms): Min: 75.6, Avg: 77.2, Max: 80.8, Diff: 5.2, Sum: 617.2]
      [Termination (ms): Min: 0.0, Avg: 0.3, Max: 0.3, Diff: 0.3, Sum: 2.2]
         [Termination Attempts: Min: 1, Avg: 3.1, Max: 9, Diff: 8, Sum: 25]
      [GC Worker Other (ms): Min: 0.0, Avg: 0.0, Max: 0.0, Diff: 0.0, Sum: 0.2]
      [GC Worker Total (ms): Min: 84.2, Avg: 84.4, Max: 84.6, Diff: 0.4, Sum: 675.5]
      [GC Worker End (ms): Min: 54897566.3, Avg: 54897566.3, Max: 54897566.3, Diff: 0.0]
   [Code Root Fixup: 0.0 ms]
   [Code Root Purge: 0.0 ms]
   [Clear CT: 0.1 ms]
   [Other: 1.0 ms]
      [Choose CSet: 0.0 ms]
      [Ref Proc: 0.1 ms]
      [Ref Enq: 0.0 ms]
      [Redirty Cards: 0.1 ms]
      [Humongous Register: 0.3 ms]
      [Humongous Reclaim: 0.0 ms]
      [Free CSet: 0.1 ms]
   [Eden: 40.0M(40.0M)->0.0B(45.0M) Survivors: 11.0M->6144.0K Heap: 342.6M(1024.0M)->302.8M(1024.0M)]
 [Times: user=0.08 sys=0.04, real=0.09 secs] 
2021-04-24T01:42:10.476+0800: 54920.151: [GC pause (G1 Evacuation Pause) (young), 0.0144315 secs]
   [Parallel Time: 13.3 ms, GC Workers: 8]
      [GC Worker Start (ms): Min: 54920151.0, Avg: 54920151.3, Max: 54920151.7, Diff: 0.6]
      [Ext Root Scanning (ms): Min: 0.9, Avg: 4.3, Max: 13.2, Diff: 12.3, Sum: 34.8]
      [Update RS (ms): Min: 0.0, Avg: 2.0, Max: 4.0, Diff: 4.0, Sum: 15.6]
         [Processed Buffers: Min: 0, Avg: 7.4, Max: 27, Diff: 27, Sum: 59]
      [Scan RS (ms): Min: 0.0, Avg: 1.7, Max: 3.8, Diff: 3.8, Sum: 13.8]
      [Code Root Scanning (ms): Min: 0.0, Avg: 0.0, Max: 0.0, Diff: 0.0, Sum: 0.0]
      [Object Copy (ms): Min: 0.0, Avg: 4.2, Max: 8.5, Diff: 8.5, Sum: 34.0]
      [Termination (ms): Min: 0.0, Avg: 0.7, Max: 0.9, Diff: 0.9, Sum: 5.9]
         [Termination Attempts: Min: 1, Avg: 1.5, Max: 2, Diff: 1, Sum: 12]
      [GC Worker Other (ms): Min: 0.0, Avg: 0.0, Max: 0.0, Diff: 0.0, Sum: 0.1]
      [GC Worker Total (ms): Min: 12.7, Avg: 13.0, Max: 13.3, Diff: 0.6, Sum: 104.3]
      [GC Worker End (ms): Min: 54920164.3, Avg: 54920164.3, Max: 54920164.3, Diff: 0.0]
   [Code Root Fixup: 0.0 ms]
   [Code Root Purge: 0.0 ms]
   [Clear CT: 0.1 ms]
   [Other: 1.0 ms]
      [Choose CSet: 0.0 ms]
      [Ref Proc: 0.2 ms]
      [Ref Enq: 0.0 ms]
      [Redirty Cards: 0.1 ms]
      [Humongous Register: 0.2 ms]
      [Humongous Reclaim: 0.0 ms]
      [Free CSet: 0.1 ms]
   [Eden: 45.0M(45.0M)->0.0B(45.0M) Survivors: 6144.0K->6144.0K Heap: 347.8M(1024.0M)->303.1M(1024.0M)]
 [Times: user=0.04 sys=0.01, real=0.02 secs] 
2021-04-24T01:42:33.087+0800: 54942.761: [GC pause (G1 Evacuation Pause) (young), 0.0178585 secs]
   [Parallel Time: 16.3 ms, GC Workers: 8]
      [GC Worker Start (ms): Min: 54942762.0, Avg: 54942763.7, Max: 54942767.8, Diff: 5.8]
      [Ext Root Scanning (ms): Min: 0.0, Avg: 2.1, Max: 5.1, Diff: 5.1, Sum: 17.2]
      [Update RS (ms): Min: 0.0, Avg: 1.4, Max: 4.2, Diff: 4.2, Sum: 11.6]
         [Processed Buffers: Min: 0, Avg: 5.5, Max: 30, Diff: 30, Sum: 44]
      [Scan RS (ms): Min: 0.1, Avg: 2.4, Max: 11.5, Diff: 11.3, Sum: 19.0]
      [Code Root Scanning (ms): Min: 0.0, Avg: 0.0, Max: 0.0, Diff: 0.0, Sum: 0.0]
      [Object Copy (ms): Min: 0.1, Avg: 8.5, Max: 9.9, Diff: 9.8, Sum: 67.8]
      [Termination (ms): Min: 0.0, Avg: 0.1, Max: 0.3, Diff: 0.3, Sum: 1.1]
         [Termination Attempts: Min: 1, Avg: 3.4, Max: 6, Diff: 5, Sum: 27]
      [GC Worker Other (ms): Min: 0.0, Avg: 0.0, Max: 0.0, Diff: 0.0, Sum: 0.2]
      [GC Worker Total (ms): Min: 10.4, Avg: 14.6, Max: 16.2, Diff: 5.8, Sum: 116.9]
      [GC Worker End (ms): Min: 54942778.3, Avg: 54942778.3, Max: 54942778.3, Diff: 0.0]
   [Code Root Fixup: 0.0 ms]
   [Code Root Purge: 0.0 ms]
   [Clear CT: 0.1 ms]
   [Other: 1.4 ms]
      [Choose CSet: 0.0 ms]
      [Ref Proc: 0.2 ms]
      [Ref Enq: 0.0 ms]
      [Redirty Cards: 0.1 ms]
      [Humongous Register: 0.4 ms]
      [Humongous Reclaim: 0.0 ms]
      [Free CSet: 0.1 ms]
   [Eden: 45.0M(45.0M)->0.0B(45.0M) Survivors: 6144.0K->6144.0K Heap: 348.1M(1024.0M)->302.7M(1024.0M)]
 [Times: user=0.05 sys=0.01, real=0.02 secs] 
2021-04-24T01:42:55.646+0800: 54965.320: [GC pause (G1 Evacuation Pause) (young), 0.0077888 secs]
   [Parallel Time: 7.1 ms, GC Workers: 8]
      [GC Worker Start (ms): Min: 54965320.5, Avg: 54965320.5, Max: 54965320.6, Diff: 0.1]
      [Ext Root Scanning (ms): Min: 0.5, Avg: 0.6, Max: 0.7, Diff: 0.2, Sum: 4.9]
      [Update RS (ms): Min: 0.6, Avg: 0.9, Max: 1.9, Diff: 1.3, Sum: 7.3]
         [Processed Buffers: Min: 1, Avg: 5.9, Max: 30, Diff: 29, Sum: 47]
      [Scan RS (ms): Min: 0.0, Avg: 0.5, Max: 0.9, Diff: 0.9, Sum: 4.4]
      [Code Root Scanning (ms): Min: 0.0, Avg: 0.0, Max: 0.0, Diff: 0.0, Sum: 0.0]
      [Object Copy (ms): Min: 4.2, Avg: 4.7, Max: 4.9, Diff: 0.7, Sum: 37.8]
      [Termination (ms): Min: 0.0, Avg: 0.2, Max: 0.2, Diff: 0.2, Sum: 1.2]
         [Termination Attempts: Min: 1, Avg: 1.0, Max: 1, Diff: 0, Sum: 8]
      [GC Worker Other (ms): Min: 0.0, Avg: 0.0, Max: 0.0, Diff: 0.0, Sum: 0.2]
      [GC Worker Total (ms): Min: 6.9, Avg: 7.0, Max: 7.0, Diff: 0.2, Sum: 55.8]
      [GC Worker End (ms): Min: 54965327.5, Avg: 54965327.5, Max: 54965327.5, Diff: 0.0]
   [Code Root Fixup: 0.0 ms]
   [Code Root Purge: 0.0 ms]
   [Clear CT: 0.1 ms]
   [Other: 0.6 ms]
      [Choose CSet: 0.0 ms]
      [Ref Proc: 0.2 ms]
      [Ref Enq: 0.0 ms]
      [Redirty Cards: 0.1 ms]
      [Humongous Register: 0.0 ms]
      [Humongous Reclaim: 0.0 ms]
      [Free CSet: 0.0 ms]
   [Eden: 45.0M(45.0M)->0.0B(46.0M) Survivors: 6144.0K->5120.0K Heap: 347.7M(1024.0M)->303.6M(1024.0M)]
 [Times: user=0.03 sys=0.01, real=0.01 secs] 
2021-04-24T01:43:18.851+0800: 54988.526: [GC pause (G1 Evacuation Pause) (young), 0.0194066 secs]
   [Parallel Time: 18.3 ms, GC Workers: 8]
      [GC Worker Start (ms): Min: 54988526.4, Avg: 54988526.5, Max: 54988526.6, Diff: 0.3]
      [Ext Root Scanning (ms): Min: 0.5, Avg: 3.1, Max: 7.5, Diff: 7.0, Sum: 24.5]
      [Update RS (ms): Min: 0.0, Avg: 2.4, Max: 5.8, Diff: 5.8, Sum: 19.3]
         [Processed Buffers: Min: 0, Avg: 6.1, Max: 34, Diff: 34, Sum: 49]
      [Scan RS (ms): Min: 0.8, Avg: 7.1, Max: 13.1, Diff: 12.3, Sum: 57.0]
      [Code Root Scanning (ms): Min: 0.0, Avg: 0.0, Max: 0.0, Diff: 0.0, Sum: 0.0]
      [Object Copy (ms): Min: 0.0, Avg: 5.3, Max: 13.5, Diff: 13.5, Sum: 42.0]
      [Termination (ms): Min: 0.0, Avg: 0.2, Max: 0.4, Diff: 0.4, Sum: 2.0]
         [Termination Attempts: Min: 1, Avg: 1.1, Max: 2, Diff: 1, Sum: 9]
      [GC Worker Other (ms): Min: 0.0, Avg: 0.0, Max: 0.0, Diff: 0.0, Sum: 0.1]
      [GC Worker Total (ms): Min: 17.9, Avg: 18.1, Max: 18.2, Diff: 0.3, Sum: 145.0]
      [GC Worker End (ms): Min: 54988544.6, Avg: 54988544.6, Max: 54988544.6, Diff: 0.1]
   [Code Root Fixup: 0.1 ms]
   [Code Root Purge: 0.0 ms]
   [Clear CT: 0.1 ms]
   [Other: 0.9 ms]
      [Choose CSet: 0.0 ms]
      [Ref Proc: 0.2 ms]
      [Ref Enq: 0.0 ms]
      [Redirty Cards: 0.1 ms]
      [Humongous Register: 0.2 ms]
      [Humongous Reclaim: 0.0 ms]
      [Free CSet: 0.1 ms]
   [Eden: 46.0M(46.0M)->0.0B(44.0M) Survivors: 5120.0K->7168.0K Heap: 349.6M(1024.0M)->304.9M(1024.0M)]
 [Times: user=0.05 sys=0.01, real=0.02 secs] 
2021-04-24T01:43:40.979+0800: 55010.654: [GC pause (G1 Evacuation Pause) (young), 0.0180814 secs]
   [Parallel Time: 15.8 ms, GC Workers: 8]
      [GC Worker Start (ms): Min: 55010654.7, Avg: 55010654.8, Max: 55010655.3, Diff: 0.7]
      [Ext Root Scanning (ms): Min: 0.3, Avg: 3.6, Max: 11.9, Diff: 11.5, Sum: 29.1]
      [Update RS (ms): Min: 0.0, Avg: 2.8, Max: 5.7, Diff: 5.7, Sum: 22.8]
         [Processed Buffers: Min: 0, Avg: 5.5, Max: 24, Diff: 24, Sum: 44]
      [Scan RS (ms): Min: 0.0, Avg: 1.5, Max: 2.8, Diff: 2.8, Sum: 11.8]
      [Code Root Scanning (ms): Min: 0.0, Avg: 0.0, Max: 0.0, Diff: 0.0, Sum: 0.0]
      [Object Copy (ms): Min: 3.7, Avg: 7.5, Max: 8.3, Diff: 4.5, Sum: 59.9]
      [Termination (ms): Min: 0.0, Avg: 0.0, Max: 0.1, Diff: 0.1, Sum: 0.3]
         [Termination Attempts: Min: 1, Avg: 1.2, Max: 2, Diff: 1, Sum: 10]
      [GC Worker Other (ms): Min: 0.0, Avg: 0.0, Max: 0.0, Diff: 0.0, Sum: 0.2]
      [GC Worker Total (ms): Min: 15.0, Avg: 15.5, Max: 15.7, Diff: 0.7, Sum: 124.0]
      [GC Worker End (ms): Min: 55010670.3, Avg: 55010670.3, Max: 55010670.3, Diff: 0.0]
   [Code Root Fixup: 0.0 ms]
   [Code Root Purge: 0.0 ms]
   [Clear CT: 0.3 ms]
   [Other: 2.0 ms]
      [Choose CSet: 0.0 ms]
      [Ref Proc: 0.3 ms]
      [Ref Enq: 0.0 ms]
      [Redirty Cards: 0.2 ms]
      [Humongous Register: 0.2 ms]
      [Humongous Reclaim: 0.0 ms]
      [Free CSet: 0.1 ms]
   [Eden: 44.0M(44.0M)->0.0B(44.0M) Survivors: 7168.0K->7168.0K Heap: 348.9M(1024.0M)->305.8M(1024.0M)]
 [Times: user=0.06 sys=0.01, real=0.02 secs] 
2021-04-24T01:44:03.247+0800: 55032.922: [GC pause (G1 Evacuation Pause) (young), 0.0165610 secs]
   [Parallel Time: 15.3 ms, GC Workers: 8]
      [GC Worker Start (ms): Min: 55032922.4, Avg: 55032925.6, Max: 55032937.4, Diff: 15.0]
      [Ext Root Scanning (ms): Min: 0.0, Avg: 0.9, Max: 3.5, Diff: 3.5, Sum: 7.5]
      [Update RS (ms): Min: 0.0, Avg: 1.5, Max: 5.0, Diff: 5.0, Sum: 12.0]
         [Processed Buffers: Min: 0, Avg: 5.5, Max: 21, Diff: 21, Sum: 44]
      [Scan RS (ms): Min: 0.0, Avg: 2.6, Max: 11.3, Diff: 11.3, Sum: 21.2]
      [Code Root Scanning (ms): Min: 0.0, Avg: 0.0, Max: 0.0, Diff: 0.0, Sum: 0.0]
      [Object Copy (ms): Min: 0.0, Avg: 6.7, Max: 9.4, Diff: 9.4, Sum: 53.7]
      [Termination (ms): Min: 0.0, Avg: 0.1, Max: 0.3, Diff: 0.3, Sum: 1.0]
         [Termination Attempts: Min: 1, Avg: 1.6, Max: 4, Diff: 3, Sum: 13]
      [GC Worker Other (ms): Min: 0.0, Avg: 0.0, Max: 0.0, Diff: 0.0, Sum: 0.1]
      [GC Worker Total (ms): Min: 0.1, Avg: 11.9, Max: 15.1, Diff: 15.0, Sum: 95.5]
      [GC Worker End (ms): Min: 55032937.5, Avg: 55032937.5, Max: 55032937.6, Diff: 0.2]
   [Code Root Fixup: 0.0 ms]
   [Code Root Purge: 0.0 ms]
   [Clear CT: 0.1 ms]
   [Other: 1.1 ms]
      [Choose CSet: 0.0 ms]
      [Ref Proc: 0.3 ms]
      [Ref Enq: 0.0 ms]
      [Redirty Cards: 0.2 ms]
      [Humongous Register: 0.1 ms]
      [Humongous Reclaim: 0.0 ms]
      [Free CSet: 0.2 ms]
   [Eden: 44.0M(44.0M)->0.0B(74.0M) Survivors: 7168.0K->6144.0K Heap: 349.8M(1024.0M)->305.1M(1024.0M)]
 [Times: user=0.05 sys=0.00, real=0.02 secs] 
2021-04-24T01:44:25.538+0800: 55055.213: [GC pause (G1 Evacuation Pause) (young), 0.0297330 secs]
   [Parallel Time: 27.9 ms, GC Workers: 8]
      [GC Worker Start (ms): Min: 55055213.2, Avg: 55055213.9, Max: 55055216.6, Diff: 3.4]
      [Ext Root Scanning (ms): Min: 0.0, Avg: 1.5, Max: 7.1, Diff: 7.1, Sum: 12.3]
      [Update RS (ms): Min: 0.0, Avg: 2.8, Max: 7.0, Diff: 7.0, Sum: 22.3]
         [Processed Buffers: Min: 0, Avg: 6.4, Max: 21, Diff: 21, Sum: 51]
      [Scan RS (ms): Min: 0.0, Avg: 1.5, Max: 3.8, Diff: 3.8, Sum: 12.3]
      [Code Root Scanning (ms): Min: 0.0, Avg: 0.0, Max: 0.0, Diff: 0.0, Sum: 0.0]
      [Object Copy (ms): Min: 19.3, Avg: 21.1, Max: 26.8, Diff: 7.4, Sum: 168.9]
      [Termination (ms): Min: 0.0, Avg: 0.0, Max: 0.1, Diff: 0.1, Sum: 0.3]
         [Termination Attempts: Min: 1, Avg: 5.5, Max: 10, Diff: 9, Sum: 44]
      [GC Worker Other (ms): Min: 0.0, Avg: 0.0, Max: 0.1, Diff: 0.1, Sum: 0.3]
      [GC Worker Total (ms): Min: 24.4, Avg: 27.0, Max: 27.7, Diff: 3.3, Sum: 216.4]
      [GC Worker End (ms): Min: 55055240.9, Avg: 55055240.9, Max: 55055240.9, Diff: 0.1]
   [Code Root Fixup: 0.0 ms]
   [Code Root Purge: 0.0 ms]
   [Clear CT: 0.2 ms]
   [Other: 1.6 ms]
      [Choose CSet: 0.0 ms]
      [Ref Proc: 0.4 ms]
      [Ref Enq: 0.0 ms]
      [Redirty Cards: 0.2 ms]
      [Humongous Register: 0.2 ms]
      [Humongous Reclaim: 0.0 ms]
      [Free CSet: 0.1 ms]
   [Eden: 45.0M(45.0M)->0.0B(44.0M) Survivors: 6144.0K->7168.0K Heap: 350.1M(1024.0M)->307.5M(1024.0M)]
 [Times: user=0.07 sys=0.02, real=0.03 secs] 
2021-04-24T01:44:47.680+0800: 55077.355: [GC pause (G1 Evacuation Pause) (young), 0.0218539 secs]
   [Parallel Time: 20.0 ms, GC Workers: 8]
      [GC Worker Start (ms): Min: 55077355.6, Avg: 55077356.6, Max: 55077361.8, Diff: 6.2]
      [Ext Root Scanning (ms): Min: 0.0, Avg: 2.7, Max: 10.6, Diff: 10.6, Sum: 21.2]
      [Update RS (ms): Min: 0.0, Avg: 2.6, Max: 8.3, Diff: 8.3, Sum: 21.1]
         [Processed Buffers: Min: 0, Avg: 6.5, Max: 19, Diff: 19, Sum: 52]
      [Scan RS (ms): Min: 0.0, Avg: 3.6, Max: 5.8, Diff: 5.8, Sum: 28.7]
      [Code Root Scanning (ms): Min: 0.0, Avg: 0.0, Max: 0.0, Diff: 0.0, Sum: 0.0]
      [Object Copy (ms): Min: 8.7, Avg: 9.6, Max: 10.4, Diff: 1.7, Sum: 76.9]
      [Termination (ms): Min: 0.0, Avg: 0.4, Max: 0.4, Diff: 0.4, Sum: 2.9]
         [Termination Attempts: Min: 1, Avg: 57.9, Max: 91, Diff: 90, Sum: 463]
      [GC Worker Other (ms): Min: 0.0, Avg: 0.0, Max: 0.0, Diff: 0.0, Sum: 0.1]
      [GC Worker Total (ms): Min: 13.7, Avg: 18.9, Max: 19.9, Diff: 6.2, Sum: 151.0]
      [GC Worker End (ms): Min: 55077375.5, Avg: 55077375.5, Max: 55077375.5, Diff: 0.0]
   [Code Root Fixup: 0.0 ms]
   [Code Root Purge: 0.0 ms]
   [Clear CT: 0.1 ms]
   [Other: 1.7 ms]
      [Choose CSet: 0.0 ms]
      [Ref Proc: 0.3 ms]
      [Ref Enq: 0.0 ms]
      [Redirty Cards: 0.1 ms]
      [Humongous Register: 0.1 ms]
      [Humongous Reclaim: 0.0 ms]
      [Free CSet: 0.1 ms]
   [Eden: 44.0M(44.0M)->0.0B(46.0M) Survivors: 7168.0K->5120.0K Heap: 351.5M(1024.0M)->306.8M(1024.0M)]
 [Times: user=0.07 sys=0.02, real=0.02 secs] 
2021-04-24T01:45:10.912+0800: 55100.587: [GC pause (G1 Evacuation Pause) (young), 0.0156212 secs]
   [Parallel Time: 14.4 ms, GC Workers: 8]
      [GC Worker Start (ms): Min: 55100587.2, Avg: 55100587.6, Max: 55100589.0, Diff: 1.8]
      [Ext Root Scanning (ms): Min: 0.0, Avg: 2.8, Max: 9.1, Diff: 9.1, Sum: 22.1]
      [Update RS (ms): Min: 0.0, Avg: 3.5, Max: 8.5, Diff: 8.5, Sum: 28.0]
         [Processed Buffers: Min: 0, Avg: 6.1, Max: 18, Diff: 18, Sum: 49]
      [Scan RS (ms): Min: 1.0, Avg: 2.7, Max: 5.0, Diff: 4.0, Sum: 21.9]
      [Code Root Scanning (ms): Min: 0.0, Avg: 0.0, Max: 0.0, Diff: 0.0, Sum: 0.0]
      [Object Copy (ms): Min: 3.5, Avg: 4.8, Max: 12.1, Diff: 8.6, Sum: 38.6]
      [Termination (ms): Min: 0.0, Avg: 0.0, Max: 0.0, Diff: 0.0, Sum: 0.0]
         [Termination Attempts: Min: 1, Avg: 1.0, Max: 1, Diff: 0, Sum: 8]
      [GC Worker Other (ms): Min: 0.0, Avg: 0.0, Max: 0.1, Diff: 0.0, Sum: 0.3]
      [GC Worker Total (ms): Min: 12.5, Avg: 13.9, Max: 14.3, Diff: 1.9, Sum: 110.9]
      [GC Worker End (ms): Min: 55100601.5, Avg: 55100601.5, Max: 55100601.5, Diff: 0.0]
   [Code Root Fixup: 0.0 ms]
   [Code Root Purge: 0.0 ms]
   [Clear CT: 0.1 ms]
   [Other: 1.1 ms]
      [Choose CSet: 0.0 ms]
      [Ref Proc: 0.2 ms]
      [Ref Enq: 0.0 ms]
      [Redirty Cards: 0.1 ms]
      [Humongous Register: 0.2 ms]
      [Humongous Reclaim: 0.0 ms]
      [Free CSet: 0.1 ms]
   [Eden: 46.0M(46.0M)->0.0B(46.0M) Survivors: 5120.0K->5120.0K Heap: 352.8M(1024.0M)->307.3M(1024.0M)]
 [Times: user=0.06 sys=0.00, real=0.01 secs] 
2021-04-24T01:45:34.226+0800: 55123.901: [GC pause (G1 Evacuation Pause) (young), 0.0208430 secs]
   [Parallel Time: 19.2 ms, GC Workers: 8]
      [GC Worker Start (ms): Min: 55123901.6, Avg: 55123902.8, Max: 55123909.2, Diff: 7.7]
      [Ext Root Scanning (ms): Min: 0.0, Avg: 2.9, Max: 9.9, Diff: 9.9, Sum: 23.5]
      [Update RS (ms): Min: 0.0, Avg: 1.9, Max: 4.1, Diff: 4.1, Sum: 15.3]
         [Processed Buffers: Min: 0, Avg: 5.2, Max: 12, Diff: 12, Sum: 42]
      [Scan RS (ms): Min: 0.0, Avg: 2.5, Max: 4.2, Diff: 4.2, Sum: 20.0]
      [Code Root Scanning (ms): Min: 0.0, Avg: 0.0, Max: 0.0, Diff: 0.0, Sum: 0.0]
      [Object Copy (ms): Min: 9.0, Avg: 10.4, Max: 17.8, Diff: 8.8, Sum: 83.0]
      [Termination (ms): Min: 0.0, Avg: 0.0, Max: 0.0, Diff: 0.0, Sum: 0.0]
         [Termination Attempts: Min: 1, Avg: 8.2, Max: 18, Diff: 17, Sum: 66]
      [GC Worker Other (ms): Min: 0.0, Avg: 0.0, Max: 0.1, Diff: 0.0, Sum: 0.3]
      [GC Worker Total (ms): Min: 11.3, Avg: 17.8, Max: 19.0, Diff: 7.7, Sum: 142.1]
      [GC Worker End (ms): Min: 55123920.5, Avg: 55123920.5, Max: 55123920.6, Diff: 0.0]
   [Code Root Fixup: 0.0 ms]
   [Code Root Purge: 0.0 ms]
   [Clear CT: 0.1 ms]
   [Other: 1.5 ms]
      [Choose CSet: 0.0 ms]
      [Ref Proc: 0.2 ms]
      [Ref Enq: 0.0 ms]
      [Redirty Cards: 0.1 ms]
      [Humongous Register: 0.3 ms]
      [Humongous Reclaim: 0.0 ms]
      [Free CSet: 0.2 ms]
   [Eden: 46.0M(46.0M)->0.0B(46.0M) Survivors: 5120.0K->5120.0K Heap: 353.3M(1024.0M)->308.4M(1024.0M)]
 [Times: user=0.07 sys=0.01, real=0.02 secs] 
2021-04-24T01:45:57.517+0800: 55147.192: [GC pause (G1 Evacuation Pause) (young), 0.0203970 secs]
   [Parallel Time: 18.7 ms, GC Workers: 8]
      [GC Worker Start (ms): Min: 55147192.5, Avg: 55147192.7, Max: 55147192.8, Diff: 0.3]
      [Ext Root Scanning (ms): Min: 0.6, Avg: 5.5, Max: 18.0, Diff: 17.4, Sum: 44.3]
      [Update RS (ms): Min: 0.0, Avg: 3.9, Max: 15.7, Diff: 15.7, Sum: 31.2]
         [Processed Buffers: Min: 0, Avg: 5.8, Max: 14, Diff: 14, Sum: 46]
      [Scan RS (ms): Min: 0.0, Avg: 2.7, Max: 9.6, Diff: 9.6, Sum: 21.5]
      [Code Root Scanning (ms): Min: 0.0, Avg: 0.0, Max: 0.0, Diff: 0.0, Sum: 0.0]
      [Object Copy (ms): Min: 0.5, Avg: 5.9, Max: 14.5, Diff: 14.0, Sum: 46.8]
      [Termination (ms): Min: 0.0, Avg: 0.5, Max: 0.6, Diff: 0.6, Sum: 4.0]
         [Termination Attempts: Min: 1, Avg: 1.2, Max: 2, Diff: 1, Sum: 10]
      [GC Worker Other (ms): Min: 0.0, Avg: 0.0, Max: 0.0, Diff: 0.0, Sum: 0.1]
      [GC Worker Total (ms): Min: 18.3, Avg: 18.5, Max: 18.7, Diff: 0.3, Sum: 148.0]
      [GC Worker End (ms): Min: 55147211.2, Avg: 55147211.2, Max: 55147211.2, Diff: 0.0]
   [Code Root Fixup: 0.0 ms]
   [Code Root Purge: 0.0 ms]
   [Clear CT: 0.1 ms]
   [Other: 1.6 ms]
      [Choose CSet: 0.0 ms]
      [Ref Proc: 0.8 ms]
      [Ref Enq: 0.0 ms]
      [Redirty Cards: 0.1 ms]
      [Humongous Register: 0.2 ms]
      [Humongous Reclaim: 0.0 ms]
      [Free CSet: 0.1 ms]
   [Eden: 46.0M(46.0M)->0.0B(44.0M) Survivors: 5120.0K->7168.0K Heap: 354.4M(1024.0M)->310.8M(1024.0M)]
 [Times: user=0.07 sys=0.00, real=0.02 secs] 
2021-04-24T01:46:19.653+0800: 55169.329: [GC pause (G1 Evacuation Pause) (young), 0.0202168 secs]
   [Parallel Time: 18.3 ms, GC Workers: 8]
      [GC Worker Start (ms): Min: 55169329.0, Avg: 55169329.8, Max: 55169333.6, Diff: 4.6]
      [Ext Root Scanning (ms): Min: 0.0, Avg: 2.3, Max: 7.3, Diff: 7.2, Sum: 18.1]
      [Update RS (ms): Min: 0.0, Avg: 1.1, Max: 2.6, Diff: 2.6, Sum: 9.0]
         [Processed Buffers: Min: 0, Avg: 5.4, Max: 21, Diff: 21, Sum: 43]
      [Scan RS (ms): Min: 0.0, Avg: 1.5, Max: 2.4, Diff: 2.4, Sum: 12.0]
      [Code Root Scanning (ms): Min: 0.0, Avg: 0.0, Max: 0.0, Diff: 0.0, Sum: 0.0]
      [Object Copy (ms): Min: 8.9, Avg: 11.3, Max: 13.7, Diff: 4.8, Sum: 90.3]
      [Termination (ms): Min: 0.0, Avg: 1.3, Max: 2.1, Diff: 2.1, Sum: 10.2]
         [Termination Attempts: Min: 1, Avg: 2.1, Max: 4, Diff: 3, Sum: 17]
      [GC Worker Other (ms): Min: 0.0, Avg: 0.0, Max: 0.1, Diff: 0.1, Sum: 0.2]
      [GC Worker Total (ms): Min: 13.6, Avg: 17.5, Max: 18.3, Diff: 4.6, Sum: 139.9]
      [GC Worker End (ms): Min: 55169347.2, Avg: 55169347.3, Max: 55169347.3, Diff: 0.0]
   [Code Root Fixup: 0.0 ms]
   [Code Root Purge: 0.0 ms]
   [Clear CT: 0.1 ms]
   [Other: 1.7 ms]
      [Choose CSet: 0.0 ms]
      [Ref Proc: 0.3 ms]
      [Ref Enq: 0.0 ms]
      [Redirty Cards: 0.1 ms]
      [Humongous Register: 0.1 ms]
      [Humongous Reclaim: 0.0 ms]
      [Free CSet: 0.1 ms]
   [Eden: 44.0M(44.0M)->0.0B(57.0M) Survivors: 7168.0K->5120.0K Heap: 354.8M(1024.0M)->309.6M(1024.0M)]
 [Times: user=0.05 sys=0.01, real=0.02 secs] 
2021-04-24T01:46:42.491+0800: 55192.166: [GC pause (G1 Evacuation Pause) (young), 0.0171918 secs]
   [Parallel Time: 15.7 ms, GC Workers: 8]
      [GC Worker Start (ms): Min: 55192166.2, Avg: 55192168.1, Max: 55192180.6, Diff: 14.4]
      [Ext Root Scanning (ms): Min: 0.1, Avg: 2.8, Max: 15.1, Diff: 15.0, Sum: 22.5]
      [Update RS (ms): Min: 0.0, Avg: 2.8, Max: 13.9, Diff: 13.9, Sum: 22.3]
         [Processed Buffers: Min: 0, Avg: 6.6, Max: 30, Diff: 30, Sum: 53]
      [Scan RS (ms): Min: 0.0, Avg: 1.9, Max: 3.6, Diff: 3.6, Sum: 15.3]
      [Code Root Scanning (ms): Min: 0.0, Avg: 0.0, Max: 0.0, Diff: 0.0, Sum: 0.0]
      [Object Copy (ms): Min: 0.4, Avg: 5.6, Max: 8.8, Diff: 8.5, Sum: 44.5]
      [Termination (ms): Min: 0.0, Avg: 0.6, Max: 0.7, Diff: 0.7, Sum: 5.0]
         [Termination Attempts: Min: 1, Avg: 29.1, Max: 60, Diff: 59, Sum: 233]
      [GC Worker Other (ms): Min: 0.0, Avg: 0.0, Max: 0.1, Diff: 0.0, Sum: 0.2]
      [GC Worker Total (ms): Min: 1.2, Avg: 13.7, Max: 15.6, Diff: 14.4, Sum: 109.9]
      [GC Worker End (ms): Min: 55192181.8, Avg: 55192181.8, Max: 55192181.9, Diff: 0.1]
   [Code Root Fixup: 0.0 ms]
   [Code Root Purge: 0.0 ms]
   [Clear CT: 0.1 ms]
   [Other: 1.4 ms]
      [Choose CSet: 0.0 ms]
      [Ref Proc: 0.6 ms]
      [Ref Enq: 0.0 ms]
      [Redirty Cards: 0.0 ms]
      [Humongous Register: 0.1 ms]
      [Humongous Reclaim: 0.0 ms]
      [Free CSet: 0.0 ms]
   [Eden: 46.0M(46.0M)->0.0B(79.0M) Survivors: 5120.0K->7168.0K Heap: 355.6M(1024.0M)->312.4M(1024.0M)]
 [Times: user=0.06 sys=0.01, real=0.01 secs] 
2021-04-24T01:47:11.088+0800: 55220.764: [GC pause (G1 Evacuation Pause) (young), 0.0204491 secs]
   [Parallel Time: 18.5 ms, GC Workers: 8]
      [GC Worker Start (ms): Min: 55220764.4, Avg: 55220764.5, Max: 55220764.8, Diff: 0.4]
      [Ext Root Scanning (ms): Min: 0.5, Avg: 4.4, Max: 9.2, Diff: 8.7, Sum: 35.6]
      [Update RS (ms): Min: 0.0, Avg: 1.9, Max: 5.1, Diff: 5.1, Sum: 15.5]
         [Processed Buffers: Min: 0, Avg: 6.2, Max: 18, Diff: 18, Sum: 50]
      [Scan RS (ms): Min: 0.0, Avg: 1.8, Max: 3.4, Diff: 3.4, Sum: 14.1]
      [Code Root Scanning (ms): Min: 0.0, Avg: 0.0, Max: 0.0, Diff: 0.0, Sum: 0.0]
      [Object Copy (ms): Min: 9.0, Avg: 10.1, Max: 16.3, Diff: 7.4, Sum: 80.4]
      [Termination (ms): Min: 0.0, Avg: 0.0, Max: 0.0, Diff: 0.0, Sum: 0.1]
         [Termination Attempts: Min: 1, Avg: 8.1, Max: 13, Diff: 12, Sum: 65]
      [GC Worker Other (ms): Min: 0.0, Avg: 0.0, Max: 0.1, Diff: 0.0, Sum: 0.3]
      [GC Worker Total (ms): Min: 18.0, Avg: 18.2, Max: 18.4, Diff: 0.4, Sum: 145.9]
      [GC Worker End (ms): Min: 55220782.7, Avg: 55220782.8, Max: 55220782.8, Diff: 0.0]
   [Code Root Fixup: 0.0 ms]
   [Code Root Purge: 0.0 ms]
   [Clear CT: 0.1 ms]
   [Other: 1.8 ms]
      [Choose CSet: 0.0 ms]
      [Ref Proc: 0.2 ms]
      [Ref Enq: 0.0 ms]
      [Redirty Cards: 0.1 ms]
      [Humongous Register: 0.3 ms]
      [Humongous Reclaim: 0.0 ms]
      [Free CSet: 0.1 ms]
   [Eden: 57.0M(44.0M)->0.0B(90.0M) Survivors: 7168.0K->5120.0K Heap: 369.4M(1024.0M)->311.6M(1024.0M)]
 [Times: user=0.07 sys=0.01, real=0.02 secs] 
2021-04-24T01:47:34.110+0800: 55243.786: [GC pause (G1 Evacuation Pause) (young), 0.0165187 secs]
   [Parallel Time: 15.5 ms, GC Workers: 8]
      [GC Worker Start (ms): Min: 55243786.4, Avg: 55243788.3, Max: 55243799.1, Diff: 12.7]
      [Ext Root Scanning (ms): Min: 0.0, Avg: 2.5, Max: 8.6, Diff: 8.6, Sum: 20.0]
      [Update RS (ms): Min: 0.0, Avg: 2.0, Max: 4.1, Diff: 4.1, Sum: 15.7]
         [Processed Buffers: Min: 0, Avg: 7.0, Max: 23, Diff: 23, Sum: 56]
      [Scan RS (ms): Min: 0.1, Avg: 3.6, Max: 7.8, Diff: 7.8, Sum: 28.8]
      [Code Root Scanning (ms): Min: 0.0, Avg: 0.0, Max: 0.0, Diff: 0.0, Sum: 0.0]
      [Object Copy (ms): Min: 2.6, Avg: 5.4, Max: 13.5, Diff: 10.9, Sum: 43.4]
      [Termination (ms): Min: 0.0, Avg: 0.0, Max: 0.1, Diff: 0.1, Sum: 0.3]
         [Termination Attempts: Min: 1, Avg: 18.2, Max: 33, Diff: 32, Sum: 146]
      [GC Worker Other (ms): Min: 0.0, Avg: 0.0, Max: 0.0, Diff: 0.0, Sum: 0.1]
      [GC Worker Total (ms): Min: 2.7, Avg: 13.6, Max: 15.4, Diff: 12.7, Sum: 108.4]
      [GC Worker End (ms): Min: 55243801.8, Avg: 55243801.8, Max: 55243801.8, Diff: 0.0]
   [Code Root Fixup: 0.0 ms]
   [Code Root Purge: 0.0 ms]
   [Clear CT: 0.1 ms]
   [Other: 0.9 ms]
      [Choose CSet: 0.0 ms]
      [Ref Proc: 0.2 ms]
      [Ref Enq: 0.0 ms]
      [Redirty Cards: 0.1 ms]
      [Humongous Register: 0.1 ms]
      [Humongous Reclaim: 0.0 ms]
      [Free CSet: 0.1 ms]
   [Eden: 46.0M(46.0M)->0.0B(97.0M) Survivors: 5120.0K->6144.0K Heap: 357.6M(1024.0M)->312.1M(1024.0M)]
 [Times: user=0.06 sys=0.00, real=0.01 secs] 
2021-04-24T01:48:23.033+0800: 55292.709: [GC pause (G1 Evacuation Pause) (young), 0.0209640 secs]
   [Parallel Time: 19.5 ms, GC Workers: 8]
      [GC Worker Start (ms): Min: 55292709.7, Avg: 55292711.6, Max: 55292721.0, Diff: 11.3]
      [Ext Root Scanning (ms): Min: 0.0, Avg: 3.4, Max: 11.3, Diff: 11.3, Sum: 27.0]
      [Update RS (ms): Min: 0.0, Avg: 2.8, Max: 6.5, Diff: 6.5, Sum: 22.5]
         [Processed Buffers: Min: 0, Avg: 6.0, Max: 23, Diff: 23, Sum: 48]
      [Scan RS (ms): Min: 0.0, Avg: 1.9, Max: 3.7, Diff: 3.6, Sum: 15.0]
      [Code Root Scanning (ms): Min: 0.0, Avg: 0.0, Max: 0.0, Diff: 0.0, Sum: 0.0]
      [Object Copy (ms): Min: 7.8, Avg: 9.3, Max: 16.8, Diff: 9.0, Sum: 74.2]
      [Termination (ms): Min: 0.0, Avg: 0.1, Max: 0.1, Diff: 0.1, Sum: 0.5]
         [Termination Attempts: Min: 1, Avg: 10.0, Max: 23, Diff: 22, Sum: 80]
      [GC Worker Other (ms): Min: 0.0, Avg: 0.0, Max: 0.0, Diff: 0.0, Sum: 0.2]
      [GC Worker Total (ms): Min: 8.1, Avg: 17.4, Max: 19.4, Diff: 11.3, Sum: 139.4]
      [GC Worker End (ms): Min: 55292729.0, Avg: 55292729.1, Max: 55292729.1, Diff: 0.0]
   [Code Root Fixup: 0.1 ms]
   [Code Root Purge: 0.0 ms]
   [Clear CT: 0.1 ms]
   [Other: 1.3 ms]
      [Choose CSet: 0.0 ms]
      [Ref Proc: 0.3 ms]
      [Ref Enq: 0.0 ms]
      [Redirty Cards: 0.1 ms]
      [Humongous Register: 0.2 ms]
      [Humongous Reclaim: 0.0 ms]
      [Free CSet: 0.2 ms]
   [Eden: 97.0M(97.0M)->0.0B(111.0M) Survivors: 6144.0K->8192.0K Heap: 409.1M(1024.0M)->314.5M(1024.0M)]
 [Times: user=0.07 sys=0.00, real=0.02 secs] 
2021-04-24T01:48:44.486+0800: 55314.162: [GC pause (G1 Evacuation Pause) (young), 0.0252832 secs]
   [Parallel Time: 24.3 ms, GC Workers: 8]
      [GC Worker Start (ms): Min: 55314162.4, Avg: 55314162.5, Max: 55314162.6, Diff: 0.2]
      [Ext Root Scanning (ms): Min: 0.4, Avg: 2.0, Max: 6.3, Diff: 5.9, Sum: 15.7]
      [Update RS (ms): Min: 0.0, Avg: 0.8, Max: 1.8, Diff: 1.8, Sum: 6.6]
         [Processed Buffers: Min: 0, Avg: 6.4, Max: 37, Diff: 37, Sum: 51]
      [Scan RS (ms): Min: 0.2, Avg: 3.2, Max: 4.4, Diff: 4.3, Sum: 25.9]
      [Code Root Scanning (ms): Min: 0.0, Avg: 0.0, Max: 0.0, Diff: 0.0, Sum: 0.0]
      [Object Copy (ms): Min: 16.4, Avg: 17.9, Max: 22.2, Diff: 5.8, Sum: 143.4]
      [Termination (ms): Min: 0.0, Avg: 0.1, Max: 0.2, Diff: 0.2, Sum: 1.1]
         [Termination Attempts: Min: 1, Avg: 1.0, Max: 1, Diff: 0, Sum: 8]
      [GC Worker Other (ms): Min: 0.0, Avg: 0.0, Max: 0.0, Diff: 0.0, Sum: 0.1]
      [GC Worker Total (ms): Min: 24.0, Avg: 24.1, Max: 24.2, Diff: 0.2, Sum: 192.8]
      [GC Worker End (ms): Min: 55314186.5, Avg: 55314186.6, Max: 55314186.6, Diff: 0.1]
   [Code Root Fixup: 0.0 ms]
   [Code Root Purge: 0.0 ms]
   [Clear CT: 0.1 ms]
   [Other: 0.9 ms]
      [Choose CSet: 0.0 ms]
      [Ref Proc: 0.3 ms]
      [Ref Enq: 0.0 ms]
      [Redirty Cards: 0.1 ms]
      [Humongous Register: 0.1 ms]
      [Humongous Reclaim: 0.0 ms]
      [Free CSet: 0.1 ms]
   [Eden: 43.0M(43.0M)->0.0B(44.0M) Survivors: 8192.0K->7168.0K Heap: 357.5M(1024.0M)->314.8M(1024.0M)]
 [Times: user=0.06 sys=0.01, real=0.03 secs] 
2021-04-24T01:49:06.789+0800: 55336.465: [GC pause (G1 Evacuation Pause) (young), 0.0241093 secs]
   [Parallel Time: 22.2 ms, GC Workers: 8]
      [GC Worker Start (ms): Min: 55336465.6, Avg: 55336466.3, Max: 55336469.9, Diff: 4.3]
      [Ext Root Scanning (ms): Min: 0.0, Avg: 1.2, Max: 6.4, Diff: 6.4, Sum: 9.9]
      [Update RS (ms): Min: 0.0, Avg: 1.4, Max: 4.1, Diff: 4.1, Sum: 10.9]
         [Processed Buffers: Min: 0, Avg: 6.6, Max: 22, Diff: 22, Sum: 53]
      [Scan RS (ms): Min: 0.0, Avg: 2.1, Max: 3.8, Diff: 3.8, Sum: 16.7]
      [Code Root Scanning (ms): Min: 0.0, Avg: 0.0, Max: 0.0, Diff: 0.0, Sum: 0.0]
      [Object Copy (ms): Min: 14.8, Avg: 16.5, Max: 21.2, Diff: 6.4, Sum: 131.8]
      [Termination (ms): Min: 0.0, Avg: 0.2, Max: 0.2, Diff: 0.2, Sum: 1.2]
         [Termination Attempts: Min: 1, Avg: 3.5, Max: 8, Diff: 7, Sum: 28]
      [GC Worker Other (ms): Min: 0.0, Avg: 0.0, Max: 0.1, Diff: 0.1, Sum: 0.3]
      [GC Worker Total (ms): Min: 17.8, Avg: 21.4, Max: 22.0, Diff: 4.2, Sum: 170.9]
      [GC Worker End (ms): Min: 55336487.6, Avg: 55336487.6, Max: 55336487.7, Diff: 0.1]
   [Code Root Fixup: 0.0 ms]
   [Code Root Purge: 0.0 ms]
   [Clear CT: 0.2 ms]
   [Other: 1.7 ms]
      [Choose CSet: 0.0 ms]
      [Ref Proc: 0.3 ms]
      [Ref Enq: 0.0 ms]
      [Redirty Cards: 0.2 ms]
      [Humongous Register: 0.1 ms]
      [Humongous Reclaim: 0.0 ms]
      [Free CSet: 0.1 ms]
   [Eden: 44.0M(44.0M)->0.0B(44.0M) Survivors: 7168.0K->7168.0K Heap: 358.8M(1024.0M)->316.1M(1024.0M)]
 [Times: user=0.07 sys=0.02, real=0.03 secs] 
2021-04-24T01:49:28.936+0800: 55358.612: [GC pause (G1 Evacuation Pause) (young), 0.0207325 secs]
   [Parallel Time: 19.1 ms, GC Workers: 8]
      [GC Worker Start (ms): Min: 55358612.6, Avg: 55358614.4, Max: 55358623.8, Diff: 11.1]
      [Ext Root Scanning (ms): Min: 0.0, Avg: 2.1, Max: 10.4, Diff: 10.4, Sum: 17.1]
      [Update RS (ms): Min: 0.0, Avg: 5.0, Max: 9.7, Diff: 9.7, Sum: 40.3]
         [Processed Buffers: Min: 0, Avg: 6.5, Max: 19, Diff: 19, Sum: 52]
      [Scan RS (ms): Min: 0.2, Avg: 2.2, Max: 3.6, Diff: 3.4, Sum: 18.0]
      [Code Root Scanning (ms): Min: 0.0, Avg: 0.0, Max: 0.0, Diff: 0.0, Sum: 0.0]
      [Object Copy (ms): Min: 7.5, Avg: 7.7, Max: 8.6, Diff: 1.1, Sum: 61.7]
      [Termination (ms): Min: 0.0, Avg: 0.1, Max: 0.1, Diff: 0.1, Sum: 1.0]
         [Termination Attempts: Min: 1, Avg: 3.5, Max: 8, Diff: 7, Sum: 28]
      [GC Worker Other (ms): Min: 0.0, Avg: 0.0, Max: 0.1, Diff: 0.0, Sum: 0.2]
      [GC Worker Total (ms): Min: 7.9, Avg: 17.3, Max: 19.0, Diff: 11.1, Sum: 138.2]
      [GC Worker End (ms): Min: 55358631.7, Avg: 55358631.7, Max: 55358631.7, Diff: 0.0]
   [Code Root Fixup: 0.0 ms]
   [Code Root Purge: 0.0 ms]
   [Clear CT: 0.1 ms]
   [Other: 1.5 ms]
      [Choose CSet: 0.0 ms]
      [Ref Proc: 0.2 ms]
      [Ref Enq: 0.0 ms]
      [Redirty Cards: 0.1 ms]
      [Humongous Register: 0.2 ms]
      [Humongous Reclaim: 0.0 ms]
      [Free CSet: 0.1 ms]
   [Eden: 44.0M(44.0M)->0.0B(52.0M) Survivors: 7168.0K->5120.0K Heap: 360.1M(1024.0M)->316.6M(1024.0M)]
 [Times: user=0.07 sys=0.01, real=0.02 secs] 
2021-04-24T01:49:54.862+0800: 55384.538: [GC pause (G1 Evacuation Pause) (young), 0.0134568 secs]
   [Parallel Time: 12.3 ms, GC Workers: 8]
      [GC Worker Start (ms): Min: 55384538.0, Avg: 55384538.1, Max: 55384538.6, Diff: 0.7]
      [Ext Root Scanning (ms): Min: 0.0, Avg: 1.4, Max: 4.8, Diff: 4.8, Sum: 11.5]
      [Update RS (ms): Min: 0.0, Avg: 3.1, Max: 10.8, Diff: 10.8, Sum: 24.4]
         [Processed Buffers: Min: 0, Avg: 6.2, Max: 19, Diff: 19, Sum: 50]
      [Scan RS (ms): Min: 0.0, Avg: 3.2, Max: 8.1, Diff: 8.1, Sum: 25.6]
      [Code Root Scanning (ms): Min: 0.0, Avg: 0.0, Max: 0.0, Diff: 0.0, Sum: 0.0]
      [Object Copy (ms): Min: 0.0, Avg: 4.1, Max: 11.4, Diff: 11.4, Sum: 33.1]
      [Termination (ms): Min: 0.0, Avg: 0.2, Max: 0.4, Diff: 0.4, Sum: 1.7]
         [Termination Attempts: Min: 1, Avg: 19.4, Max: 41, Diff: 40, Sum: 155]
      [GC Worker Other (ms): Min: 0.0, Avg: 0.0, Max: 0.0, Diff: 0.0, Sum: 0.1]
      [GC Worker Total (ms): Min: 11.5, Avg: 12.0, Max: 12.2, Diff: 0.7, Sum: 96.4]
      [GC Worker End (ms): Min: 55384550.1, Avg: 55384550.2, Max: 55384550.2, Diff: 0.0]
   [Code Root Fixup: 0.0 ms]
   [Code Root Purge: 0.0 ms]
   [Clear CT: 0.1 ms]
   [Other: 1.0 ms]
      [Choose CSet: 0.0 ms]
      [Ref Proc: 0.3 ms]
      [Ref Enq: 0.0 ms]
      [Redirty Cards: 0.2 ms]
      [Humongous Register: 0.1 ms]
      [Humongous Reclaim: 0.0 ms]
      [Free CSet: 0.1 ms]
   [Eden: 52.0M(52.0M)->0.0B(120.0M) Survivors: 5120.0K->5120.0K Heap: 368.6M(1024.0M)->316.6M(1024.0M)]
 [Times: user=0.05 sys=0.00, real=0.01 secs] 
2021-04-24T01:50:55.545+0800: 55445.221: [GC pause (G1 Evacuation Pause) (young), 0.0174675 secs]
   [Parallel Time: 16.3 ms, GC Workers: 8]
      [GC Worker Start (ms): Min: 55445221.8, Avg: 55445222.9, Max: 55445229.3, Diff: 7.4]
      [Ext Root Scanning (ms): Min: 0.0, Avg: 3.4, Max: 11.1, Diff: 11.1, Sum: 27.4]
      [Update RS (ms): Min: 0.0, Avg: 2.3, Max: 5.3, Diff: 5.3, Sum: 18.4]
         [Processed Buffers: Min: 0, Avg: 5.4, Max: 17, Diff: 17, Sum: 43]
      [Scan RS (ms): Min: 0.0, Avg: 2.5, Max: 5.3, Diff: 5.3, Sum: 20.1]
      [Code Root Scanning (ms): Min: 0.0, Avg: 0.0, Max: 0.0, Diff: 0.0, Sum: 0.0]
      [Object Copy (ms): Min: 5.0, Avg: 6.8, Max: 14.7, Diff: 9.8, Sum: 54.3]
      [Termination (ms): Min: 0.0, Avg: 0.1, Max: 0.1, Diff: 0.1, Sum: 0.4]
         [Termination Attempts: Min: 1, Avg: 15.5, Max: 22, Diff: 21, Sum: 124]
      [GC Worker Other (ms): Min: 0.0, Avg: 0.0, Max: 0.0, Diff: 0.0, Sum: 0.2]
      [GC Worker Total (ms): Min: 8.7, Avg: 15.1, Max: 16.2, Diff: 7.5, Sum: 120.9]
      [GC Worker End (ms): Min: 55445238.0, Avg: 55445238.0, Max: 55445238.0, Diff: 0.1]
   [Code Root Fixup: 0.0 ms]
   [Code Root Purge: 0.0 ms]
   [Clear CT: 0.1 ms]
   [Other: 1.1 ms]
      [Choose CSet: 0.0 ms]
      [Ref Proc: 0.2 ms]
      [Ref Enq: 0.0 ms]
      [Redirty Cards: 0.1 ms]
      [Humongous Register: 0.2 ms]
      [Humongous Reclaim: 0.0 ms]
      [Free CSet: 0.1 ms]
   [Eden: 120.0M(120.0M)->0.0B(134.0M) Survivors: 5120.0K->7168.0K Heap: 436.6M(1024.0M)->318.4M(1024.0M)]
 [Times: user=0.08 sys=0.01, real=0.02 secs] 
2021-04-24T01:51:39.249+0800: 55488.926: [GC pause (G1 Evacuation Pause) (young), 0.0198155 secs]
   [Parallel Time: 19.1 ms, GC Workers: 8]
      [GC Worker Start (ms): Min: 55488925.9, Avg: 55488927.2, Max: 55488930.9, Diff: 5.0]
      [Ext Root Scanning (ms): Min: 0.0, Avg: 1.1, Max: 4.4, Diff: 4.4, Sum: 9.0]
      [Update RS (ms): Min: 0.0, Avg: 1.0, Max: 2.4, Diff: 2.4, Sum: 7.9]
         [Processed Buffers: Min: 0, Avg: 6.2, Max: 30, Diff: 30, Sum: 50]
      [Scan RS (ms): Min: 0.1, Avg: 1.6, Max: 2.9, Diff: 2.8, Sum: 13.0]
      [Code Root Scanning (ms): Min: 0.0, Avg: 0.0, Max: 0.0, Diff: 0.0, Sum: 0.0]
      [Object Copy (ms): Min: 13.4, Avg: 13.8, Max: 14.1, Diff: 0.6, Sum: 110.2]
      [Termination (ms): Min: 0.0, Avg: 0.1, Max: 0.2, Diff: 0.2, Sum: 0.9]
         [Termination Attempts: Min: 1, Avg: 1.4, Max: 3, Diff: 2, Sum: 11]
      [GC Worker Other (ms): Min: 0.0, Avg: 0.0, Max: 0.1, Diff: 0.1, Sum: 0.2]
      [GC Worker Total (ms): Min: 14.0, Avg: 17.7, Max: 19.0, Diff: 5.0, Sum: 141.3]
      [GC Worker End (ms): Min: 55488944.9, Avg: 55488944.9, Max: 55488944.9, Diff: 0.0]
   [Code Root Fixup: 0.0 ms]
   [Code Root Purge: 0.0 ms]
   [Clear CT: 0.1 ms]
   [Other: 0.6 ms]
      [Choose CSet: 0.0 ms]
      [Ref Proc: 0.1 ms]
      [Ref Enq: 0.0 ms]
      [Redirty Cards: 0.1 ms]
      [Humongous Register: 0.1 ms]
      [Humongous Reclaim: 0.0 ms]
      [Free CSet: 0.1 ms]
   [Eden: 87.0M(44.0M)->0.0B(133.0M) Survivors: 7168.0K->7168.0K Heap: 405.4M(1024.0M)->319.7M(1024.0M)]
 [Times: user=0.06 sys=0.01, real=0.02 secs] 
2021-04-24T01:52:46.708+0800: 55556.384: [GC pause (G1 Evacuation Pause) (young), 0.0235346 secs]
   [Parallel Time: 22.1 ms, GC Workers: 8]
      [GC Worker Start (ms): Min: 55556385.0, Avg: 55556386.0, Max: 55556390.5, Diff: 5.5]
      [Ext Root Scanning (ms): Min: 0.0, Avg: 1.1, Max: 2.9, Diff: 2.9, Sum: 8.4]
      [Update RS (ms): Min: 1.5, Avg: 6.5, Max: 9.4, Diff: 7.9, Sum: 52.1]
         [Processed Buffers: Min: 0, Avg: 7.1, Max: 21, Diff: 21, Sum: 57]
      [Scan RS (ms): Min: 0.0, Avg: 2.6, Max: 4.7, Diff: 4.7, Sum: 20.5]
      [Code Root Scanning (ms): Min: 0.0, Avg: 0.0, Max: 0.0, Diff: 0.0, Sum: 0.0]
      [Object Copy (ms): Min: 10.1, Avg: 10.9, Max: 11.4, Diff: 1.2, Sum: 86.9]
      [Termination (ms): Min: 0.0, Avg: 0.0, Max: 0.1, Diff: 0.1, Sum: 0.3]
         [Termination Attempts: Min: 1, Avg: 8.1, Max: 24, Diff: 23, Sum: 65]
      [GC Worker Other (ms): Min: 0.0, Avg: 0.0, Max: 0.1, Diff: 0.0, Sum: 0.3]
      [GC Worker Total (ms): Min: 16.6, Avg: 21.1, Max: 22.1, Diff: 5.4, Sum: 168.6]
      [GC Worker End (ms): Min: 55556407.0, Avg: 55556407.1, Max: 55556407.1, Diff: 0.1]
   [Code Root Fixup: 0.0 ms]
   [Code Root Purge: 0.0 ms]
   [Clear CT: 0.1 ms]
   [Other: 1.3 ms]
      [Choose CSet: 0.0 ms]
      [Ref Proc: 0.2 ms]
      [Ref Enq: 0.0 ms]
      [Redirty Cards: 0.1 ms]
      [Humongous Register: 0.3 ms]
      [Humongous Reclaim: 0.0 ms]
      [Free CSet: 0.1 ms]
   [Eden: 133.0M(133.0M)->0.0B(77.0M) Survivors: 7168.0K->9216.0K Heap: 452.7M(1024.0M)->321.7M(1024.0M)]
 [Times: user=0.06 sys=0.02, real=0.03 secs] 
2021-04-24T01:53:07.774+0800: 55577.451: [GC pause (G1 Evacuation Pause) (young), 0.0380889 secs]
   [Parallel Time: 37.1 ms, GC Workers: 8]
      [GC Worker Start (ms): Min: 55577451.3, Avg: 55577452.3, Max: 55577456.9, Diff: 5.6]
      [Ext Root Scanning (ms): Min: 0.0, Avg: 2.1, Max: 7.5, Diff: 7.5, Sum: 16.8]
      [Update RS (ms): Min: 0.0, Avg: 1.2, Max: 2.7, Diff: 2.7, Sum: 9.6]
         [Processed Buffers: Min: 0, Avg: 6.2, Max: 32, Diff: 32, Sum: 50]
      [Scan RS (ms): Min: 0.0, Avg: 2.3, Max: 3.6, Diff: 3.6, Sum: 18.3]
      [Code Root Scanning (ms): Min: 0.0, Avg: 0.0, Max: 0.0, Diff: 0.0, Sum: 0.0]
      [Object Copy (ms): Min: 29.0, Avg: 30.2, Max: 34.3, Diff: 5.2, Sum: 241.3]
      [Termination (ms): Min: 0.0, Avg: 0.2, Max: 0.3, Diff: 0.3, Sum: 1.8]
         [Termination Attempts: Min: 1, Avg: 1.2, Max: 2, Diff: 1, Sum: 10]
      [GC Worker Other (ms): Min: 0.0, Avg: 0.0, Max: 0.0, Diff: 0.0, Sum: 0.1]
      [GC Worker Total (ms): Min: 31.3, Avg: 36.0, Max: 37.0, Diff: 5.6, Sum: 287.9]
      [GC Worker End (ms): Min: 55577488.2, Avg: 55577488.2, Max: 55577488.3, Diff: 0.0]
   [Code Root Fixup: 0.0 ms]
   [Code Root Purge: 0.0 ms]
   [Clear CT: 0.1 ms]
   [Other: 0.9 ms]
      [Choose CSet: 0.0 ms]
      [Ref Proc: 0.2 ms]
      [Ref Enq: 0.0 ms]
      [Redirty Cards: 0.1 ms]
      [Humongous Register: 0.1 ms]
      [Humongous Reclaim: 0.0 ms]
      [Free CSet: 0.1 ms]
   [Eden: 42.0M(42.0M)->0.0B(44.0M) Survivors: 9216.0K->7168.0K Heap: 363.7M(1024.0M)->323.0M(1024.0M)]
 [Times: user=0.08 sys=0.02, real=0.04 secs] 
2021-04-24T01:53:29.900+0800: 55599.577: [GC pause (G1 Evacuation Pause) (young), 0.0201473 secs]
   [Parallel Time: 18.6 ms, GC Workers: 8]
      [GC Worker Start (ms): Min: 55599577.6, Avg: 55599580.5, Max: 55599589.3, Diff: 11.7]
      [Ext Root Scanning (ms): Min: 0.0, Avg: 2.1, Max: 9.7, Diff: 9.7, Sum: 16.4]
      [Update RS (ms): Min: 0.0, Avg: 2.4, Max: 5.3, Diff: 5.3, Sum: 19.4]
         [Processed Buffers: Min: 0, Avg: 7.0, Max: 28, Diff: 28, Sum: 56]
      [Scan RS (ms): Min: 0.0, Avg: 3.0, Max: 5.3, Diff: 5.3, Sum: 24.0]
      [Code Root Scanning (ms): Min: 0.0, Avg: 0.0, Max: 0.0, Diff: 0.0, Sum: 0.0]
      [Object Copy (ms): Min: 6.7, Avg: 8.1, Max: 16.5, Diff: 9.8, Sum: 64.4]
      [Termination (ms): Min: 0.0, Avg: 0.0, Max: 0.1, Diff: 0.1, Sum: 0.3]
         [Termination Attempts: Min: 1, Avg: 4.0, Max: 8, Diff: 7, Sum: 32]
      [GC Worker Other (ms): Min: 0.0, Avg: 0.0, Max: 0.0, Diff: 0.0, Sum: 0.2]
      [GC Worker Total (ms): Min: 6.8, Avg: 15.6, Max: 18.5, Diff: 11.7, Sum: 124.8]
      [GC Worker End (ms): Min: 55599596.1, Avg: 55599596.1, Max: 55599596.2, Diff: 0.0]
   [Code Root Fixup: 0.0 ms]
   [Code Root Purge: 0.0 ms]
   [Clear CT: 0.1 ms]
   [Other: 1.4 ms]
      [Choose CSet: 0.0 ms]
      [Ref Proc: 0.2 ms]
      [Ref Enq: 0.0 ms]
      [Redirty Cards: 0.1 ms]
      [Humongous Register: 0.3 ms]
      [Humongous Reclaim: 0.0 ms]
      [Free CSet: 0.1 ms]
   [Eden: 44.0M(44.0M)->0.0B(46.0M) Survivors: 7168.0K->5120.0K Heap: 367.0M(1024.0M)->322.5M(1024.0M)]
 [Times: user=0.08 sys=0.01, real=0.02 secs] 
2021-04-24T01:53:53.108+0800: 55622.785: [GC pause (G1 Evacuation Pause) (young), 0.0195842 secs]
   [Parallel Time: 17.2 ms, GC Workers: 8]
      [GC Worker Start (ms): Min: 55622785.5, Avg: 55622787.6, Max: 55622793.9, Diff: 8.3]
      [Ext Root Scanning (ms): Min: 0.0, Avg: 2.8, Max: 9.4, Diff: 9.4, Sum: 22.3]
      [Update RS (ms): Min: 0.0, Avg: 1.8, Max: 5.4, Diff: 5.4, Sum: 14.8]
         [Processed Buffers: Min: 0, Avg: 5.2, Max: 16, Diff: 16, Sum: 42]
      [Scan RS (ms): Min: 0.1, Avg: 3.1, Max: 8.1, Diff: 8.0, Sum: 24.9]
      [Code Root Scanning (ms): Min: 0.0, Avg: 0.0, Max: 0.0, Diff: 0.0, Sum: 0.0]
      [Object Copy (ms): Min: 3.9, Avg: 7.2, Max: 8.1, Diff: 4.3, Sum: 57.4]
      [Termination (ms): Min: 0.0, Avg: 0.1, Max: 0.1, Diff: 0.1, Sum: 0.5]
         [Termination Attempts: Min: 1, Avg: 1.9, Max: 3, Diff: 2, Sum: 15]
      [GC Worker Other (ms): Min: 0.0, Avg: 0.0, Max: 0.0, Diff: 0.0, Sum: 0.2]
      [GC Worker Total (ms): Min: 8.8, Avg: 15.0, Max: 17.0, Diff: 8.3, Sum: 120.1]
      [GC Worker End (ms): Min: 55622802.6, Avg: 55622802.6, Max: 55622802.6, Diff: 0.1]
   [Code Root Fixup: 0.0 ms]
   [Code Root Purge: 0.0 ms]
   [Clear CT: 0.2 ms]
   [Other: 2.2 ms]
      [Choose CSet: 0.0 ms]
      [Ref Proc: 0.5 ms]
      [Ref Enq: 0.0 ms]
      [Redirty Cards: 0.2 ms]
      [Humongous Register: 0.2 ms]
      [Humongous Reclaim: 0.0 ms]
      [Free CSet: 0.1 ms]
   [Eden: 46.0M(46.0M)->0.0B(44.0M) Survivors: 5120.0K->7168.0K Heap: 368.5M(1024.0M)->325.1M(1024.0M)]
 [Times: user=0.05 sys=0.01, real=0.02 secs] 
2021-04-24T01:54:15.420+0800: 55645.097: [GC pause (G1 Evacuation Pause) (young), 0.0337814 secs]
   [Parallel Time: 31.6 ms, GC Workers: 8]
      [GC Worker Start (ms): Min: 55645097.9, Avg: 55645099.0, Max: 55645104.9, Diff: 7.0]
      [Ext Root Scanning (ms): Min: 0.0, Avg: 2.6, Max: 8.7, Diff: 8.7, Sum: 20.5]
      [Update RS (ms): Min: 0.0, Avg: 1.9, Max: 4.3, Diff: 4.3, Sum: 15.1]
         [Processed Buffers: Min: 0, Avg: 5.4, Max: 29, Diff: 29, Sum: 43]
      [Scan RS (ms): Min: 0.0, Avg: 2.3, Max: 3.7, Diff: 3.7, Sum: 18.4]
      [Code Root Scanning (ms): Min: 0.0, Avg: 0.0, Max: 0.0, Diff: 0.0, Sum: 0.0]
      [Object Copy (ms): Min: 22.4, Avg: 23.5, Max: 29.0, Diff: 6.6, Sum: 188.3]
      [Termination (ms): Min: 0.0, Avg: 0.1, Max: 0.2, Diff: 0.2, Sum: 1.1]
         [Termination Attempts: Min: 1, Avg: 1.0, Max: 1, Diff: 0, Sum: 8]
      [GC Worker Other (ms): Min: 0.0, Avg: 0.0, Max: 0.0, Diff: 0.0, Sum: 0.2]
      [GC Worker Total (ms): Min: 24.6, Avg: 30.4, Max: 31.5, Diff: 7.0, Sum: 243.6]
      [GC Worker End (ms): Min: 55645129.4, Avg: 55645129.4, Max: 55645129.5, Diff: 0.0]
   [Code Root Fixup: 0.0 ms]
   [Code Root Purge: 0.0 ms]
   [Clear CT: 0.1 ms]
   [Other: 2.0 ms]
      [Choose CSet: 0.0 ms]
      [Ref Proc: 0.3 ms]
      [Ref Enq: 0.0 ms]
      [Redirty Cards: 0.1 ms]
      [Humongous Register: 0.3 ms]
      [Humongous Reclaim: 0.0 ms]
      [Free CSet: 0.2 ms]
   [Eden: 44.0M(44.0M)->0.0B(46.0M) Survivors: 7168.0K->5120.0K Heap: 369.1M(1024.0M)->324.3M(1024.0M)]
 [Times: user=0.07 sys=0.02, real=0.03 secs] 
2021-04-24T01:54:38.663+0800: 55668.340: [GC pause (G1 Evacuation Pause) (young), 0.0198834 secs]
   [Parallel Time: 18.3 ms, GC Workers: 8]
      [GC Worker Start (ms): Min: 55668341.2, Avg: 55668343.4, Max: 55668349.2, Diff: 8.0]
      [Ext Root Scanning (ms): Min: 0.0, Avg: 0.8, Max: 2.0, Diff: 1.9, Sum: 6.1]
      [Update RS (ms): Min: 0.0, Avg: 3.5, Max: 6.5, Diff: 6.5, Sum: 27.8]
         [Processed Buffers: Min: 0, Avg: 6.5, Max: 20, Diff: 20, Sum: 52]
      [Scan RS (ms): Min: 0.2, Avg: 5.1, Max: 10.8, Diff: 10.6, Sum: 40.5]
      [Code Root Scanning (ms): Min: 0.0, Avg: 0.0, Max: 0.0, Diff: 0.0, Sum: 0.0]
      [Object Copy (ms): Min: 1.6, Avg: 6.1, Max: 9.1, Diff: 7.6, Sum: 48.8]
      [Termination (ms): Min: 0.0, Avg: 0.4, Max: 0.5, Diff: 0.5, Sum: 3.5]
         [Termination Attempts: Min: 1, Avg: 12.8, Max: 19, Diff: 18, Sum: 102]
      [GC Worker Other (ms): Min: 0.0, Avg: 0.0, Max: 0.1, Diff: 0.0, Sum: 0.2]
      [GC Worker Total (ms): Min: 10.1, Avg: 15.9, Max: 18.1, Diff: 8.0, Sum: 126.9]
      [GC Worker End (ms): Min: 55668359.3, Avg: 55668359.3, Max: 55668359.3, Diff: 0.0]
   [Code Root Fixup: 0.0 ms]
   [Code Root Purge: 0.0 ms]
   [Clear CT: 0.1 ms]
   [Other: 1.5 ms]
      [Choose CSet: 0.0 ms]
      [Ref Proc: 0.3 ms]
      [Ref Enq: 0.0 ms]
      [Redirty Cards: 0.1 ms]
      [Humongous Register: 0.2 ms]
      [Humongous Reclaim: 0.0 ms]
      [Free CSet: 0.1 ms]
   [Eden: 46.0M(46.0M)->0.0B(45.0M) Survivors: 5120.0K->6144.0K Heap: 370.3M(1024.0M)->325.1M(1024.0M)]
 [Times: user=0.06 sys=0.00, real=0.02 secs] 
2021-04-24T01:55:01.466+0800: 55691.143: [GC pause (G1 Evacuation Pause) (young), 0.0180271 secs]
   [Parallel Time: 16.5 ms, GC Workers: 8]
      [GC Worker Start (ms): Min: 55691144.0, Avg: 55691144.2, Max: 55691144.5, Diff: 0.5]
      [Ext Root Scanning (ms): Min: 0.5, Avg: 3.6, Max: 8.1, Diff: 7.6, Sum: 29.1]
      [Update RS (ms): Min: 0.0, Avg: 2.5, Max: 6.4, Diff: 6.4, Sum: 20.3]
         [Processed Buffers: Min: 0, Avg: 5.4, Max: 30, Diff: 30, Sum: 43]
      [Scan RS (ms): Min: 0.0, Avg: 1.5, Max: 2.8, Diff: 2.8, Sum: 12.0]
      [Code Root Scanning (ms): Min: 0.0, Avg: 0.0, Max: 0.0, Diff: 0.0, Sum: 0.0]
      [Object Copy (ms): Min: 8.1, Avg: 8.4, Max: 8.7, Diff: 0.6, Sum: 67.3]
      [Termination (ms): Min: 0.0, Avg: 0.1, Max: 0.1, Diff: 0.1, Sum: 0.7]
         [Termination Attempts: Min: 1, Avg: 2.1, Max: 5, Diff: 4, Sum: 17]
      [GC Worker Other (ms): Min: 0.0, Avg: 0.0, Max: 0.0, Diff: 0.0, Sum: 0.1]
      [GC Worker Total (ms): Min: 15.8, Avg: 16.2, Max: 16.3, Diff: 0.5, Sum: 129.4]
      [GC Worker End (ms): Min: 55691160.3, Avg: 55691160.3, Max: 55691160.3, Diff: 0.0]
   [Code Root Fixup: 0.0 ms]
   [Code Root Purge: 0.0 ms]
   [Clear CT: 0.1 ms]
   [Other: 1.4 ms]
      [Choose CSet: 0.0 ms]
      [Ref Proc: 0.3 ms]
      [Ref Enq: 0.0 ms]
      [Redirty Cards: 0.1 ms]
      [Humongous Register: 0.3 ms]
      [Humongous Reclaim: 0.0 ms]
      [Free CSet: 0.1 ms]
   [Eden: 45.0M(45.0M)->0.0B(45.0M) Survivors: 6144.0K->6144.0K Heap: 370.1M(1024.0M)->325.9M(1024.0M)]
 [Times: user=0.06 sys=0.01, real=0.02 secs] 
2021-04-24T01:55:24.298+0800: 55713.975: [GC pause (G1 Evacuation Pause) (young), 0.0175711 secs]
   [Parallel Time: 15.6 ms, GC Workers: 8]
      [GC Worker Start (ms): Min: 55713975.8, Avg: 55713976.1, Max: 55713976.9, Diff: 1.1]
      [Ext Root Scanning (ms): Min: 0.4, Avg: 5.7, Max: 11.5, Diff: 11.2, Sum: 45.3]
      [Update RS (ms): Min: 0.0, Avg: 2.2, Max: 4.9, Diff: 4.9, Sum: 17.6]
         [Processed Buffers: Min: 0, Avg: 6.5, Max: 22, Diff: 22, Sum: 52]
      [Scan RS (ms): Min: 0.0, Avg: 2.8, Max: 5.4, Diff: 5.4, Sum: 22.1]
      [Code Root Scanning (ms): Min: 0.0, Avg: 0.0, Max: 0.0, Diff: 0.0, Sum: 0.0]
      [Object Copy (ms): Min: 3.8, Avg: 4.5, Max: 5.2, Diff: 1.4, Sum: 35.6]
      [Termination (ms): Min: 0.0, Avg: 0.1, Max: 0.1, Diff: 0.1, Sum: 0.8]
         [Termination Attempts: Min: 1, Avg: 2.6, Max: 4, Diff: 3, Sum: 21]
      [GC Worker Other (ms): Min: 0.0, Avg: 0.0, Max: 0.1, Diff: 0.1, Sum: 0.4]
      [GC Worker Total (ms): Min: 14.4, Avg: 15.2, Max: 15.5, Diff: 1.1, Sum: 121.8]
      [GC Worker End (ms): Min: 55713991.3, Avg: 55713991.3, Max: 55713991.3, Diff: 0.0]
   [Code Root Fixup: 0.1 ms]
   [Code Root Purge: 0.0 ms]
   [Clear CT: 0.1 ms]
   [Other: 1.8 ms]
      [Choose CSet: 0.0 ms]
      [Ref Proc: 0.5 ms]
      [Ref Enq: 0.0 ms]
      [Redirty Cards: 0.1 ms]
      [Humongous Register: 0.3 ms]
      [Humongous Reclaim: 0.0 ms]
      [Free CSet: 0.1 ms]
   [Eden: 45.0M(45.0M)->0.0B(44.0M) Survivors: 6144.0K->7168.0K Heap: 370.9M(1024.0M)->327.7M(1024.0M)]
 [Times: user=0.08 sys=0.01, real=0.02 secs] 
2021-04-24T01:55:46.570+0800: 55736.248: [GC pause (G1 Evacuation Pause) (young), 0.0205993 secs]
   [Parallel Time: 18.6 ms, GC Workers: 8]
      [GC Worker Start (ms): Min: 55736248.3, Avg: 55736248.5, Max: 55736248.9, Diff: 0.5]
      [Ext Root Scanning (ms): Min: 0.9, Avg: 4.4, Max: 13.7, Diff: 12.8, Sum: 35.2]
      [Update RS (ms): Min: 0.0, Avg: 1.6, Max: 3.6, Diff: 3.6, Sum: 13.1]
         [Processed Buffers: Min: 0, Avg: 5.9, Max: 18, Diff: 18, Sum: 47]
      [Scan RS (ms): Min: 0.0, Avg: 2.1, Max: 3.6, Diff: 3.6, Sum: 17.0]
      [Code Root Scanning (ms): Min: 0.0, Avg: 0.0, Max: 0.0, Diff: 0.0, Sum: 0.0]
      [Object Copy (ms): Min: 4.7, Avg: 10.1, Max: 15.1, Diff: 10.4, Sum: 81.1]
      [Termination (ms): Min: 0.0, Avg: 0.0, Max: 0.1, Diff: 0.1, Sum: 0.3]
         [Termination Attempts: Min: 1, Avg: 58.1, Max: 94, Diff: 93, Sum: 465]
      [GC Worker Other (ms): Min: 0.0, Avg: 0.0, Max: 0.0, Diff: 0.0, Sum: 0.2]
      [GC Worker Total (ms): Min: 18.0, Avg: 18.4, Max: 18.6, Diff: 0.5, Sum: 146.9]
      [GC Worker End (ms): Min: 55736266.9, Avg: 55736266.9, Max: 55736266.9, Diff: 0.0]
   [Code Root Fixup: 0.0 ms]
   [Code Root Purge: 0.0 ms]
   [Clear CT: 0.1 ms]
   [Other: 1.8 ms]
      [Choose CSet: 0.0 ms]
      [Ref Proc: 0.7 ms]
      [Ref Enq: 0.0 ms]
      [Redirty Cards: 0.1 ms]
      [Humongous Register: 0.3 ms]
      [Humongous Reclaim: 0.0 ms]
      [Free CSet: 0.1 ms]
   [Eden: 44.0M(44.0M)->0.0B(44.0M) Survivors: 7168.0K->7168.0K Heap: 371.7M(1024.0M)->328.3M(1024.0M)]
 [Times: user=0.08 sys=0.01, real=0.02 secs] 
2021-04-24T01:56:08.917+0800: 55758.595: [GC pause (G1 Evacuation Pause) (young), 0.0245537 secs]
   [Parallel Time: 22.9 ms, GC Workers: 8]
      [GC Worker Start (ms): Min: 55758595.5, Avg: 55758597.3, Max: 55758605.9, Diff: 10.4]
      [Ext Root Scanning (ms): Min: 0.0, Avg: 3.4, Max: 13.0, Diff: 13.0, Sum: 27.1]
      [Update RS (ms): Min: 0.0, Avg: 3.0, Max: 6.7, Diff: 6.7, Sum: 23.7]
         [Processed Buffers: Min: 0, Avg: 5.8, Max: 18, Diff: 18, Sum: 46]
      [Scan RS (ms): Min: 0.0, Avg: 2.4, Max: 4.4, Diff: 4.4, Sum: 19.6]
      [Code Root Scanning (ms): Min: 0.0, Avg: 0.0, Max: 0.0, Diff: 0.0, Sum: 0.0]
      [Object Copy (ms): Min: 9.4, Avg: 11.9, Max: 12.8, Diff: 3.4, Sum: 95.2]
      [Termination (ms): Min: 0.0, Avg: 0.2, Max: 0.3, Diff: 0.3, Sum: 1.9]
         [Termination Attempts: Min: 1, Avg: 2.1, Max: 5, Diff: 4, Sum: 17]
      [GC Worker Other (ms): Min: 0.0, Avg: 0.0, Max: 0.1, Diff: 0.0, Sum: 0.3]
      [GC Worker Total (ms): Min: 12.4, Avg: 21.0, Max: 22.7, Diff: 10.4, Sum: 167.7]
      [GC Worker End (ms): Min: 55758618.2, Avg: 55758618.3, Max: 55758618.3, Diff: 0.0]
   [Code Root Fixup: 0.0 ms]
   [Code Root Purge: 0.0 ms]
   [Clear CT: 0.2 ms]
   [Other: 1.5 ms]
      [Choose CSet: 0.0 ms]
      [Ref Proc: 0.4 ms]
      [Ref Enq: 0.0 ms]
      [Redirty Cards: 0.2 ms]
      [Humongous Register: 0.3 ms]
      [Humongous Reclaim: 0.0 ms]
      [Free CSet: 0.1 ms]
   [Eden: 44.0M(44.0M)->0.0B(46.0M) Survivors: 7168.0K->5120.0K Heap: 372.3M(1024.0M)->327.8M(1024.0M)]
 [Times: user=0.08 sys=0.02, real=0.03 secs] 
2021-04-24T01:56:32.246+0800: 55781.923: [GC pause (G1 Evacuation Pause) (young), 0.0181237 secs]
   [Parallel Time: 16.7 ms, GC Workers: 8]
      [GC Worker Start (ms): Min: 55781923.7, Avg: 55781923.9, Max: 55781924.3, Diff: 0.6]
      [Ext Root Scanning (ms): Min: 0.6, Avg: 4.8, Max: 12.7, Diff: 12.1, Sum: 38.5]
      [Update RS (ms): Min: 0.0, Avg: 2.5, Max: 5.5, Diff: 5.5, Sum: 20.0]
         [Processed Buffers: Min: 0, Avg: 6.0, Max: 17, Diff: 17, Sum: 48]
      [Scan RS (ms): Min: 0.0, Avg: 3.5, Max: 5.7, Diff: 5.7, Sum: 28.0]
      [Code Root Scanning (ms): Min: 0.0, Avg: 0.0, Max: 0.0, Diff: 0.0, Sum: 0.0]
      [Object Copy (ms): Min: 3.9, Avg: 5.5, Max: 13.6, Diff: 9.7, Sum: 44.1]
      [Termination (ms): Min: 0.0, Avg: 0.1, Max: 0.1, Diff: 0.1, Sum: 0.5]
         [Termination Attempts: Min: 1, Avg: 1.6, Max: 3, Diff: 2, Sum: 13]
      [GC Worker Other (ms): Min: 0.0, Avg: 0.0, Max: 0.0, Diff: 0.0, Sum: 0.1]
      [GC Worker Total (ms): Min: 16.1, Avg: 16.4, Max: 16.7, Diff: 0.6, Sum: 131.4]
      [GC Worker End (ms): Min: 55781940.3, Avg: 55781940.3, Max: 55781940.4, Diff: 0.1]
   [Code Root Fixup: 0.0 ms]
   [Code Root Purge: 0.0 ms]
   [Clear CT: 0.1 ms]
   [Other: 1.3 ms]
      [Choose CSet: 0.0 ms]
      [Ref Proc: 0.3 ms]
      [Ref Enq: 0.0 ms]
      [Redirty Cards: 0.1 ms]
      [Humongous Register: 0.2 ms]
      [Humongous Reclaim: 0.0 ms]
      [Free CSet: 0.1 ms]
   [Eden: 46.0M(46.0M)->0.0B(44.0M) Survivors: 5120.0K->7168.0K Heap: 373.8M(1024.0M)->330.0M(1024.0M)]
 [Times: user=0.08 sys=0.01, real=0.02 secs] 
2021-04-24T01:56:54.475+0800: 55804.153: [GC pause (G1 Evacuation Pause) (young), 0.0198858 secs]
   [Parallel Time: 18.3 ms, GC Workers: 8]
      [GC Worker Start (ms): Min: 55804153.4, Avg: 55804154.6, Max: 55804160.7, Diff: 7.2]
      [Ext Root Scanning (ms): Min: 0.0, Avg: 1.9, Max: 8.3, Diff: 8.3, Sum: 14.8]
      [Update RS (ms): Min: 0.0, Avg: 1.8, Max: 4.0, Diff: 4.0, Sum: 14.2]
         [Processed Buffers: Min: 0, Avg: 5.6, Max: 22, Diff: 22, Sum: 45]
      [Scan RS (ms): Min: 0.1, Avg: 3.1, Max: 4.8, Diff: 4.7, Sum: 25.1]
      [Code Root Scanning (ms): Min: 0.0, Avg: 0.0, Max: 0.0, Diff: 0.0, Sum: 0.0]
      [Object Copy (ms): Min: 8.1, Avg: 10.2, Max: 16.9, Diff: 8.8, Sum: 81.5]
      [Termination (ms): Min: 0.0, Avg: 0.1, Max: 0.1, Diff: 0.1, Sum: 0.5]
         [Termination Attempts: Min: 1, Avg: 5.2, Max: 14, Diff: 13, Sum: 42]
      [GC Worker Other (ms): Min: 0.0, Avg: 0.0, Max: 0.0, Diff: 0.0, Sum: 0.1]
      [GC Worker Total (ms): Min: 11.0, Avg: 17.0, Max: 18.2, Diff: 7.2, Sum: 136.3]
      [GC Worker End (ms): Min: 55804171.6, Avg: 55804171.7, Max: 55804171.7, Diff: 0.0]
   [Code Root Fixup: 0.0 ms]
   [Code Root Purge: 0.0 ms]
   [Clear CT: 0.1 ms]
   [Other: 1.4 ms]
      [Choose CSet: 0.0 ms]
      [Ref Proc: 0.3 ms]
      [Ref Enq: 0.0 ms]
      [Redirty Cards: 0.1 ms]
      [Humongous Register: 0.3 ms]
      [Humongous Reclaim: 0.0 ms]
      [Free CSet: 0.1 ms]
   [Eden: 44.0M(44.0M)->0.0B(64.0M) Survivors: 7168.0K->6144.0K Heap: 374.0M(1024.0M)->329.9M(1024.0M)]
 [Times: user=0.07 sys=0.00, real=0.02 secs] 
2021-04-24T01:57:17.230+0800: 55826.908: [GC pause (G1 Evacuation Pause) (young), 0.0189109 secs]
   [Parallel Time: 17.3 ms, GC Workers: 8]
      [GC Worker Start (ms): Min: 55826908.3, Avg: 55826908.6, Max: 55826909.8, Diff: 1.5]
      [Ext Root Scanning (ms): Min: 0.0, Avg: 5.1, Max: 13.4, Diff: 13.4, Sum: 40.5]
      [Update RS (ms): Min: 0.0, Avg: 2.3, Max: 5.2, Diff: 5.2, Sum: 18.2]
         [Processed Buffers: Min: 0, Avg: 6.2, Max: 17, Diff: 17, Sum: 50]
      [Scan RS (ms): Min: 0.0, Avg: 3.3, Max: 6.4, Diff: 6.4, Sum: 26.6]
      [Code Root Scanning (ms): Min: 0.0, Avg: 0.0, Max: 0.0, Diff: 0.0, Sum: 0.0]
      [Object Copy (ms): Min: 3.7, Avg: 6.2, Max: 15.5, Diff: 11.8, Sum: 49.3]
      [Termination (ms): Min: 0.0, Avg: 0.0, Max: 0.0, Diff: 0.0, Sum: 0.0]
         [Termination Attempts: Min: 1, Avg: 4.5, Max: 7, Diff: 6, Sum: 36]
      [GC Worker Other (ms): Min: 0.0, Avg: 0.0, Max: 0.1, Diff: 0.0, Sum: 0.2]
      [GC Worker Total (ms): Min: 15.7, Avg: 16.9, Max: 17.2, Diff: 1.5, Sum: 134.9]
      [GC Worker End (ms): Min: 55826925.5, Avg: 55826925.5, Max: 55826925.5, Diff: 0.0]
   [Code Root Fixup: 0.0 ms]
   [Code Root Purge: 0.0 ms]
   [Clear CT: 0.1 ms]
   [Other: 1.5 ms]
      [Choose CSet: 0.0 ms]
      [Ref Proc: 0.6 ms]
      [Ref Enq: 0.0 ms]
      [Redirty Cards: 0.1 ms]
      [Humongous Register: 0.2 ms]
      [Humongous Reclaim: 0.0 ms]
      [Free CSet: 0.1 ms]
   [Eden: 45.0M(45.0M)->0.0B(73.0M) Survivors: 6144.0K->7168.0K Heap: 374.9M(1024.0M)->331.1M(1024.0M)]
 [Times: user=0.08 sys=0.01, real=0.01 secs] 
2021-04-24T01:57:39.155+0800: 55848.832: [GC pause (G1 Evacuation Pause) (young), 0.0213310 secs]
   [Parallel Time: 20.1 ms, GC Workers: 8]
      [GC Worker Start (ms): Min: 55848832.7, Avg: 55848832.9, Max: 55848833.4, Diff: 0.6]
      [Ext Root Scanning (ms): Min: 0.0, Avg: 2.2, Max: 7.2, Diff: 7.1, Sum: 17.3]
      [Update RS (ms): Min: 0.0, Avg: 1.6, Max: 3.4, Diff: 3.4, Sum: 12.6]
         [Processed Buffers: Min: 0, Avg: 6.2, Max: 21, Diff: 21, Sum: 50]
      [Scan RS (ms): Min: 0.0, Avg: 1.7, Max: 2.9, Diff: 2.9, Sum: 13.7]
      [Code Root Scanning (ms): Min: 0.0, Avg: 0.0, Max: 0.0, Diff: 0.0, Sum: 0.0]
      [Object Copy (ms): Min: 12.4, Avg: 14.1, Max: 18.6, Diff: 6.2, Sum: 112.9]
      [Termination (ms): Min: 0.0, Avg: 0.2, Max: 0.3, Diff: 0.3, Sum: 1.8]
         [Termination Attempts: Min: 1, Avg: 1.1, Max: 2, Diff: 1, Sum: 9]
      [GC Worker Other (ms): Min: 0.0, Avg: 0.0, Max: 0.0, Diff: 0.0, Sum: 0.1]
      [GC Worker Total (ms): Min: 19.3, Avg: 19.8, Max: 20.0, Diff: 0.7, Sum: 158.4]
      [GC Worker End (ms): Min: 55848852.6, Avg: 55848852.7, Max: 55848852.7, Diff: 0.1]
   [Code Root Fixup: 0.0 ms]
   [Code Root Purge: 0.0 ms]
   [Clear CT: 0.1 ms]
   [Other: 1.1 ms]
      [Choose CSet: 0.0 ms]
      [Ref Proc: 0.3 ms]
      [Ref Enq: 0.0 ms]
      [Redirty Cards: 0.1 ms]
      [Humongous Register: 0.1 ms]
      [Humongous Reclaim: 0.0 ms]
      [Free CSet: 0.1 ms]
   [Eden: 44.0M(44.0M)->0.0B(71.0M) Survivors: 7168.0K->6144.0K Heap: 375.1M(1024.0M)->331.2M(1024.0M)]
 [Times: user=0.05 sys=0.01, real=0.02 secs] 
2021-04-24T01:58:01.645+0800: 55871.323: [GC pause (G1 Evacuation Pause) (young), 0.0183328 secs]
   [Parallel Time: 17.0 ms, GC Workers: 8]
      [GC Worker Start (ms): Min: 55871323.2, Avg: 55871323.4, Max: 55871323.6, Diff: 0.4]
      [Ext Root Scanning (ms): Min: 0.6, Avg: 1.6, Max: 5.7, Diff: 5.1, Sum: 12.6]
      [Update RS (ms): Min: 0.0, Avg: 2.9, Max: 6.1, Diff: 6.1, Sum: 23.1]
         [Processed Buffers: Min: 0, Avg: 6.4, Max: 20, Diff: 20, Sum: 51]
      [Scan RS (ms): Min: 1.2, Avg: 4.5, Max: 12.0, Diff: 10.9, Sum: 35.7]
      [Code Root Scanning (ms): Min: 0.0, Avg: 0.0, Max: 0.0, Diff: 0.0, Sum: 0.0]
      [Object Copy (ms): Min: 0.2, Avg: 7.6, Max: 14.4, Diff: 14.2, Sum: 61.1]
      [Termination (ms): Min: 0.0, Avg: 0.1, Max: 0.2, Diff: 0.2, Sum: 0.8]
         [Termination Attempts: Min: 1, Avg: 1.2, Max: 2, Diff: 1, Sum: 10]
      [GC Worker Other (ms): Min: 0.0, Avg: 0.0, Max: 0.0, Diff: 0.0, Sum: 0.1]
      [GC Worker Total (ms): Min: 16.5, Avg: 16.7, Max: 16.8, Diff: 0.3, Sum: 133.5]
      [GC Worker End (ms): Min: 55871340.0, Avg: 55871340.1, Max: 55871340.1, Diff: 0.1]
   [Code Root Fixup: 0.0 ms]
   [Code Root Purge: 0.0 ms]
   [Clear CT: 0.1 ms]
   [Other: 1.2 ms]
      [Choose CSet: 0.0 ms]
      [Ref Proc: 0.2 ms]
      [Ref Enq: 0.0 ms]
      [Redirty Cards: 0.1 ms]
      [Humongous Register: 0.3 ms]
      [Humongous Reclaim: 0.0 ms]
      [Free CSet: 0.1 ms]
   [Eden: 45.0M(45.0M)->0.0B(73.0M) Survivors: 6144.0K->6144.0K Heap: 376.2M(1024.0M)->330.7M(1024.0M)]
 [Times: user=0.06 sys=0.00, real=0.02 secs] 
2021-04-24T01:58:24.085+0800: 55893.763: [GC pause (G1 Evacuation Pause) (young), 0.0199085 secs]
   [Parallel Time: 18.9 ms, GC Workers: 8]
      [GC Worker Start (ms): Min: 55893763.6, Avg: 55893765.2, Max: 55893768.6, Diff: 5.0]
      [Ext Root Scanning (ms): Min: 0.0, Avg: 0.7, Max: 3.5, Diff: 3.5, Sum: 5.9]
      [Update RS (ms): Min: 0.0, Avg: 0.9, Max: 1.8, Diff: 1.8, Sum: 6.9]
         [Processed Buffers: Min: 0, Avg: 6.0, Max: 29, Diff: 29, Sum: 48]
      [Scan RS (ms): Min: 1.3, Avg: 3.4, Max: 4.5, Diff: 3.1, Sum: 27.5]
      [Code Root Scanning (ms): Min: 0.0, Avg: 0.0, Max: 0.0, Diff: 0.0, Sum: 0.0]
      [Object Copy (ms): Min: 11.7, Avg: 11.9, Max: 12.2, Diff: 0.5, Sum: 95.5]
      [Termination (ms): Min: 0.0, Avg: 0.2, Max: 0.3, Diff: 0.3, Sum: 1.6]
         [Termination Attempts: Min: 1, Avg: 6.9, Max: 18, Diff: 17, Sum: 55]
      [GC Worker Other (ms): Min: 0.0, Avg: 0.0, Max: 0.0, Diff: 0.0, Sum: 0.1]
      [GC Worker Total (ms): Min: 13.8, Avg: 17.2, Max: 18.8, Diff: 5.0, Sum: 137.6]
      [GC Worker End (ms): Min: 55893782.4, Avg: 55893782.4, Max: 55893782.4, Diff: 0.0]
   [Code Root Fixup: 0.1 ms]
   [Code Root Purge: 0.0 ms]
   [Clear CT: 0.1 ms]
   [Other: 0.9 ms]
      [Choose CSet: 0.0 ms]
      [Ref Proc: 0.3 ms]
      [Ref Enq: 0.0 ms]
      [Redirty Cards: 0.1 ms]
      [Humongous Register: 0.1 ms]
      [Humongous Reclaim: 0.0 ms]
      [Free CSet: 0.1 ms]
   [Eden: 45.0M(45.0M)->0.0B(72.0M) Survivors: 6144.0K->7168.0K Heap: 375.7M(1024.0M)->332.9M(1024.0M)]
 [Times: user=0.05 sys=0.01, real=0.02 secs] 
2021-04-24T01:59:00.302+0800: 55929.980: [GC pause (G1 Evacuation Pause) (young), 0.0213569 secs]
   [Parallel Time: 19.8 ms, GC Workers: 8]
      [GC Worker Start (ms): Min: 55929980.7, Avg: 55929982.1, Max: 55929987.0, Diff: 6.3]
      [Ext Root Scanning (ms): Min: 0.0, Avg: 2.5, Max: 10.4, Diff: 10.4, Sum: 20.2]
      [Update RS (ms): Min: 0.0, Avg: 1.2, Max: 3.3, Diff: 3.3, Sum: 9.5]
         [Processed Buffers: Min: 0, Avg: 6.5, Max: 21, Diff: 21, Sum: 52]
      [Scan RS (ms): Min: 0.0, Avg: 2.4, Max: 4.0, Diff: 4.0, Sum: 19.5]
      [Code Root Scanning (ms): Min: 0.0, Avg: 0.0, Max: 0.0, Diff: 0.0, Sum: 0.0]
      [Object Copy (ms): Min: 9.1, Avg: 12.1, Max: 12.8, Diff: 3.7, Sum: 96.5]
      [Termination (ms): Min: 0.0, Avg: 0.1, Max: 0.2, Diff: 0.2, Sum: 0.7]
         [Termination Attempts: Min: 1, Avg: 1.1, Max: 2, Diff: 1, Sum: 9]
      [GC Worker Other (ms): Min: 0.0, Avg: 0.0, Max: 0.0, Diff: 0.0, Sum: 0.1]
      [GC Worker Total (ms): Min: 13.4, Avg: 18.3, Max: 19.7, Diff: 6.4, Sum: 146.6]
      [GC Worker End (ms): Min: 55930000.4, Avg: 55930000.4, Max: 55930000.5, Diff: 0.1]
   [Code Root Fixup: 0.0 ms]
   [Code Root Purge: 0.0 ms]
   [Clear CT: 0.1 ms]
   [Other: 1.4 ms]
      [Choose CSet: 0.0 ms]
      [Ref Proc: 0.3 ms]
      [Ref Enq: 0.0 ms]
      [Redirty Cards: 0.1 ms]
      [Humongous Register: 0.2 ms]
      [Humongous Reclaim: 0.0 ms]
      [Free CSet: 0.1 ms]
   [Eden: 72.0M(72.0M)->0.0B(73.0M) Survivors: 7168.0K->7168.0K Heap: 404.9M(1024.0M)->332.9M(1024.0M)]
 [Times: user=0.05 sys=0.01, real=0.02 secs] 
2021-04-24T01:59:36.921+0800: 55966.599: [GC pause (G1 Evacuation Pause) (young), 0.0182638 secs]
   [Parallel Time: 16.7 ms, GC Workers: 8]
      [GC Worker Start (ms): Min: 55966599.9, Avg: 55966600.9, Max: 55966606.9, Diff: 7.0]
      [Ext Root Scanning (ms): Min: 0.0, Avg: 3.7, Max: 10.8, Diff: 10.8, Sum: 29.8]
      [Update RS (ms): Min: 0.0, Avg: 2.0, Max: 4.5, Diff: 4.5, Sum: 16.3]
         [Processed Buffers: Min: 0, Avg: 5.6, Max: 22, Diff: 22, Sum: 45]
      [Scan RS (ms): Min: 0.0, Avg: 2.9, Max: 5.5, Diff: 5.5, Sum: 22.9]
      [Code Root Scanning (ms): Min: 0.0, Avg: 0.0, Max: 0.0, Diff: 0.0, Sum: 0.0]
      [Object Copy (ms): Min: 5.7, Avg: 6.9, Max: 7.8, Diff: 2.1, Sum: 55.6]
      [Termination (ms): Min: 0.0, Avg: 0.0, Max: 0.0, Diff: 0.0, Sum: 0.1]
         [Termination Attempts: Min: 1, Avg: 8.8, Max: 18, Diff: 17, Sum: 70]
      [GC Worker Other (ms): Min: 0.0, Avg: 0.0, Max: 0.1, Diff: 0.1, Sum: 0.3]
      [GC Worker Total (ms): Min: 9.6, Avg: 15.6, Max: 16.6, Diff: 7.0, Sum: 124.9]
      [GC Worker End (ms): Min: 55966616.5, Avg: 55966616.6, Max: 55966616.6, Diff: 0.0]
   [Code Root Fixup: 0.0 ms]
   [Code Root Purge: 0.0 ms]
   [Clear CT: 0.1 ms]
   [Other: 1.4 ms]
      [Choose CSet: 0.0 ms]
      [Ref Proc: 0.3 ms]
      [Ref Enq: 0.0 ms]
      [Redirty Cards: 0.1 ms]
      [Humongous Register: 0.3 ms]
      [Humongous Reclaim: 0.0 ms]
      [Free CSet: 0.1 ms]
   [Eden: 73.0M(73.0M)->0.0B(76.0M) Survivors: 7168.0K->8192.0K Heap: 405.9M(1024.0M)->333.4M(1024.0M)]
 [Times: user=0.08 sys=0.00, real=0.02 secs] 
2021-04-24T01:59:58.261+0800: 55987.939: [GC pause (G1 Evacuation Pause) (young), 0.0275800 secs]
   [Parallel Time: 25.6 ms, GC Workers: 8]
      [GC Worker Start (ms): Min: 55987939.1, Avg: 55987939.2, Max: 55987939.4, Diff: 0.3]
      [Ext Root Scanning (ms): Min: 0.5, Avg: 1.8, Max: 4.6, Diff: 4.1, Sum: 14.1]
      [Update RS (ms): Min: 0.0, Avg: 1.9, Max: 5.2, Diff: 5.2, Sum: 15.4]
         [Processed Buffers: Min: 0, Avg: 5.9, Max: 20, Diff: 20, Sum: 47]
      [Scan RS (ms): Min: 0.0, Avg: 1.7, Max: 2.8, Diff: 2.8, Sum: 13.3]
      [Code Root Scanning (ms): Min: 0.0, Avg: 0.0, Max: 0.0, Diff: 0.0, Sum: 0.0]
      [Object Copy (ms): Min: 19.3, Avg: 19.7, Max: 20.0, Diff: 0.8, Sum: 157.4]
      [Termination (ms): Min: 0.0, Avg: 0.2, Max: 0.4, Diff: 0.4, Sum: 2.0]
         [Termination Attempts: Min: 1, Avg: 1.6, Max: 3, Diff: 2, Sum: 13]
      [GC Worker Other (ms): Min: 0.0, Avg: 0.0, Max: 0.0, Diff: 0.0, Sum: 0.1]
      [GC Worker Total (ms): Min: 25.1, Avg: 25.3, Max: 25.5, Diff: 0.4, Sum: 202.2]
      [GC Worker End (ms): Min: 55987964.3, Avg: 55987964.5, Max: 55987964.7, Diff: 0.3]
   [Code Root Fixup: 0.0 ms]
   [Code Root Purge: 0.0 ms]
   [Clear CT: 0.1 ms]
   [Other: 1.8 ms]
      [Choose CSet: 0.0 ms]
      [Ref Proc: 1.2 ms]
      [Ref Enq: 0.0 ms]
      [Redirty Cards: 0.1 ms]
      [Humongous Register: 0.1 ms]
      [Humongous Reclaim: 0.0 ms]
      [Free CSet: 0.1 ms]
   [Eden: 43.0M(43.0M)->0.0B(45.0M) Survivors: 8192.0K->6144.0K Heap: 376.4M(1024.0M)->333.6M(1024.0M)]
 [Times: user=0.06 sys=0.02, real=0.02 secs] 
2021-04-24T02:00:22.332+0800: 56012.010: [GC pause (G1 Evacuation Pause) (young), 0.0486027 secs]
   [Parallel Time: 43.6 ms, GC Workers: 8]
      [GC Worker Start (ms): Min: 56012010.7, Avg: 56012011.7, Max: 56012016.3, Diff: 5.6]
      [Ext Root Scanning (ms): Min: 0.0, Avg: 5.0, Max: 29.0, Diff: 28.9, Sum: 40.2]
      [Update RS (ms): Min: 0.0, Avg: 3.1, Max: 13.5, Diff: 13.5, Sum: 24.6]
         [Processed Buffers: Min: 0, Avg: 6.5, Max: 28, Diff: 28, Sum: 52]
      [Scan RS (ms): Min: 0.0, Avg: 3.3, Max: 5.7, Diff: 5.7, Sum: 26.0]
      [Code Root Scanning (ms): Min: 0.0, Avg: 0.0, Max: 0.0, Diff: 0.0, Sum: 0.0]
      [Object Copy (ms): Min: 12.2, Avg: 29.5, Max: 33.5, Diff: 21.3, Sum: 235.8]
      [Termination (ms): Min: 0.0, Avg: 1.7, Max: 2.4, Diff: 2.4, Sum: 13.6]
         [Termination Attempts: Min: 1, Avg: 1.1, Max: 2, Diff: 1, Sum: 9]
      [GC Worker Other (ms): Min: 0.0, Avg: 0.0, Max: 0.0, Diff: 0.0, Sum: 0.1]
      [GC Worker Total (ms): Min: 37.9, Avg: 42.5, Max: 43.5, Diff: 5.6, Sum: 340.4]
      [GC Worker End (ms): Min: 56012054.3, Avg: 56012054.3, Max: 56012054.3, Diff: 0.0]
   [Code Root Fixup: 0.0 ms]
   [Code Root Purge: 0.0 ms]
   [Clear CT: 0.1 ms]
   [Other: 4.9 ms]
      [Choose CSet: 0.0 ms]
      [Ref Proc: 0.2 ms]
      [Ref Enq: 0.0 ms]
      [Redirty Cards: 0.1 ms]
      [Humongous Register: 0.1 ms]
      [Humongous Reclaim: 0.0 ms]
      [Free CSet: 0.1 ms]
   [Eden: 45.0M(45.0M)->0.0B(44.0M) Survivors: 6144.0K->7168.0K Heap: 378.6M(1024.0M)->336.0M(1024.0M)]
 [Times: user=0.06 sys=0.01, real=0.05 secs] 
2021-04-24T02:00:45.562+0800: 56035.241: [GC pause (G1 Evacuation Pause) (young), 0.0263643 secs]
   [Parallel Time: 24.3 ms, GC Workers: 8]
      [GC Worker Start (ms): Min: 56035241.1, Avg: 56035242.2, Max: 56035248.2, Diff: 7.1]
      [Ext Root Scanning (ms): Min: 0.0, Avg: 3.6, Max: 10.5, Diff: 10.5, Sum: 28.5]
      [Update RS (ms): Min: 0.0, Avg: 1.8, Max: 4.0, Diff: 4.0, Sum: 14.0]
         [Processed Buffers: Min: 0, Avg: 6.2, Max: 23, Diff: 23, Sum: 50]
      [Scan RS (ms): Min: 0.0, Avg: 2.9, Max: 4.3, Diff: 4.3, Sum: 23.1]
      [Code Root Scanning (ms): Min: 0.0, Avg: 0.0, Max: 0.0, Diff: 0.0, Sum: 0.0]
      [Object Copy (ms): Min: 13.5, Avg: 14.8, Max: 15.6, Diff: 2.1, Sum: 118.6]
      [Termination (ms): Min: 0.0, Avg: 0.1, Max: 0.1, Diff: 0.1, Sum: 0.4]
         [Termination Attempts: Min: 1, Avg: 12.8, Max: 21, Diff: 20, Sum: 102]
      [GC Worker Other (ms): Min: 0.0, Avg: 0.0, Max: 0.0, Diff: 0.0, Sum: 0.2]
      [GC Worker Total (ms): Min: 17.1, Avg: 23.1, Max: 24.2, Diff: 7.1, Sum: 184.8]
      [GC Worker End (ms): Min: 56035265.3, Avg: 56035265.3, Max: 56035265.3, Diff: 0.0]
   [Code Root Fixup: 0.0 ms]
   [Code Root Purge: 0.0 ms]
   [Clear CT: 0.1 ms]
   [Other: 1.9 ms]
      [Choose CSet: 0.0 ms]
      [Ref Proc: 0.4 ms]
      [Ref Enq: 0.0 ms]
      [Redirty Cards: 0.1 ms]
      [Humongous Register: 0.3 ms]
      [Humongous Reclaim: 0.0 ms]
      [Free CSet: 0.1 ms]
   [Eden: 44.0M(44.0M)->0.0B(46.0M) Survivors: 7168.0K->5120.0K Heap: 380.0M(1024.0M)->336.1M(1024.0M)]
 [Times: user=0.06 sys=0.03, real=0.02 secs] 
2021-04-24T02:01:08.870+0800: 56058.549: [GC pause (G1 Evacuation Pause) (young), 0.0228312 secs]
   [Parallel Time: 19.9 ms, GC Workers: 8]
      [GC Worker Start (ms): Min: 56058549.5, Avg: 56058550.0, Max: 56058552.1, Diff: 2.6]
      [Ext Root Scanning (ms): Min: 0.0, Avg: 3.9, Max: 16.6, Diff: 16.6, Sum: 31.3]
      [Update RS (ms): Min: 0.0, Avg: 3.2, Max: 8.2, Diff: 8.2, Sum: 25.5]
         [Processed Buffers: Min: 0, Avg: 6.5, Max: 18, Diff: 18, Sum: 52]
      [Scan RS (ms): Min: 0.0, Avg: 5.4, Max: 12.0, Diff: 12.0, Sum: 43.4]
      [Code Root Scanning (ms): Min: 0.0, Avg: 0.0, Max: 0.0, Diff: 0.0, Sum: 0.0]
      [Object Copy (ms): Min: 2.6, Avg: 6.7, Max: 10.0, Diff: 7.5, Sum: 54.0]
      [Termination (ms): Min: 0.0, Avg: 0.0, Max: 0.0, Diff: 0.0, Sum: 0.1]
         [Termination Attempts: Min: 1, Avg: 20.5, Max: 35, Diff: 34, Sum: 164]
      [GC Worker Other (ms): Min: 0.0, Avg: 0.0, Max: 0.1, Diff: 0.0, Sum: 0.3]
      [GC Worker Total (ms): Min: 17.3, Avg: 19.3, Max: 19.8, Diff: 2.6, Sum: 154.6]
      [GC Worker End (ms): Min: 56058569.3, Avg: 56058569.3, Max: 56058569.3, Diff: 0.0]
   [Code Root Fixup: 0.0 ms]
   [Code Root Purge: 0.0 ms]
   [Clear CT: 0.1 ms]
   [Other: 2.8 ms]
      [Choose CSet: 0.0 ms]
      [Ref Proc: 1.3 ms]
      [Ref Enq: 0.0 ms]
      [Redirty Cards: 0.1 ms]
      [Humongous Register: 0.3 ms]
      [Humongous Reclaim: 0.0 ms]
      [Free CSet: 0.1 ms]
   [Eden: 46.0M(46.0M)->0.0B(44.0M) Survivors: 5120.0K->7168.0K Heap: 382.1M(1024.0M)->339.2M(1024.0M)]
 [Times: user=0.09 sys=0.01, real=0.02 secs] 
2021-04-24T02:01:30.983+0800: 56080.662: [GC pause (G1 Evacuation Pause) (young), 0.0235627 secs]
   [Parallel Time: 21.8 ms, GC Workers: 8]
      [GC Worker Start (ms): Min: 56080662.6, Avg: 56080662.8, Max: 56080663.3, Diff: 0.7]
      [Ext Root Scanning (ms): Min: 0.2, Avg: 2.4, Max: 9.5, Diff: 9.3, Sum: 19.2]
      [Update RS (ms): Min: 0.0, Avg: 1.9, Max: 6.8, Diff: 6.8, Sum: 15.2]
         [Processed Buffers: Min: 0, Avg: 5.4, Max: 23, Diff: 23, Sum: 43]
      [Scan RS (ms): Min: 1.0, Avg: 5.7, Max: 8.3, Diff: 7.2, Sum: 45.8]
      [Code Root Scanning (ms): Min: 0.0, Avg: 0.0, Max: 0.0, Diff: 0.0, Sum: 0.0]
      [Object Copy (ms): Min: 9.7, Avg: 11.2, Max: 16.3, Diff: 6.6, Sum: 89.5]
      [Termination (ms): Min: 0.0, Avg: 0.3, Max: 0.4, Diff: 0.4, Sum: 2.5]
         [Termination Attempts: Min: 1, Avg: 1.5, Max: 2, Diff: 1, Sum: 12]
      [GC Worker Other (ms): Min: 0.0, Avg: 0.0, Max: 0.0, Diff: 0.0, Sum: 0.1]
      [GC Worker Total (ms): Min: 20.9, Avg: 21.5, Max: 21.7, Diff: 0.8, Sum: 172.3]
      [GC Worker End (ms): Min: 56080684.3, Avg: 56080684.3, Max: 56080684.4, Diff: 0.1]
   [Code Root Fixup: 0.0 ms]
   [Code Root Purge: 0.0 ms]
   [Clear CT: 0.1 ms]
   [Other: 1.6 ms]
      [Choose CSet: 0.0 ms]
      [Ref Proc: 0.2 ms]
      [Ref Enq: 0.0 ms]
      [Redirty Cards: 0.1 ms]
      [Humongous Register: 0.2 ms]
      [Humongous Reclaim: 0.0 ms]
      [Free CSet: 0.1 ms]
   [Eden: 44.0M(44.0M)->0.0B(46.0M) Survivors: 7168.0K->5120.0K Heap: 383.2M(1024.0M)->338.2M(1024.0M)]
 [Times: user=0.05 sys=0.01, real=0.02 secs] 
2021-04-24T02:01:54.266+0800: 56103.945: [GC pause (G1 Evacuation Pause) (young), 0.0159562 secs]
   [Parallel Time: 14.0 ms, GC Workers: 8]
      [GC Worker Start (ms): Min: 56103945.5, Avg: 56103946.7, Max: 56103953.4, Diff: 7.8]
      [Ext Root Scanning (ms): Min: 0.0, Avg: 2.8, Max: 8.0, Diff: 8.0, Sum: 22.5]
      [Update RS (ms): Min: 0.0, Avg: 2.1, Max: 4.8, Diff: 4.8, Sum: 16.9]
         [Processed Buffers: Min: 0, Avg: 6.6, Max: 21, Diff: 21, Sum: 53]
      [Scan RS (ms): Min: 1.0, Avg: 2.5, Max: 3.2, Diff: 2.2, Sum: 20.3]
      [Code Root Scanning (ms): Min: 0.0, Avg: 0.0, Max: 0.0, Diff: 0.0, Sum: 0.0]
      [Object Copy (ms): Min: 2.8, Avg: 5.2, Max: 11.7, Diff: 8.9, Sum: 41.5]
      [Termination (ms): Min: 0.0, Avg: 0.0, Max: 0.0, Diff: 0.0, Sum: 0.0]
         [Termination Attempts: Min: 1, Avg: 5.9, Max: 9, Diff: 8, Sum: 47]
      [GC Worker Other (ms): Min: 0.0, Avg: 0.0, Max: 0.1, Diff: 0.0, Sum: 0.3]
      [GC Worker Total (ms): Min: 6.0, Avg: 12.7, Max: 13.8, Diff: 7.8, Sum: 101.6]
      [GC Worker End (ms): Min: 56103959.3, Avg: 56103959.4, Max: 56103959.4, Diff: 0.0]
   [Code Root Fixup: 0.0 ms]
   [Code Root Purge: 0.0 ms]
   [Clear CT: 0.1 ms]
   [Other: 1.9 ms]
      [Choose CSet: 0.0 ms]
      [Ref Proc: 0.2 ms]
      [Ref Enq: 0.0 ms]
      [Redirty Cards: 0.1 ms]
      [Humongous Register: 0.3 ms]
      [Humongous Reclaim: 0.0 ms]
      [Free CSet: 0.1 ms]
   [Eden: 46.0M(46.0M)->0.0B(44.0M) Survivors: 5120.0K->7168.0K Heap: 384.2M(1024.0M)->340.3M(1024.0M)]
 [Times: user=0.07 sys=0.00, real=0.02 secs] 
2021-04-24T02:02:16.576+0800: 56126.255: [GC pause (G1 Evacuation Pause) (young), 0.0250942 secs]
   [Parallel Time: 23.4 ms, GC Workers: 8]
      [GC Worker Start (ms): Min: 56126255.9, Avg: 56126256.0, Max: 56126256.3, Diff: 0.4]
      [Ext Root Scanning (ms): Min: 0.6, Avg: 2.8, Max: 9.1, Diff: 8.5, Sum: 22.6]
      [Update RS (ms): Min: 0.0, Avg: 1.7, Max: 3.8, Diff: 3.8, Sum: 13.8]
         [Processed Buffers: Min: 0, Avg: 5.5, Max: 33, Diff: 33, Sum: 44]
      [Scan RS (ms): Min: 0.0, Avg: 2.7, Max: 4.1, Diff: 4.1, Sum: 21.6]
      [Code Root Scanning (ms): Min: 0.0, Avg: 0.0, Max: 0.0, Diff: 0.0, Sum: 0.0]
      [Object Copy (ms): Min: 14.0, Avg: 15.8, Max: 20.7, Diff: 6.7, Sum: 126.0]
      [Termination (ms): Min: 0.0, Avg: 0.1, Max: 0.1, Diff: 0.1, Sum: 0.6]
         [Termination Attempts: Min: 1, Avg: 7.0, Max: 12, Diff: 11, Sum: 56]
      [GC Worker Other (ms): Min: 0.0, Avg: 0.0, Max: 0.0, Diff: 0.0, Sum: 0.2]
      [GC Worker Total (ms): Min: 22.8, Avg: 23.1, Max: 23.3, Diff: 0.4, Sum: 184.7]
      [GC Worker End (ms): Min: 56126279.1, Avg: 56126279.1, Max: 56126279.2, Diff: 0.1]
   [Code Root Fixup: 0.0 ms]
   [Code Root Purge: 0.0 ms]
   [Clear CT: 0.2 ms]
   [Other: 1.5 ms]
      [Choose CSet: 0.0 ms]
      [Ref Proc: 0.3 ms]
      [Ref Enq: 0.0 ms]
      [Redirty Cards: 0.2 ms]
      [Humongous Register: 0.3 ms]
      [Humongous Reclaim: 0.0 ms]
      [Free CSet: 0.1 ms]
   [Eden: 44.0M(44.0M)->0.0B(46.0M) Survivors: 7168.0K->5120.0K Heap: 384.3M(1024.0M)->339.0M(1024.0M)]
 [Times: user=0.07 sys=0.02, real=0.03 secs] 
2021-04-24T02:02:39.905+0800: 56149.584: [GC pause (G1 Evacuation Pause) (young), 0.0181217 secs]
   [Parallel Time: 16.6 ms, GC Workers: 8]
      [GC Worker Start (ms): Min: 56149584.6, Avg: 56149584.8, Max: 56149585.4, Diff: 0.9]
      [Ext Root Scanning (ms): Min: 0.0, Avg: 3.3, Max: 12.4, Diff: 12.4, Sum: 26.2]
      [Update RS (ms): Min: 0.0, Avg: 2.9, Max: 8.3, Diff: 8.3, Sum: 23.2]
         [Processed Buffers: Min: 0, Avg: 6.0, Max: 18, Diff: 18, Sum: 48]
      [Scan RS (ms): Min: 0.0, Avg: 3.6, Max: 5.8, Diff: 5.8, Sum: 28.7]
      [Code Root Scanning (ms): Min: 0.0, Avg: 0.0, Max: 0.0, Diff: 0.0, Sum: 0.0]
      [Object Copy (ms): Min: 4.0, Avg: 6.5, Max: 12.5, Diff: 8.5, Sum: 51.9]
      [Termination (ms): Min: 0.0, Avg: 0.0, Max: 0.0, Diff: 0.0, Sum: 0.0]
         [Termination Attempts: Min: 1, Avg: 5.2, Max: 13, Diff: 12, Sum: 42]
      [GC Worker Other (ms): Min: 0.0, Avg: 0.0, Max: 0.1, Diff: 0.1, Sum: 0.3]
      [GC Worker Total (ms): Min: 15.6, Avg: 16.3, Max: 16.5, Diff: 0.9, Sum: 130.3]
      [GC Worker End (ms): Min: 56149601.0, Avg: 56149601.1, Max: 56149601.1, Diff: 0.1]
   [Code Root Fixup: 0.0 ms]
   [Code Root Purge: 0.0 ms]
   [Clear CT: 0.2 ms]
   [Other: 1.3 ms]
      [Choose CSet: 0.0 ms]
      [Ref Proc: 0.3 ms]
      [Ref Enq: 0.0 ms]
      [Redirty Cards: 0.2 ms]
      [Humongous Register: 0.3 ms]
      [Humongous Reclaim: 0.0 ms]
      [Free CSet: 0.1 ms]
   [Eden: 46.0M(46.0M)->0.0B(44.0M) Survivors: 5120.0K->7168.0K Heap: 385.0M(1024.0M)->341.6M(1024.0M)]
 [Times: user=0.08 sys=0.00, real=0.02 secs] 
2021-04-24T02:03:02.123+0800: 56171.802: [GC pause (G1 Evacuation Pause) (young), 0.0182838 secs]
   [Parallel Time: 17.2 ms, GC Workers: 8]
      [GC Worker Start (ms): Min: 56171802.1, Avg: 56171802.3, Max: 56171803.1, Diff: 1.0]
      [Ext Root Scanning (ms): Min: 0.0, Avg: 3.3, Max: 11.5, Diff: 11.5, Sum: 26.1]
      [Update RS (ms): Min: 0.0, Avg: 2.3, Max: 5.2, Diff: 5.2, Sum: 18.8]
         [Processed Buffers: Min: 0, Avg: 5.9, Max: 16, Diff: 16, Sum: 47]
      [Scan RS (ms): Min: 0.0, Avg: 2.3, Max: 4.2, Diff: 4.2, Sum: 18.3]
      [Code Root Scanning (ms): Min: 0.0, Avg: 0.0, Max: 0.0, Diff: 0.0, Sum: 0.0]
      [Object Copy (ms): Min: 5.6, Avg: 8.8, Max: 16.1, Diff: 10.5, Sum: 70.5]
      [Termination (ms): Min: 0.0, Avg: 0.2, Max: 0.2, Diff: 0.2, Sum: 1.5]
         [Termination Attempts: Min: 1, Avg: 5.6, Max: 9, Diff: 8, Sum: 45]
      [GC Worker Other (ms): Min: 0.0, Avg: 0.0, Max: 0.0, Diff: 0.0, Sum: 0.2]
      [GC Worker Total (ms): Min: 16.1, Avg: 16.9, Max: 17.1, Diff: 1.0, Sum: 135.3]
      [GC Worker End (ms): Min: 56171819.2, Avg: 56171819.2, Max: 56171819.2, Diff: 0.0]
   [Code Root Fixup: 0.0 ms]
   [Code Root Purge: 0.0 ms]
   [Clear CT: 0.1 ms]
   [Other: 1.0 ms]
      [Choose CSet: 0.0 ms]
      [Ref Proc: 0.2 ms]
      [Ref Enq: 0.0 ms]
      [Redirty Cards: 0.1 ms]
      [Humongous Register: 0.2 ms]
      [Humongous Reclaim: 0.0 ms]
      [Free CSet: 0.1 ms]
   [Eden: 44.0M(44.0M)->0.0B(44.0M) Survivors: 7168.0K->7168.0K Heap: 385.6M(1024.0M)->342.8M(1024.0M)]
 [Times: user=0.06 sys=0.00, real=0.02 secs] 
2021-04-24T02:03:24.378+0800: 56194.057: [GC pause (G1 Evacuation Pause) (young), 0.0267486 secs]
   [Parallel Time: 24.6 ms, GC Workers: 8]
      [GC Worker Start (ms): Min: 56194057.5, Avg: 56194057.7, Max: 56194058.4, Diff: 0.8]
      [Ext Root Scanning (ms): Min: 0.0, Avg: 2.3, Max: 7.5, Diff: 7.5, Sum: 18.4]
      [Update RS (ms): Min: 0.0, Avg: 1.7, Max: 4.9, Diff: 4.9, Sum: 13.8]
         [Processed Buffers: Min: 0, Avg: 6.2, Max: 16, Diff: 16, Sum: 50]
      [Scan RS (ms): Min: 0.0, Avg: 2.4, Max: 3.8, Diff: 3.8, Sum: 18.9]
      [Code Root Scanning (ms): Min: 0.0, Avg: 0.0, Max: 0.0, Diff: 0.0, Sum: 0.0]
      [Object Copy (ms): Min: 16.9, Avg: 17.8, Max: 21.9, Diff: 5.0, Sum: 142.3]
      [Termination (ms): Min: 0.0, Avg: 0.1, Max: 0.1, Diff: 0.1, Sum: 0.6]
         [Termination Attempts: Min: 1, Avg: 2.0, Max: 4, Diff: 3, Sum: 16]
      [GC Worker Other (ms): Min: 0.0, Avg: 0.0, Max: 0.0, Diff: 0.0, Sum: 0.1]
      [GC Worker Total (ms): Min: 23.6, Avg: 24.3, Max: 24.5, Diff: 0.9, Sum: 194.2]
      [GC Worker End (ms): Min: 56194082.0, Avg: 56194082.0, Max: 56194082.0, Diff: 0.0]
   [Code Root Fixup: 0.0 ms]
   [Code Root Purge: 0.0 ms]
   [Clear CT: 0.1 ms]
   [Other: 2.0 ms]
      [Choose CSet: 0.0 ms]
      [Ref Proc: 0.3 ms]
      [Ref Enq: 0.0 ms]
      [Redirty Cards: 0.1 ms]
      [Humongous Register: 0.3 ms]
      [Humongous Reclaim: 0.0 ms]
      [Free CSet: 0.2 ms]
   [Eden: 44.0M(44.0M)->0.0B(46.0M) Survivors: 7168.0K->5120.0K Heap: 386.8M(1024.0M)->342.6M(1024.0M)]
 [Times: user=0.06 sys=0.02, real=0.03 secs] 
2021-04-24T02:03:47.775+0800: 56217.454: [GC pause (G1 Evacuation Pause) (young), 0.0207203 secs]
   [Parallel Time: 18.1 ms, GC Workers: 8]
      [GC Worker Start (ms): Min: 56217454.4, Avg: 56217454.7, Max: 56217455.7, Diff: 1.3]
      [Ext Root Scanning (ms): Min: 0.0, Avg: 4.5, Max: 16.6, Diff: 16.6, Sum: 35.9]
      [Update RS (ms): Min: 0.0, Avg: 2.0, Max: 4.3, Diff: 4.3, Sum: 15.9]
         [Processed Buffers: Min: 0, Avg: 5.8, Max: 22, Diff: 22, Sum: 46]
      [Scan RS (ms): Min: 0.1, Avg: 5.2, Max: 11.2, Diff: 11.2, Sum: 41.4]
      [Code Root Scanning (ms): Min: 0.0, Avg: 0.0, Max: 0.0, Diff: 0.0, Sum: 0.0]
      [Object Copy (ms): Min: 1.1, Avg: 5.9, Max: 13.8, Diff: 12.7, Sum: 47.0]
      [Termination (ms): Min: 0.0, Avg: 0.0, Max: 0.0, Diff: 0.0, Sum: 0.2]
         [Termination Attempts: Min: 1, Avg: 32.8, Max: 61, Diff: 60, Sum: 262]
      [GC Worker Other (ms): Min: 0.0, Avg: 0.0, Max: 0.0, Diff: 0.0, Sum: 0.2]
      [GC Worker Total (ms): Min: 16.5, Avg: 17.6, Max: 17.9, Diff: 1.3, Sum: 140.5]
      [GC Worker End (ms): Min: 56217472.3, Avg: 56217472.3, Max: 56217472.3, Diff: 0.0]
   [Code Root Fixup: 0.0 ms]
   [Code Root Purge: 0.0 ms]
   [Clear CT: 0.2 ms]
   [Other: 2.4 ms]
      [Choose CSet: 0.0 ms]
      [Ref Proc: 0.4 ms]
      [Ref Enq: 0.0 ms]
      [Redirty Cards: 0.2 ms]
      [Humongous Register: 0.3 ms]
      [Humongous Reclaim: 0.0 ms]
      [Free CSet: 0.1 ms]
   [Eden: 46.0M(46.0M)->0.0B(44.0M) Survivors: 5120.0K->7168.0K Heap: 388.6M(1024.0M)->344.7M(1024.0M)]
 [Times: user=0.07 sys=0.01, real=0.02 secs] 
2021-04-24T02:04:09.934+0800: 56239.613: [GC pause (G1 Evacuation Pause) (young), 0.0201976 secs]
   [Parallel Time: 18.6 ms, GC Workers: 8]
      [GC Worker Start (ms): Min: 56239614.0, Avg: 56239614.5, Max: 56239616.0, Diff: 2.0]
      [Ext Root Scanning (ms): Min: 0.0, Avg: 4.6, Max: 11.4, Diff: 11.4, Sum: 36.7]
      [Update RS (ms): Min: 0.0, Avg: 2.9, Max: 6.9, Diff: 6.9, Sum: 23.5]
         [Processed Buffers: Min: 0, Avg: 6.0, Max: 17, Diff: 17, Sum: 48]
      [Scan RS (ms): Min: 0.0, Avg: 2.8, Max: 5.3, Diff: 5.3, Sum: 22.2]
      [Code Root Scanning (ms): Min: 0.0, Avg: 0.0, Max: 0.0, Diff: 0.0, Sum: 0.0]
      [Object Copy (ms): Min: 6.9, Avg: 7.7, Max: 8.7, Diff: 1.8, Sum: 61.4]
      [Termination (ms): Min: 0.0, Avg: 0.1, Max: 0.1, Diff: 0.1, Sum: 0.4]
         [Termination Attempts: Min: 1, Avg: 7.1, Max: 14, Diff: 13, Sum: 57]
      [GC Worker Other (ms): Min: 0.0, Avg: 0.0, Max: 0.0, Diff: 0.0, Sum: 0.2]
      [GC Worker Total (ms): Min: 16.5, Avg: 18.0, Max: 18.5, Diff: 2.0, Sum: 144.4]
      [GC Worker End (ms): Min: 56239632.5, Avg: 56239632.5, Max: 56239632.5, Diff: 0.0]
   [Code Root Fixup: 0.0 ms]
   [Code Root Purge: 0.0 ms]
   [Clear CT: 0.1 ms]
   [Other: 1.4 ms]
      [Choose CSet: 0.0 ms]
      [Ref Proc: 0.2 ms]
      [Ref Enq: 0.0 ms]
      [Redirty Cards: 0.1 ms]
      [Humongous Register: 0.3 ms]
      [Humongous Reclaim: 0.0 ms]
      [Free CSet: 0.1 ms]
   [Eden: 44.0M(44.0M)->0.0B(46.0M) Survivors: 7168.0K->5120.0K Heap: 388.7M(1024.0M)->343.4M(1024.0M)]
 [Times: user=0.07 sys=0.01, real=0.02 secs] 
2021-04-24T02:04:33.369+0800: 56263.049: [GC pause (G1 Evacuation Pause) (young), 0.0182565 secs]
   [Parallel Time: 16.8 ms, GC Workers: 8]
      [GC Worker Start (ms): Min: 56263049.4, Avg: 56263050.9, Max: 56263058.4, Diff: 9.0]
      [Ext Root Scanning (ms): Min: 0.0, Avg: 1.7, Max: 8.6, Diff: 8.6, Sum: 13.5]
      [Update RS (ms): Min: 0.0, Avg: 2.1, Max: 4.6, Diff: 4.6, Sum: 16.6]
         [Processed Buffers: Min: 0, Avg: 6.0, Max: 24, Diff: 24, Sum: 48]
      [Scan RS (ms): Min: 0.1, Avg: 2.4, Max: 4.6, Diff: 4.5, Sum: 19.5]
      [Code Root Scanning (ms): Min: 0.0, Avg: 0.0, Max: 0.0, Diff: 0.0, Sum: 0.0]
      [Object Copy (ms): Min: 6.5, Avg: 8.8, Max: 15.5, Diff: 9.0, Sum: 70.7]
      [Termination (ms): Min: 0.0, Avg: 0.0, Max: 0.0, Diff: 0.0, Sum: 0.1]
         [Termination Attempts: Min: 1, Avg: 37.4, Max: 73, Diff: 72, Sum: 299]
      [GC Worker Other (ms): Min: 0.0, Avg: 0.0, Max: 0.1, Diff: 0.1, Sum: 0.3]
      [GC Worker Total (ms): Min: 7.6, Avg: 15.1, Max: 16.6, Diff: 9.0, Sum: 120.7]
      [GC Worker End (ms): Min: 56263066.0, Avg: 56263066.0, Max: 56263066.1, Diff: 0.1]
   [Code Root Fixup: 0.0 ms]
   [Code Root Purge: 0.0 ms]
   [Clear CT: 0.1 ms]
   [Other: 1.3 ms]
      [Choose CSet: 0.0 ms]
      [Ref Proc: 0.3 ms]
      [Ref Enq: 0.0 ms]
      [Redirty Cards: 0.1 ms]
      [Humongous Register: 0.3 ms]
      [Humongous Reclaim: 0.0 ms]
      [Free CSet: 0.1 ms]
   [Eden: 46.0M(46.0M)->0.0B(44.0M) Survivors: 5120.0K->7168.0K Heap: 389.4M(1024.0M)->346.2M(1024.0M)]
 [Times: user=0.08 sys=0.00, real=0.02 secs] 
2021-04-24T02:04:55.612+0800: 56285.291: [GC pause (G1 Evacuation Pause) (young), 0.0171993 secs]
   [Parallel Time: 15.2 ms, GC Workers: 8]
      [GC Worker Start (ms): Min: 56285291.6, Avg: 56285291.9, Max: 56285292.7, Diff: 1.1]
      [Ext Root Scanning (ms): Min: 0.0, Avg: 3.8, Max: 11.3, Diff: 11.3, Sum: 30.0]
      [Update RS (ms): Min: 0.0, Avg: 2.3, Max: 8.5, Diff: 8.5, Sum: 18.6]
         [Processed Buffers: Min: 0, Avg: 6.4, Max: 23, Diff: 23, Sum: 51]
      [Scan RS (ms): Min: 0.0, Avg: 3.2, Max: 6.0, Diff: 6.0, Sum: 25.5]
      [Code Root Scanning (ms): Min: 0.0, Avg: 0.0, Max: 0.0, Diff: 0.0, Sum: 0.0]
      [Object Copy (ms): Min: 3.6, Avg: 5.5, Max: 10.9, Diff: 7.3, Sum: 43.9]
      [Termination (ms): Min: 0.0, Avg: 0.0, Max: 0.0, Diff: 0.0, Sum: 0.0]
         [Termination Attempts: Min: 1, Avg: 5.9, Max: 10, Diff: 9, Sum: 47]
      [GC Worker Other (ms): Min: 0.0, Avg: 0.0, Max: 0.1, Diff: 0.1, Sum: 0.3]
      [GC Worker Total (ms): Min: 13.9, Avg: 14.8, Max: 15.0, Diff: 1.1, Sum: 118.3]
      [GC Worker End (ms): Min: 56285306.7, Avg: 56285306.7, Max: 56285306.7, Diff: 0.1]
   [Code Root Fixup: 0.5 ms]
   [Code Root Purge: 0.0 ms]
   [Clear CT: 0.1 ms]
   [Other: 1.4 ms]
      [Choose CSet: 0.0 ms]
      [Ref Proc: 0.3 ms]
      [Ref Enq: 0.0 ms]
      [Redirty Cards: 0.1 ms]
      [Humongous Register: 0.3 ms]
      [Humongous Reclaim: 0.0 ms]
      [Free CSet: 0.1 ms]
   [Eden: 44.0M(44.0M)->0.0B(95.0M) Survivors: 7168.0K->6144.0K Heap: 390.2M(1024.0M)->345.3M(1024.0M)]
 [Times: user=0.06 sys=0.00, real=0.01 secs] 
2021-04-24T02:05:29.952+0800: 56319.631: [GC pause (G1 Evacuation Pause) (young), 0.0165454 secs]
   [Parallel Time: 15.3 ms, GC Workers: 8]
      [GC Worker Start (ms): Min: 56319632.0, Avg: 56319632.3, Max: 56319633.2, Diff: 1.1]
      [Ext Root Scanning (ms): Min: 0.0, Avg: 4.1, Max: 10.2, Diff: 10.2, Sum: 32.7]
      [Update RS (ms): Min: 0.0, Avg: 2.2, Max: 4.9, Diff: 4.9, Sum: 17.6]
         [Processed Buffers: Min: 0, Avg: 6.0, Max: 22, Diff: 22, Sum: 48]
      [Scan RS (ms): Min: 0.3, Avg: 3.0, Max: 5.0, Diff: 4.7, Sum: 23.7]
      [Code Root Scanning (ms): Min: 0.0, Avg: 0.0, Max: 0.0, Diff: 0.0, Sum: 0.0]
      [Object Copy (ms): Min: 4.6, Avg: 5.6, Max: 12.3, Diff: 7.6, Sum: 45.0]
      [Termination (ms): Min: 0.0, Avg: 0.0, Max: 0.0, Diff: 0.0, Sum: 0.0]
         [Termination Attempts: Min: 1, Avg: 4.9, Max: 10, Diff: 9, Sum: 39]
      [GC Worker Other (ms): Min: 0.0, Avg: 0.0, Max: 0.1, Diff: 0.0, Sum: 0.2]
      [GC Worker Total (ms): Min: 14.0, Avg: 14.9, Max: 15.2, Diff: 1.1, Sum: 119.2]
      [GC Worker End (ms): Min: 56319647.2, Avg: 56319647.2, Max: 56319647.2, Diff: 0.0]
   [Code Root Fixup: 0.0 ms]
   [Code Root Purge: 0.0 ms]
   [Clear CT: 0.1 ms]
   [Other: 1.2 ms]
      [Choose CSet: 0.0 ms]
      [Ref Proc: 0.2 ms]
      [Ref Enq: 0.0 ms]
      [Redirty Cards: 0.1 ms]
      [Humongous Register: 0.3 ms]
      [Humongous Reclaim: 0.0 ms]
      [Free CSet: 0.1 ms]
   [Eden: 68.0M(45.0M)->0.0B(127.0M) Survivors: 6144.0K->7168.0K Heap: 413.3M(1024.0M)->346.9M(1024.0M)]
 [Times: user=0.08 sys=0.01, real=0.01 secs] 
2021-04-24T02:05:52.112+0800: 56341.792: [GC pause (G1 Evacuation Pause) (young), 0.0363430 secs]
   [Parallel Time: 33.2 ms, GC Workers: 8]
      [GC Worker Start (ms): Min: 56341792.3, Avg: 56341792.7, Max: 56341793.5, Diff: 1.1]
      [Ext Root Scanning (ms): Min: 0.0, Avg: 3.4, Max: 13.4, Diff: 13.4, Sum: 26.8]
      [Update RS (ms): Min: 0.0, Avg: 1.4, Max: 3.2, Diff: 3.2, Sum: 11.1]
         [Processed Buffers: Min: 0, Avg: 5.9, Max: 24, Diff: 24, Sum: 47]
      [Scan RS (ms): Min: 0.0, Avg: 2.7, Max: 4.9, Diff: 4.9, Sum: 21.9]
      [Code Root Scanning (ms): Min: 0.0, Avg: 0.0, Max: 0.0, Diff: 0.0, Sum: 0.0]
      [Object Copy (ms): Min: 19.6, Avg: 25.2, Max: 32.0, Diff: 12.4, Sum: 201.8]
      [Termination (ms): Min: 0.0, Avg: 0.1, Max: 0.1, Diff: 0.1, Sum: 0.5]
         [Termination Attempts: Min: 1, Avg: 2.5, Max: 4, Diff: 3, Sum: 20]
      [GC Worker Other (ms): Min: 0.0, Avg: 0.0, Max: 0.0, Diff: 0.0, Sum: 0.2]
      [GC Worker Total (ms): Min: 32.0, Avg: 32.8, Max: 33.1, Diff: 1.1, Sum: 262.2]
      [GC Worker End (ms): Min: 56341825.4, Avg: 56341825.4, Max: 56341825.5, Diff: 0.0]
   [Code Root Fixup: 0.0 ms]
   [Code Root Purge: 0.0 ms]
   [Clear CT: 0.2 ms]
   [Other: 2.9 ms]
      [Choose CSet: 0.0 ms]
      [Ref Proc: 0.5 ms]
      [Ref Enq: 0.0 ms]
      [Redirty Cards: 0.2 ms]
      [Humongous Register: 0.3 ms]
      [Humongous Reclaim: 0.0 ms]
      [Free CSet: 0.2 ms]
   [Eden: 44.0M(44.0M)->0.0B(44.0M) Survivors: 7168.0K->7168.0K Heap: 390.9M(1024.0M)->347.6M(1024.0M)]
 [Times: user=0.09 sys=0.02, real=0.03 secs] 
2021-04-24T02:06:14.442+0800: 56364.122: [GC pause (G1 Evacuation Pause) (young), 0.0179985 secs]
   [Parallel Time: 16.3 ms, GC Workers: 8]
      [GC Worker Start (ms): Min: 56364122.3, Avg: 56364123.4, Max: 56364130.0, Diff: 7.7]
      [Ext Root Scanning (ms): Min: 0.0, Avg: 2.7, Max: 8.0, Diff: 8.0, Sum: 21.5]
      [Update RS (ms): Min: 0.0, Avg: 1.7, Max: 3.9, Diff: 3.9, Sum: 13.8]
         [Processed Buffers: Min: 0, Avg: 6.1, Max: 21, Diff: 21, Sum: 49]
      [Scan RS (ms): Min: 0.9, Avg: 2.6, Max: 4.6, Diff: 3.7, Sum: 21.0]
      [Code Root Scanning (ms): Min: 0.0, Avg: 0.0, Max: 0.0, Diff: 0.0, Sum: 0.0]
      [Object Copy (ms): Min: 6.5, Avg: 7.9, Max: 14.0, Diff: 7.5, Sum: 63.1]
      [Termination (ms): Min: 0.0, Avg: 0.1, Max: 0.2, Diff: 0.2, Sum: 1.0]
         [Termination Attempts: Min: 1, Avg: 6.0, Max: 10, Diff: 9, Sum: 48]
      [GC Worker Other (ms): Min: 0.0, Avg: 0.0, Max: 0.1, Diff: 0.0, Sum: 0.2]
      [GC Worker Total (ms): Min: 8.5, Avg: 15.1, Max: 16.2, Diff: 7.7, Sum: 120.5]
      [GC Worker End (ms): Min: 56364138.4, Avg: 56364138.4, Max: 56364138.5, Diff: 0.0]
   [Code Root Fixup: 0.0 ms]
   [Code Root Purge: 0.0 ms]
   [Clear CT: 0.2 ms]
   [Other: 1.5 ms]
      [Choose CSet: 0.0 ms]
      [Ref Proc: 0.3 ms]
      [Ref Enq: 0.0 ms]
      [Redirty Cards: 0.2 ms]
      [Humongous Register: 0.3 ms]
      [Humongous Reclaim: 0.0 ms]
      [Free CSet: 0.1 ms]
   [Eden: 44.0M(44.0M)->0.0B(46.0M) Survivors: 7168.0K->5120.0K Heap: 391.6M(1024.0M)->347.3M(1024.0M)]
 [Times: user=0.08 sys=0.01, real=0.02 secs] 
2021-04-24T02:06:37.717+0800: 56387.397: [GC pause (G1 Evacuation Pause) (young), 0.0222444 secs]
   [Parallel Time: 20.3 ms, GC Workers: 8]
      [GC Worker Start (ms): Min: 56387397.4, Avg: 56387400.0, Max: 56387407.5, Diff: 10.1]
      [Ext Root Scanning (ms): Min: 0.0, Avg: 2.0, Max: 10.0, Diff: 10.0, Sum: 16.4]
      [Update RS (ms): Min: 0.0, Avg: 2.5, Max: 5.4, Diff: 5.4, Sum: 19.7]
         [Processed Buffers: Min: 0, Avg: 6.2, Max: 22, Diff: 22, Sum: 50]
      [Scan RS (ms): Min: 1.5, Avg: 4.4, Max: 7.6, Diff: 6.2, Sum: 35.3]
      [Code Root Scanning (ms): Min: 0.0, Avg: 0.0, Max: 0.0, Diff: 0.0, Sum: 0.0]
      [Object Copy (ms): Min: 5.2, Avg: 7.5, Max: 16.0, Diff: 10.8, Sum: 60.2]
      [Termination (ms): Min: 0.0, Avg: 1.1, Max: 1.4, Diff: 1.4, Sum: 9.2]
         [Termination Attempts: Min: 1, Avg: 11.1, Max: 22, Diff: 21, Sum: 89]
      [GC Worker Other (ms): Min: 0.0, Avg: 0.0, Max: 0.0, Diff: 0.0, Sum: 0.2]
      [GC Worker Total (ms): Min: 10.1, Avg: 17.6, Max: 20.2, Diff: 10.1, Sum: 140.9]
      [GC Worker End (ms): Min: 56387417.5, Avg: 56387417.6, Max: 56387417.6, Diff: 0.0]
   [Code Root Fixup: 0.0 ms]
   [Code Root Purge: 0.0 ms]
   [Clear CT: 0.1 ms]
   [Other: 1.8 ms]
      [Choose CSet: 0.0 ms]
      [Ref Proc: 0.2 ms]
      [Ref Enq: 0.0 ms]
      [Redirty Cards: 0.1 ms]
      [Humongous Register: 0.3 ms]
      [Humongous Reclaim: 0.0 ms]
      [Free CSet: 0.1 ms]
   [Eden: 46.0M(46.0M)->0.0B(44.0M) Survivors: 5120.0K->7168.0K Heap: 393.3M(1024.0M)->350.3M(1024.0M)]
 [Times: user=0.09 sys=0.01, real=0.03 secs] 
2021-04-24T02:07:00.207+0800: 56409.887: [GC pause (G1 Evacuation Pause) (young), 0.0285570 secs]
   [Parallel Time: 27.0 ms, GC Workers: 8]
      [GC Worker Start (ms): Min: 56409887.5, Avg: 56409888.7, Max: 56409896.0, Diff: 8.5]
      [Ext Root Scanning (ms): Min: 0.0, Avg: 2.7, Max: 11.1, Diff: 11.1, Sum: 21.7]
      [Update RS (ms): Min: 0.0, Avg: 2.1, Max: 5.1, Diff: 5.1, Sum: 16.5]
         [Processed Buffers: Min: 0, Avg: 6.1, Max: 20, Diff: 20, Sum: 49]
      [Scan RS (ms): Min: 0.0, Avg: 4.2, Max: 6.1, Diff: 6.0, Sum: 33.4]
      [Code Root Scanning (ms): Min: 0.0, Avg: 0.0, Max: 0.0, Diff: 0.0, Sum: 0.0]
      [Object Copy (ms): Min: 15.4, Avg: 16.7, Max: 23.7, Diff: 8.3, Sum: 133.2]
      [Termination (ms): Min: 0.0, Avg: 0.1, Max: 0.1, Diff: 0.1, Sum: 0.7]
         [Termination Attempts: Min: 1, Avg: 3.0, Max: 9, Diff: 8, Sum: 24]
      [GC Worker Other (ms): Min: 0.0, Avg: 0.0, Max: 0.0, Diff: 0.0, Sum: 0.2]
      [GC Worker Total (ms): Min: 18.4, Avg: 25.7, Max: 26.9, Diff: 8.5, Sum: 205.7]
      [GC Worker End (ms): Min: 56409914.4, Avg: 56409914.4, Max: 56409914.5, Diff: 0.0]
   [Code Root Fixup: 0.0 ms]
   [Code Root Purge: 0.0 ms]
   [Clear CT: 0.1 ms]
   [Other: 1.4 ms]
      [Choose CSet: 0.0 ms]
      [Ref Proc: 0.3 ms]
      [Ref Enq: 0.0 ms]
      [Redirty Cards: 0.1 ms]
      [Humongous Register: 0.3 ms]
      [Humongous Reclaim: 0.0 ms]
      [Free CSet: 0.2 ms]
   [Eden: 44.0M(44.0M)->0.0B(46.0M) Survivors: 7168.0K->5120.0K Heap: 394.3M(1024.0M)->349.3M(1024.0M)]
 [Times: user=0.07 sys=0.01, real=0.03 secs] 
2021-04-24T02:07:23.930+0800: 56433.610: [GC pause (G1 Evacuation Pause) (young), 0.0167295 secs]
   [Parallel Time: 14.9 ms, GC Workers: 8]
      [GC Worker Start (ms): Min: 56433610.5, Avg: 56433610.8, Max: 56433611.1, Diff: 0.6]
      [Ext Root Scanning (ms): Min: 0.8, Avg: 3.2, Max: 9.3, Diff: 8.5, Sum: 25.8]
      [Update RS (ms): Min: 0.0, Avg: 1.9, Max: 4.4, Diff: 4.4, Sum: 15.2]
         [Processed Buffers: Min: 0, Avg: 6.0, Max: 22, Diff: 22, Sum: 48]
      [Scan RS (ms): Min: 0.4, Avg: 2.7, Max: 4.7, Diff: 4.3, Sum: 21.4]
      [Code Root Scanning (ms): Min: 0.0, Avg: 0.0, Max: 0.0, Diff: 0.0, Sum: 0.0]
      [Object Copy (ms): Min: 4.7, Avg: 6.7, Max: 12.9, Diff: 8.1, Sum: 53.3]
      [Termination (ms): Min: 0.0, Avg: 0.0, Max: 0.0, Diff: 0.0, Sum: 0.0]
         [Termination Attempts: Min: 1, Avg: 1.1, Max: 2, Diff: 1, Sum: 9]
      [GC Worker Other (ms): Min: 0.0, Avg: 0.0, Max: 0.1, Diff: 0.0, Sum: 0.2]
      [GC Worker Total (ms): Min: 14.2, Avg: 14.5, Max: 14.8, Diff: 0.6, Sum: 116.0]
      [GC Worker End (ms): Min: 56433625.3, Avg: 56433625.3, Max: 56433625.3, Diff: 0.0]
   [Code Root Fixup: 0.0 ms]
   [Code Root Purge: 0.0 ms]
   [Clear CT: 0.2 ms]
   [Other: 1.6 ms]
      [Choose CSet: 0.0 ms]
      [Ref Proc: 0.4 ms]
      [Ref Enq: 0.0 ms]
      [Redirty Cards: 0.2 ms]
      [Humongous Register: 0.2 ms]
      [Humongous Reclaim: 0.0 ms]
      [Free CSet: 0.1 ms]
   [Eden: 46.0M(46.0M)->0.0B(45.0M) Survivors: 5120.0K->6144.0K Heap: 395.3M(1024.0M)->350.2M(1024.0M)]
 [Times: user=0.08 sys=0.00, real=0.01 secs] 
2021-04-24T02:07:46.989+0800: 56456.669: [GC pause (G1 Evacuation Pause) (young), 0.0161043 secs]
   [Parallel Time: 14.9 ms, GC Workers: 8]
      [GC Worker Start (ms): Min: 56456669.6, Avg: 56456671.0, Max: 56456679.1, Diff: 9.5]
      [Ext Root Scanning (ms): Min: 0.0, Avg: 3.6, Max: 10.8, Diff: 10.8, Sum: 28.5]
      [Update RS (ms): Min: 0.0, Avg: 2.6, Max: 5.5, Diff: 5.5, Sum: 20.4]
         [Processed Buffers: Min: 0, Avg: 4.9, Max: 18, Diff: 18, Sum: 39]
      [Scan RS (ms): Min: 0.1, Avg: 2.4, Max: 4.5, Diff: 4.4, Sum: 19.0]
      [Code Root Scanning (ms): Min: 0.0, Avg: 0.0, Max: 0.0, Diff: 0.0, Sum: 0.0]
      [Object Copy (ms): Min: 3.4, Avg: 4.7, Max: 12.5, Diff: 9.0, Sum: 37.7]
      [Termination (ms): Min: 0.0, Avg: 0.2, Max: 0.2, Diff: 0.2, Sum: 1.4]
         [Termination Attempts: Min: 1, Avg: 21.1, Max: 30, Diff: 29, Sum: 169]
      [GC Worker Other (ms): Min: 0.0, Avg: 0.0, Max: 0.1, Diff: 0.0, Sum: 0.2]
      [GC Worker Total (ms): Min: 5.3, Avg: 13.4, Max: 14.8, Diff: 9.5, Sum: 107.2]
      [GC Worker End (ms): Min: 56456684.4, Avg: 56456684.4, Max: 56456684.4, Diff: 0.0]
   [Code Root Fixup: 0.0 ms]
   [Code Root Purge: 0.0 ms]
   [Clear CT: 0.1 ms]
   [Other: 1.1 ms]
      [Choose CSet: 0.0 ms]
      [Ref Proc: 0.2 ms]
      [Ref Enq: 0.0 ms]
      [Redirty Cards: 0.1 ms]
      [Humongous Register: 0.3 ms]
      [Humongous Reclaim: 0.0 ms]
      [Free CSet: 0.1 ms]
   [Eden: 45.0M(45.0M)->0.0B(60.0M) Survivors: 6144.0K->6144.0K Heap: 395.2M(1024.0M)->351.3M(1024.0M)]
 [Times: user=0.06 sys=0.00, real=0.02 secs] 
2021-04-24T02:08:09.768+0800: 56479.444: [GC pause (G1 Evacuation Pause) (young), 0.0194719 secs]
   [Parallel Time: 17.1 ms, GC Workers: 8]
      [GC Worker Start (ms): Min: 56479445.3, Avg: 56479445.6, Max: 56479446.7, Diff: 1.4]
      [Ext Root Scanning (ms): Min: 0.0, Avg: 2.1, Max: 5.9, Diff: 5.9, Sum: 16.7]
      [Update RS (ms): Min: 0.0, Avg: 4.7, Max: 10.3, Diff: 10.3, Sum: 37.7]
         [Processed Buffers: Min: 0, Avg: 5.9, Max: 15, Diff: 15, Sum: 47]
      [Scan RS (ms): Min: 0.1, Avg: 3.1, Max: 8.0, Diff: 7.9, Sum: 24.7]
      [Code Root Scanning (ms): Min: 0.0, Avg: 0.0, Max: 0.0, Diff: 0.0, Sum: 0.0]
      [Object Copy (ms): Min: 5.0, Avg: 6.6, Max: 7.8, Diff: 2.8, Sum: 53.0]
      [Termination (ms): Min: 0.0, Avg: 0.1, Max: 0.1, Diff: 0.1, Sum: 0.5]
         [Termination Attempts: Min: 1, Avg: 1.8, Max: 3, Diff: 2, Sum: 14]
      [GC Worker Other (ms): Min: 0.0, Avg: 0.0, Max: 0.0, Diff: 0.0, Sum: 0.2]
      [GC Worker Total (ms): Min: 15.5, Avg: 16.6, Max: 16.9, Diff: 1.4, Sum: 132.7]
      [GC Worker End (ms): Min: 56479462.2, Avg: 56479462.2, Max: 56479462.2, Diff: 0.0]
   [Code Root Fixup: 0.0 ms]
   [Code Root Purge: 0.0 ms]
   [Clear CT: 0.2 ms]
   [Other: 2.2 ms]
      [Choose CSet: 0.0 ms]
      [Ref Proc: 0.4 ms]
      [Ref Enq: 0.0 ms]
      [Redirty Cards: 0.1 ms]
      [Humongous Register: 0.4 ms]
      [Humongous Reclaim: 0.0 ms]
      [Free CSet: 0.1 ms]
   [Eden: 45.0M(45.0M)->0.0B(44.0M) Survivors: 6144.0K->7168.0K Heap: 396.3M(1024.0M)->352.7M(1024.0M)]
 [Times: user=0.07 sys=0.01, real=0.02 secs] 
2021-04-24T02:08:31.882+0800: 56501.556: [GC pause (G1 Evacuation Pause) (young), 0.0414392 secs]
   [Parallel Time: 40.3 ms, GC Workers: 8]
      [GC Worker Start (ms): Min: 56501556.5, Avg: 56501557.7, Max: 56501562.8, Diff: 6.3]
      [Ext Root Scanning (ms): Min: 0.0, Avg: 2.4, Max: 8.0, Diff: 8.0, Sum: 19.6]
      [Update RS (ms): Min: 0.0, Avg: 1.9, Max: 6.7, Diff: 6.7, Sum: 15.2]
         [Processed Buffers: Min: 0, Avg: 5.5, Max: 21, Diff: 21, Sum: 44]
      [Scan RS (ms): Min: 0.1, Avg: 2.9, Max: 6.8, Diff: 6.7, Sum: 23.5]
      [Code Root Scanning (ms): Min: 0.0, Avg: 0.0, Max: 0.0, Diff: 0.0, Sum: 0.0]
      [Object Copy (ms): Min: 29.4, Avg: 31.7, Max: 32.9, Diff: 3.4, Sum: 253.6]
      [Termination (ms): Min: 0.0, Avg: 0.0, Max: 0.0, Diff: 0.0, Sum: 0.0]
         [Termination Attempts: Min: 1, Avg: 3.0, Max: 5, Diff: 4, Sum: 24]
      [GC Worker Other (ms): Min: 0.0, Avg: 0.0, Max: 0.0, Diff: 0.0, Sum: 0.2]
      [GC Worker Total (ms): Min: 33.9, Avg: 39.0, Max: 40.2, Diff: 6.3, Sum: 312.1]
      [GC Worker End (ms): Min: 56501596.7, Avg: 56501596.8, Max: 56501596.8, Diff: 0.0]
   [Code Root Fixup: 0.0 ms]
   [Code Root Purge: 0.0 ms]
   [Clear CT: 0.1 ms]
   [Other: 1.1 ms]
      [Choose CSet: 0.0 ms]
      [Ref Proc: 0.2 ms]
      [Ref Enq: 0.0 ms]
      [Redirty Cards: 0.1 ms]
      [Humongous Register: 0.2 ms]
      [Humongous Reclaim: 0.0 ms]
      [Free CSet: 0.1 ms]
   [Eden: 44.0M(44.0M)->0.0B(46.0M) Survivors: 7168.0K->5120.0K Heap: 396.7M(1024.0M)->351.3M(1024.0M)]
 [Times: user=0.05 sys=0.01, real=0.05 secs] 
2021-04-24T02:08:55.144+0800: 56524.817: [GC pause (G1 Evacuation Pause) (young), 0.0182622 secs]
   [Parallel Time: 16.9 ms, GC Workers: 8]
      [GC Worker Start (ms): Min: 56524817.4, Avg: 56524818.6, Max: 56524822.5, Diff: 5.1]
      [Ext Root Scanning (ms): Min: 0.0, Avg: 2.8, Max: 15.2, Diff: 15.2, Sum: 22.5]
      [Update RS (ms): Min: 0.0, Avg: 0.9, Max: 2.0, Diff: 2.0, Sum: 7.5]
         [Processed Buffers: Min: 0, Avg: 5.8, Max: 19, Diff: 19, Sum: 46]
      [Scan RS (ms): Min: 0.0, Avg: 4.5, Max: 11.6, Diff: 11.6, Sum: 36.2]
      [Code Root Scanning (ms): Min: 0.0, Avg: 0.0, Max: 0.0, Diff: 0.0, Sum: 0.0]
      [Object Copy (ms): Min: 1.1, Avg: 5.8, Max: 8.6, Diff: 7.5, Sum: 46.2]
      [Termination (ms): Min: 0.0, Avg: 1.5, Max: 2.1, Diff: 2.1, Sum: 11.9]
         [Termination Attempts: Min: 1, Avg: 2.9, Max: 4, Diff: 3, Sum: 23]
      [GC Worker Other (ms): Min: 0.0, Avg: 0.0, Max: 0.0, Diff: 0.0, Sum: 0.1]
      [GC Worker Total (ms): Min: 11.6, Avg: 15.6, Max: 16.8, Diff: 5.1, Sum: 124.5]
      [GC Worker End (ms): Min: 56524834.2, Avg: 56524834.2, Max: 56524834.2, Diff: 0.0]
   [Code Root Fixup: 0.0 ms]
   [Code Root Purge: 0.0 ms]
   [Clear CT: 0.1 ms]
   [Other: 1.3 ms]
      [Choose CSet: 0.0 ms]
      [Ref Proc: 0.5 ms]
      [Ref Enq: 0.0 ms]
      [Redirty Cards: 0.1 ms]
      [Humongous Register: 0.1 ms]
      [Humongous Reclaim: 0.0 ms]
      [Free CSet: 0.1 ms]
   [Eden: 46.0M(46.0M)->0.0B(44.0M) Survivors: 5120.0K->7168.0K Heap: 397.3M(1024.0M)->354.2M(1024.0M)]
 [Times: user=0.06 sys=0.01, real=0.02 secs] 
2021-04-24T02:09:17.173+0800: 56546.846: [GC pause (G1 Evacuation Pause) (young), 0.0205555 secs]
   [Parallel Time: 19.8 ms, GC Workers: 8]
      [GC Worker Start (ms): Min: 56546846.2, Avg: 56546847.2, Max: 56546852.6, Diff: 6.4]
      [Ext Root Scanning (ms): Min: 0.0, Avg: 1.7, Max: 7.2, Diff: 7.2, Sum: 13.6]
      [Update RS (ms): Min: 0.0, Avg: 1.8, Max: 4.5, Diff: 4.5, Sum: 14.1]
         [Processed Buffers: Min: 0, Avg: 6.2, Max: 25, Diff: 25, Sum: 50]
      [Scan RS (ms): Min: 0.0, Avg: 1.7, Max: 3.2, Diff: 3.2, Sum: 13.8]
      [Code Root Scanning (ms): Min: 0.0, Avg: 0.0, Max: 0.0, Diff: 0.0, Sum: 0.0]
      [Object Copy (ms): Min: 12.1, Avg: 13.3, Max: 18.8, Diff: 6.7, Sum: 106.0]
      [Termination (ms): Min: 0.0, Avg: 0.3, Max: 0.4, Diff: 0.4, Sum: 2.5]
         [Termination Attempts: Min: 1, Avg: 7.2, Max: 15, Diff: 14, Sum: 58]
      [GC Worker Other (ms): Min: 0.0, Avg: 0.0, Max: 0.0, Diff: 0.0, Sum: 0.1]
      [GC Worker Total (ms): Min: 13.4, Avg: 18.8, Max: 19.8, Diff: 6.4, Sum: 150.2]
      [GC Worker End (ms): Min: 56546865.9, Avg: 56546865.9, Max: 56546865.9, Diff: 0.0]
   [Code Root Fixup: 0.0 ms]
   [Code Root Purge: 0.0 ms]
   [Clear CT: 0.1 ms]
   [Other: 0.6 ms]
      [Choose CSet: 0.0 ms]
      [Ref Proc: 0.1 ms]
      [Ref Enq: 0.0 ms]
      [Redirty Cards: 0.1 ms]
      [Humongous Register: 0.1 ms]
      [Humongous Reclaim: 0.0 ms]
      [Free CSet: 0.1 ms]
   [Eden: 44.0M(44.0M)->0.0B(45.0M) Survivors: 7168.0K->6144.0K Heap: 398.2M(1024.0M)->354.4M(1024.0M)]
 [Times: user=0.06 sys=0.01, real=0.02 secs] 
2021-04-24T02:09:39.721+0800: 56569.393: [GC pause (G1 Evacuation Pause) (young), 0.0219218 secs]
   [Parallel Time: 20.0 ms, GC Workers: 8]
      [GC Worker Start (ms): Min: 56569393.8, Avg: 56569394.0, Max: 56569394.2, Diff: 0.4]
      [Ext Root Scanning (ms): Min: 0.5, Avg: 4.3, Max: 10.1, Diff: 9.6, Sum: 34.7]
      [Update RS (ms): Min: 0.0, Avg: 2.5, Max: 6.0, Diff: 6.0, Sum: 20.3]
         [Processed Buffers: Min: 0, Avg: 6.5, Max: 25, Diff: 25, Sum: 52]
      [Scan RS (ms): Min: 0.0, Avg: 2.8, Max: 5.0, Diff: 5.0, Sum: 22.6]
      [Code Root Scanning (ms): Min: 0.0, Avg: 0.0, Max: 0.0, Diff: 0.0, Sum: 0.0]
      [Object Copy (ms): Min: 9.5, Avg: 9.8, Max: 10.3, Diff: 0.8, Sum: 78.4]
      [Termination (ms): Min: 0.0, Avg: 0.2, Max: 0.2, Diff: 0.2, Sum: 1.4]
         [Termination Attempts: Min: 1, Avg: 4.6, Max: 10, Diff: 9, Sum: 37]
      [GC Worker Other (ms): Min: 0.0, Avg: 0.0, Max: 0.1, Diff: 0.0, Sum: 0.2]
      [GC Worker Total (ms): Min: 19.4, Avg: 19.7, Max: 19.9, Diff: 0.4, Sum: 157.6]
      [GC Worker End (ms): Min: 56569413.7, Avg: 56569413.7, Max: 56569413.7, Diff: 0.0]
   [Code Root Fixup: 0.0 ms]
   [Code Root Purge: 0.0 ms]
   [Clear CT: 0.1 ms]
   [Other: 1.8 ms]
      [Choose CSet: 0.0 ms]
      [Ref Proc: 0.2 ms]
      [Ref Enq: 0.0 ms]
      [Redirty Cards: 0.1 ms]
      [Humongous Register: 0.2 ms]
      [Humongous Reclaim: 0.0 ms]
      [Free CSet: 0.1 ms]
   [Eden: 45.0M(45.0M)->0.0B(46.0M) Survivors: 6144.0K->5120.0K Heap: 399.4M(1024.0M)->355.0M(1024.0M)]
 [Times: user=0.08 sys=0.02, real=0.02 secs] 
2021-04-24T02:10:02.834+0800: 56592.507: [GC pause (G1 Evacuation Pause) (young), 0.0147375 secs]
   [Parallel Time: 14.0 ms, GC Workers: 8]
      [GC Worker Start (ms): Min: 56592507.0, Avg: 56592507.2, Max: 56592507.7, Diff: 0.7]
      [Ext Root Scanning (ms): Min: 0.0, Avg: 2.5, Max: 13.9, Diff: 13.9, Sum: 20.0]
      [Update RS (ms): Min: 0.0, Avg: 2.5, Max: 11.1, Diff: 11.1, Sum: 19.6]
         [Processed Buffers: Min: 0, Avg: 5.9, Max: 25, Diff: 25, Sum: 47]
      [Scan RS (ms): Min: 0.0, Avg: 2.7, Max: 9.1, Diff: 9.1, Sum: 21.9]
      [Code Root Scanning (ms): Min: 0.0, Avg: 0.0, Max: 0.0, Diff: 0.0, Sum: 0.0]
      [Object Copy (ms): Min: 0.0, Avg: 5.9, Max: 13.1, Diff: 13.1, Sum: 47.2]
      [Termination (ms): Min: 0.0, Avg: 0.2, Max: 0.2, Diff: 0.2, Sum: 1.3]
         [Termination Attempts: Min: 1, Avg: 3.1, Max: 6, Diff: 5, Sum: 25]
      [GC Worker Other (ms): Min: 0.0, Avg: 0.0, Max: 0.0, Diff: 0.0, Sum: 0.1]
      [GC Worker Total (ms): Min: 13.2, Avg: 13.8, Max: 13.9, Diff: 0.7, Sum: 110.0]
      [GC Worker End (ms): Min: 56592520.9, Avg: 56592520.9, Max: 56592520.9, Diff: 0.0]
   [Code Root Fixup: 0.0 ms]
   [Code Root Purge: 0.0 ms]
   [Clear CT: 0.1 ms]
   [Other: 0.7 ms]
      [Choose CSet: 0.0 ms]
      [Ref Proc: 0.2 ms]
      [Ref Enq: 0.0 ms]
      [Redirty Cards: 0.1 ms]
      [Humongous Register: 0.1 ms]
      [Humongous Reclaim: 0.0 ms]
      [Free CSet: 0.0 ms]
   [Eden: 46.0M(46.0M)->0.0B(44.0M) Survivors: 5120.0K->7168.0K Heap: 401.0M(1024.0M)->356.7M(1024.0M)]
 [Times: user=0.05 sys=0.00, real=0.01 secs] 
2021-04-24T02:10:24.743+0800: 56614.415: [GC pause (G1 Evacuation Pause) (young), 0.0183351 secs]
   [Parallel Time: 17.3 ms, GC Workers: 8]
      [GC Worker Start (ms): Min: 56614415.7, Avg: 56614415.9, Max: 56614416.4, Diff: 0.8]
      [Ext Root Scanning (ms): Min: 0.0, Avg: 2.4, Max: 6.7, Diff: 6.7, Sum: 19.0]
      [Update RS (ms): Min: 0.0, Avg: 1.3, Max: 2.8, Diff: 2.8, Sum: 10.8]
         [Processed Buffers: Min: 0, Avg: 6.0, Max: 27, Diff: 27, Sum: 48]
      [Scan RS (ms): Min: 0.0, Avg: 1.9, Max: 3.0, Diff: 3.0, Sum: 15.1]
      [Code Root Scanning (ms): Min: 0.0, Avg: 0.0, Max: 0.0, Diff: 0.0, Sum: 0.0]
      [Object Copy (ms): Min: 10.3, Avg: 11.3, Max: 15.9, Diff: 5.6, Sum: 90.2]
      [Termination (ms): Min: 0.0, Avg: 0.1, Max: 0.2, Diff: 0.2, Sum: 0.8]
         [Termination Attempts: Min: 1, Avg: 1.5, Max: 2, Diff: 1, Sum: 12]
      [GC Worker Other (ms): Min: 0.0, Avg: 0.0, Max: 0.1, Diff: 0.0, Sum: 0.1]
      [GC Worker Total (ms): Min: 16.4, Avg: 17.0, Max: 17.3, Diff: 0.9, Sum: 136.0]
      [GC Worker End (ms): Min: 56614432.8, Avg: 56614432.9, Max: 56614432.9, Diff: 0.1]
   [Code Root Fixup: 0.0 ms]
   [Code Root Purge: 0.0 ms]
   [Clear CT: 0.1 ms]
   [Other: 0.9 ms]
      [Choose CSet: 0.0 ms]
      [Ref Proc: 0.2 ms]
      [Ref Enq: 0.0 ms]
      [Redirty Cards: 0.1 ms]
      [Humongous Register: 0.1 ms]
      [Humongous Reclaim: 0.0 ms]
      [Free CSet: 0.1 ms]
   [Eden: 44.0M(44.0M)->0.0B(61.0M) Survivors: 7168.0K->6144.0K Heap: 400.7M(1024.0M)->357.2M(1024.0M)]
 [Times: user=0.05 sys=0.01, real=0.02 secs] 
2021-04-24T02:10:47.140+0800: 56636.813: [GC pause (G1 Evacuation Pause) (young), 0.0165470 secs]
   [Parallel Time: 15.2 ms, GC Workers: 8]
      [GC Worker Start (ms): Min: 56636813.2, Avg: 56636816.1, Max: 56636828.3, Diff: 15.1]
      [Ext Root Scanning (ms): Min: 0.0, Avg: 3.1, Max: 14.6, Diff: 14.6, Sum: 24.8]
      [Update RS (ms): Min: 0.0, Avg: 1.4, Max: 3.0, Diff: 3.0, Sum: 11.0]
         [Processed Buffers: Min: 0, Avg: 5.9, Max: 17, Diff: 17, Sum: 47]
      [Scan RS (ms): Min: 0.0, Avg: 3.2, Max: 10.4, Diff: 10.4, Sum: 25.9]
      [Code Root Scanning (ms): Min: 0.0, Avg: 0.0, Max: 0.0, Diff: 0.0, Sum: 0.0]
      [Object Copy (ms): Min: 0.0, Avg: 4.4, Max: 7.0, Diff: 7.0, Sum: 35.1]
      [Termination (ms): Min: 0.0, Avg: 0.1, Max: 0.1, Diff: 0.1, Sum: 0.6]
         [Termination Attempts: Min: 1, Avg: 5.4, Max: 9, Diff: 8, Sum: 43]
      [GC Worker Other (ms): Min: 0.0, Avg: 0.0, Max: 0.0, Diff: 0.0, Sum: 0.1]
      [GC Worker Total (ms): Min: 0.0, Avg: 12.2, Max: 15.2, Diff: 15.1, Sum: 97.6]
      [GC Worker End (ms): Min: 56636828.3, Avg: 56636828.3, Max: 56636828.3, Diff: 0.1]
   [Code Root Fixup: 0.0 ms]
   [Code Root Purge: 0.0 ms]
   [Clear CT: 0.1 ms]
   [Other: 1.2 ms]
      [Choose CSet: 0.0 ms]
      [Ref Proc: 0.2 ms]
      [Ref Enq: 0.0 ms]
      [Redirty Cards: 0.1 ms]
      [Humongous Register: 0.1 ms]
      [Humongous Reclaim: 0.0 ms]
      [Free CSet: 0.6 ms]
   [Eden: 45.0M(45.0M)->0.0B(67.0M) Survivors: 6144.0K->6144.0K Heap: 402.2M(1024.0M)->356.7M(1024.0M)]
 [Times: user=0.06 sys=0.00, real=0.01 secs] 
2021-04-24T02:11:20.727+0800: 56670.400: [GC pause (G1 Evacuation Pause) (young), 0.0176057 secs]
   [Parallel Time: 16.9 ms, GC Workers: 8]
      [GC Worker Start (ms): Min: 56670399.9, Avg: 56670402.0, Max: 56670406.4, Diff: 6.5]
      [Ext Root Scanning (ms): Min: 0.0, Avg: 2.6, Max: 16.5, Diff: 16.5, Sum: 20.6]
      [Update RS (ms): Min: 0.0, Avg: 1.3, Max: 2.3, Diff: 2.3, Sum: 10.5]
         [Processed Buffers: Min: 0, Avg: 6.2, Max: 20, Diff: 20, Sum: 50]
      [Scan RS (ms): Min: 0.0, Avg: 1.6, Max: 3.0, Diff: 3.0, Sum: 12.5]
      [Code Root Scanning (ms): Min: 0.0, Avg: 0.0, Max: 0.0, Diff: 0.0, Sum: 0.0]
      [Object Copy (ms): Min: 0.3, Avg: 9.2, Max: 10.6, Diff: 10.3, Sum: 73.9]
      [Termination (ms): Min: 0.0, Avg: 0.0, Max: 0.1, Diff: 0.1, Sum: 0.3]
         [Termination Attempts: Min: 1, Avg: 17.0, Max: 28, Diff: 27, Sum: 136]
      [GC Worker Other (ms): Min: 0.0, Avg: 0.0, Max: 0.0, Diff: 0.0, Sum: 0.1]
      [GC Worker Total (ms): Min: 10.4, Avg: 14.7, Max: 16.8, Diff: 6.5, Sum: 117.9]
      [GC Worker End (ms): Min: 56670416.7, Avg: 56670416.8, Max: 56670416.8, Diff: 0.0]
   [Code Root Fixup: 0.0 ms]
   [Code Root Purge: 0.0 ms]
   [Clear CT: 0.1 ms]
   [Other: 0.6 ms]
      [Choose CSet: 0.0 ms]
      [Ref Proc: 0.2 ms]
      [Ref Enq: 0.0 ms]
      [Redirty Cards: 0.1 ms]
      [Humongous Register: 0.1 ms]
      [Humongous Reclaim: 0.0 ms]
      [Free CSet: 0.1 ms]
   [Eden: 67.0M(67.0M)->0.0B(83.0M) Survivors: 6144.0K->8192.0K Heap: 423.7M(1024.0M)->359.1M(1024.0M)]
 [Times: user=0.06 sys=0.01, real=0.02 secs] 
2021-04-24T02:12:02.130+0800: 56711.803: [GC pause (G1 Evacuation Pause) (young), 0.0224131 secs]
   [Parallel Time: 21.4 ms, GC Workers: 8]
      [GC Worker Start (ms): Min: 56711803.3, Avg: 56711805.3, Max: 56711810.7, Diff: 7.4]
      [Ext Root Scanning (ms): Min: 0.0, Avg: 1.3, Max: 7.6, Diff: 7.6, Sum: 10.1]
      [Update RS (ms): Min: 0.0, Avg: 1.2, Max: 2.6, Diff: 2.6, Sum: 9.9]
         [Processed Buffers: Min: 0, Avg: 6.0, Max: 17, Diff: 17, Sum: 48]
      [Scan RS (ms): Min: 0.0, Avg: 2.7, Max: 5.3, Diff: 5.3, Sum: 21.3]
      [Code Root Scanning (ms): Min: 0.0, Avg: 0.0, Max: 0.0, Diff: 0.0, Sum: 0.0]
      [Object Copy (ms): Min: 12.7, Avg: 14.1, Max: 20.6, Diff: 7.9, Sum: 113.0]
      [Termination (ms): Min: 0.0, Avg: 0.0, Max: 0.1, Diff: 0.1, Sum: 0.2]
         [Termination Attempts: Min: 1, Avg: 2.4, Max: 6, Diff: 5, Sum: 19]
      [GC Worker Other (ms): Min: 0.0, Avg: 0.0, Max: 0.1, Diff: 0.0, Sum: 0.3]
      [GC Worker Total (ms): Min: 13.9, Avg: 19.4, Max: 21.4, Diff: 7.5, Sum: 154.9]
      [GC Worker End (ms): Min: 56711824.6, Avg: 56711824.7, Max: 56711824.7, Diff: 0.0]
   [Code Root Fixup: 0.0 ms]
   [Code Root Purge: 0.0 ms]
   [Clear CT: 0.1 ms]
   [Other: 0.9 ms]
      [Choose CSet: 0.0 ms]
      [Ref Proc: 0.3 ms]
      [Ref Enq: 0.0 ms]
      [Redirty Cards: 0.1 ms]
      [Humongous Register: 0.1 ms]
      [Humongous Reclaim: 0.0 ms]
      [Free CSet: 0.1 ms]
   [Eden: 83.0M(83.0M)->0.0B(70.0M) Survivors: 8192.0K->8192.0K Heap: 442.1M(1024.0M)->358.8M(1024.0M)]
 [Times: user=0.07 sys=0.02, real=0.02 secs] 
2021-04-24T02:12:37.192+0800: 56746.865: [GC pause (G1 Evacuation Pause) (young), 0.0219373 secs]
   [Parallel Time: 20.7 ms, GC Workers: 8]
      [GC Worker Start (ms): Min: 56746865.8, Avg: 56746868.8, Max: 56746876.9, Diff: 11.0]
      [Ext Root Scanning (ms): Min: 0.0, Avg: 1.4, Max: 5.7, Diff: 5.7, Sum: 11.2]
      [Update RS (ms): Min: 0.0, Avg: 1.3, Max: 3.0, Diff: 3.0, Sum: 10.5]
         [Processed Buffers: Min: 0, Avg: 6.9, Max: 37, Diff: 37, Sum: 55]
      [Scan RS (ms): Min: 0.0, Avg: 2.7, Max: 4.9, Diff: 4.9, Sum: 21.5]
      [Code Root Scanning (ms): Min: 0.0, Avg: 0.0, Max: 0.0, Diff: 0.0, Sum: 0.0]
      [Object Copy (ms): Min: 9.5, Avg: 12.3, Max: 13.8, Diff: 4.3, Sum: 98.0]
      [Termination (ms): Min: 0.0, Avg: 0.0, Max: 0.1, Diff: 0.1, Sum: 0.3]
         [Termination Attempts: Min: 1, Avg: 1.5, Max: 3, Diff: 2, Sum: 12]
      [GC Worker Other (ms): Min: 0.0, Avg: 0.0, Max: 0.0, Diff: 0.0, Sum: 0.1]
      [GC Worker Total (ms): Min: 9.6, Avg: 17.7, Max: 20.6, Diff: 11.0, Sum: 141.6]
      [GC Worker End (ms): Min: 56746886.5, Avg: 56746886.5, Max: 56746886.5, Diff: 0.1]
   [Code Root Fixup: 0.0 ms]
   [Code Root Purge: 0.0 ms]
   [Clear CT: 0.1 ms]
   [Other: 1.1 ms]
      [Choose CSet: 0.0 ms]
      [Ref Proc: 0.3 ms]
      [Ref Enq: 0.0 ms]
      [Redirty Cards: 0.1 ms]
      [Humongous Register: 0.2 ms]
      [Humongous Reclaim: 0.0 ms]
      [Free CSet: 0.1 ms]
   [Eden: 70.0M(70.0M)->0.0B(43.0M) Survivors: 8192.0K->10.0M Heap: 428.8M(1024.0M)->360.8M(1024.0M)]
 [Times: user=0.08 sys=0.00, real=0.02 secs] 
2021-04-24T02:12:57.767+0800: 56767.440: [GC pause (G1 Evacuation Pause) (young), 0.0532963 secs]
   [Parallel Time: 52.0 ms, GC Workers: 8]
      [GC Worker Start (ms): Min: 56767440.5, Avg: 56767442.6, Max: 56767448.0, Diff: 7.5]
      [Ext Root Scanning (ms): Min: 0.0, Avg: 2.7, Max: 7.4, Diff: 7.4, Sum: 21.2]
      [Update RS (ms): Min: 0.0, Avg: 2.0, Max: 4.4, Diff: 4.4, Sum: 15.6]
         [Processed Buffers: Min: 0, Avg: 6.5, Max: 19, Diff: 19, Sum: 52]
      [Scan RS (ms): Min: 0.9, Avg: 1.8, Max: 2.8, Diff: 1.8, Sum: 14.1]
      [Code Root Scanning (ms): Min: 0.0, Avg: 0.0, Max: 0.0, Diff: 0.0, Sum: 0.0]
      [Object Copy (ms): Min: 42.5, Avg: 42.8, Max: 43.5, Diff: 1.0, Sum: 342.5]
      [Termination (ms): Min: 0.0, Avg: 0.7, Max: 0.8, Diff: 0.8, Sum: 5.2]
         [Termination Attempts: Min: 1, Avg: 1.1, Max: 2, Diff: 1, Sum: 9]
      [GC Worker Other (ms): Min: 0.0, Avg: 0.0, Max: 0.1, Diff: 0.1, Sum: 0.3]
      [GC Worker Total (ms): Min: 44.5, Avg: 49.9, Max: 52.0, Diff: 7.5, Sum: 399.0]
      [GC Worker End (ms): Min: 56767492.4, Avg: 56767492.5, Max: 56767492.5, Diff: 0.0]
   [Code Root Fixup: 0.0 ms]
   [Code Root Purge: 0.0 ms]
   [Clear CT: 0.1 ms]
   [Other: 1.1 ms]
      [Choose CSet: 0.0 ms]
      [Ref Proc: 0.2 ms]
      [Ref Enq: 0.0 ms]
      [Redirty Cards: 0.1 ms]
      [Humongous Register: 0.2 ms]
      [Humongous Reclaim: 0.0 ms]
      [Free CSet: 0.1 ms]
   [Eden: 41.0M(41.0M)->0.0B(44.0M) Survivors: 10.0M->7168.0K Heap: 401.8M(1024.0M)->361.3M(1024.0M)]
 [Times: user=0.08 sys=0.02, real=0.06 secs] 
2021-04-24T02:13:19.872+0800: 56789.545: [GC pause (G1 Evacuation Pause) (young), 0.0178498 secs]
   [Parallel Time: 16.5 ms, GC Workers: 8]
      [GC Worker Start (ms): Min: 56789545.4, Avg: 56789545.7, Max: 56789546.4, Diff: 0.9]
      [Ext Root Scanning (ms): Min: 0.0, Avg: 3.3, Max: 11.8, Diff: 11.8, Sum: 26.6]
      [Update RS (ms): Min: 0.0, Avg: 1.6, Max: 3.3, Diff: 3.3, Sum: 12.5]
         [Processed Buffers: Min: 0, Avg: 7.0, Max: 19, Diff: 19, Sum: 56]
      [Scan RS (ms): Min: 0.0, Avg: 2.4, Max: 3.8, Diff: 3.8, Sum: 19.0]
      [Code Root Scanning (ms): Min: 0.0, Avg: 0.0, Max: 0.0, Diff: 0.0, Sum: 0.0]
      [Object Copy (ms): Min: 4.6, Avg: 8.9, Max: 13.1, Diff: 8.5, Sum: 70.9]
      [Termination (ms): Min: 0.0, Avg: 0.0, Max: 0.1, Diff: 0.1, Sum: 0.3]
         [Termination Attempts: Min: 1, Avg: 5.0, Max: 14, Diff: 13, Sum: 40]
      [GC Worker Other (ms): Min: 0.0, Avg: 0.0, Max: 0.0, Diff: 0.0, Sum: 0.1]
      [GC Worker Total (ms): Min: 15.5, Avg: 16.2, Max: 16.4, Diff: 0.9, Sum: 129.5]
      [GC Worker End (ms): Min: 56789561.8, Avg: 56789561.9, Max: 56789561.9, Diff: 0.0]
   [Code Root Fixup: 0.0 ms]
   [Code Root Purge: 0.0 ms]
   [Clear CT: 0.1 ms]
   [Other: 1.2 ms]
      [Choose CSet: 0.0 ms]
      [Ref Proc: 0.2 ms]
      [Ref Enq: 0.0 ms]
      [Redirty Cards: 0.1 ms]
      [Humongous Register: 0.1 ms]
      [Humongous Reclaim: 0.0 ms]
      [Free CSet: 0.1 ms]
   [Eden: 44.0M(44.0M)->0.0B(45.0M) Survivors: 7168.0K->6144.0K Heap: 405.3M(1024.0M)->363.0M(1024.0M)]
 [Times: user=0.05 sys=0.01, real=0.02 secs] 
2021-04-24T02:13:42.432+0800: 56812.105: [GC pause (G1 Evacuation Pause) (young) (initial-mark), 0.0254191 secs]
   [Parallel Time: 23.4 ms, GC Workers: 8]
      [GC Worker Start (ms): Min: 56812107.2, Avg: 56812107.4, Max: 56812107.6, Diff: 0.5]
      [Ext Root Scanning (ms): Min: 12.1, Avg: 13.5, Max: 14.4, Diff: 2.4, Sum: 107.8]
      [Update RS (ms): Min: 2.0, Avg: 3.0, Max: 5.8, Diff: 3.8, Sum: 24.2]
         [Processed Buffers: Min: 1, Avg: 6.4, Max: 16, Diff: 15, Sum: 51]
      [Scan RS (ms): Min: 0.0, Avg: 1.0, Max: 1.3, Diff: 1.3, Sum: 7.8]
      [Code Root Scanning (ms): Min: 0.0, Avg: 0.0, Max: 0.0, Diff: 0.0, Sum: 0.0]
      [Object Copy (ms): Min: 2.4, Avg: 4.0, Max: 4.5, Diff: 2.1, Sum: 32.3]
      [Termination (ms): Min: 0.0, Avg: 0.0, Max: 0.0, Diff: 0.0, Sum: 0.0]
         [Termination Attempts: Min: 1, Avg: 1.1, Max: 2, Diff: 1, Sum: 9]
      [GC Worker Other (ms): Min: 0.0, Avg: 0.0, Max: 0.1, Diff: 0.1, Sum: 0.4]
      [GC Worker Total (ms): Min: 21.3, Avg: 21.6, Max: 21.8, Diff: 0.5, Sum: 172.6]
      [GC Worker End (ms): Min: 56812128.9, Avg: 56812129.0, Max: 56812129.0, Diff: 0.1]
   [Code Root Fixup: 0.0 ms]
   [Code Root Purge: 0.0 ms]
   [Clear CT: 0.1 ms]
   [Other: 1.9 ms]
      [Choose CSet: 0.0 ms]
      [Ref Proc: 0.3 ms]
      [Ref Enq: 0.0 ms]
      [Redirty Cards: 0.1 ms]
      [Humongous Register: 0.0 ms]
      [Humongous Reclaim: 0.0 ms]
      [Free CSet: 0.1 ms]
   [Eden: 45.0M(45.0M)->0.0B(46.0M) Survivors: 6144.0K->5120.0K Heap: 408.0M(1024.0M)->362.2M(1024.0M)]
 [Times: user=0.05 sys=0.02, real=0.02 secs] 
2021-04-24T02:13:42.458+0800: 56812.131: [GC concurrent-root-region-scan-start]
2021-04-24T02:13:42.465+0800: 56812.138: [GC concurrent-root-region-scan-end, 0.0063498 secs]
2021-04-24T02:13:42.465+0800: 56812.138: [GC concurrent-mark-start]
2021-04-24T02:13:42.513+0800: 56812.186: [GC concurrent-mark-end, 0.0482964 secs]
2021-04-24T02:13:42.514+0800: 56812.187: [GC remark 2021-04-24T02:13:42.514+0800: 56812.187: [Finalize Marking, 0.0001274 secs] 2021-04-24T02:13:42.514+0800: 56812.187: [GC ref-proc, 0.0002281 secs] 2021-04-24T02:13:42.514+0800: 56812.187: [Unloading, 0.0849772 secs], 0.0862481 secs]
 [Times: user=0.03 sys=0.08, real=0.09 secs] 
2021-04-24T02:13:42.600+0800: 56812.273: [GC cleanup 363M->290M(1024M), 0.0035723 secs]
 [Times: user=0.00 sys=0.00, real=0.00 secs] 
2021-04-24T02:13:42.604+0800: 56812.277: [GC concurrent-cleanup-start]
2021-04-24T02:13:42.607+0800: 56812.280: [GC concurrent-cleanup-end, 0.0026958 secs]
2021-04-24T02:14:05.845+0800: 56835.518: [GC pause (G1 Evacuation Pause) (young), 0.0172640 secs]
   [Parallel Time: 15.7 ms, GC Workers: 8]
      [GC Worker Start (ms): Min: 56835518.0, Avg: 56835518.1, Max: 56835518.3, Diff: 0.3]
      [Ext Root Scanning (ms): Min: 1.0, Avg: 3.4, Max: 8.9, Diff: 7.9, Sum: 27.4]
      [Update RS (ms): Min: 0.0, Avg: 2.4, Max: 5.8, Diff: 5.8, Sum: 19.6]
         [Processed Buffers: Min: 0, Avg: 5.8, Max: 18, Diff: 18, Sum: 46]
      [Scan RS (ms): Min: 0.0, Avg: 1.9, Max: 3.2, Diff: 3.2, Sum: 15.4]
      [Code Root Scanning (ms): Min: 0.0, Avg: 0.0, Max: 0.0, Diff: 0.0, Sum: 0.0]
      [Object Copy (ms): Min: 6.4, Avg: 7.6, Max: 14.3, Diff: 7.9, Sum: 60.6]
      [Termination (ms): Min: 0.0, Avg: 0.0, Max: 0.1, Diff: 0.1, Sum: 0.4]
         [Termination Attempts: Min: 1, Avg: 1.0, Max: 1, Diff: 0, Sum: 8]
      [GC Worker Other (ms): Min: 0.0, Avg: 0.0, Max: 0.0, Diff: 0.0, Sum: 0.2]
      [GC Worker Total (ms): Min: 15.3, Avg: 15.5, Max: 15.6, Diff: 0.2, Sum: 123.7]
      [GC Worker End (ms): Min: 56835533.6, Avg: 56835533.6, Max: 56835533.6, Diff: 0.0]
   [Code Root Fixup: 0.0 ms]
   [Code Root Purge: 0.0 ms]
   [Clear CT: 0.2 ms]
   [Other: 1.4 ms]
      [Choose CSet: 0.0 ms]
      [Ref Proc: 0.3 ms]
      [Ref Enq: 0.0 ms]
      [Redirty Cards: 0.2 ms]
      [Humongous Register: 0.2 ms]
      [Humongous Reclaim: 0.0 ms]
      [Free CSet: 0.1 ms]
   [Eden: 46.0M(46.0M)->0.0B(45.0M) Survivors: 5120.0K->6144.0K Heap: 335.2M(1024.0M)->291.0M(1024.0M)]
 [Times: user=0.06 sys=0.01, real=0.02 secs] 
2021-04-24T02:14:28.540+0800: 56858.213: [GC pause (G1 Evacuation Pause) (mixed), 0.0243812 secs]
   [Parallel Time: 20.6 ms, GC Workers: 8]
      [GC Worker Start (ms): Min: 56858213.4, Avg: 56858214.4, Max: 56858216.9, Diff: 3.5]
      [Ext Root Scanning (ms): Min: 0.0, Avg: 0.7, Max: 2.8, Diff: 2.8, Sum: 5.3]
      [Update RS (ms): Min: 0.0, Avg: 1.3, Max: 2.6, Diff: 2.6, Sum: 10.8]
         [Processed Buffers: Min: 0, Avg: 5.9, Max: 15, Diff: 15, Sum: 47]
      [Scan RS (ms): Min: 8.4, Avg: 9.1, Max: 10.0, Diff: 1.7, Sum: 73.2]
      [Code Root Scanning (ms): Min: 0.0, Avg: 0.0, Max: 0.0, Diff: 0.0, Sum: 0.0]
      [Object Copy (ms): Min: 7.6, Avg: 8.3, Max: 9.0, Diff: 1.4, Sum: 66.5]
      [Termination (ms): Min: 0.0, Avg: 0.1, Max: 0.1, Diff: 0.1, Sum: 0.7]
         [Termination Attempts: Min: 1, Avg: 9.2, Max: 21, Diff: 20, Sum: 74]
      [GC Worker Other (ms): Min: 0.0, Avg: 0.0, Max: 0.0, Diff: 0.0, Sum: 0.1]
      [GC Worker Total (ms): Min: 17.1, Avg: 19.6, Max: 20.5, Diff: 3.4, Sum: 156.5]
      [GC Worker End (ms): Min: 56858234.0, Avg: 56858234.0, Max: 56858234.0, Diff: 0.0]
   [Code Root Fixup: 0.1 ms]
   [Code Root Purge: 0.0 ms]
   [Clear CT: 0.5 ms]
   [Other: 3.2 ms]
      [Choose CSet: 0.0 ms]
      [Ref Proc: 0.9 ms]
      [Ref Enq: 0.0 ms]
      [Redirty Cards: 0.1 ms]
      [Humongous Register: 0.1 ms]
      [Humongous Reclaim: 0.0 ms]
      [Free CSet: 1.3 ms]
   [Eden: 45.0M(45.0M)->0.0B(44.0M) Survivors: 6144.0K->7168.0K Heap: 336.0M(1024.0M)->273.4M(1024.0M)]
 [Times: user=0.05 sys=0.02, real=0.02 secs] 
2021-04-24T02:14:50.657+0800: 56880.330: [GC pause (G1 Evacuation Pause) (mixed), 0.0256826 secs]
   [Parallel Time: 23.8 ms, GC Workers: 8]
      [GC Worker Start (ms): Min: 56880331.0, Avg: 56880332.0, Max: 56880337.6, Diff: 6.7]
      [Ext Root Scanning (ms): Min: 0.0, Avg: 2.0, Max: 8.2, Diff: 8.2, Sum: 15.9]
      [Update RS (ms): Min: 0.0, Avg: 2.6, Max: 5.0, Diff: 5.0, Sum: 21.1]
         [Processed Buffers: Min: 0, Avg: 6.8, Max: 15, Diff: 15, Sum: 54]
      [Scan RS (ms): Min: 3.8, Avg: 6.9, Max: 14.0, Diff: 10.3, Sum: 55.4]
      [Code Root Scanning (ms): Min: 0.0, Avg: 0.1, Max: 0.8, Diff: 0.8, Sum: 0.8]
      [Object Copy (ms): Min: 5.0, Avg: 10.9, Max: 14.2, Diff: 9.2, Sum: 86.9]
      [Termination (ms): Min: 0.0, Avg: 0.0, Max: 0.1, Diff: 0.1, Sum: 0.2]
         [Termination Attempts: Min: 1, Avg: 48.2, Max: 87, Diff: 86, Sum: 386]
      [GC Worker Other (ms): Min: 0.0, Avg: 0.0, Max: 0.1, Diff: 0.0, Sum: 0.3]
      [GC Worker Total (ms): Min: 17.0, Avg: 22.6, Max: 23.7, Diff: 6.7, Sum: 180.8]
      [GC Worker End (ms): Min: 56880354.6, Avg: 56880354.6, Max: 56880354.7, Diff: 0.0]
   [Code Root Fixup: 0.0 ms]
   [Code Root Purge: 0.0 ms]
   [Clear CT: 0.2 ms]
   [Other: 1.7 ms]
      [Choose CSet: 0.2 ms]
      [Ref Proc: 0.3 ms]
      [Ref Enq: 0.0 ms]
      [Redirty Cards: 0.1 ms]
      [Humongous Register: 0.2 ms]
      [Humongous Reclaim: 0.0 ms]
      [Free CSet: 0.3 ms]
   [Eden: 44.0M(44.0M)->0.0B(45.0M) Survivors: 7168.0K->6144.0K Heap: 317.4M(1024.0M)->252.9M(1024.0M)]
 [Times: user=0.07 sys=0.02, real=0.03 secs] 
2021-04-24T02:15:13.383+0800: 56903.057: [GC pause (G1 Evacuation Pause) (mixed), 0.0218990 secs]
   [Parallel Time: 20.0 ms, GC Workers: 8]
      [GC Worker Start (ms): Min: 56903056.8, Avg: 56903057.1, Max: 56903057.9, Diff: 1.1]
      [Ext Root Scanning (ms): Min: 0.0, Avg: 2.6, Max: 10.6, Diff: 10.6, Sum: 20.9]
      [Update RS (ms): Min: 0.0, Avg: 2.6, Max: 4.5, Diff: 4.5, Sum: 20.9]
         [Processed Buffers: Min: 0, Avg: 6.9, Max: 16, Diff: 16, Sum: 55]
      [Scan RS (ms): Min: 1.1, Avg: 5.0, Max: 8.3, Diff: 7.2, Sum: 40.4]
      [Code Root Scanning (ms): Min: 0.0, Avg: 0.2, Max: 1.9, Diff: 1.9, Sum: 1.9]
      [Object Copy (ms): Min: 5.9, Avg: 9.0, Max: 14.6, Diff: 8.7, Sum: 71.7]
      [Termination (ms): Min: 0.0, Avg: 0.1, Max: 0.2, Diff: 0.2, Sum: 0.8]
         [Termination Attempts: Min: 1, Avg: 4.0, Max: 10, Diff: 9, Sum: 32]
      [GC Worker Other (ms): Min: 0.0, Avg: 0.0, Max: 0.0, Diff: 0.0, Sum: 0.1]
      [GC Worker Total (ms): Min: 18.9, Avg: 19.6, Max: 19.8, Diff: 0.9, Sum: 156.7]
      [GC Worker End (ms): Min: 56903076.7, Avg: 56903076.7, Max: 56903076.8, Diff: 0.1]
   [Code Root Fixup: 0.0 ms]
   [Code Root Purge: 0.0 ms]
   [Clear CT: 0.1 ms]
   [Other: 1.8 ms]
      [Choose CSet: 0.1 ms]
      [Ref Proc: 0.3 ms]
      [Ref Enq: 0.0 ms]
      [Redirty Cards: 0.1 ms]
      [Humongous Register: 0.1 ms]
      [Humongous Reclaim: 0.0 ms]
      [Free CSet: 0.3 ms]
   [Eden: 45.0M(45.0M)->0.0B(45.0M) Survivors: 6144.0K->6144.0K Heap: 297.9M(1024.0M)->232.9M(1024.0M)]
 [Times: user=0.07 sys=0.01, real=0.02 secs] 
2021-04-24T02:15:35.919+0800: 56925.592: [GC pause (G1 Evacuation Pause) (mixed), 0.0273428 secs]
   [Parallel Time: 23.4 ms, GC Workers: 8]
      [GC Worker Start (ms): Min: 56925593.2, Avg: 56925593.7, Max: 56925594.6, Diff: 1.4]
      [Ext Root Scanning (ms): Min: 0.0, Avg: 1.5, Max: 6.0, Diff: 6.0, Sum: 12.1]
      [Update RS (ms): Min: 0.0, Avg: 2.2, Max: 4.1, Diff: 4.1, Sum: 17.7]
         [Processed Buffers: Min: 0, Avg: 6.0, Max: 38, Diff: 38, Sum: 48]
      [Scan RS (ms): Min: 0.2, Avg: 3.9, Max: 5.5, Diff: 5.3, Sum: 31.5]
      [Code Root Scanning (ms): Min: 0.0, Avg: 1.4, Max: 4.5, Diff: 4.5, Sum: 11.5]
      [Object Copy (ms): Min: 8.5, Avg: 13.2, Max: 19.4, Diff: 10.9, Sum: 105.8]
      [Termination (ms): Min: 0.0, Avg: 0.4, Max: 0.5, Diff: 0.5, Sum: 3.6]
         [Termination Attempts: Min: 1, Avg: 1.0, Max: 1, Diff: 0, Sum: 8]
      [GC Worker Other (ms): Min: 0.0, Avg: 0.0, Max: 0.0, Diff: 0.0, Sum: 0.2]
      [GC Worker Total (ms): Min: 21.9, Avg: 22.8, Max: 23.3, Diff: 1.4, Sum: 182.4]
      [GC Worker End (ms): Min: 56925616.5, Avg: 56925616.5, Max: 56925616.5, Diff: 0.0]
   [Code Root Fixup: 0.0 ms]
   [Code Root Purge: 0.0 ms]
   [Clear CT: 0.2 ms]
   [Other: 3.6 ms]
      [Choose CSet: 0.2 ms]
      [Ref Proc: 0.5 ms]
      [Ref Enq: 0.0 ms]
      [Redirty Cards: 0.3 ms]
      [Humongous Register: 0.3 ms]
      [Humongous Reclaim: 0.0 ms]
      [Free CSet: 1.2 ms]
   [Eden: 45.0M(45.0M)->0.0B(46.0M) Survivors: 6144.0K->5120.0K Heap: 277.9M(1024.0M)->213.5M(1024.0M)]
 [Times: user=0.08 sys=0.02, real=0.03 secs] 
2021-04-24T02:15:59.213+0800: 56948.886: [GC pause (G1 Evacuation Pause) (mixed), 0.0260402 secs]
   [Parallel Time: 22.7 ms, GC Workers: 8]
      [GC Worker Start (ms): Min: 56948886.8, Avg: 56948887.0, Max: 56948887.3, Diff: 0.6]
      [Ext Root Scanning (ms): Min: 0.1, Avg: 2.6, Max: 9.3, Diff: 9.3, Sum: 20.8]
      [Update RS (ms): Min: 0.0, Avg: 1.0, Max: 2.1, Diff: 2.1, Sum: 8.0]
         [Processed Buffers: Min: 0, Avg: 6.2, Max: 18, Diff: 18, Sum: 50]
      [Scan RS (ms): Min: 0.0, Avg: 1.7, Max: 3.8, Diff: 3.8, Sum: 13.6]
      [Code Root Scanning (ms): Min: 0.0, Avg: 5.0, Max: 16.4, Diff: 16.4, Sum: 40.2]
      [Object Copy (ms): Min: 0.0, Avg: 7.1, Max: 13.4, Diff: 13.4, Sum: 56.4]
      [Termination (ms): Min: 0.0, Avg: 4.9, Max: 5.7, Diff: 5.7, Sum: 39.4]
         [Termination Attempts: Min: 1, Avg: 1.0, Max: 1, Diff: 0, Sum: 8]
      [GC Worker Other (ms): Min: 0.0, Avg: 0.0, Max: 0.0, Diff: 0.0, Sum: 0.1]
      [GC Worker Total (ms): Min: 21.9, Avg: 22.3, Max: 22.6, Diff: 0.6, Sum: 178.4]
      [GC Worker End (ms): Min: 56948909.3, Avg: 56948909.3, Max: 56948909.3, Diff: 0.0]
   [Code Root Fixup: 0.1 ms]
   [Code Root Purge: 0.0 ms]
   [Clear CT: 0.2 ms]
   [Other: 3.1 ms]
      [Choose CSet: 0.1 ms]
      [Ref Proc: 0.8 ms]
      [Ref Enq: 0.0 ms]
      [Redirty Cards: 0.1 ms]
      [Humongous Register: 0.2 ms]
      [Humongous Reclaim: 0.0 ms]
      [Free CSet: 0.8 ms]
   [Eden: 46.0M(46.0M)->0.0B(44.0M) Survivors: 5120.0K->7168.0K Heap: 259.5M(1024.0M)->202.6M(1024.0M)]
 [Times: user=0.09 sys=0.01, real=0.02 secs] 
2021-04-24T02:16:21.390+0800: 56971.063: [GC pause (G1 Evacuation Pause) (young), 0.0234548 secs]
   [Parallel Time: 21.7 ms, GC Workers: 8]
      [GC Worker Start (ms): Min: 56971063.8, Avg: 56971064.0, Max: 56971064.7, Diff: 0.9]
      [Ext Root Scanning (ms): Min: 0.0, Avg: 2.5, Max: 9.2, Diff: 9.2, Sum: 19.7]
      [Update RS (ms): Min: 0.0, Avg: 1.4, Max: 3.4, Diff: 3.4, Sum: 11.6]
         [Processed Buffers: Min: 0, Avg: 6.2, Max: 20, Diff: 20, Sum: 50]
      [Scan RS (ms): Min: 0.0, Avg: 3.2, Max: 5.0, Diff: 5.0, Sum: 25.5]
      [Code Root Scanning (ms): Min: 0.0, Avg: 0.0, Max: 0.0, Diff: 0.0, Sum: 0.0]
      [Object Copy (ms): Min: 12.2, Avg: 14.1, Max: 20.3, Diff: 8.1, Sum: 112.9]
      [Termination (ms): Min: 0.0, Avg: 0.0, Max: 0.0, Diff: 0.0, Sum: 0.1]
         [Termination Attempts: Min: 1, Avg: 15.8, Max: 22, Diff: 21, Sum: 126]
      [GC Worker Other (ms): Min: 0.0, Avg: 0.0, Max: 0.1, Diff: 0.0, Sum: 0.3]
      [GC Worker Total (ms): Min: 20.6, Avg: 21.3, Max: 21.4, Diff: 0.9, Sum: 170.1]
      [GC Worker End (ms): Min: 56971085.2, Avg: 56971085.2, Max: 56971085.2, Diff: 0.0]
   [Code Root Fixup: 0.0 ms]
   [Code Root Purge: 0.0 ms]
   [Clear CT: 0.2 ms]
   [Other: 1.6 ms]
      [Choose CSet: 0.0 ms]
      [Ref Proc: 0.4 ms]
      [Ref Enq: 0.0 ms]
      [Redirty Cards: 0.2 ms]
      [Humongous Register: 0.3 ms]
      [Humongous Reclaim: 0.0 ms]
      [Free CSet: 0.1 ms]
   [Eden: 44.0M(44.0M)->0.0B(44.0M) Survivors: 7168.0K->7168.0K Heap: 246.6M(1024.0M)->203.3M(1024.0M)]
 [Times: user=0.09 sys=0.01, real=0.02 secs] 
2021-04-24T02:16:43.559+0800: 56993.232: [GC pause (G1 Evacuation Pause) (young), 0.0199907 secs]
   [Parallel Time: 18.4 ms, GC Workers: 8]
      [GC Worker Start (ms): Min: 56993232.7, Avg: 56993232.9, Max: 56993233.3, Diff: 0.6]
      [Ext Root Scanning (ms): Min: 0.4, Avg: 2.5, Max: 9.7, Diff: 9.3, Sum: 20.1]
      [Update RS (ms): Min: 0.0, Avg: 1.2, Max: 2.7, Diff: 2.7, Sum: 9.7]
         [Processed Buffers: Min: 0, Avg: 6.2, Max: 16, Diff: 16, Sum: 50]
      [Scan RS (ms): Min: 0.0, Avg: 1.6, Max: 3.4, Diff: 3.4, Sum: 12.9]
      [Code Root Scanning (ms): Min: 0.0, Avg: 0.0, Max: 0.0, Diff: 0.0, Sum: 0.0]
      [Object Copy (ms): Min: 8.1, Avg: 12.4, Max: 16.6, Diff: 8.5, Sum: 99.4]
      [Termination (ms): Min: 0.0, Avg: 0.3, Max: 0.4, Diff: 0.3, Sum: 2.2]
         [Termination Attempts: Min: 1, Avg: 2.6, Max: 7, Diff: 6, Sum: 21]
      [GC Worker Other (ms): Min: 0.0, Avg: 0.0, Max: 0.0, Diff: 0.0, Sum: 0.2]
      [GC Worker Total (ms): Min: 17.7, Avg: 18.1, Max: 18.3, Diff: 0.6, Sum: 144.5]
      [GC Worker End (ms): Min: 56993251.0, Avg: 56993251.0, Max: 56993251.0, Diff: 0.0]
   [Code Root Fixup: 0.0 ms]
   [Code Root Purge: 0.0 ms]
   [Clear CT: 0.2 ms]
   [Other: 1.4 ms]
      [Choose CSet: 0.0 ms]
      [Ref Proc: 0.4 ms]
      [Ref Enq: 0.0 ms]
      [Redirty Cards: 0.2 ms]
      [Humongous Register: 0.1 ms]
      [Humongous Reclaim: 0.0 ms]
      [Free CSet: 0.1 ms]
   [Eden: 44.0M(44.0M)->0.0B(46.0M) Survivors: 7168.0K->5120.0K Heap: 247.3M(1024.0M)->202.9M(1024.0M)]
 [Times: user=0.06 sys=0.01, real=0.02 secs] 
2021-04-24T02:17:06.697+0800: 57016.370: [GC pause (G1 Evacuation Pause) (young), 0.0162372 secs]
   [Parallel Time: 15.6 ms, GC Workers: 8]
      [GC Worker Start (ms): Min: 57016370.0, Avg: 57016371.2, Max: 57016377.5, Diff: 7.5]
      [Ext Root Scanning (ms): Min: 0.0, Avg: 2.4, Max: 14.7, Diff: 14.7, Sum: 19.1]
      [Update RS (ms): Min: 0.0, Avg: 3.4, Max: 9.4, Diff: 9.4, Sum: 27.5]
         [Processed Buffers: Min: 0, Avg: 7.1, Max: 24, Diff: 24, Sum: 57]
      [Scan RS (ms): Min: 0.0, Avg: 2.8, Max: 8.0, Diff: 8.0, Sum: 22.1]
      [Code Root Scanning (ms): Min: 0.0, Avg: 0.0, Max: 0.0, Diff: 0.0, Sum: 0.0]
      [Object Copy (ms): Min: 0.6, Avg: 5.4, Max: 11.4, Diff: 10.8, Sum: 42.9]
      [Termination (ms): Min: 0.0, Avg: 0.3, Max: 0.4, Diff: 0.4, Sum: 2.4]
         [Termination Attempts: Min: 1, Avg: 38.5, Max: 63, Diff: 62, Sum: 308]
      [GC Worker Other (ms): Min: 0.0, Avg: 0.0, Max: 0.0, Diff: 0.0, Sum: 0.1]
      [GC Worker Total (ms): Min: 8.0, Avg: 14.3, Max: 15.5, Diff: 7.5, Sum: 114.1]
      [GC Worker End (ms): Min: 57016385.4, Avg: 57016385.5, Max: 57016385.6, Diff: 0.2]
   [Code Root Fixup: 0.0 ms]
   [Code Root Purge: 0.0 ms]
   [Clear CT: 0.1 ms]
   [Other: 0.6 ms]
      [Choose CSet: 0.0 ms]
      [Ref Proc: 0.1 ms]
      [Ref Enq: 0.0 ms]
      [Redirty Cards: 0.1 ms]
      [Humongous Register: 0.1 ms]
      [Humongous Reclaim: 0.0 ms]
      [Free CSet: 0.0 ms]
   [Eden: 46.0M(46.0M)->0.0B(44.0M) Survivors: 5120.0K->7168.0K Heap: 248.9M(1024.0M)->205.8M(1024.0M)]
 [Times: user=0.05 sys=0.00, real=0.02 secs] 
2021-04-24T02:17:28.646+0800: 57038.319: [GC pause (G1 Evacuation Pause) (young), 0.0200565 secs]
   [Parallel Time: 18.0 ms, GC Workers: 8]
      [GC Worker Start (ms): Min: 57038319.5, Avg: 57038319.8, Max: 57038320.5, Diff: 1.0]
      [Ext Root Scanning (ms): Min: 0.0, Avg: 2.3, Max: 7.2, Diff: 7.2, Sum: 18.3]
      [Update RS (ms): Min: 0.0, Avg: 1.4, Max: 3.4, Diff: 3.4, Sum: 11.5]
         [Processed Buffers: Min: 0, Avg: 6.8, Max: 22, Diff: 22, Sum: 54]
      [Scan RS (ms): Min: 0.0, Avg: 1.9, Max: 3.4, Diff: 3.4, Sum: 15.6]
      [Code Root Scanning (ms): Min: 0.0, Avg: 0.0, Max: 0.0, Diff: 0.0, Sum: 0.0]
      [Object Copy (ms): Min: 10.0, Avg: 11.6, Max: 16.6, Diff: 6.6, Sum: 92.9]
      [Termination (ms): Min: 0.0, Avg: 0.3, Max: 0.4, Diff: 0.4, Sum: 2.2]
         [Termination Attempts: Min: 1, Avg: 1.5, Max: 3, Diff: 2, Sum: 12]
      [GC Worker Other (ms): Min: 0.0, Avg: 0.0, Max: 0.0, Diff: 0.0, Sum: 0.1]
      [GC Worker Total (ms): Min: 16.9, Avg: 17.6, Max: 17.9, Diff: 0.9, Sum: 140.6]
      [GC Worker End (ms): Min: 57038337.4, Avg: 57038337.4, Max: 57038337.4, Diff: 0.0]
   [Code Root Fixup: 0.0 ms]
   [Code Root Purge: 0.0 ms]
   [Clear CT: 0.1 ms]
   [Other: 2.0 ms]
      [Choose CSet: 0.0 ms]
      [Ref Proc: 0.3 ms]
      [Ref Enq: 0.0 ms]
      [Redirty Cards: 0.1 ms]
      [Humongous Register: 0.2 ms]
      [Humongous Reclaim: 0.0 ms]
      [Free CSet: 0.1 ms]
   [Eden: 44.0M(44.0M)->0.0B(77.0M) Survivors: 7168.0K->5120.0K Heap: 249.8M(1024.0M)->205.1M(1024.0M)]
 [Times: user=0.06 sys=0.02, real=0.02 secs] 
2021-04-24T02:17:51.783+0800: 57061.456: [GC pause (G1 Evacuation Pause) (young), 0.0170821 secs]
   [Parallel Time: 15.8 ms, GC Workers: 8]
      [GC Worker Start (ms): Min: 57061456.6, Avg: 57061456.9, Max: 57061457.2, Diff: 0.6]
      [Ext Root Scanning (ms): Min: 0.6, Avg: 3.7, Max: 11.7, Diff: 11.1, Sum: 29.4]
      [Update RS (ms): Min: 0.0, Avg: 4.6, Max: 10.4, Diff: 10.4, Sum: 36.6]
         [Processed Buffers: Min: 0, Avg: 6.5, Max: 24, Diff: 24, Sum: 52]
      [Scan RS (ms): Min: 0.0, Avg: 2.9, Max: 5.4, Diff: 5.4, Sum: 23.1]
      [Code Root Scanning (ms): Min: 0.0, Avg: 0.0, Max: 0.0, Diff: 0.0, Sum: 0.0]
      [Object Copy (ms): Min: 3.9, Avg: 4.3, Max: 4.8, Diff: 0.9, Sum: 34.1]
      [Termination (ms): Min: 0.0, Avg: 0.0, Max: 0.0, Diff: 0.0, Sum: 0.0]
         [Termination Attempts: Min: 1, Avg: 5.2, Max: 13, Diff: 12, Sum: 42]
      [GC Worker Other (ms): Min: 0.0, Avg: 0.0, Max: 0.1, Diff: 0.0, Sum: 0.3]
      [GC Worker Total (ms): Min: 15.2, Avg: 15.4, Max: 15.7, Diff: 0.5, Sum: 123.6]
      [GC Worker End (ms): Min: 57061472.3, Avg: 57061472.4, Max: 57061472.4, Diff: 0.0]
   [Code Root Fixup: 0.0 ms]
   [Code Root Purge: 0.0 ms]
   [Clear CT: 0.1 ms]
   [Other: 1.1 ms]
      [Choose CSet: 0.0 ms]
      [Ref Proc: 0.2 ms]
      [Ref Enq: 0.0 ms]
      [Redirty Cards: 0.1 ms]
      [Humongous Register: 0.3 ms]
      [Humongous Reclaim: 0.0 ms]
      [Free CSet: 0.1 ms]
   [Eden: 46.0M(46.0M)->0.0B(61.0M) Survivors: 5120.0K->6144.0K Heap: 251.1M(1024.0M)->205.3M(1024.0M)]
 [Times: user=0.08 sys=0.00, real=0.02 secs] 
2021-04-24T02:18:22.288+0800: 57091.961: [GC pause (G1 Evacuation Pause) (young), 0.0167071 secs]
   [Parallel Time: 15.4 ms, GC Workers: 8]
      [GC Worker Start (ms): Min: 57091961.7, Avg: 57091962.5, Max: 57091966.9, Diff: 5.2]
      [Ext Root Scanning (ms): Min: 0.0, Avg: 3.9, Max: 14.1, Diff: 14.1, Sum: 31.2]
      [Update RS (ms): Min: 0.0, Avg: 1.7, Max: 3.7, Diff: 3.7, Sum: 13.4]
         [Processed Buffers: Min: 0, Avg: 6.1, Max: 20, Diff: 20, Sum: 49]
      [Scan RS (ms): Min: 0.0, Avg: 2.3, Max: 5.7, Diff: 5.7, Sum: 18.4]
      [Code Root Scanning (ms): Min: 0.0, Avg: 0.0, Max: 0.0, Diff: 0.0, Sum: 0.0]
      [Object Copy (ms): Min: 1.0, Avg: 6.5, Max: 14.2, Diff: 13.2, Sum: 52.3]
      [Termination (ms): Min: 0.0, Avg: 0.0, Max: 0.1, Diff: 0.1, Sum: 0.4]
         [Termination Attempts: Min: 1, Avg: 85.4, Max: 121, Diff: 120, Sum: 683]
      [GC Worker Other (ms): Min: 0.0, Avg: 0.0, Max: 0.1, Diff: 0.1, Sum: 0.4]
      [GC Worker Total (ms): Min: 10.1, Avg: 14.5, Max: 15.3, Diff: 5.2, Sum: 116.0]
      [GC Worker End (ms): Min: 57091977.0, Avg: 57091977.0, Max: 57091977.1, Diff: 0.1]
   [Code Root Fixup: 0.0 ms]
   [Code Root Purge: 0.0 ms]
   [Clear CT: 0.1 ms]
   [Other: 1.1 ms]
      [Choose CSet: 0.0 ms]
      [Ref Proc: 0.2 ms]
      [Ref Enq: 0.0 ms]
      [Redirty Cards: 0.1 ms]
      [Humongous Register: 0.2 ms]
      [Humongous Reclaim: 0.0 ms]
      [Free CSet: 0.1 ms]
   [Eden: 61.0M(61.0M)->0.0B(98.0M) Survivors: 6144.0K->7168.0K Heap: 266.3M(1024.0M)->207.0M(1024.0M)]
 [Times: user=0.07 sys=0.01, real=0.02 secs] 
2021-04-24T02:19:11.502+0800: 57141.175: [GC pause (G1 Evacuation Pause) (young), 0.0234188 secs]
   [Parallel Time: 22.0 ms, GC Workers: 8]
      [GC Worker Start (ms): Min: 57141175.8, Avg: 57141178.5, Max: 57141185.4, Diff: 9.5]
      [Ext Root Scanning (ms): Min: 0.0, Avg: 2.8, Max: 9.3, Diff: 9.3, Sum: 22.2]
      [Update RS (ms): Min: 0.0, Avg: 1.8, Max: 4.3, Diff: 4.3, Sum: 14.6]
         [Processed Buffers: Min: 0, Avg: 6.1, Max: 20, Diff: 20, Sum: 49]
      [Scan RS (ms): Min: 0.0, Avg: 2.0, Max: 4.5, Diff: 4.5, Sum: 15.7]
      [Code Root Scanning (ms): Min: 0.0, Avg: 0.0, Max: 0.0, Diff: 0.0, Sum: 0.0]
      [Object Copy (ms): Min: 11.7, Avg: 12.3, Max: 13.6, Diff: 2.0, Sum: 98.7]
      [Termination (ms): Min: 0.0, Avg: 0.3, Max: 0.4, Diff: 0.4, Sum: 2.5]
         [Termination Attempts: Min: 1, Avg: 23.2, Max: 38, Diff: 37, Sum: 186]
      [GC Worker Other (ms): Min: 0.0, Avg: 0.1, Max: 0.1, Diff: 0.1, Sum: 0.4]
      [GC Worker Total (ms): Min: 12.4, Avg: 19.3, Max: 21.9, Diff: 9.6, Sum: 154.2]
      [GC Worker End (ms): Min: 57141197.7, Avg: 57141197.8, Max: 57141197.8, Diff: 0.1]
   [Code Root Fixup: 0.1 ms]
   [Code Root Purge: 0.0 ms]
   [Clear CT: 0.1 ms]
   [Other: 1.2 ms]
      [Choose CSet: 0.0 ms]
      [Ref Proc: 0.3 ms]
      [Ref Enq: 0.0 ms]
      [Redirty Cards: 0.1 ms]
      [Humongous Register: 0.2 ms]
      [Humongous Reclaim: 0.0 ms]
      [Free CSet: 0.1 ms]
   [Eden: 98.0M(98.0M)->0.0B(65.0M) Survivors: 7168.0K->7168.0K Heap: 305.0M(1024.0M)->207.1M(1024.0M)]
 [Times: user=0.07 sys=0.01, real=0.02 secs] 
2021-04-24T02:19:44.064+0800: 57173.738: [GC pause (G1 Evacuation Pause) (young), 0.0245576 secs]
   [Parallel Time: 22.8 ms, GC Workers: 8]
      [GC Worker Start (ms): Min: 57173738.2, Avg: 57173740.4, Max: 57173747.5, Diff: 9.3]
      [Ext Root Scanning (ms): Min: 0.0, Avg: 1.9, Max: 9.3, Diff: 9.3, Sum: 15.6]
      [Update RS (ms): Min: 0.0, Avg: 1.9, Max: 4.3, Diff: 4.3, Sum: 15.5]
         [Processed Buffers: Min: 0, Avg: 6.2, Max: 26, Diff: 26, Sum: 50]
      [Scan RS (ms): Min: 0.0, Avg: 2.3, Max: 4.0, Diff: 3.9, Sum: 18.3]
      [Code Root Scanning (ms): Min: 0.0, Avg: 0.0, Max: 0.0, Diff: 0.0, Sum: 0.0]
      [Object Copy (ms): Min: 13.1, Avg: 14.2, Max: 19.6, Diff: 6.5, Sum: 113.4]
      [Termination (ms): Min: 0.0, Avg: 0.0, Max: 0.1, Diff: 0.1, Sum: 0.2]
         [Termination Attempts: Min: 1, Avg: 42.0, Max: 70, Diff: 69, Sum: 336]
      [GC Worker Other (ms): Min: 0.0, Avg: 0.0, Max: 0.1, Diff: 0.0, Sum: 0.4]
      [GC Worker Total (ms): Min: 13.3, Avg: 20.4, Max: 22.6, Diff: 9.3, Sum: 163.3]
      [GC Worker End (ms): Min: 57173760.8, Avg: 57173760.8, Max: 57173760.8, Diff: 0.0]
   [Code Root Fixup: 0.0 ms]
   [Code Root Purge: 0.0 ms]
   [Clear CT: 0.1 ms]
   [Other: 1.6 ms]
      [Choose CSet: 0.0 ms]
      [Ref Proc: 0.3 ms]
      [Ref Enq: 0.0 ms]
      [Redirty Cards: 0.2 ms]
      [Humongous Register: 0.3 ms]
      [Humongous Reclaim: 0.0 ms]
      [Free CSet: 0.2 ms]
   [Eden: 65.0M(65.0M)->0.0B(43.0M) Survivors: 7168.0K->8192.0K Heap: 272.1M(1024.0M)->208.6M(1024.0M)]
 [Times: user=0.09 sys=0.01, real=0.02 secs] 
2021-04-24T02:20:05.715+0800: 57195.389: [GC pause (G1 Evacuation Pause) (young), 0.0192802 secs]
   [Parallel Time: 17.3 ms, GC Workers: 8]
      [GC Worker Start (ms): Min: 57195389.1, Avg: 57195389.3, Max: 57195390.2, Diff: 1.1]
      [Ext Root Scanning (ms): Min: 0.0, Avg: 3.5, Max: 8.6, Diff: 8.6, Sum: 28.0]
      [Update RS (ms): Min: 0.0, Avg: 2.3, Max: 5.4, Diff: 5.4, Sum: 18.4]
         [Processed Buffers: Min: 0, Avg: 6.8, Max: 39, Diff: 39, Sum: 54]
      [Scan RS (ms): Min: 0.0, Avg: 1.6, Max: 3.0, Diff: 3.0, Sum: 12.6]
      [Code Root Scanning (ms): Min: 0.0, Avg: 0.0, Max: 0.0, Diff: 0.0, Sum: 0.0]
      [Object Copy (ms): Min: 8.4, Avg: 9.6, Max: 10.6, Diff: 2.1, Sum: 76.6]
      [Termination (ms): Min: 0.0, Avg: 0.0, Max: 0.0, Diff: 0.0, Sum: 0.0]
         [Termination Attempts: Min: 1, Avg: 4.6, Max: 8, Diff: 7, Sum: 37]
      [GC Worker Other (ms): Min: 0.0, Avg: 0.0, Max: 0.0, Diff: 0.0, Sum: 0.2]
      [GC Worker Total (ms): Min: 16.1, Avg: 17.0, Max: 17.2, Diff: 1.1, Sum: 135.8]
      [GC Worker End (ms): Min: 57195406.3, Avg: 57195406.3, Max: 57195406.3, Diff: 0.0]
   [Code Root Fixup: 0.0 ms]
   [Code Root Purge: 0.0 ms]
   [Clear CT: 0.1 ms]
   [Other: 1.9 ms]
      [Choose CSet: 0.0 ms]
      [Ref Proc: 0.8 ms]
      [Ref Enq: 0.0 ms]
      [Redirty Cards: 0.1 ms]
      [Humongous Register: 0.3 ms]
      [Humongous Reclaim: 0.0 ms]
      [Free CSet: 0.1 ms]
   [Eden: 43.0M(43.0M)->0.0B(48.0M) Survivors: 8192.0K->7168.0K Heap: 251.6M(1024.0M)->209.5M(1024.0M)]
 [Times: user=0.08 sys=0.02, real=0.02 secs] 
2021-04-24T02:20:27.909+0800: 57217.583: [GC pause (G1 Evacuation Pause) (young), 0.0215208 secs]
   [Parallel Time: 19.2 ms, GC Workers: 8]
      [GC Worker Start (ms): Min: 57217583.1, Avg: 57217583.5, Max: 57217583.9, Diff: 0.8]
      [Ext Root Scanning (ms): Min: 0.4, Avg: 4.8, Max: 13.3, Diff: 12.9, Sum: 38.8]
      [Update RS (ms): Min: 0.0, Avg: 1.9, Max: 4.4, Diff: 4.4, Sum: 15.2]
         [Processed Buffers: Min: 0, Avg: 6.8, Max: 29, Diff: 29, Sum: 54]
      [Scan RS (ms): Min: 0.0, Avg: 2.1, Max: 4.4, Diff: 4.4, Sum: 17.2]
      [Code Root Scanning (ms): Min: 0.0, Avg: 0.0, Max: 0.0, Diff: 0.0, Sum: 0.0]
      [Object Copy (ms): Min: 5.6, Avg: 9.8, Max: 17.9, Diff: 12.3, Sum: 78.3]
      [Termination (ms): Min: 0.0, Avg: 0.0, Max: 0.0, Diff: 0.0, Sum: 0.0]
         [Termination Attempts: Min: 1, Avg: 1.5, Max: 3, Diff: 2, Sum: 12]
      [GC Worker Other (ms): Min: 0.0, Avg: 0.0, Max: 0.1, Diff: 0.0, Sum: 0.3]
      [GC Worker Total (ms): Min: 18.3, Avg: 18.7, Max: 19.0, Diff: 0.7, Sum: 149.8]
      [GC Worker End (ms): Min: 57217602.2, Avg: 57217602.2, Max: 57217602.2, Diff: 0.0]
   [Code Root Fixup: 0.0 ms]
   [Code Root Purge: 0.0 ms]
   [Clear CT: 0.2 ms]
   [Other: 2.2 ms]
      [Choose CSet: 0.0 ms]
      [Ref Proc: 0.7 ms]
      [Ref Enq: 0.0 ms]
      [Redirty Cards: 0.1 ms]
      [Humongous Register: 0.2 ms]
      [Humongous Reclaim: 0.0 ms]
      [Free CSet: 0.1 ms]
   [Eden: 44.0M(44.0M)->0.0B(45.0M) Survivors: 7168.0K->7168.0K Heap: 253.5M(1024.0M)->211.8M(1024.0M)]
 [Times: user=0.08 sys=0.01, real=0.03 secs] 
2021-04-24T02:20:50.650+0800: 57240.324: [GC pause (G1 Evacuation Pause) (young), 0.0201794 secs]
   [Parallel Time: 18.9 ms, GC Workers: 8]
      [GC Worker Start (ms): Min: 57240323.8, Avg: 57240324.0, Max: 57240324.6, Diff: 0.8]
      [Ext Root Scanning (ms): Min: 0.0, Avg: 2.8, Max: 7.4, Diff: 7.4, Sum: 22.2]
      [Update RS (ms): Min: 0.0, Avg: 1.5, Max: 3.3, Diff: 3.3, Sum: 11.8]
         [Processed Buffers: Min: 0, Avg: 7.0, Max: 23, Diff: 23, Sum: 56]
      [Scan RS (ms): Min: 0.0, Avg: 2.0, Max: 3.8, Diff: 3.8, Sum: 15.9]
      [Code Root Scanning (ms): Min: 0.0, Avg: 0.0, Max: 0.0, Diff: 0.0, Sum: 0.0]
      [Object Copy (ms): Min: 10.8, Avg: 11.9, Max: 18.0, Diff: 7.3, Sum: 95.2]
      [Termination (ms): Min: 0.0, Avg: 0.4, Max: 0.6, Diff: 0.6, Sum: 3.3]
         [Termination Attempts: Min: 1, Avg: 1.0, Max: 1, Diff: 0, Sum: 8]
      [GC Worker Other (ms): Min: 0.0, Avg: 0.0, Max: 0.0, Diff: 0.0, Sum: 0.1]
      [GC Worker Total (ms): Min: 18.0, Avg: 18.6, Max: 18.8, Diff: 0.8, Sum: 148.5]
      [GC Worker End (ms): Min: 57240342.6, Avg: 57240342.6, Max: 57240342.6, Diff: 0.0]
   [Code Root Fixup: 0.0 ms]
   [Code Root Purge: 0.0 ms]
   [Clear CT: 0.1 ms]
   [Other: 1.1 ms]
      [Choose CSet: 0.0 ms]
      [Ref Proc: 0.3 ms]
      [Ref Enq: 0.0 ms]
      [Redirty Cards: 0.1 ms]
      [Humongous Register: 0.1 ms]
      [Humongous Reclaim: 0.0 ms]
      [Free CSet: 0.2 ms]
   [Eden: 45.0M(45.0M)->0.0B(97.0M) Survivors: 7168.0K->6144.0K Heap: 256.8M(1024.0M)->212.3M(1024.0M)]
 [Times: user=0.05 sys=0.01, real=0.02 secs] 
2021-04-24T02:21:39.369+0800: 57289.042: [GC pause (G1 Evacuation Pause) (young), 0.0232852 secs]
   [Parallel Time: 20.6 ms, GC Workers: 8]
      [GC Worker Start (ms): Min: 57289043.2, Avg: 57289044.1, Max: 57289045.8, Diff: 2.6]
      [Ext Root Scanning (ms): Min: 0.0, Avg: 1.4, Max: 4.2, Diff: 4.2, Sum: 11.4]
      [Update RS (ms): Min: 4.0, Avg: 6.7, Max: 13.1, Diff: 9.1, Sum: 53.5]
         [Processed Buffers: Min: 0, Avg: 6.5, Max: 18, Diff: 18, Sum: 52]
      [Scan RS (ms): Min: 0.0, Avg: 4.2, Max: 6.0, Diff: 6.0, Sum: 33.3]
      [Code Root Scanning (ms): Min: 0.0, Avg: 0.0, Max: 0.0, Diff: 0.0, Sum: 0.0]
      [Object Copy (ms): Min: 4.8, Avg: 6.7, Max: 7.5, Diff: 2.7, Sum: 53.7]
      [Termination (ms): Min: 0.0, Avg: 0.5, Max: 0.6, Diff: 0.6, Sum: 3.8]
         [Termination Attempts: Min: 1, Avg: 33.0, Max: 60, Diff: 59, Sum: 264]
      [GC Worker Other (ms): Min: 0.0, Avg: 0.0, Max: 0.1, Diff: 0.0, Sum: 0.3]
      [GC Worker Total (ms): Min: 17.9, Avg: 19.5, Max: 20.5, Diff: 2.6, Sum: 155.9]
      [GC Worker End (ms): Min: 57289063.4, Avg: 57289063.6, Max: 57289063.7, Diff: 0.3]
   [Code Root Fixup: 0.0 ms]
   [Code Root Purge: 0.0 ms]
   [Clear CT: 0.1 ms]
   [Other: 2.6 ms]
      [Choose CSet: 0.0 ms]
      [Ref Proc: 0.9 ms]
      [Ref Enq: 0.0 ms]
      [Redirty Cards: 0.1 ms]
      [Humongous Register: 0.6 ms]
      [Humongous Reclaim: 0.0 ms]
      [Free CSet: 0.2 ms]
   [Eden: 97.0M(97.0M)->0.0B(43.0M) Survivors: 6144.0K->8192.0K Heap: 309.3M(1024.0M)->214.1M(1024.0M)]
 [Times: user=0.07 sys=0.02, real=0.03 secs] 
2021-04-24T02:22:01.041+0800: 57310.715: [GC pause (G1 Evacuation Pause) (young), 0.0222303 secs]
   [Parallel Time: 20.0 ms, GC Workers: 8]
      [GC Worker Start (ms): Min: 57310715.6, Avg: 57310716.0, Max: 57310717.2, Diff: 1.6]
      [Ext Root Scanning (ms): Min: 0.0, Avg: 5.0, Max: 13.0, Diff: 13.0, Sum: 40.2]
      [Update RS (ms): Min: 0.0, Avg: 2.3, Max: 4.9, Diff: 4.9, Sum: 18.1]
         [Processed Buffers: Min: 0, Avg: 6.6, Max: 40, Diff: 40, Sum: 53]
      [Scan RS (ms): Min: 0.0, Avg: 1.8, Max: 4.5, Diff: 4.5, Sum: 14.6]
      [Code Root Scanning (ms): Min: 0.0, Avg: 0.0, Max: 0.0, Diff: 0.0, Sum: 0.0]
      [Object Copy (ms): Min: 6.5, Avg: 10.1, Max: 18.1, Diff: 11.6, Sum: 81.2]
      [Termination (ms): Min: 0.0, Avg: 0.2, Max: 0.2, Diff: 0.2, Sum: 1.2]
         [Termination Attempts: Min: 1, Avg: 1.4, Max: 4, Diff: 3, Sum: 11]
      [GC Worker Other (ms): Min: 0.0, Avg: 0.0, Max: 0.0, Diff: 0.0, Sum: 0.2]
      [GC Worker Total (ms): Min: 18.3, Avg: 19.4, Max: 19.8, Diff: 1.6, Sum: 155.5]
      [GC Worker End (ms): Min: 57310735.5, Avg: 57310735.5, Max: 57310735.5, Diff: 0.0]
   [Code Root Fixup: 0.0 ms]
   [Code Root Purge: 0.0 ms]
   [Clear CT: 0.1 ms]
   [Other: 2.1 ms]
      [Choose CSet: 0.0 ms]
      [Ref Proc: 0.3 ms]
      [Ref Enq: 0.0 ms]
      [Redirty Cards: 0.1 ms]
      [Humongous Register: 0.3 ms]
      [Humongous Reclaim: 0.0 ms]
      [Free CSet: 0.2 ms]
   [Eden: 43.0M(43.0M)->0.0B(46.0M) Survivors: 8192.0K->5120.0K Heap: 257.1M(1024.0M)->213.3M(1024.0M)]
 [Times: user=0.08 sys=0.01, real=0.02 secs] 
2021-04-24T02:22:24.222+0800: 57333.896: [GC pause (G1 Evacuation Pause) (young), 0.0177279 secs]
   [Parallel Time: 16.7 ms, GC Workers: 8]
      [GC Worker Start (ms): Min: 57333895.9, Avg: 57333896.0, Max: 57333896.2, Diff: 0.3]
      [Ext Root Scanning (ms): Min: 0.3, Avg: 1.7, Max: 5.0, Diff: 4.7, Sum: 13.5]
      [Update RS (ms): Min: 0.0, Avg: 3.9, Max: 15.6, Diff: 15.6, Sum: 31.1]
         [Processed Buffers: Min: 0, Avg: 7.0, Max: 21, Diff: 21, Sum: 56]
      [Scan RS (ms): Min: 0.0, Avg: 2.1, Max: 3.4, Diff: 3.4, Sum: 17.1]
      [Code Root Scanning (ms): Min: 0.0, Avg: 0.0, Max: 0.0, Diff: 0.0, Sum: 0.0]
      [Object Copy (ms): Min: 0.0, Avg: 8.5, Max: 11.0, Diff: 11.0, Sum: 67.6]
      [Termination (ms): Min: 0.0, Avg: 0.2, Max: 0.3, Diff: 0.3, Sum: 1.5]
         [Termination Attempts: Min: 1, Avg: 8.5, Max: 18, Diff: 17, Sum: 68]
      [GC Worker Other (ms): Min: 0.0, Avg: 0.0, Max: 0.0, Diff: 0.0, Sum: 0.1]
      [GC Worker Total (ms): Min: 16.2, Avg: 16.4, Max: 16.5, Diff: 0.4, Sum: 131.0]
      [GC Worker End (ms): Min: 57333912.3, Avg: 57333912.4, Max: 57333912.5, Diff: 0.2]
   [Code Root Fixup: 0.0 ms]
   [Code Root Purge: 0.0 ms]
   [Clear CT: 0.1 ms]
   [Other: 0.9 ms]
      [Choose CSet: 0.0 ms]
      [Ref Proc: 0.2 ms]
      [Ref Enq: 0.0 ms]
      [Redirty Cards: 0.1 ms]
      [Humongous Register: 0.1 ms]
      [Humongous Reclaim: 0.0 ms]
      [Free CSet: 0.1 ms]
   [Eden: 46.0M(46.0M)->0.0B(44.0M) Survivors: 5120.0K->7168.0K Heap: 259.3M(1024.0M)->215.1M(1024.0M)]
 [Times: user=0.05 sys=0.00, real=0.02 secs] 
2021-04-24T02:22:46.213+0800: 57355.886: [GC pause (G1 Evacuation Pause) (young), 0.0200504 secs]
   [Parallel Time: 18.9 ms, GC Workers: 8]
      [GC Worker Start (ms): Min: 57355886.8, Avg: 57355886.9, Max: 57355887.1, Diff: 0.4]
      [Ext Root Scanning (ms): Min: 0.3, Avg: 2.8, Max: 7.6, Diff: 7.3, Sum: 22.3]
      [Update RS (ms): Min: 0.0, Avg: 1.8, Max: 6.4, Diff: 6.4, Sum: 14.5]
         [Processed Buffers: Min: 0, Avg: 6.1, Max: 19, Diff: 19, Sum: 49]
      [Scan RS (ms): Min: 0.0, Avg: 2.1, Max: 4.1, Diff: 4.1, Sum: 17.0]
      [Code Root Scanning (ms): Min: 0.0, Avg: 0.0, Max: 0.0, Diff: 0.0, Sum: 0.0]
      [Object Copy (ms): Min: 11.0, Avg: 11.7, Max: 15.2, Diff: 4.2, Sum: 93.9]
      [Termination (ms): Min: 0.0, Avg: 0.1, Max: 0.2, Diff: 0.2, Sum: 1.1]
         [Termination Attempts: Min: 1, Avg: 3.6, Max: 7, Diff: 6, Sum: 29]
      [GC Worker Other (ms): Min: 0.0, Avg: 0.0, Max: 0.0, Diff: 0.0, Sum: 0.2]
      [GC Worker Total (ms): Min: 18.4, Avg: 18.6, Max: 18.8, Diff: 0.4, Sum: 149.0]
      [GC Worker End (ms): Min: 57355905.6, Avg: 57355905.6, Max: 57355905.6, Diff: 0.0]
   [Code Root Fixup: 0.0 ms]
   [Code Root Purge: 0.0 ms]
   [Clear CT: 0.1 ms]
   [Other: 1.0 ms]
      [Choose CSet: 0.0 ms]
      [Ref Proc: 0.3 ms]
      [Ref Enq: 0.0 ms]
      [Redirty Cards: 0.1 ms]
      [Humongous Register: 0.1 ms]
      [Humongous Reclaim: 0.0 ms]
      [Free CSet: 0.1 ms]
   [Eden: 44.0M(44.0M)->0.0B(59.0M) Survivors: 7168.0K->7168.0K Heap: 259.1M(1024.0M)->216.0M(1024.0M)]
 [Times: user=0.06 sys=0.01, real=0.02 secs] 
2021-04-24T02:23:08.127+0800: 57377.801: [GC pause (G1 Evacuation Pause) (young), 0.0200410 secs]
   [Parallel Time: 18.7 ms, GC Workers: 8]
      [GC Worker Start (ms): Min: 57377801.4, Avg: 57377801.7, Max: 57377802.4, Diff: 1.0]
      [Ext Root Scanning (ms): Min: 0.0, Avg: 3.3, Max: 11.0, Diff: 10.9, Sum: 26.5]
      [Update RS (ms): Min: 0.0, Avg: 4.2, Max: 9.0, Diff: 9.0, Sum: 33.3]
         [Processed Buffers: Min: 0, Avg: 6.8, Max: 18, Diff: 18, Sum: 54]
      [Scan RS (ms): Min: 0.0, Avg: 1.8, Max: 3.4, Diff: 3.4, Sum: 14.6]
      [Code Root Scanning (ms): Min: 0.0, Avg: 0.0, Max: 0.0, Diff: 0.0, Sum: 0.0]
      [Object Copy (ms): Min: 7.5, Avg: 8.9, Max: 16.2, Diff: 8.7, Sum: 71.5]
      [Termination (ms): Min: 0.0, Avg: 0.0, Max: 0.1, Diff: 0.1, Sum: 0.3]
         [Termination Attempts: Min: 1, Avg: 4.4, Max: 8, Diff: 7, Sum: 35]
      [GC Worker Other (ms): Min: 0.0, Avg: 0.0, Max: 0.0, Diff: 0.0, Sum: 0.2]
      [GC Worker Total (ms): Min: 17.6, Avg: 18.3, Max: 18.6, Diff: 1.0, Sum: 146.5]
      [GC Worker End (ms): Min: 57377820.0, Avg: 57377820.0, Max: 57377820.0, Diff: 0.0]
   [Code Root Fixup: 0.0 ms]
   [Code Root Purge: 0.0 ms]
   [Clear CT: 0.1 ms]
   [Other: 1.2 ms]
      [Choose CSet: 0.0 ms]
      [Ref Proc: 0.3 ms]
      [Ref Enq: 0.0 ms]
      [Redirty Cards: 0.1 ms]
      [Humongous Register: 0.2 ms]
      [Humongous Reclaim: 0.0 ms]
      [Free CSet: 0.1 ms]
   [Eden: 44.0M(44.0M)->0.0B(98.0M) Survivors: 7168.0K->5120.0K Heap: 260.0M(1024.0M)->215.6M(1024.0M)]
 [Times: user=0.05 sys=0.01, real=0.02 secs] 
2021-04-24T02:23:31.039+0800: 57400.713: [GC pause (G1 Evacuation Pause) (young), 0.0200455 secs]
   [Parallel Time: 18.7 ms, GC Workers: 8]
      [GC Worker Start (ms): Min: 57400712.7, Avg: 57400712.9, Max: 57400713.0, Diff: 0.3]
      [Ext Root Scanning (ms): Min: 0.3, Avg: 4.0, Max: 16.9, Diff: 16.6, Sum: 31.8]
      [Update RS (ms): Min: 0.0, Avg: 1.2, Max: 2.7, Diff: 2.7, Sum: 9.8]
         [Processed Buffers: Min: 0, Avg: 6.4, Max: 26, Diff: 26, Sum: 51]
      [Scan RS (ms): Min: 0.3, Avg: 5.1, Max: 14.9, Diff: 14.6, Sum: 41.1]
      [Code Root Scanning (ms): Min: 0.0, Avg: 0.0, Max: 0.0, Diff: 0.0, Sum: 0.0]
      [Object Copy (ms): Min: 0.5, Avg: 7.9, Max: 15.2, Diff: 14.7, Sum: 63.6]
      [Termination (ms): Min: 0.0, Avg: 0.2, Max: 0.3, Diff: 0.3, Sum: 1.4]
         [Termination Attempts: Min: 1, Avg: 4.2, Max: 11, Diff: 10, Sum: 34]
      [GC Worker Other (ms): Min: 0.0, Avg: 0.0, Max: 0.0, Diff: 0.0, Sum: 0.1]
      [GC Worker Total (ms): Min: 18.4, Avg: 18.5, Max: 18.7, Diff: 0.3, Sum: 147.8]
      [GC Worker End (ms): Min: 57400731.2, Avg: 57400731.3, Max: 57400731.4, Diff: 0.2]
   [Code Root Fixup: 0.1 ms]
   [Code Root Purge: 0.0 ms]
   [Clear CT: 0.1 ms]
   [Other: 1.2 ms]
      [Choose CSet: 0.0 ms]
      [Ref Proc: 0.3 ms]
      [Ref Enq: 0.0 ms]
      [Redirty Cards: 0.1 ms]
      [Humongous Register: 0.1 ms]
      [Humongous Reclaim: 0.0 ms]
      [Free CSet: 0.1 ms]
   [Eden: 46.0M(46.0M)->0.0B(61.0M) Survivors: 5120.0K->7168.0K Heap: 261.6M(1024.0M)->218.2M(1024.0M)]
 [Times: user=0.05 sys=0.01, real=0.02 secs] 
2021-04-24T02:24:01.414+0800: 57431.088: [GC pause (G1 Evacuation Pause) (young), 0.0213312 secs]
   [Parallel Time: 19.7 ms, GC Workers: 8]
      [GC Worker Start (ms): Min: 57431088.4, Avg: 57431088.5, Max: 57431088.6, Diff: 0.2]
      [Ext Root Scanning (ms): Min: 0.7, Avg: 1.5, Max: 2.5, Diff: 1.8, Sum: 12.0]
      [Update RS (ms): Min: 2.9, Avg: 4.4, Max: 7.1, Diff: 4.2, Sum: 34.9]
         [Processed Buffers: Min: 1, Avg: 6.5, Max: 30, Diff: 29, Sum: 52]
      [Scan RS (ms): Min: 1.2, Avg: 4.0, Max: 6.0, Diff: 4.8, Sum: 31.9]
      [Code Root Scanning (ms): Min: 0.0, Avg: 0.1, Max: 0.9, Diff: 0.9, Sum: 0.9]
      [Object Copy (ms): Min: 7.5, Avg: 9.2, Max: 10.2, Diff: 2.7, Sum: 73.8]
      [Termination (ms): Min: 0.0, Avg: 0.1, Max: 0.1, Diff: 0.1, Sum: 0.5]
         [Termination Attempts: Min: 1, Avg: 6.1, Max: 14, Diff: 13, Sum: 49]
      [GC Worker Other (ms): Min: 0.0, Avg: 0.2, Max: 0.3, Diff: 0.3, Sum: 1.2]
      [GC Worker Total (ms): Min: 19.3, Avg: 19.4, Max: 19.6, Diff: 0.3, Sum: 155.2]
      [GC Worker End (ms): Min: 57431107.9, Avg: 57431107.9, Max: 57431108.0, Diff: 0.1]
   [Code Root Fixup: 0.0 ms]
   [Code Root Purge: 0.0 ms]
   [Clear CT: 0.1 ms]
   [Other: 1.5 ms]
      [Choose CSet: 0.0 ms]
      [Ref Proc: 0.3 ms]
      [Ref Enq: 0.0 ms]
      [Redirty Cards: 0.1 ms]
      [Humongous Register: 0.3 ms]
      [Humongous Reclaim: 0.0 ms]
      [Free CSet: 0.2 ms]
   [Eden: 61.0M(61.0M)->0.0B(55.0M) Survivors: 7168.0K->7168.0K Heap: 279.2M(1024.0M)->218.1M(1024.0M)]
 [Times: user=0.06 sys=0.02, real=0.02 secs] 
2021-04-24T02:24:28.781+0800: 57458.454: [GC pause (G1 Evacuation Pause) (young), 0.0206344 secs]
   [Parallel Time: 18.2 ms, GC Workers: 8]
      [GC Worker Start (ms): Min: 57458455.6, Avg: 57458457.3, Max: 57458462.1, Diff: 6.5]
      [Ext Root Scanning (ms): Min: 0.0, Avg: 2.2, Max: 7.4, Diff: 7.4, Sum: 17.7]
      [Update RS (ms): Min: 0.0, Avg: 1.3, Max: 2.9, Diff: 2.9, Sum: 10.6]
         [Processed Buffers: Min: 0, Avg: 6.2, Max: 22, Diff: 22, Sum: 50]
      [Scan RS (ms): Min: 0.0, Avg: 2.0, Max: 3.1, Diff: 3.1, Sum: 16.1]
      [Code Root Scanning (ms): Min: 0.0, Avg: 0.0, Max: 0.0, Diff: 0.0, Sum: 0.0]
      [Object Copy (ms): Min: 10.1, Avg: 10.5, Max: 10.9, Diff: 0.8, Sum: 83.8]
      [Termination (ms): Min: 0.0, Avg: 0.2, Max: 0.3, Diff: 0.3, Sum: 1.8]
         [Termination Attempts: Min: 3, Avg: 17.0, Max: 27, Diff: 24, Sum: 136]
      [GC Worker Other (ms): Min: 0.0, Avg: 0.0, Max: 0.1, Diff: 0.1, Sum: 0.2]
      [GC Worker Total (ms): Min: 11.5, Avg: 16.3, Max: 17.9, Diff: 6.5, Sum: 130.3]
      [GC Worker End (ms): Min: 57458473.6, Avg: 57458473.6, Max: 57458473.6, Diff: 0.0]
   [Code Root Fixup: 0.0 ms]
   [Code Root Purge: 0.0 ms]
   [Clear CT: 0.1 ms]
   [Other: 2.3 ms]
      [Choose CSet: 0.0 ms]
      [Ref Proc: 0.3 ms]
      [Ref Enq: 0.0 ms]
      [Redirty Cards: 0.1 ms]
      [Humongous Register: 0.2 ms]
      [Humongous Reclaim: 0.0 ms]
      [Free CSet: 0.1 ms]
   [Eden: 55.0M(55.0M)->0.0B(63.0M) Survivors: 7168.0K->8192.0K Heap: 273.1M(1024.0M)->219.3M(1024.0M)]
 [Times: user=0.05 sys=0.02, real=0.02 secs] 
2021-04-24T02:25:00.257+0800: 57489.930: [GC pause (G1 Evacuation Pause) (young), 0.0206497 secs]
   [Parallel Time: 18.9 ms, GC Workers: 8]
      [GC Worker Start (ms): Min: 57489931.1, Avg: 57489931.6, Max: 57489932.8, Diff: 1.7]
      [Ext Root Scanning (ms): Min: 0.0, Avg: 2.2, Max: 4.5, Diff: 4.5, Sum: 17.3]
      [Update RS (ms): Min: 0.0, Avg: 2.8, Max: 5.5, Diff: 5.5, Sum: 22.3]
         [Processed Buffers: Min: 0, Avg: 6.9, Max: 27, Diff: 27, Sum: 55]
      [Scan RS (ms): Min: 0.1, Avg: 2.2, Max: 3.6, Diff: 3.5, Sum: 17.6]
      [Code Root Scanning (ms): Min: 0.0, Avg: 0.0, Max: 0.0, Diff: 0.0, Sum: 0.0]
      [Object Copy (ms): Min: 11.0, Avg: 11.2, Max: 11.5, Diff: 0.5, Sum: 89.3]
      [Termination (ms): Min: 0.0, Avg: 0.0, Max: 0.1, Diff: 0.1, Sum: 0.3]
         [Termination Attempts: Min: 1, Avg: 1.9, Max: 3, Diff: 2, Sum: 15]
      [GC Worker Other (ms): Min: 0.0, Avg: 0.0, Max: 0.0, Diff: 0.0, Sum: 0.2]
      [GC Worker Total (ms): Min: 17.1, Avg: 18.4, Max: 18.8, Diff: 1.7, Sum: 147.0]
      [GC Worker End (ms): Min: 57489949.9, Avg: 57489949.9, Max: 57489950.0, Diff: 0.1]
   [Code Root Fixup: 0.1 ms]
   [Code Root Purge: 0.0 ms]
   [Clear CT: 0.1 ms]
   [Other: 1.5 ms]
      [Choose CSet: 0.0 ms]
      [Ref Proc: 0.2 ms]
      [Ref Enq: 0.0 ms]
      [Redirty Cards: 0.1 ms]
      [Humongous Register: 0.2 ms]
      [Humongous Reclaim: 0.0 ms]
      [Free CSet: 0.1 ms]
   [Eden: 63.0M(63.0M)->0.0B(69.0M) Survivors: 8192.0K->7168.0K Heap: 282.3M(1024.0M)->219.1M(1024.0M)]
 [Times: user=0.06 sys=0.01, real=0.02 secs] 
2021-04-24T02:25:22.180+0800: 57511.854: [GC pause (G1 Evacuation Pause) (young), 0.0197780 secs]
   [Parallel Time: 18.5 ms, GC Workers: 8]
      [GC Worker Start (ms): Min: 57511854.3, Avg: 57511856.8, Max: 57511864.3, Diff: 10.0]
      [Ext Root Scanning (ms): Min: 0.0, Avg: 2.9, Max: 9.3, Diff: 9.3, Sum: 23.2]
      [Update RS (ms): Min: 0.0, Avg: 1.7, Max: 4.3, Diff: 4.3, Sum: 13.6]
         [Processed Buffers: Min: 0, Avg: 6.4, Max: 32, Diff: 32, Sum: 51]
      [Scan RS (ms): Min: 0.0, Avg: 2.0, Max: 3.6, Diff: 3.6, Sum: 16.2]
      [Code Root Scanning (ms): Min: 0.0, Avg: 0.0, Max: 0.0, Diff: 0.0, Sum: 0.0]
      [Object Copy (ms): Min: 8.1, Avg: 9.0, Max: 9.5, Diff: 1.4, Sum: 72.2]
      [Termination (ms): Min: 0.0, Avg: 0.2, Max: 0.3, Diff: 0.3, Sum: 1.8]
         [Termination Attempts: Min: 1, Avg: 3.5, Max: 6, Diff: 5, Sum: 28]
      [GC Worker Other (ms): Min: 0.0, Avg: 0.0, Max: 0.0, Diff: 0.0, Sum: 0.2]
      [GC Worker Total (ms): Min: 8.4, Avg: 15.9, Max: 18.4, Diff: 10.0, Sum: 127.2]
      [GC Worker End (ms): Min: 57511872.7, Avg: 57511872.7, Max: 57511872.8, Diff: 0.0]
   [Code Root Fixup: 0.0 ms]
   [Code Root Purge: 0.0 ms]
   [Clear CT: 0.1 ms]
   [Other: 1.1 ms]
      [Choose CSet: 0.0 ms]
      [Ref Proc: 0.2 ms]
      [Ref Enq: 0.0 ms]
      [Redirty Cards: 0.1 ms]
      [Humongous Register: 0.2 ms]
      [Humongous Reclaim: 0.0 ms]
      [Free CSet: 0.1 ms]
   [Eden: 44.0M(44.0M)->0.0B(69.0M) Survivors: 7168.0K->7168.0K Heap: 263.1M(1024.0M)->220.9M(1024.0M)]
 [Times: user=0.06 sys=0.01, real=0.02 secs] 
2021-04-24T02:25:44.111+0800: 57533.785: [GC pause (G1 Evacuation Pause) (young), 0.0170459 secs]
   [Parallel Time: 15.6 ms, GC Workers: 8]
      [GC Worker Start (ms): Min: 57533785.3, Avg: 57533788.9, Max: 57533794.7, Diff: 9.4]
      [Ext Root Scanning (ms): Min: 0.0, Avg: 1.6, Max: 5.5, Diff: 5.5, Sum: 12.5]
      [Update RS (ms): Min: 0.0, Avg: 1.7, Max: 4.5, Diff: 4.5, Sum: 13.4]
         [Processed Buffers: Min: 0, Avg: 6.9, Max: 24, Diff: 24, Sum: 55]
      [Scan RS (ms): Min: 0.0, Avg: 2.3, Max: 4.0, Diff: 3.9, Sum: 18.5]
      [Code Root Scanning (ms): Min: 0.0, Avg: 0.0, Max: 0.0, Diff: 0.0, Sum: 0.0]
      [Object Copy (ms): Min: 6.0, Avg: 6.2, Max: 6.3, Diff: 0.4, Sum: 49.4]
      [Termination (ms): Min: 0.0, Avg: 0.1, Max: 0.1, Diff: 0.1, Sum: 0.6]
         [Termination Attempts: Min: 1, Avg: 43.9, Max: 81, Diff: 80, Sum: 351]
      [GC Worker Other (ms): Min: 0.0, Avg: 0.0, Max: 0.0, Diff: 0.0, Sum: 0.2]
      [GC Worker Total (ms): Min: 6.1, Avg: 11.8, Max: 15.5, Diff: 9.3, Sum: 94.6]
      [GC Worker End (ms): Min: 57533800.7, Avg: 57533800.8, Max: 57533800.8, Diff: 0.1]
   [Code Root Fixup: 0.0 ms]
   [Code Root Purge: 0.0 ms]
   [Clear CT: 0.1 ms]
   [Other: 1.4 ms]
      [Choose CSet: 0.0 ms]
      [Ref Proc: 0.3 ms]
      [Ref Enq: 0.0 ms]
      [Redirty Cards: 0.1 ms]
      [Humongous Register: 0.2 ms]
      [Humongous Reclaim: 0.0 ms]
      [Free CSet: 0.1 ms]
   [Eden: 44.0M(44.0M)->0.0B(113.0M) Survivors: 7168.0K->5120.0K Heap: 264.9M(1024.0M)->220.8M(1024.0M)]
 [Times: user=0.05 sys=0.01, real=0.01 secs] 
2021-04-24T02:26:13.720+0800: 57563.393: [GC pause (G1 Evacuation Pause) (young), 0.0183023 secs]
   [Parallel Time: 16.5 ms, GC Workers: 8]
      [GC Worker Start (ms): Min: 57563393.9, Avg: 57563394.9, Max: 57563400.2, Diff: 6.3]
      [Ext Root Scanning (ms): Min: 0.0, Avg: 6.1, Max: 16.2, Diff: 16.2, Sum: 49.1]
      [Update RS (ms): Min: 0.0, Avg: 1.4, Max: 3.3, Diff: 3.3, Sum: 11.5]
         [Processed Buffers: Min: 0, Avg: 6.1, Max: 20, Diff: 20, Sum: 49]
      [Scan RS (ms): Min: 0.0, Avg: 1.6, Max: 4.2, Diff: 4.2, Sum: 12.9]
      [Code Root Scanning (ms): Min: 0.0, Avg: 0.0, Max: 0.0, Diff: 0.0, Sum: 0.0]
      [Object Copy (ms): Min: 0.0, Avg: 5.7, Max: 8.8, Diff: 8.7, Sum: 45.4]
      [Termination (ms): Min: 0.0, Avg: 0.5, Max: 0.6, Diff: 0.6, Sum: 4.2]
         [Termination Attempts: Min: 1, Avg: 15.2, Max: 38, Diff: 37, Sum: 122]
      [GC Worker Other (ms): Min: 0.0, Avg: 0.0, Max: 0.0, Diff: 0.0, Sum: 0.2]
      [GC Worker Total (ms): Min: 10.1, Avg: 15.4, Max: 16.3, Diff: 6.2, Sum: 123.2]
      [GC Worker End (ms): Min: 57563410.2, Avg: 57563410.3, Max: 57563410.3, Diff: 0.1]
   [Code Root Fixup: 0.0 ms]
   [Code Root Purge: 0.0 ms]
   [Clear CT: 0.1 ms]
   [Other: 1.7 ms]
      [Choose CSet: 0.0 ms]
      [Ref Proc: 0.4 ms]
      [Ref Enq: 0.0 ms]
      [Redirty Cards: 0.1 ms]
      [Humongous Register: 0.2 ms]
      [Humongous Reclaim: 0.0 ms]
      [Free CSet: 0.1 ms]
   [Eden: 59.0M(46.0M)->0.0B(108.0M) Survivors: 5120.0K->7168.0K Heap: 279.8M(1024.0M)->223.0M(1024.0M)]
 [Times: user=0.06 sys=0.00, real=0.01 secs] 
2021-04-24T02:27:07.845+0800: 57617.519: [GC pause (G1 Evacuation Pause) (young), 0.0218703 secs]
   [Parallel Time: 20.1 ms, GC Workers: 8]
      [GC Worker Start (ms): Min: 57617519.5, Avg: 57617520.4, Max: 57617524.1, Diff: 4.6]
      [Ext Root Scanning (ms): Min: 0.0, Avg: 2.1, Max: 6.8, Diff: 6.8, Sum: 16.8]
      [Update RS (ms): Min: 0.0, Avg: 1.6, Max: 3.9, Diff: 3.9, Sum: 12.7]
         [Processed Buffers: Min: 0, Avg: 6.4, Max: 17, Diff: 17, Sum: 51]
      [Scan RS (ms): Min: 0.0, Avg: 1.9, Max: 2.7, Diff: 2.7, Sum: 14.8]
      [Code Root Scanning (ms): Min: 0.0, Avg: 0.0, Max: 0.0, Diff: 0.0, Sum: 0.0]
      [Object Copy (ms): Min: 12.9, Avg: 13.5, Max: 17.1, Diff: 4.2, Sum: 108.0]
      [Termination (ms): Min: 0.0, Avg: 0.1, Max: 0.1, Diff: 0.1, Sum: 0.5]
         [Termination Attempts: Min: 1, Avg: 3.5, Max: 8, Diff: 7, Sum: 28]
      [GC Worker Other (ms): Min: 0.0, Avg: 0.0, Max: 0.0, Diff: 0.0, Sum: 0.2]
      [GC Worker Total (ms): Min: 15.4, Avg: 19.1, Max: 20.0, Diff: 4.6, Sum: 153.0]
      [GC Worker End (ms): Min: 57617539.5, Avg: 57617539.5, Max: 57617539.6, Diff: 0.0]
   [Code Root Fixup: 0.0 ms]
   [Code Root Purge: 0.0 ms]
   [Clear CT: 0.2 ms]
   [Other: 1.6 ms]
      [Choose CSet: 0.0 ms]
      [Ref Proc: 0.8 ms]
      [Ref Enq: 0.0 ms]
      [Redirty Cards: 0.1 ms]
      [Humongous Register: 0.1 ms]
      [Humongous Reclaim: 0.0 ms]
      [Free CSet: 0.3 ms]
   [Eden: 108.0M(108.0M)->0.0B(92.0M) Survivors: 7168.0K->8192.0K Heap: 331.0M(1024.0M)->223.9M(1024.0M)]
 [Times: user=0.06 sys=0.02, real=0.02 secs] 
2021-04-24T02:27:54.365+0800: 57664.039: [GC pause (G1 Evacuation Pause) (young), 0.0203649 secs]
   [Parallel Time: 18.9 ms, GC Workers: 8]
      [GC Worker Start (ms): Min: 57664040.0, Avg: 57664040.9, Max: 57664046.3, Diff: 6.3]
      [Ext Root Scanning (ms): Min: 0.0, Avg: 4.8, Max: 12.6, Diff: 12.5, Sum: 38.7]
      [Update RS (ms): Min: 0.0, Avg: 2.7, Max: 6.9, Diff: 6.9, Sum: 21.9]
         [Processed Buffers: Min: 0, Avg: 5.8, Max: 23, Diff: 23, Sum: 46]
      [Scan RS (ms): Min: 0.1, Avg: 2.6, Max: 4.5, Diff: 4.5, Sum: 20.5]
      [Code Root Scanning (ms): Min: 0.0, Avg: 0.0, Max: 0.0, Diff: 0.0, Sum: 0.0]
      [Object Copy (ms): Min: 5.8, Avg: 7.7, Max: 16.1, Diff: 10.3, Sum: 61.4]
      [Termination (ms): Min: 0.0, Avg: 0.1, Max: 0.1, Diff: 0.1, Sum: 0.5]
         [Termination Attempts: Min: 1, Avg: 24.2, Max: 46, Diff: 45, Sum: 194]
      [GC Worker Other (ms): Min: 0.0, Avg: 0.0, Max: 0.0, Diff: 0.0, Sum: 0.2]
      [GC Worker Total (ms): Min: 12.6, Avg: 17.9, Max: 18.9, Diff: 6.3, Sum: 143.3]
      [GC Worker End (ms): Min: 57664058.8, Avg: 57664058.8, Max: 57664058.9, Diff: 0.1]
   [Code Root Fixup: 0.0 ms]
   [Code Root Purge: 0.0 ms]
   [Clear CT: 0.1 ms]
   [Other: 1.3 ms]
      [Choose CSet: 0.0 ms]
      [Ref Proc: 0.3 ms]
      [Ref Enq: 0.0 ms]
      [Redirty Cards: 0.1 ms]
      [Humongous Register: 0.2 ms]
      [Humongous Reclaim: 0.0 ms]
      [Free CSet: 0.1 ms]
   [Eden: 92.0M(92.0M)->0.0B(76.0M) Survivors: 8192.0K->11.0M Heap: 315.9M(1024.0M)->226.6M(1024.0M)]
 [Times: user=0.09 sys=0.00, real=0.02 secs] 
2021-04-24T02:28:14.278+0800: 57683.952: [GC pause (G1 Evacuation Pause) (young), 0.0533263 secs]
   [Parallel Time: 51.9 ms, GC Workers: 8]
      [GC Worker Start (ms): Min: 57683953.0, Avg: 57683953.2, Max: 57683953.8, Diff: 0.8]
      [Ext Root Scanning (ms): Min: 0.5, Avg: 5.6, Max: 10.0, Diff: 9.5, Sum: 44.6]
      [Update RS (ms): Min: 0.0, Avg: 2.5, Max: 7.0, Diff: 7.0, Sum: 19.8]
         [Processed Buffers: Min: 0, Avg: 6.1, Max: 28, Diff: 28, Sum: 49]
      [Scan RS (ms): Min: 0.4, Avg: 2.1, Max: 4.2, Diff: 3.8, Sum: 16.5]
      [Code Root Scanning (ms): Min: 0.0, Avg: 0.0, Max: 0.0, Diff: 0.0, Sum: 0.0]
      [Object Copy (ms): Min: 41.0, Avg: 41.1, Max: 41.3, Diff: 0.2, Sum: 329.0]
      [Termination (ms): Min: 0.0, Avg: 0.3, Max: 0.3, Diff: 0.3, Sum: 2.1]
         [Termination Attempts: Min: 1, Avg: 4.2, Max: 9, Diff: 8, Sum: 34]
      [GC Worker Other (ms): Min: 0.0, Avg: 0.0, Max: 0.0, Diff: 0.0, Sum: 0.2]
      [GC Worker Total (ms): Min: 51.0, Avg: 51.5, Max: 51.8, Diff: 0.8, Sum: 412.3]
      [GC Worker End (ms): Min: 57684004.7, Avg: 57684004.7, Max: 57684004.8, Diff: 0.0]
   [Code Root Fixup: 0.0 ms]
   [Code Root Purge: 0.0 ms]
   [Clear CT: 0.1 ms]
   [Other: 1.4 ms]
      [Choose CSet: 0.0 ms]
      [Ref Proc: 0.3 ms]
      [Ref Enq: 0.0 ms]
      [Redirty Cards: 0.1 ms]
      [Humongous Register: 0.2 ms]
      [Humongous Reclaim: 0.0 ms]
      [Free CSet: 0.1 ms]
   [Eden: 40.0M(40.0M)->0.0B(44.0M) Survivors: 11.0M->7168.0K Heap: 266.6M(1024.0M)->225.4M(1024.0M)]
 [Times: user=0.08 sys=0.03, real=0.06 secs] 
2021-04-24T02:28:36.436+0800: 57706.110: [GC pause (G1 Evacuation Pause) (young), 0.0219242 secs]
   [Parallel Time: 19.8 ms, GC Workers: 8]
      [GC Worker Start (ms): Min: 57706110.8, Avg: 57706113.9, Max: 57706122.4, Diff: 11.7]
      [Ext Root Scanning (ms): Min: 0.0, Avg: 3.8, Max: 16.7, Diff: 16.7, Sum: 30.5]
      [Update RS (ms): Min: 0.0, Avg: 2.2, Max: 4.7, Diff: 4.7, Sum: 17.7]
         [Processed Buffers: Min: 0, Avg: 6.6, Max: 29, Diff: 29, Sum: 53]
      [Scan RS (ms): Min: 0.0, Avg: 3.3, Max: 6.0, Diff: 6.0, Sum: 26.4]
      [Code Root Scanning (ms): Min: 0.0, Avg: 0.0, Max: 0.0, Diff: 0.0, Sum: 0.0]
      [Object Copy (ms): Min: 2.5, Avg: 6.8, Max: 7.8, Diff: 5.3, Sum: 54.7]
      [Termination (ms): Min: 0.0, Avg: 0.3, Max: 0.4, Diff: 0.4, Sum: 2.8]
         [Termination Attempts: Min: 1, Avg: 7.1, Max: 10, Diff: 9, Sum: 57]
      [GC Worker Other (ms): Min: 0.0, Avg: 0.0, Max: 0.0, Diff: 0.0, Sum: 0.2]
      [GC Worker Total (ms): Min: 7.9, Avg: 16.5, Max: 19.7, Diff: 11.7, Sum: 132.3]
      [GC Worker End (ms): Min: 57706130.4, Avg: 57706130.4, Max: 57706130.4, Diff: 0.0]
   [Code Root Fixup: 0.0 ms]
   [Code Root Purge: 0.0 ms]
   [Clear CT: 0.1 ms]
   [Other: 2.0 ms]
      [Choose CSet: 0.0 ms]
      [Ref Proc: 0.7 ms]
      [Ref Enq: 0.0 ms]
      [Redirty Cards: 0.2 ms]
      [Humongous Register: 0.3 ms]
      [Humongous Reclaim: 0.0 ms]
      [Free CSet: 0.1 ms]
   [Eden: 44.0M(44.0M)->0.0B(44.0M) Survivors: 7168.0K->7168.0K Heap: 269.4M(1024.0M)->227.7M(1024.0M)]
 [Times: user=0.08 sys=0.01, real=0.02 secs] 
2021-04-24T02:28:58.631+0800: 57728.305: [GC pause (G1 Evacuation Pause) (young), 0.0254427 secs]
   [Parallel Time: 23.9 ms, GC Workers: 8]
      [GC Worker Start (ms): Min: 57728305.1, Avg: 57728305.9, Max: 57728310.5, Diff: 5.4]
      [Ext Root Scanning (ms): Min: 0.0, Avg: 0.9, Max: 2.0, Diff: 2.0, Sum: 7.1]
      [Update RS (ms): Min: 0.0, Avg: 2.5, Max: 6.8, Diff: 6.8, Sum: 20.4]
         [Processed Buffers: Min: 0, Avg: 6.2, Max: 34, Diff: 34, Sum: 50]
      [Scan RS (ms): Min: 0.0, Avg: 2.0, Max: 4.1, Diff: 4.1, Sum: 16.2]
      [Code Root Scanning (ms): Min: 0.0, Avg: 0.0, Max: 0.0, Diff: 0.0, Sum: 0.0]
      [Object Copy (ms): Min: 16.3, Avg: 17.5, Max: 21.6, Diff: 5.4, Sum: 139.7]
      [Termination (ms): Min: 0.0, Avg: 0.1, Max: 0.1, Diff: 0.1, Sum: 0.6]
         [Termination Attempts: Min: 1, Avg: 1.5, Max: 4, Diff: 3, Sum: 12]
      [GC Worker Other (ms): Min: 0.0, Avg: 0.0, Max: 0.0, Diff: 0.0, Sum: 0.1]
      [GC Worker Total (ms): Min: 18.4, Avg: 23.0, Max: 23.8, Diff: 5.4, Sum: 184.1]
      [GC Worker End (ms): Min: 57728328.9, Avg: 57728328.9, Max: 57728328.9, Diff: 0.0]
   [Code Root Fixup: 0.0 ms]
   [Code Root Purge: 0.0 ms]
   [Clear CT: 0.1 ms]
   [Other: 1.4 ms]
      [Choose CSet: 0.0 ms]
      [Ref Proc: 0.3 ms]
      [Ref Enq: 0.0 ms]
      [Redirty Cards: 0.1 ms]
      [Humongous Register: 0.1 ms]
      [Humongous Reclaim: 0.0 ms]
      [Free CSet: 0.2 ms]
   [Eden: 44.0M(44.0M)->0.0B(46.0M) Survivors: 7168.0K->5120.0K Heap: 271.7M(1024.0M)->227.4M(1024.0M)]
 [Times: user=0.06 sys=0.01, real=0.02 secs] 
2021-04-24T02:29:21.418+0800: 57751.092: [GC pause (G1 Evacuation Pause) (young), 0.0091500 secs]
   [Parallel Time: 8.4 ms, GC Workers: 8]
      [GC Worker Start (ms): Min: 57751092.5, Avg: 57751093.7, Max: 57751097.1, Diff: 4.6]
      [Ext Root Scanning (ms): Min: 0.0, Avg: 1.1, Max: 3.9, Diff: 3.9, Sum: 9.0]
      [Update RS (ms): Min: 0.0, Avg: 1.4, Max: 3.3, Diff: 3.3, Sum: 11.0]
         [Processed Buffers: Min: 0, Avg: 6.1, Max: 21, Diff: 21, Sum: 49]
      [Scan RS (ms): Min: 0.7, Avg: 1.2, Max: 1.8, Diff: 1.1, Sum: 10.0]
      [Code Root Scanning (ms): Min: 0.0, Avg: 0.0, Max: 0.0, Diff: 0.0, Sum: 0.0]
      [Object Copy (ms): Min: 2.7, Avg: 3.3, Max: 5.8, Diff: 3.1, Sum: 26.1]
      [Termination (ms): Min: 0.0, Avg: 0.0, Max: 0.0, Diff: 0.0, Sum: 0.0]
         [Termination Attempts: Min: 1, Avg: 1.0, Max: 1, Diff: 0, Sum: 8]
      [GC Worker Other (ms): Min: 0.0, Avg: 0.0, Max: 0.1, Diff: 0.0, Sum: 0.2]
      [GC Worker Total (ms): Min: 3.7, Avg: 7.0, Max: 8.3, Diff: 4.6, Sum: 56.4]
      [GC Worker End (ms): Min: 57751100.8, Avg: 57751100.8, Max: 57751100.8, Diff: 0.0]
   [Code Root Fixup: 0.0 ms]
   [Code Root Purge: 0.0 ms]
   [Clear CT: 0.1 ms]
   [Other: 0.7 ms]
      [Choose CSet: 0.0 ms]
      [Ref Proc: 0.1 ms]
      [Ref Enq: 0.0 ms]
      [Redirty Cards: 0.1 ms]
      [Humongous Register: 0.1 ms]
      [Humongous Reclaim: 0.0 ms]
      [Free CSet: 0.0 ms]
   [Eden: 46.0M(46.0M)->0.0B(45.0M) Survivors: 5120.0K->6144.0K Heap: 273.4M(1024.0M)->227.9M(1024.0M)]
 [Times: user=0.04 sys=0.01, real=0.01 secs] 
2021-04-24T02:29:42.783+0800: 57772.457: [GC pause (G1 Evacuation Pause) (young), 0.0178212 secs]
   [Parallel Time: 16.4 ms, GC Workers: 8]
      [GC Worker Start (ms): Min: 57772457.0, Avg: 57772457.3, Max: 57772458.3, Diff: 1.3]
      [Ext Root Scanning (ms): Min: 0.0, Avg: 4.0, Max: 8.6, Diff: 8.6, Sum: 32.0]
      [Update RS (ms): Min: 0.0, Avg: 2.3, Max: 6.1, Diff: 6.1, Sum: 18.7]
         [Processed Buffers: Min: 0, Avg: 5.4, Max: 24, Diff: 24, Sum: 43]
      [Scan RS (ms): Min: 0.4, Avg: 1.8, Max: 2.9, Diff: 2.5, Sum: 14.4]
      [Code Root Scanning (ms): Min: 0.0, Avg: 0.0, Max: 0.0, Diff: 0.0, Sum: 0.0]
      [Object Copy (ms): Min: 6.6, Avg: 7.8, Max: 14.3, Diff: 7.7, Sum: 62.3]
      [Termination (ms): Min: 0.0, Avg: 0.1, Max: 0.1, Diff: 0.1, Sum: 0.5]
         [Termination Attempts: Min: 1, Avg: 1.8, Max: 3, Diff: 2, Sum: 14]
      [GC Worker Other (ms): Min: 0.0, Avg: 0.0, Max: 0.0, Diff: 0.0, Sum: 0.2]
      [GC Worker Total (ms): Min: 15.0, Avg: 16.0, Max: 16.3, Diff: 1.3, Sum: 128.0]
      [GC Worker End (ms): Min: 57772473.3, Avg: 57772473.3, Max: 57772473.3, Diff: 0.0]
   [Code Root Fixup: 0.0 ms]
   [Code Root Purge: 0.0 ms]
   [Clear CT: 0.1 ms]
   [Other: 1.3 ms]
      [Choose CSet: 0.0 ms]
      [Ref Proc: 0.2 ms]
      [Ref Enq: 0.0 ms]
      [Redirty Cards: 0.1 ms]
      [Humongous Register: 0.1 ms]
      [Humongous Reclaim: 0.0 ms]
      [Free CSet: 0.1 ms]
   [Eden: 45.0M(45.0M)->0.0B(44.0M) Survivors: 6144.0K->7168.0K Heap: 272.9M(1024.0M)->230.7M(1024.0M)]
 [Times: user=0.06 sys=0.01, real=0.02 secs] 
2021-04-24T02:30:04.789+0800: 57794.463: [GC pause (G1 Evacuation Pause) (young), 0.0218084 secs]
   [Parallel Time: 20.5 ms, GC Workers: 8]
      [GC Worker Start (ms): Min: 57794463.2, Avg: 57794466.3, Max: 57794473.6, Diff: 10.4]
      [Ext Root Scanning (ms): Min: 0.0, Avg: 1.9, Max: 9.9, Diff: 9.9, Sum: 15.4]
      [Update RS (ms): Min: 0.0, Avg: 2.2, Max: 8.7, Diff: 8.7, Sum: 17.3]
         [Processed Buffers: Min: 0, Avg: 5.5, Max: 20, Diff: 20, Sum: 44]
      [Scan RS (ms): Min: 0.0, Avg: 3.0, Max: 6.6, Diff: 6.5, Sum: 24.2]
      [Code Root Scanning (ms): Min: 0.0, Avg: 0.0, Max: 0.0, Diff: 0.0, Sum: 0.0]
      [Object Copy (ms): Min: 9.5, Avg: 10.1, Max: 10.4, Diff: 0.9, Sum: 80.6]
      [Termination (ms): Min: 0.0, Avg: 0.2, Max: 0.3, Diff: 0.3, Sum: 1.2]
         [Termination Attempts: Min: 1, Avg: 1.6, Max: 4, Diff: 3, Sum: 13]
      [GC Worker Other (ms): Min: 0.0, Avg: 0.0, Max: 0.0, Diff: 0.0, Sum: 0.1]
      [GC Worker Total (ms): Min: 10.1, Avg: 17.4, Max: 20.5, Diff: 10.4, Sum: 138.8]
      [GC Worker End (ms): Min: 57794483.7, Avg: 57794483.7, Max: 57794483.7, Diff: 0.0]
   [Code Root Fixup: 0.0 ms]
   [Code Root Purge: 0.0 ms]
   [Clear CT: 0.1 ms]
   [Other: 1.2 ms]
      [Choose CSet: 0.0 ms]
      [Ref Proc: 0.2 ms]
      [Ref Enq: 0.0 ms]
      [Redirty Cards: 0.1 ms]
      [Humongous Register: 0.1 ms]
      [Humongous Reclaim: 0.0 ms]
      [Free CSet: 0.1 ms]
   [Eden: 44.0M(44.0M)->0.0B(45.0M) Survivors: 7168.0K->6144.0K Heap: 274.7M(1024.0M)->232.8M(1024.0M)]
 [Times: user=0.07 sys=0.02, real=0.03 secs] 
2021-04-24T02:30:27.355+0800: 57817.029: [GC pause (G1 Evacuation Pause) (young), 0.0152238 secs]
   [Parallel Time: 13.6 ms, GC Workers: 8]
      [GC Worker Start (ms): Min: 57817029.2, Avg: 57817030.7, Max: 57817034.7, Diff: 5.4]
      [Ext Root Scanning (ms): Min: 0.0, Avg: 2.1, Max: 13.1, Diff: 13.1, Sum: 17.0]
      [Update RS (ms): Min: 0.0, Avg: 0.9, Max: 1.9, Diff: 1.9, Sum: 7.2]
         [Processed Buffers: Min: 0, Avg: 6.4, Max: 28, Diff: 28, Sum: 51]
      [Scan RS (ms): Min: 0.0, Avg: 2.1, Max: 4.6, Diff: 4.6, Sum: 17.2]
      [Code Root Scanning (ms): Min: 0.0, Avg: 0.0, Max: 0.0, Diff: 0.0, Sum: 0.0]
      [Object Copy (ms): Min: 0.0, Avg: 6.2, Max: 10.8, Diff: 10.8, Sum: 49.2]
      [Termination (ms): Min: 0.0, Avg: 0.7, Max: 0.8, Diff: 0.8, Sum: 5.5]
         [Termination Attempts: Min: 1, Avg: 1.6, Max: 3, Diff: 2, Sum: 13]
      [GC Worker Other (ms): Min: 0.0, Avg: 0.0, Max: 0.1, Diff: 0.1, Sum: 0.2]
      [GC Worker Total (ms): Min: 8.1, Avg: 12.0, Max: 13.6, Diff: 5.5, Sum: 96.4]
      [GC Worker End (ms): Min: 57817042.6, Avg: 57817042.8, Max: 57817042.8, Diff: 0.2]
   [Code Root Fixup: 0.4 ms]
   [Code Root Purge: 0.0 ms]
   [Clear CT: 0.1 ms]
   [Other: 1.1 ms]
      [Choose CSet: 0.0 ms]
      [Ref Proc: 0.3 ms]
      [Ref Enq: 0.0 ms]
      [Redirty Cards: 0.1 ms]
      [Humongous Register: 0.1 ms]
      [Humongous Reclaim: 0.0 ms]
      [Free CSet: 0.1 ms]
   [Eden: 45.0M(45.0M)->0.0B(48.0M) Survivors: 6144.0K->5120.0K Heap: 277.8M(1024.0M)->231.5M(1024.0M)]
 [Times: user=0.04 sys=0.00, real=0.02 secs] 
2021-04-24T02:30:51.540+0800: 57841.214: [GC pause (G1 Evacuation Pause) (young), 0.0160579 secs]
   [Parallel Time: 14.9 ms, GC Workers: 8]
      [GC Worker Start (ms): Min: 57841214.8, Avg: 57841217.1, Max: 57841225.1, Diff: 10.4]
      [Ext Root Scanning (ms): Min: 0.0, Avg: 2.9, Max: 14.7, Diff: 14.7, Sum: 23.5]
      [Update RS (ms): Min: 0.0, Avg: 0.8, Max: 2.2, Diff: 2.2, Sum: 6.6]
         [Processed Buffers: Min: 0, Avg: 6.1, Max: 19, Diff: 19, Sum: 49]
      [Scan RS (ms): Min: 0.0, Avg: 1.8, Max: 3.6, Diff: 3.6, Sum: 14.5]
      [Code Root Scanning (ms): Min: 0.0, Avg: 0.0, Max: 0.0, Diff: 0.0, Sum: 0.0]
      [Object Copy (ms): Min: 0.0, Avg: 6.4, Max: 8.1, Diff: 8.1, Sum: 51.5]
      [Termination (ms): Min: 0.0, Avg: 0.5, Max: 0.6, Diff: 0.6, Sum: 3.7]
         [Termination Attempts: Min: 1, Avg: 1.4, Max: 2, Diff: 1, Sum: 11]
      [GC Worker Other (ms): Min: 0.0, Avg: 0.0, Max: 0.0, Diff: 0.0, Sum: 0.1]
      [GC Worker Total (ms): Min: 4.4, Avg: 12.5, Max: 14.8, Diff: 10.4, Sum: 99.9]
      [GC Worker End (ms): Min: 57841229.6, Avg: 57841229.6, Max: 57841229.6, Diff: 0.0]
   [Code Root Fixup: 0.0 ms]
   [Code Root Purge: 0.0 ms]
   [Clear CT: 0.1 ms]
   [Other: 1.0 ms]
      [Choose CSet: 0.0 ms]
      [Ref Proc: 0.3 ms]
      [Ref Enq: 0.0 ms]
      [Redirty Cards: 0.1 ms]
      [Humongous Register: 0.1 ms]
      [Humongous Reclaim: 0.0 ms]
      [Free CSet: 0.1 ms]
   [Eden: 48.0M(48.0M)->0.0B(56.0M) Survivors: 5120.0K->7168.0K Heap: 279.5M(1024.0M)->233.5M(1024.0M)]
 [Times: user=0.05 sys=0.00, real=0.01 secs] 
2021-04-24T02:31:19.626+0800: 57869.300: [GC pause (G1 Evacuation Pause) (young), 0.0177536 secs]
   [Parallel Time: 16.0 ms, GC Workers: 8]
      [GC Worker Start (ms): Min: 57869300.8, Avg: 57869301.5, Max: 57869305.1, Diff: 4.2]
      [Ext Root Scanning (ms): Min: 0.0, Avg: 1.9, Max: 6.8, Diff: 6.8, Sum: 15.2]
      [Update RS (ms): Min: 0.0, Avg: 0.8, Max: 1.8, Diff: 1.8, Sum: 6.6]
         [Processed Buffers: Min: 0, Avg: 5.4, Max: 14, Diff: 14, Sum: 43]
      [Scan RS (ms): Min: 0.0, Avg: 1.4, Max: 3.4, Diff: 3.4, Sum: 11.1]
      [Code Root Scanning (ms): Min: 0.0, Avg: 0.0, Max: 0.0, Diff: 0.0, Sum: 0.0]
      [Object Copy (ms): Min: 8.9, Avg: 11.0, Max: 15.0, Diff: 6.1, Sum: 87.8]
      [Termination (ms): Min: 0.0, Avg: 0.1, Max: 0.1, Diff: 0.1, Sum: 0.4]
         [Termination Attempts: Min: 1, Avg: 1.9, Max: 4, Diff: 3, Sum: 15]
      [GC Worker Other (ms): Min: 0.0, Avg: 0.0, Max: 0.0, Diff: 0.0, Sum: 0.1]
      [GC Worker Total (ms): Min: 11.7, Avg: 15.2, Max: 15.9, Diff: 4.2, Sum: 121.3]
      [GC Worker End (ms): Min: 57869316.7, Avg: 57869316.7, Max: 57869316.7, Diff: 0.0]
   [Code Root Fixup: 0.0 ms]
   [Code Root Purge: 0.0 ms]
   [Clear CT: 0.1 ms]
   [Other: 1.6 ms]
      [Choose CSet: 0.0 ms]
      [Ref Proc: 0.9 ms]
      [Ref Enq: 0.0 ms]
      [Redirty Cards: 0.1 ms]
      [Humongous Register: 0.1 ms]
      [Humongous Reclaim: 0.0 ms]
      [Free CSet: 0.1 ms]
   [Eden: 56.0M(56.0M)->0.0B(58.0M) Survivors: 7168.0K->6144.0K Heap: 289.5M(1024.0M)->232.3M(1024.0M)]
 [Times: user=0.05 sys=0.01, real=0.02 secs] 
2021-04-24T02:31:48.629+0800: 57898.303: [GC pause (G1 Evacuation Pause) (young), 0.0159471 secs]
   [Parallel Time: 14.0 ms, GC Workers: 8]
      [GC Worker Start (ms): Min: 57898303.6, Avg: 57898306.3, Max: 57898314.8, Diff: 11.2]
      [Ext Root Scanning (ms): Min: 0.0, Avg: 2.4, Max: 8.8, Diff: 8.8, Sum: 18.8]
      [Update RS (ms): Min: 0.0, Avg: 0.8, Max: 1.9, Diff: 1.9, Sum: 6.8]
         [Processed Buffers: Min: 0, Avg: 5.8, Max: 15, Diff: 15, Sum: 46]
      [Scan RS (ms): Min: 0.0, Avg: 2.2, Max: 4.8, Diff: 4.8, Sum: 17.9]
      [Code Root Scanning (ms): Min: 0.0, Avg: 0.0, Max: 0.0, Diff: 0.0, Sum: 0.0]
      [Object Copy (ms): Min: 2.2, Avg: 5.4, Max: 6.9, Diff: 4.7, Sum: 42.9]
      [Termination (ms): Min: 0.0, Avg: 0.3, Max: 0.4, Diff: 0.4, Sum: 2.7]
         [Termination Attempts: Min: 1, Avg: 6.4, Max: 16, Diff: 15, Sum: 51]
      [GC Worker Other (ms): Min: 0.0, Avg: 0.0, Max: 0.0, Diff: 0.0, Sum: 0.1]
      [GC Worker Total (ms): Min: 2.6, Avg: 11.2, Max: 13.8, Diff: 11.2, Sum: 89.2]
      [GC Worker End (ms): Min: 57898317.4, Avg: 57898317.4, Max: 57898317.4, Diff: 0.0]
   [Code Root Fixup: 0.0 ms]
   [Code Root Purge: 0.0 ms]
   [Clear CT: 0.1 ms]
   [Other: 1.9 ms]
      [Choose CSet: 0.0 ms]
      [Ref Proc: 0.3 ms]
      [Ref Enq: 0.0 ms]
      [Redirty Cards: 0.1 ms]
      [Humongous Register: 0.1 ms]
      [Humongous Reclaim: 0.0 ms]
      [Free CSet: 0.9 ms]
   [Eden: 58.0M(58.0M)->0.0B(68.0M) Survivors: 6144.0K->7168.0K Heap: 290.3M(1024.0M)->233.2M(1024.0M)]
 [Times: user=0.05 sys=0.01, real=0.02 secs] 
2021-04-24T02:32:22.477+0800: 57932.151: [GC pause (G1 Evacuation Pause) (young), 0.0145803 secs]
   [Parallel Time: 13.2 ms, GC Workers: 8]
      [GC Worker Start (ms): Min: 57932151.2, Avg: 57932151.3, Max: 57932151.5, Diff: 0.3]
      [Ext Root Scanning (ms): Min: 0.3, Avg: 3.6, Max: 10.8, Diff: 10.5, Sum: 28.5]
      [Update RS (ms): Min: 0.0, Avg: 0.9, Max: 1.8, Diff: 1.8, Sum: 7.0]
         [Processed Buffers: Min: 0, Avg: 6.9, Max: 17, Diff: 17, Sum: 55]
      [Scan RS (ms): Min: 0.1, Avg: 2.2, Max: 10.6, Diff: 10.6, Sum: 17.5]
      [Code Root Scanning (ms): Min: 0.0, Avg: 0.0, Max: 0.0, Diff: 0.0, Sum: 0.0]
      [Object Copy (ms): Min: 0.1, Avg: 5.5, Max: 11.5, Diff: 11.5, Sum: 44.1]
      [Termination (ms): Min: 0.0, Avg: 0.8, Max: 1.0, Diff: 1.0, Sum: 6.5]
         [Termination Attempts: Min: 1, Avg: 9.0, Max: 18, Diff: 17, Sum: 72]
      [GC Worker Other (ms): Min: 0.0, Avg: 0.0, Max: 0.0, Diff: 0.0, Sum: 0.1]
      [GC Worker Total (ms): Min: 12.8, Avg: 13.0, Max: 13.1, Diff: 0.4, Sum: 103.7]
      [GC Worker End (ms): Min: 57932164.3, Avg: 57932164.3, Max: 57932164.3, Diff: 0.0]
   [Code Root Fixup: 0.0 ms]
   [Code Root Purge: 0.0 ms]
   [Clear CT: 0.2 ms]
   [Other: 1.2 ms]
      [Choose CSet: 0.0 ms]
      [Ref Proc: 0.3 ms]
      [Ref Enq: 0.0 ms]
      [Redirty Cards: 0.2 ms]
      [Humongous Register: 0.1 ms]
      [Humongous Reclaim: 0.0 ms]
      [Free CSet: 0.2 ms]
   [Eden: 68.0M(68.0M)->0.0B(86.0M) Survivors: 7168.0K->5120.0K Heap: 301.2M(1024.0M)->231.8M(1024.0M)]
 [Times: user=0.04 sys=0.00, real=0.02 secs] 
2021-04-24T02:33:05.775+0800: 57975.449: [GC pause (G1 Evacuation Pause) (young), 0.0192284 secs]
   [Parallel Time: 18.3 ms, GC Workers: 8]
      [GC Worker Start (ms): Min: 57975449.6, Avg: 57975449.9, Max: 57975450.5, Diff: 0.9]
      [Ext Root Scanning (ms): Min: 0.0, Avg: 4.3, Max: 18.2, Diff: 18.2, Sum: 34.6]
      [Update RS (ms): Min: 0.0, Avg: 1.8, Max: 3.9, Diff: 3.9, Sum: 14.6]
         [Processed Buffers: Min: 0, Avg: 6.5, Max: 21, Diff: 21, Sum: 52]
      [Scan RS (ms): Min: 0.0, Avg: 2.3, Max: 4.3, Diff: 4.3, Sum: 18.1]
      [Code Root Scanning (ms): Min: 0.0, Avg: 0.0, Max: 0.0, Diff: 0.0, Sum: 0.0]
      [Object Copy (ms): Min: 0.0, Avg: 9.4, Max: 17.3, Diff: 17.3, Sum: 75.3]
      [Termination (ms): Min: 0.0, Avg: 0.1, Max: 0.1, Diff: 0.1, Sum: 0.7]
         [Termination Attempts: Min: 1, Avg: 5.2, Max: 10, Diff: 9, Sum: 42]
      [GC Worker Other (ms): Min: 0.0, Avg: 0.0, Max: 0.0, Diff: 0.0, Sum: 0.2]
      [GC Worker Total (ms): Min: 17.4, Avg: 17.9, Max: 18.2, Diff: 0.9, Sum: 143.6]
      [GC Worker End (ms): Min: 57975467.8, Avg: 57975467.8, Max: 57975467.9, Diff: 0.0]
   [Code Root Fixup: 0.0 ms]
   [Code Root Purge: 0.0 ms]
   [Clear CT: 0.1 ms]
   [Other: 0.8 ms]
      [Choose CSet: 0.0 ms]
      [Ref Proc: 0.2 ms]
      [Ref Enq: 0.0 ms]
      [Redirty Cards: 0.1 ms]
      [Humongous Register: 0.1 ms]
      [Humongous Reclaim: 0.0 ms]
      [Free CSet: 0.1 ms]
   [Eden: 86.0M(86.0M)->0.0B(88.0M) Survivors: 5120.0K->10.0M Heap: 317.8M(1024.0M)->236.2M(1024.0M)]
 [Times: user=0.06 sys=0.00, real=0.02 secs] 
2021-04-24T02:33:50.001+0800: 58019.676: [GC pause (G1 Evacuation Pause) (young), 0.0170645 secs]
   [Parallel Time: 15.8 ms, GC Workers: 8]
      [GC Worker Start (ms): Min: 58019676.3, Avg: 58019676.4, Max: 58019676.7, Diff: 0.4]
      [Ext Root Scanning (ms): Min: 0.5, Avg: 6.0, Max: 12.3, Diff: 11.8, Sum: 48.1]
      [Update RS (ms): Min: 0.0, Avg: 1.7, Max: 4.5, Diff: 4.5, Sum: 13.3]
         [Processed Buffers: Min: 0, Avg: 6.2, Max: 21, Diff: 21, Sum: 50]
      [Scan RS (ms): Min: 0.0, Avg: 1.4, Max: 3.2, Diff: 3.2, Sum: 11.3]
      [Code Root Scanning (ms): Min: 0.0, Avg: 0.0, Max: 0.0, Diff: 0.0, Sum: 0.0]
      [Object Copy (ms): Min: 3.0, Avg: 6.4, Max: 7.7, Diff: 4.7, Sum: 51.4]
      [Termination (ms): Min: 0.0, Avg: 0.0, Max: 0.0, Diff: 0.0, Sum: 0.1]
         [Termination Attempts: Min: 1, Avg: 19.0, Max: 34, Diff: 33, Sum: 152]
      [GC Worker Other (ms): Min: 0.0, Avg: 0.1, Max: 0.1, Diff: 0.1, Sum: 0.4]
      [GC Worker Total (ms): Min: 15.3, Avg: 15.6, Max: 15.7, Diff: 0.4, Sum: 124.5]
      [GC Worker End (ms): Min: 58019692.0, Avg: 58019692.0, Max: 58019692.0, Diff: 0.1]
   [Code Root Fixup: 0.0 ms]
   [Code Root Purge: 0.0 ms]
   [Clear CT: 0.1 ms]
   [Other: 1.2 ms]
      [Choose CSet: 0.0 ms]
      [Ref Proc: 0.2 ms]
      [Ref Enq: 0.0 ms]
      [Redirty Cards: 0.1 ms]
      [Humongous Register: 0.3 ms]
      [Humongous Reclaim: 0.0 ms]
      [Free CSet: 0.1 ms]
   [Eden: 88.0M(88.0M)->0.0B(102.0M) Survivors: 10.0M->8192.0K Heap: 324.2M(1024.0M)->234.3M(1024.0M)]
 [Times: user=0.07 sys=0.01, real=0.01 secs] 
2021-04-24T02:34:41.444+0800: 58071.118: [GC pause (G1 Evacuation Pause) (young), 0.0168793 secs]
   [Parallel Time: 15.7 ms, GC Workers: 8]
      [GC Worker Start (ms): Min: 58071118.6, Avg: 58071120.8, Max: 58071130.1, Diff: 11.5]
      [Ext Root Scanning (ms): Min: 0.0, Avg: 1.8, Max: 10.7, Diff: 10.7, Sum: 14.2]
      [Update RS (ms): Min: 0.0, Avg: 1.1, Max: 2.4, Diff: 2.4, Sum: 8.9]
         [Processed Buffers: Min: 0, Avg: 6.9, Max: 16, Diff: 16, Sum: 55]
      [Scan RS (ms): Min: 0.0, Avg: 1.1, Max: 3.0, Diff: 3.0, Sum: 9.1]
      [Code Root Scanning (ms): Min: 0.0, Avg: 0.0, Max: 0.0, Diff: 0.0, Sum: 0.0]
      [Object Copy (ms): Min: 3.5, Avg: 8.9, Max: 14.3, Diff: 10.8, Sum: 70.9]
      [Termination (ms): Min: 0.0, Avg: 0.5, Max: 0.6, Diff: 0.6, Sum: 3.8]
         [Termination Attempts: Min: 1, Avg: 1.0, Max: 1, Diff: 0, Sum: 8]
      [GC Worker Other (ms): Min: 0.0, Avg: 0.0, Max: 0.1, Diff: 0.0, Sum: 0.3]
      [GC Worker Total (ms): Min: 4.1, Avg: 13.4, Max: 15.6, Diff: 11.5, Sum: 107.2]
      [GC Worker End (ms): Min: 58071134.2, Avg: 58071134.2, Max: 58071134.2, Diff: 0.0]
   [Code Root Fixup: 0.0 ms]
   [Code Root Purge: 0.0 ms]
   [Clear CT: 0.1 ms]
   [Other: 1.1 ms]
      [Choose CSet: 0.0 ms]
      [Ref Proc: 0.4 ms]
      [Ref Enq: 0.0 ms]
      [Redirty Cards: 0.1 ms]
      [Humongous Register: 0.1 ms]
      [Humongous Reclaim: 0.0 ms]
      [Free CSet: 0.1 ms]
   [Eden: 102.0M(102.0M)->0.0B(126.0M) Survivors: 8192.0K->8192.0K Heap: 336.3M(1024.0M)->234.8M(1024.0M)]
 [Times: user=0.06 sys=0.00, real=0.02 secs] 
2021-04-24T02:35:44.585+0800: 58134.259: [GC pause (G1 Evacuation Pause) (young), 0.0242763 secs]
   [Parallel Time: 21.7 ms, GC Workers: 8]
      [GC Worker Start (ms): Min: 58134260.5, Avg: 58134262.4, Max: 58134269.5, Diff: 9.0]
      [Ext Root Scanning (ms): Min: 0.0, Avg: 3.5, Max: 8.8, Diff: 8.8, Sum: 27.9]
      [Update RS (ms): Min: 0.0, Avg: 1.5, Max: 3.8, Diff: 3.8, Sum: 12.3]
         [Processed Buffers: Min: 0, Avg: 6.6, Max: 19, Diff: 19, Sum: 53]
      [Scan RS (ms): Min: 0.0, Avg: 0.8, Max: 1.7, Diff: 1.7, Sum: 6.6]
      [Code Root Scanning (ms): Min: 0.0, Avg: 0.0, Max: 0.0, Diff: 0.0, Sum: 0.0]
      [Object Copy (ms): Min: 12.5, Avg: 13.6, Max: 18.7, Diff: 6.2, Sum: 108.9]
      [Termination (ms): Min: 0.0, Avg: 0.2, Max: 0.5, Diff: 0.5, Sum: 1.8]
         [Termination Attempts: Min: 1, Avg: 1.5, Max: 2, Diff: 1, Sum: 12]
      [GC Worker Other (ms): Min: 0.0, Avg: 0.0, Max: 0.1, Diff: 0.0, Sum: 0.3]
      [GC Worker Total (ms): Min: 12.6, Avg: 19.7, Max: 21.6, Diff: 9.0, Sum: 157.9]
      [GC Worker End (ms): Min: 58134282.1, Avg: 58134282.1, Max: 58134282.1, Diff: 0.0]
   [Code Root Fixup: 0.0 ms]
   [Code Root Purge: 0.0 ms]
   [Clear CT: 0.3 ms]
   [Other: 2.3 ms]
      [Choose CSet: 0.0 ms]
      [Ref Proc: 0.4 ms]
      [Ref Enq: 0.0 ms]
      [Redirty Cards: 0.2 ms]
      [Humongous Register: 0.6 ms]
      [Humongous Reclaim: 0.0 ms]
      [Free CSet: 0.3 ms]
   [Eden: 126.0M(126.0M)->0.0B(101.0M) Survivors: 8192.0K->9216.0K Heap: 360.8M(1024.0M)->235.3M(1024.0M)]
 [Times: user=0.07 sys=0.02, real=0.03 secs] 
2021-04-24T02:36:35.558+0800: 58185.233: [GC pause (G1 Evacuation Pause) (young), 0.0171785 secs]
   [Parallel Time: 15.7 ms, GC Workers: 8]
      [GC Worker Start (ms): Min: 58185233.2, Avg: 58185235.9, Max: 58185243.3, Diff: 10.0]
      [Ext Root Scanning (ms): Min: 0.0, Avg: 2.7, Max: 9.9, Diff: 9.9, Sum: 21.8]
      [Update RS (ms): Min: 0.0, Avg: 2.5, Max: 5.1, Diff: 5.1, Sum: 19.7]
         [Processed Buffers: Min: 0, Avg: 6.6, Max: 24, Diff: 24, Sum: 53]
      [Scan RS (ms): Min: 0.0, Avg: 1.4, Max: 3.7, Diff: 3.7, Sum: 10.9]
      [Code Root Scanning (ms): Min: 0.0, Avg: 0.0, Max: 0.0, Diff: 0.0, Sum: 0.0]
      [Object Copy (ms): Min: 5.4, Avg: 6.2, Max: 7.2, Diff: 1.8, Sum: 49.9]
      [Termination (ms): Min: 0.0, Avg: 0.0, Max: 0.0, Diff: 0.0, Sum: 0.0]
         [Termination Attempts: Min: 1, Avg: 4.5, Max: 7, Diff: 6, Sum: 36]
      [GC Worker Other (ms): Min: 0.0, Avg: 0.0, Max: 0.1, Diff: 0.0, Sum: 0.3]
      [GC Worker Total (ms): Min: 5.5, Avg: 12.8, Max: 15.5, Diff: 10.1, Sum: 102.7]
      [GC Worker End (ms): Min: 58185248.7, Avg: 58185248.7, Max: 58185248.8, Diff: 0.1]
   [Code Root Fixup: 0.0 ms]
   [Code Root Purge: 0.0 ms]
   [Clear CT: 0.2 ms]
   [Other: 1.2 ms]
      [Choose CSet: 0.0 ms]
      [Ref Proc: 0.4 ms]
      [Ref Enq: 0.0 ms]
      [Redirty Cards: 0.2 ms]
      [Humongous Register: 0.1 ms]
      [Humongous Reclaim: 0.0 ms]
      [Free CSet: 0.3 ms]
   [Eden: 101.0M(101.0M)->0.0B(106.0M) Survivors: 9216.0K->11.0M Heap: 336.3M(1024.0M)->237.2M(1024.0M)]
 [Times: user=0.08 sys=0.00, real=0.02 secs] 
2021-04-24T02:37:28.531+0800: 58238.201: [GC pause (G1 Evacuation Pause) (young), 0.0175008 secs]
   [Parallel Time: 15.5 ms, GC Workers: 8]
      [GC Worker Start (ms): Min: 58238201.2, Avg: 58238202.7, Max: 58238212.1, Diff: 10.9]
      [Ext Root Scanning (ms): Min: 0.0, Avg: 5.0, Max: 14.1, Diff: 14.1, Sum: 40.0]
      [Update RS (ms): Min: 0.0, Avg: 1.4, Max: 3.0, Diff: 3.0, Sum: 11.3]
         [Processed Buffers: Min: 0, Avg: 7.2, Max: 18, Diff: 18, Sum: 58]
      [Scan RS (ms): Min: 0.0, Avg: 0.8, Max: 1.6, Diff: 1.6, Sum: 6.4]
      [Code Root Scanning (ms): Min: 0.0, Avg: 0.0, Max: 0.0, Diff: 0.0, Sum: 0.0]
      [Object Copy (ms): Min: 1.2, Avg: 6.6, Max: 10.0, Diff: 8.8, Sum: 52.6]
      [Termination (ms): Min: 0.0, Avg: 0.0, Max: 0.0, Diff: 0.0, Sum: 0.0]
         [Termination Attempts: Min: 2, Avg: 3.9, Max: 7, Diff: 5, Sum: 31]
      [GC Worker Other (ms): Min: 0.0, Avg: 0.1, Max: 0.1, Diff: 0.1, Sum: 0.6]
      [GC Worker Total (ms): Min: 4.5, Avg: 13.9, Max: 15.3, Diff: 10.8, Sum: 110.9]
      [GC Worker End (ms): Min: 58238216.5, Avg: 58238216.5, Max: 58238216.6, Diff: 0.1]
   [Code Root Fixup: 0.0 ms]
   [Code Root Purge: 0.0 ms]
   [Clear CT: 0.1 ms]
   [Other: 1.9 ms]
      [Choose CSet: 0.0 ms]
      [Ref Proc: 1.3 ms]
      [Ref Enq: 0.0 ms]
      [Redirty Cards: 0.1 ms]
      [Humongous Register: 0.1 ms]
      [Humongous Reclaim: 0.0 ms]
      [Free CSet: 0.1 ms]
   [Eden: 106.0M(106.0M)->0.0B(126.0M) Survivors: 11.0M->9216.0K Heap: 343.2M(1024.0M)->235.3M(1024.0M)]
 [Times: user=0.06 sys=0.00, real=0.01 secs] 
2021-04-24T02:38:32.424+0800: 58302.085: [GC pause (G1 Evacuation Pause) (young), 0.0164996 secs]
   [Parallel Time: 15.7 ms, GC Workers: 8]
      [GC Worker Start (ms): Min: 58302085.3, Avg: 58302085.5, Max: 58302085.8, Diff: 0.5]
      [Ext Root Scanning (ms): Min: 0.3, Avg: 4.5, Max: 12.6, Diff: 12.3, Sum: 36.4]
      [Update RS (ms): Min: 0.0, Avg: 1.2, Max: 2.5, Diff: 2.5, Sum: 9.3]
         [Processed Buffers: Min: 0, Avg: 7.0, Max: 21, Diff: 21, Sum: 56]
      [Scan RS (ms): Min: 0.0, Avg: 0.7, Max: 1.5, Diff: 1.5, Sum: 5.6]
      [Code Root Scanning (ms): Min: 0.0, Avg: 0.0, Max: 0.0, Diff: 0.0, Sum: 0.0]
      [Object Copy (ms): Min: 2.8, Avg: 8.9, Max: 14.8, Diff: 12.1, Sum: 71.5]
      [Termination (ms): Min: 0.0, Avg: 0.0, Max: 0.1, Diff: 0.1, Sum: 0.2]
         [Termination Attempts: Min: 1, Avg: 1.2, Max: 2, Diff: 1, Sum: 10]
      [GC Worker Other (ms): Min: 0.0, Avg: 0.0, Max: 0.0, Diff: 0.0, Sum: 0.1]
      [GC Worker Total (ms): Min: 15.1, Avg: 15.4, Max: 15.6, Diff: 0.5, Sum: 123.2]
      [GC Worker End (ms): Min: 58302100.9, Avg: 58302100.9, Max: 58302101.0, Diff: 0.1]
   [Code Root Fixup: 0.0 ms]
   [Code Root Purge: 0.0 ms]
   [Clear CT: 0.1 ms]
   [Other: 0.7 ms]
      [Choose CSet: 0.0 ms]
      [Ref Proc: 0.2 ms]
      [Ref Enq: 0.0 ms]
      [Redirty Cards: 0.1 ms]
      [Humongous Register: 0.1 ms]
      [Humongous Reclaim: 0.0 ms]
      [Free CSet: 0.1 ms]
   [Eden: 126.0M(126.0M)->0.0B(151.0M) Survivors: 9216.0K->9216.0K Heap: 361.3M(1024.0M)->235.8M(1024.0M)]
 [Times: user=0.06 sys=0.01, real=0.02 secs] 
2021-04-24T02:39:48.572+0800: 58378.233: [GC pause (G1 Evacuation Pause) (young), 0.0625909 secs]
   [Parallel Time: 60.3 ms, GC Workers: 8]
      [GC Worker Start (ms): Min: 58378233.8, Avg: 58378235.5, Max: 58378243.0, Diff: 9.2]
      [Ext Root Scanning (ms): Min: 0.0, Avg: 2.8, Max: 9.1, Diff: 9.1, Sum: 22.5]
      [Update RS (ms): Min: 0.0, Avg: 2.5, Max: 5.3, Diff: 5.3, Sum: 19.6]
         [Processed Buffers: Min: 0, Avg: 7.1, Max: 18, Diff: 18, Sum: 57]
      [Scan RS (ms): Min: 0.0, Avg: 1.0, Max: 2.0, Diff: 2.0, Sum: 7.7]
      [Code Root Scanning (ms): Min: 0.0, Avg: 0.0, Max: 0.0, Diff: 0.0, Sum: 0.0]
      [Object Copy (ms): Min: 50.4, Avg: 51.8, Max: 58.1, Diff: 7.8, Sum: 414.4]
      [Termination (ms): Min: 0.0, Avg: 0.3, Max: 0.4, Diff: 0.4, Sum: 2.2]
         [Termination Attempts: Min: 1, Avg: 6.4, Max: 10, Diff: 9, Sum: 51]
      [GC Worker Other (ms): Min: 0.0, Avg: 0.0, Max: 0.2, Diff: 0.1, Sum: 0.4]
      [GC Worker Total (ms): Min: 50.9, Avg: 58.3, Max: 60.1, Diff: 9.2, Sum: 466.7]
      [GC Worker End (ms): Min: 58378293.9, Avg: 58378293.9, Max: 58378293.9, Diff: 0.0]
   [Code Root Fixup: 0.1 ms]
   [Code Root Purge: 0.0 ms]
   [Clear CT: 0.2 ms]
   [Other: 2.0 ms]
      [Choose CSet: 0.0 ms]
      [Ref Proc: 0.7 ms]
      [Ref Enq: 0.0 ms]
      [Redirty Cards: 0.1 ms]
      [Humongous Register: 0.2 ms]
      [Humongous Reclaim: 0.0 ms]
      [Free CSet: 0.2 ms]
   [Eden: 151.0M(151.0M)->0.0B(41.0M) Survivors: 9216.0K->10.0M Heap: 386.8M(1024.0M)->236.8M(1024.0M)]
 [Times: user=0.09 sys=0.05, real=0.06 secs] 
2021-04-24T02:40:09.301+0800: 58398.962: [GC pause (G1 Evacuation Pause) (young), 0.0527616 secs]
   [Parallel Time: 51.3 ms, GC Workers: 8]
      [GC Worker Start (ms): Min: 58398962.2, Avg: 58398962.4, Max: 58398962.7, Diff: 0.5]
      [Ext Root Scanning (ms): Min: 0.7, Avg: 4.7, Max: 9.5, Diff: 8.9, Sum: 37.7]
      [Update RS (ms): Min: 0.0, Avg: 2.2, Max: 5.6, Diff: 5.6, Sum: 17.5]
         [Processed Buffers: Min: 0, Avg: 6.4, Max: 18, Diff: 18, Sum: 51]
      [Scan RS (ms): Min: 0.0, Avg: 1.5, Max: 2.9, Diff: 2.9, Sum: 12.4]
      [Code Root Scanning (ms): Min: 0.0, Avg: 0.0, Max: 0.0, Diff: 0.0, Sum: 0.0]
      [Object Copy (ms): Min: 41.1, Avg: 42.1, Max: 48.1, Diff: 7.0, Sum: 337.0]
      [Termination (ms): Min: 0.3, Avg: 0.4, Max: 0.5, Diff: 0.2, Sum: 3.1]
         [Termination Attempts: Min: 73, Avg: 95.1, Max: 104, Diff: 31, Sum: 761]
      [GC Worker Other (ms): Min: 0.0, Avg: 0.0, Max: 0.0, Diff: 0.0, Sum: 0.3]
      [GC Worker Total (ms): Min: 50.7, Avg: 51.0, Max: 51.2, Diff: 0.5, Sum: 407.9]
      [GC Worker End (ms): Min: 58399013.4, Avg: 58399013.4, Max: 58399013.4, Diff: 0.0]
   [Code Root Fixup: 0.0 ms]
   [Code Root Purge: 0.0 ms]
   [Clear CT: 0.1 ms]
   [Other: 1.4 ms]
      [Choose CSet: 0.0 ms]
      [Ref Proc: 0.3 ms]
      [Ref Enq: 0.0 ms]
      [Redirty Cards: 0.1 ms]
      [Humongous Register: 0.3 ms]
      [Humongous Reclaim: 0.0 ms]
      [Free CSet: 0.1 ms]
   [Eden: 41.0M(41.0M)->0.0B(44.0M) Survivors: 10.0M->7168.0K Heap: 277.8M(1024.0M)->237.1M(1024.0M)]
 [Times: user=0.08 sys=0.03, real=0.05 secs] 
2021-04-24T02:40:31.444+0800: 58421.105: [GC pause (G1 Evacuation Pause) (young), 0.0202310 secs]
   [Parallel Time: 19.0 ms, GC Workers: 8]
      [GC Worker Start (ms): Min: 58421105.4, Avg: 58421105.7, Max: 58421106.4, Diff: 0.9]
      [Ext Root Scanning (ms): Min: 0.3, Avg: 5.3, Max: 17.7, Diff: 17.4, Sum: 42.7]
      [Update RS (ms): Min: 0.0, Avg: 4.0, Max: 10.6, Diff: 10.6, Sum: 32.3]
         [Processed Buffers: Min: 0, Avg: 6.9, Max: 20, Diff: 20, Sum: 55]
      [Scan RS (ms): Min: 0.0, Avg: 0.5, Max: 1.1, Diff: 1.1, Sum: 4.1]
      [Code Root Scanning (ms): Min: 0.0, Avg: 0.0, Max: 0.0, Diff: 0.0, Sum: 0.0]
      [Object Copy (ms): Min: 1.0, Avg: 8.6, Max: 12.8, Diff: 11.7, Sum: 69.0]
      [Termination (ms): Min: 0.0, Avg: 0.1, Max: 0.1, Diff: 0.1, Sum: 0.4]
         [Termination Attempts: Min: 1, Avg: 1.2, Max: 3, Diff: 2, Sum: 10]
      [GC Worker Other (ms): Min: 0.0, Avg: 0.0, Max: 0.0, Diff: 0.0, Sum: 0.1]
      [GC Worker Total (ms): Min: 18.0, Avg: 18.6, Max: 18.9, Diff: 0.9, Sum: 148.7]
      [GC Worker End (ms): Min: 58421124.3, Avg: 58421124.3, Max: 58421124.4, Diff: 0.1]
   [Code Root Fixup: 0.0 ms]
   [Code Root Purge: 0.0 ms]
   [Clear CT: 0.1 ms]
   [Other: 1.1 ms]
      [Choose CSet: 0.0 ms]
      [Ref Proc: 0.3 ms]
      [Ref Enq: 0.0 ms]
      [Redirty Cards: 0.1 ms]
      [Humongous Register: 0.2 ms]
      [Humongous Reclaim: 0.0 ms]
      [Free CSet: 0.0 ms]
   [Eden: 44.0M(44.0M)->0.0B(44.0M) Survivors: 7168.0K->7168.0K Heap: 281.1M(1024.0M)->240.8M(1024.0M)]
 [Times: user=0.05 sys=0.01, real=0.02 secs] 
2021-04-24T02:40:53.665+0800: 58443.325: [GC pause (G1 Evacuation Pause) (young), 0.0139199 secs]
   [Parallel Time: 12.5 ms, GC Workers: 8]
      [GC Worker Start (ms): Min: 58443326.1, Avg: 58443326.3, Max: 58443326.8, Diff: 0.7]
      [Ext Root Scanning (ms): Min: 0.6, Avg: 5.9, Max: 12.0, Diff: 11.4, Sum: 47.5]
      [Update RS (ms): Min: 0.0, Avg: 1.3, Max: 3.1, Diff: 3.1, Sum: 10.5]
         [Processed Buffers: Min: 0, Avg: 5.6, Max: 14, Diff: 14, Sum: 45]
      [Scan RS (ms): Min: 0.0, Avg: 0.4, Max: 1.0, Diff: 1.0, Sum: 3.6]
      [Code Root Scanning (ms): Min: 0.0, Avg: 0.0, Max: 0.0, Diff: 0.0, Sum: 0.0]
      [Object Copy (ms): Min: 0.3, Avg: 4.4, Max: 7.3, Diff: 7.0, Sum: 35.4]
      [Termination (ms): Min: 0.0, Avg: 0.0, Max: 0.0, Diff: 0.0, Sum: 0.0]
         [Termination Attempts: Min: 1, Avg: 1.6, Max: 2, Diff: 1, Sum: 13]
      [GC Worker Other (ms): Min: 0.0, Avg: 0.0, Max: 0.1, Diff: 0.0, Sum: 0.3]
      [GC Worker Total (ms): Min: 11.7, Avg: 12.2, Max: 12.3, Diff: 0.6, Sum: 97.3]
      [GC Worker End (ms): Min: 58443338.5, Avg: 58443338.5, Max: 58443338.5, Diff: 0.1]
   [Code Root Fixup: 0.0 ms]
   [Code Root Purge: 0.0 ms]
   [Clear CT: 0.1 ms]
   [Other: 1.3 ms]
      [Choose CSet: 0.0 ms]
      [Ref Proc: 0.3 ms]
      [Ref Enq: 0.0 ms]
      [Redirty Cards: 0.1 ms]
      [Humongous Register: 0.3 ms]
      [Humongous Reclaim: 0.0 ms]
      [Free CSet: 0.1 ms]
   [Eden: 44.0M(44.0M)->0.0B(44.0M) Survivors: 7168.0K->7168.0K Heap: 284.8M(1024.0M)->240.9M(1024.0M)]
 [Times: user=0.05 sys=0.01, real=0.02 secs] 
2021-04-24T02:41:15.967+0800: 58465.627: [GC pause (G1 Evacuation Pause) (young), 0.0205356 secs]
   [Parallel Time: 19.1 ms, GC Workers: 8]
      [GC Worker Start (ms): Min: 58465627.9, Avg: 58465628.6, Max: 58465631.8, Diff: 3.8]
      [Ext Root Scanning (ms): Min: 0.0, Avg: 2.2, Max: 9.1, Diff: 9.1, Sum: 17.9]
      [Update RS (ms): Min: 0.0, Avg: 0.8, Max: 2.2, Diff: 2.2, Sum: 6.7]
         [Processed Buffers: Min: 0, Avg: 5.6, Max: 13, Diff: 13, Sum: 45]
      [Scan RS (ms): Min: 0.0, Avg: 0.1, Max: 0.4, Diff: 0.4, Sum: 1.1]
      [Code Root Scanning (ms): Min: 0.0, Avg: 0.0, Max: 0.0, Diff: 0.0, Sum: 0.0]
      [Object Copy (ms): Min: 9.7, Avg: 15.1, Max: 18.0, Diff: 8.2, Sum: 120.6]
      [Termination (ms): Min: 0.0, Avg: 0.0, Max: 0.1, Diff: 0.1, Sum: 0.3]
         [Termination Attempts: Min: 1, Avg: 1.5, Max: 3, Diff: 2, Sum: 12]
      [GC Worker Other (ms): Min: 0.0, Avg: 0.0, Max: 0.0, Diff: 0.0, Sum: 0.2]
      [GC Worker Total (ms): Min: 15.1, Avg: 18.3, Max: 19.0, Diff: 3.9, Sum: 146.7]
      [GC Worker End (ms): Min: 58465646.9, Avg: 58465646.9, Max: 58465646.9, Diff: 0.0]
   [Code Root Fixup: 0.0 ms]
   [Code Root Purge: 0.0 ms]
   [Clear CT: 0.1 ms]
   [Other: 1.4 ms]
      [Choose CSet: 0.0 ms]
      [Ref Proc: 0.3 ms]
      [Ref Enq: 0.0 ms]
      [Redirty Cards: 0.1 ms]
      [Humongous Register: 0.2 ms]
      [Humongous Reclaim: 0.0 ms]
      [Free CSet: 0.1 ms]
   [Eden: 44.0M(44.0M)->0.0B(44.0M) Survivors: 7168.0K->7168.0K Heap: 284.9M(1024.0M)->242.5M(1024.0M)]
 [Times: user=0.04 sys=0.01, real=0.02 secs] 
2021-04-24T02:41:38.107+0800: 58487.768: [GC pause (G1 Evacuation Pause) (young), 0.0172237 secs]
   [Parallel Time: 15.0 ms, GC Workers: 8]
      [GC Worker Start (ms): Min: 58487768.5, Avg: 58487770.7, Max: 58487779.9, Diff: 11.4]
      [Ext Root Scanning (ms): Min: 0.0, Avg: 3.0, Max: 14.2, Diff: 14.2, Sum: 23.8]
      [Update RS (ms): Min: 0.0, Avg: 2.5, Max: 9.6, Diff: 9.6, Sum: 19.8]
         [Processed Buffers: Min: 0, Avg: 5.6, Max: 17, Diff: 17, Sum: 45]
      [Scan RS (ms): Min: 0.0, Avg: 0.4, Max: 1.0, Diff: 1.0, Sum: 3.6]
      [Code Root Scanning (ms): Min: 0.0, Avg: 0.0, Max: 0.0, Diff: 0.0, Sum: 0.0]
      [Object Copy (ms): Min: 0.6, Avg: 6.6, Max: 9.3, Diff: 8.7, Sum: 52.9]
      [Termination (ms): Min: 0.0, Avg: 0.1, Max: 0.2, Diff: 0.2, Sum: 0.9]
         [Termination Attempts: Min: 1, Avg: 1.0, Max: 1, Diff: 0, Sum: 8]
      [GC Worker Other (ms): Min: 0.0, Avg: 0.0, Max: 0.1, Diff: 0.0, Sum: 0.2]
      [GC Worker Total (ms): Min: 3.4, Avg: 12.6, Max: 14.9, Diff: 11.4, Sum: 101.2]
      [GC Worker End (ms): Min: 58487783.3, Avg: 58487783.4, Max: 58487783.4, Diff: 0.0]
   [Code Root Fixup: 0.0 ms]
   [Code Root Purge: 0.0 ms]
   [Clear CT: 0.1 ms]
   [Other: 2.1 ms]
      [Choose CSet: 0.0 ms]
      [Ref Proc: 0.5 ms]
      [Ref Enq: 0.0 ms]
      [Redirty Cards: 0.2 ms]
      [Humongous Register: 0.3 ms]
      [Humongous Reclaim: 0.0 ms]
      [Free CSet: 0.1 ms]
   [Eden: 44.0M(44.0M)->0.0B(45.0M) Survivors: 7168.0K->6144.0K Heap: 286.5M(1024.0M)->243.3M(1024.0M)]
 [Times: user=0.05 sys=0.01, real=0.02 secs] 
2021-04-24T02:42:00.818+0800: 58510.479: [GC pause (G1 Evacuation Pause) (young), 0.0194137 secs]
   [Parallel Time: 17.8 ms, GC Workers: 8]
      [GC Worker Start (ms): Min: 58510479.2, Avg: 58510481.8, Max: 58510488.4, Diff: 9.1]
      [Ext Root Scanning (ms): Min: 0.0, Avg: 2.4, Max: 6.9, Diff: 6.9, Sum: 19.1]
      [Update RS (ms): Min: 0.0, Avg: 2.1, Max: 6.6, Diff: 6.6, Sum: 16.9]
         [Processed Buffers: Min: 0, Avg: 5.2, Max: 19, Diff: 19, Sum: 42]
      [Scan RS (ms): Min: 0.0, Avg: 1.5, Max: 3.8, Diff: 3.8, Sum: 12.1]
      [Code Root Scanning (ms): Min: 0.0, Avg: 0.0, Max: 0.0, Diff: 0.0, Sum: 0.0]
      [Object Copy (ms): Min: 8.4, Avg: 9.0, Max: 9.6, Diff: 1.2, Sum: 71.9]
      [Termination (ms): Min: 0.0, Avg: 0.1, Max: 0.1, Diff: 0.1, Sum: 0.7]
         [Termination Attempts: Min: 2, Avg: 56.6, Max: 90, Diff: 88, Sum: 453]
      [GC Worker Other (ms): Min: 0.0, Avg: 0.0, Max: 0.0, Diff: 0.0, Sum: 0.2]
      [GC Worker Total (ms): Min: 8.6, Avg: 15.1, Max: 17.6, Diff: 9.1, Sum: 121.0]
      [GC Worker End (ms): Min: 58510496.9, Avg: 58510496.9, Max: 58510496.9, Diff: 0.0]
   [Code Root Fixup: 0.0 ms]
   [Code Root Purge: 0.0 ms]
   [Clear CT: 0.2 ms]
   [Other: 1.4 ms]
      [Choose CSet: 0.0 ms]
      [Ref Proc: 0.3 ms]
      [Ref Enq: 0.0 ms]
      [Redirty Cards: 0.1 ms]
      [Humongous Register: 0.2 ms]
      [Humongous Reclaim: 0.0 ms]
      [Free CSet: 0.1 ms]
   [Eden: 45.0M(45.0M)->0.0B(44.0M) Survivors: 6144.0K->7168.0K Heap: 288.3M(1024.0M)->244.1M(1024.0M)]
 [Times: user=0.07 sys=0.00, real=0.02 secs] 
2021-04-24T02:42:22.944+0800: 58532.604: [GC pause (G1 Evacuation Pause) (young), 0.0173106 secs]
   [Parallel Time: 16.1 ms, GC Workers: 8]
      [GC Worker Start (ms): Min: 58532604.4, Avg: 58532605.7, Max: 58532608.7, Diff: 4.3]
      [Ext Root Scanning (ms): Min: 0.0, Avg: 1.4, Max: 4.3, Diff: 4.3, Sum: 11.1]
      [Update RS (ms): Min: 0.0, Avg: 0.8, Max: 1.8, Diff: 1.8, Sum: 6.7]
         [Processed Buffers: Min: 0, Avg: 5.6, Max: 22, Diff: 22, Sum: 45]
      [Scan RS (ms): Min: 0.0, Avg: 0.7, Max: 1.3, Diff: 1.3, Sum: 5.8]
      [Code Root Scanning (ms): Min: 0.0, Avg: 0.0, Max: 0.0, Diff: 0.0, Sum: 0.0]
      [Object Copy (ms): Min: 11.2, Avg: 11.5, Max: 11.9, Diff: 0.8, Sum: 92.0]
      [Termination (ms): Min: 0.0, Avg: 0.3, Max: 0.5, Diff: 0.5, Sum: 2.5]
         [Termination Attempts: Min: 1, Avg: 1.4, Max: 2, Diff: 1, Sum: 11]
      [GC Worker Other (ms): Min: 0.0, Avg: 0.0, Max: 0.0, Diff: 0.0, Sum: 0.1]
      [GC Worker Total (ms): Min: 11.7, Avg: 14.8, Max: 16.0, Diff: 4.3, Sum: 118.3]
      [GC Worker End (ms): Min: 58532620.4, Avg: 58532620.5, Max: 58532620.5, Diff: 0.0]
   [Code Root Fixup: 0.0 ms]
   [Code Root Purge: 0.0 ms]
   [Clear CT: 0.1 ms]
   [Other: 1.1 ms]
      [Choose CSet: 0.0 ms]
      [Ref Proc: 0.3 ms]
      [Ref Enq: 0.0 ms]
      [Redirty Cards: 0.1 ms]
      [Humongous Register: 0.1 ms]
      [Humongous Reclaim: 0.0 ms]
      [Free CSet: 0.1 ms]
   [Eden: 44.0M(44.0M)->0.0B(102.0M) Survivors: 7168.0K->5120.0K Heap: 288.1M(1024.0M)->242.8M(1024.0M)]
 [Times: user=0.04 sys=0.01, real=0.02 secs] 
2021-04-24T02:42:46.000+0800: 58555.661: [GC pause (G1 Evacuation Pause) (young), 0.0199087 secs]
   [Parallel Time: 17.4 ms, GC Workers: 8]
      [GC Worker Start (ms): Min: 58555660.9, Avg: 58555664.6, Max: 58555678.1, Diff: 17.2]
      [Ext Root Scanning (ms): Min: 0.0, Avg: 2.6, Max: 17.2, Diff: 17.2, Sum: 21.1]
      [Update RS (ms): Min: 0.0, Avg: 2.2, Max: 7.4, Diff: 7.4, Sum: 17.8]
         [Processed Buffers: Min: 0, Avg: 5.5, Max: 30, Diff: 30, Sum: 44]
      [Scan RS (ms): Min: 0.0, Avg: 2.0, Max: 4.4, Diff: 4.4, Sum: 16.0]
      [Code Root Scanning (ms): Min: 0.0, Avg: 0.0, Max: 0.0, Diff: 0.0, Sum: 0.0]
      [Object Copy (ms): Min: 0.0, Avg: 6.6, Max: 9.1, Diff: 9.1, Sum: 52.6]
      [Termination (ms): Min: 0.0, Avg: 0.1, Max: 0.2, Diff: 0.2, Sum: 1.0]
         [Termination Attempts: Min: 1, Avg: 1.0, Max: 1, Diff: 0, Sum: 8]
      [GC Worker Other (ms): Min: 0.0, Avg: 0.0, Max: 0.0, Diff: 0.0, Sum: 0.1]
      [GC Worker Total (ms): Min: 0.1, Avg: 13.6, Max: 17.3, Diff: 17.2, Sum: 108.6]
      [GC Worker End (ms): Min: 58555678.1, Avg: 58555678.2, Max: 58555678.2, Diff: 0.0]
   [Code Root Fixup: 0.0 ms]
   [Code Root Purge: 0.0 ms]
   [Clear CT: 0.1 ms]
   [Other: 2.4 ms]
      [Choose CSet: 0.0 ms]
      [Ref Proc: 1.0 ms]
      [Ref Enq: 0.0 ms]
      [Redirty Cards: 0.1 ms]
      [Humongous Register: 0.1 ms]
      [Humongous Reclaim: 0.0 ms]
      [Free CSet: 0.1 ms]
   [Eden: 46.0M(46.0M)->0.0B(55.0M) Survivors: 5120.0K->7168.0K Heap: 288.8M(1024.0M)->245.6M(1024.0M)]
 [Times: user=0.06 sys=0.00, real=0.02 secs] 
2021-04-24T02:43:08.185+0800: 58577.845: [GC pause (G1 Evacuation Pause) (young), 0.0209376 secs]
   [Parallel Time: 18.4 ms, GC Workers: 8]
      [GC Worker Start (ms): Min: 58577845.6, Avg: 58577846.1, Max: 58577848.7, Diff: 3.1]
      [Ext Root Scanning (ms): Min: 0.0, Avg: 3.1, Max: 12.1, Diff: 12.0, Sum: 24.9]
      [Update RS (ms): Min: 0.0, Avg: 1.3, Max: 4.2, Diff: 4.2, Sum: 10.5]
         [Processed Buffers: Min: 0, Avg: 5.2, Max: 27, Diff: 27, Sum: 42]
      [Scan RS (ms): Min: 0.0, Avg: 1.8, Max: 3.3, Diff: 3.3, Sum: 14.7]
      [Code Root Scanning (ms): Min: 0.0, Avg: 0.0, Max: 0.0, Diff: 0.0, Sum: 0.0]
      [Object Copy (ms): Min: 6.1, Avg: 11.1, Max: 12.2, Diff: 6.1, Sum: 88.4]
      [Termination (ms): Min: 0.0, Avg: 0.4, Max: 0.5, Diff: 0.5, Sum: 3.2]
         [Termination Attempts: Min: 1, Avg: 1.0, Max: 1, Diff: 0, Sum: 8]
      [GC Worker Other (ms): Min: 0.0, Avg: 0.0, Max: 0.0, Diff: 0.0, Sum: 0.1]
      [GC Worker Total (ms): Min: 15.2, Avg: 17.7, Max: 18.2, Diff: 3.1, Sum: 141.9]
      [GC Worker End (ms): Min: 58577863.8, Avg: 58577863.9, Max: 58577863.9, Diff: 0.1]
   [Code Root Fixup: 0.0 ms]
   [Code Root Purge: 0.0 ms]
   [Clear CT: 0.2 ms]
   [Other: 2.3 ms]
      [Choose CSet: 0.0 ms]
      [Ref Proc: 0.8 ms]
      [Ref Enq: 0.0 ms]
      [Redirty Cards: 0.2 ms]
      [Humongous Register: 0.3 ms]
      [Humongous Reclaim: 0.0 ms]
      [Free CSet: 0.1 ms]
   [Eden: 44.0M(44.0M)->0.0B(44.0M) Survivors: 7168.0K->7168.0K Heap: 289.6M(1024.0M)->246.3M(1024.0M)]
 [Times: user=0.05 sys=0.01, real=0.02 secs] 
2021-04-24T02:43:30.240+0800: 58599.900: [GC pause (G1 Evacuation Pause) (young), 0.0219066 secs]
   [Parallel Time: 20.5 ms, GC Workers: 8]
      [GC Worker Start (ms): Min: 58599900.4, Avg: 58599901.4, Max: 58599905.0, Diff: 4.6]
      [Ext Root Scanning (ms): Min: 0.0, Avg: 2.5, Max: 6.5, Diff: 6.5, Sum: 20.0]
      [Update RS (ms): Min: 0.0, Avg: 1.2, Max: 2.9, Diff: 2.9, Sum: 9.4]
         [Processed Buffers: Min: 0, Avg: 5.4, Max: 29, Diff: 29, Sum: 43]
      [Scan RS (ms): Min: 0.0, Avg: 1.3, Max: 2.2, Diff: 2.2, Sum: 10.4]
      [Code Root Scanning (ms): Min: 0.0, Avg: 0.0, Max: 0.0, Diff: 0.0, Sum: 0.0]
      [Object Copy (ms): Min: 13.3, Avg: 13.9, Max: 14.3, Diff: 1.0, Sum: 111.4]
      [Termination (ms): Min: 0.0, Avg: 0.4, Max: 0.5, Diff: 0.5, Sum: 3.1]
         [Termination Attempts: Min: 1, Avg: 2.2, Max: 4, Diff: 3, Sum: 18]
      [GC Worker Other (ms): Min: 0.0, Avg: 0.0, Max: 0.0, Diff: 0.0, Sum: 0.2]
      [GC Worker Total (ms): Min: 15.6, Avg: 19.3, Max: 20.3, Diff: 4.6, Sum: 154.5]
      [GC Worker End (ms): Min: 58599920.7, Avg: 58599920.7, Max: 58599920.7, Diff: 0.0]
   [Code Root Fixup: 0.0 ms]
   [Code Root Purge: 0.0 ms]
   [Clear CT: 0.2 ms]
   [Other: 1.2 ms]
      [Choose CSet: 0.0 ms]
      [Ref Proc: 0.4 ms]
      [Ref Enq: 0.0 ms]
      [Redirty Cards: 0.2 ms]
      [Humongous Register: 0.1 ms]
      [Humongous Reclaim: 0.0 ms]
      [Free CSet: 0.1 ms]
   [Eden: 44.0M(44.0M)->0.0B(72.0M) Survivors: 7168.0K->5120.0K Heap: 290.3M(1024.0M)->246.2M(1024.0M)]
 [Times: user=0.06 sys=0.02, real=0.02 secs] 
2021-04-24T02:43:53.268+0800: 58622.928: [GC pause (G1 Evacuation Pause) (young), 0.0141212 secs]
   [Parallel Time: 13.5 ms, GC Workers: 8]
      [GC Worker Start (ms): Min: 58622928.1, Avg: 58622928.8, Max: 58622932.6, Diff: 4.5]
      [Ext Root Scanning (ms): Min: 0.0, Avg: 3.7, Max: 10.2, Diff: 10.2, Sum: 29.3]
      [Update RS (ms): Min: 0.0, Avg: 3.4, Max: 11.0, Diff: 11.0, Sum: 27.0]
         [Processed Buffers: Min: 0, Avg: 5.9, Max: 19, Diff: 19, Sum: 47]
      [Scan RS (ms): Min: 0.0, Avg: 1.2, Max: 2.7, Diff: 2.7, Sum: 9.6]
      [Code Root Scanning (ms): Min: 0.0, Avg: 0.0, Max: 0.0, Diff: 0.0, Sum: 0.0]
      [Object Copy (ms): Min: 1.6, Avg: 4.4, Max: 5.5, Diff: 3.8, Sum: 35.5]
      [Termination (ms): Min: 0.0, Avg: 0.0, Max: 0.0, Diff: 0.0, Sum: 0.1]
         [Termination Attempts: Min: 1, Avg: 17.9, Max: 31, Diff: 30, Sum: 143]
      [GC Worker Other (ms): Min: 0.0, Avg: 0.0, Max: 0.0, Diff: 0.0, Sum: 0.1]
      [GC Worker Total (ms): Min: 8.9, Avg: 12.7, Max: 13.4, Diff: 4.5, Sum: 101.7]
      [GC Worker End (ms): Min: 58622941.5, Avg: 58622941.5, Max: 58622941.5, Diff: 0.0]
   [Code Root Fixup: 0.0 ms]
   [Code Root Purge: 0.0 ms]
   [Clear CT: 0.1 ms]
   [Other: 0.6 ms]
      [Choose CSet: 0.0 ms]
      [Ref Proc: 0.1 ms]
      [Ref Enq: 0.0 ms]
      [Redirty Cards: 0.1 ms]
      [Humongous Register: 0.1 ms]
      [Humongous Reclaim: 0.0 ms]
      [Free CSet: 0.0 ms]
   [Eden: 46.0M(46.0M)->0.0B(99.0M) Survivors: 5120.0K->7168.0K Heap: 292.2M(1024.0M)->247.7M(1024.0M)]
 [Times: user=0.05 sys=0.00, real=0.02 secs] 
2021-04-24T02:44:42.923+0800: 58672.583: [GC pause (G1 Evacuation Pause) (young), 0.0177110 secs]
   [Parallel Time: 16.6 ms, GC Workers: 8]
      [GC Worker Start (ms): Min: 58672583.1, Avg: 58672583.5, Max: 58672585.7, Diff: 2.6]
      [Ext Root Scanning (ms): Min: 0.0, Avg: 5.2, Max: 16.4, Diff: 16.4, Sum: 41.3]
      [Update RS (ms): Min: 0.0, Avg: 1.5, Max: 2.6, Diff: 2.6, Sum: 12.2]
         [Processed Buffers: Min: 0, Avg: 5.8, Max: 22, Diff: 22, Sum: 46]
      [Scan RS (ms): Min: 0.0, Avg: 2.8, Max: 12.0, Diff: 12.0, Sum: 22.7]
      [Code Root Scanning (ms): Min: 0.0, Avg: 0.0, Max: 0.0, Diff: 0.0, Sum: 0.0]
      [Object Copy (ms): Min: 0.0, Avg: 6.3, Max: 10.9, Diff: 10.9, Sum: 50.2]
      [Termination (ms): Min: 0.0, Avg: 0.3, Max: 0.4, Diff: 0.4, Sum: 2.3]
         [Termination Attempts: Min: 1, Avg: 1.9, Max: 3, Diff: 2, Sum: 15]
      [GC Worker Other (ms): Min: 0.0, Avg: 0.0, Max: 0.0, Diff: 0.0, Sum: 0.1]
      [GC Worker Total (ms): Min: 13.9, Avg: 16.1, Max: 16.5, Diff: 2.6, Sum: 128.8]
      [GC Worker End (ms): Min: 58672599.6, Avg: 58672599.6, Max: 58672599.6, Diff: 0.0]
   [Code Root Fixup: 0.0 ms]
   [Code Root Purge: 0.0 ms]
   [Clear CT: 0.1 ms]
   [Other: 1.0 ms]
      [Choose CSet: 0.0 ms]
      [Ref Proc: 0.3 ms]
      [Ref Enq: 0.0 ms]
      [Redirty Cards: 0.1 ms]
      [Humongous Register: 0.1 ms]
      [Humongous Reclaim: 0.0 ms]
      [Free CSet: 0.2 ms]
   [Eden: 99.0M(99.0M)->0.0B(114.0M) Survivors: 7168.0K->9216.0K Heap: 346.7M(1024.0M)->249.7M(1024.0M)]
 [Times: user=0.06 sys=0.00, real=0.02 secs] 
2021-04-24T02:45:43.307+0800: 58732.966: [GC pause (G1 Evacuation Pause) (young), 0.0260542 secs]
   [Parallel Time: 22.5 ms, GC Workers: 8]
      [GC Worker Start (ms): Min: 58732966.7, Avg: 58732967.0, Max: 58732968.9, Diff: 2.2]
      [Ext Root Scanning (ms): Min: 0.0, Avg: 1.7, Max: 4.9, Diff: 4.9, Sum: 13.3]
      [Update RS (ms): Min: 0.0, Avg: 2.0, Max: 4.6, Diff: 4.6, Sum: 16.1]
         [Processed Buffers: Min: 0, Avg: 5.6, Max: 23, Diff: 23, Sum: 45]
      [Scan RS (ms): Min: 0.0, Avg: 0.9, Max: 1.5, Diff: 1.5, Sum: 7.2]
      [Code Root Scanning (ms): Min: 0.0, Avg: 0.0, Max: 0.0, Diff: 0.0, Sum: 0.0]
      [Object Copy (ms): Min: 15.2, Avg: 16.1, Max: 17.4, Diff: 2.2, Sum: 129.1]
      [Termination (ms): Min: 0.0, Avg: 1.4, Max: 1.7, Diff: 1.7, Sum: 11.3]
         [Termination Attempts: Min: 1, Avg: 2.9, Max: 8, Diff: 7, Sum: 23]
      [GC Worker Other (ms): Min: 0.0, Avg: 0.0, Max: 0.0, Diff: 0.0, Sum: 0.1]
      [GC Worker Total (ms): Min: 20.3, Avg: 22.1, Max: 22.5, Diff: 2.2, Sum: 177.1]
      [GC Worker End (ms): Min: 58732989.1, Avg: 58732989.2, Max: 58732989.2, Diff: 0.0]
   [Code Root Fixup: 0.0 ms]
   [Code Root Purge: 0.0 ms]
   [Clear CT: 0.1 ms]
   [Other: 3.4 ms]
      [Choose CSet: 0.0 ms]
      [Ref Proc: 2.5 ms]
      [Ref Enq: 0.0 ms]
      [Redirty Cards: 0.1 ms]
      [Humongous Register: 0.1 ms]
      [Humongous Reclaim: 0.0 ms]
      [Free CSet: 0.3 ms]
   [Eden: 114.0M(114.0M)->0.0B(84.0M) Survivors: 9216.0K->9216.0K Heap: 363.7M(1024.0M)->250.2M(1024.0M)]
 [Times: user=0.06 sys=0.01, real=0.03 secs] 
2021-04-24T02:46:05.940+0800: 58755.600: [GC pause (G1 Evacuation Pause) (young), 0.0470765 secs]
   [Parallel Time: 45.8 ms, GC Workers: 8]
      [GC Worker Start (ms): Min: 58755600.4, Avg: 58755600.5, Max: 58755600.6, Diff: 0.2]
      [Ext Root Scanning (ms): Min: 0.6, Avg: 2.1, Max: 5.6, Diff: 5.0, Sum: 16.4]
      [Update RS (ms): Min: 0.0, Avg: 1.2, Max: 3.0, Diff: 3.0, Sum: 9.8]
         [Processed Buffers: Min: 0, Avg: 5.2, Max: 18, Diff: 18, Sum: 42]
      [Scan RS (ms): Min: 0.0, Avg: 1.4, Max: 2.4, Diff: 2.4, Sum: 11.4]
      [Code Root Scanning (ms): Min: 0.0, Avg: 0.0, Max: 0.0, Diff: 0.0, Sum: 0.0]
      [Object Copy (ms): Min: 40.0, Avg: 40.8, Max: 44.9, Diff: 4.9, Sum: 326.3]
      [Termination (ms): Min: 0.0, Avg: 0.1, Max: 0.1, Diff: 0.1, Sum: 0.8]
         [Termination Attempts: Min: 1, Avg: 1.6, Max: 3, Diff: 2, Sum: 13]
      [GC Worker Other (ms): Min: 0.0, Avg: 0.0, Max: 0.1, Diff: 0.0, Sum: 0.2]
      [GC Worker Total (ms): Min: 45.5, Avg: 45.6, Max: 45.7, Diff: 0.2, Sum: 365.0]
      [GC Worker End (ms): Min: 58755646.1, Avg: 58755646.1, Max: 58755646.1, Diff: 0.0]
   [Code Root Fixup: 0.0 ms]
   [Code Root Purge: 0.0 ms]
   [Clear CT: 0.1 ms]
   [Other: 1.2 ms]
      [Choose CSet: 0.0 ms]
      [Ref Proc: 0.3 ms]
      [Ref Enq: 0.0 ms]
      [Redirty Cards: 0.1 ms]
      [Humongous Register: 0.2 ms]
      [Humongous Reclaim: 0.0 ms]
      [Free CSet: 0.1 ms]
   [Eden: 42.0M(42.0M)->0.0B(45.0M) Survivors: 9216.0K->6144.0K Heap: 292.2M(1024.0M)->249.4M(1024.0M)]
 [Times: user=0.07 sys=0.03, real=0.04 secs] 
2021-04-24T02:46:30.260+0800: 58779.920: [GC pause (G1 Evacuation Pause) (young), 0.0208768 secs]
   [Parallel Time: 19.4 ms, GC Workers: 8]
      [GC Worker Start (ms): Min: 58779920.6, Avg: 58779920.8, Max: 58779921.2, Diff: 0.6]
      [Ext Root Scanning (ms): Min: 0.5, Avg: 4.7, Max: 12.1, Diff: 11.6, Sum: 37.5]
      [Update RS (ms): Min: 0.0, Avg: 2.3, Max: 5.3, Diff: 5.3, Sum: 18.8]
         [Processed Buffers: Min: 0, Avg: 6.5, Max: 35, Diff: 35, Sum: 52]
      [Scan RS (ms): Min: 0.1, Avg: 3.2, Max: 6.5, Diff: 6.4, Sum: 25.9]
      [Code Root Scanning (ms): Min: 0.0, Avg: 0.0, Max: 0.0, Diff: 0.0, Sum: 0.0]
      [Object Copy (ms): Min: 6.5, Avg: 8.6, Max: 18.0, Diff: 11.5, Sum: 69.1]
      [Termination (ms): Min: 0.0, Avg: 0.2, Max: 0.2, Diff: 0.2, Sum: 1.3]
         [Termination Attempts: Min: 1, Avg: 1.9, Max: 3, Diff: 2, Sum: 15]
      [GC Worker Other (ms): Min: 0.0, Avg: 0.0, Max: 0.0, Diff: 0.0, Sum: 0.1]
      [GC Worker Total (ms): Min: 18.7, Avg: 19.1, Max: 19.3, Diff: 0.7, Sum: 152.7]
      [GC Worker End (ms): Min: 58779939.9, Avg: 58779939.9, Max: 58779940.0, Diff: 0.1]
   [Code Root Fixup: 0.0 ms]
   [Code Root Purge: 0.0 ms]
   [Clear CT: 0.1 ms]
   [Other: 1.4 ms]
      [Choose CSet: 0.0 ms]
      [Ref Proc: 0.2 ms]
      [Ref Enq: 0.0 ms]
      [Redirty Cards: 0.1 ms]
      [Humongous Register: 0.3 ms]
      [Humongous Reclaim: 0.0 ms]
      [Free CSet: 0.1 ms]
   [Eden: 45.0M(45.0M)->0.0B(44.0M) Survivors: 6144.0K->7168.0K Heap: 294.4M(1024.0M)->253.3M(1024.0M)]
 [Times: user=0.06 sys=0.01, real=0.02 secs] 
2021-04-24T02:46:53.037+0800: 58802.697: [GC pause (G1 Evacuation Pause) (young), 0.0216534 secs]
   [Parallel Time: 20.3 ms, GC Workers: 8]
      [GC Worker Start (ms): Min: 58802696.9, Avg: 58802699.2, Max: 58802705.6, Diff: 8.7]
      [Ext Root Scanning (ms): Min: 0.0, Avg: 2.6, Max: 8.6, Diff: 8.6, Sum: 20.8]
      [Update RS (ms): Min: 0.0, Avg: 2.6, Max: 5.7, Diff: 5.7, Sum: 20.7]
         [Processed Buffers: Min: 0, Avg: 5.9, Max: 17, Diff: 17, Sum: 47]
      [Scan RS (ms): Min: 0.0, Avg: 1.1, Max: 2.2, Diff: 2.2, Sum: 8.8]
      [Code Root Scanning (ms): Min: 0.0, Avg: 0.0, Max: 0.0, Diff: 0.0, Sum: 0.0]
      [Object Copy (ms): Min: 10.2, Avg: 10.4, Max: 10.9, Diff: 0.8, Sum: 83.1]
      [Termination (ms): Min: 0.0, Avg: 0.9, Max: 1.1, Diff: 1.1, Sum: 7.0]
         [Termination Attempts: Min: 1, Avg: 3.9, Max: 9, Diff: 8, Sum: 31]
      [GC Worker Other (ms): Min: 0.0, Avg: 0.0, Max: 0.0, Diff: 0.0, Sum: 0.1]
      [GC Worker Total (ms): Min: 11.4, Avg: 17.6, Max: 20.1, Diff: 8.7, Sum: 140.4]
      [GC Worker End (ms): Min: 58802716.1, Avg: 58802716.8, Max: 58802717.0, Diff: 0.8]
   [Code Root Fixup: 0.0 ms]
   [Code Root Purge: 0.0 ms]
   [Clear CT: 0.1 ms]
   [Other: 1.2 ms]
      [Choose CSet: 0.0 ms]
      [Ref Proc: 0.3 ms]
      [Ref Enq: 0.0 ms]
      [Redirty Cards: 0.2 ms]
      [Humongous Register: 0.1 ms]
      [Humongous Reclaim: 0.0 ms]
      [Free CSet: 0.1 ms]
   [Eden: 44.0M(44.0M)->0.0B(46.0M) Survivors: 7168.0K->5120.0K Heap: 297.3M(1024.0M)->253.4M(1024.0M)]
 [Times: user=0.05 sys=0.01, real=0.02 secs] 
2021-04-24T02:47:16.250+0800: 58825.910: [GC pause (G1 Evacuation Pause) (young), 0.0195588 secs]
   [Parallel Time: 18.1 ms, GC Workers: 8]
      [GC Worker Start (ms): Min: 58825910.2, Avg: 58825910.4, Max: 58825910.9, Diff: 0.7]
      [Ext Root Scanning (ms): Min: 0.0, Avg: 1.3, Max: 4.6, Diff: 4.6, Sum: 10.6]
      [Update RS (ms): Min: 0.0, Avg: 4.4, Max: 15.6, Diff: 15.6, Sum: 35.0]
         [Processed Buffers: Min: 0, Avg: 6.0, Max: 26, Diff: 26, Sum: 48]
      [Scan RS (ms): Min: 0.0, Avg: 4.1, Max: 12.6, Diff: 12.5, Sum: 33.1]
      [Code Root Scanning (ms): Min: 0.0, Avg: 0.0, Max: 0.0, Diff: 0.0, Sum: 0.0]
      [Object Copy (ms): Min: 1.1, Avg: 7.8, Max: 11.4, Diff: 10.3, Sum: 62.2]
      [Termination (ms): Min: 0.0, Avg: 0.1, Max: 0.2, Diff: 0.2, Sum: 1.1]
         [Termination Attempts: Min: 1, Avg: 2.4, Max: 5, Diff: 4, Sum: 19]
      [GC Worker Other (ms): Min: 0.0, Avg: 0.0, Max: 0.0, Diff: 0.0, Sum: 0.1]
      [GC Worker Total (ms): Min: 17.2, Avg: 17.8, Max: 18.0, Diff: 0.8, Sum: 142.0]
      [GC Worker End (ms): Min: 58825928.0, Avg: 58825928.1, Max: 58825928.2, Diff: 0.1]
   [Code Root Fixup: 0.0 ms]
   [Code Root Purge: 0.0 ms]
   [Clear CT: 0.1 ms]
   [Other: 1.4 ms]
      [Choose CSet: 0.0 ms]
      [Ref Proc: 0.3 ms]
      [Ref Enq: 0.0 ms]
      [Redirty Cards: 0.1 ms]
      [Humongous Register: 0.2 ms]
      [Humongous Reclaim: 0.0 ms]
      [Free CSet: 0.1 ms]
   [Eden: 46.0M(46.0M)->0.0B(45.0M) Survivors: 5120.0K->6144.0K Heap: 299.4M(1024.0M)->254.4M(1024.0M)]
 [Times: user=0.07 sys=0.01, real=0.02 secs] 
2021-04-24T02:47:38.854+0800: 58848.514: [GC pause (G1 Evacuation Pause) (young), 0.0191528 secs]
   [Parallel Time: 18.3 ms, GC Workers: 8]
      [GC Worker Start (ms): Min: 58848514.3, Avg: 58848515.5, Max: 58848520.7, Diff: 6.4]
      [Ext Root Scanning (ms): Min: 0.0, Avg: 2.0, Max: 6.3, Diff: 6.3, Sum: 16.3]
      [Update RS (ms): Min: 0.0, Avg: 1.5, Max: 3.2, Diff: 3.2, Sum: 12.0]
         [Processed Buffers: Min: 0, Avg: 5.1, Max: 21, Diff: 21, Sum: 41]
      [Scan RS (ms): Min: 1.3, Avg: 2.5, Max: 3.5, Diff: 2.2, Sum: 20.3]
      [Code Root Scanning (ms): Min: 0.0, Avg: 0.0, Max: 0.0, Diff: 0.0, Sum: 0.0]
      [Object Copy (ms): Min: 9.9, Avg: 10.6, Max: 13.8, Diff: 3.9, Sum: 85.0]
      [Termination (ms): Min: 0.0, Avg: 0.3, Max: 0.4, Diff: 0.4, Sum: 2.5]
         [Termination Attempts: Min: 1, Avg: 1.5, Max: 4, Diff: 3, Sum: 12]
      [GC Worker Other (ms): Min: 0.0, Avg: 0.0, Max: 0.0, Diff: 0.0, Sum: 0.1]
      [GC Worker Total (ms): Min: 11.8, Avg: 17.0, Max: 18.2, Diff: 6.3, Sum: 136.2]
      [GC Worker End (ms): Min: 58848532.5, Avg: 58848532.5, Max: 58848532.5, Diff: 0.0]
   [Code Root Fixup: 0.0 ms]
   [Code Root Purge: 0.0 ms]
   [Clear CT: 0.1 ms]
   [Other: 0.8 ms]
      [Choose CSet: 0.0 ms]
      [Ref Proc: 0.2 ms]
      [Ref Enq: 0.0 ms]
      [Redirty Cards: 0.1 ms]
      [Humongous Register: 0.1 ms]
      [Humongous Reclaim: 0.0 ms]
      [Free CSet: 0.1 ms]
   [Eden: 45.0M(45.0M)->0.0B(45.0M) Survivors: 6144.0K->6144.0K Heap: 299.4M(1024.0M)->255.5M(1024.0M)]
 [Times: user=0.06 sys=0.01, real=0.02 secs] 
2021-04-24T02:48:01.700+0800: 58871.360: [GC pause (G1 Evacuation Pause) (young), 0.0198505 secs]
   [Parallel Time: 18.3 ms, GC Workers: 8]
      [GC Worker Start (ms): Min: 58871360.3, Avg: 58871362.8, Max: 58871373.2, Diff: 12.9]
      [Ext Root Scanning (ms): Min: 0.0, Avg: 2.2, Max: 11.0, Diff: 11.0, Sum: 17.2]
      [Update RS (ms): Min: 0.0, Avg: 3.3, Max: 11.8, Diff: 11.8, Sum: 26.3]
         [Processed Buffers: Min: 0, Avg: 6.4, Max: 22, Diff: 22, Sum: 51]
      [Scan RS (ms): Min: 0.0, Avg: 1.8, Max: 3.6, Diff: 3.6, Sum: 14.2]
      [Code Root Scanning (ms): Min: 0.0, Avg: 0.0, Max: 0.0, Diff: 0.0, Sum: 0.0]
      [Object Copy (ms): Min: 5.2, Avg: 8.3, Max: 14.6, Diff: 9.4, Sum: 66.7]
      [Termination (ms): Min: 0.0, Avg: 0.0, Max: 0.0, Diff: 0.0, Sum: 0.0]
         [Termination Attempts: Min: 1, Avg: 8.8, Max: 19, Diff: 18, Sum: 70]
      [GC Worker Other (ms): Min: 0.0, Avg: 0.0, Max: 0.1, Diff: 0.0, Sum: 0.4]
      [GC Worker Total (ms): Min: 5.3, Avg: 15.6, Max: 18.2, Diff: 12.9, Sum: 124.9]
      [GC Worker End (ms): Min: 58871378.4, Avg: 58871378.5, Max: 58871378.5, Diff: 0.0]
   [Code Root Fixup: 0.0 ms]
   [Code Root Purge: 0.0 ms]
   [Clear CT: 0.1 ms]
   [Other: 1.4 ms]
      [Choose CSet: 0.0 ms]
      [Ref Proc: 0.3 ms]
      [Ref Enq: 0.0 ms]
      [Redirty Cards: 0.2 ms]
      [Humongous Register: 0.2 ms]
      [Humongous Reclaim: 0.0 ms]
      [Free CSet: 0.1 ms]
   [Eden: 45.0M(45.0M)->0.0B(45.0M) Survivors: 6144.0K->6144.0K Heap: 300.5M(1024.0M)->255.4M(1024.0M)]
 [Times: user=0.07 sys=0.01, real=0.02 secs] 
2021-04-24T02:48:24.485+0800: 58894.145: [GC pause (G1 Evacuation Pause) (young), 0.0232000 secs]
   [Parallel Time: 21.7 ms, GC Workers: 8]
      [GC Worker Start (ms): Min: 58894145.3, Avg: 58894146.5, Max: 58894153.0, Diff: 7.6]
      [Ext Root Scanning (ms): Min: 0.0, Avg: 3.7, Max: 11.7, Diff: 11.7, Sum: 29.5]
      [Update RS (ms): Min: 0.0, Avg: 1.5, Max: 3.5, Diff: 3.5, Sum: 12.1]
         [Processed Buffers: Min: 0, Avg: 6.2, Max: 25, Diff: 25, Sum: 50]
      [Scan RS (ms): Min: 0.0, Avg: 2.6, Max: 5.7, Diff: 5.7, Sum: 20.9]
      [Code Root Scanning (ms): Min: 0.0, Avg: 0.0, Max: 0.0, Diff: 0.0, Sum: 0.0]
      [Object Copy (ms): Min: 9.4, Avg: 12.3, Max: 13.5, Diff: 4.1, Sum: 98.8]
      [Termination (ms): Min: 0.0, Avg: 0.3, Max: 0.4, Diff: 0.4, Sum: 2.6]
         [Termination Attempts: Min: 1, Avg: 14.8, Max: 28, Diff: 27, Sum: 118]
      [GC Worker Other (ms): Min: 0.0, Avg: 0.0, Max: 0.1, Diff: 0.0, Sum: 0.2]
      [GC Worker Total (ms): Min: 14.0, Avg: 20.5, Max: 21.7, Diff: 7.7, Sum: 164.0]
      [GC Worker End (ms): Min: 58894167.0, Avg: 58894167.0, Max: 58894167.0, Diff: 0.0]
   [Code Root Fixup: 0.0 ms]
   [Code Root Purge: 0.0 ms]
   [Clear CT: 0.2 ms]
   [Other: 1.3 ms]
      [Choose CSet: 0.0 ms]
      [Ref Proc: 0.3 ms]
      [Ref Enq: 0.0 ms]
      [Redirty Cards: 0.2 ms]
      [Humongous Register: 0.1 ms]
      [Humongous Reclaim: 0.0 ms]
      [Free CSet: 0.1 ms]
   [Eden: 45.0M(45.0M)->0.0B(46.0M) Survivors: 6144.0K->5120.0K Heap: 300.4M(1024.0M)->255.8M(1024.0M)]
 [Times: user=0.07 sys=0.01, real=0.02 secs] 
2021-04-24T02:48:47.965+0800: 58917.624: [GC pause (G1 Evacuation Pause) (young), 0.0186105 secs]
   [Parallel Time: 16.5 ms, GC Workers: 8]
      [GC Worker Start (ms): Min: 58917625.7, Avg: 58917627.5, Max: 58917632.3, Diff: 6.6]
      [Ext Root Scanning (ms): Min: 0.0, Avg: 3.2, Max: 13.9, Diff: 13.9, Sum: 25.4]
      [Update RS (ms): Min: 0.0, Avg: 1.7, Max: 4.0, Diff: 4.0, Sum: 13.7]
         [Processed Buffers: Min: 0, Avg: 6.9, Max: 27, Diff: 27, Sum: 55]
      [Scan RS (ms): Min: 0.1, Avg: 3.2, Max: 10.3, Diff: 10.2, Sum: 25.7]
      [Code Root Scanning (ms): Min: 0.0, Avg: 0.0, Max: 0.0, Diff: 0.0, Sum: 0.0]
      [Object Copy (ms): Min: 1.1, Avg: 6.5, Max: 8.9, Diff: 7.8, Sum: 52.1]
      [Termination (ms): Min: 0.0, Avg: 0.0, Max: 0.0, Diff: 0.0, Sum: 0.0]
         [Termination Attempts: Min: 1, Avg: 6.4, Max: 13, Diff: 12, Sum: 51]
      [GC Worker Other (ms): Min: 0.0, Avg: 0.0, Max: 0.0, Diff: 0.0, Sum: 0.2]
      [GC Worker Total (ms): Min: 9.8, Avg: 14.6, Max: 16.4, Diff: 6.6, Sum: 117.1]
      [GC Worker End (ms): Min: 58917642.1, Avg: 58917642.1, Max: 58917642.1, Diff: 0.0]
   [Code Root Fixup: 0.0 ms]
   [Code Root Purge: 0.0 ms]
   [Clear CT: 0.1 ms]
   [Other: 2.0 ms]
      [Choose CSet: 0.0 ms]
      [Ref Proc: 0.3 ms]
      [Ref Enq: 0.0 ms]
      [Redirty Cards: 0.1 ms]
      [Humongous Register: 0.2 ms]
      [Humongous Reclaim: 0.0 ms]
      [Free CSet: 0.1 ms]
   [Eden: 46.0M(46.0M)->0.0B(44.0M) Survivors: 5120.0K->7168.0K Heap: 301.8M(1024.0M)->258.0M(1024.0M)]
 [Times: user=0.06 sys=0.00, real=0.02 secs] 
2021-04-24T02:49:10.328+0800: 58939.988: [GC pause (G1 Evacuation Pause) (young), 0.0212790 secs]
   [Parallel Time: 19.4 ms, GC Workers: 8]
      [GC Worker Start (ms): Min: 58939988.7, Avg: 58939990.1, Max: 58939996.4, Diff: 7.7]
      [Ext Root Scanning (ms): Min: 0.0, Avg: 3.3, Max: 11.3, Diff: 11.3, Sum: 26.6]
      [Update RS (ms): Min: 0.0, Avg: 2.5, Max: 5.3, Diff: 5.3, Sum: 20.3]
         [Processed Buffers: Min: 0, Avg: 6.4, Max: 22, Diff: 22, Sum: 51]
      [Scan RS (ms): Min: 0.0, Avg: 2.9, Max: 4.1, Diff: 4.1, Sum: 23.4]
      [Code Root Scanning (ms): Min: 0.0, Avg: 0.0, Max: 0.0, Diff: 0.0, Sum: 0.0]
      [Object Copy (ms): Min: 7.7, Avg: 8.8, Max: 14.3, Diff: 6.6, Sum: 70.7]
      [Termination (ms): Min: 0.0, Avg: 0.1, Max: 0.1, Diff: 0.1, Sum: 0.9]
         [Termination Attempts: Min: 1, Avg: 2.6, Max: 4, Diff: 3, Sum: 21]
      [GC Worker Other (ms): Min: 0.0, Avg: 0.0, Max: 0.1, Diff: 0.1, Sum: 0.3]
      [GC Worker Total (ms): Min: 11.5, Avg: 17.8, Max: 19.3, Diff: 7.8, Sum: 142.3]
      [GC Worker End (ms): Min: 58940007.9, Avg: 58940007.9, Max: 58940008.0, Diff: 0.1]
   [Code Root Fixup: 0.0 ms]
   [Code Root Purge: 0.0 ms]
   [Clear CT: 0.2 ms]
   [Other: 1.7 ms]
      [Choose CSet: 0.0 ms]
      [Ref Proc: 0.3 ms]
      [Ref Enq: 0.0 ms]
      [Redirty Cards: 0.1 ms]
      [Humongous Register: 0.3 ms]
      [Humongous Reclaim: 0.0 ms]
      [Free CSet: 0.1 ms]
   [Eden: 44.0M(44.0M)->0.0B(46.0M) Survivors: 7168.0K->5120.0K Heap: 302.0M(1024.0M)->256.2M(1024.0M)]
 [Times: user=0.07 sys=0.02, real=0.03 secs] 
2021-04-24T02:49:33.601+0800: 58963.260: [GC pause (G1 Evacuation Pause) (young), 0.0175437 secs]
   [Parallel Time: 15.8 ms, GC Workers: 8]
      [GC Worker Start (ms): Min: 58963260.7, Avg: 58963261.4, Max: 58963265.3, Diff: 4.7]
      [Ext Root Scanning (ms): Min: 0.0, Avg: 3.0, Max: 11.3, Diff: 11.3, Sum: 24.2]
      [Update RS (ms): Min: 0.0, Avg: 2.0, Max: 5.4, Diff: 5.4, Sum: 15.7]
         [Processed Buffers: Min: 0, Avg: 6.5, Max: 22, Diff: 22, Sum: 52]
      [Scan RS (ms): Min: 0.0, Avg: 4.3, Max: 9.8, Diff: 9.8, Sum: 34.3]
      [Code Root Scanning (ms): Min: 0.0, Avg: 0.0, Max: 0.0, Diff: 0.0, Sum: 0.0]
      [Object Copy (ms): Min: 0.9, Avg: 5.5, Max: 13.7, Diff: 12.8, Sum: 43.6]
      [Termination (ms): Min: 0.0, Avg: 0.3, Max: 0.3, Diff: 0.3, Sum: 2.1]
         [Termination Attempts: Min: 1, Avg: 7.1, Max: 10, Diff: 9, Sum: 57]
      [GC Worker Other (ms): Min: 0.0, Avg: 0.0, Max: 0.0, Diff: 0.0, Sum: 0.1]
      [GC Worker Total (ms): Min: 11.1, Avg: 15.0, Max: 15.7, Diff: 4.7, Sum: 120.0]
      [GC Worker End (ms): Min: 58963276.4, Avg: 58963276.4, Max: 58963276.4, Diff: 0.0]
   [Code Root Fixup: 0.0 ms]
   [Code Root Purge: 0.0 ms]
   [Clear CT: 0.1 ms]
   [Other: 1.7 ms]
      [Choose CSet: 0.0 ms]
      [Ref Proc: 0.7 ms]
      [Ref Enq: 0.0 ms]
      [Redirty Cards: 0.1 ms]
      [Humongous Register: 0.2 ms]
      [Humongous Reclaim: 0.0 ms]
      [Free CSet: 0.1 ms]
   [Eden: 46.0M(46.0M)->0.0B(49.0M) Survivors: 5120.0K->7168.0K Heap: 302.2M(1024.0M)->258.9M(1024.0M)]
 [Times: user=0.05 sys=0.00, real=0.01 secs] 
2021-04-24T02:49:58.484+0800: 58988.143: [GC pause (G1 Evacuation Pause) (young), 0.0209752 secs]
   [Parallel Time: 19.9 ms, GC Workers: 8]
      [GC Worker Start (ms): Min: 58988143.6, Avg: 58988143.7, Max: 58988143.9, Diff: 0.3]
      [Ext Root Scanning (ms): Min: 0.4, Avg: 2.3, Max: 5.9, Diff: 5.5, Sum: 18.6]
      [Update RS (ms): Min: 0.0, Avg: 2.2, Max: 5.2, Diff: 5.2, Sum: 17.8]
         [Processed Buffers: Min: 0, Avg: 7.0, Max: 22, Diff: 22, Sum: 56]
      [Scan RS (ms): Min: 0.0, Avg: 1.6, Max: 2.8, Diff: 2.8, Sum: 13.0]
      [Code Root Scanning (ms): Min: 0.0, Avg: 0.0, Max: 0.0, Diff: 0.0, Sum: 0.0]
      [Object Copy (ms): Min: 12.9, Avg: 13.5, Max: 16.2, Diff: 3.2, Sum: 107.7]
      [Termination (ms): Min: 0.0, Avg: 0.1, Max: 0.1, Diff: 0.1, Sum: 0.5]
         [Termination Attempts: Min: 1, Avg: 18.8, Max: 28, Diff: 27, Sum: 150]
      [GC Worker Other (ms): Min: 0.0, Avg: 0.0, Max: 0.0, Diff: 0.0, Sum: 0.1]
      [GC Worker Total (ms): Min: 19.5, Avg: 19.7, Max: 19.8, Diff: 0.3, Sum: 157.8]
      [GC Worker End (ms): Min: 58988163.4, Avg: 58988163.4, Max: 58988163.5, Diff: 0.1]
   [Code Root Fixup: 0.0 ms]
   [Code Root Purge: 0.0 ms]
   [Clear CT: 0.1 ms]
   [Other: 1.0 ms]
      [Choose CSet: 0.0 ms]
      [Ref Proc: 0.2 ms]
      [Ref Enq: 0.0 ms]
      [Redirty Cards: 0.1 ms]
      [Humongous Register: 0.1 ms]
      [Humongous Reclaim: 0.0 ms]
      [Free CSet: 0.0 ms]
   [Eden: 49.0M(49.0M)->0.0B(47.0M) Survivors: 7168.0K->5120.0K Heap: 307.9M(1024.0M)->258.0M(1024.0M)]
 [Times: user=0.05 sys=0.01, real=0.02 secs] 
2021-04-24T02:50:21.704+0800: 59011.363: [GC pause (G1 Evacuation Pause) (young), 0.0211391 secs]
   [Parallel Time: 18.8 ms, GC Workers: 8]
      [GC Worker Start (ms): Min: 59011363.3, Avg: 59011364.9, Max: 59011373.1, Diff: 9.7]
      [Ext Root Scanning (ms): Min: 0.0, Avg: 2.0, Max: 9.4, Diff: 9.4, Sum: 16.1]
      [Update RS (ms): Min: 0.0, Avg: 2.9, Max: 6.2, Diff: 6.2, Sum: 23.2]
         [Processed Buffers: Min: 0, Avg: 6.9, Max: 24, Diff: 24, Sum: 55]
      [Scan RS (ms): Min: 2.0, Avg: 3.8, Max: 5.5, Diff: 3.5, Sum: 30.5]
      [Code Root Scanning (ms): Min: 0.0, Avg: 0.0, Max: 0.0, Diff: 0.0, Sum: 0.0]
      [Object Copy (ms): Min: 5.6, Avg: 8.2, Max: 15.4, Diff: 9.8, Sum: 66.0]
      [Termination (ms): Min: 0.0, Avg: 0.0, Max: 0.1, Diff: 0.1, Sum: 0.3]
         [Termination Attempts: Min: 1, Avg: 47.9, Max: 61, Diff: 60, Sum: 383]
      [GC Worker Other (ms): Min: 0.0, Avg: 0.0, Max: 0.1, Diff: 0.1, Sum: 0.3]
      [GC Worker Total (ms): Min: 8.8, Avg: 17.1, Max: 18.7, Diff: 9.8, Sum: 136.5]
      [GC Worker End (ms): Min: 59011381.9, Avg: 59011381.9, Max: 59011382.0, Diff: 0.1]
   [Code Root Fixup: 0.0 ms]
   [Code Root Purge: 0.0 ms]
   [Clear CT: 0.2 ms]
   [Other: 2.2 ms]
      [Choose CSet: 0.0 ms]
      [Ref Proc: 0.3 ms]
      [Ref Enq: 0.0 ms]
      [Redirty Cards: 0.2 ms]
      [Humongous Register: 0.3 ms]
      [Humongous Reclaim: 0.0 ms]
      [Free CSet: 0.2 ms]
   [Eden: 46.0M(46.0M)->0.0B(47.0M) Survivors: 5120.0K->5120.0K Heap: 304.0M(1024.0M)->258.3M(1024.0M)]
 [Times: user=0.08 sys=0.01, real=0.02 secs] 
2021-04-24T02:50:44.942+0800: 59034.601: [GC pause (G1 Evacuation Pause) (young), 0.0207315 secs]
   [Parallel Time: 17.6 ms, GC Workers: 8]
      [GC Worker Start (ms): Min: 59034601.9, Avg: 59034606.0, Max: 59034613.2, Diff: 11.4]
      [Ext Root Scanning (ms): Min: 0.0, Avg: 3.9, Max: 11.5, Diff: 11.5, Sum: 30.9]
      [Update RS (ms): Min: 0.0, Avg: 1.8, Max: 5.4, Diff: 5.4, Sum: 14.5]
         [Processed Buffers: Min: 0, Avg: 6.5, Max: 22, Diff: 22, Sum: 52]
      [Scan RS (ms): Min: 0.8, Avg: 2.6, Max: 4.7, Diff: 3.8, Sum: 20.9]
      [Code Root Scanning (ms): Min: 0.0, Avg: 0.0, Max: 0.0, Diff: 0.0, Sum: 0.0]
      [Object Copy (ms): Min: 4.8, Avg: 5.0, Max: 5.2, Diff: 0.4, Sum: 40.1]
      [Termination (ms): Min: 0.0, Avg: 0.0, Max: 0.1, Diff: 0.1, Sum: 0.4]
         [Termination Attempts: Min: 1, Avg: 34.4, Max: 64, Diff: 63, Sum: 275]
      [GC Worker Other (ms): Min: 0.0, Avg: 0.0, Max: 0.0, Diff: 0.0, Sum: 0.2]
      [GC Worker Total (ms): Min: 6.1, Avg: 13.4, Max: 17.5, Diff: 11.4, Sum: 107.1]
      [GC Worker End (ms): Min: 59034619.4, Avg: 59034619.4, Max: 59034619.4, Diff: 0.0]
   [Code Root Fixup: 0.0 ms]
   [Code Root Purge: 0.0 ms]
   [Clear CT: 0.1 ms]
   [Other: 3.0 ms]
      [Choose CSet: 0.0 ms]
      [Ref Proc: 1.3 ms]
      [Ref Enq: 0.0 ms]
      [Redirty Cards: 0.1 ms]
      [Humongous Register: 0.6 ms]
      [Humongous Reclaim: 0.0 ms]
      [Free CSet: 0.1 ms]
   [Eden: 46.0M(46.0M)->0.0B(44.0M) Survivors: 5120.0K->7168.0K Heap: 304.3M(1024.0M)->261.1M(1024.0M)]
 [Times: user=0.07 sys=0.01, real=0.02 secs] 
2021-04-24T02:51:07.241+0800: 59056.900: [GC pause (G1 Evacuation Pause) (young), 0.0215291 secs]
   [Parallel Time: 19.9 ms, GC Workers: 8]
      [GC Worker Start (ms): Min: 59056900.1, Avg: 59056901.1, Max: 59056906.9, Diff: 6.8]
      [Ext Root Scanning (ms): Min: 0.0, Avg: 3.0, Max: 11.0, Diff: 11.0, Sum: 23.7]
      [Update RS (ms): Min: 0.0, Avg: 1.9, Max: 4.5, Diff: 4.5, Sum: 15.2]
         [Processed Buffers: Min: 0, Avg: 5.5, Max: 16, Diff: 16, Sum: 44]
      [Scan RS (ms): Min: 0.0, Avg: 2.3, Max: 3.7, Diff: 3.7, Sum: 18.1]
      [Code Root Scanning (ms): Min: 0.0, Avg: 0.0, Max: 0.0, Diff: 0.0, Sum: 0.0]
      [Object Copy (ms): Min: 8.7, Avg: 11.6, Max: 16.9, Diff: 8.1, Sum: 92.6]
      [Termination (ms): Min: 0.0, Avg: 0.0, Max: 0.1, Diff: 0.1, Sum: 0.4]
         [Termination Attempts: Min: 1, Avg: 2.5, Max: 7, Diff: 6, Sum: 20]
      [GC Worker Other (ms): Min: 0.0, Avg: 0.0, Max: 0.0, Diff: 0.0, Sum: 0.2]
      [GC Worker Total (ms): Min: 13.0, Avg: 18.8, Max: 19.8, Diff: 6.7, Sum: 150.1]
      [GC Worker End (ms): Min: 59056919.9, Avg: 59056919.9, Max: 59056919.9, Diff: 0.1]
   [Code Root Fixup: 0.0 ms]
   [Code Root Purge: 0.0 ms]
   [Clear CT: 0.1 ms]
   [Other: 1.4 ms]
      [Choose CSet: 0.0 ms]
      [Ref Proc: 0.4 ms]
      [Ref Enq: 0.0 ms]
      [Redirty Cards: 0.2 ms]
      [Humongous Register: 0.2 ms]
      [Humongous Reclaim: 0.0 ms]
      [Free CSet: 0.1 ms]
   [Eden: 44.0M(44.0M)->0.0B(44.0M) Survivors: 7168.0K->7168.0K Heap: 305.1M(1024.0M)->262.3M(1024.0M)]
 [Times: user=0.08 sys=0.01, real=0.02 secs] 
2021-04-24T02:51:29.220+0800: 59078.879: [GC pause (G1 Evacuation Pause) (young), 0.0193337 secs]
   [Parallel Time: 18.4 ms, GC Workers: 8]
      [GC Worker Start (ms): Min: 59078879.8, Avg: 59078880.2, Max: 59078881.0, Diff: 1.2]
      [Ext Root Scanning (ms): Min: 0.0, Avg: 2.6, Max: 16.9, Diff: 16.9, Sum: 20.8]
      [Update RS (ms): Min: 0.0, Avg: 2.7, Max: 5.9, Diff: 5.9, Sum: 21.2]
         [Processed Buffers: Min: 0, Avg: 6.4, Max: 20, Diff: 20, Sum: 51]
      [Scan RS (ms): Min: 0.0, Avg: 2.0, Max: 2.9, Diff: 2.9, Sum: 15.7]
      [Code Root Scanning (ms): Min: 0.0, Avg: 0.0, Max: 0.0, Diff: 0.0, Sum: 0.0]
      [Object Copy (ms): Min: 1.2, Avg: 10.4, Max: 14.2, Diff: 13.0, Sum: 82.9]
      [Termination (ms): Min: 0.0, Avg: 0.2, Max: 0.3, Diff: 0.3, Sum: 1.7]
         [Termination Attempts: Min: 1, Avg: 1.4, Max: 2, Diff: 1, Sum: 11]
      [GC Worker Other (ms): Min: 0.0, Avg: 0.0, Max: 0.1, Diff: 0.1, Sum: 0.2]
      [GC Worker Total (ms): Min: 17.1, Avg: 17.8, Max: 18.2, Diff: 1.1, Sum: 142.6]
      [GC Worker End (ms): Min: 59078898.0, Avg: 59078898.0, Max: 59078898.0, Diff: 0.0]
   [Code Root Fixup: 0.0 ms]
   [Code Root Purge: 0.0 ms]
   [Clear CT: 0.1 ms]
   [Other: 0.8 ms]
      [Choose CSet: 0.0 ms]
      [Ref Proc: 0.2 ms]
      [Ref Enq: 0.0 ms]
      [Redirty Cards: 0.1 ms]
      [Humongous Register: 0.1 ms]
      [Humongous Reclaim: 0.0 ms]
      [Free CSet: 0.1 ms]
   [Eden: 44.0M(44.0M)->0.0B(57.0M) Survivors: 7168.0K->6144.0K Heap: 306.3M(1024.0M)->262.5M(1024.0M)]
 [Times: user=0.06 sys=0.01, real=0.02 secs] 
2021-04-24T02:51:51.708+0800: 59101.367: [GC pause (G1 Evacuation Pause) (young), 0.0200066 secs]
   [Parallel Time: 17.9 ms, GC Workers: 8]
      [GC Worker Start (ms): Min: 59101368.4, Avg: 59101368.6, Max: 59101368.7, Diff: 0.3]
      [Ext Root Scanning (ms): Min: 1.5, Avg: 3.3, Max: 12.0, Diff: 10.4, Sum: 26.8]
      [Update RS (ms): Min: 0.0, Avg: 6.0, Max: 10.5, Diff: 10.5, Sum: 48.0]
         [Processed Buffers: Min: 0, Avg: 6.9, Max: 26, Diff: 26, Sum: 55]
      [Scan RS (ms): Min: 0.0, Avg: 1.6, Max: 3.2, Diff: 3.2, Sum: 12.4]
      [Code Root Scanning (ms): Min: 0.0, Avg: 0.0, Max: 0.0, Diff: 0.0, Sum: 0.0]
      [Object Copy (ms): Min: 4.8, Avg: 6.7, Max: 8.1, Diff: 3.2, Sum: 53.7]
      [Termination (ms): Min: 0.0, Avg: 0.0, Max: 0.0, Diff: 0.0, Sum: 0.0]
         [Termination Attempts: Min: 1, Avg: 4.6, Max: 8, Diff: 7, Sum: 37]
      [GC Worker Other (ms): Min: 0.0, Avg: 0.1, Max: 0.1, Diff: 0.1, Sum: 0.6]
      [GC Worker Total (ms): Min: 17.5, Avg: 17.7, Max: 17.8, Diff: 0.3, Sum: 141.5]
      [GC Worker End (ms): Min: 59101386.2, Avg: 59101386.2, Max: 59101386.3, Diff: 0.0]
   [Code Root Fixup: 0.0 ms]
   [Code Root Purge: 0.0 ms]
   [Clear CT: 0.1 ms]
   [Other: 1.9 ms]
      [Choose CSet: 0.0 ms]
      [Ref Proc: 0.3 ms]
      [Ref Enq: 0.0 ms]
      [Redirty Cards: 0.1 ms]
      [Humongous Register: 0.4 ms]
      [Humongous Reclaim: 0.0 ms]
      [Free CSet: 0.2 ms]
   [Eden: 45.0M(45.0M)->0.0B(44.0M) Survivors: 6144.0K->7168.0K Heap: 307.5M(1024.0M)->263.5M(1024.0M)]
 [Times: user=0.06 sys=0.01, real=0.02 secs] 
2021-04-24T02:52:13.722+0800: 59123.380: [GC pause (G1 Evacuation Pause) (young), 0.0198501 secs]
   [Parallel Time: 18.0 ms, GC Workers: 8]
      [GC Worker Start (ms): Min: 59123380.7, Avg: 59123380.9, Max: 59123381.1, Diff: 0.3]
      [Ext Root Scanning (ms): Min: 0.4, Avg: 4.3, Max: 9.2, Diff: 8.8, Sum: 34.0]
      [Update RS (ms): Min: 0.0, Avg: 1.5, Max: 3.2, Diff: 3.2, Sum: 11.7]
         [Processed Buffers: Min: 0, Avg: 5.6, Max: 18, Diff: 18, Sum: 45]
      [Scan RS (ms): Min: 0.0, Avg: 2.9, Max: 5.1, Diff: 5.1, Sum: 23.5]
      [Code Root Scanning (ms): Min: 0.0, Avg: 0.0, Max: 0.0, Diff: 0.0, Sum: 0.0]
      [Object Copy (ms): Min: 8.6, Avg: 9.1, Max: 9.3, Diff: 0.7, Sum: 72.5]
      [Termination (ms): Min: 0.0, Avg: 0.1, Max: 0.1, Diff: 0.1, Sum: 0.7]
         [Termination Attempts: Min: 1, Avg: 1.5, Max: 3, Diff: 2, Sum: 12]
      [GC Worker Other (ms): Min: 0.0, Avg: 0.0, Max: 0.0, Diff: 0.0, Sum: 0.2]
      [GC Worker Total (ms): Min: 17.6, Avg: 17.8, Max: 18.0, Diff: 0.3, Sum: 142.7]
      [GC Worker End (ms): Min: 59123398.7, Avg: 59123398.7, Max: 59123398.7, Diff: 0.0]
   [Code Root Fixup: 0.0 ms]
   [Code Root Purge: 0.0 ms]
   [Clear CT: 0.1 ms]
   [Other: 1.7 ms]
      [Choose CSet: 0.0 ms]
      [Ref Proc: 0.8 ms]
      [Ref Enq: 0.0 ms]
      [Redirty Cards: 0.1 ms]
      [Humongous Register: 0.1 ms]
      [Humongous Reclaim: 0.0 ms]
      [Free CSet: 0.1 ms]
   [Eden: 44.0M(44.0M)->0.0B(61.0M) Survivors: 7168.0K->6144.0K Heap: 307.5M(1024.0M)->263.1M(1024.0M)]
 [Times: user=0.06 sys=0.00, real=0.02 secs] 
2021-04-24T02:52:44.061+0800: 59153.720: [GC pause (G1 Evacuation Pause) (young), 0.0200754 secs]
   [Parallel Time: 18.8 ms, GC Workers: 8]
      [GC Worker Start (ms): Min: 59153720.5, Avg: 59153721.3, Max: 59153726.1, Diff: 5.5]
      [Ext Root Scanning (ms): Min: 0.0, Avg: 2.4, Max: 10.2, Diff: 10.2, Sum: 19.5]
      [Update RS (ms): Min: 0.0, Avg: 1.7, Max: 3.7, Diff: 3.7, Sum: 13.8]
         [Processed Buffers: Min: 0, Avg: 6.4, Max: 24, Diff: 24, Sum: 51]
      [Scan RS (ms): Min: 0.0, Avg: 1.7, Max: 2.8, Diff: 2.8, Sum: 13.7]
      [Code Root Scanning (ms): Min: 0.0, Avg: 0.0, Max: 0.0, Diff: 0.0, Sum: 0.0]
      [Object Copy (ms): Min: 8.3, Avg: 11.8, Max: 17.7, Diff: 9.4, Sum: 94.8]
      [Termination (ms): Min: 0.0, Avg: 0.2, Max: 0.3, Diff: 0.3, Sum: 1.5]
         [Termination Attempts: Min: 1, Avg: 2.4, Max: 5, Diff: 4, Sum: 19]
      [GC Worker Other (ms): Min: 0.0, Avg: 0.0, Max: 0.1, Diff: 0.0, Sum: 0.2]
      [GC Worker Total (ms): Min: 13.2, Avg: 17.9, Max: 18.7, Diff: 5.5, Sum: 143.4]
      [GC Worker End (ms): Min: 59153739.2, Avg: 59153739.2, Max: 59153739.3, Diff: 0.0]
   [Code Root Fixup: 0.0 ms]
   [Code Root Purge: 0.0 ms]
   [Clear CT: 0.1 ms]
   [Other: 1.1 ms]
      [Choose CSet: 0.0 ms]
      [Ref Proc: 0.2 ms]
      [Ref Enq: 0.0 ms]
      [Redirty Cards: 0.1 ms]
      [Humongous Register: 0.2 ms]
      [Humongous Reclaim: 0.0 ms]
      [Free CSet: 0.1 ms]
   [Eden: 61.0M(61.0M)->0.0B(88.0M) Survivors: 6144.0K->9216.0K Heap: 324.1M(1024.0M)->266.4M(1024.0M)]
 [Times: user=0.07 sys=0.01, real=0.02 secs] 
2021-04-24T02:53:28.065+0800: 59197.724: [GC pause (G1 Evacuation Pause) (young), 0.0198894 secs]
   [Parallel Time: 18.5 ms, GC Workers: 8]
      [GC Worker Start (ms): Min: 59197724.3, Avg: 59197724.6, Max: 59197725.1, Diff: 0.7]
      [Ext Root Scanning (ms): Min: 0.0, Avg: 2.2, Max: 7.7, Diff: 7.7, Sum: 17.3]
      [Update RS (ms): Min: 0.0, Avg: 2.4, Max: 5.1, Diff: 5.1, Sum: 18.9]
         [Processed Buffers: Min: 0, Avg: 6.6, Max: 24, Diff: 24, Sum: 53]
      [Scan RS (ms): Min: 0.0, Avg: 2.0, Max: 3.3, Diff: 3.3, Sum: 16.2]
      [Code Root Scanning (ms): Min: 0.0, Avg: 0.0, Max: 0.0, Diff: 0.0, Sum: 0.0]
      [Object Copy (ms): Min: 10.5, Avg: 11.5, Max: 14.4, Diff: 3.9, Sum: 91.9]
      [Termination (ms): Min: 0.0, Avg: 0.2, Max: 0.3, Diff: 0.3, Sum: 1.6]
         [Termination Attempts: Min: 1, Avg: 1.1, Max: 2, Diff: 1, Sum: 9]
      [GC Worker Other (ms): Min: 0.0, Avg: 0.0, Max: 0.0, Diff: 0.0, Sum: 0.1]
      [GC Worker Total (ms): Min: 17.7, Avg: 18.3, Max: 18.5, Diff: 0.7, Sum: 146.1]
      [GC Worker End (ms): Min: 59197742.8, Avg: 59197742.8, Max: 59197742.8, Diff: 0.0]
   [Code Root Fixup: 0.0 ms]
   [Code Root Purge: 0.0 ms]
   [Clear CT: 0.1 ms]
   [Other: 1.3 ms]
      [Choose CSet: 0.0 ms]
      [Ref Proc: 0.2 ms]
      [Ref Enq: 0.0 ms]
      [Redirty Cards: 0.1 ms]
      [Humongous Register: 0.1 ms]
      [Humongous Reclaim: 0.0 ms]
      [Free CSet: 0.1 ms]
   [Eden: 88.0M(88.0M)->0.0B(109.0M) Survivors: 9216.0K->8192.0K Heap: 354.4M(1024.0M)->265.7M(1024.0M)]
 [Times: user=0.06 sys=0.01, real=0.02 secs] 
2021-04-24T02:53:50.526+0800: 59220.184: [GC pause (G1 Evacuation Pause) (young), 0.0317398 secs]
   [Parallel Time: 30.3 ms, GC Workers: 8]
      [GC Worker Start (ms): Min: 59220184.9, Avg: 59220185.9, Max: 59220188.2, Diff: 3.2]
      [Ext Root Scanning (ms): Min: 0.0, Avg: 1.3, Max: 3.4, Diff: 3.4, Sum: 10.4]
      [Update RS (ms): Min: 0.0, Avg: 3.0, Max: 7.3, Diff: 7.3, Sum: 23.9]
         [Processed Buffers: Min: 0, Avg: 6.1, Max: 19, Diff: 19, Sum: 49]
      [Scan RS (ms): Min: 0.0, Avg: 2.1, Max: 3.7, Diff: 3.7, Sum: 17.0]
      [Code Root Scanning (ms): Min: 0.0, Avg: 0.1, Max: 0.4, Diff: 0.4, Sum: 0.4]
      [Object Copy (ms): Min: 21.1, Avg: 22.6, Max: 23.3, Diff: 2.3, Sum: 181.1]
      [Termination (ms): Min: 0.0, Avg: 0.1, Max: 0.1, Diff: 0.1, Sum: 0.5]
         [Termination Attempts: Min: 1, Avg: 1.1, Max: 2, Diff: 1, Sum: 9]
      [GC Worker Other (ms): Min: 0.0, Avg: 0.0, Max: 0.1, Diff: 0.1, Sum: 0.3]
      [GC Worker Total (ms): Min: 26.9, Avg: 29.2, Max: 30.1, Diff: 3.2, Sum: 233.7]
      [GC Worker End (ms): Min: 59220215.1, Avg: 59220215.1, Max: 59220215.1, Diff: 0.0]
   [Code Root Fixup: 0.0 ms]
   [Code Root Purge: 0.0 ms]
   [Clear CT: 0.1 ms]
   [Other: 1.3 ms]
      [Choose CSet: 0.0 ms]
      [Ref Proc: 0.3 ms]
      [Ref Enq: 0.0 ms]
      [Redirty Cards: 0.2 ms]
      [Humongous Register: 0.2 ms]
      [Humongous Reclaim: 0.0 ms]
      [Free CSet: 0.1 ms]
   [Eden: 43.0M(43.0M)->0.0B(44.0M) Survivors: 8192.0K->7168.0K Heap: 308.7M(1024.0M)->266.3M(1024.0M)]
 [Times: user=0.07 sys=0.02, real=0.03 secs] 
2021-04-24T02:54:13.074+0800: 59242.733: [GC pause (G1 Evacuation Pause) (young), 0.0200897 secs]
   [Parallel Time: 18.9 ms, GC Workers: 8]
      [GC Worker Start (ms): Min: 59242733.1, Avg: 59242733.6, Max: 59242734.6, Diff: 1.5]
      [Ext Root Scanning (ms): Min: 0.1, Avg: 5.8, Max: 14.0, Diff: 13.9, Sum: 46.6]
      [Update RS (ms): Min: 0.0, Avg: 2.0, Max: 4.1, Diff: 4.1, Sum: 16.1]
         [Processed Buffers: Min: 0, Avg: 6.6, Max: 21, Diff: 21, Sum: 53]
      [Scan RS (ms): Min: 0.0, Avg: 3.0, Max: 5.3, Diff: 5.3, Sum: 23.9]
      [Code Root Scanning (ms): Min: 0.0, Avg: 0.0, Max: 0.0, Diff: 0.0, Sum: 0.0]
      [Object Copy (ms): Min: 4.6, Avg: 7.3, Max: 9.1, Diff: 4.5, Sum: 58.7]
      [Termination (ms): Min: 0.0, Avg: 0.1, Max: 0.2, Diff: 0.2, Sum: 0.9]
         [Termination Attempts: Min: 1, Avg: 3.4, Max: 7, Diff: 6, Sum: 27]
      [GC Worker Other (ms): Min: 0.0, Avg: 0.0, Max: 0.0, Diff: 0.0, Sum: 0.2]
      [GC Worker Total (ms): Min: 17.3, Avg: 18.3, Max: 18.8, Diff: 1.5, Sum: 146.5]
      [GC Worker End (ms): Min: 59242751.9, Avg: 59242751.9, Max: 59242751.9, Diff: 0.1]
   [Code Root Fixup: 0.0 ms]
   [Code Root Purge: 0.0 ms]
   [Clear CT: 0.1 ms]
   [Other: 1.1 ms]
      [Choose CSet: 0.0 ms]
      [Ref Proc: 0.3 ms]
      [Ref Enq: 0.0 ms]
      [Redirty Cards: 0.1 ms]
      [Humongous Register: 0.1 ms]
      [Humongous Reclaim: 0.0 ms]
      [Free CSet: 0.1 ms]
   [Eden: 44.0M(44.0M)->0.0B(46.0M) Survivors: 7168.0K->5120.0K Heap: 310.3M(1024.0M)->266.3M(1024.0M)]
 [Times: user=0.07 sys=0.01, real=0.02 secs] 
2021-04-24T02:54:36.383+0800: 59266.041: [GC pause (G1 Evacuation Pause) (young), 0.0180593 secs]
   [Parallel Time: 16.7 ms, GC Workers: 8]
      [GC Worker Start (ms): Min: 59266041.6, Avg: 59266045.7, Max: 59266058.0, Diff: 16.4]
      [Ext Root Scanning (ms): Min: 0.0, Avg: 1.1, Max: 5.6, Diff: 5.6, Sum: 9.0]
      [Update RS (ms): Min: 0.0, Avg: 1.6, Max: 3.5, Diff: 3.5, Sum: 13.1]
         [Processed Buffers: Min: 0, Avg: 6.1, Max: 14, Diff: 14, Sum: 49]
      [Scan RS (ms): Min: 0.0, Avg: 2.3, Max: 5.9, Diff: 5.9, Sum: 18.8]
      [Code Root Scanning (ms): Min: 0.0, Avg: 0.0, Max: 0.0, Diff: 0.0, Sum: 0.0]
      [Object Copy (ms): Min: 0.0, Avg: 7.0, Max: 8.8, Diff: 8.8, Sum: 55.6]
      [Termination (ms): Min: 0.0, Avg: 0.2, Max: 0.3, Diff: 0.3, Sum: 1.6]
         [Termination Attempts: Min: 1, Avg: 1.0, Max: 1, Diff: 0, Sum: 8]
      [GC Worker Other (ms): Min: 0.0, Avg: 0.2, Max: 1.3, Diff: 1.3, Sum: 1.4]
      [GC Worker Total (ms): Min: 0.1, Avg: 12.4, Max: 16.5, Diff: 16.4, Sum: 99.5]
      [GC Worker End (ms): Min: 59266058.0, Avg: 59266058.2, Max: 59266058.3, Diff: 0.2]
   [Code Root Fixup: 0.1 ms]
   [Code Root Purge: 0.0 ms]
   [Clear CT: 0.1 ms]
   [Other: 1.2 ms]
      [Choose CSet: 0.0 ms]
      [Ref Proc: 0.2 ms]
      [Ref Enq: 0.0 ms]
      [Redirty Cards: 0.1 ms]
      [Humongous Register: 0.1 ms]
      [Humongous Reclaim: 0.0 ms]
      [Free CSet: 0.1 ms]
   [Eden: 46.0M(46.0M)->0.0B(46.0M) Survivors: 5120.0K->5120.0K Heap: 312.3M(1024.0M)->266.8M(1024.0M)]
 [Times: user=0.06 sys=0.00, real=0.02 secs] 
2021-04-24T02:54:59.662+0800: 59289.320: [GC pause (G1 Evacuation Pause) (young), 0.0215496 secs]
   [Parallel Time: 20.1 ms, GC Workers: 8]
      [GC Worker Start (ms): Min: 59289320.6, Avg: 59289324.0, Max: 59289331.3, Diff: 10.6]
      [Ext Root Scanning (ms): Min: 0.0, Avg: 2.3, Max: 6.9, Diff: 6.9, Sum: 18.4]
      [Update RS (ms): Min: 0.0, Avg: 2.5, Max: 6.3, Diff: 6.3, Sum: 20.0]
         [Processed Buffers: Min: 0, Avg: 6.4, Max: 20, Diff: 20, Sum: 51]
      [Scan RS (ms): Min: 0.1, Avg: 2.2, Max: 3.5, Diff: 3.5, Sum: 17.8]
      [Code Root Scanning (ms): Min: 0.0, Avg: 0.0, Max: 0.0, Diff: 0.0, Sum: 0.0]
      [Object Copy (ms): Min: 9.0, Avg: 9.4, Max: 9.9, Diff: 0.9, Sum: 75.0]
      [Termination (ms): Min: 0.0, Avg: 0.2, Max: 0.3, Diff: 0.3, Sum: 1.8]
         [Termination Attempts: Min: 1, Avg: 11.1, Max: 24, Diff: 23, Sum: 89]
      [GC Worker Other (ms): Min: 0.0, Avg: 0.0, Max: 0.0, Diff: 0.0, Sum: 0.1]
      [GC Worker Total (ms): Min: 9.4, Avg: 16.6, Max: 20.0, Diff: 10.6, Sum: 133.2]
      [GC Worker End (ms): Min: 59289340.6, Avg: 59289340.7, Max: 59289340.7, Diff: 0.0]
   [Code Root Fixup: 0.0 ms]
   [Code Root Purge: 0.0 ms]
   [Clear CT: 0.1 ms]
   [Other: 1.3 ms]
      [Choose CSet: 0.0 ms]
      [Ref Proc: 0.2 ms]
      [Ref Enq: 0.0 ms]
      [Redirty Cards: 0.1 ms]
      [Humongous Register: 0.2 ms]
      [Humongous Reclaim: 0.0 ms]
      [Free CSet: 0.1 ms]
   [Eden: 46.0M(46.0M)->0.0B(51.0M) Survivors: 5120.0K->5120.0K Heap: 312.8M(1024.0M)->267.9M(1024.0M)]
 [Times: user=0.07 sys=0.01, real=0.02 secs] 
2021-04-24T02:55:25.344+0800: 59315.002: [GC pause (G1 Evacuation Pause) (young), 0.0163787 secs]
   [Parallel Time: 15.0 ms, GC Workers: 8]
      [GC Worker Start (ms): Min: 59315002.4, Avg: 59315003.4, Max: 59315009.3, Diff: 6.9]
      [Ext Root Scanning (ms): Min: 0.0, Avg: 2.8, Max: 10.1, Diff: 10.1, Sum: 22.3]
      [Update RS (ms): Min: 0.0, Avg: 3.2, Max: 9.5, Diff: 9.5, Sum: 26.0]
         [Processed Buffers: Min: 0, Avg: 6.0, Max: 21, Diff: 21, Sum: 48]
      [Scan RS (ms): Min: 0.0, Avg: 3.0, Max: 5.3, Diff: 5.3, Sum: 24.0]
      [Code Root Scanning (ms): Min: 0.0, Avg: 0.0, Max: 0.0, Diff: 0.0, Sum: 0.0]
      [Object Copy (ms): Min: 4.7, Avg: 4.9, Max: 5.2, Diff: 0.5, Sum: 39.4]
      [Termination (ms): Min: 0.0, Avg: 0.0, Max: 0.0, Diff: 0.0, Sum: 0.1]
         [Termination Attempts: Min: 1, Avg: 13.4, Max: 22, Diff: 21, Sum: 107]
      [GC Worker Other (ms): Min: 0.0, Avg: 0.0, Max: 0.1, Diff: 0.1, Sum: 0.3]
      [GC Worker Total (ms): Min: 8.1, Avg: 14.0, Max: 14.9, Diff: 6.8, Sum: 112.1]
      [GC Worker End (ms): Min: 59315017.3, Avg: 59315017.4, Max: 59315017.4, Diff: 0.0]
   [Code Root Fixup: 0.0 ms]
   [Code Root Purge: 0.0 ms]
   [Clear CT: 0.1 ms]
   [Other: 1.2 ms]
      [Choose CSet: 0.0 ms]
      [Ref Proc: 0.2 ms]
      [Ref Enq: 0.0 ms]
      [Redirty Cards: 0.1 ms]
      [Humongous Register: 0.3 ms]
      [Humongous Reclaim: 0.0 ms]
      [Free CSet: 0.1 ms]
   [Eden: 51.0M(51.0M)->0.0B(78.0M) Survivors: 5120.0K->7168.0K Heap: 318.9M(1024.0M)->269.8M(1024.0M)]
 [Times: user=0.07 sys=0.00, real=0.02 secs] 
2021-04-24T02:55:47.448+0800: 59337.106: [GC pause (G1 Evacuation Pause) (young), 0.0167437 secs]
   [Parallel Time: 15.2 ms, GC Workers: 8]
      [GC Worker Start (ms): Min: 59337106.4, Avg: 59337108.0, Max: 59337118.3, Diff: 11.9]
      [Ext Root Scanning (ms): Min: 0.0, Avg: 3.4, Max: 13.2, Diff: 13.2, Sum: 27.1]
      [Update RS (ms): Min: 0.0, Avg: 1.2, Max: 2.9, Diff: 2.9, Sum: 9.9]
         [Processed Buffers: Min: 0, Avg: 6.1, Max: 16, Diff: 16, Sum: 49]
      [Scan RS (ms): Min: 0.0, Avg: 3.2, Max: 5.9, Diff: 5.9, Sum: 25.6]
      [Code Root Scanning (ms): Min: 0.0, Avg: 0.0, Max: 0.0, Diff: 0.0, Sum: 0.0]
      [Object Copy (ms): Min: 1.6, Avg: 5.5, Max: 7.4, Diff: 5.8, Sum: 44.1]
      [Termination (ms): Min: 0.0, Avg: 0.1, Max: 0.1, Diff: 0.1, Sum: 0.7]
         [Termination Attempts: Min: 1, Avg: 15.9, Max: 27, Diff: 26, Sum: 127]
      [GC Worker Other (ms): Min: 0.0, Avg: 0.0, Max: 0.1, Diff: 0.0, Sum: 0.2]
      [GC Worker Total (ms): Min: 3.1, Avg: 13.5, Max: 15.1, Diff: 12.0, Sum: 107.8]
      [GC Worker End (ms): Min: 59337121.5, Avg: 59337121.5, Max: 59337121.5, Diff: 0.0]
   [Code Root Fixup: 0.0 ms]
   [Code Root Purge: 0.0 ms]
   [Clear CT: 0.1 ms]
   [Other: 1.4 ms]
      [Choose CSet: 0.0 ms]
      [Ref Proc: 0.2 ms]
      [Ref Enq: 0.0 ms]
      [Redirty Cards: 0.1 ms]
      [Humongous Register: 0.1 ms]
      [Humongous Reclaim: 0.0 ms]
      [Free CSet: 0.1 ms]
   [Eden: 44.0M(44.0M)->0.0B(104.0M) Survivors: 7168.0K->7168.0K Heap: 313.8M(1024.0M)->270.1M(1024.0M)]
 [Times: user=0.06 sys=0.00, real=0.02 secs] 
2021-04-24T02:56:39.710+0800: 59389.368: [GC pause (G1 Evacuation Pause) (young), 0.0238066 secs]
   [Parallel Time: 21.8 ms, GC Workers: 8]
      [GC Worker Start (ms): Min: 59389368.9, Avg: 59389369.6, Max: 59389372.7, Diff: 3.7]
      [Ext Root Scanning (ms): Min: 0.0, Avg: 2.9, Max: 6.6, Diff: 6.6, Sum: 23.0]
      [Update RS (ms): Min: 0.0, Avg: 1.8, Max: 5.1, Diff: 5.1, Sum: 14.1]
         [Processed Buffers: Min: 0, Avg: 6.4, Max: 14, Diff: 14, Sum: 51]
      [Scan RS (ms): Min: 0.0, Avg: 2.1, Max: 3.9, Diff: 3.9, Sum: 16.4]
      [Code Root Scanning (ms): Min: 0.0, Avg: 0.0, Max: 0.0, Diff: 0.0, Sum: 0.0]
      [Object Copy (ms): Min: 12.7, Avg: 14.1, Max: 18.0, Diff: 5.3, Sum: 113.2]
      [Termination (ms): Min: 0.0, Avg: 0.1, Max: 0.1, Diff: 0.1, Sum: 0.6]
         [Termination Attempts: Min: 1, Avg: 1.2, Max: 2, Diff: 1, Sum: 10]
      [GC Worker Other (ms): Min: 0.0, Avg: 0.0, Max: 0.1, Diff: 0.1, Sum: 0.3]
      [GC Worker Total (ms): Min: 17.9, Avg: 21.0, Max: 21.6, Diff: 3.7, Sum: 167.6]
      [GC Worker End (ms): Min: 59389390.6, Avg: 59389390.6, Max: 59389390.6, Diff: 0.1]
   [Code Root Fixup: 0.0 ms]
   [Code Root Purge: 0.0 ms]
   [Clear CT: 0.3 ms]
   [Other: 1.7 ms]
      [Choose CSet: 0.0 ms]
      [Ref Proc: 0.5 ms]
      [Ref Enq: 0.0 ms]
      [Redirty Cards: 0.1 ms]
      [Humongous Register: 0.3 ms]
      [Humongous Reclaim: 0.0 ms]
      [Free CSet: 0.2 ms]
   [Eden: 104.0M(104.0M)->0.0B(78.0M) Survivors: 7168.0K->9216.0K Heap: 374.1M(1024.0M)->272.1M(1024.0M)]
 [Times: user=0.06 sys=0.01, real=0.02 secs] 
2021-04-24T02:57:19.056+0800: 59428.714: [GC pause (G1 Evacuation Pause) (young), 0.0188518 secs]
   [Parallel Time: 17.7 ms, GC Workers: 8]
      [GC Worker Start (ms): Min: 59428714.8, Avg: 59428716.2, Max: 59428725.1, Diff: 10.4]
      [Ext Root Scanning (ms): Min: 0.0, Avg: 4.9, Max: 11.6, Diff: 11.5, Sum: 39.1]
      [Update RS (ms): Min: 0.0, Avg: 2.3, Max: 5.5, Diff: 5.5, Sum: 18.1]
         [Processed Buffers: Min: 0, Avg: 6.8, Max: 22, Diff: 22, Sum: 54]
      [Scan RS (ms): Min: 0.0, Avg: 3.1, Max: 6.0, Diff: 6.0, Sum: 24.4]
      [Code Root Scanning (ms): Min: 0.0, Avg: 0.0, Max: 0.0, Diff: 0.0, Sum: 0.0]
      [Object Copy (ms): Min: 5.8, Avg: 5.9, Max: 6.0, Diff: 0.2, Sum: 47.2]
      [Termination (ms): Min: 0.0, Avg: 0.0, Max: 0.0, Diff: 0.0, Sum: 0.2]
         [Termination Attempts: Min: 1, Avg: 77.0, Max: 117, Diff: 116, Sum: 616]
      [GC Worker Other (ms): Min: 0.0, Avg: 0.0, Max: 0.1, Diff: 0.1, Sum: 0.4]
      [GC Worker Total (ms): Min: 7.3, Avg: 16.2, Max: 17.7, Diff: 10.4, Sum: 129.6]
      [GC Worker End (ms): Min: 59428732.4, Avg: 59428732.4, Max: 59428732.5, Diff: 0.1]
   [Code Root Fixup: 0.0 ms]
   [Code Root Purge: 0.0 ms]
   [Clear CT: 0.1 ms]
   [Other: 1.0 ms]
      [Choose CSet: 0.0 ms]
      [Ref Proc: 0.2 ms]
      [Ref Enq: 0.0 ms]
      [Redirty Cards: 0.1 ms]
      [Humongous Register: 0.2 ms]
      [Humongous Reclaim: 0.0 ms]
      [Free CSet: 0.1 ms]
   [Eden: 78.0M(78.0M)->0.0B(65.0M) Survivors: 9216.0K->9216.0K Heap: 350.1M(1024.0M)->271.6M(1024.0M)]
 [Times: user=0.08 sys=0.00, real=0.02 secs] 
2021-04-24T02:57:40.180+0800: 59449.838: [GC pause (G1 Evacuation Pause) (young), 0.0407271 secs]
   [Parallel Time: 39.2 ms, GC Workers: 8]
      [GC Worker Start (ms): Min: 59449838.7, Avg: 59449840.2, Max: 59449845.6, Diff: 6.9]
      [Ext Root Scanning (ms): Min: 0.0, Avg: 2.3, Max: 8.5, Diff: 8.5, Sum: 18.7]
      [Update RS (ms): Min: 0.0, Avg: 1.1, Max: 2.6, Diff: 2.6, Sum: 8.8]
         [Processed Buffers: Min: 0, Avg: 6.2, Max: 21, Diff: 21, Sum: 50]
      [Scan RS (ms): Min: 0.0, Avg: 3.4, Max: 5.3, Diff: 5.3, Sum: 27.0]
      [Code Root Scanning (ms): Min: 0.0, Avg: 0.0, Max: 0.0, Diff: 0.0, Sum: 0.0]
      [Object Copy (ms): Min: 30.4, Avg: 30.7, Max: 31.0, Diff: 0.5, Sum: 245.8]
      [Termination (ms): Min: 0.0, Avg: 0.1, Max: 0.1, Diff: 0.1, Sum: 0.4]
         [Termination Attempts: Min: 1, Avg: 33.0, Max: 43, Diff: 42, Sum: 264]
      [GC Worker Other (ms): Min: 0.0, Avg: 0.0, Max: 0.1, Diff: 0.1, Sum: 0.3]
      [GC Worker Total (ms): Min: 32.2, Avg: 37.6, Max: 39.2, Diff: 6.9, Sum: 301.1]
      [GC Worker End (ms): Min: 59449877.8, Avg: 59449877.9, Max: 59449877.9, Diff: 0.1]
   [Code Root Fixup: 0.0 ms]
   [Code Root Purge: 0.0 ms]
   [Clear CT: 0.1 ms]
   [Other: 1.4 ms]
      [Choose CSet: 0.0 ms]
      [Ref Proc: 0.2 ms]
      [Ref Enq: 0.0 ms]
      [Redirty Cards: 0.1 ms]
      [Humongous Register: 0.2 ms]
      [Humongous Reclaim: 0.0 ms]
      [Free CSet: 0.1 ms]
   [Eden: 42.0M(42.0M)->0.0B(44.0M) Survivors: 9216.0K->7168.0K Heap: 313.6M(1024.0M)->273.0M(1024.0M)]
 [Times: user=0.08 sys=0.02, real=0.04 secs] 
2021-04-24T02:58:02.272+0800: 59471.930: [GC pause (G1 Evacuation Pause) (young), 0.0220663 secs]
   [Parallel Time: 19.9 ms, GC Workers: 8]
      [GC Worker Start (ms): Min: 59471930.7, Avg: 59471932.1, Max: 59471939.9, Diff: 9.2]
      [Ext Root Scanning (ms): Min: 0.0, Avg: 2.1, Max: 11.2, Diff: 11.2, Sum: 16.6]
      [Update RS (ms): Min: 0.0, Avg: 2.2, Max: 4.9, Diff: 4.9, Sum: 17.6]
         [Processed Buffers: Min: 0, Avg: 6.8, Max: 18, Diff: 18, Sum: 54]
      [Scan RS (ms): Min: 0.0, Avg: 3.4, Max: 6.0, Diff: 6.0, Sum: 27.0]
      [Code Root Scanning (ms): Min: 0.0, Avg: 0.0, Max: 0.0, Diff: 0.0, Sum: 0.0]
      [Object Copy (ms): Min: 7.8, Avg: 10.3, Max: 18.3, Diff: 10.6, Sum: 82.6]
      [Termination (ms): Min: 0.0, Avg: 0.4, Max: 0.5, Diff: 0.5, Sum: 3.3]
         [Termination Attempts: Min: 1, Avg: 17.8, Max: 41, Diff: 40, Sum: 142]
      [GC Worker Other (ms): Min: 0.0, Avg: 0.0, Max: 0.0, Diff: 0.0, Sum: 0.2]
      [GC Worker Total (ms): Min: 10.6, Avg: 18.4, Max: 19.8, Diff: 9.2, Sum: 147.2]
      [GC Worker End (ms): Min: 59471950.5, Avg: 59471950.5, Max: 59471950.5, Diff: 0.0]
   [Code Root Fixup: 0.0 ms]
   [Code Root Purge: 0.0 ms]
   [Clear CT: 0.1 ms]
   [Other: 2.1 ms]
      [Choose CSet: 0.0 ms]
      [Ref Proc: 0.3 ms]
      [Ref Enq: 0.0 ms]
      [Redirty Cards: 0.1 ms]
      [Humongous Register: 0.2 ms]
      [Humongous Reclaim: 0.0 ms]
      [Free CSet: 0.2 ms]
   [Eden: 44.0M(44.0M)->0.0B(46.0M) Survivors: 7168.0K->5120.0K Heap: 317.0M(1024.0M)->273.8M(1024.0M)]
 [Times: user=0.08 sys=0.02, real=0.02 secs] 
2021-04-24T02:58:25.357+0800: 59495.015: [GC pause (G1 Evacuation Pause) (young), 0.0169488 secs]
   [Parallel Time: 15.7 ms, GC Workers: 8]
      [GC Worker Start (ms): Min: 59495015.5, Avg: 59495016.9, Max: 59495024.6, Diff: 9.1]
      [Ext Root Scanning (ms): Min: 0.0, Avg: 3.6, Max: 11.4, Diff: 11.3, Sum: 28.5]
      [Update RS (ms): Min: 0.0, Avg: 2.6, Max: 6.1, Diff: 6.1, Sum: 21.1]
         [Processed Buffers: Min: 0, Avg: 5.1, Max: 20, Diff: 20, Sum: 41]
      [Scan RS (ms): Min: 0.0, Avg: 2.4, Max: 4.1, Diff: 4.1, Sum: 19.1]
      [Code Root Scanning (ms): Min: 0.0, Avg: 0.0, Max: 0.0, Diff: 0.0, Sum: 0.0]
      [Object Copy (ms): Min: 4.2, Avg: 5.6, Max: 12.7, Diff: 8.5, Sum: 44.5]
      [Termination (ms): Min: 0.0, Avg: 0.0, Max: 0.0, Diff: 0.0, Sum: 0.1]
         [Termination Attempts: Min: 1, Avg: 22.2, Max: 31, Diff: 30, Sum: 178]
      [GC Worker Other (ms): Min: 0.0, Avg: 0.0, Max: 0.1, Diff: 0.0, Sum: 0.3]
      [GC Worker Total (ms): Min: 6.5, Avg: 14.2, Max: 15.6, Diff: 9.0, Sum: 113.6]
      [GC Worker End (ms): Min: 59495031.1, Avg: 59495031.1, Max: 59495031.1, Diff: 0.0]
   [Code Root Fixup: 0.0 ms]
   [Code Root Purge: 0.0 ms]
   [Clear CT: 0.1 ms]
   [Other: 1.2 ms]
      [Choose CSet: 0.0 ms]
      [Ref Proc: 0.2 ms]
      [Ref Enq: 0.0 ms]
      [Redirty Cards: 0.1 ms]
      [Humongous Register: 0.3 ms]
      [Humongous Reclaim: 0.0 ms]
      [Free CSet: 0.1 ms]
   [Eden: 46.0M(46.0M)->0.0B(46.0M) Survivors: 5120.0K->5120.0K Heap: 319.8M(1024.0M)->274.0M(1024.0M)]
 [Times: user=0.07 sys=0.01, real=0.02 secs] 
2021-04-24T02:58:48.614+0800: 59518.272: [GC pause (G1 Evacuation Pause) (young), 0.0138380 secs]
   [Parallel Time: 11.9 ms, GC Workers: 8]
      [GC Worker Start (ms): Min: 59518272.1, Avg: 59518272.6, Max: 59518274.1, Diff: 2.0]
      [Ext Root Scanning (ms): Min: 0.0, Avg: 3.3, Max: 8.6, Diff: 8.6, Sum: 26.2]
      [Update RS (ms): Min: 0.0, Avg: 1.2, Max: 2.8, Diff: 2.8, Sum: 9.5]
         [Processed Buffers: Min: 0, Avg: 5.2, Max: 30, Diff: 30, Sum: 42]
      [Scan RS (ms): Min: 0.0, Avg: 1.5, Max: 3.0, Diff: 3.0, Sum: 12.3]
      [Code Root Scanning (ms): Min: 0.0, Avg: 0.0, Max: 0.0, Diff: 0.0, Sum: 0.0]
      [Object Copy (ms): Min: 3.0, Avg: 5.2, Max: 9.4, Diff: 6.4, Sum: 41.9]
      [Termination (ms): Min: 0.0, Avg: 0.0, Max: 0.0, Diff: 0.0, Sum: 0.0]
         [Termination Attempts: Min: 1, Avg: 8.5, Max: 15, Diff: 14, Sum: 68]
      [GC Worker Other (ms): Min: 0.0, Avg: 0.0, Max: 0.1, Diff: 0.1, Sum: 0.3]
      [GC Worker Total (ms): Min: 9.7, Avg: 11.3, Max: 11.7, Diff: 2.0, Sum: 90.3]
      [GC Worker End (ms): Min: 59518283.8, Avg: 59518283.9, Max: 59518283.9, Diff: 0.1]
   [Code Root Fixup: 0.1 ms]
   [Code Root Purge: 0.0 ms]
   [Clear CT: 0.1 ms]
   [Other: 1.7 ms]
      [Choose CSet: 0.0 ms]
      [Ref Proc: 0.2 ms]
      [Ref Enq: 0.0 ms]
      [Redirty Cards: 0.1 ms]
      [Humongous Register: 0.2 ms]
      [Humongous Reclaim: 0.0 ms]
      [Free CSet: 0.1 ms]
   [Eden: 46.0M(46.0M)->0.0B(98.0M) Survivors: 5120.0K->7168.0K Heap: 320.0M(1024.0M)->276.3M(1024.0M)]
 [Times: user=0.05 sys=0.00, real=0.01 secs] 
2021-04-24T02:59:37.958+0800: 59567.615: [GC pause (G1 Evacuation Pause) (young), 0.0185947 secs]
   [Parallel Time: 17.3 ms, GC Workers: 8]
      [GC Worker Start (ms): Min: 59567615.8, Avg: 59567617.1, Max: 59567624.4, Diff: 8.6]
      [Ext Root Scanning (ms): Min: 0.0, Avg: 4.4, Max: 12.3, Diff: 12.3, Sum: 35.1]
      [Update RS (ms): Min: 0.0, Avg: 1.8, Max: 4.1, Diff: 4.1, Sum: 14.5]
         [Processed Buffers: Min: 0, Avg: 6.0, Max: 15, Diff: 15, Sum: 48]
      [Scan RS (ms): Min: 0.0, Avg: 2.5, Max: 7.3, Diff: 7.3, Sum: 20.0]
      [Code Root Scanning (ms): Min: 0.0, Avg: 0.0, Max: 0.0, Diff: 0.0, Sum: 0.0]
      [Object Copy (ms): Min: 4.7, Avg: 7.1, Max: 8.7, Diff: 4.0, Sum: 57.1]
      [Termination (ms): Min: 0.0, Avg: 0.0, Max: 0.0, Diff: 0.0, Sum: 0.2]
         [Termination Attempts: Min: 1, Avg: 3.2, Max: 7, Diff: 6, Sum: 26]
      [GC Worker Other (ms): Min: 0.0, Avg: 0.0, Max: 0.1, Diff: 0.0, Sum: 0.3]
      [GC Worker Total (ms): Min: 8.6, Avg: 15.9, Max: 17.2, Diff: 8.6, Sum: 127.1]
      [GC Worker End (ms): Min: 59567633.0, Avg: 59567633.0, Max: 59567633.0, Diff: 0.0]
   [Code Root Fixup: 0.1 ms]
   [Code Root Purge: 0.0 ms]
   [Clear CT: 0.1 ms]
   [Other: 1.1 ms]
      [Choose CSet: 0.0 ms]
      [Ref Proc: 0.2 ms]
      [Ref Enq: 0.0 ms]
      [Redirty Cards: 0.1 ms]
      [Humongous Register: 0.3 ms]
      [Humongous Reclaim: 0.0 ms]
      [Free CSet: 0.1 ms]
   [Eden: 98.0M(98.0M)->0.0B(107.0M) Survivors: 7168.0K->9216.0K Heap: 374.3M(1024.0M)->277.7M(1024.0M)]
 [Times: user=0.08 sys=0.00, real=0.02 secs] 
2021-04-24T02:59:58.734+0800: 59588.392: [GC pause (G1 Evacuation Pause) (young), 0.0324191 secs]
   [Parallel Time: 31.2 ms, GC Workers: 8]
      [GC Worker Start (ms): Min: 59588392.3, Avg: 59588394.7, Max: 59588401.9, Diff: 9.6]
      [Ext Root Scanning (ms): Min: 0.0, Avg: 2.0, Max: 9.2, Diff: 9.2, Sum: 16.4]
      [Update RS (ms): Min: 0.0, Avg: 2.4, Max: 5.5, Diff: 5.5, Sum: 19.4]
         [Processed Buffers: Min: 0, Avg: 6.0, Max: 21, Diff: 21, Sum: 48]
      [Scan RS (ms): Min: 0.0, Avg: 2.6, Max: 4.3, Diff: 4.3, Sum: 21.1]
      [Code Root Scanning (ms): Min: 0.0, Avg: 0.0, Max: 0.0, Diff: 0.0, Sum: 0.0]
      [Object Copy (ms): Min: 21.3, Avg: 21.5, Max: 21.7, Diff: 0.3, Sum: 171.8]
      [Termination (ms): Min: 0.0, Avg: 0.0, Max: 0.1, Diff: 0.1, Sum: 0.3]
         [Termination Attempts: Min: 1, Avg: 1.1, Max: 2, Diff: 1, Sum: 9]
      [GC Worker Other (ms): Min: 0.0, Avg: 0.0, Max: 0.1, Diff: 0.0, Sum: 0.3]
      [GC Worker Total (ms): Min: 21.4, Avg: 28.7, Max: 31.1, Diff: 9.6, Sum: 229.3]
      [GC Worker End (ms): Min: 59588423.3, Avg: 59588423.4, Max: 59588423.4, Diff: 0.0]
   [Code Root Fixup: 0.0 ms]
   [Code Root Purge: 0.0 ms]
   [Clear CT: 0.1 ms]
   [Other: 1.1 ms]
      [Choose CSet: 0.0 ms]
      [Ref Proc: 0.2 ms]
      [Ref Enq: 0.0 ms]
      [Redirty Cards: 0.1 ms]
      [Humongous Register: 0.2 ms]
      [Humongous Reclaim: 0.0 ms]
      [Free CSet: 0.1 ms]
   [Eden: 42.0M(42.0M)->0.0B(44.0M) Survivors: 9216.0K->7168.0K Heap: 319.7M(1024.0M)->277.8M(1024.0M)]
 [Times: user=0.09 sys=0.02, real=0.03 secs] 
2021-04-24T03:00:20.771+0800: 59610.428: [GC pause (G1 Evacuation Pause) (young), 0.0200924 secs]
   [Parallel Time: 17.5 ms, GC Workers: 8]
      [GC Worker Start (ms): Min: 59610428.9, Avg: 59610429.2, Max: 59610430.9, Diff: 2.0]
      [Ext Root Scanning (ms): Min: 0.0, Avg: 3.0, Max: 9.7, Diff: 9.7, Sum: 23.7]
      [Update RS (ms): Min: 0.0, Avg: 2.8, Max: 8.7, Diff: 8.7, Sum: 22.3]
         [Processed Buffers: Min: 0, Avg: 6.5, Max: 21, Diff: 21, Sum: 52]
      [Scan RS (ms): Min: 0.0, Avg: 2.6, Max: 5.2, Diff: 5.2, Sum: 21.1]
      [Code Root Scanning (ms): Min: 0.0, Avg: 0.0, Max: 0.0, Diff: 0.0, Sum: 0.0]
      [Object Copy (ms): Min: 7.2, Avg: 8.6, Max: 14.4, Diff: 7.2, Sum: 68.6]
      [Termination (ms): Min: 0.0, Avg: 0.0, Max: 0.1, Diff: 0.1, Sum: 0.3]
         [Termination Attempts: Min: 1, Avg: 1.5, Max: 2, Diff: 1, Sum: 12]
      [GC Worker Other (ms): Min: 0.0, Avg: 0.0, Max: 0.0, Diff: 0.0, Sum: 0.2]
      [GC Worker Total (ms): Min: 15.3, Avg: 17.0, Max: 17.4, Diff: 2.0, Sum: 136.2]
      [GC Worker End (ms): Min: 59610446.2, Avg: 59610446.3, Max: 59610446.3, Diff: 0.0]
   [Code Root Fixup: 0.1 ms]
   [Code Root Purge: 0.0 ms]
   [Clear CT: 0.1 ms]
   [Other: 2.3 ms]
      [Choose CSet: 0.0 ms]
      [Ref Proc: 0.3 ms]
      [Ref Enq: 0.0 ms]
      [Redirty Cards: 0.1 ms]
      [Humongous Register: 0.2 ms]
      [Humongous Reclaim: 0.1 ms]
      [Free CSet: 0.2 ms]
   [Eden: 44.0M(44.0M)->0.0B(46.0M) Survivors: 7168.0K->5120.0K Heap: 321.8M(1024.0M)->278.4M(1024.0M)]
 [Times: user=0.08 sys=0.01, real=0.02 secs] 
2021-04-24T03:00:43.872+0800: 59633.529: [GC pause (G1 Evacuation Pause) (young), 0.0173096 secs]
   [Parallel Time: 16.1 ms, GC Workers: 8]
      [GC Worker Start (ms): Min: 59633529.7, Avg: 59633530.2, Max: 59633532.1, Diff: 2.4]
      [Ext Root Scanning (ms): Min: 0.0, Avg: 3.4, Max: 15.8, Diff: 15.8, Sum: 27.3]
      [Update RS (ms): Min: 0.0, Avg: 2.4, Max: 5.7, Diff: 5.7, Sum: 19.1]
         [Processed Buffers: Min: 0, Avg: 6.4, Max: 24, Diff: 24, Sum: 51]
      [Scan RS (ms): Min: 0.0, Avg: 2.6, Max: 6.8, Diff: 6.8, Sum: 21.0]
      [Code Root Scanning (ms): Min: 0.0, Avg: 0.0, Max: 0.0, Diff: 0.0, Sum: 0.0]
      [Object Copy (ms): Min: 0.0, Avg: 6.4, Max: 13.2, Diff: 13.2, Sum: 51.1]
      [Termination (ms): Min: 0.0, Avg: 0.6, Max: 0.7, Diff: 0.7, Sum: 4.9]
         [Termination Attempts: Min: 1, Avg: 13.8, Max: 24, Diff: 23, Sum: 110]
      [GC Worker Other (ms): Min: 0.0, Avg: 0.0, Max: 0.0, Diff: 0.0, Sum: 0.1]
      [GC Worker Total (ms): Min: 13.5, Avg: 15.4, Max: 16.0, Diff: 2.4, Sum: 123.5]
      [GC Worker End (ms): Min: 59633545.6, Avg: 59633545.6, Max: 59633545.6, Diff: 0.0]
   [Code Root Fixup: 0.0 ms]
   [Code Root Purge: 0.0 ms]
   [Clear CT: 0.1 ms]
   [Other: 1.1 ms]
      [Choose CSet: 0.0 ms]
      [Ref Proc: 0.2 ms]
      [Ref Enq: 0.0 ms]
      [Redirty Cards: 0.1 ms]
      [Humongous Register: 0.2 ms]
      [Humongous Reclaim: 0.0 ms]
      [Free CSet: 0.1 ms]
   [Eden: 46.0M(46.0M)->0.0B(72.0M) Survivors: 5120.0K->7168.0K Heap: 324.4M(1024.0M)->279.9M(1024.0M)]
 [Times: user=0.06 sys=0.01, real=0.01 secs] 
2021-04-24T03:01:20.027+0800: 59669.684: [GC pause (G1 Evacuation Pause) (young), 0.0168901 secs]
   [Parallel Time: 15.8 ms, GC Workers: 8]
      [GC Worker Start (ms): Min: 59669684.3, Avg: 59669684.5, Max: 59669684.7, Diff: 0.4]
      [Ext Root Scanning (ms): Min: 0.4, Avg: 5.0, Max: 15.3, Diff: 14.9, Sum: 40.2]
      [Update RS (ms): Min: 0.0, Avg: 1.7, Max: 4.5, Diff: 4.5, Sum: 13.6]
         [Processed Buffers: Min: 0, Avg: 5.5, Max: 20, Diff: 20, Sum: 44]
      [Scan RS (ms): Min: 0.0, Avg: 2.4, Max: 9.8, Diff: 9.8, Sum: 19.2]
      [Code Root Scanning (ms): Min: 0.0, Avg: 0.0, Max: 0.0, Diff: 0.0, Sum: 0.0]
      [Object Copy (ms): Min: 0.2, Avg: 6.3, Max: 12.9, Diff: 12.6, Sum: 50.8]
      [Termination (ms): Min: 0.0, Avg: 0.0, Max: 0.1, Diff: 0.1, Sum: 0.3]
         [Termination Attempts: Min: 1, Avg: 15.0, Max: 30, Diff: 29, Sum: 120]
      [GC Worker Other (ms): Min: 0.0, Avg: 0.0, Max: 0.1, Diff: 0.0, Sum: 0.2]
      [GC Worker Total (ms): Min: 15.3, Avg: 15.6, Max: 15.7, Diff: 0.4, Sum: 124.4]
      [GC Worker End (ms): Min: 59669700.0, Avg: 59669700.1, Max: 59669700.1, Diff: 0.0]
   [Code Root Fixup: 0.0 ms]
   [Code Root Purge: 0.0 ms]
   [Clear CT: 0.1 ms]
   [Other: 1.0 ms]
      [Choose CSet: 0.0 ms]
      [Ref Proc: 0.2 ms]
      [Ref Enq: 0.0 ms]
      [Redirty Cards: 0.1 ms]
      [Humongous Register: 0.2 ms]
      [Humongous Reclaim: 0.0 ms]
      [Free CSet: 0.1 ms]
   [Eden: 72.0M(72.0M)->0.0B(133.0M) Survivors: 7168.0K->9216.0K Heap: 351.9M(1024.0M)->281.8M(1024.0M)]
 [Times: user=0.05 sys=0.00, real=0.02 secs] 
2021-04-24T03:02:27.066+0800: 59736.723: [GC pause (G1 Evacuation Pause) (young), 0.0255085 secs]
   [Parallel Time: 23.3 ms, GC Workers: 8]
      [GC Worker Start (ms): Min: 59736723.3, Avg: 59736723.5, Max: 59736724.3, Diff: 1.0]
      [Ext Root Scanning (ms): Min: 0.0, Avg: 2.1, Max: 5.1, Diff: 5.1, Sum: 16.9]
      [Update RS (ms): Min: 0.0, Avg: 1.4, Max: 3.9, Diff: 3.9, Sum: 10.9]
         [Processed Buffers: Min: 0, Avg: 5.5, Max: 21, Diff: 21, Sum: 44]
      [Scan RS (ms): Min: 0.0, Avg: 2.1, Max: 2.8, Diff: 2.8, Sum: 16.8]
      [Code Root Scanning (ms): Min: 0.0, Avg: 0.0, Max: 0.0, Diff: 0.0, Sum: 0.0]
      [Object Copy (ms): Min: 16.3, Avg: 17.0, Max: 19.7, Diff: 3.4, Sum: 135.9]
      [Termination (ms): Min: 0.0, Avg: 0.3, Max: 0.3, Diff: 0.3, Sum: 2.0]
         [Termination Attempts: Min: 1, Avg: 1.9, Max: 5, Diff: 4, Sum: 15]
      [GC Worker Other (ms): Min: 0.0, Avg: 0.0, Max: 0.1, Diff: 0.0, Sum: 0.3]
      [GC Worker Total (ms): Min: 22.1, Avg: 22.8, Max: 23.1, Diff: 1.0, Sum: 182.7]
      [GC Worker End (ms): Min: 59736746.4, Avg: 59736746.4, Max: 59736746.4, Diff: 0.0]
   [Code Root Fixup: 0.0 ms]
   [Code Root Purge: 0.0 ms]
   [Clear CT: 0.2 ms]
   [Other: 2.0 ms]
      [Choose CSet: 0.0 ms]
      [Ref Proc: 1.0 ms]
      [Ref Enq: 0.0 ms]
      [Redirty Cards: 0.1 ms]
      [Humongous Register: 0.2 ms]
      [Humongous Reclaim: 0.0 ms]
      [Free CSet: 0.2 ms]
   [Eden: 133.0M(133.0M)->0.0B(74.0M) Survivors: 9216.0K->9216.0K Heap: 414.8M(1024.0M)->281.7M(1024.0M)]
 [Times: user=0.07 sys=0.02, real=0.03 secs] 
2021-04-24T03:03:04.427+0800: 59774.083: [GC pause (G1 Evacuation Pause) (young), 0.0352564 secs]
   [Parallel Time: 34.1 ms, GC Workers: 8]
      [GC Worker Start (ms): Min: 59774083.8, Avg: 59774084.4, Max: 59774087.2, Diff: 3.4]
      [Ext Root Scanning (ms): Min: 0.0, Avg: 1.7, Max: 5.2, Diff: 5.2, Sum: 13.6]
      [Update RS (ms): Min: 0.0, Avg: 1.0, Max: 2.3, Diff: 2.3, Sum: 8.0]
         [Processed Buffers: Min: 0, Avg: 6.0, Max: 23, Diff: 23, Sum: 48]
      [Scan RS (ms): Min: 0.0, Avg: 1.4, Max: 2.1, Diff: 2.1, Sum: 11.2]
      [Code Root Scanning (ms): Min: 0.0, Avg: 0.0, Max: 0.0, Diff: 0.0, Sum: 0.0]
      [Object Copy (ms): Min: 28.6, Avg: 29.3, Max: 31.6, Diff: 3.0, Sum: 234.3]
      [Termination (ms): Min: 0.0, Avg: 0.0, Max: 0.0, Diff: 0.0, Sum: 0.3]
         [Termination Attempts: Min: 1, Avg: 1.4, Max: 2, Diff: 1, Sum: 11]
      [GC Worker Other (ms): Min: 0.0, Avg: 0.0, Max: 0.1, Diff: 0.1, Sum: 0.3]
      [GC Worker Total (ms): Min: 30.6, Avg: 33.5, Max: 34.0, Diff: 3.5, Sum: 267.7]
      [GC Worker End (ms): Min: 59774117.8, Avg: 59774117.8, Max: 59774117.9, Diff: 0.1]
   [Code Root Fixup: 0.0 ms]
   [Code Root Purge: 0.0 ms]
   [Clear CT: 0.1 ms]
   [Other: 1.0 ms]
      [Choose CSet: 0.0 ms]
      [Ref Proc: 0.2 ms]
      [Ref Enq: 0.0 ms]
      [Redirty Cards: 0.1 ms]
      [Humongous Register: 0.1 ms]
      [Humongous Reclaim: 0.0 ms]
      [Free CSet: 0.1 ms]
   [Eden: 74.0M(74.0M)->0.0B(43.0M) Survivors: 9216.0K->8192.0K Heap: 355.7M(1024.0M)->282.6M(1024.0M)]
 [Times: user=0.07 sys=0.01, real=0.04 secs] 
2021-04-24T03:03:26.037+0800: 59795.694: [GC pause (G1 Evacuation Pause) (young), 0.0233115 secs]
   [Parallel Time: 21.9 ms, GC Workers: 8]
      [GC Worker Start (ms): Min: 59795694.9, Avg: 59795695.0, Max: 59795695.2, Diff: 0.3]
      [Ext Root Scanning (ms): Min: 0.9, Avg: 3.6, Max: 8.8, Diff: 7.9, Sum: 28.8]
      [Update RS (ms): Min: 0.0, Avg: 1.5, Max: 3.4, Diff: 3.4, Sum: 11.9]
         [Processed Buffers: Min: 0, Avg: 6.6, Max: 21, Diff: 21, Sum: 53]
      [Scan RS (ms): Min: 0.0, Avg: 2.6, Max: 4.4, Diff: 4.4, Sum: 20.5]
      [Code Root Scanning (ms): Min: 0.0, Avg: 0.0, Max: 0.0, Diff: 0.0, Sum: 0.0]
      [Object Copy (ms): Min: 12.8, Avg: 13.9, Max: 20.6, Diff: 7.8, Sum: 111.4]
      [Termination (ms): Min: 0.0, Avg: 0.1, Max: 0.1, Diff: 0.1, Sum: 0.5]
         [Termination Attempts: Min: 1, Avg: 1.9, Max: 3, Diff: 2, Sum: 15]
      [GC Worker Other (ms): Min: 0.0, Avg: 0.0, Max: 0.0, Diff: 0.0, Sum: 0.2]
      [GC Worker Total (ms): Min: 21.5, Avg: 21.7, Max: 21.8, Diff: 0.3, Sum: 173.3]
      [GC Worker End (ms): Min: 59795716.7, Avg: 59795716.7, Max: 59795716.7, Diff: 0.1]
   [Code Root Fixup: 0.0 ms]
   [Code Root Purge: 0.0 ms]
   [Clear CT: 0.1 ms]
   [Other: 1.2 ms]
      [Choose CSet: 0.0 ms]
      [Ref Proc: 0.3 ms]
      [Ref Enq: 0.0 ms]
      [Redirty Cards: 0.1 ms]
      [Humongous Register: 0.2 ms]
      [Humongous Reclaim: 0.0 ms]
      [Free CSet: 0.1 ms]
   [Eden: 43.0M(43.0M)->0.0B(46.0M) Survivors: 8192.0K->5120.0K Heap: 325.6M(1024.0M)->282.4M(1024.0M)]
 [Times: user=0.08 sys=0.01, real=0.03 secs] 
2021-04-24T03:03:49.145+0800: 59818.802: [GC pause (G1 Evacuation Pause) (young), 0.0214478 secs]
   [Parallel Time: 20.0 ms, GC Workers: 8]
      [GC Worker Start (ms): Min: 59818802.2, Avg: 59818804.3, Max: 59818812.0, Diff: 9.8]
      [Ext Root Scanning (ms): Min: 0.0, Avg: 3.2, Max: 10.7, Diff: 10.7, Sum: 25.2]
      [Update RS (ms): Min: 0.0, Avg: 2.4, Max: 5.2, Diff: 5.2, Sum: 19.4]
         [Processed Buffers: Min: 0, Avg: 6.6, Max: 37, Diff: 37, Sum: 53]
      [Scan RS (ms): Min: 0.0, Avg: 2.8, Max: 4.3, Diff: 4.3, Sum: 22.6]
      [Code Root Scanning (ms): Min: 0.0, Avg: 0.0, Max: 0.0, Diff: 0.0, Sum: 0.0]
      [Object Copy (ms): Min: 9.1, Avg: 9.4, Max: 9.8, Diff: 0.7, Sum: 75.0]
      [Termination (ms): Min: 0.0, Avg: 0.1, Max: 0.1, Diff: 0.1, Sum: 0.5]
         [Termination Attempts: Min: 1, Avg: 17.9, Max: 30, Diff: 29, Sum: 143]
      [GC Worker Other (ms): Min: 0.0, Avg: 0.0, Max: 0.0, Diff: 0.0, Sum: 0.2]
      [GC Worker Total (ms): Min: 10.1, Avg: 17.9, Max: 19.9, Diff: 9.8, Sum: 142.9]
      [GC Worker End (ms): Min: 59818822.1, Avg: 59818822.1, Max: 59818822.2, Diff: 0.1]
   [Code Root Fixup: 0.1 ms]
   [Code Root Purge: 0.0 ms]
   [Clear CT: 0.2 ms]
   [Other: 1.2 ms]
      [Choose CSet: 0.0 ms]
      [Ref Proc: 0.2 ms]
      [Ref Enq: 0.0 ms]
      [Redirty Cards: 0.2 ms]
      [Humongous Register: 0.1 ms]
      [Humongous Reclaim: 0.0 ms]
      [Free CSet: 0.1 ms]
   [Eden: 46.0M(46.0M)->0.0B(46.0M) Survivors: 5120.0K->5120.0K Heap: 328.4M(1024.0M)->285.0M(1024.0M)]
 [Times: user=0.07 sys=0.01, real=0.02 secs] 
2021-04-24T03:04:12.467+0800: 59842.124: [GC pause (G1 Evacuation Pause) (young), 0.0179620 secs]
   [Parallel Time: 16.3 ms, GC Workers: 8]
      [GC Worker Start (ms): Min: 59842124.6, Avg: 59842124.8, Max: 59842125.2, Diff: 0.5]
      [Ext Root Scanning (ms): Min: 0.7, Avg: 4.2, Max: 9.0, Diff: 8.3, Sum: 33.5]
      [Update RS (ms): Min: 0.0, Avg: 3.4, Max: 6.6, Diff: 6.6, Sum: 27.5]
         [Processed Buffers: Min: 0, Avg: 5.6, Max: 23, Diff: 23, Sum: 45]
      [Scan RS (ms): Min: 0.5, Avg: 1.8, Max: 3.5, Diff: 3.0, Sum: 14.1]
      [Code Root Scanning (ms): Min: 0.0, Avg: 0.0, Max: 0.0, Diff: 0.0, Sum: 0.0]
      [Object Copy (ms): Min: 5.5, Avg: 6.5, Max: 8.3, Diff: 2.9, Sum: 52.1]
      [Termination (ms): Min: 0.0, Avg: 0.1, Max: 0.1, Diff: 0.1, Sum: 0.6]
         [Termination Attempts: Min: 1, Avg: 38.2, Max: 58, Diff: 57, Sum: 306]
      [GC Worker Other (ms): Min: 0.0, Avg: 0.0, Max: 0.0, Diff: 0.0, Sum: 0.1]
      [GC Worker Total (ms): Min: 15.7, Avg: 16.0, Max: 16.2, Diff: 0.5, Sum: 128.0]
      [GC Worker End (ms): Min: 59842140.8, Avg: 59842140.8, Max: 59842140.9, Diff: 0.1]
   [Code Root Fixup: 0.0 ms]
   [Code Root Purge: 0.0 ms]
   [Clear CT: 0.2 ms]
   [Other: 1.5 ms]
      [Choose CSet: 0.0 ms]
      [Ref Proc: 0.3 ms]
      [Ref Enq: 0.0 ms]
      [Redirty Cards: 0.1 ms]
      [Humongous Register: 0.3 ms]
      [Humongous Reclaim: 0.0 ms]
      [Free CSet: 0.1 ms]
   [Eden: 46.0M(46.0M)->0.0B(45.0M) Survivors: 5120.0K->6144.0K Heap: 331.0M(1024.0M)->286.0M(1024.0M)]
 [Times: user=0.07 sys=0.00, real=0.02 secs] 
2021-04-24T03:04:34.882+0800: 59864.538: [GC pause (G1 Evacuation Pause) (young), 0.0166008 secs]
   [Parallel Time: 14.9 ms, GC Workers: 8]
      [GC Worker Start (ms): Min: 59864538.7, Avg: 59864541.9, Max: 59864547.6, Diff: 9.0]
      [Ext Root Scanning (ms): Min: 0.0, Avg: 1.9, Max: 6.8, Diff: 6.8, Sum: 15.1]
      [Update RS (ms): Min: 0.0, Avg: 1.8, Max: 6.5, Diff: 6.5, Sum: 14.4]
         [Processed Buffers: Min: 0, Avg: 5.2, Max: 19, Diff: 19, Sum: 42]
      [Scan RS (ms): Min: 0.0, Avg: 1.9, Max: 3.9, Diff: 3.9, Sum: 15.3]
      [Code Root Scanning (ms): Min: 0.0, Avg: 0.0, Max: 0.0, Diff: 0.0, Sum: 0.0]
      [Object Copy (ms): Min: 5.4, Avg: 5.7, Max: 6.1, Diff: 0.7, Sum: 45.3]
      [Termination (ms): Min: 0.0, Avg: 0.4, Max: 0.5, Diff: 0.5, Sum: 2.9]
         [Termination Attempts: Min: 1, Avg: 2.1, Max: 4, Diff: 3, Sum: 17]
      [GC Worker Other (ms): Min: 0.0, Avg: 0.0, Max: 0.0, Diff: 0.0, Sum: 0.1]
      [GC Worker Total (ms): Min: 5.9, Avg: 11.6, Max: 14.9, Diff: 9.0, Sum: 93.2]
      [GC Worker End (ms): Min: 59864553.5, Avg: 59864553.5, Max: 59864553.6, Diff: 0.0]
   [Code Root Fixup: 0.0 ms]
   [Code Root Purge: 0.0 ms]
   [Clear CT: 0.1 ms]
   [Other: 1.6 ms]
      [Choose CSet: 0.0 ms]
      [Ref Proc: 0.2 ms]
      [Ref Enq: 0.0 ms]
      [Redirty Cards: 0.1 ms]
      [Humongous Register: 0.1 ms]
      [Humongous Reclaim: 0.0 ms]
      [Free CSet: 0.1 ms]
   [Eden: 45.0M(45.0M)->0.0B(97.0M) Survivors: 6144.0K->5120.0K Heap: 331.0M(1024.0M)->286.4M(1024.0M)]
 [Times: user=0.04 sys=0.01, real=0.01 secs] 
2021-04-24T03:04:57.796+0800: 59887.453: [GC pause (G1 Evacuation Pause) (young), 0.0184700 secs]
   [Parallel Time: 17.4 ms, GC Workers: 8]
      [GC Worker Start (ms): Min: 59887453.3, Avg: 59887453.4, Max: 59887453.7, Diff: 0.5]
      [Ext Root Scanning (ms): Min: 0.7, Avg: 3.6, Max: 7.8, Diff: 7.0, Sum: 29.2]
      [Update RS (ms): Min: 0.0, Avg: 2.0, Max: 5.3, Diff: 5.3, Sum: 16.3]
         [Processed Buffers: Min: 0, Avg: 5.4, Max: 17, Diff: 17, Sum: 43]
      [Scan RS (ms): Min: 0.0, Avg: 3.9, Max: 12.9, Diff: 12.9, Sum: 31.2]
      [Code Root Scanning (ms): Min: 0.0, Avg: 0.0, Max: 0.0, Diff: 0.0, Sum: 0.0]
      [Object Copy (ms): Min: 0.0, Avg: 7.4, Max: 9.8, Diff: 9.8, Sum: 59.3]
      [Termination (ms): Min: 0.0, Avg: 0.1, Max: 0.2, Diff: 0.2, Sum: 0.7]
         [Termination Attempts: Min: 1, Avg: 1.9, Max: 4, Diff: 3, Sum: 15]
      [GC Worker Other (ms): Min: 0.0, Avg: 0.0, Max: 0.0, Diff: 0.0, Sum: 0.2]
      [GC Worker Total (ms): Min: 16.8, Avg: 17.1, Max: 17.3, Diff: 0.5, Sum: 136.7]
      [GC Worker End (ms): Min: 59887470.5, Avg: 59887470.5, Max: 59887470.5, Diff: 0.0]
   [Code Root Fixup: 0.0 ms]
   [Code Root Purge: 0.0 ms]
   [Clear CT: 0.1 ms]
   [Other: 0.9 ms]
      [Choose CSet: 0.0 ms]
      [Ref Proc: 0.3 ms]
      [Ref Enq: 0.0 ms]
      [Redirty Cards: 0.1 ms]
      [Humongous Register: 0.1 ms]
      [Humongous Reclaim: 0.0 ms]
      [Free CSet: 0.1 ms]
   [Eden: 46.0M(46.0M)->0.0B(85.0M) Survivors: 5120.0K->6144.0K Heap: 332.4M(1024.0M)->286.9M(1024.0M)]
 [Times: user=0.06 sys=0.01, real=0.02 secs] 
2021-04-24T03:05:32.951+0800: 59922.608: [GC pause (G1 Evacuation Pause) (young), 0.0210729 secs]
   [Parallel Time: 19.5 ms, GC Workers: 8]
      [GC Worker Start (ms): Min: 59922608.6, Avg: 59922609.1, Max: 59922611.4, Diff: 2.9]
      [Ext Root Scanning (ms): Min: 0.0, Avg: 3.4, Max: 14.0, Diff: 14.0, Sum: 27.5]
      [Update RS (ms): Min: 0.0, Avg: 2.9, Max: 6.1, Diff: 6.0, Sum: 22.9]
         [Processed Buffers: Min: 0, Avg: 5.9, Max: 20, Diff: 20, Sum: 47]
      [Scan RS (ms): Min: 0.0, Avg: 1.9, Max: 3.6, Diff: 3.6, Sum: 14.9]
      [Code Root Scanning (ms): Min: 0.0, Avg: 0.0, Max: 0.0, Diff: 0.0, Sum: 0.0]
      [Object Copy (ms): Min: 5.2, Avg: 10.5, Max: 13.2, Diff: 8.0, Sum: 84.4]
      [Termination (ms): Min: 0.0, Avg: 0.0, Max: 0.1, Diff: 0.1, Sum: 0.3]
         [Termination Attempts: Min: 1, Avg: 28.8, Max: 58, Diff: 57, Sum: 230]
      [GC Worker Other (ms): Min: 0.0, Avg: 0.1, Max: 0.1, Diff: 0.1, Sum: 0.5]
      [GC Worker Total (ms): Min: 16.4, Avg: 18.8, Max: 19.3, Diff: 2.9, Sum: 150.6]
      [GC Worker End (ms): Min: 59922627.9, Avg: 59922627.9, Max: 59922628.0, Diff: 0.1]
   [Code Root Fixup: 0.0 ms]
   [Code Root Purge: 0.0 ms]
   [Clear CT: 0.2 ms]
   [Other: 1.4 ms]
      [Choose CSet: 0.0 ms]
      [Ref Proc: 0.3 ms]
      [Ref Enq: 0.0 ms]
      [Redirty Cards: 0.1 ms]
      [Humongous Register: 0.3 ms]
      [Humongous Reclaim: 0.0 ms]
      [Free CSet: 0.1 ms]
   [Eden: 70.0M(45.0M)->0.0B(88.0M) Survivors: 6144.0K->7168.0K Heap: 356.9M(1024.0M)->289.0M(1024.0M)]
 [Times: user=0.07 sys=0.01, real=0.02 secs] 
2021-04-24T03:05:54.732+0800: 59944.388: [GC pause (G1 Evacuation Pause) (young), 0.0152615 secs]
   [Parallel Time: 14.2 ms, GC Workers: 8]
      [GC Worker Start (ms): Min: 59944388.5, Avg: 59944388.7, Max: 59944389.1, Diff: 0.5]
      [Ext Root Scanning (ms): Min: 0.4, Avg: 3.4, Max: 12.4, Diff: 11.9, Sum: 27.5]
      [Update RS (ms): Min: 0.0, Avg: 1.8, Max: 4.1, Diff: 4.1, Sum: 14.1]
         [Processed Buffers: Min: 0, Avg: 5.5, Max: 24, Diff: 24, Sum: 44]
      [Scan RS (ms): Min: 0.0, Avg: 3.2, Max: 6.0, Diff: 6.0, Sum: 25.3]
      [Code Root Scanning (ms): Min: 0.0, Avg: 0.0, Max: 0.0, Diff: 0.0, Sum: 0.0]
      [Object Copy (ms): Min: 1.5, Avg: 5.3, Max: 12.8, Diff: 11.3, Sum: 42.6]
      [Termination (ms): Min: 0.0, Avg: 0.1, Max: 0.1, Diff: 0.1, Sum: 0.5]
         [Termination Attempts: Min: 1, Avg: 5.4, Max: 14, Diff: 13, Sum: 43]
      [GC Worker Other (ms): Min: 0.0, Avg: 0.0, Max: 0.0, Diff: 0.0, Sum: 0.1]
      [GC Worker Total (ms): Min: 13.4, Avg: 13.8, Max: 14.0, Diff: 0.6, Sum: 110.1]
      [GC Worker End (ms): Min: 59944402.5, Avg: 59944402.5, Max: 59944402.5, Diff: 0.1]
   [Code Root Fixup: 0.0 ms]
   [Code Root Purge: 0.0 ms]
   [Clear CT: 0.1 ms]
   [Other: 1.0 ms]
      [Choose CSet: 0.0 ms]
      [Ref Proc: 0.2 ms]
      [Ref Enq: 0.0 ms]
      [Redirty Cards: 0.1 ms]
      [Humongous Register: 0.1 ms]
      [Humongous Reclaim: 0.0 ms]
      [Free CSet: 0.1 ms]
   [Eden: 44.0M(44.0M)->0.0B(128.0M) Survivors: 7168.0K->6144.0K Heap: 333.0M(1024.0M)->287.5M(1024.0M)]
 [Times: user=0.06 sys=0.00, real=0.01 secs] 
2021-04-24T03:06:58.942+0800: 60008.598: [GC pause (G1 Evacuation Pause) (young), 0.0177050 secs]
   [Parallel Time: 16.5 ms, GC Workers: 8]
      [GC Worker Start (ms): Min: 60008598.3, Avg: 60008599.5, Max: 60008603.1, Diff: 4.8]
      [Ext Root Scanning (ms): Min: 0.0, Avg: 1.9, Max: 10.5, Diff: 10.5, Sum: 15.4]
      [Update RS (ms): Min: 0.0, Avg: 1.1, Max: 2.4, Diff: 2.4, Sum: 8.6]
         [Processed Buffers: Min: 0, Avg: 6.8, Max: 21, Diff: 21, Sum: 54]
      [Scan RS (ms): Min: 0.0, Avg: 3.7, Max: 10.3, Diff: 10.3, Sum: 29.8]
      [Code Root Scanning (ms): Min: 0.0, Avg: 0.0, Max: 0.0, Diff: 0.0, Sum: 0.0]
      [Object Copy (ms): Min: 2.5, Avg: 8.2, Max: 13.9, Diff: 11.4, Sum: 66.0]
      [Termination (ms): Min: 0.0, Avg: 0.0, Max: 0.0, Diff: 0.0, Sum: 0.0]
         [Termination Attempts: Min: 1, Avg: 6.2, Max: 10, Diff: 9, Sum: 50]
      [GC Worker Other (ms): Min: 0.0, Avg: 0.1, Max: 0.1, Diff: 0.1, Sum: 0.5]
      [GC Worker Total (ms): Min: 11.5, Avg: 15.0, Max: 16.3, Diff: 4.8, Sum: 120.3]
      [GC Worker End (ms): Min: 60008614.6, Avg: 60008614.6, Max: 60008614.6, Diff: 0.1]
   [Code Root Fixup: 0.0 ms]
   [Code Root Purge: 0.0 ms]
   [Clear CT: 0.1 ms]
   [Other: 1.1 ms]
      [Choose CSet: 0.0 ms]
      [Ref Proc: 0.4 ms]
      [Ref Enq: 0.0 ms]
      [Redirty Cards: 0.2 ms]
      [Humongous Register: 0.1 ms]
      [Humongous Reclaim: 0.0 ms]
      [Free CSet: 0.1 ms]
   [Eden: 128.0M(128.0M)->0.0B(139.0M) Survivors: 6144.0K->9216.0K Heap: 415.5M(1024.0M)->291.1M(1024.0M)]
 [Times: user=0.07 sys=0.01, real=0.02 secs] 
2021-04-24T03:07:19.862+0800: 60029.519: [GC pause (G1 Evacuation Pause) (young), 0.0333185 secs]
   [Parallel Time: 32.1 ms, GC Workers: 8]
      [GC Worker Start (ms): Min: 60029518.9, Avg: 60029519.9, Max: 60029523.9, Diff: 5.0]
      [Ext Root Scanning (ms): Min: 0.0, Avg: 1.0, Max: 5.0, Diff: 5.0, Sum: 7.9]
      [Update RS (ms): Min: 0.0, Avg: 1.3, Max: 4.5, Diff: 4.5, Sum: 10.4]
         [Processed Buffers: Min: 0, Avg: 6.5, Max: 22, Diff: 22, Sum: 52]
      [Scan RS (ms): Min: 0.0, Avg: 1.2, Max: 2.8, Diff: 2.8, Sum: 9.4]
      [Code Root Scanning (ms): Min: 0.0, Avg: 0.0, Max: 0.0, Diff: 0.0, Sum: 0.0]
      [Object Copy (ms): Min: 26.1, Avg: 27.3, Max: 31.1, Diff: 5.1, Sum: 218.1]
      [Termination (ms): Min: 0.0, Avg: 0.2, Max: 0.4, Diff: 0.4, Sum: 1.6]
         [Termination Attempts: Min: 1, Avg: 1.2, Max: 3, Diff: 2, Sum: 10]
      [GC Worker Other (ms): Min: 0.0, Avg: 0.0, Max: 0.0, Diff: 0.0, Sum: 0.1]
      [GC Worker Total (ms): Min: 26.9, Avg: 31.0, Max: 32.0, Diff: 5.1, Sum: 247.6]
      [GC Worker End (ms): Min: 60029550.8, Avg: 60029550.9, Max: 60029550.9, Diff: 0.1]
   [Code Root Fixup: 0.0 ms]
   [Code Root Purge: 0.0 ms]
   [Clear CT: 0.1 ms]
   [Other: 1.1 ms]
      [Choose CSet: 0.0 ms]
      [Ref Proc: 0.4 ms]
      [Ref Enq: 0.0 ms]
      [Redirty Cards: 0.1 ms]
      [Humongous Register: 0.1 ms]
      [Humongous Reclaim: 0.0 ms]
      [Free CSet: 0.1 ms]
   [Eden: 42.0M(42.0M)->0.0B(44.0M) Survivors: 9216.0K->7168.0K Heap: 333.1M(1024.0M)->290.9M(1024.0M)]
 [Times: user=0.06 sys=0.02, real=0.03 secs] 
2021-04-24T03:07:41.879+0800: 60051.535: [GC pause (G1 Evacuation Pause) (young), 0.0209251 secs]
   [Parallel Time: 19.2 ms, GC Workers: 8]
      [GC Worker Start (ms): Min: 60051535.7, Avg: 60051536.6, Max: 60051541.7, Diff: 6.0]
      [Ext Root Scanning (ms): Min: 0.0, Avg: 2.7, Max: 9.2, Diff: 9.2, Sum: 21.4]
      [Update RS (ms): Min: 0.0, Avg: 2.0, Max: 5.0, Diff: 5.0, Sum: 16.2]
         [Processed Buffers: Min: 0, Avg: 6.8, Max: 25, Diff: 25, Sum: 54]
      [Scan RS (ms): Min: 0.0, Avg: 2.6, Max: 4.9, Diff: 4.9, Sum: 20.5]
      [Code Root Scanning (ms): Min: 0.0, Avg: 0.0, Max: 0.0, Diff: 0.0, Sum: 0.0]
      [Object Copy (ms): Min: 9.6, Avg: 10.8, Max: 18.3, Diff: 8.7, Sum: 86.5]
      [Termination (ms): Min: 0.0, Avg: 0.1, Max: 0.1, Diff: 0.1, Sum: 0.6]
         [Termination Attempts: Min: 1, Avg: 1.0, Max: 1, Diff: 0, Sum: 8]
      [GC Worker Other (ms): Min: 0.0, Avg: 0.0, Max: 0.0, Diff: 0.0, Sum: 0.1]
      [GC Worker Total (ms): Min: 13.1, Avg: 18.2, Max: 19.1, Diff: 6.0, Sum: 145.3]
      [GC Worker End (ms): Min: 60051554.8, Avg: 60051554.8, Max: 60051554.8, Diff: 0.1]
   [Code Root Fixup: 0.0 ms]
   [Code Root Purge: 0.0 ms]
   [Clear CT: 0.2 ms]
   [Other: 1.5 ms]
      [Choose CSet: 0.0 ms]
      [Ref Proc: 0.4 ms]
      [Ref Enq: 0.0 ms]
      [Redirty Cards: 0.2 ms]
      [Humongous Register: 0.1 ms]
      [Humongous Reclaim: 0.0 ms]
      [Free CSet: 0.1 ms]
   [Eden: 44.0M(44.0M)->0.0B(44.0M) Survivors: 7168.0K->7168.0K Heap: 334.9M(1024.0M)->292.9M(1024.0M)]
 [Times: user=0.07 sys=0.01, real=0.03 secs] 
2021-04-24T03:08:04.066+0800: 60073.733: [GC pause (G1 Evacuation Pause) (young), 0.0210671 secs]
   [Parallel Time: 19.6 ms, GC Workers: 8]
      [GC Worker Start (ms): Min: 60073733.9, Avg: 60073736.1, Max: 60073742.8, Diff: 8.9]
      [Ext Root Scanning (ms): Min: 0.0, Avg: 2.7, Max: 8.8, Diff: 8.8, Sum: 21.9]
      [Update RS (ms): Min: 0.0, Avg: 1.5, Max: 4.0, Diff: 4.0, Sum: 12.3]
         [Processed Buffers: Min: 0, Avg: 6.4, Max: 37, Diff: 37, Sum: 51]
      [Scan RS (ms): Min: 0.0, Avg: 2.3, Max: 4.9, Diff: 4.8, Sum: 18.4]
      [Code Root Scanning (ms): Min: 0.0, Avg: 0.0, Max: 0.0, Diff: 0.0, Sum: 0.0]
      [Object Copy (ms): Min: 9.9, Avg: 10.4, Max: 11.2, Diff: 1.3, Sum: 83.1]
      [Termination (ms): Min: 0.0, Avg: 0.2, Max: 0.3, Diff: 0.3, Sum: 1.8]
         [Termination Attempts: Min: 1, Avg: 1.6, Max: 4, Diff: 3, Sum: 13]
      [GC Worker Other (ms): Min: 0.0, Avg: 0.0, Max: 0.0, Diff: 0.0, Sum: 0.1]
      [GC Worker Total (ms): Min: 10.5, Avg: 17.2, Max: 19.5, Diff: 8.9, Sum: 137.5]
      [GC Worker End (ms): Min: 60073753.3, Avg: 60073753.3, Max: 60073753.3, Diff: 0.0]
   [Code Root Fixup: 0.0 ms]
   [Code Root Purge: 0.0 ms]
   [Clear CT: 0.2 ms]
   [Other: 1.3 ms]
      [Choose CSet: 0.0 ms]
      [Ref Proc: 0.3 ms]
      [Ref Enq: 0.0 ms]
      [Redirty Cards: 0.1 ms]
      [Humongous Register: 0.2 ms]
      [Humongous Reclaim: 0.0 ms]
      [Free CSet: 0.1 ms]
   [Eden: 44.0M(44.0M)->0.0B(63.0M) Survivors: 7168.0K->5120.0K Heap: 336.9M(1024.0M)->293.6M(1024.0M)]
 [Times: user=0.06 sys=0.02, real=0.02 secs] 
2021-04-24T03:08:35.688+0800: 60105.364: [GC pause (G1 Evacuation Pause) (young), 0.0151681 secs]
   [Parallel Time: 13.9 ms, GC Workers: 8]
      [GC Worker Start (ms): Min: 60105364.1, Avg: 60105367.0, Max: 60105377.6, Diff: 13.5]
      [Ext Root Scanning (ms): Min: 0.0, Avg: 3.1, Max: 13.8, Diff: 13.8, Sum: 24.9]
      [Update RS (ms): Min: 0.0, Avg: 1.4, Max: 3.2, Diff: 3.2, Sum: 11.4]
         [Processed Buffers: Min: 0, Avg: 6.2, Max: 20, Diff: 20, Sum: 50]
      [Scan RS (ms): Min: 0.0, Avg: 1.4, Max: 2.8, Diff: 2.8, Sum: 11.4]
      [Code Root Scanning (ms): Min: 0.0, Avg: 0.0, Max: 0.0, Diff: 0.0, Sum: 0.0]
      [Object Copy (ms): Min: 0.0, Avg: 4.6, Max: 6.4, Diff: 6.4, Sum: 36.8]
      [Termination (ms): Min: 0.0, Avg: 0.3, Max: 0.4, Diff: 0.4, Sum: 2.3]
         [Termination Attempts: Min: 1, Avg: 14.9, Max: 33, Diff: 32, Sum: 119]
      [GC Worker Other (ms): Min: 0.0, Avg: 0.0, Max: 0.0, Diff: 0.0, Sum: 0.1]
      [GC Worker Total (ms): Min: 0.3, Avg: 10.9, Max: 13.8, Diff: 13.5, Sum: 86.9]
      [GC Worker End (ms): Min: 60105377.9, Avg: 60105377.9, Max: 60105377.9, Diff: 0.0]
   [Code Root Fixup: 0.0 ms]
   [Code Root Purge: 0.0 ms]
   [Clear CT: 0.1 ms]
   [Other: 1.2 ms]
      [Choose CSet: 0.0 ms]
      [Ref Proc: 0.3 ms]
      [Ref Enq: 0.0 ms]
      [Redirty Cards: 0.1 ms]
      [Humongous Register: 0.1 ms]
      [Humongous Reclaim: 0.0 ms]
      [Free CSet: 0.2 ms]
   [Eden: 63.0M(63.0M)->0.0B(134.0M) Survivors: 5120.0K->4096.0K Heap: 356.6M(1024.0M)->293.0M(1024.0M)]
 [Times: user=0.05 sys=0.00, real=0.02 secs] 
2021-04-24T03:09:42.759+0800: 60172.436: [GC pause (G1 Evacuation Pause) (young), 0.0150382 secs]
   [Parallel Time: 13.8 ms, GC Workers: 8]
      [GC Worker Start (ms): Min: 60172436.8, Avg: 60172438.7, Max: 60172445.6, Diff: 8.8]
      [Ext Root Scanning (ms): Min: 0.0, Avg: 2.5, Max: 8.7, Diff: 8.7, Sum: 19.8]
      [Update RS (ms): Min: 0.0, Avg: 2.8, Max: 7.1, Diff: 7.1, Sum: 22.2]
         [Processed Buffers: Min: 0, Avg: 5.8, Max: 21, Diff: 21, Sum: 46]
      [Scan RS (ms): Min: 0.0, Avg: 1.5, Max: 2.8, Diff: 2.8, Sum: 12.1]
      [Code Root Scanning (ms): Min: 0.0, Avg: 0.0, Max: 0.0, Diff: 0.0, Sum: 0.0]
      [Object Copy (ms): Min: 4.7, Avg: 4.8, Max: 5.1, Diff: 0.3, Sum: 38.5]
      [Termination (ms): Min: 0.0, Avg: 0.0, Max: 0.0, Diff: 0.0, Sum: 0.2]
         [Termination Attempts: Min: 1, Avg: 46.1, Max: 81, Diff: 80, Sum: 369]
      [GC Worker Other (ms): Min: 0.0, Avg: 0.1, Max: 0.1, Diff: 0.1, Sum: 0.5]
      [GC Worker Total (ms): Min: 4.8, Avg: 11.7, Max: 13.6, Diff: 8.8, Sum: 93.3]
      [GC Worker End (ms): Min: 60172450.4, Avg: 60172450.4, Max: 60172450.5, Diff: 0.1]
   [Code Root Fixup: 0.0 ms]
   [Code Root Purge: 0.0 ms]
   [Clear CT: 0.2 ms]
   [Other: 1.1 ms]
      [Choose CSet: 0.0 ms]
      [Ref Proc: 0.3 ms]
      [Ref Enq: 0.0 ms]
      [Redirty Cards: 0.2 ms]
      [Humongous Register: 0.1 ms]
      [Humongous Reclaim: 0.0 ms]
      [Free CSet: 0.1 ms]
   [Eden: 134.0M(134.0M)->0.0B(134.0M) Survivors: 4096.0K->7168.0K Heap: 427.0M(1024.0M)->295.6M(1024.0M)]
 [Times: user=0.06 sys=0.00, real=0.02 secs] 
2021-04-24T03:10:50.046+0800: 60239.724: [GC pause (G1 Evacuation Pause) (young), 0.0221688 secs]
   [Parallel Time: 20.4 ms, GC Workers: 8]
      [GC Worker Start (ms): Min: 60239724.7, Avg: 60239724.9, Max: 60239725.1, Diff: 0.4]
      [Ext Root Scanning (ms): Min: 1.1, Avg: 1.8, Max: 5.1, Diff: 4.0, Sum: 14.6]
      [Update RS (ms): Min: 1.9, Avg: 7.8, Max: 15.1, Diff: 13.2, Sum: 62.2]
         [Processed Buffers: Min: 0, Avg: 5.9, Max: 18, Diff: 18, Sum: 47]
      [Scan RS (ms): Min: 0.0, Avg: 2.4, Max: 7.3, Diff: 7.2, Sum: 19.5]
      [Code Root Scanning (ms): Min: 0.0, Avg: 0.0, Max: 0.0, Diff: 0.0, Sum: 0.0]
      [Object Copy (ms): Min: 3.5, Avg: 8.0, Max: 10.1, Diff: 6.6, Sum: 63.7]
      [Termination (ms): Min: 0.0, Avg: 0.0, Max: 0.0, Diff: 0.0, Sum: 0.1]
         [Termination Attempts: Min: 1, Avg: 35.5, Max: 55, Diff: 54, Sum: 284]
      [GC Worker Other (ms): Min: 0.0, Avg: 0.1, Max: 0.1, Diff: 0.1, Sum: 0.6]
      [GC Worker Total (ms): Min: 19.8, Avg: 20.1, Max: 20.3, Diff: 0.4, Sum: 160.7]
      [GC Worker End (ms): Min: 60239744.9, Avg: 60239745.0, Max: 60239745.0, Diff: 0.1]
   [Code Root Fixup: 0.0 ms]
   [Code Root Purge: 0.0 ms]
   [Clear CT: 0.1 ms]
   [Other: 1.7 ms]
      [Choose CSet: 0.0 ms]
      [Ref Proc: 0.2 ms]
      [Ref Enq: 0.0 ms]
      [Redirty Cards: 0.1 ms]
      [Humongous Register: 0.5 ms]
      [Humongous Reclaim: 0.0 ms]
      [Free CSet: 0.2 ms]
   [Eden: 134.0M(134.0M)->0.0B(42.0M) Survivors: 7168.0K->9216.0K Heap: 429.6M(1024.0M)->298.1M(1024.0M)]
 [Times: user=0.08 sys=0.02, real=0.02 secs] 
2021-04-24T03:11:11.156+0800: 60260.834: [GC pause (G1 Evacuation Pause) (young), 0.0403348 secs]
   [Parallel Time: 39.2 ms, GC Workers: 8]
      [GC Worker Start (ms): Min: 60260834.7, Avg: 60260835.4, Max: 60260835.7, Diff: 1.0]
      [Ext Root Scanning (ms): Min: 0.5, Avg: 3.7, Max: 7.8, Diff: 7.3, Sum: 30.0]
      [Update RS (ms): Min: 0.0, Avg: 1.5, Max: 3.4, Diff: 3.4, Sum: 12.4]
         [Processed Buffers: Min: 0, Avg: 6.0, Max: 23, Diff: 23, Sum: 48]
      [Scan RS (ms): Min: 0.0, Avg: 2.1, Max: 3.6, Diff: 3.6, Sum: 16.6]
      [Code Root Scanning (ms): Min: 0.0, Avg: 0.0, Max: 0.0, Diff: 0.0, Sum: 0.0]
      [Object Copy (ms): Min: 30.6, Avg: 31.0, Max: 31.2, Diff: 0.6, Sum: 248.0]
      [Termination (ms): Min: 0.0, Avg: 0.0, Max: 0.0, Diff: 0.0, Sum: 0.0]
         [Termination Attempts: Min: 1, Avg: 2.4, Max: 5, Diff: 4, Sum: 19]
      [GC Worker Other (ms): Min: 0.0, Avg: 0.0, Max: 0.1, Diff: 0.0, Sum: 0.3]
      [GC Worker Total (ms): Min: 38.1, Avg: 38.4, Max: 39.1, Diff: 1.0, Sum: 307.3]
      [GC Worker End (ms): Min: 60260873.8, Avg: 60260873.8, Max: 60260873.8, Diff: 0.0]
   [Code Root Fixup: 0.0 ms]
   [Code Root Purge: 0.0 ms]
   [Clear CT: 0.1 ms]
   [Other: 1.1 ms]
      [Choose CSet: 0.0 ms]
      [Ref Proc: 0.2 ms]
      [Ref Enq: 0.0 ms]
      [Redirty Cards: 0.1 ms]
      [Humongous Register: 0.2 ms]
      [Humongous Reclaim: 0.0 ms]
      [Free CSet: 0.1 ms]
   [Eden: 42.0M(42.0M)->0.0B(45.0M) Survivors: 9216.0K->6144.0K Heap: 340.1M(1024.0M)->299.0M(1024.0M)]
 [Times: user=0.08 sys=0.03, real=0.04 secs] 
2021-04-24T03:11:33.871+0800: 60283.549: [GC pause (G1 Evacuation Pause) (young), 0.0179382 secs]
   [Parallel Time: 16.3 ms, GC Workers: 8]
      [GC Worker Start (ms): Min: 60283549.8, Avg: 60283550.2, Max: 60283551.3, Diff: 1.5]
      [Ext Root Scanning (ms): Min: 0.0, Avg: 3.5, Max: 11.3, Diff: 11.3, Sum: 27.8]
      [Update RS (ms): Min: 0.0, Avg: 3.2, Max: 6.3, Diff: 6.3, Sum: 25.5]
         [Processed Buffers: Min: 0, Avg: 6.6, Max: 15, Diff: 15, Sum: 53]
      [Scan RS (ms): Min: 0.0, Avg: 2.2, Max: 4.7, Diff: 4.7, Sum: 17.8]
      [Code Root Scanning (ms): Min: 0.0, Avg: 0.0, Max: 0.0, Diff: 0.0, Sum: 0.0]
      [Object Copy (ms): Min: 4.5, Avg: 6.8, Max: 8.2, Diff: 3.7, Sum: 54.1]
      [Termination (ms): Min: 0.0, Avg: 0.0, Max: 0.1, Diff: 0.1, Sum: 0.3]
         [Termination Attempts: Min: 1, Avg: 61.2, Max: 109, Diff: 108, Sum: 490]
      [GC Worker Other (ms): Min: 0.0, Avg: 0.0, Max: 0.1, Diff: 0.0, Sum: 0.3]
      [GC Worker Total (ms): Min: 14.6, Avg: 15.7, Max: 16.1, Diff: 1.5, Sum: 125.7]
      [GC Worker End (ms): Min: 60283565.9, Avg: 60283565.9, Max: 60283565.9, Diff: 0.0]
   [Code Root Fixup: 0.0 ms]
   [Code Root Purge: 0.0 ms]
   [Clear CT: 0.1 ms]
   [Other: 1.5 ms]
      [Choose CSet: 0.0 ms]
      [Ref Proc: 0.3 ms]
      [Ref Enq: 0.0 ms]
      [Redirty Cards: 0.1 ms]
      [Humongous Register: 0.3 ms]
      [Humongous Reclaim: 0.0 ms]
      [Free CSet: 0.1 ms]
   [Eden: 45.0M(45.0M)->0.0B(44.0M) Survivors: 6144.0K->7168.0K Heap: 344.0M(1024.0M)->299.7M(1024.0M)]
 [Times: user=0.07 sys=0.00, real=0.01 secs] 
2021-04-24T03:11:56.009+0800: 60305.687: [GC pause (G1 Evacuation Pause) (young), 0.0206648 secs]
   [Parallel Time: 19.2 ms, GC Workers: 8]
      [GC Worker Start (ms): Min: 60305687.2, Avg: 60305688.1, Max: 60305694.0, Diff: 6.9]
      [Ext Root Scanning (ms): Min: 0.0, Avg: 5.1, Max: 15.2, Diff: 15.2, Sum: 41.1]
      [Update RS (ms): Min: 0.0, Avg: 1.7, Max: 3.8, Diff: 3.8, Sum: 13.5]
         [Processed Buffers: Min: 0, Avg: 5.4, Max: 30, Diff: 30, Sum: 43]
      [Scan RS (ms): Min: 0.0, Avg: 1.6, Max: 3.5, Diff: 3.5, Sum: 12.9]
      [Code Root Scanning (ms): Min: 0.0, Avg: 0.0, Max: 0.0, Diff: 0.0, Sum: 0.0]
      [Object Copy (ms): Min: 3.2, Avg: 9.0, Max: 11.3, Diff: 8.1, Sum: 72.2]
      [Termination (ms): Min: 0.0, Avg: 0.6, Max: 0.9, Diff: 0.9, Sum: 4.9]
         [Termination Attempts: Min: 1, Avg: 793.8, Max: 998, Diff: 997, Sum: 6350]
      [GC Worker Other (ms): Min: 0.0, Avg: 0.1, Max: 0.1, Diff: 0.1, Sum: 0.4]
      [GC Worker Total (ms): Min: 12.2, Avg: 18.1, Max: 19.1, Diff: 6.9, Sum: 145.1]
      [GC Worker End (ms): Min: 60305706.2, Avg: 60305706.3, Max: 60305706.3, Diff: 0.1]
   [Code Root Fixup: 0.0 ms]
   [Code Root Purge: 0.0 ms]
   [Clear CT: 0.1 ms]
   [Other: 1.3 ms]
      [Choose CSet: 0.0 ms]
      [Ref Proc: 0.2 ms]
      [Ref Enq: 0.0 ms]
      [Redirty Cards: 0.1 ms]
      [Humongous Register: 0.2 ms]
      [Humongous Reclaim: 0.0 ms]
      [Free CSet: 0.1 ms]
   [Eden: 44.0M(44.0M)->0.0B(44.0M) Survivors: 7168.0K->7168.0K Heap: 343.7M(1024.0M)->300.4M(1024.0M)]
 [Times: user=0.09 sys=0.01, real=0.03 secs] 
2021-04-24T03:12:18.043+0800: 60327.722: [GC pause (G1 Evacuation Pause) (young), 0.0216247 secs]
   [Parallel Time: 20.4 ms, GC Workers: 8]
      [GC Worker Start (ms): Min: 60327721.9, Avg: 60327722.1, Max: 60327722.3, Diff: 0.5]
      [Ext Root Scanning (ms): Min: 0.6, Avg: 2.7, Max: 7.4, Diff: 6.8, Sum: 21.5]
      [Update RS (ms): Min: 0.0, Avg: 2.7, Max: 6.0, Diff: 6.0, Sum: 21.7]
         [Processed Buffers: Min: 0, Avg: 5.5, Max: 25, Diff: 25, Sum: 44]
      [Scan RS (ms): Min: 0.0, Avg: 1.4, Max: 2.7, Diff: 2.6, Sum: 11.5]
      [Code Root Scanning (ms): Min: 0.0, Avg: 0.0, Max: 0.0, Diff: 0.0, Sum: 0.0]
      [Object Copy (ms): Min: 11.5, Avg: 13.0, Max: 18.6, Diff: 7.1, Sum: 103.9]
      [Termination (ms): Min: 0.0, Avg: 0.2, Max: 0.6, Diff: 0.5, Sum: 1.7]
         [Termination Attempts: Min: 1, Avg: 1.2, Max: 3, Diff: 2, Sum: 10]
      [GC Worker Other (ms): Min: 0.0, Avg: 0.0, Max: 0.0, Diff: 0.0, Sum: 0.1]
      [GC Worker Total (ms): Min: 19.8, Avg: 20.1, Max: 20.3, Diff: 0.5, Sum: 160.4]
      [GC Worker End (ms): Min: 60327742.1, Avg: 60327742.2, Max: 60327742.2, Diff: 0.1]
   [Code Root Fixup: 0.0 ms]
   [Code Root Purge: 0.0 ms]
   [Clear CT: 0.1 ms]
   [Other: 1.0 ms]
      [Choose CSet: 0.0 ms]
      [Ref Proc: 0.2 ms]
      [Ref Enq: 0.0 ms]
      [Redirty Cards: 0.1 ms]
      [Humongous Register: 0.1 ms]
      [Humongous Reclaim: 0.0 ms]
      [Free CSet: 0.1 ms]
   [Eden: 44.0M(44.0M)->0.0B(51.0M) Survivors: 7168.0K->5120.0K Heap: 344.4M(1024.0M)->299.7M(1024.0M)]
 [Times: user=0.06 sys=0.02, real=0.02 secs] 
2021-04-24T03:12:40.936+0800: 60350.614: [GC pause (G1 Evacuation Pause) (young), 0.0155487 secs]
   [Parallel Time: 14.4 ms, GC Workers: 8]
      [GC Worker Start (ms): Min: 60350614.9, Avg: 60350616.3, Max: 60350624.6, Diff: 9.7]
      [Ext Root Scanning (ms): Min: 0.0, Avg: 1.7, Max: 7.2, Diff: 7.2, Sum: 13.7]
      [Update RS (ms): Min: 0.0, Avg: 2.9, Max: 8.6, Diff: 8.6, Sum: 23.4]
         [Processed Buffers: Min: 0, Avg: 6.1, Max: 15, Diff: 15, Sum: 49]
      [Scan RS (ms): Min: 0.0, Avg: 1.9, Max: 4.1, Diff: 4.1, Sum: 15.5]
      [Code Root Scanning (ms): Min: 0.0, Avg: 0.0, Max: 0.0, Diff: 0.0, Sum: 0.0]
      [Object Copy (ms): Min: 4.5, Avg: 6.2, Max: 13.2, Diff: 8.7, Sum: 49.6]
      [Termination (ms): Min: 0.0, Avg: 0.0, Max: 0.0, Diff: 0.0, Sum: 0.0]
         [Termination Attempts: Min: 1, Avg: 1.5, Max: 3, Diff: 2, Sum: 12]
      [GC Worker Other (ms): Min: 0.0, Avg: 0.0, Max: 0.1, Diff: 0.0, Sum: 0.2]
      [GC Worker Total (ms): Min: 4.5, Avg: 12.8, Max: 14.3, Diff: 9.8, Sum: 102.5]
      [GC Worker End (ms): Min: 60350629.1, Avg: 60350629.2, Max: 60350629.2, Diff: 0.0]
   [Code Root Fixup: 0.0 ms]
   [Code Root Purge: 0.0 ms]
   [Clear CT: 0.1 ms]
   [Other: 1.1 ms]
      [Choose CSet: 0.0 ms]
      [Ref Proc: 0.2 ms]
      [Ref Enq: 0.0 ms]
      [Redirty Cards: 0.1 ms]
      [Humongous Register: 0.2 ms]
      [Humongous Reclaim: 0.0 ms]
      [Free CSet: 0.1 ms]
   [Eden: 46.0M(46.0M)->0.0B(88.0M) Survivors: 5120.0K->6144.0K Heap: 345.7M(1024.0M)->300.4M(1024.0M)]
 [Times: user=0.07 sys=0.00, real=0.02 secs] 
2021-04-24T03:13:25.054+0800: 60394.733: [GC pause (G1 Evacuation Pause) (young), 0.0175112 secs]
   [Parallel Time: 16.4 ms, GC Workers: 8]
      [GC Worker Start (ms): Min: 60394733.0, Avg: 60394733.3, Max: 60394733.9, Diff: 0.9]
      [Ext Root Scanning (ms): Min: 0.5, Avg: 4.7, Max: 11.8, Diff: 11.3, Sum: 37.3]
      [Update RS (ms): Min: 0.0, Avg: 2.8, Max: 5.9, Diff: 5.9, Sum: 22.0]
         [Processed Buffers: Min: 0, Avg: 5.4, Max: 20, Diff: 20, Sum: 43]
      [Scan RS (ms): Min: 0.0, Avg: 1.3, Max: 3.4, Diff: 3.4, Sum: 10.0]
      [Code Root Scanning (ms): Min: 0.0, Avg: 0.0, Max: 0.0, Diff: 0.0, Sum: 0.0]
      [Object Copy (ms): Min: 4.3, Avg: 7.2, Max: 14.8, Diff: 10.5, Sum: 57.4]
      [Termination (ms): Min: 0.0, Avg: 0.1, Max: 0.2, Diff: 0.1, Sum: 0.8]
         [Termination Attempts: Min: 1, Avg: 64.2, Max: 113, Diff: 112, Sum: 514]
      [GC Worker Other (ms): Min: 0.0, Avg: 0.0, Max: 0.0, Diff: 0.0, Sum: 0.1]
      [GC Worker Total (ms): Min: 15.4, Avg: 16.0, Max: 16.3, Diff: 0.9, Sum: 127.8]
      [GC Worker End (ms): Min: 60394749.3, Avg: 60394749.3, Max: 60394749.3, Diff: 0.0]
   [Code Root Fixup: 0.0 ms]
   [Code Root Purge: 0.0 ms]
   [Clear CT: 0.1 ms]
   [Other: 1.0 ms]
      [Choose CSet: 0.0 ms]
      [Ref Proc: 0.2 ms]
      [Ref Enq: 0.0 ms]
      [Redirty Cards: 0.1 ms]
      [Humongous Register: 0.2 ms]
      [Humongous Reclaim: 0.0 ms]
      [Free CSet: 0.1 ms]
   [Eden: 88.0M(88.0M)->0.0B(110.0M) Survivors: 6144.0K->9216.0K Heap: 388.4M(1024.0M)->303.6M(1024.0M)]
 [Times: user=0.06 sys=0.00, real=0.02 secs] 
2021-04-24T03:13:45.993+0800: 60415.671: [GC pause (G1 Evacuation Pause) (young), 0.0205619 secs]
   [Parallel Time: 18.5 ms, GC Workers: 8]
      [GC Worker Start (ms): Min: 60415671.6, Avg: 60415671.8, Max: 60415672.0, Diff: 0.4]
      [Ext Root Scanning (ms): Min: 0.4, Avg: 2.9, Max: 6.7, Diff: 6.3, Sum: 23.5]
      [Update RS (ms): Min: 0.0, Avg: 1.2, Max: 4.1, Diff: 4.1, Sum: 9.9]
         [Processed Buffers: Min: 0, Avg: 5.6, Max: 23, Diff: 23, Sum: 45]
      [Scan RS (ms): Min: 0.0, Avg: 1.7, Max: 3.6, Diff: 3.6, Sum: 13.3]
      [Code Root Scanning (ms): Min: 0.0, Avg: 0.0, Max: 0.0, Diff: 0.0, Sum: 0.0]
      [Object Copy (ms): Min: 11.5, Avg: 12.3, Max: 16.3, Diff: 4.9, Sum: 98.5]
      [Termination (ms): Min: 0.0, Avg: 0.0, Max: 0.1, Diff: 0.1, Sum: 0.4]
         [Termination Attempts: Min: 1, Avg: 1.4, Max: 2, Diff: 1, Sum: 11]
      [GC Worker Other (ms): Min: 0.0, Avg: 0.0, Max: 0.0, Diff: 0.0, Sum: 0.1]
      [GC Worker Total (ms): Min: 18.0, Avg: 18.2, Max: 18.4, Diff: 0.4, Sum: 145.7]
      [GC Worker End (ms): Min: 60415690.0, Avg: 60415690.0, Max: 60415690.0, Diff: 0.0]
   [Code Root Fixup: 0.0 ms]
   [Code Root Purge: 0.0 ms]
   [Clear CT: 0.1 ms]
   [Other: 2.0 ms]
      [Choose CSet: 0.0 ms]
      [Ref Proc: 0.3 ms]
      [Ref Enq: 0.0 ms]
      [Redirty Cards: 0.1 ms]
      [Humongous Register: 0.1 ms]
      [Humongous Reclaim: 0.0 ms]
      [Free CSet: 1.0 ms]
   [Eden: 42.0M(42.0M)->0.0B(75.0M) Survivors: 9216.0K->7168.0K Heap: 345.6M(1024.0M)->302.7M(1024.0M)]
 [Times: user=0.06 sys=0.01, real=0.02 secs] 
2021-04-24T03:14:07.932+0800: 60437.611: [GC pause (G1 Evacuation Pause) (young), 0.0159338 secs]
   [Parallel Time: 15.2 ms, GC Workers: 8]
      [GC Worker Start (ms): Min: 60437611.1, Avg: 60437612.5, Max: 60437620.3, Diff: 9.2]
      [Ext Root Scanning (ms): Min: 0.0, Avg: 2.1, Max: 7.3, Diff: 7.3, Sum: 16.9]
      [Update RS (ms): Min: 0.0, Avg: 1.8, Max: 3.9, Diff: 3.9, Sum: 14.2]
         [Processed Buffers: Min: 0, Avg: 6.1, Max: 28, Diff: 28, Sum: 49]
      [Scan RS (ms): Min: 0.0, Avg: 2.8, Max: 4.9, Diff: 4.8, Sum: 22.4]
      [Code Root Scanning (ms): Min: 0.0, Avg: 0.0, Max: 0.0, Diff: 0.0, Sum: 0.0]
      [Object Copy (ms): Min: 5.6, Avg: 6.9, Max: 12.8, Diff: 7.2, Sum: 55.6]
      [Termination (ms): Min: 0.0, Avg: 0.0, Max: 0.1, Diff: 0.1, Sum: 0.3]
         [Termination Attempts: Min: 1, Avg: 26.2, Max: 37, Diff: 36, Sum: 210]
      [GC Worker Other (ms): Min: 0.0, Avg: 0.0, Max: 0.1, Diff: 0.0, Sum: 0.2]
      [GC Worker Total (ms): Min: 5.9, Avg: 13.7, Max: 15.1, Diff: 9.2, Sum: 109.6]
      [GC Worker End (ms): Min: 60437626.2, Avg: 60437626.2, Max: 60437626.2, Diff: 0.0]
   [Code Root Fixup: 0.0 ms]
   [Code Root Purge: 0.0 ms]
   [Clear CT: 0.1 ms]
   [Other: 0.7 ms]
      [Choose CSet: 0.0 ms]
      [Ref Proc: 0.1 ms]
      [Ref Enq: 0.0 ms]
      [Redirty Cards: 0.0 ms]
      [Humongous Register: 0.1 ms]
      [Humongous Reclaim: 0.0 ms]
      [Free CSet: 0.1 ms]
   [Eden: 44.0M(44.0M)->0.0B(95.0M) Survivors: 7168.0K->7168.0K Heap: 346.7M(1024.0M)->304.6M(1024.0M)]
 [Times: user=0.06 sys=0.01, real=0.01 secs] 
2021-04-24T03:14:42.424+0800: 60472.103: [GC pause (G1 Evacuation Pause) (young), 0.0233273 secs]
   [Parallel Time: 20.8 ms, GC Workers: 8]
      [GC Worker Start (ms): Min: 60472104.3, Avg: 60472105.0, Max: 60472106.9, Diff: 2.6]
      [Ext Root Scanning (ms): Min: 0.0, Avg: 4.9, Max: 10.4, Diff: 10.4, Sum: 39.0]
      [Update RS (ms): Min: 0.0, Avg: 2.1, Max: 4.9, Diff: 4.9, Sum: 16.9]
         [Processed Buffers: Min: 0, Avg: 5.9, Max: 22, Diff: 22, Sum: 47]
      [Scan RS (ms): Min: 0.0, Avg: 1.9, Max: 3.5, Diff: 3.5, Sum: 15.2]
      [Code Root Scanning (ms): Min: 0.0, Avg: 0.0, Max: 0.0, Diff: 0.0, Sum: 0.0]
      [Object Copy (ms): Min: 9.4, Avg: 10.6, Max: 17.7, Diff: 8.3, Sum: 84.7]
      [Termination (ms): Min: 0.0, Avg: 0.4, Max: 0.5, Diff: 0.5, Sum: 3.4]
         [Termination Attempts: Min: 1, Avg: 1.1, Max: 2, Diff: 1, Sum: 9]
      [GC Worker Other (ms): Min: 0.0, Avg: 0.0, Max: 0.1, Diff: 0.0, Sum: 0.2]
      [GC Worker Total (ms): Min: 18.0, Avg: 19.9, Max: 20.6, Diff: 2.6, Sum: 159.5]
      [GC Worker End (ms): Min: 60472124.9, Avg: 60472124.9, Max: 60472124.9, Diff: 0.0]
   [Code Root Fixup: 0.0 ms]
   [Code Root Purge: 0.0 ms]
   [Clear CT: 0.2 ms]
   [Other: 2.4 ms]
      [Choose CSet: 0.0 ms]
      [Ref Proc: 0.2 ms]
      [Ref Enq: 0.0 ms]
      [Redirty Cards: 0.1 ms]
      [Humongous Register: 0.6 ms]
      [Humongous Reclaim: 0.0 ms]
      [Free CSet: 0.2 ms]
   [Eden: 69.0M(44.0M)->0.0B(94.0M) Survivors: 7168.0K->4096.0K Heap: 373.6M(1024.0M)->303.5M(1024.0M)]
 [Times: user=0.07 sys=0.02, real=0.02 secs] 
2021-04-24T03:15:05.899+0800: 60495.578: [GC pause (G1 Evacuation Pause) (young), 0.0164965 secs]
   [Parallel Time: 15.5 ms, GC Workers: 8]
      [GC Worker Start (ms): Min: 60495578.4, Avg: 60495580.1, Max: 60495585.1, Diff: 6.8]
      [Ext Root Scanning (ms): Min: 0.0, Avg: 2.1, Max: 13.6, Diff: 13.6, Sum: 17.0]
      [Update RS (ms): Min: 0.0, Avg: 2.1, Max: 4.6, Diff: 4.6, Sum: 16.9]
         [Processed Buffers: Min: 0, Avg: 5.6, Max: 14, Diff: 14, Sum: 45]
      [Scan RS (ms): Min: 0.0, Avg: 2.6, Max: 9.9, Diff: 9.9, Sum: 21.0]
      [Code Root Scanning (ms): Min: 0.0, Avg: 0.0, Max: 0.0, Diff: 0.0, Sum: 0.0]
      [Object Copy (ms): Min: 0.3, Avg: 6.7, Max: 13.6, Diff: 13.2, Sum: 53.7]
      [Termination (ms): Min: 0.0, Avg: 0.1, Max: 0.1, Diff: 0.1, Sum: 0.5]
         [Termination Attempts: Min: 1, Avg: 2.6, Max: 7, Diff: 6, Sum: 21]
      [GC Worker Other (ms): Min: 0.0, Avg: 0.0, Max: 0.0, Diff: 0.0, Sum: 0.2]
      [GC Worker Total (ms): Min: 8.6, Avg: 13.7, Max: 15.4, Diff: 6.8, Sum: 109.3]
      [GC Worker End (ms): Min: 60495593.7, Avg: 60495593.8, Max: 60495593.8, Diff: 0.1]
   [Code Root Fixup: 0.0 ms]
   [Code Root Purge: 0.0 ms]
   [Clear CT: 0.1 ms]
   [Other: 0.9 ms]
      [Choose CSet: 0.0 ms]
      [Ref Proc: 0.2 ms]
      [Ref Enq: 0.0 ms]
      [Redirty Cards: 0.1 ms]
      [Humongous Register: 0.1 ms]
      [Humongous Reclaim: 0.0 ms]
      [Free CSet: 0.1 ms]
   [Eden: 47.0M(47.0M)->0.0B(93.0M) Survivors: 4096.0K->7168.0K Heap: 350.5M(1024.0M)->306.1M(1024.0M)]
 [Times: user=0.06 sys=0.00, real=0.02 secs] 
2021-04-24T03:15:27.491+0800: 60517.170: [GC pause (G1 Evacuation Pause) (young), 0.0170072 secs]
   [Parallel Time: 15.2 ms, GC Workers: 8]
      [GC Worker Start (ms): Min: 60517170.7, Avg: 60517171.7, Max: 60517177.1, Diff: 6.4]
      [Ext Root Scanning (ms): Min: 0.0, Avg: 1.5, Max: 4.5, Diff: 4.5, Sum: 12.2]
      [Update RS (ms): Min: 0.0, Avg: 1.1, Max: 2.3, Diff: 2.3, Sum: 8.4]
         [Processed Buffers: Min: 0, Avg: 5.0, Max: 16, Diff: 16, Sum: 40]
      [Scan RS (ms): Min: 0.0, Avg: 2.2, Max: 3.3, Diff: 3.3, Sum: 17.5]
      [Code Root Scanning (ms): Min: 0.0, Avg: 0.0, Max: 0.0, Diff: 0.0, Sum: 0.0]
      [Object Copy (ms): Min: 7.6, Avg: 8.4, Max: 11.3, Diff: 3.7, Sum: 66.8]
      [Termination (ms): Min: 0.0, Avg: 0.8, Max: 1.0, Diff: 1.0, Sum: 6.6]
         [Termination Attempts: Min: 1, Avg: 3.2, Max: 10, Diff: 9, Sum: 26]
      [GC Worker Other (ms): Min: 0.0, Avg: 0.0, Max: 0.0, Diff: 0.0, Sum: 0.1]
      [GC Worker Total (ms): Min: 8.7, Avg: 14.0, Max: 15.1, Diff: 6.4, Sum: 111.7]
      [GC Worker End (ms): Min: 60517185.4, Avg: 60517185.7, Max: 60517185.8, Diff: 0.4]
   [Code Root Fixup: 0.0 ms]
   [Code Root Purge: 0.0 ms]
   [Clear CT: 0.1 ms]
   [Other: 1.7 ms]
      [Choose CSet: 0.0 ms]
      [Ref Proc: 0.2 ms]
      [Ref Enq: 0.0 ms]
      [Redirty Cards: 0.1 ms]
      [Humongous Register: 0.2 ms]
      [Humongous Reclaim: 0.0 ms]
      [Free CSet: 0.1 ms]
   [Eden: 44.0M(44.0M)->0.0B(127.0M) Survivors: 7168.0K->6144.0K Heap: 350.1M(1024.0M)->306.4M(1024.0M)]
 [Times: user=0.04 sys=0.01, real=0.01 secs] 
2021-04-24T03:15:51.027+0800: 60540.706: [GC pause (G1 Evacuation Pause) (young), 0.0180000 secs]
   [Parallel Time: 16.6 ms, GC Workers: 8]
      [GC Worker Start (ms): Min: 60540706.9, Avg: 60540707.2, Max: 60540707.9, Diff: 1.0]
      [Ext Root Scanning (ms): Min: 0.0, Avg: 1.9, Max: 5.2, Diff: 5.2, Sum: 15.5]
      [Update RS (ms): Min: 0.0, Avg: 1.6, Max: 3.4, Diff: 3.4, Sum: 12.4]
         [Processed Buffers: Min: 0, Avg: 5.4, Max: 20, Diff: 20, Sum: 43]
      [Scan RS (ms): Min: 0.0, Avg: 4.2, Max: 9.1, Diff: 9.1, Sum: 33.7]
      [Code Root Scanning (ms): Min: 0.0, Avg: 0.0, Max: 0.0, Diff: 0.0, Sum: 0.0]
      [Object Copy (ms): Min: 5.5, Avg: 8.4, Max: 15.5, Diff: 10.0, Sum: 67.1]
      [Termination (ms): Min: 0.0, Avg: 0.0, Max: 0.0, Diff: 0.0, Sum: 0.0]
         [Termination Attempts: Min: 1, Avg: 5.4, Max: 8, Diff: 7, Sum: 43]
      [GC Worker Other (ms): Min: 0.0, Avg: 0.0, Max: 0.1, Diff: 0.0, Sum: 0.3]
      [GC Worker Total (ms): Min: 15.5, Avg: 16.1, Max: 16.4, Diff: 1.0, Sum: 129.0]
      [GC Worker End (ms): Min: 60540723.3, Avg: 60540723.4, Max: 60540723.4, Diff: 0.0]
   [Code Root Fixup: 0.0 ms]
   [Code Root Purge: 0.0 ms]
   [Clear CT: 0.1 ms]
   [Other: 1.3 ms]
      [Choose CSet: 0.0 ms]
      [Ref Proc: 0.3 ms]
      [Ref Enq: 0.0 ms]
      [Redirty Cards: 0.1 ms]
      [Humongous Register: 0.3 ms]
      [Humongous Reclaim: 0.0 ms]
      [Free CSet: 0.1 ms]
   [Eden: 47.0M(45.0M)->0.0B(117.0M) Survivors: 6144.0K->6144.0K Heap: 353.4M(1024.0M)->306.4M(1024.0M)]
 [Times: user=0.07 sys=0.01, real=0.02 secs] 
2021-04-24T03:16:50.187+0800: 60599.866: [GC pause (G1 Evacuation Pause) (young), 0.0213950 secs]
   [Parallel Time: 19.5 ms, GC Workers: 8]
      [GC Worker Start (ms): Min: 60599867.2, Avg: 60599867.3, Max: 60599867.5, Diff: 0.3]
      [Ext Root Scanning (ms): Min: 0.4, Avg: 1.5, Max: 7.1, Diff: 6.7, Sum: 11.8]
      [Update RS (ms): Min: 0.0, Avg: 4.0, Max: 6.0, Diff: 6.0, Sum: 32.2]
         [Processed Buffers: Min: 0, Avg: 6.5, Max: 18, Diff: 18, Sum: 52]
      [Scan RS (ms): Min: 0.9, Avg: 4.1, Max: 12.5, Diff: 11.6, Sum: 33.1]
      [Code Root Scanning (ms): Min: 0.0, Avg: 0.0, Max: 0.0, Diff: 0.0, Sum: 0.0]
      [Object Copy (ms): Min: 1.9, Avg: 9.5, Max: 11.5, Diff: 9.6, Sum: 76.3]
      [Termination (ms): Min: 0.0, Avg: 0.0, Max: 0.2, Diff: 0.2, Sum: 0.3]
         [Termination Attempts: Min: 1, Avg: 3.9, Max: 6, Diff: 5, Sum: 31]
      [GC Worker Other (ms): Min: 0.0, Avg: 0.0, Max: 0.0, Diff: 0.0, Sum: 0.2]
      [GC Worker Total (ms): Min: 19.0, Avg: 19.2, Max: 19.3, Diff: 0.3, Sum: 154.0]
      [GC Worker End (ms): Min: 60599886.5, Avg: 60599886.5, Max: 60599886.6, Diff: 0.1]
   [Code Root Fixup: 0.0 ms]
   [Code Root Purge: 0.0 ms]
   [Clear CT: 0.1 ms]
   [Other: 1.8 ms]
      [Choose CSet: 0.0 ms]
      [Ref Proc: 0.5 ms]
      [Ref Enq: 0.0 ms]
      [Redirty Cards: 0.1 ms]
      [Humongous Register: 0.3 ms]
      [Humongous Reclaim: 0.0 ms]
      [Free CSet: 0.2 ms]
   [Eden: 117.0M(117.0M)->0.0B(93.0M) Survivors: 6144.0K->9216.0K Heap: 423.4M(1024.0M)->309.0M(1024.0M)]
 [Times: user=0.08 sys=0.01, real=0.02 secs] 
2021-04-24T03:17:36.861+0800: 60646.541: [GC pause (G1 Evacuation Pause) (young), 0.0220231 secs]
   [Parallel Time: 20.1 ms, GC Workers: 8]
      [GC Worker Start (ms): Min: 60646541.9, Avg: 60646542.1, Max: 60646542.4, Diff: 0.5]
      [Ext Root Scanning (ms): Min: 0.6, Avg: 4.4, Max: 16.9, Diff: 16.3, Sum: 35.1]
      [Update RS (ms): Min: 0.0, Avg: 2.2, Max: 6.2, Diff: 6.2, Sum: 18.0]
         [Processed Buffers: Min: 0, Avg: 7.1, Max: 26, Diff: 26, Sum: 57]
      [Scan RS (ms): Min: 0.0, Avg: 6.1, Max: 13.5, Diff: 13.5, Sum: 48.7]
      [Code Root Scanning (ms): Min: 0.0, Avg: 0.0, Max: 0.1, Diff: 0.1, Sum: 0.1]
      [Object Copy (ms): Min: 1.7, Avg: 6.9, Max: 11.5, Diff: 9.8, Sum: 55.4]
      [Termination (ms): Min: 0.0, Avg: 0.0, Max: 0.0, Diff: 0.0, Sum: 0.1]
         [Termination Attempts: Min: 1, Avg: 17.0, Max: 29, Diff: 28, Sum: 136]
      [GC Worker Other (ms): Min: 0.0, Avg: 0.0, Max: 0.1, Diff: 0.0, Sum: 0.3]
      [GC Worker Total (ms): Min: 19.5, Avg: 19.7, Max: 20.0, Diff: 0.5, Sum: 157.8]
      [GC Worker End (ms): Min: 60646561.9, Avg: 60646561.9, Max: 60646561.9, Diff: 0.0]
   [Code Root Fixup: 0.0 ms]
   [Code Root Purge: 0.0 ms]
   [Clear CT: 0.1 ms]
   [Other: 1.8 ms]
      [Choose CSet: 0.0 ms]
      [Ref Proc: 0.2 ms]
      [Ref Enq: 0.0 ms]
      [Redirty Cards: 0.1 ms]
      [Humongous Register: 0.2 ms]
      [Humongous Reclaim: 0.0 ms]
      [Free CSet: 0.1 ms]
   [Eden: 93.0M(93.0M)->0.0B(41.0M) Survivors: 9216.0K->10.0M Heap: 402.0M(1024.0M)->310.0M(1024.0M)]
 [Times: user=0.08 sys=0.01, real=0.02 secs] 
2021-04-24T03:17:57.384+0800: 60667.063: [GC pause (G1 Evacuation Pause) (young), 0.0483055 secs]
   [Parallel Time: 46.5 ms, GC Workers: 8]
      [GC Worker Start (ms): Min: 60667064.0, Avg: 60667064.9, Max: 60667070.2, Diff: 6.2]
      [Ext Root Scanning (ms): Min: 0.0, Avg: 2.4, Max: 8.2, Diff: 8.2, Sum: 19.3]
      [Update RS (ms): Min: 0.0, Avg: 1.4, Max: 3.3, Diff: 3.3, Sum: 10.9]
         [Processed Buffers: Min: 0, Avg: 6.1, Max: 19, Diff: 19, Sum: 49]
      [Scan RS (ms): Min: 0.0, Avg: 2.7, Max: 4.7, Diff: 4.7, Sum: 22.0]
      [Code Root Scanning (ms): Min: 0.0, Avg: 0.0, Max: 0.0, Diff: 0.0, Sum: 0.0]
      [Object Copy (ms): Min: 37.1, Avg: 38.6, Max: 43.3, Diff: 6.2, Sum: 308.8]
      [Termination (ms): Min: 0.0, Avg: 0.4, Max: 0.5, Diff: 0.5, Sum: 2.9]
         [Termination Attempts: Min: 1, Avg: 2.1, Max: 5, Diff: 4, Sum: 17]
      [GC Worker Other (ms): Min: 0.0, Avg: 0.0, Max: 0.1, Diff: 0.0, Sum: 0.2]
      [GC Worker Total (ms): Min: 40.2, Avg: 45.5, Max: 46.4, Diff: 6.2, Sum: 364.2]
      [GC Worker End (ms): Min: 60667110.4, Avg: 60667110.4, Max: 60667110.4, Diff: 0.0]
   [Code Root Fixup: 0.1 ms]
   [Code Root Purge: 0.0 ms]
   [Clear CT: 0.1 ms]
   [Other: 1.6 ms]
      [Choose CSet: 0.0 ms]
      [Ref Proc: 0.6 ms]
      [Ref Enq: 0.0 ms]
      [Redirty Cards: 0.1 ms]
      [Humongous Register: 0.3 ms]
      [Humongous Reclaim: 0.0 ms]
      [Free CSet: 0.1 ms]
   [Eden: 41.0M(41.0M)->0.0B(46.0M) Survivors: 10.0M->5120.0K Heap: 351.0M(1024.0M)->309.5M(1024.0M)]
 [Times: user=0.08 sys=0.02, real=0.05 secs] 
2021-04-24T03:18:20.693+0800: 60690.373: [GC pause (G1 Evacuation Pause) (young), 0.0160445 secs]
   [Parallel Time: 14.7 ms, GC Workers: 8]
      [GC Worker Start (ms): Min: 60690373.6, Avg: 60690373.8, Max: 60690374.7, Diff: 1.1]
      [Ext Root Scanning (ms): Min: 0.0, Avg: 3.4, Max: 11.1, Diff: 11.1, Sum: 27.5]
      [Update RS (ms): Min: 0.0, Avg: 2.9, Max: 9.8, Diff: 9.8, Sum: 23.0]
         [Processed Buffers: Min: 0, Avg: 6.4, Max: 17, Diff: 17, Sum: 51]
      [Scan RS (ms): Min: 0.0, Avg: 2.4, Max: 4.4, Diff: 4.4, Sum: 19.1]
      [Code Root Scanning (ms): Min: 0.0, Avg: 0.0, Max: 0.0, Diff: 0.0, Sum: 0.0]
      [Object Copy (ms): Min: 2.9, Avg: 5.0, Max: 10.4, Diff: 7.5, Sum: 40.2]
      [Termination (ms): Min: 0.0, Avg: 0.0, Max: 0.0, Diff: 0.0, Sum: 0.0]
         [Termination Attempts: Min: 1, Avg: 1.2, Max: 2, Diff: 1, Sum: 10]
      [GC Worker Other (ms): Min: 0.0, Avg: 0.1, Max: 0.6, Diff: 0.6, Sum: 0.8]
      [GC Worker Total (ms): Min: 12.9, Avg: 13.8, Max: 14.4, Diff: 1.4, Sum: 110.6]
      [GC Worker End (ms): Min: 60690387.6, Avg: 60690387.7, Max: 60690388.2, Diff: 0.6]
   [Code Root Fixup: 0.0 ms]
   [Code Root Purge: 0.0 ms]
   [Clear CT: 0.1 ms]
   [Other: 1.3 ms]
      [Choose CSet: 0.0 ms]
      [Ref Proc: 0.3 ms]
      [Ref Enq: 0.0 ms]
      [Redirty Cards: 0.1 ms]
      [Humongous Register: 0.2 ms]
      [Humongous Reclaim: 0.0 ms]
      [Free CSet: 0.1 ms]
   [Eden: 46.0M(46.0M)->0.0B(45.0M) Survivors: 5120.0K->6144.0K Heap: 355.5M(1024.0M)->310.7M(1024.0M)]
 [Times: user=0.07 sys=0.01, real=0.02 secs] 
2021-04-24T03:18:43.374+0800: 60713.053: [GC pause (G1 Evacuation Pause) (young), 0.0153168 secs]
   [Parallel Time: 14.2 ms, GC Workers: 8]
      [GC Worker Start (ms): Min: 60713053.8, Avg: 60713054.0, Max: 60713054.8, Diff: 1.0]
      [Ext Root Scanning (ms): Min: 0.0, Avg: 3.7, Max: 13.3, Diff: 13.3, Sum: 29.5]
      [Update RS (ms): Min: 0.0, Avg: 1.5, Max: 3.5, Diff: 3.5, Sum: 12.1]
         [Processed Buffers: Min: 0, Avg: 5.0, Max: 24, Diff: 24, Sum: 40]
      [Scan RS (ms): Min: 0.0, Avg: 1.6, Max: 3.4, Diff: 3.4, Sum: 12.8]
      [Code Root Scanning (ms): Min: 0.0, Avg: 0.0, Max: 0.0, Diff: 0.0, Sum: 0.0]
      [Object Copy (ms): Min: 0.4, Avg: 7.0, Max: 13.1, Diff: 12.7, Sum: 56.0]
      [Termination (ms): Min: 0.0, Avg: 0.0, Max: 0.0, Diff: 0.0, Sum: 0.1]
         [Termination Attempts: Min: 1, Avg: 2.0, Max: 3, Diff: 2, Sum: 16]
      [GC Worker Other (ms): Min: 0.0, Avg: 0.0, Max: 0.0, Diff: 0.0, Sum: 0.2]
      [GC Worker Total (ms): Min: 13.0, Avg: 13.8, Max: 14.1, Diff: 1.0, Sum: 110.7]
      [GC Worker End (ms): Min: 60713067.8, Avg: 60713067.8, Max: 60713067.8, Diff: 0.0]
   [Code Root Fixup: 0.0 ms]
   [Code Root Purge: 0.0 ms]
   [Clear CT: 0.1 ms]
   [Other: 1.1 ms]
      [Choose CSet: 0.0 ms]
      [Ref Proc: 0.2 ms]
      [Ref Enq: 0.0 ms]
      [Redirty Cards: 0.1 ms]
      [Humongous Register: 0.3 ms]
      [Humongous Reclaim: 0.0 ms]
      [Free CSet: 0.1 ms]
   [Eden: 45.0M(45.0M)->0.0B(44.0M) Survivors: 6144.0K->7168.0K Heap: 355.7M(1024.0M)->311.3M(1024.0M)]
 [Times: user=0.06 sys=0.00, real=0.01 secs] 
2021-04-24T03:19:05.382+0800: 60735.062: [GC pause (G1 Evacuation Pause) (young), 0.0214097 secs]
   [Parallel Time: 18.0 ms, GC Workers: 8]
      [GC Worker Start (ms): Min: 60735062.5, Avg: 60735062.8, Max: 60735063.6, Diff: 1.1]
      [Ext Root Scanning (ms): Min: 0.0, Avg: 4.4, Max: 17.8, Diff: 17.8, Sum: 34.9]
      [Update RS (ms): Min: 0.0, Avg: 1.6, Max: 3.8, Diff: 3.8, Sum: 12.7]
         [Processed Buffers: Min: 0, Avg: 5.5, Max: 17, Diff: 17, Sum: 44]
      [Scan RS (ms): Min: 0.0, Avg: 2.3, Max: 5.4, Diff: 5.4, Sum: 18.6]
      [Code Root Scanning (ms): Min: 0.0, Avg: 0.0, Max: 0.0, Diff: 0.0, Sum: 0.0]
      [Object Copy (ms): Min: 0.0, Avg: 8.1, Max: 15.5, Diff: 15.5, Sum: 64.4]
      [Termination (ms): Min: 0.0, Avg: 1.3, Max: 1.5, Diff: 1.5, Sum: 10.2]
         [Termination Attempts: Min: 1, Avg: 5.0, Max: 14, Diff: 13, Sum: 40]
      [GC Worker Other (ms): Min: 0.0, Avg: 0.0, Max: 0.0, Diff: 0.0, Sum: 0.2]
      [GC Worker Total (ms): Min: 16.8, Avg: 17.6, Max: 17.9, Diff: 1.1, Sum: 141.0]
      [GC Worker End (ms): Min: 60735080.4, Avg: 60735080.4, Max: 60735080.4, Diff: 0.0]
   [Code Root Fixup: 0.1 ms]
   [Code Root Purge: 0.0 ms]
   [Clear CT: 0.2 ms]
   [Other: 3.2 ms]
      [Choose CSet: 0.0 ms]
      [Ref Proc: 1.6 ms]
      [Ref Enq: 0.0 ms]
      [Redirty Cards: 0.1 ms]
      [Humongous Register: 0.3 ms]
      [Humongous Reclaim: 0.0 ms]
      [Free CSet: 0.1 ms]
   [Eden: 44.0M(44.0M)->0.0B(44.0M) Survivors: 7168.0K->7168.0K Heap: 355.3M(1024.0M)->312.0M(1024.0M)]
 [Times: user=0.07 sys=0.01, real=0.02 secs] 
2021-04-24T03:19:27.380+0800: 60757.060: [GC pause (G1 Evacuation Pause) (young), 0.0210159 secs]
   [Parallel Time: 19.6 ms, GC Workers: 8]
      [GC Worker Start (ms): Min: 60757060.0, Avg: 60757060.8, Max: 60757065.3, Diff: 5.3]
      [Ext Root Scanning (ms): Min: 0.0, Avg: 2.2, Max: 5.9, Diff: 5.9, Sum: 17.3]
      [Update RS (ms): Min: 0.0, Avg: 1.7, Max: 3.8, Diff: 3.8, Sum: 13.3]
         [Processed Buffers: Min: 0, Avg: 5.1, Max: 25, Diff: 25, Sum: 41]
      [Scan RS (ms): Min: 0.1, Avg: 2.4, Max: 3.3, Diff: 3.2, Sum: 19.2]
      [Code Root Scanning (ms): Min: 0.0, Avg: 0.0, Max: 0.0, Diff: 0.0, Sum: 0.0]
      [Object Copy (ms): Min: 11.3, Avg: 12.3, Max: 18.3, Diff: 7.0, Sum: 98.7]
      [Termination (ms): Min: 0.0, Avg: 0.0, Max: 0.0, Diff: 0.0, Sum: 0.1]
         [Termination Attempts: Min: 1, Avg: 7.0, Max: 14, Diff: 13, Sum: 56]
      [GC Worker Other (ms): Min: 0.0, Avg: 0.0, Max: 0.0, Diff: 0.0, Sum: 0.2]
      [GC Worker Total (ms): Min: 14.1, Avg: 18.6, Max: 19.4, Diff: 5.3, Sum: 148.8]
      [GC Worker End (ms): Min: 60757079.4, Avg: 60757079.4, Max: 60757079.4, Diff: 0.0]
   [Code Root Fixup: 0.0 ms]
   [Code Root Purge: 0.0 ms]
   [Clear CT: 0.2 ms]
   [Other: 1.3 ms]
      [Choose CSet: 0.0 ms]
      [Ref Proc: 0.3 ms]
      [Ref Enq: 0.0 ms]
      [Redirty Cards: 0.1 ms]
      [Humongous Register: 0.2 ms]
      [Humongous Reclaim: 0.0 ms]
      [Free CSet: 0.1 ms]
   [Eden: 44.0M(44.0M)->0.0B(45.0M) Survivors: 7168.0K->6144.0K Heap: 356.0M(1024.0M)->312.1M(1024.0M)]
 [Times: user=0.07 sys=0.01, real=0.02 secs] 
2021-04-24T03:19:49.766+0800: 60779.446: [GC pause (G1 Evacuation Pause) (young), 0.0219220 secs]
   [Parallel Time: 20.5 ms, GC Workers: 8]
      [GC Worker Start (ms): Min: 60779446.4, Avg: 60779446.7, Max: 60779447.5, Diff: 1.1]
      [Ext Root Scanning (ms): Min: 0.0, Avg: 5.1, Max: 20.3, Diff: 20.3, Sum: 40.9]
      [Update RS (ms): Min: 0.0, Avg: 1.8, Max: 4.8, Diff: 4.8, Sum: 14.4]
         [Processed Buffers: Min: 0, Avg: 6.0, Max: 16, Diff: 16, Sum: 48]
      [Scan RS (ms): Min: 0.0, Avg: 5.5, Max: 8.5, Diff: 8.5, Sum: 43.9]
      [Code Root Scanning (ms): Min: 0.0, Avg: 0.0, Max: 0.0, Diff: 0.0, Sum: 0.0]
      [Object Copy (ms): Min: 0.1, Avg: 7.5, Max: 10.0, Diff: 9.9, Sum: 60.2]
      [Termination (ms): Min: 0.0, Avg: 0.2, Max: 0.3, Diff: 0.3, Sum: 1.7]
         [Termination Attempts: Min: 1, Avg: 2.6, Max: 6, Diff: 5, Sum: 21]
      [GC Worker Other (ms): Min: 0.0, Avg: 0.0, Max: 0.0, Diff: 0.0, Sum: 0.1]
      [GC Worker Total (ms): Min: 19.4, Avg: 20.2, Max: 20.4, Diff: 1.1, Sum: 161.3]
      [GC Worker End (ms): Min: 60779466.8, Avg: 60779466.8, Max: 60779466.9, Diff: 0.0]
   [Code Root Fixup: 0.0 ms]
   [Code Root Purge: 0.0 ms]
   [Clear CT: 0.1 ms]
   [Other: 1.3 ms]
      [Choose CSet: 0.0 ms]
      [Ref Proc: 0.2 ms]
      [Ref Enq: 0.0 ms]
      [Redirty Cards: 0.1 ms]
      [Humongous Register: 0.2 ms]
      [Humongous Reclaim: 0.0 ms]
      [Free CSet: 0.1 ms]
   [Eden: 45.0M(45.0M)->0.0B(45.0M) Survivors: 6144.0K->6144.0K Heap: 357.1M(1024.0M)->313.1M(1024.0M)]
 [Times: user=0.05 sys=0.01, real=0.02 secs] 
2021-04-24T03:20:12.422+0800: 60802.102: [GC pause (G1 Evacuation Pause) (young), 0.0167338 secs]
   [Parallel Time: 14.7 ms, GC Workers: 8]
      [GC Worker Start (ms): Min: 60802102.1, Avg: 60802103.4, Max: 60802107.0, Diff: 4.8]
      [Ext Root Scanning (ms): Min: 0.0, Avg: 4.1, Max: 14.6, Diff: 14.6, Sum: 32.5]
      [Update RS (ms): Min: 0.0, Avg: 1.6, Max: 3.1, Diff: 3.1, Sum: 12.8]
         [Processed Buffers: Min: 0, Avg: 5.5, Max: 19, Diff: 19, Sum: 44]
      [Scan RS (ms): Min: 0.0, Avg: 1.5, Max: 5.9, Diff: 5.9, Sum: 12.2]
      [Code Root Scanning (ms): Min: 0.0, Avg: 0.0, Max: 0.0, Diff: 0.0, Sum: 0.0]
      [Object Copy (ms): Min: 0.0, Avg: 5.9, Max: 8.7, Diff: 8.7, Sum: 47.1]
      [Termination (ms): Min: 0.0, Avg: 0.3, Max: 0.4, Diff: 0.4, Sum: 2.1]
         [Termination Attempts: Min: 1, Avg: 1.9, Max: 4, Diff: 3, Sum: 15]
      [GC Worker Other (ms): Min: 0.0, Avg: 0.0, Max: 0.0, Diff: 0.0, Sum: 0.1]
      [GC Worker Total (ms): Min: 9.8, Avg: 13.4, Max: 14.6, Diff: 4.8, Sum: 106.8]
      [GC Worker End (ms): Min: 60802116.8, Avg: 60802116.8, Max: 60802116.8, Diff: 0.0]
   [Code Root Fixup: 0.0 ms]
   [Code Root Purge: 0.0 ms]
   [Clear CT: 0.1 ms]
   [Other: 1.9 ms]
      [Choose CSet: 0.0 ms]
      [Ref Proc: 0.8 ms]
      [Ref Enq: 0.0 ms]
      [Redirty Cards: 0.1 ms]
      [Humongous Register: 0.1 ms]
      [Humongous Reclaim: 0.0 ms]
      [Free CSet: 0.1 ms]
   [Eden: 45.0M(45.0M)->0.0B(44.0M) Survivors: 6144.0K->7168.0K Heap: 358.1M(1024.0M)->314.2M(1024.0M)]
 [Times: user=0.05 sys=0.00, real=0.01 secs] 
2021-04-24T03:20:34.394+0800: 60824.074: [GC pause (G1 Evacuation Pause) (young), 0.0223314 secs]
   [Parallel Time: 19.5 ms, GC Workers: 8]
      [GC Worker Start (ms): Min: 60824074.7, Avg: 60824076.1, Max: 60824082.6, Diff: 7.8]
      [Ext Root Scanning (ms): Min: 0.0, Avg: 2.3, Max: 7.7, Diff: 7.7, Sum: 18.4]
      [Update RS (ms): Min: 0.0, Avg: 2.1, Max: 5.3, Diff: 5.3, Sum: 16.6]
         [Processed Buffers: Min: 0, Avg: 5.6, Max: 17, Diff: 17, Sum: 45]
      [Scan RS (ms): Min: 0.0, Avg: 1.5, Max: 3.0, Diff: 3.0, Sum: 12.2]
      [Code Root Scanning (ms): Min: 0.0, Avg: 0.0, Max: 0.0, Diff: 0.0, Sum: 0.0]
      [Object Copy (ms): Min: 9.5, Avg: 11.7, Max: 17.1, Diff: 7.6, Sum: 93.4]
      [Termination (ms): Min: 0.0, Avg: 0.3, Max: 0.3, Diff: 0.3, Sum: 2.3]
         [Termination Attempts: Min: 1, Avg: 1.5, Max: 2, Diff: 1, Sum: 12]
      [GC Worker Other (ms): Min: 0.0, Avg: 0.0, Max: 0.0, Diff: 0.0, Sum: 0.2]
      [GC Worker Total (ms): Min: 11.4, Avg: 17.9, Max: 19.3, Diff: 7.9, Sum: 143.0]
      [GC Worker End (ms): Min: 60824094.0, Avg: 60824094.0, Max: 60824094.0, Diff: 0.0]
   [Code Root Fixup: 0.0 ms]
   [Code Root Purge: 0.0 ms]
   [Clear CT: 0.2 ms]
   [Other: 2.6 ms]
      [Choose CSet: 0.0 ms]
      [Ref Proc: 0.3 ms]
      [Ref Enq: 0.0 ms]
      [Redirty Cards: 0.2 ms]
      [Humongous Register: 0.6 ms]
      [Humongous Reclaim: 0.0 ms]
      [Free CSet: 0.2 ms]
   [Eden: 44.0M(44.0M)->0.0B(50.0M) Survivors: 7168.0K->5120.0K Heap: 358.2M(1024.0M)->312.9M(1024.0M)]
 [Times: user=0.07 sys=0.02, real=0.02 secs] 
2021-04-24T03:20:57.950+0800: 60847.631: [GC pause (G1 Evacuation Pause) (young), 0.0148460 secs]
   [Parallel Time: 13.8 ms, GC Workers: 8]
      [GC Worker Start (ms): Min: 60847630.9, Avg: 60847631.1, Max: 60847631.5, Diff: 0.6]
      [Ext Root Scanning (ms): Min: 0.2, Avg: 3.1, Max: 11.2, Diff: 11.0, Sum: 24.8]
      [Update RS (ms): Min: 0.0, Avg: 1.4, Max: 3.0, Diff: 3.0, Sum: 11.3]
         [Processed Buffers: Min: 0, Avg: 6.5, Max: 19, Diff: 19, Sum: 52]
      [Scan RS (ms): Min: 0.0, Avg: 2.0, Max: 5.1, Diff: 5.1, Sum: 15.6]
      [Code Root Scanning (ms): Min: 0.0, Avg: 0.0, Max: 0.0, Diff: 0.0, Sum: 0.0]
      [Object Copy (ms): Min: 2.3, Avg: 7.0, Max: 12.8, Diff: 10.5, Sum: 55.9]
      [Termination (ms): Min: 0.0, Avg: 0.0, Max: 0.0, Diff: 0.0, Sum: 0.1]
         [Termination Attempts: Min: 1, Avg: 22.0, Max: 33, Diff: 32, Sum: 176]
      [GC Worker Other (ms): Min: 0.0, Avg: 0.0, Max: 0.1, Diff: 0.1, Sum: 0.4]
      [GC Worker Total (ms): Min: 13.1, Avg: 13.5, Max: 13.7, Diff: 0.6, Sum: 108.1]
      [GC Worker End (ms): Min: 60847644.6, Avg: 60847644.6, Max: 60847644.7, Diff: 0.1]
   [Code Root Fixup: 0.0 ms]
   [Code Root Purge: 0.0 ms]
   [Clear CT: 0.1 ms]
   [Other: 1.0 ms]
      [Choose CSet: 0.0 ms]
      [Ref Proc: 0.2 ms]
      [Ref Enq: 0.0 ms]
      [Redirty Cards: 0.1 ms]
      [Humongous Register: 0.1 ms]
      [Humongous Reclaim: 0.0 ms]
      [Free CSet: 0.1 ms]
   [Eden: 46.0M(46.0M)->0.0B(89.0M) Survivors: 5120.0K->7168.0K Heap: 358.9M(1024.0M)->315.5M(1024.0M)]
 [Times: user=0.06 sys=0.00, real=0.01 secs] 
2021-04-24T03:21:42.873+0800: 60892.553: [GC pause (G1 Evacuation Pause) (young), 0.0170661 secs]
   [Parallel Time: 15.6 ms, GC Workers: 8]
      [GC Worker Start (ms): Min: 60892554.1, Avg: 60892554.6, Max: 60892555.3, Diff: 1.2]
      [Ext Root Scanning (ms): Min: 0.2, Avg: 3.8, Max: 15.1, Diff: 14.9, Sum: 30.3]
      [Update RS (ms): Min: 0.0, Avg: 2.0, Max: 3.6, Diff: 3.6, Sum: 15.8]
         [Processed Buffers: Min: 0, Avg: 7.2, Max: 18, Diff: 18, Sum: 58]
      [Scan RS (ms): Min: 0.0, Avg: 1.0, Max: 1.8, Diff: 1.8, Sum: 8.2]
      [Code Root Scanning (ms): Min: 0.0, Avg: 0.0, Max: 0.0, Diff: 0.0, Sum: 0.0]
      [Object Copy (ms): Min: 0.0, Avg: 5.9, Max: 6.9, Diff: 6.9, Sum: 47.0]
      [Termination (ms): Min: 0.0, Avg: 2.3, Max: 2.6, Diff: 2.6, Sum: 18.4]
         [Termination Attempts: Min: 1, Avg: 3.6, Max: 6, Diff: 5, Sum: 29]
      [GC Worker Other (ms): Min: 0.0, Avg: 0.0, Max: 0.1, Diff: 0.1, Sum: 0.3]
      [GC Worker Total (ms): Min: 14.3, Avg: 15.0, Max: 15.5, Diff: 1.2, Sum: 120.0]
      [GC Worker End (ms): Min: 60892569.6, Avg: 60892569.6, Max: 60892569.6, Diff: 0.0]
   [Code Root Fixup: 0.0 ms]
   [Code Root Purge: 0.0 ms]
   [Clear CT: 0.1 ms]
   [Other: 1.4 ms]
      [Choose CSet: 0.0 ms]
      [Ref Proc: 0.2 ms]
      [Ref Enq: 0.0 ms]
      [Redirty Cards: 0.1 ms]
      [Humongous Register: 0.3 ms]
      [Humongous Reclaim: 0.0 ms]
      [Free CSet: 0.2 ms]
   [Eden: 89.0M(89.0M)->0.0B(156.0M) Survivors: 7168.0K->8192.0K Heap: 404.5M(1024.0M)->316.5M(1024.0M)]
 [Times: user=0.07 sys=0.02, real=0.02 secs] 
2021-04-24T03:23:01.583+0800: 60971.263: [GC pause (G1 Evacuation Pause) (young), 0.0294635 secs]
   [Parallel Time: 27.1 ms, GC Workers: 8]
      [GC Worker Start (ms): Min: 60971263.7, Avg: 60971263.9, Max: 60971264.1, Diff: 0.4]
      [Ext Root Scanning (ms): Min: 0.5, Avg: 4.3, Max: 9.7, Diff: 9.3, Sum: 34.3]
      [Update RS (ms): Min: 0.0, Avg: 3.0, Max: 7.7, Diff: 7.7, Sum: 24.3]
         [Processed Buffers: Min: 0, Avg: 6.2, Max: 27, Diff: 27, Sum: 50]
      [Scan RS (ms): Min: 0.0, Avg: 1.0, Max: 2.5, Diff: 2.5, Sum: 8.3]
      [Code Root Scanning (ms): Min: 0.0, Avg: 0.0, Max: 0.0, Diff: 0.0, Sum: 0.0]
      [Object Copy (ms): Min: 16.7, Avg: 18.2, Max: 23.1, Diff: 6.4, Sum: 145.3]
      [Termination (ms): Min: 0.0, Avg: 0.2, Max: 0.5, Diff: 0.5, Sum: 1.9]
         [Termination Attempts: Min: 1, Avg: 1.0, Max: 1, Diff: 0, Sum: 8]
      [GC Worker Other (ms): Min: 0.0, Avg: 0.0, Max: 0.1, Diff: 0.1, Sum: 0.2]
      [GC Worker Total (ms): Min: 26.6, Avg: 26.8, Max: 27.0, Diff: 0.4, Sum: 214.4]
      [GC Worker End (ms): Min: 60971290.7, Avg: 60971290.7, Max: 60971290.8, Diff: 0.0]
   [Code Root Fixup: 0.0 ms]
   [Code Root Purge: 0.0 ms]
   [Clear CT: 0.1 ms]
   [Other: 2.2 ms]
      [Choose CSet: 0.0 ms]
      [Ref Proc: 1.3 ms]
      [Ref Enq: 0.0 ms]
      [Redirty Cards: 0.1 ms]
      [Humongous Register: 0.2 ms]
      [Humongous Reclaim: 0.0 ms]
      [Free CSet: 0.2 ms]
   [Eden: 156.0M(156.0M)->0.0B(55.0M) Survivors: 8192.0K->10.0M Heap: 472.5M(1024.0M)->318.5M(1024.0M)]
 [Times: user=0.07 sys=0.03, real=0.03 secs] 
2021-04-24T03:23:22.098+0800: 60991.779: [GC pause (G1 Evacuation Pause) (young), 0.0630903 secs]
   [Parallel Time: 62.1 ms, GC Workers: 8]
      [GC Worker Start (ms): Min: 60991779.0, Avg: 60991779.1, Max: 60991779.2, Diff: 0.2]
      [Ext Root Scanning (ms): Min: 0.6, Avg: 2.9, Max: 7.1, Diff: 6.5, Sum: 23.0]
      [Update RS (ms): Min: 0.0, Avg: 1.4, Max: 3.1, Diff: 3.1, Sum: 11.4]
         [Processed Buffers: Min: 0, Avg: 6.5, Max: 22, Diff: 22, Sum: 52]
      [Scan RS (ms): Min: 0.0, Avg: 2.0, Max: 3.7, Diff: 3.7, Sum: 16.1]
      [Code Root Scanning (ms): Min: 0.0, Avg: 0.0, Max: 0.0, Diff: 0.0, Sum: 0.0]
      [Object Copy (ms): Min: 54.3, Avg: 55.6, Max: 60.8, Diff: 6.6, Sum: 444.9]
      [Termination (ms): Min: 0.0, Avg: 0.0, Max: 0.0, Diff: 0.0, Sum: 0.2]
         [Termination Attempts: Min: 1, Avg: 1.0, Max: 1, Diff: 0, Sum: 8]
      [GC Worker Other (ms): Min: 0.0, Avg: 0.0, Max: 0.0, Diff: 0.0, Sum: 0.2]
      [GC Worker Total (ms): Min: 61.8, Avg: 62.0, Max: 62.1, Diff: 0.2, Sum: 495.8]
      [GC Worker End (ms): Min: 60991841.0, Avg: 60991841.1, Max: 60991841.1, Diff: 0.0]
   [Code Root Fixup: 0.0 ms]
   [Code Root Purge: 0.0 ms]
   [Clear CT: 0.1 ms]
   [Other: 0.9 ms]
      [Choose CSet: 0.0 ms]
      [Ref Proc: 0.2 ms]
      [Ref Enq: 0.0 ms]
      [Redirty Cards: 0.1 ms]
      [Humongous Register: 0.1 ms]
      [Humongous Reclaim: 0.0 ms]
      [Free CSet: 0.1 ms]
   [Eden: 41.0M(41.0M)->0.0B(45.0M) Survivors: 10.0M->6144.0K Heap: 359.5M(1024.0M)->318.8M(1024.0M)]
 [Times: user=0.07 sys=0.03, real=0.07 secs] 
2021-04-24T03:23:44.924+0800: 61014.605: [GC pause (G1 Evacuation Pause) (young), 0.0189284 secs]
   [Parallel Time: 17.4 ms, GC Workers: 8]
      [GC Worker Start (ms): Min: 61014605.7, Avg: 61014609.9, Max: 61014616.2, Diff: 10.5]
      [Ext Root Scanning (ms): Min: 0.0, Avg: 3.3, Max: 10.2, Diff: 10.2, Sum: 26.5]
      [Update RS (ms): Min: 0.0, Avg: 2.3, Max: 7.8, Diff: 7.8, Sum: 18.3]
         [Processed Buffers: Min: 0, Avg: 7.0, Max: 33, Diff: 33, Sum: 56]
      [Scan RS (ms): Min: 0.3, Avg: 2.3, Max: 6.7, Diff: 6.4, Sum: 18.0]
      [Code Root Scanning (ms): Min: 0.0, Avg: 0.0, Max: 0.0, Diff: 0.0, Sum: 0.0]
      [Object Copy (ms): Min: 0.0, Avg: 5.0, Max: 5.9, Diff: 5.9, Sum: 40.3]
      [Termination (ms): Min: 0.1, Avg: 0.2, Max: 0.2, Diff: 0.2, Sum: 1.2]
         [Termination Attempts: Min: 1, Avg: 6.8, Max: 14, Diff: 13, Sum: 54]
      [GC Worker Other (ms): Min: 0.0, Avg: 0.0, Max: 0.1, Diff: 0.0, Sum: 0.2]
      [GC Worker Total (ms): Min: 6.8, Avg: 13.1, Max: 17.3, Diff: 10.6, Sum: 104.6]
      [GC Worker End (ms): Min: 61014623.0, Avg: 61014623.0, Max: 61014623.1, Diff: 0.1]
   [Code Root Fixup: 0.0 ms]
   [Code Root Purge: 0.0 ms]
   [Clear CT: 0.2 ms]
   [Other: 1.3 ms]
      [Choose CSet: 0.0 ms]
      [Ref Proc: 0.4 ms]
      [Ref Enq: 0.0 ms]
      [Redirty Cards: 0.2 ms]
      [Humongous Register: 0.2 ms]
      [Humongous Reclaim: 0.0 ms]
      [Free CSet: 0.1 ms]
   [Eden: 45.0M(45.0M)->0.0B(44.0M) Survivors: 6144.0K->7168.0K Heap: 363.8M(1024.0M)->319.5M(1024.0M)]
 [Times: user=0.06 sys=0.00, real=0.02 secs] 
2021-04-24T03:24:07.394+0800: 61037.075: [GC pause (G1 Evacuation Pause) (young), 0.0168411 secs]
   [Parallel Time: 15.6 ms, GC Workers: 8]
      [GC Worker Start (ms): Min: 61037075.0, Avg: 61037076.3, Max: 61037079.6, Diff: 4.7]
      [Ext Root Scanning (ms): Min: 0.0, Avg: 2.8, Max: 15.4, Diff: 15.4, Sum: 22.5]
      [Update RS (ms): Min: 0.0, Avg: 1.2, Max: 2.9, Diff: 2.9, Sum: 9.6]
         [Processed Buffers: Min: 0, Avg: 5.4, Max: 28, Diff: 28, Sum: 43]
      [Scan RS (ms): Min: 0.0, Avg: 2.0, Max: 5.0, Diff: 5.0, Sum: 15.9]
      [Code Root Scanning (ms): Min: 0.0, Avg: 0.0, Max: 0.0, Diff: 0.0, Sum: 0.0]
      [Object Copy (ms): Min: 0.0, Avg: 7.9, Max: 9.8, Diff: 9.8, Sum: 63.2]
      [Termination (ms): Min: 0.0, Avg: 0.3, Max: 0.4, Diff: 0.4, Sum: 2.0]
         [Termination Attempts: Min: 1, Avg: 1.6, Max: 4, Diff: 3, Sum: 13]
      [GC Worker Other (ms): Min: 0.0, Avg: 0.0, Max: 0.0, Diff: 0.0, Sum: 0.1]
      [GC Worker Total (ms): Min: 10.8, Avg: 14.2, Max: 15.5, Diff: 4.7, Sum: 113.3]
      [GC Worker End (ms): Min: 61037090.5, Avg: 61037090.5, Max: 61037090.5, Diff: 0.0]
   [Code Root Fixup: 0.0 ms]
   [Code Root Purge: 0.0 ms]
   [Clear CT: 0.1 ms]
   [Other: 1.2 ms]
      [Choose CSet: 0.0 ms]
      [Ref Proc: 0.2 ms]
      [Ref Enq: 0.0 ms]
      [Redirty Cards: 0.1 ms]
      [Humongous Register: 0.1 ms]
      [Humongous Reclaim: 0.0 ms]
      [Free CSet: 0.1 ms]
   [Eden: 44.0M(44.0M)->0.0B(44.0M) Survivors: 7168.0K->7168.0K Heap: 363.5M(1024.0M)->320.0M(1024.0M)]
 [Times: user=0.04 sys=0.00, real=0.02 secs] 
2021-04-24T03:24:29.384+0800: 61059.065: [GC pause (G1 Evacuation Pause) (young), 0.0333676 secs]
   [Parallel Time: 31.7 ms, GC Workers: 8]
      [GC Worker Start (ms): Min: 61059065.2, Avg: 61059065.5, Max: 61059066.5, Diff: 1.3]
      [Ext Root Scanning (ms): Min: 0.0, Avg: 3.1, Max: 6.5, Diff: 6.4, Sum: 25.0]
      [Update RS (ms): Min: 0.0, Avg: 1.8, Max: 4.5, Diff: 4.5, Sum: 14.6]
         [Processed Buffers: Min: 0, Avg: 5.5, Max: 20, Diff: 20, Sum: 44]
      [Scan RS (ms): Min: 0.0, Avg: 2.1, Max: 3.0, Diff: 3.0, Sum: 17.2]
      [Code Root Scanning (ms): Min: 0.0, Avg: 0.0, Max: 0.0, Diff: 0.0, Sum: 0.0]
      [Object Copy (ms): Min: 22.9, Avg: 24.0, Max: 30.2, Diff: 7.3, Sum: 192.4]
      [Termination (ms): Min: 0.0, Avg: 0.0, Max: 0.1, Diff: 0.1, Sum: 0.4]
         [Termination Attempts: Min: 1, Avg: 48.9, Max: 83, Diff: 82, Sum: 391]
      [GC Worker Other (ms): Min: 0.0, Avg: 0.0, Max: 0.1, Diff: 0.1, Sum: 0.3]
      [GC Worker Total (ms): Min: 30.2, Avg: 31.2, Max: 31.5, Diff: 1.3, Sum: 249.9]
      [GC Worker End (ms): Min: 61059096.7, Avg: 61059096.7, Max: 61059096.8, Diff: 0.1]
   [Code Root Fixup: 0.0 ms]
   [Code Root Purge: 0.0 ms]
   [Clear CT: 0.2 ms]
   [Other: 1.5 ms]
      [Choose CSet: 0.0 ms]
      [Ref Proc: 0.3 ms]
      [Ref Enq: 0.0 ms]
      [Redirty Cards: 0.2 ms]
      [Humongous Register: 0.3 ms]
      [Humongous Reclaim: 0.0 ms]
      [Free CSet: 0.1 ms]
   [Eden: 44.0M(44.0M)->0.0B(45.0M) Survivors: 7168.0K->6144.0K Heap: 364.0M(1024.0M)->320.4M(1024.0M)]
 [Times: user=0.08 sys=0.02, real=0.03 secs] 
2021-04-24T03:24:52.176+0800: 61081.857: [GC pause (G1 Evacuation Pause) (young), 0.0203713 secs]
   [Parallel Time: 18.8 ms, GC Workers: 8]
      [GC Worker Start (ms): Min: 61081857.6, Avg: 61081857.9, Max: 61081858.2, Diff: 0.6]
      [Ext Root Scanning (ms): Min: 0.5, Avg: 2.6, Max: 8.9, Diff: 8.4, Sum: 20.6]
      [Update RS (ms): Min: 0.0, Avg: 2.8, Max: 6.1, Diff: 6.1, Sum: 22.3]
         [Processed Buffers: Min: 0, Avg: 6.0, Max: 17, Diff: 17, Sum: 48]
      [Scan RS (ms): Min: 0.0, Avg: 2.2, Max: 3.5, Diff: 3.5, Sum: 17.6]
      [Code Root Scanning (ms): Min: 0.0, Avg: 0.0, Max: 0.0, Diff: 0.0, Sum: 0.0]
      [Object Copy (ms): Min: 9.0, Avg: 10.3, Max: 16.0, Diff: 7.0, Sum: 82.1]
      [Termination (ms): Min: 0.0, Avg: 0.5, Max: 0.6, Diff: 0.6, Sum: 4.2]
         [Termination Attempts: Min: 1, Avg: 1.2, Max: 2, Diff: 1, Sum: 10]
      [GC Worker Other (ms): Min: 0.0, Avg: 0.0, Max: 0.1, Diff: 0.1, Sum: 0.2]
      [GC Worker Total (ms): Min: 18.1, Avg: 18.4, Max: 18.7, Diff: 0.6, Sum: 146.9]
      [GC Worker End (ms): Min: 61081876.3, Avg: 61081876.3, Max: 61081876.3, Diff: 0.0]
   [Code Root Fixup: 0.0 ms]
   [Code Root Purge: 0.0 ms]
   [Clear CT: 0.1 ms]
   [Other: 1.4 ms]
      [Choose CSet: 0.0 ms]
      [Ref Proc: 0.3 ms]
      [Ref Enq: 0.0 ms]
      [Redirty Cards: 0.1 ms]
      [Humongous Register: 0.2 ms]
      [Humongous Reclaim: 0.0 ms]
      [Free CSet: 0.1 ms]
   [Eden: 45.0M(45.0M)->0.0B(46.0M) Survivors: 6144.0K->5120.0K Heap: 365.4M(1024.0M)->321.5M(1024.0M)]
 [Times: user=0.05 sys=0.01, real=0.02 secs] 
2021-04-24T03:25:15.382+0800: 61105.063: [GC pause (G1 Evacuation Pause) (young), 0.0199467 secs]
   [Parallel Time: 17.7 ms, GC Workers: 8]
      [GC Worker Start (ms): Min: 61105063.4, Avg: 61105063.8, Max: 61105064.8, Diff: 1.4]
      [Ext Root Scanning (ms): Min: 0.1, Avg: 5.8, Max: 13.9, Diff: 13.8, Sum: 46.0]
      [Update RS (ms): Min: 0.0, Avg: 3.8, Max: 11.6, Diff: 11.6, Sum: 30.3]
         [Processed Buffers: Min: 0, Avg: 5.8, Max: 20, Diff: 20, Sum: 46]
      [Scan RS (ms): Min: 0.0, Avg: 2.0, Max: 6.0, Diff: 6.0, Sum: 15.8]
      [Code Root Scanning (ms): Min: 0.0, Avg: 0.0, Max: 0.0, Diff: 0.0, Sum: 0.0]
      [Object Copy (ms): Min: 3.5, Avg: 5.7, Max: 8.2, Diff: 4.7, Sum: 45.4]
      [Termination (ms): Min: 0.0, Avg: 0.0, Max: 0.0, Diff: 0.0, Sum: 0.2]
         [Termination Attempts: Min: 1, Avg: 47.8, Max: 84, Diff: 83, Sum: 382]
      [GC Worker Other (ms): Min: 0.0, Avg: 0.0, Max: 0.0, Diff: 0.0, Sum: 0.2]
      [GC Worker Total (ms): Min: 16.3, Avg: 17.2, Max: 17.6, Diff: 1.4, Sum: 137.9]
      [GC Worker End (ms): Min: 61105081.1, Avg: 61105081.1, Max: 61105081.1, Diff: 0.0]
   [Code Root Fixup: 0.0 ms]
   [Code Root Purge: 0.0 ms]
   [Clear CT: 0.1 ms]
   [Other: 2.1 ms]
      [Choose CSet: 0.0 ms]
      [Ref Proc: 0.7 ms]
      [Ref Enq: 0.0 ms]
      [Redirty Cards: 0.1 ms]
      [Humongous Register: 0.2 ms]
      [Humongous Reclaim: 0.0 ms]
      [Free CSet: 0.1 ms]
   [Eden: 46.0M(46.0M)->0.0B(44.0M) Survivors: 5120.0K->7168.0K Heap: 367.5M(1024.0M)->323.7M(1024.0M)]
 [Times: user=0.06 sys=0.01, real=0.02 secs] 
2021-04-24T03:25:37.642+0800: 61127.324: [GC pause (G1 Evacuation Pause) (young), 0.0217833 secs]
   [Parallel Time: 20.2 ms, GC Workers: 8]
      [GC Worker Start (ms): Min: 61127323.9, Avg: 61127324.1, Max: 61127324.6, Diff: 0.8]
      [Ext Root Scanning (ms): Min: 0.0, Avg: 2.4, Max: 5.9, Diff: 5.9, Sum: 19.3]
      [Update RS (ms): Min: 0.0, Avg: 1.2, Max: 2.8, Diff: 2.8, Sum: 9.7]
         [Processed Buffers: Min: 0, Avg: 5.6, Max: 32, Diff: 32, Sum: 45]
      [Scan RS (ms): Min: 0.1, Avg: 1.2, Max: 2.7, Diff: 2.6, Sum: 9.8]
      [Code Root Scanning (ms): Min: 0.0, Avg: 0.0, Max: 0.0, Diff: 0.0, Sum: 0.0]
      [Object Copy (ms): Min: 13.5, Avg: 14.7, Max: 18.7, Diff: 5.2, Sum: 117.3]
      [Termination (ms): Min: 0.0, Avg: 0.3, Max: 0.5, Diff: 0.5, Sum: 2.2]
         [Termination Attempts: Min: 1, Avg: 3.6, Max: 8, Diff: 7, Sum: 29]
      [GC Worker Other (ms): Min: 0.0, Avg: 0.0, Max: 0.1, Diff: 0.1, Sum: 0.3]
      [GC Worker Total (ms): Min: 19.2, Avg: 19.8, Max: 20.1, Diff: 0.9, Sum: 158.5]
      [GC Worker End (ms): Min: 61127343.8, Avg: 61127343.9, Max: 61127344.0, Diff: 0.2]
   [Code Root Fixup: 0.0 ms]
   [Code Root Purge: 0.0 ms]
   [Clear CT: 0.2 ms]
   [Other: 1.3 ms]
      [Choose CSet: 0.0 ms]
      [Ref Proc: 0.4 ms]
      [Ref Enq: 0.0 ms]
      [Redirty Cards: 0.2 ms]
      [Humongous Register: 0.1 ms]
      [Humongous Reclaim: 0.0 ms]
      [Free CSet: 0.1 ms]
   [Eden: 44.0M(44.0M)->0.0B(45.0M) Survivors: 7168.0K->6144.0K Heap: 367.7M(1024.0M)->323.8M(1024.0M)]
 [Times: user=0.06 sys=0.01, real=0.02 secs] 
2021-04-24T03:26:00.063+0800: 61149.744: [GC pause (G1 Evacuation Pause) (young), 0.0152482 secs]
   [Parallel Time: 13.8 ms, GC Workers: 8]
      [GC Worker Start (ms): Min: 61149744.8, Avg: 61149745.1, Max: 61149746.0, Diff: 1.1]
      [Ext Root Scanning (ms): Min: 0.0, Avg: 2.1, Max: 8.2, Diff: 8.2, Sum: 17.2]
      [Update RS (ms): Min: 0.0, Avg: 3.3, Max: 8.1, Diff: 8.1, Sum: 26.6]
         [Processed Buffers: Min: 0, Avg: 6.4, Max: 22, Diff: 22, Sum: 51]
      [Scan RS (ms): Min: 0.0, Avg: 2.3, Max: 5.4, Diff: 5.4, Sum: 18.1]
      [Code Root Scanning (ms): Min: 0.0, Avg: 0.0, Max: 0.0, Diff: 0.0, Sum: 0.0]
      [Object Copy (ms): Min: 3.4, Avg: 5.5, Max: 12.4, Diff: 9.1, Sum: 44.2]
      [Termination (ms): Min: 0.0, Avg: 0.0, Max: 0.0, Diff: 0.0, Sum: 0.1]
         [Termination Attempts: Min: 1, Avg: 14.8, Max: 24, Diff: 23, Sum: 118]
      [GC Worker Other (ms): Min: 0.0, Avg: 0.0, Max: 0.0, Diff: 0.0, Sum: 0.2]
      [GC Worker Total (ms): Min: 12.4, Avg: 13.3, Max: 13.6, Diff: 1.1, Sum: 106.4]
      [GC Worker End (ms): Min: 61149758.4, Avg: 61149758.4, Max: 61149758.4, Diff: 0.0]
   [Code Root Fixup: 0.0 ms]
   [Code Root Purge: 0.0 ms]
   [Clear CT: 0.2 ms]
   [Other: 1.3 ms]
      [Choose CSet: 0.0 ms]
      [Ref Proc: 0.3 ms]
      [Ref Enq: 0.0 ms]
      [Redirty Cards: 0.1 ms]
      [Humongous Register: 0.3 ms]
      [Humongous Reclaim: 0.0 ms]
      [Free CSet: 0.1 ms]
   [Eden: 45.0M(45.0M)->0.0B(55.0M) Survivors: 6144.0K->5120.0K Heap: 368.8M(1024.0M)->322.6M(1024.0M)]
 [Times: user=0.06 sys=0.01, real=0.01 secs] 
2021-04-24T03:26:27.463+0800: 61177.144: [GC pause (G1 Evacuation Pause) (young), 0.0211007 secs]
   [Parallel Time: 19.5 ms, GC Workers: 8]
      [GC Worker Start (ms): Min: 61177144.5, Avg: 61177145.5, Max: 61177151.2, Diff: 6.6]
      [Ext Root Scanning (ms): Min: 0.0, Avg: 2.3, Max: 7.0, Diff: 7.0, Sum: 18.3]
      [Update RS (ms): Min: 0.0, Avg: 2.4, Max: 5.3, Diff: 5.3, Sum: 18.8]
         [Processed Buffers: Min: 0, Avg: 5.8, Max: 15, Diff: 15, Sum: 46]
      [Scan RS (ms): Min: 0.0, Avg: 1.8, Max: 2.9, Diff: 2.9, Sum: 14.6]
      [Code Root Scanning (ms): Min: 0.0, Avg: 0.0, Max: 0.0, Diff: 0.0, Sum: 0.0]
      [Object Copy (ms): Min: 9.6, Avg: 11.7, Max: 15.6, Diff: 6.0, Sum: 93.7]
      [Termination (ms): Min: 0.0, Avg: 0.1, Max: 0.1, Diff: 0.1, Sum: 0.5]
         [Termination Attempts: Min: 1, Avg: 21.4, Max: 37, Diff: 36, Sum: 171]
      [GC Worker Other (ms): Min: 0.0, Avg: 0.2, Max: 1.5, Diff: 1.5, Sum: 1.7]
      [GC Worker Total (ms): Min: 12.8, Avg: 18.4, Max: 19.5, Diff: 6.7, Sum: 147.6]
      [GC Worker End (ms): Min: 61177163.9, Avg: 61177164.0, Max: 61177164.0, Diff: 0.1]
   [Code Root Fixup: 0.0 ms]
   [Code Root Purge: 0.0 ms]
   [Clear CT: 0.1 ms]
   [Other: 1.4 ms]
      [Choose CSet: 0.0 ms]
      [Ref Proc: 0.4 ms]
      [Ref Enq: 0.0 ms]
      [Redirty Cards: 0.1 ms]
      [Humongous Register: 0.3 ms]
      [Humongous Reclaim: 0.0 ms]
      [Free CSet: 0.1 ms]
   [Eden: 55.0M(55.0M)->0.0B(43.0M) Survivors: 5120.0K->8192.0K Heap: 377.6M(1024.0M)->325.3M(1024.0M)]
 [Times: user=0.06 sys=0.01, real=0.02 secs] 
2021-04-24T03:26:49.170+0800: 61198.851: [GC pause (G1 Evacuation Pause) (young), 0.0249717 secs]
   [Parallel Time: 23.8 ms, GC Workers: 8]
      [GC Worker Start (ms): Min: 61198851.7, Avg: 61198852.1, Max: 61198853.9, Diff: 2.2]
      [Ext Root Scanning (ms): Min: 0.0, Avg: 2.3, Max: 6.0, Diff: 6.0, Sum: 18.4]
      [Update RS (ms): Min: 0.0, Avg: 1.4, Max: 4.7, Diff: 4.7, Sum: 11.2]
         [Processed Buffers: Min: 0, Avg: 5.9, Max: 21, Diff: 21, Sum: 47]
      [Scan RS (ms): Min: 0.0, Avg: 1.5, Max: 2.7, Diff: 2.7, Sum: 12.2]
      [Code Root Scanning (ms): Min: 0.0, Avg: 0.0, Max: 0.0, Diff: 0.0, Sum: 0.0]
      [Object Copy (ms): Min: 17.4, Avg: 17.9, Max: 19.2, Diff: 1.8, Sum: 142.9]
      [Termination (ms): Min: 0.0, Avg: 0.2, Max: 0.3, Diff: 0.3, Sum: 1.2]
         [Termination Attempts: Min: 1, Avg: 2.2, Max: 5, Diff: 4, Sum: 18]
      [GC Worker Other (ms): Min: 0.0, Avg: 0.0, Max: 0.0, Diff: 0.0, Sum: 0.1]
      [GC Worker Total (ms): Min: 21.5, Avg: 23.3, Max: 23.6, Diff: 2.2, Sum: 186.1]
      [GC Worker End (ms): Min: 61198875.3, Avg: 61198875.4, Max: 61198875.4, Diff: 0.0]
   [Code Root Fixup: 0.0 ms]
   [Code Root Purge: 0.0 ms]
   [Clear CT: 0.1 ms]
   [Other: 1.0 ms]
      [Choose CSet: 0.0 ms]
      [Ref Proc: 0.2 ms]
      [Ref Enq: 0.0 ms]
      [Redirty Cards: 0.1 ms]
      [Humongous Register: 0.1 ms]
      [Humongous Reclaim: 0.0 ms]
      [Free CSet: 0.4 ms]
   [Eden: 43.0M(43.0M)->0.0B(46.0M) Survivors: 8192.0K->5120.0K Heap: 368.3M(1024.0M)->324.0M(1024.0M)]
 [Times: user=0.05 sys=0.02, real=0.02 secs] 
2021-04-24T03:27:12.321+0800: 61222.002: [GC pause (G1 Evacuation Pause) (young), 0.0139938 secs]
   [Parallel Time: 13.2 ms, GC Workers: 8]
      [GC Worker Start (ms): Min: 61222002.5, Avg: 61222003.5, Max: 61222009.2, Diff: 6.7]
      [Ext Root Scanning (ms): Min: 0.0, Avg: 4.2, Max: 10.3, Diff: 10.3, Sum: 33.2]
      [Update RS (ms): Min: 0.0, Avg: 3.0, Max: 6.3, Diff: 6.3, Sum: 23.6]
         [Processed Buffers: Min: 0, Avg: 7.1, Max: 31, Diff: 31, Sum: 57]
      [Scan RS (ms): Min: 0.0, Avg: 2.1, Max: 3.3, Diff: 3.3, Sum: 17.0]
      [Code Root Scanning (ms): Min: 0.0, Avg: 0.0, Max: 0.0, Diff: 0.0, Sum: 0.0]
      [Object Copy (ms): Min: 2.6, Avg: 2.9, Max: 3.3, Diff: 0.6, Sum: 22.8]
      [Termination (ms): Min: 0.0, Avg: 0.0, Max: 0.0, Diff: 0.0, Sum: 0.0]
         [Termination Attempts: Min: 1, Avg: 9.8, Max: 18, Diff: 17, Sum: 78]
      [GC Worker Other (ms): Min: 0.0, Avg: 0.0, Max: 0.0, Diff: 0.0, Sum: 0.2]
      [GC Worker Total (ms): Min: 6.4, Avg: 12.1, Max: 13.1, Diff: 6.7, Sum: 96.9]
      [GC Worker End (ms): Min: 61222015.6, Avg: 61222015.6, Max: 61222015.6, Diff: 0.0]
   [Code Root Fixup: 0.0 ms]
   [Code Root Purge: 0.0 ms]
   [Clear CT: 0.1 ms]
   [Other: 0.7 ms]
      [Choose CSet: 0.0 ms]
      [Ref Proc: 0.1 ms]
      [Ref Enq: 0.0 ms]
      [Redirty Cards: 0.1 ms]
      [Humongous Register: 0.1 ms]
      [Humongous Reclaim: 0.0 ms]
      [Free CSet: 0.1 ms]
   [Eden: 46.0M(46.0M)->0.0B(44.0M) Survivors: 5120.0K->7168.0K Heap: 370.0M(1024.0M)->326.0M(1024.0M)]
 [Times: user=0.05 sys=0.01, real=0.01 secs] 
2021-04-24T03:27:34.665+0800: 61244.347: [GC pause (G1 Evacuation Pause) (young), 0.0219443 secs]
   [Parallel Time: 20.3 ms, GC Workers: 8]
      [GC Worker Start (ms): Min: 61244347.4, Avg: 61244348.4, Max: 61244354.0, Diff: 6.5]
      [Ext Root Scanning (ms): Min: 0.6, Avg: 3.9, Max: 13.7, Diff: 13.2, Sum: 31.5]
      [Update RS (ms): Min: 0.0, Avg: 2.2, Max: 5.7, Diff: 5.7, Sum: 17.9]
         [Processed Buffers: Min: 0, Avg: 5.8, Max: 32, Diff: 32, Sum: 46]
      [Scan RS (ms): Min: 0.0, Avg: 2.9, Max: 6.0, Diff: 6.0, Sum: 22.9]
      [Code Root Scanning (ms): Min: 0.0, Avg: 0.0, Max: 0.0, Diff: 0.0, Sum: 0.0]
      [Object Copy (ms): Min: 6.3, Avg: 10.1, Max: 16.6, Diff: 10.3, Sum: 80.5]
      [Termination (ms): Min: 0.0, Avg: 0.1, Max: 0.1, Diff: 0.1, Sum: 0.5]
         [Termination Attempts: Min: 1, Avg: 1.6, Max: 4, Diff: 3, Sum: 13]
      [GC Worker Other (ms): Min: 0.0, Avg: 0.0, Max: 0.0, Diff: 0.0, Sum: 0.2]
      [GC Worker Total (ms): Min: 13.6, Avg: 19.2, Max: 20.1, Diff: 6.5, Sum: 153.6]
      [GC Worker End (ms): Min: 61244367.6, Avg: 61244367.6, Max: 61244367.6, Diff: 0.0]
   [Code Root Fixup: 0.0 ms]
   [Code Root Purge: 0.0 ms]
   [Clear CT: 0.2 ms]
   [Other: 1.4 ms]
      [Choose CSet: 0.0 ms]
      [Ref Proc: 0.3 ms]
      [Ref Enq: 0.0 ms]
      [Redirty Cards: 0.2 ms]
      [Humongous Register: 0.2 ms]
      [Humongous Reclaim: 0.0 ms]
      [Free CSet: 0.1 ms]
   [Eden: 44.0M(44.0M)->0.0B(60.0M) Survivors: 7168.0K->5120.0K Heap: 370.0M(1024.0M)->325.2M(1024.0M)]
 [Times: user=0.07 sys=0.01, real=0.02 secs] 
2021-04-24T03:27:57.804+0800: 61267.486: [GC pause (G1 Evacuation Pause) (young), 0.0164835 secs]
   [Parallel Time: 15.5 ms, GC Workers: 8]
      [GC Worker Start (ms): Min: 61267486.2, Avg: 61267487.9, Max: 61267491.0, Diff: 4.8]
      [Ext Root Scanning (ms): Min: 0.0, Avg: 0.8, Max: 4.1, Diff: 4.1, Sum: 6.7]
      [Update RS (ms): Min: 0.0, Avg: 1.0, Max: 2.1, Diff: 2.1, Sum: 8.0]
         [Processed Buffers: Min: 0, Avg: 6.1, Max: 20, Diff: 20, Sum: 49]
      [Scan RS (ms): Min: 1.0, Avg: 5.0, Max: 12.5, Diff: 11.5, Sum: 40.2]
      [Code Root Scanning (ms): Min: 0.0, Avg: 0.0, Max: 0.0, Diff: 0.0, Sum: 0.0]
      [Object Copy (ms): Min: 0.0, Avg: 6.7, Max: 9.5, Diff: 9.5, Sum: 53.6]
      [Termination (ms): Min: 0.0, Avg: 0.1, Max: 0.2, Diff: 0.2, Sum: 0.8]
         [Termination Attempts: Min: 1, Avg: 2.9, Max: 7, Diff: 6, Sum: 23]
      [GC Worker Other (ms): Min: 0.0, Avg: 0.0, Max: 0.0, Diff: 0.0, Sum: 0.1]
      [GC Worker Total (ms): Min: 10.6, Avg: 13.7, Max: 15.3, Diff: 4.7, Sum: 109.4]
      [GC Worker End (ms): Min: 61267501.6, Avg: 61267501.6, Max: 61267501.7, Diff: 0.1]
   [Code Root Fixup: 0.0 ms]
   [Code Root Purge: 0.0 ms]
   [Clear CT: 0.1 ms]
   [Other: 0.9 ms]
      [Choose CSet: 0.0 ms]
      [Ref Proc: 0.3 ms]
      [Ref Enq: 0.0 ms]
      [Redirty Cards: 0.1 ms]
      [Humongous Register: 0.1 ms]
      [Humongous Reclaim: 0.0 ms]
      [Free CSet: 0.1 ms]
   [Eden: 46.0M(46.0M)->0.0B(68.0M) Survivors: 5120.0K->7168.0K Heap: 371.2M(1024.0M)->327.8M(1024.0M)]
 [Times: user=0.05 sys=0.00, real=0.02 secs] 
2021-04-24T03:28:19.743+0800: 61289.425: [GC pause (G1 Evacuation Pause) (young), 0.0156398 secs]
   [Parallel Time: 14.6 ms, GC Workers: 8]
      [GC Worker Start (ms): Min: 61289425.6, Avg: 61289426.2, Max: 61289428.8, Diff: 3.3]
      [Ext Root Scanning (ms): Min: 0.0, Avg: 1.5, Max: 5.3, Diff: 5.3, Sum: 11.6]
      [Update RS (ms): Min: 0.0, Avg: 1.2, Max: 3.3, Diff: 3.3, Sum: 9.8]
         [Processed Buffers: Min: 0, Avg: 6.0, Max: 29, Diff: 29, Sum: 48]
      [Scan RS (ms): Min: 0.0, Avg: 1.6, Max: 3.3, Diff: 3.3, Sum: 12.9]
      [Code Root Scanning (ms): Min: 0.0, Avg: 0.0, Max: 0.0, Diff: 0.0, Sum: 0.0]
      [Object Copy (ms): Min: 7.1, Avg: 9.6, Max: 13.8, Diff: 6.7, Sum: 76.6]
      [Termination (ms): Min: 0.0, Avg: 0.1, Max: 0.1, Diff: 0.1, Sum: 0.4]
         [Termination Attempts: Min: 1, Avg: 6.2, Max: 14, Diff: 13, Sum: 50]
      [GC Worker Other (ms): Min: 0.0, Avg: 0.0, Max: 0.0, Diff: 0.0, Sum: 0.1]
      [GC Worker Total (ms): Min: 11.2, Avg: 13.9, Max: 14.5, Diff: 3.3, Sum: 111.4]
      [GC Worker End (ms): Min: 61289440.1, Avg: 61289440.1, Max: 61289440.1, Diff: 0.1]
   [Code Root Fixup: 0.0 ms]
   [Code Root Purge: 0.0 ms]
   [Clear CT: 0.1 ms]
   [Other: 1.0 ms]
      [Choose CSet: 0.0 ms]
      [Ref Proc: 0.3 ms]
      [Ref Enq: 0.0 ms]
      [Redirty Cards: 0.1 ms]
      [Humongous Register: 0.1 ms]
      [Humongous Reclaim: 0.1 ms]
      [Free CSet: 0.1 ms]
   [Eden: 44.0M(44.0M)->0.0B(137.0M) Survivors: 7168.0K->6144.0K Heap: 371.8M(1024.0M)->327.1M(1024.0M)]
 [Times: user=0.05 sys=0.01, real=0.02 secs] 
2021-04-24T03:28:42.360+0800: 61312.042: [GC pause (G1 Evacuation Pause) (young), 0.0210114 secs]
   [Parallel Time: 19.7 ms, GC Workers: 8]
      [GC Worker Start (ms): Min: 61312042.4, Avg: 61312044.5, Max: 61312055.9, Diff: 13.5]
      [Ext Root Scanning (ms): Min: 0.0, Avg: 5.3, Max: 19.5, Diff: 19.5, Sum: 42.1]
      [Update RS (ms): Min: 0.0, Avg: 4.0, Max: 12.0, Diff: 12.0, Sum: 32.2]
         [Processed Buffers: Min: 0, Avg: 6.8, Max: 25, Diff: 25, Sum: 54]
      [Scan RS (ms): Min: 0.0, Avg: 2.9, Max: 10.5, Diff: 10.5, Sum: 23.3]
      [Code Root Scanning (ms): Min: 0.0, Avg: 0.0, Max: 0.0, Diff: 0.0, Sum: 0.0]
      [Object Copy (ms): Min: 0.0, Avg: 4.9, Max: 7.1, Diff: 7.1, Sum: 39.0]
      [Termination (ms): Min: 0.0, Avg: 0.4, Max: 0.4, Diff: 0.4, Sum: 2.8]
         [Termination Attempts: Min: 1, Avg: 6.9, Max: 12, Diff: 11, Sum: 55]
      [GC Worker Other (ms): Min: 0.0, Avg: 0.0, Max: 0.0, Diff: 0.0, Sum: 0.2]
      [GC Worker Total (ms): Min: 6.0, Avg: 17.5, Max: 19.6, Diff: 13.5, Sum: 139.7]
      [GC Worker End (ms): Min: 61312062.0, Avg: 61312062.0, Max: 61312062.0, Diff: 0.0]
   [Code Root Fixup: 0.0 ms]
   [Code Root Purge: 0.0 ms]
   [Clear CT: 0.1 ms]
   [Other: 1.2 ms]
      [Choose CSet: 0.0 ms]
      [Ref Proc: 0.2 ms]
      [Ref Enq: 0.0 ms]
      [Redirty Cards: 0.1 ms]
      [Humongous Register: 0.3 ms]
      [Humongous Reclaim: 0.0 ms]
      [Free CSet: 0.1 ms]
   [Eden: 45.0M(45.0M)->0.0B(69.0M) Survivors: 6144.0K->6144.0K Heap: 372.1M(1024.0M)->327.4M(1024.0M)]
 [Times: user=0.06 sys=0.01, real=0.02 secs] 
2021-04-24T03:29:16.943+0800: 61346.625: [GC pause (G1 Evacuation Pause) (young), 0.0372409 secs]
   [Parallel Time: 35.9 ms, GC Workers: 8]
      [GC Worker Start (ms): Min: 61346625.2, Avg: 61346627.1, Max: 61346632.6, Diff: 7.5]
      [Ext Root Scanning (ms): Min: 0.0, Avg: 2.6, Max: 12.3, Diff: 12.3, Sum: 21.0]
      [Update RS (ms): Min: 0.0, Avg: 1.9, Max: 4.8, Diff: 4.8, Sum: 14.8]
         [Processed Buffers: Min: 0, Avg: 6.1, Max: 16, Diff: 16, Sum: 49]
      [Scan RS (ms): Min: 0.0, Avg: 2.2, Max: 3.9, Diff: 3.9, Sum: 17.6]
      [Code Root Scanning (ms): Min: 0.0, Avg: 0.0, Max: 0.0, Diff: 0.0, Sum: 0.0]
      [Object Copy (ms): Min: 23.3, Avg: 27.2, Max: 28.1, Diff: 4.8, Sum: 217.4]
      [Termination (ms): Min: 0.0, Avg: 0.0, Max: 0.1, Diff: 0.1, Sum: 0.3]
         [Termination Attempts: Min: 1, Avg: 6.2, Max: 14, Diff: 13, Sum: 50]
      [GC Worker Other (ms): Min: 0.0, Avg: 0.0, Max: 0.0, Diff: 0.0, Sum: 0.1]
      [GC Worker Total (ms): Min: 28.4, Avg: 33.9, Max: 35.8, Diff: 7.4, Sum: 271.3]
      [GC Worker End (ms): Min: 61346661.0, Avg: 61346661.0, Max: 61346661.0, Diff: 0.0]
   [Code Root Fixup: 0.0 ms]
   [Code Root Purge: 0.0 ms]
   [Clear CT: 0.1 ms]
   [Other: 1.2 ms]
      [Choose CSet: 0.0 ms]
      [Ref Proc: 0.2 ms]
      [Ref Enq: 0.0 ms]
      [Redirty Cards: 0.1 ms]
      [Humongous Register: 0.1 ms]
      [Humongous Reclaim: 0.0 ms]
      [Free CSet: 0.2 ms]
   [Eden: 69.0M(69.0M)->0.0B(42.0M) Survivors: 6144.0K->9216.0K Heap: 396.4M(1024.0M)->330.5M(1024.0M)]
 [Times: user=0.07 sys=0.02, real=0.04 secs] 
2021-04-24T03:29:36.629+0800: 61366.311: [GC pause (G1 Evacuation Pause) (young), 0.0310141 secs]
   [Parallel Time: 29.8 ms, GC Workers: 8]
      [GC Worker Start (ms): Min: 61366311.2, Avg: 61366312.1, Max: 61366317.6, Diff: 6.4]
      [Ext Root Scanning (ms): Min: 0.0, Avg: 2.1, Max: 7.5, Diff: 7.5, Sum: 16.4]
      [Update RS (ms): Min: 0.0, Avg: 1.7, Max: 3.8, Diff: 3.8, Sum: 13.3]
         [Processed Buffers: Min: 0, Avg: 6.4, Max: 21, Diff: 21, Sum: 51]
      [Scan RS (ms): Min: 0.0, Avg: 2.7, Max: 3.9, Diff: 3.9, Sum: 21.7]
      [Code Root Scanning (ms): Min: 0.0, Avg: 0.0, Max: 0.0, Diff: 0.0, Sum: 0.0]
      [Object Copy (ms): Min: 21.8, Avg: 22.1, Max: 22.3, Diff: 0.5, Sum: 176.6]
      [Termination (ms): Min: 0.0, Avg: 0.1, Max: 0.2, Diff: 0.2, Sum: 1.1]
         [Termination Attempts: Min: 1, Avg: 5.9, Max: 9, Diff: 8, Sum: 47]
      [GC Worker Other (ms): Min: 0.0, Avg: 0.0, Max: 0.0, Diff: 0.0, Sum: 0.2]
      [GC Worker Total (ms): Min: 23.2, Avg: 28.7, Max: 29.6, Diff: 6.3, Sum: 229.3]
      [GC Worker End (ms): Min: 61366340.7, Avg: 61366340.8, Max: 61366340.8, Diff: 0.1]
   [Code Root Fixup: 0.0 ms]
   [Code Root Purge: 0.0 ms]
   [Clear CT: 0.1 ms]
   [Other: 1.1 ms]
      [Choose CSet: 0.0 ms]
      [Ref Proc: 0.4 ms]
      [Ref Enq: 0.0 ms]
      [Redirty Cards: 0.1 ms]
      [Humongous Register: 0.1 ms]
      [Humongous Reclaim: 0.0 ms]
      [Free CSet: 0.1 ms]
   [Eden: 42.0M(42.0M)->0.0B(44.0M) Survivors: 9216.0K->7168.0K Heap: 372.5M(1024.0M)->330.8M(1024.0M)]
 [Times: user=0.07 sys=0.02, real=0.04 secs] 
2021-04-24T03:29:58.782+0800: 61388.464: [GC pause (G1 Evacuation Pause) (young), 0.0265808 secs]
   [Parallel Time: 24.2 ms, GC Workers: 8]
      [GC Worker Start (ms): Min: 61388464.7, Avg: 61388465.9, Max: 61388473.1, Diff: 8.4]
      [Ext Root Scanning (ms): Min: 0.0, Avg: 2.7, Max: 10.1, Diff: 10.0, Sum: 22.0]
      [Update RS (ms): Min: 0.0, Avg: 1.7, Max: 3.8, Diff: 3.8, Sum: 13.5]
         [Processed Buffers: Min: 0, Avg: 6.5, Max: 25, Diff: 25, Sum: 52]
      [Scan RS (ms): Min: 0.0, Avg: 2.4, Max: 4.2, Diff: 4.2, Sum: 19.0]
      [Code Root Scanning (ms): Min: 0.0, Avg: 0.0, Max: 0.0, Diff: 0.0, Sum: 0.0]
      [Object Copy (ms): Min: 13.8, Avg: 15.8, Max: 22.7, Diff: 8.8, Sum: 126.5]
      [Termination (ms): Min: 0.0, Avg: 0.2, Max: 0.4, Diff: 0.4, Sum: 1.5]
         [Termination Attempts: Min: 1, Avg: 2.0, Max: 3, Diff: 2, Sum: 16]
      [GC Worker Other (ms): Min: 0.0, Avg: 0.1, Max: 0.1, Diff: 0.1, Sum: 0.4]
      [GC Worker Total (ms): Min: 15.7, Avg: 22.8, Max: 24.1, Diff: 8.4, Sum: 182.8]
      [GC Worker End (ms): Min: 61388488.8, Avg: 61388488.8, Max: 61388488.8, Diff: 0.1]
   [Code Root Fixup: 0.1 ms]
   [Code Root Purge: 0.0 ms]
   [Clear CT: 0.1 ms]
   [Other: 2.1 ms]
      [Choose CSet: 0.0 ms]
      [Ref Proc: 0.7 ms]
      [Ref Enq: 0.0 ms]
      [Redirty Cards: 0.1 ms]
      [Humongous Register: 0.2 ms]
      [Humongous Reclaim: 0.0 ms]
      [Free CSet: 0.1 ms]
   [Eden: 44.0M(44.0M)->0.0B(47.0M) Survivors: 7168.0K->4096.0K Heap: 374.8M(1024.0M)->333.6M(1024.0M)]
 [Times: user=0.07 sys=0.03, real=0.02 secs] 
2021-04-24T03:30:22.322+0800: 61412.004: [GC pause (G1 Evacuation Pause) (young), 0.0124567 secs]
   [Parallel Time: 11.5 ms, GC Workers: 8]
      [GC Worker Start (ms): Min: 61412004.5, Avg: 61412004.6, Max: 61412004.9, Diff: 0.4]
      [Ext Root Scanning (ms): Min: 0.6, Avg: 3.4, Max: 9.7, Diff: 9.1, Sum: 27.5]
      [Update RS (ms): Min: 0.0, Avg: 3.7, Max: 8.3, Diff: 8.3, Sum: 29.8]
         [Processed Buffers: Min: 0, Avg: 7.0, Max: 22, Diff: 22, Sum: 56]
      [Scan RS (ms): Min: 0.0, Avg: 1.0, Max: 2.6, Diff: 2.6, Sum: 8.0]
      [Code Root Scanning (ms): Min: 0.0, Avg: 0.0, Max: 0.0, Diff: 0.0, Sum: 0.0]
      [Object Copy (ms): Min: 1.4, Avg: 3.0, Max: 4.6, Diff: 3.2, Sum: 23.8]
      [Termination (ms): Min: 0.0, Avg: 0.0, Max: 0.0, Diff: 0.0, Sum: 0.1]
         [Termination Attempts: Min: 1, Avg: 16.2, Max: 35, Diff: 34, Sum: 130]
      [GC Worker Other (ms): Min: 0.0, Avg: 0.0, Max: 0.1, Diff: 0.1, Sum: 0.4]
      [GC Worker Total (ms): Min: 10.9, Avg: 11.2, Max: 11.4, Diff: 0.5, Sum: 89.5]
      [GC Worker End (ms): Min: 61412015.8, Avg: 61412015.8, Max: 61412015.9, Diff: 0.1]
   [Code Root Fixup: 0.0 ms]
   [Code Root Purge: 0.0 ms]
   [Clear CT: 0.1 ms]
   [Other: 0.9 ms]
      [Choose CSet: 0.0 ms]
      [Ref Proc: 0.2 ms]
      [Ref Enq: 0.0 ms]
      [Redirty Cards: 0.1 ms]
      [Humongous Register: 0.1 ms]
      [Humongous Reclaim: 0.0 ms]
      [Free CSet: 0.1 ms]
   [Eden: 47.0M(47.0M)->0.0B(55.0M) Survivors: 4096.0K->4096.0K Heap: 380.6M(1024.0M)->332.8M(1024.0M)]
 [Times: user=0.05 sys=0.00, real=0.01 secs] 
2021-04-24T03:30:49.772+0800: 61439.455: [GC pause (G1 Evacuation Pause) (young), 0.0111165 secs]
   [Parallel Time: 10.3 ms, GC Workers: 8]
      [GC Worker Start (ms): Min: 61439454.7, Avg: 61439456.6, Max: 61439464.7, Diff: 10.0]
      [Ext Root Scanning (ms): Min: 0.0, Avg: 2.2, Max: 10.1, Diff: 10.1, Sum: 17.5]
      [Update RS (ms): Min: 0.0, Avg: 1.2, Max: 2.9, Diff: 2.9, Sum: 9.2]
         [Processed Buffers: Min: 0, Avg: 5.8, Max: 27, Diff: 27, Sum: 46]
      [Scan RS (ms): Min: 0.0, Avg: 0.4, Max: 0.9, Diff: 0.9, Sum: 3.3]
      [Code Root Scanning (ms): Min: 0.0, Avg: 0.0, Max: 0.0, Diff: 0.0, Sum: 0.0]
      [Object Copy (ms): Min: 0.0, Avg: 4.3, Max: 6.6, Diff: 6.6, Sum: 34.6]
      [Termination (ms): Min: 0.0, Avg: 0.3, Max: 0.3, Diff: 0.3, Sum: 2.0]
         [Termination Attempts: Min: 1, Avg: 2.6, Max: 5, Diff: 4, Sum: 21]
      [GC Worker Other (ms): Min: 0.0, Avg: 0.0, Max: 0.1, Diff: 0.1, Sum: 0.2]
      [GC Worker Total (ms): Min: 0.3, Avg: 8.4, Max: 10.2, Diff: 10.0, Sum: 66.9]
      [GC Worker End (ms): Min: 61439464.9, Avg: 61439465.0, Max: 61439465.0, Diff: 0.0]
   [Code Root Fixup: 0.0 ms]
   [Code Root Purge: 0.0 ms]
   [Clear CT: 0.1 ms]
   [Other: 0.7 ms]
      [Choose CSet: 0.0 ms]
      [Ref Proc: 0.2 ms]
      [Ref Enq: 0.0 ms]
      [Redirty Cards: 0.1 ms]
      [Humongous Register: 0.1 ms]
      [Humongous Reclaim: 0.0 ms]
      [Free CSet: 0.1 ms]
   [Eden: 55.0M(55.0M)->0.0B(115.0M) Survivors: 4096.0K->5120.0K Heap: 387.8M(1024.0M)->334.3M(1024.0M)]
 [Times: user=0.04 sys=0.00, real=0.01 secs] 
2021-04-24T03:31:47.585+0800: 61497.268: [GC pause (G1 Evacuation Pause) (young), 0.0129730 secs]
   [Parallel Time: 11.9 ms, GC Workers: 8]
      [GC Worker Start (ms): Min: 61497267.9, Avg: 61497269.5, Max: 61497278.0, Diff: 10.1]
      [Ext Root Scanning (ms): Min: 0.0, Avg: 1.5, Max: 5.2, Diff: 5.2, Sum: 12.3]
      [Update RS (ms): Min: 0.0, Avg: 1.4, Max: 2.5, Diff: 2.5, Sum: 11.2]
         [Processed Buffers: Min: 0, Avg: 5.6, Max: 17, Diff: 17, Sum: 45]
      [Scan RS (ms): Min: 0.0, Avg: 0.1, Max: 0.3, Diff: 0.3, Sum: 1.2]
      [Code Root Scanning (ms): Min: 0.0, Avg: 0.0, Max: 0.0, Diff: 0.0, Sum: 0.0]
      [Object Copy (ms): Min: 1.6, Avg: 7.1, Max: 9.0, Diff: 7.4, Sum: 56.7]
      [Termination (ms): Min: 0.0, Avg: 0.0, Max: 0.0, Diff: 0.0, Sum: 0.0]
         [Termination Attempts: Min: 1, Avg: 1.8, Max: 4, Diff: 3, Sum: 14]
      [GC Worker Other (ms): Min: 0.0, Avg: 0.0, Max: 0.1, Diff: 0.0, Sum: 0.3]
      [GC Worker Total (ms): Min: 1.6, Avg: 10.2, Max: 11.8, Diff: 10.1, Sum: 81.8]
      [GC Worker End (ms): Min: 61497279.7, Avg: 61497279.7, Max: 61497279.7, Diff: 0.0]
   [Code Root Fixup: 0.0 ms]
   [Code Root Purge: 0.0 ms]
   [Clear CT: 0.1 ms]
   [Other: 1.0 ms]
      [Choose CSet: 0.0 ms]
      [Ref Proc: 0.5 ms]
      [Ref Enq: 0.0 ms]
      [Redirty Cards: 0.1 ms]
      [Humongous Register: 0.1 ms]
      [Humongous Reclaim: 0.0 ms]
      [Free CSet: 0.1 ms]
   [Eden: 115.0M(115.0M)->0.0B(181.0M) Survivors: 5120.0K->9216.0K Heap: 449.3M(1024.0M)->338.0M(1024.0M)]
 [Times: user=0.05 sys=0.00, real=0.01 secs] 
2021-04-24T03:33:18.403+0800: 61588.086: [GC pause (G1 Evacuation Pause) (young), 0.0287408 secs]
   [Parallel Time: 26.4 ms, GC Workers: 8]
      [GC Worker Start (ms): Min: 61588087.1, Avg: 61588087.4, Max: 61588088.3, Diff: 1.2]
      [Ext Root Scanning (ms): Min: 0.0, Avg: 2.0, Max: 5.5, Diff: 5.5, Sum: 15.9]
      [Update RS (ms): Min: 0.0, Avg: 2.4, Max: 5.9, Diff: 5.9, Sum: 19.1]
         [Processed Buffers: Min: 0, Avg: 6.0, Max: 23, Diff: 23, Sum: 48]
      [Scan RS (ms): Min: 0.0, Avg: 0.3, Max: 1.3, Diff: 1.3, Sum: 2.6]
      [Code Root Scanning (ms): Min: 0.0, Avg: 0.0, Max: 0.0, Diff: 0.0, Sum: 0.0]
      [Object Copy (ms): Min: 19.0, Avg: 20.9, Max: 23.6, Diff: 4.6, Sum: 166.8]
      [Termination (ms): Min: 0.0, Avg: 0.3, Max: 0.4, Diff: 0.4, Sum: 2.5]
         [Termination Attempts: Min: 1, Avg: 4.2, Max: 8, Diff: 7, Sum: 34]
      [GC Worker Other (ms): Min: 0.0, Avg: 0.0, Max: 0.1, Diff: 0.0, Sum: 0.2]
      [GC Worker Total (ms): Min: 25.0, Avg: 25.9, Max: 26.2, Diff: 1.2, Sum: 207.2]
      [GC Worker End (ms): Min: 61588113.3, Avg: 61588113.3, Max: 61588113.3, Diff: 0.0]
   [Code Root Fixup: 0.0 ms]
   [Code Root Purge: 0.0 ms]
   [Clear CT: 0.2 ms]
   [Other: 2.2 ms]
      [Choose CSet: 0.0 ms]
      [Ref Proc: 1.0 ms]
      [Ref Enq: 0.0 ms]
      [Redirty Cards: 0.1 ms]
      [Humongous Register: 0.3 ms]
      [Humongous Reclaim: 0.0 ms]
      [Free CSet: 0.2 ms]
   [Eden: 181.0M(181.0M)->0.0B(89.0M) Survivors: 9216.0K->10.0M Heap: 519.0M(1024.0M)->339.1M(1024.0M)]
 [Times: user=0.07 sys=0.04, real=0.03 secs] 
2021-04-24T03:34:03.060+0800: 61632.743: [GC pause (G1 Evacuation Pause) (young), 0.0176496 secs]
   [Parallel Time: 16.6 ms, GC Workers: 8]
      [GC Worker Start (ms): Min: 61632743.8, Avg: 61632744.1, Max: 61632744.3, Diff: 0.6]
      [Ext Root Scanning (ms): Min: 0.8, Avg: 3.4, Max: 14.5, Diff: 13.7, Sum: 27.2]
      [Update RS (ms): Min: 0.0, Avg: 1.6, Max: 4.0, Diff: 4.0, Sum: 12.9]
         [Processed Buffers: Min: 0, Avg: 5.5, Max: 25, Diff: 25, Sum: 44]
      [Scan RS (ms): Min: 0.0, Avg: 1.9, Max: 10.2, Diff: 10.2, Sum: 15.4]
      [Code Root Scanning (ms): Min: 0.0, Avg: 0.0, Max: 0.0, Diff: 0.0, Sum: 0.0]
      [Object Copy (ms): Min: 1.6, Avg: 9.2, Max: 13.6, Diff: 12.0, Sum: 73.3]
      [Termination (ms): Min: 0.0, Avg: 0.0, Max: 0.0, Diff: 0.0, Sum: 0.0]
         [Termination Attempts: Min: 1, Avg: 8.0, Max: 13, Diff: 12, Sum: 64]
      [GC Worker Other (ms): Min: 0.0, Avg: 0.1, Max: 0.1, Diff: 0.1, Sum: 0.4]
      [GC Worker Total (ms): Min: 15.9, Avg: 16.2, Max: 16.5, Diff: 0.6, Sum: 129.2]
      [GC Worker End (ms): Min: 61632760.2, Avg: 61632760.2, Max: 61632760.2, Diff: 0.0]
   [Code Root Fixup: 0.0 ms]
   [Code Root Purge: 0.0 ms]
   [Clear CT: 0.0 ms]
   [Other: 1.0 ms]
      [Choose CSet: 0.0 ms]
      [Ref Proc: 0.1 ms]
      [Ref Enq: 0.0 ms]
      [Redirty Cards: 0.0 ms]
      [Humongous Register: 0.3 ms]
      [Humongous Reclaim: 0.0 ms]
      [Free CSet: 0.1 ms]
   [Eden: 89.0M(89.0M)->0.0B(62.0M) Survivors: 10.0M->10.0M Heap: 428.1M(1024.0M)->339.6M(1024.0M)]
 [Times: user=0.06 sys=0.01, real=0.01 secs] 
2021-04-24T03:34:34.018+0800: 61663.701: [GC pause (G1 Evacuation Pause) (young), 0.0600061 secs]
   [Parallel Time: 59.0 ms, GC Workers: 8]
      [GC Worker Start (ms): Min: 61663701.7, Avg: 61663702.2, Max: 61663703.6, Diff: 1.9]
      [Ext Root Scanning (ms): Min: 0.0, Avg: 2.8, Max: 5.8, Diff: 5.8, Sum: 22.3]
      [Update RS (ms): Min: 0.0, Avg: 1.8, Max: 4.0, Diff: 4.0, Sum: 14.2]
         [Processed Buffers: Min: 0, Avg: 5.6, Max: 31, Diff: 31, Sum: 45]
      [Scan RS (ms): Min: 0.0, Avg: 0.6, Max: 1.4, Diff: 1.4, Sum: 4.8]
      [Code Root Scanning (ms): Min: 0.0, Avg: 0.0, Max: 0.0, Diff: 0.0, Sum: 0.0]
      [Object Copy (ms): Min: 52.9, Avg: 53.2, Max: 54.3, Diff: 1.4, Sum: 425.4]
      [Termination (ms): Min: 0.0, Avg: 0.0, Max: 0.1, Diff: 0.1, Sum: 0.1]
         [Termination Attempts: Min: 1, Avg: 1.8, Max: 4, Diff: 3, Sum: 14]
      [GC Worker Other (ms): Min: 0.0, Avg: 0.0, Max: 0.0, Diff: 0.0, Sum: 0.1]
      [GC Worker Total (ms): Min: 57.0, Avg: 58.4, Max: 58.9, Diff: 1.9, Sum: 467.1]
      [GC Worker End (ms): Min: 61663760.6, Avg: 61663760.6, Max: 61663760.6, Diff: 0.0]
   [Code Root Fixup: 0.0 ms]
   [Code Root Purge: 0.0 ms]
   [Clear CT: 0.1 ms]
   [Other: 0.9 ms]
      [Choose CSet: 0.0 ms]
      [Ref Proc: 0.2 ms]
      [Ref Enq: 0.0 ms]
      [Redirty Cards: 0.1 ms]
      [Humongous Register: 0.2 ms]
      [Humongous Reclaim: 0.0 ms]
      [Free CSet: 0.1 ms]
   [Eden: 62.0M(62.0M)->0.0B(44.0M) Survivors: 10.0M->7168.0K Heap: 401.6M(1024.0M)->339.6M(1024.0M)]
 [Times: user=0.05 sys=0.02, real=0.06 secs] 
2021-04-24T03:34:57.313+0800: 61686.996: [GC pause (G1 Evacuation Pause) (young), 0.0246118 secs]
   [Parallel Time: 22.9 ms, GC Workers: 8]
      [GC Worker Start (ms): Min: 61686996.4, Avg: 61686996.6, Max: 61686997.1, Diff: 0.7]
      [Ext Root Scanning (ms): Min: 0.0, Avg: 1.0, Max: 2.5, Diff: 2.5, Sum: 8.1]
      [Update RS (ms): Min: 0.0, Avg: 2.6, Max: 8.3, Diff: 8.3, Sum: 21.1]
         [Processed Buffers: Min: 0, Avg: 5.8, Max: 15, Diff: 15, Sum: 46]
      [Scan RS (ms): Min: 0.0, Avg: 2.5, Max: 4.3, Diff: 4.3, Sum: 20.3]
      [Code Root Scanning (ms): Min: 0.0, Avg: 0.0, Max: 0.0, Diff: 0.0, Sum: 0.0]
      [Object Copy (ms): Min: 13.4, Avg: 16.1, Max: 20.7, Diff: 7.3, Sum: 128.9]
      [Termination (ms): Min: 0.0, Avg: 0.3, Max: 0.4, Diff: 0.4, Sum: 2.8]
         [Termination Attempts: Min: 1, Avg: 1.0, Max: 1, Diff: 0, Sum: 8]
      [GC Worker Other (ms): Min: 0.0, Avg: 0.0, Max: 0.0, Diff: 0.0, Sum: 0.1]
      [GC Worker Total (ms): Min: 22.1, Avg: 22.7, Max: 22.8, Diff: 0.7, Sum: 181.2]
      [GC Worker End (ms): Min: 61687019.2, Avg: 61687019.2, Max: 61687019.2, Diff: 0.0]
   [Code Root Fixup: 0.0 ms]
   [Code Root Purge: 0.0 ms]
   [Clear CT: 0.2 ms]
   [Other: 1.5 ms]
      [Choose CSet: 0.0 ms]
      [Ref Proc: 0.3 ms]
      [Ref Enq: 0.0 ms]
      [Redirty Cards: 0.1 ms]
      [Humongous Register: 0.1 ms]
      [Humongous Reclaim: 0.0 ms]
      [Free CSet: 0.1 ms]
   [Eden: 44.0M(44.0M)->0.0B(45.0M) Survivors: 7168.0K->6144.0K Heap: 383.6M(1024.0M)->342.8M(1024.0M)]
 [Times: user=0.07 sys=0.02, real=0.02 secs] 
2021-04-24T03:35:20.422+0800: 61710.105: [GC pause (G1 Evacuation Pause) (young), 0.0217076 secs]
   [Parallel Time: 19.7 ms, GC Workers: 8]
      [GC Worker Start (ms): Min: 61710105.9, Avg: 61710108.1, Max: 61710113.6, Diff: 7.7]
      [Ext Root Scanning (ms): Min: 0.0, Avg: 1.6, Max: 8.1, Diff: 8.1, Sum: 13.0]
      [Update RS (ms): Min: 0.0, Avg: 1.7, Max: 3.6, Diff: 3.6, Sum: 13.7]
         [Processed Buffers: Min: 0, Avg: 5.8, Max: 21, Diff: 21, Sum: 46]
      [Scan RS (ms): Min: 0.0, Avg: 1.7, Max: 3.2, Diff: 3.2, Sum: 13.9]
      [Code Root Scanning (ms): Min: 0.0, Avg: 0.0, Max: 0.0, Diff: 0.0, Sum: 0.0]
      [Object Copy (ms): Min: 10.1, Avg: 11.2, Max: 14.9, Diff: 4.9, Sum: 89.9]
      [Termination (ms): Min: 0.0, Avg: 0.9, Max: 1.2, Diff: 1.2, Sum: 7.4]
         [Termination Attempts: Min: 1, Avg: 1.6, Max: 2, Diff: 1, Sum: 13]
      [GC Worker Other (ms): Min: 0.0, Avg: 0.0, Max: 0.0, Diff: 0.0, Sum: 0.1]
      [GC Worker Total (ms): Min: 11.8, Avg: 17.3, Max: 19.5, Diff: 7.7, Sum: 138.1]
      [GC Worker End (ms): Min: 61710125.3, Avg: 61710125.4, Max: 61710125.4, Diff: 0.0]
   [Code Root Fixup: 0.0 ms]
   [Code Root Purge: 0.0 ms]
   [Clear CT: 0.2 ms]
   [Other: 1.8 ms]
      [Choose CSet: 0.0 ms]
      [Ref Proc: 0.4 ms]
      [Ref Enq: 0.0 ms]
      [Redirty Cards: 0.2 ms]
      [Humongous Register: 0.2 ms]
      [Humongous Reclaim: 0.0 ms]
      [Free CSet: 0.1 ms]
   [Eden: 45.0M(45.0M)->0.0B(46.0M) Survivors: 6144.0K->5120.0K Heap: 387.8M(1024.0M)->343.8M(1024.0M)]
 [Times: user=0.05 sys=0.01, real=0.02 secs] 
2021-04-24T03:35:43.657+0800: 61733.341: [GC pause (G1 Evacuation Pause) (young), 0.0170248 secs]
   [Parallel Time: 15.6 ms, GC Workers: 8]
      [GC Worker Start (ms): Min: 61733341.3, Avg: 61733341.7, Max: 61733342.8, Diff: 1.5]
      [Ext Root Scanning (ms): Min: 0.0, Avg: 2.1, Max: 6.8, Diff: 6.8, Sum: 16.4]
      [Update RS (ms): Min: 1.8, Avg: 5.9, Max: 9.5, Diff: 7.7, Sum: 46.9]
         [Processed Buffers: Min: 0, Avg: 5.9, Max: 17, Diff: 17, Sum: 47]
      [Scan RS (ms): Min: 0.0, Avg: 1.9, Max: 2.5, Diff: 2.5, Sum: 15.4]
      [Code Root Scanning (ms): Min: 0.0, Avg: 0.0, Max: 0.0, Diff: 0.0, Sum: 0.0]
      [Object Copy (ms): Min: 4.3, Avg: 5.2, Max: 6.5, Diff: 2.2, Sum: 41.2]
      [Termination (ms): Min: 0.0, Avg: 0.1, Max: 0.2, Diff: 0.2, Sum: 0.7]
         [Termination Attempts: Min: 1, Avg: 59.8, Max: 118, Diff: 117, Sum: 478]
      [GC Worker Other (ms): Min: 0.0, Avg: 0.0, Max: 0.0, Diff: 0.0, Sum: 0.2]
      [GC Worker Total (ms): Min: 14.0, Avg: 15.1, Max: 15.5, Diff: 1.5, Sum: 120.8]
      [GC Worker End (ms): Min: 61733356.7, Avg: 61733356.8, Max: 61733356.8, Diff: 0.0]
   [Code Root Fixup: 0.0 ms]
   [Code Root Purge: 0.0 ms]
   [Clear CT: 0.1 ms]
   [Other: 1.4 ms]
      [Choose CSet: 0.0 ms]
      [Ref Proc: 0.3 ms]
      [Ref Enq: 0.0 ms]
      [Redirty Cards: 0.1 ms]
      [Humongous Register: 0.3 ms]
      [Humongous Reclaim: 0.0 ms]
      [Free CSet: 0.1 ms]
   [Eden: 46.0M(46.0M)->0.0B(46.0M) Survivors: 5120.0K->5120.0K Heap: 389.8M(1024.0M)->344.2M(1024.0M)]
 [Times: user=0.07 sys=0.00, real=0.02 secs] 
2021-04-24T03:36:07.020+0800: 61756.704: [GC pause (G1 Evacuation Pause) (young), 0.0191205 secs]
   [Parallel Time: 17.2 ms, GC Workers: 8]
      [GC Worker Start (ms): Min: 61756704.5, Avg: 61756704.7, Max: 61756705.1, Diff: 0.6]
      [Ext Root Scanning (ms): Min: 0.5, Avg: 2.7, Max: 7.0, Diff: 6.5, Sum: 21.6]
      [Update RS (ms): Min: 0.0, Avg: 2.2, Max: 6.7, Diff: 6.7, Sum: 17.6]
         [Processed Buffers: Min: 0, Avg: 5.8, Max: 18, Diff: 18, Sum: 46]
      [Scan RS (ms): Min: 0.1, Avg: 2.0, Max: 3.6, Diff: 3.6, Sum: 16.3]
      [Code Root Scanning (ms): Min: 0.0, Avg: 0.0, Max: 0.0, Diff: 0.0, Sum: 0.0]
      [Object Copy (ms): Min: 8.9, Avg: 9.8, Max: 15.0, Diff: 6.1, Sum: 78.3]
      [Termination (ms): Min: 0.0, Avg: 0.1, Max: 0.1, Diff: 0.1, Sum: 0.5]
         [Termination Attempts: Min: 1, Avg: 5.4, Max: 10, Diff: 9, Sum: 43]
      [GC Worker Other (ms): Min: 0.0, Avg: 0.0, Max: 0.0, Diff: 0.0, Sum: 0.2]
      [GC Worker Total (ms): Min: 16.4, Avg: 16.8, Max: 17.0, Diff: 0.6, Sum: 134.5]
      [GC Worker End (ms): Min: 61756721.5, Avg: 61756721.6, Max: 61756721.6, Diff: 0.1]
   [Code Root Fixup: 0.0 ms]
   [Code Root Purge: 0.0 ms]
   [Clear CT: 0.2 ms]
   [Other: 1.7 ms]
      [Choose CSet: 0.0 ms]
      [Ref Proc: 0.5 ms]
      [Ref Enq: 0.0 ms]
      [Redirty Cards: 0.2 ms]
      [Humongous Register: 0.2 ms]
      [Humongous Reclaim: 0.0 ms]
      [Free CSet: 0.1 ms]
   [Eden: 46.0M(46.0M)->0.0B(45.0M) Survivors: 5120.0K->6144.0K Heap: 390.2M(1024.0M)->346.0M(1024.0M)]
 [Times: user=0.06 sys=0.01, real=0.02 secs] 
2021-04-24T03:36:29.664+0800: 61779.348: [GC pause (G1 Evacuation Pause) (young), 0.0170274 secs]
   [Parallel Time: 15.7 ms, GC Workers: 8]
      [GC Worker Start (ms): Min: 61779348.5, Avg: 61779349.4, Max: 61779354.5, Diff: 6.0]
      [Ext Root Scanning (ms): Min: 0.0, Avg: 2.6, Max: 15.5, Diff: 15.5, Sum: 21.2]
      [Update RS (ms): Min: 0.0, Avg: 2.6, Max: 5.9, Diff: 5.9, Sum: 20.6]
         [Processed Buffers: Min: 0, Avg: 5.6, Max: 13, Diff: 13, Sum: 45]
      [Scan RS (ms): Min: 0.0, Avg: 2.6, Max: 8.4, Diff: 8.4, Sum: 20.7]
      [Code Root Scanning (ms): Min: 0.0, Avg: 0.0, Max: 0.0, Diff: 0.0, Sum: 0.0]
      [Object Copy (ms): Min: 0.0, Avg: 6.2, Max: 14.0, Diff: 14.0, Sum: 49.9]
      [Termination (ms): Min: 0.0, Avg: 0.5, Max: 0.6, Diff: 0.6, Sum: 4.2]
         [Termination Attempts: Min: 1, Avg: 2.1, Max: 4, Diff: 3, Sum: 17]
      [GC Worker Other (ms): Min: 0.0, Avg: 0.0, Max: 0.0, Diff: 0.0, Sum: 0.1]
      [GC Worker Total (ms): Min: 9.5, Avg: 14.6, Max: 15.5, Diff: 6.0, Sum: 116.8]
      [GC Worker End (ms): Min: 61779364.0, Avg: 61779364.0, Max: 61779364.0, Diff: 0.0]
   [Code Root Fixup: 0.0 ms]
   [Code Root Purge: 0.0 ms]
   [Clear CT: 0.1 ms]
   [Other: 1.3 ms]
      [Choose CSet: 0.0 ms]
      [Ref Proc: 0.3 ms]
      [Ref Enq: 0.0 ms]
      [Redirty Cards: 0.1 ms]
      [Humongous Register: 0.2 ms]
      [Humongous Reclaim: 0.0 ms]
      [Free CSet: 0.1 ms]
   [Eden: 45.0M(45.0M)->0.0B(45.0M) Survivors: 6144.0K->6144.0K Heap: 391.0M(1024.0M)->346.1M(1024.0M)]
 [Times: user=0.07 sys=0.01, real=0.02 secs] 
2021-04-24T03:36:52.381+0800: 61802.065: [GC pause (G1 Evacuation Pause) (young), 0.0186862 secs]
   [Parallel Time: 17.1 ms, GC Workers: 8]
      [GC Worker Start (ms): Min: 61802065.5, Avg: 61802065.6, Max: 61802065.8, Diff: 0.3]
      [Ext Root Scanning (ms): Min: 0.8, Avg: 3.2, Max: 9.2, Diff: 8.4, Sum: 25.7]
      [Update RS (ms): Min: 0.0, Avg: 2.2, Max: 4.3, Diff: 4.3, Sum: 17.5]
         [Processed Buffers: Min: 0, Avg: 5.2, Max: 23, Diff: 23, Sum: 42]
      [Scan RS (ms): Min: 0.0, Avg: 1.7, Max: 4.8, Diff: 4.7, Sum: 13.6]
      [Code Root Scanning (ms): Min: 0.0, Avg: 0.0, Max: 0.0, Diff: 0.0, Sum: 0.0]
      [Object Copy (ms): Min: 7.1, Avg: 9.5, Max: 15.9, Diff: 8.9, Sum: 75.6]
      [Termination (ms): Min: 0.0, Avg: 0.2, Max: 0.3, Diff: 0.3, Sum: 1.8]
         [Termination Attempts: Min: 1, Avg: 305.5, Max: 401, Diff: 400, Sum: 2444]
      [GC Worker Other (ms): Min: 0.0, Avg: 0.0, Max: 0.0, Diff: 0.0, Sum: 0.2]
      [GC Worker Total (ms): Min: 16.7, Avg: 16.8, Max: 16.9, Diff: 0.3, Sum: 134.5]
      [GC Worker End (ms): Min: 61802082.4, Avg: 61802082.4, Max: 61802082.4, Diff: 0.0]
   [Code Root Fixup: 0.0 ms]
   [Code Root Purge: 0.0 ms]
   [Clear CT: 0.2 ms]
   [Other: 1.4 ms]
      [Choose CSet: 0.0 ms]
      [Ref Proc: 0.2 ms]
      [Ref Enq: 0.0 ms]
      [Redirty Cards: 0.2 ms]
      [Humongous Register: 0.3 ms]
      [Humongous Reclaim: 0.0 ms]
      [Free CSet: 0.1 ms]
   [Eden: 45.0M(45.0M)->0.0B(94.0M) Survivors: 6144.0K->6144.0K Heap: 391.1M(1024.0M)->346.8M(1024.0M)]
 [Times: user=0.06 sys=0.01, real=0.02 secs] 
2021-04-24T03:37:14.977+0800: 61824.661: [GC pause (G1 Evacuation Pause) (young), 0.0184501 secs]
   [Parallel Time: 17.2 ms, GC Workers: 8]
      [GC Worker Start (ms): Min: 61824661.8, Avg: 61824667.2, Max: 61824672.2, Diff: 10.4]
      [Ext Root Scanning (ms): Min: 0.0, Avg: 1.6, Max: 8.5, Diff: 8.5, Sum: 12.9]
      [Update RS (ms): Min: 0.0, Avg: 2.1, Max: 5.7, Diff: 5.7, Sum: 16.7]
         [Processed Buffers: Min: 0, Avg: 6.1, Max: 26, Diff: 26, Sum: 49]
      [Scan RS (ms): Min: 0.5, Avg: 1.9, Max: 3.5, Diff: 3.0, Sum: 15.0]
      [Code Root Scanning (ms): Min: 0.0, Avg: 0.0, Max: 0.0, Diff: 0.0, Sum: 0.0]
      [Object Copy (ms): Min: 5.7, Avg: 6.1, Max: 6.4, Diff: 0.7, Sum: 48.9]
      [Termination (ms): Min: 0.0, Avg: 0.0, Max: 0.1, Diff: 0.1, Sum: 0.4]
         [Termination Attempts: Min: 1, Avg: 24.5, Max: 43, Diff: 42, Sum: 196]
      [GC Worker Other (ms): Min: 0.0, Avg: 0.0, Max: 0.0, Diff: 0.0, Sum: 0.2]
      [GC Worker Total (ms): Min: 6.7, Avg: 11.8, Max: 17.2, Diff: 10.5, Sum: 94.0]
      [GC Worker End (ms): Min: 61824678.9, Avg: 61824679.0, Max: 61824679.0, Diff: 0.0]
   [Code Root Fixup: 0.0 ms]
   [Code Root Purge: 0.0 ms]
   [Clear CT: 0.1 ms]
   [Other: 1.1 ms]
      [Choose CSet: 0.0 ms]
      [Ref Proc: 0.2 ms]
      [Ref Enq: 0.0 ms]
      [Redirty Cards: 0.1 ms]
      [Humongous Register: 0.2 ms]
      [Humongous Reclaim: 0.0 ms]
      [Free CSet: 0.1 ms]
   [Eden: 45.0M(45.0M)->0.0B(69.0M) Survivors: 6144.0K->6144.0K Heap: 391.8M(1024.0M)->346.5M(1024.0M)]
 [Times: user=0.07 sys=0.00, real=0.02 secs] 
2021-04-24T03:37:37.616+0800: 61847.300: [GC pause (G1 Evacuation Pause) (young), 0.0208876 secs]
   [Parallel Time: 18.5 ms, GC Workers: 8]
      [GC Worker Start (ms): Min: 61847300.8, Avg: 61847302.1, Max: 61847308.7, Diff: 7.9]
      [Ext Root Scanning (ms): Min: 0.0, Avg: 2.4, Max: 8.1, Diff: 8.1, Sum: 18.9]
      [Update RS (ms): Min: 0.0, Avg: 2.0, Max: 4.3, Diff: 4.3, Sum: 15.6]
         [Processed Buffers: Min: 0, Avg: 6.1, Max: 40, Diff: 40, Sum: 49]
      [Scan RS (ms): Min: 0.0, Avg: 1.5, Max: 3.0, Diff: 2.9, Sum: 12.3]
      [Code Root Scanning (ms): Min: 0.0, Avg: 0.0, Max: 0.0, Diff: 0.0, Sum: 0.0]
      [Object Copy (ms): Min: 10.0, Avg: 11.0, Max: 16.2, Diff: 6.2, Sum: 87.7]
      [Termination (ms): Min: 0.0, Avg: 0.3, Max: 0.4, Diff: 0.4, Sum: 2.1]
         [Termination Attempts: Min: 1, Avg: 2.1, Max: 6, Diff: 5, Sum: 17]
      [GC Worker Other (ms): Min: 0.0, Avg: 0.0, Max: 0.1, Diff: 0.1, Sum: 0.3]
      [GC Worker Total (ms): Min: 10.5, Avg: 17.1, Max: 18.3, Diff: 7.9, Sum: 137.0]
      [GC Worker End (ms): Min: 61847319.2, Avg: 61847319.2, Max: 61847319.2, Diff: 0.1]
   [Code Root Fixup: 0.0 ms]
   [Code Root Purge: 0.0 ms]
   [Clear CT: 0.1 ms]
   [Other: 2.2 ms]
      [Choose CSet: 0.0 ms]
      [Ref Proc: 0.7 ms]
      [Ref Enq: 0.0 ms]
      [Redirty Cards: 0.1 ms]
      [Humongous Register: 0.2 ms]
      [Humongous Reclaim: 0.0 ms]
      [Free CSet: 0.1 ms]
   [Eden: 45.0M(45.0M)->0.0B(56.0M) Survivors: 6144.0K->7168.0K Heap: 391.5M(1024.0M)->349.2M(1024.0M)]
 [Times: user=0.06 sys=0.01, real=0.02 secs] 
2021-04-24T03:37:59.541+0800: 61869.226: [GC pause (G1 Evacuation Pause) (young), 0.0211338 secs]
   [Parallel Time: 18.7 ms, GC Workers: 8]
      [GC Worker Start (ms): Min: 61869226.1, Avg: 61869226.4, Max: 61869226.7, Diff: 0.6]
      [Ext Root Scanning (ms): Min: 0.4, Avg: 3.0, Max: 7.5, Diff: 7.1, Sum: 24.0]
      [Update RS (ms): Min: 0.0, Avg: 1.7, Max: 5.7, Diff: 5.7, Sum: 13.5]
         [Processed Buffers: Min: 0, Avg: 5.9, Max: 21, Diff: 21, Sum: 47]
      [Scan RS (ms): Min: 0.0, Avg: 1.5, Max: 3.4, Diff: 3.4, Sum: 12.0]
      [Code Root Scanning (ms): Min: 0.0, Avg: 0.0, Max: 0.0, Diff: 0.0, Sum: 0.0]
      [Object Copy (ms): Min: 9.2, Avg: 10.8, Max: 12.7, Diff: 3.5, Sum: 86.6]
      [Termination (ms): Min: 0.0, Avg: 1.4, Max: 1.9, Diff: 1.9, Sum: 11.2]
         [Termination Attempts: Min: 1, Avg: 1.4, Max: 2, Diff: 1, Sum: 11]
      [GC Worker Other (ms): Min: 0.0, Avg: 0.0, Max: 0.0, Diff: 0.0, Sum: 0.1]
      [GC Worker Total (ms): Min: 17.9, Avg: 18.4, Max: 18.7, Diff: 0.8, Sum: 147.4]
      [GC Worker End (ms): Min: 61869244.6, Avg: 61869244.8, Max: 61869244.8, Diff: 0.2]
   [Code Root Fixup: 0.0 ms]
   [Code Root Purge: 0.0 ms]
   [Clear CT: 0.2 ms]
   [Other: 2.2 ms]
      [Choose CSet: 0.0 ms]
      [Ref Proc: 0.4 ms]
      [Ref Enq: 0.0 ms]
      [Redirty Cards: 0.2 ms]
      [Humongous Register: 0.2 ms]
      [Humongous Reclaim: 0.0 ms]
      [Free CSet: 0.1 ms]
   [Eden: 44.0M(44.0M)->0.0B(88.0M) Survivors: 7168.0K->5120.0K Heap: 393.2M(1024.0M)->349.1M(1024.0M)]
 [Times: user=0.05 sys=0.02, real=0.02 secs] 
2021-04-24T03:38:22.652+0800: 61892.349: [GC pause (G1 Evacuation Pause) (young), 0.0188563 secs]
   [Parallel Time: 17.5 ms, GC Workers: 8]
      [GC Worker Start (ms): Min: 61892349.4, Avg: 61892349.7, Max: 61892350.5, Diff: 1.1]
      [Ext Root Scanning (ms): Min: 0.0, Avg: 4.6, Max: 16.8, Diff: 16.8, Sum: 36.8]
      [Update RS (ms): Min: 0.0, Avg: 3.6, Max: 12.5, Diff: 12.5, Sum: 28.7]
         [Processed Buffers: Min: 0, Avg: 6.1, Max: 27, Diff: 27, Sum: 49]
      [Scan RS (ms): Min: 0.0, Avg: 4.0, Max: 8.6, Diff: 8.6, Sum: 32.4]
      [Code Root Scanning (ms): Min: 0.0, Avg: 0.0, Max: 0.0, Diff: 0.0, Sum: 0.0]
      [Object Copy (ms): Min: 0.6, Avg: 4.9, Max: 11.2, Diff: 10.6, Sum: 38.9]
      [Termination (ms): Min: 0.0, Avg: 0.0, Max: 0.0, Diff: 0.0, Sum: 0.0]
         [Termination Attempts: Min: 1, Avg: 1.0, Max: 1, Diff: 0, Sum: 8]
      [GC Worker Other (ms): Min: 0.0, Avg: 0.0, Max: 0.0, Diff: 0.0, Sum: 0.3]
      [GC Worker Total (ms): Min: 16.3, Avg: 17.1, Max: 17.5, Diff: 1.2, Sum: 137.0]
      [GC Worker End (ms): Min: 61892366.8, Avg: 61892366.8, Max: 61892366.9, Diff: 0.0]
   [Code Root Fixup: 0.0 ms]
   [Code Root Purge: 0.0 ms]
   [Clear CT: 0.1 ms]
   [Other: 1.2 ms]
      [Choose CSet: 0.0 ms]
      [Ref Proc: 0.2 ms]
      [Ref Enq: 0.0 ms]
      [Redirty Cards: 0.1 ms]
      [Humongous Register: 0.3 ms]
      [Humongous Reclaim: 0.0 ms]
      [Free CSet: 0.1 ms]
   [Eden: 46.0M(46.0M)->0.0B(67.0M) Survivors: 5120.0K->6144.0K Heap: 395.1M(1024.0M)->349.4M(1024.0M)]
 [Times: user=0.07 sys=0.01, real=0.02 secs] 
2021-04-24T03:38:45.110+0800: 61914.812: [GC pause (G1 Evacuation Pause) (young), 0.0174984 secs]
   [Parallel Time: 15.9 ms, GC Workers: 8]
      [GC Worker Start (ms): Min: 61914812.6, Avg: 61914813.2, Max: 61914817.3, Diff: 4.7]
      [Ext Root Scanning (ms): Min: 0.0, Avg: 1.6, Max: 6.5, Diff: 6.5, Sum: 13.0]
      [Update RS (ms): Min: 0.0, Avg: 1.1, Max: 2.5, Diff: 2.5, Sum: 8.6]
         [Processed Buffers: Min: 0, Avg: 5.9, Max: 21, Diff: 21, Sum: 47]
      [Scan RS (ms): Min: 0.0, Avg: 3.1, Max: 6.1, Diff: 6.0, Sum: 24.7]
      [Code Root Scanning (ms): Min: 0.0, Avg: 0.0, Max: 0.0, Diff: 0.0, Sum: 0.0]
      [Object Copy (ms): Min: 6.9, Avg: 9.2, Max: 13.6, Diff: 6.7, Sum: 73.6]
      [Termination (ms): Min: 0.0, Avg: 0.2, Max: 0.2, Diff: 0.2, Sum: 1.3]
         [Termination Attempts: Min: 1, Avg: 1.6, Max: 4, Diff: 3, Sum: 13]
      [GC Worker Other (ms): Min: 0.0, Avg: 0.0, Max: 0.0, Diff: 0.0, Sum: 0.1]
      [GC Worker Total (ms): Min: 11.2, Avg: 15.2, Max: 15.9, Diff: 4.7, Sum: 121.4]
      [GC Worker End (ms): Min: 61914828.3, Avg: 61914828.4, Max: 61914828.5, Diff: 0.2]
   [Code Root Fixup: 0.0 ms]
   [Code Root Purge: 0.0 ms]
   [Clear CT: 0.1 ms]
   [Other: 1.5 ms]
      [Choose CSet: 0.0 ms]
      [Ref Proc: 0.2 ms]
      [Ref Enq: 0.0 ms]
      [Redirty Cards: 0.1 ms]
      [Humongous Register: 0.1 ms]
      [Humongous Reclaim: 0.0 ms]
      [Free CSet: 0.1 ms]
   [Eden: 45.0M(45.0M)->0.0B(94.0M) Survivors: 6144.0K->6144.0K Heap: 394.4M(1024.0M)->350.2M(1024.0M)]
 [Times: user=0.05 sys=0.01, real=0.01 secs] 
2021-04-24T03:39:31.911+0800: 61961.615: [GC pause (G1 Evacuation Pause) (young), 0.0203853 secs]
   [Parallel Time: 19.2 ms, GC Workers: 8]
      [GC Worker Start (ms): Min: 61961615.5, Avg: 61961616.2, Max: 61961620.0, Diff: 4.4]
      [Ext Root Scanning (ms): Min: 0.0, Avg: 3.3, Max: 15.7, Diff: 15.7, Sum: 26.2]
      [Update RS (ms): Min: 0.0, Avg: 1.2, Max: 2.6, Diff: 2.6, Sum: 9.8]
         [Processed Buffers: Min: 0, Avg: 6.5, Max: 18, Diff: 18, Sum: 52]
      [Scan RS (ms): Min: 0.0, Avg: 3.0, Max: 4.2, Diff: 4.2, Sum: 23.7]
      [Code Root Scanning (ms): Min: 0.0, Avg: 0.0, Max: 0.0, Diff: 0.0, Sum: 0.0]
      [Object Copy (ms): Min: 3.2, Avg: 10.7, Max: 12.4, Diff: 9.2, Sum: 85.9]
      [Termination (ms): Min: 0.0, Avg: 0.2, Max: 0.3, Diff: 0.3, Sum: 1.3]
         [Termination Attempts: Min: 1, Avg: 1.2, Max: 3, Diff: 2, Sum: 10]
      [GC Worker Other (ms): Min: 0.0, Avg: 0.0, Max: 0.0, Diff: 0.0, Sum: 0.1]
      [GC Worker Total (ms): Min: 14.8, Avg: 18.4, Max: 19.2, Diff: 4.4, Sum: 147.1]
      [GC Worker End (ms): Min: 61961634.5, Avg: 61961634.6, Max: 61961634.7, Diff: 0.3]
   [Code Root Fixup: 0.0 ms]
   [Code Root Purge: 0.0 ms]
   [Clear CT: 0.1 ms]
   [Other: 1.0 ms]
      [Choose CSet: 0.0 ms]
      [Ref Proc: 0.3 ms]
      [Ref Enq: 0.0 ms]
      [Redirty Cards: 0.1 ms]
      [Humongous Register: 0.1 ms]
      [Humongous Reclaim: 0.0 ms]
      [Free CSet: 0.2 ms]
   [Eden: 94.0M(94.0M)->0.0B(116.0M) Survivors: 6144.0K->9216.0K Heap: 444.2M(1024.0M)->353.2M(1024.0M)]
 [Times: user=0.06 sys=0.01, real=0.02 secs] 
2021-04-24T03:40:30.243+0800: 62019.949: [GC pause (G1 Evacuation Pause) (young), 0.0247568 secs]
   [Parallel Time: 22.5 ms, GC Workers: 8]
      [GC Worker Start (ms): Min: 62019949.6, Avg: 62019950.0, Max: 62019950.7, Diff: 1.1]
      [Ext Root Scanning (ms): Min: 1.2, Avg: 4.5, Max: 11.1, Diff: 9.9, Sum: 36.0]
      [Update RS (ms): Min: 0.0, Avg: 2.5, Max: 6.9, Diff: 6.9, Sum: 20.3]
         [Processed Buffers: Min: 0, Avg: 6.0, Max: 25, Diff: 25, Sum: 48]
      [Scan RS (ms): Min: 0.0, Avg: 1.7, Max: 3.3, Diff: 3.3, Sum: 13.4]
      [Code Root Scanning (ms): Min: 0.0, Avg: 0.0, Max: 0.0, Diff: 0.0, Sum: 0.0]
      [Object Copy (ms): Min: 11.0, Avg: 13.2, Max: 18.0, Diff: 7.0, Sum: 105.2]
      [Termination (ms): Min: 0.0, Avg: 0.0, Max: 0.0, Diff: 0.0, Sum: 0.0]
         [Termination Attempts: Min: 1, Avg: 4.0, Max: 8, Diff: 7, Sum: 32]
      [GC Worker Other (ms): Min: 0.1, Avg: 0.1, Max: 0.2, Diff: 0.1, Sum: 0.7]
      [GC Worker Total (ms): Min: 21.3, Avg: 22.0, Max: 22.3, Diff: 1.0, Sum: 175.7]
      [GC Worker End (ms): Min: 62019971.9, Avg: 62019972.0, Max: 62019972.0, Diff: 0.1]
   [Code Root Fixup: 0.0 ms]
   [Code Root Purge: 0.0 ms]
   [Clear CT: 0.2 ms]
   [Other: 2.1 ms]
      [Choose CSet: 0.0 ms]
      [Ref Proc: 0.3 ms]
      [Ref Enq: 0.0 ms]
      [Redirty Cards: 0.1 ms]
      [Humongous Register: 0.6 ms]
      [Humongous Reclaim: 0.0 ms]
      [Free CSet: 0.2 ms]
   [Eden: 116.0M(116.0M)->0.0B(76.0M) Survivors: 9216.0K->9216.0K Heap: 469.2M(1024.0M)->353.3M(1024.0M)]
 [Times: user=0.08 sys=0.03, real=0.02 secs] 
2021-04-24T03:41:08.665+0800: 62058.370: [GC pause (G1 Evacuation Pause) (young), 0.0268260 secs]
   [Parallel Time: 24.9 ms, GC Workers: 8]
      [GC Worker Start (ms): Min: 62058371.3, Avg: 62058371.6, Max: 62058371.9, Diff: 0.6]
      [Ext Root Scanning (ms): Min: 1.1, Avg: 2.7, Max: 7.0, Diff: 5.9, Sum: 21.2]
      [Update RS (ms): Min: 0.0, Avg: 2.9, Max: 4.5, Diff: 4.5, Sum: 22.9]
         [Processed Buffers: Min: 0, Avg: 6.2, Max: 24, Diff: 24, Sum: 50]
      [Scan RS (ms): Min: 1.3, Avg: 2.9, Max: 4.0, Diff: 2.8, Sum: 23.1]
      [Code Root Scanning (ms): Min: 0.0, Avg: 0.0, Max: 0.0, Diff: 0.0, Sum: 0.0]
      [Object Copy (ms): Min: 14.8, Avg: 16.0, Max: 20.7, Diff: 5.9, Sum: 127.8]
      [Termination (ms): Min: 0.0, Avg: 0.1, Max: 0.1, Diff: 0.1, Sum: 0.5]
         [Termination Attempts: Min: 1, Avg: 25.8, Max: 63, Diff: 62, Sum: 206]
      [GC Worker Other (ms): Min: 0.0, Avg: 0.0, Max: 0.1, Diff: 0.0, Sum: 0.3]
      [GC Worker Total (ms): Min: 24.1, Avg: 24.5, Max: 24.8, Diff: 0.6, Sum: 195.8]
      [GC Worker End (ms): Min: 62058396.1, Avg: 62058396.1, Max: 62058396.1, Diff: 0.0]
   [Code Root Fixup: 0.0 ms]
   [Code Root Purge: 0.0 ms]
   [Clear CT: 0.1 ms]
   [Other: 1.8 ms]
      [Choose CSet: 0.0 ms]
      [Ref Proc: 0.3 ms]
      [Ref Enq: 0.0 ms]
      [Redirty Cards: 0.2 ms]
      [Humongous Register: 0.3 ms]
      [Humongous Reclaim: 0.0 ms]
      [Free CSet: 0.2 ms]
   [Eden: 76.0M(76.0M)->0.0B(42.0M) Survivors: 9216.0K->9216.0K Heap: 429.3M(1024.0M)->353.9M(1024.0M)]
 [Times: user=0.08 sys=0.02, real=0.03 secs] 
2021-04-24T03:41:29.841+0800: 62079.547: [GC pause (G1 Evacuation Pause) (young), 0.0287067 secs]
   [Parallel Time: 26.9 ms, GC Workers: 8]
      [GC Worker Start (ms): Min: 62079547.8, Avg: 62079548.5, Max: 62079552.6, Diff: 4.9]
      [Ext Root Scanning (ms): Min: 0.0, Avg: 3.5, Max: 9.1, Diff: 9.0, Sum: 27.7]
      [Update RS (ms): Min: 0.0, Avg: 2.5, Max: 7.2, Diff: 7.2, Sum: 19.9]
         [Processed Buffers: Min: 0, Avg: 5.9, Max: 12, Diff: 12, Sum: 47]
      [Scan RS (ms): Min: 0.0, Avg: 2.3, Max: 3.7, Diff: 3.7, Sum: 18.3]
      [Code Root Scanning (ms): Min: 0.0, Avg: 0.0, Max: 0.0, Diff: 0.0, Sum: 0.0]
      [Object Copy (ms): Min: 17.5, Avg: 17.7, Max: 17.9, Diff: 0.4, Sum: 141.7]
      [Termination (ms): Min: 0.0, Avg: 0.1, Max: 0.1, Diff: 0.1, Sum: 0.7]
         [Termination Attempts: Min: 1, Avg: 2.0, Max: 4, Diff: 3, Sum: 16]
      [GC Worker Other (ms): Min: 0.0, Avg: 0.0, Max: 0.1, Diff: 0.0, Sum: 0.2]
      [GC Worker Total (ms): Min: 21.9, Avg: 26.1, Max: 26.8, Diff: 4.9, Sum: 208.5]
      [GC Worker End (ms): Min: 62079574.5, Avg: 62079574.5, Max: 62079574.5, Diff: 0.0]
   [Code Root Fixup: 0.0 ms]
   [Code Root Purge: 0.0 ms]
   [Clear CT: 0.1 ms]
   [Other: 1.7 ms]
      [Choose CSet: 0.0 ms]
      [Ref Proc: 0.2 ms]
      [Ref Enq: 0.0 ms]
      [Redirty Cards: 0.1 ms]
      [Humongous Register: 0.3 ms]
      [Humongous Reclaim: 0.0 ms]
      [Free CSet: 0.1 ms]
   [Eden: 42.0M(42.0M)->0.0B(45.0M) Survivors: 9216.0K->6144.0K Heap: 395.9M(1024.0M)->354.9M(1024.0M)]
 [Times: user=0.08 sys=0.03, real=0.03 secs] 
2021-04-24T03:41:52.576+0800: 62102.282: [GC pause (G1 Evacuation Pause) (young), 0.0262031 secs]
   [Parallel Time: 24.9 ms, GC Workers: 8]
      [GC Worker Start (ms): Min: 62102282.3, Avg: 62102283.0, Max: 62102287.0, Diff: 4.8]
      [Ext Root Scanning (ms): Min: 0.0, Avg: 2.1, Max: 6.0, Diff: 6.0, Sum: 17.1]
      [Update RS (ms): Min: 0.0, Avg: 1.0, Max: 2.3, Diff: 2.3, Sum: 7.8]
         [Processed Buffers: Min: 0, Avg: 6.4, Max: 17, Diff: 17, Sum: 51]
      [Scan RS (ms): Min: 0.0, Avg: 2.1, Max: 3.2, Diff: 3.2, Sum: 16.7]
      [Code Root Scanning (ms): Min: 0.0, Avg: 0.0, Max: 0.0, Diff: 0.0, Sum: 0.0]
      [Object Copy (ms): Min: 18.6, Avg: 18.7, Max: 19.0, Diff: 0.4, Sum: 149.5]
      [Termination (ms): Min: 0.0, Avg: 0.2, Max: 0.2, Diff: 0.2, Sum: 1.5]
         [Termination Attempts: Min: 1, Avg: 9.4, Max: 20, Diff: 19, Sum: 75]
      [GC Worker Other (ms): Min: 0.0, Avg: 0.0, Max: 0.0, Diff: 0.0, Sum: 0.2]
      [GC Worker Total (ms): Min: 20.1, Avg: 24.1, Max: 24.9, Diff: 4.8, Sum: 192.8]
      [GC Worker End (ms): Min: 62102307.1, Avg: 62102307.1, Max: 62102307.1, Diff: 0.0]
   [Code Root Fixup: 0.0 ms]
   [Code Root Purge: 0.0 ms]
   [Clear CT: 0.1 ms]
   [Other: 1.1 ms]
      [Choose CSet: 0.0 ms]
      [Ref Proc: 0.3 ms]
      [Ref Enq: 0.0 ms]
      [Redirty Cards: 0.1 ms]
      [Humongous Register: 0.1 ms]
      [Humongous Reclaim: 0.0 ms]
      [Free CSet: 0.1 ms]
   [Eden: 45.0M(45.0M)->0.0B(44.0M) Survivors: 6144.0K->7168.0K Heap: 399.9M(1024.0M)->358.3M(1024.0M)]
 [Times: user=0.07 sys=0.02, real=0.03 secs] 
2021-04-24T03:42:14.775+0800: 62124.481: [GC pause (G1 Evacuation Pause) (young), 0.0159488 secs]
   [Parallel Time: 15.1 ms, GC Workers: 8]
      [GC Worker Start (ms): Min: 62124481.0, Avg: 62124481.8, Max: 62124484.9, Diff: 3.9]
      [Ext Root Scanning (ms): Min: 0.0, Avg: 3.5, Max: 14.9, Diff: 14.9, Sum: 28.3]
      [Update RS (ms): Min: 0.0, Avg: 1.0, Max: 2.3, Diff: 2.3, Sum: 8.2]
         [Processed Buffers: Min: 0, Avg: 6.0, Max: 34, Diff: 34, Sum: 48]
      [Scan RS (ms): Min: 0.0, Avg: 5.6, Max: 11.7, Diff: 11.7, Sum: 44.5]
      [Code Root Scanning (ms): Min: 0.0, Avg: 0.0, Max: 0.0, Diff: 0.0, Sum: 0.0]
      [Object Copy (ms): Min: 0.0, Avg: 3.9, Max: 8.3, Diff: 8.3, Sum: 30.8]
      [Termination (ms): Min: 0.0, Avg: 0.2, Max: 0.4, Diff: 0.4, Sum: 2.0]
         [Termination Attempts: Min: 1, Avg: 1.4, Max: 2, Diff: 1, Sum: 11]
      [GC Worker Other (ms): Min: 0.0, Avg: 0.0, Max: 0.0, Diff: 0.0, Sum: 0.1]
      [GC Worker Total (ms): Min: 11.1, Avg: 14.2, Max: 15.0, Diff: 3.9, Sum: 113.9]
      [GC Worker End (ms): Min: 62124496.0, Avg: 62124496.0, Max: 62124496.0, Diff: 0.0]
   [Code Root Fixup: 0.0 ms]
   [Code Root Purge: 0.0 ms]
   [Clear CT: 0.1 ms]
   [Other: 0.8 ms]
      [Choose CSet: 0.0 ms]
      [Ref Proc: 0.2 ms]
      [Ref Enq: 0.0 ms]
      [Redirty Cards: 0.1 ms]
      [Humongous Register: 0.1 ms]
      [Humongous Reclaim: 0.0 ms]
      [Free CSet: 0.1 ms]
   [Eden: 44.0M(44.0M)->0.0B(44.0M) Survivors: 7168.0K->7168.0K Heap: 402.3M(1024.0M)->358.8M(1024.0M)]
 [Times: user=0.05 sys=0.00, real=0.02 secs] 
2021-04-24T03:42:36.783+0800: 62146.489: [GC pause (G1 Evacuation Pause) (young), 0.0189340 secs]
   [Parallel Time: 17.8 ms, GC Workers: 8]
      [GC Worker Start (ms): Min: 62146489.9, Avg: 62146490.6, Max: 62146494.4, Diff: 4.5]
      [Ext Root Scanning (ms): Min: 0.0, Avg: 4.0, Max: 16.2, Diff: 16.2, Sum: 32.1]
      [Update RS (ms): Min: 0.0, Avg: 1.3, Max: 3.1, Diff: 3.1, Sum: 10.3]
         [Processed Buffers: Min: 0, Avg: 4.8, Max: 17, Diff: 17, Sum: 38]
      [Scan RS (ms): Min: 0.0, Avg: 4.4, Max: 11.1, Diff: 11.1, Sum: 34.9]
      [Code Root Scanning (ms): Min: 0.0, Avg: 0.0, Max: 0.0, Diff: 0.0, Sum: 0.0]
      [Object Copy (ms): Min: 1.4, Avg: 7.4, Max: 11.1, Diff: 9.8, Sum: 58.8]
      [Termination (ms): Min: 0.0, Avg: 0.1, Max: 0.1, Diff: 0.1, Sum: 0.4]
         [Termination Attempts: Min: 2, Avg: 31.6, Max: 42, Diff: 40, Sum: 253]
      [GC Worker Other (ms): Min: 0.0, Avg: 0.0, Max: 0.0, Diff: 0.0, Sum: 0.2]
      [GC Worker Total (ms): Min: 13.3, Avg: 17.1, Max: 17.8, Diff: 4.5, Sum: 136.7]
      [GC Worker End (ms): Min: 62146507.7, Avg: 62146507.7, Max: 62146507.7, Diff: 0.0]
   [Code Root Fixup: 0.0 ms]
   [Code Root Purge: 0.0 ms]
   [Clear CT: 0.1 ms]
   [Other: 1.0 ms]
      [Choose CSet: 0.0 ms]
      [Ref Proc: 0.2 ms]
      [Ref Enq: 0.0 ms]
      [Redirty Cards: 0.1 ms]
      [Humongous Register: 0.2 ms]
      [Humongous Reclaim: 0.0 ms]
      [Free CSet: 0.1 ms]
   [Eden: 44.0M(44.0M)->0.0B(45.0M) Survivors: 7168.0K->6144.0K Heap: 402.8M(1024.0M)->357.5M(1024.0M)]
 [Times: user=0.07 sys=0.00, real=0.02 secs] 
2021-04-24T03:42:59.429+0800: 62169.136: [GC pause (G1 Evacuation Pause) (young), 0.0185776 secs]
   [Parallel Time: 17.1 ms, GC Workers: 8]
      [GC Worker Start (ms): Min: 62169136.2, Avg: 62169137.9, Max: 62169141.3, Diff: 5.1]
      [Ext Root Scanning (ms): Min: 0.0, Avg: 1.0, Max: 5.0, Diff: 5.0, Sum: 7.7]
      [Update RS (ms): Min: 0.0, Avg: 1.3, Max: 3.6, Diff: 3.6, Sum: 10.7]
         [Processed Buffers: Min: 0, Avg: 5.5, Max: 25, Diff: 25, Sum: 44]
      [Scan RS (ms): Min: 0.0, Avg: 1.1, Max: 2.2, Diff: 2.2, Sum: 8.8]
      [Code Root Scanning (ms): Min: 0.0, Avg: 0.0, Max: 0.0, Diff: 0.0, Sum: 0.0]
      [Object Copy (ms): Min: 11.3, Avg: 11.7, Max: 12.1, Diff: 0.8, Sum: 93.3]
      [Termination (ms): Min: 0.0, Avg: 0.2, Max: 0.3, Diff: 0.3, Sum: 1.6]
         [Termination Attempts: Min: 1, Avg: 27.2, Max: 38, Diff: 37, Sum: 218]
      [GC Worker Other (ms): Min: 0.0, Avg: 0.0, Max: 0.0, Diff: 0.0, Sum: 0.1]
      [GC Worker Total (ms): Min: 11.8, Avg: 15.3, Max: 16.9, Diff: 5.1, Sum: 122.2]
      [GC Worker End (ms): Min: 62169153.1, Avg: 62169153.1, Max: 62169153.2, Diff: 0.0]
   [Code Root Fixup: 0.1 ms]
   [Code Root Purge: 0.0 ms]
   [Clear CT: 0.1 ms]
   [Other: 1.3 ms]
      [Choose CSet: 0.0 ms]
      [Ref Proc: 0.2 ms]
      [Ref Enq: 0.0 ms]
      [Redirty Cards: 0.1 ms]
      [Humongous Register: 0.1 ms]
      [Humongous Reclaim: 0.0 ms]
      [Free CSet: 0.1 ms]
   [Eden: 45.0M(45.0M)->0.0B(66.0M) Survivors: 6144.0K->5120.0K Heap: 402.5M(1024.0M)->357.6M(1024.0M)]
 [Times: user=0.05 sys=0.01, real=0.02 secs] 
2021-04-24T03:43:32.531+0800: 62202.238: [GC pause (G1 Evacuation Pause) (young), 0.0200099 secs]
   [Parallel Time: 18.7 ms, GC Workers: 8]
      [GC Worker Start (ms): Min: 62202238.6, Avg: 62202241.4, Max: 62202253.1, Diff: 14.6]
      [Ext Root Scanning (ms): Min: 0.0, Avg: 2.5, Max: 7.8, Diff: 7.8, Sum: 19.7]
      [Update RS (ms): Min: 0.0, Avg: 2.3, Max: 4.9, Diff: 4.9, Sum: 18.5]
         [Processed Buffers: Min: 0, Avg: 6.6, Max: 25, Diff: 25, Sum: 53]
      [Scan RS (ms): Min: 0.1, Avg: 5.9, Max: 11.0, Diff: 10.9, Sum: 46.9]
      [Code Root Scanning (ms): Min: 0.0, Avg: 0.0, Max: 0.0, Diff: 0.0, Sum: 0.0]
      [Object Copy (ms): Min: 1.4, Avg: 5.0, Max: 8.8, Diff: 7.4, Sum: 40.2]
      [Termination (ms): Min: 0.0, Avg: 0.1, Max: 0.1, Diff: 0.1, Sum: 0.6]
         [Termination Attempts: Min: 1, Avg: 30.0, Max: 43, Diff: 42, Sum: 240]
      [GC Worker Other (ms): Min: 0.0, Avg: 0.0, Max: 0.0, Diff: 0.0, Sum: 0.2]
      [GC Worker Total (ms): Min: 3.9, Avg: 15.8, Max: 18.6, Diff: 14.6, Sum: 126.1]
      [GC Worker End (ms): Min: 62202257.1, Avg: 62202257.1, Max: 62202257.1, Diff: 0.0]
   [Code Root Fixup: 0.0 ms]
   [Code Root Purge: 0.0 ms]
   [Clear CT: 0.1 ms]
   [Other: 1.2 ms]
      [Choose CSet: 0.0 ms]
      [Ref Proc: 0.3 ms]
      [Ref Enq: 0.0 ms]
      [Redirty Cards: 0.1 ms]
      [Humongous Register: 0.3 ms]
      [Humongous Reclaim: 0.0 ms]
      [Free CSet: 0.1 ms]
   [Eden: 66.0M(66.0M)->0.0B(43.0M) Survivors: 5120.0K->8192.0K Heap: 423.6M(1024.0M)->360.1M(1024.0M)]
 [Times: user=0.07 sys=0.00, real=0.02 secs] 
2021-04-24T03:43:54.202+0800: 62223.909: [GC pause (G1 Evacuation Pause) (young), 0.0241960 secs]
   [Parallel Time: 23.1 ms, GC Workers: 8]
      [GC Worker Start (ms): Min: 62223909.0, Avg: 62223909.3, Max: 62223909.9, Diff: 0.9]
      [Ext Root Scanning (ms): Min: 0.0, Avg: 2.4, Max: 9.4, Diff: 9.4, Sum: 19.4]
      [Update RS (ms): Min: 0.0, Avg: 6.0, Max: 12.8, Diff: 12.8, Sum: 48.0]
         [Processed Buffers: Min: 0, Avg: 5.5, Max: 29, Diff: 29, Sum: 44]
      [Scan RS (ms): Min: 0.0, Avg: 1.5, Max: 5.4, Diff: 5.4, Sum: 11.8]
      [Code Root Scanning (ms): Min: 0.0, Avg: 0.0, Max: 0.0, Diff: 0.0, Sum: 0.0]
      [Object Copy (ms): Min: 9.2, Avg: 12.7, Max: 15.0, Diff: 5.7, Sum: 101.9]
      [Termination (ms): Min: 0.0, Avg: 0.0, Max: 0.0, Diff: 0.0, Sum: 0.0]
         [Termination Attempts: Min: 1, Avg: 7.1, Max: 12, Diff: 11, Sum: 57]
      [GC Worker Other (ms): Min: 0.0, Avg: 0.0, Max: 0.0, Diff: 0.0, Sum: 0.2]
      [GC Worker Total (ms): Min: 22.0, Avg: 22.7, Max: 22.9, Diff: 0.9, Sum: 181.2]
      [GC Worker End (ms): Min: 62223932.0, Avg: 62223932.0, Max: 62223932.0, Diff: 0.0]
   [Code Root Fixup: 0.0 ms]
   [Code Root Purge: 0.0 ms]
   [Clear CT: 0.1 ms]
   [Other: 1.0 ms]
      [Choose CSet: 0.0 ms]
      [Ref Proc: 0.2 ms]
      [Ref Enq: 0.0 ms]
      [Redirty Cards: 0.1 ms]
      [Humongous Register: 0.1 ms]
      [Humongous Reclaim: 0.0 ms]
      [Free CSet: 0.1 ms]
   [Eden: 43.0M(43.0M)->0.0B(44.0M) Survivors: 8192.0K->7168.0K Heap: 403.1M(1024.0M)->360.3M(1024.0M)]
 [Times: user=0.06 sys=0.01, real=0.02 secs] 
2021-04-24T03:44:16.145+0800: 62245.853: [GC pause (G1 Evacuation Pause) (young), 0.0199531 secs]
   [Parallel Time: 18.8 ms, GC Workers: 8]
      [GC Worker Start (ms): Min: 62245852.8, Avg: 62245853.0, Max: 62245853.6, Diff: 0.8]
      [Ext Root Scanning (ms): Min: 0.0, Avg: 1.2, Max: 6.1, Diff: 6.1, Sum: 9.3]
      [Update RS (ms): Min: 0.0, Avg: 2.3, Max: 4.2, Diff: 4.2, Sum: 18.6]
         [Processed Buffers: Min: 0, Avg: 6.1, Max: 28, Diff: 28, Sum: 49]
      [Scan RS (ms): Min: 0.0, Avg: 2.0, Max: 2.9, Diff: 2.9, Sum: 16.0]
      [Code Root Scanning (ms): Min: 0.0, Avg: 0.0, Max: 0.0, Diff: 0.0, Sum: 0.0]
      [Object Copy (ms): Min: 12.6, Avg: 13.0, Max: 13.5, Diff: 0.9, Sum: 104.0]
      [Termination (ms): Min: 0.0, Avg: 0.0, Max: 0.1, Diff: 0.1, Sum: 0.4]
         [Termination Attempts: Min: 1, Avg: 1.1, Max: 2, Diff: 1, Sum: 9]
      [GC Worker Other (ms): Min: 0.0, Avg: 0.0, Max: 0.0, Diff: 0.0, Sum: 0.1]
      [GC Worker Total (ms): Min: 18.0, Avg: 18.5, Max: 18.8, Diff: 0.8, Sum: 148.4]
      [GC Worker End (ms): Min: 62245871.5, Avg: 62245871.6, Max: 62245871.6, Diff: 0.0]
   [Code Root Fixup: 0.0 ms]
   [Code Root Purge: 0.0 ms]
   [Clear CT: 0.1 ms]
   [Other: 1.0 ms]
      [Choose CSet: 0.0 ms]
      [Ref Proc: 0.2 ms]
      [Ref Enq: 0.0 ms]
      [Redirty Cards: 0.1 ms]
      [Humongous Register: 0.1 ms]
      [Humongous Reclaim: 0.0 ms]
      [Free CSet: 0.0 ms]
   [Eden: 44.0M(44.0M)->0.0B(44.0M) Survivors: 7168.0K->7168.0K Heap: 404.3M(1024.0M)->361.2M(1024.0M)]
 [Times: user=0.06 sys=0.01, real=0.02 secs] 
2021-04-24T03:44:38.095+0800: 62267.802: [GC pause (G1 Evacuation Pause) (young), 0.0196109 secs]
   [Parallel Time: 18.3 ms, GC Workers: 8]
      [GC Worker Start (ms): Min: 62267802.6, Avg: 62267803.7, Max: 62267809.6, Diff: 7.0]
      [Ext Root Scanning (ms): Min: 0.0, Avg: 2.2, Max: 7.4, Diff: 7.4, Sum: 17.6]
      [Update RS (ms): Min: 0.0, Avg: 1.6, Max: 3.4, Diff: 3.4, Sum: 12.5]
         [Processed Buffers: Min: 0, Avg: 6.4, Max: 23, Diff: 23, Sum: 51]
      [Scan RS (ms): Min: 0.0, Avg: 1.5, Max: 2.8, Diff: 2.8, Sum: 12.3]
      [Code Root Scanning (ms): Min: 0.0, Avg: 0.0, Max: 0.0, Diff: 0.0, Sum: 0.0]
      [Object Copy (ms): Min: 10.7, Avg: 11.7, Max: 15.7, Diff: 5.0, Sum: 93.6]
      [Termination (ms): Min: 0.0, Avg: 0.1, Max: 0.1, Diff: 0.1, Sum: 0.8]
         [Termination Attempts: Min: 1, Avg: 4.8, Max: 11, Diff: 10, Sum: 38]
      [GC Worker Other (ms): Min: 0.0, Avg: 0.0, Max: 0.0, Diff: 0.0, Sum: 0.1]
      [GC Worker Total (ms): Min: 11.2, Avg: 17.1, Max: 18.2, Diff: 7.0, Sum: 136.9]
      [GC Worker End (ms): Min: 62267820.8, Avg: 62267820.8, Max: 62267820.8, Diff: 0.0]
   [Code Root Fixup: 0.0 ms]
   [Code Root Purge: 0.0 ms]
   [Clear CT: 0.1 ms]
   [Other: 1.2 ms]
      [Choose CSet: 0.0 ms]
      [Ref Proc: 0.2 ms]
      [Ref Enq: 0.0 ms]
      [Redirty Cards: 0.1 ms]
      [Humongous Register: 0.1 ms]
      [Humongous Reclaim: 0.0 ms]
      [Free CSet: 0.1 ms]
   [Eden: 44.0M(44.0M)->0.0B(49.0M) Survivors: 7168.0K->5120.0K Heap: 405.2M(1024.0M)->360.8M(1024.0M)]
 [Times: user=0.06 sys=0.01, real=0.02 secs] 
2021-04-24T03:45:01.180+0800: 62290.888: [GC pause (G1 Evacuation Pause) (young), 0.0209721 secs]
   [Parallel Time: 18.6 ms, GC Workers: 8]
      [GC Worker Start (ms): Min: 62290888.1, Avg: 62290890.2, Max: 62290900.0, Diff: 11.9]
      [Ext Root Scanning (ms): Min: 0.0, Avg: 3.4, Max: 11.2, Diff: 11.2, Sum: 26.9]
      [Update RS (ms): Min: 0.0, Avg: 2.6, Max: 7.8, Diff: 7.8, Sum: 21.2]
         [Processed Buffers: Min: 0, Avg: 5.6, Max: 18, Diff: 18, Sum: 45]
      [Scan RS (ms): Min: 0.2, Avg: 4.3, Max: 7.4, Diff: 7.2, Sum: 34.7]
      [Code Root Scanning (ms): Min: 0.0, Avg: 0.0, Max: 0.0, Diff: 0.0, Sum: 0.0]
      [Object Copy (ms): Min: 4.7, Avg: 5.3, Max: 6.2, Diff: 1.5, Sum: 42.3]
      [Termination (ms): Min: 0.0, Avg: 0.5, Max: 0.7, Diff: 0.7, Sum: 4.3]
         [Termination Attempts: Min: 1, Avg: 10.6, Max: 21, Diff: 20, Sum: 85]
      [GC Worker Other (ms): Min: 0.0, Avg: 0.2, Max: 1.2, Diff: 1.2, Sum: 1.3]
      [GC Worker Total (ms): Min: 6.5, Avg: 16.3, Max: 18.4, Diff: 12.0, Sum: 130.8]
      [GC Worker End (ms): Min: 62290906.5, Avg: 62290906.5, Max: 62290906.6, Diff: 0.1]
   [Code Root Fixup: 0.0 ms]
   [Code Root Purge: 0.0 ms]
   [Clear CT: 0.1 ms]
   [Other: 2.3 ms]
      [Choose CSet: 0.0 ms]
      [Ref Proc: 1.3 ms]
      [Ref Enq: 0.0 ms]
      [Redirty Cards: 0.1 ms]
      [Humongous Register: 0.2 ms]
      [Humongous Reclaim: 0.0 ms]
      [Free CSet: 0.1 ms]
   [Eden: 46.0M(46.0M)->0.0B(44.0M) Survivors: 5120.0K->7168.0K Heap: 406.8M(1024.0M)->363.7M(1024.0M)]
 [Times: user=0.08 sys=0.00, real=0.02 secs] 
2021-04-24T03:45:23.107+0800: 62312.815: [GC pause (G1 Evacuation Pause) (young), 0.0167322 secs]
   [Parallel Time: 15.3 ms, GC Workers: 8]
      [GC Worker Start (ms): Min: 62312815.6, Avg: 62312815.7, Max: 62312816.0, Diff: 0.4]
      [Ext Root Scanning (ms): Min: 0.5, Avg: 3.9, Max: 10.2, Diff: 9.7, Sum: 31.3]
      [Update RS (ms): Min: 0.0, Avg: 1.1, Max: 2.4, Diff: 2.4, Sum: 8.7]
         [Processed Buffers: Min: 0, Avg: 6.1, Max: 20, Diff: 20, Sum: 49]
      [Scan RS (ms): Min: 0.0, Avg: 1.9, Max: 3.6, Diff: 3.6, Sum: 15.4]
      [Code Root Scanning (ms): Min: 0.0, Avg: 0.0, Max: 0.0, Diff: 0.0, Sum: 0.0]
      [Object Copy (ms): Min: 4.8, Avg: 8.1, Max: 8.8, Diff: 4.0, Sum: 64.8]
      [Termination (ms): Min: 0.0, Avg: 0.0, Max: 0.0, Diff: 0.0, Sum: 0.2]
         [Termination Attempts: Min: 1, Avg: 15.2, Max: 31, Diff: 30, Sum: 122]
      [GC Worker Other (ms): Min: 0.0, Avg: 0.0, Max: 0.0, Diff: 0.0, Sum: 0.1]
      [GC Worker Total (ms): Min: 14.8, Avg: 15.1, Max: 15.2, Diff: 0.4, Sum: 120.6]
      [GC Worker End (ms): Min: 62312830.8, Avg: 62312830.8, Max: 62312830.8, Diff: 0.0]
   [Code Root Fixup: 0.0 ms]
   [Code Root Purge: 0.0 ms]
   [Clear CT: 0.1 ms]
   [Other: 1.3 ms]
      [Choose CSet: 0.0 ms]
      [Ref Proc: 0.2 ms]
      [Ref Enq: 0.0 ms]
      [Redirty Cards: 0.1 ms]
      [Humongous Register: 0.3 ms]
      [Humongous Reclaim: 0.0 ms]
      [Free CSet: 0.1 ms]
   [Eden: 44.0M(44.0M)->0.0B(73.0M) Survivors: 7168.0K->5120.0K Heap: 407.7M(1024.0M)->362.7M(1024.0M)]
 [Times: user=0.06 sys=0.02, real=0.02 secs] 
2021-04-24T03:45:45.937+0800: 62335.645: [GC pause (G1 Evacuation Pause) (young) (initial-mark), 0.0210385 secs]
   [Parallel Time: 19.6 ms, GC Workers: 8]
      [GC Worker Start (ms): Min: 62335645.5, Avg: 62335645.7, Max: 62335645.8, Diff: 0.3]
      [Ext Root Scanning (ms): Min: 5.1, Avg: 7.7, Max: 19.3, Diff: 14.2, Sum: 61.5]
      [Update RS (ms): Min: 0.0, Avg: 2.6, Max: 9.9, Diff: 9.9, Sum: 20.8]
         [Processed Buffers: Min: 0, Avg: 6.2, Max: 16, Diff: 16, Sum: 50]
      [Scan RS (ms): Min: 0.0, Avg: 2.8, Max: 9.4, Diff: 9.4, Sum: 22.8]
      [Code Root Scanning (ms): Min: 0.0, Avg: 0.0, Max: 0.0, Diff: 0.0, Sum: 0.0]
      [Object Copy (ms): Min: 0.0, Avg: 5.9, Max: 8.6, Diff: 8.6, Sum: 47.0]
      [Termination (ms): Min: 0.0, Avg: 0.1, Max: 0.2, Diff: 0.2, Sum: 1.0]
         [Termination Attempts: Min: 1, Avg: 9.6, Max: 21, Diff: 20, Sum: 77]
      [GC Worker Other (ms): Min: 0.0, Avg: 0.0, Max: 0.0, Diff: 0.0, Sum: 0.2]
      [GC Worker Total (ms): Min: 19.0, Avg: 19.1, Max: 19.3, Diff: 0.2, Sum: 153.2]
      [GC Worker End (ms): Min: 62335664.8, Avg: 62335664.8, Max: 62335664.9, Diff: 0.1]
   [Code Root Fixup: 0.0 ms]
   [Code Root Purge: 0.0 ms]
   [Clear CT: 0.1 ms]
   [Other: 1.4 ms]
      [Choose CSet: 0.0 ms]
      [Ref Proc: 0.6 ms]
      [Ref Enq: 0.0 ms]
      [Redirty Cards: 0.1 ms]
      [Humongous Register: 0.0 ms]
      [Humongous Reclaim: 0.0 ms]
      [Free CSet: 0.1 ms]
   [Eden: 46.0M(46.0M)->0.0B(44.0M) Survivors: 5120.0K->7168.0K Heap: 408.7M(1024.0M)->364.9M(1024.0M)]
 [Times: user=0.06 sys=0.01, real=0.02 secs] 
2021-04-24T03:45:45.959+0800: 62335.667: [GC concurrent-root-region-scan-start]
2021-04-24T03:45:45.962+0800: 62335.670: [GC concurrent-root-region-scan-end, 0.0035304 secs]
2021-04-24T03:45:45.962+0800: 62335.670: [GC concurrent-mark-start]
2021-04-24T03:45:46.007+0800: 62335.715: [GC concurrent-mark-end, 0.0447822 secs]
2021-04-24T03:45:46.008+0800: 62335.716: [GC remark 2021-04-24T03:45:46.008+0800: 62335.716: [Finalize Marking, 0.0002443 secs] 2021-04-24T03:45:46.009+0800: 62335.717: [GC ref-proc, 0.0013400 secs] 2021-04-24T03:45:46.010+0800: 62335.718: [Unloading, 0.0869720 secs], 0.0898324 secs]
 [Times: user=0.04 sys=0.10, real=0.09 secs] 
2021-04-24T03:45:46.100+0800: 62335.808: [GC cleanup 365M->270M(1024M), 0.0058458 secs]
 [Times: user=0.01 sys=0.00, real=0.00 secs] 
2021-04-24T03:45:46.106+0800: 62335.814: [GC concurrent-cleanup-start]
2021-04-24T03:45:46.111+0800: 62335.820: [GC concurrent-cleanup-end, 0.0057618 secs]
2021-04-24T03:46:08.154+0800: 62357.863: [GC pause (G1 Evacuation Pause) (young), 0.0271720 secs]
   [Parallel Time: 25.3 ms, GC Workers: 8]
      [GC Worker Start (ms): Min: 62357863.1, Avg: 62357864.3, Max: 62357868.6, Diff: 5.5]
      [Ext Root Scanning (ms): Min: 0.0, Avg: 2.0, Max: 6.7, Diff: 6.7, Sum: 15.8]
      [Update RS (ms): Min: 0.0, Avg: 1.0, Max: 2.3, Diff: 2.3, Sum: 8.2]
         [Processed Buffers: Min: 0, Avg: 6.0, Max: 18, Diff: 18, Sum: 48]
      [Scan RS (ms): Min: 0.0, Avg: 2.2, Max: 3.9, Diff: 3.9, Sum: 17.7]
      [Code Root Scanning (ms): Min: 0.0, Avg: 0.0, Max: 0.0, Diff: 0.0, Sum: 0.0]
      [Object Copy (ms): Min: 18.2, Avg: 18.6, Max: 19.0, Diff: 0.8, Sum: 149.1]
      [Termination (ms): Min: 0.0, Avg: 0.1, Max: 0.2, Diff: 0.2, Sum: 0.9]
         [Termination Attempts: Min: 1, Avg: 1.0, Max: 1, Diff: 0, Sum: 8]
      [GC Worker Other (ms): Min: 0.0, Avg: 0.0, Max: 0.0, Diff: 0.0, Sum: 0.1]
      [GC Worker Total (ms): Min: 19.7, Avg: 24.0, Max: 25.2, Diff: 5.5, Sum: 191.8]
      [GC Worker End (ms): Min: 62357888.3, Avg: 62357888.3, Max: 62357888.3, Diff: 0.1]
   [Code Root Fixup: 0.0 ms]
   [Code Root Purge: 0.0 ms]
   [Clear CT: 0.1 ms]
   [Other: 1.8 ms]
      [Choose CSet: 0.0 ms]
      [Ref Proc: 0.4 ms]
      [Ref Enq: 0.0 ms]
      [Redirty Cards: 0.1 ms]
      [Humongous Register: 0.1 ms]
      [Humongous Reclaim: 0.0 ms]
      [Free CSet: 0.1 ms]
   [Eden: 44.0M(44.0M)->0.0B(46.0M) Survivors: 7168.0K->5120.0K Heap: 313.9M(1024.0M)->269.0M(1024.0M)]
 [Times: user=0.05 sys=0.01, real=0.03 secs] 
2021-04-24T03:46:31.250+0800: 62380.958: [GC pause (G1 Evacuation Pause) (mixed), 0.0232285 secs]
   [Parallel Time: 21.4 ms, GC Workers: 8]
      [GC Worker Start (ms): Min: 62380958.6, Avg: 62380958.8, Max: 62380958.9, Diff: 0.3]
      [Ext Root Scanning (ms): Min: 0.2, Avg: 0.6, Max: 2.3, Diff: 2.1, Sum: 5.1]
      [Update RS (ms): Min: 0.0, Avg: 1.7, Max: 2.6, Diff: 2.6, Sum: 13.3]
         [Processed Buffers: Min: 0, Avg: 6.4, Max: 21, Diff: 21, Sum: 51]
      [Scan RS (ms): Min: 9.5, Avg: 10.4, Max: 11.2, Diff: 1.7, Sum: 83.3]
      [Code Root Scanning (ms): Min: 0.0, Avg: 0.0, Max: 0.0, Diff: 0.0, Sum: 0.0]
      [Object Copy (ms): Min: 6.9, Avg: 8.4, Max: 11.4, Diff: 4.4, Sum: 67.4]
      [Termination (ms): Min: 0.0, Avg: 0.0, Max: 0.1, Diff: 0.1, Sum: 0.4]
         [Termination Attempts: Min: 1, Avg: 19.1, Max: 29, Diff: 28, Sum: 153]
      [GC Worker Other (ms): Min: 0.0, Avg: 0.0, Max: 0.1, Diff: 0.1, Sum: 0.1]
      [GC Worker Total (ms): Min: 21.1, Avg: 21.2, Max: 21.4, Diff: 0.3, Sum: 169.7]
      [GC Worker End (ms): Min: 62380980.0, Avg: 62380980.0, Max: 62380980.0, Diff: 0.0]
   [Code Root Fixup: 0.0 ms]
   [Code Root Purge: 0.0 ms]
   [Clear CT: 0.3 ms]
   [Other: 1.5 ms]
      [Choose CSet: 0.1 ms]
      [Ref Proc: 0.2 ms]
      [Ref Enq: 0.0 ms]
      [Redirty Cards: 0.0 ms]
      [Humongous Register: 0.1 ms]
      [Humongous Reclaim: 0.0 ms]
      [Free CSet: 0.5 ms]
   [Eden: 46.0M(46.0M)->0.0B(44.0M) Survivors: 5120.0K->7168.0K Heap: 315.0M(1024.0M)->254.6M(1024.0M)]
 [Times: user=0.06 sys=0.02, real=0.02 secs] 
2021-04-24T03:46:53.161+0800: 62402.870: [GC pause (G1 Evacuation Pause) (mixed), 0.0233045 secs]
   [Parallel Time: 21.4 ms, GC Workers: 8]
      [GC Worker Start (ms): Min: 62402870.1, Avg: 62402870.8, Max: 62402874.4, Diff: 4.4]
      [Ext Root Scanning (ms): Min: 0.0, Avg: 1.2, Max: 4.0, Diff: 4.0, Sum: 9.4]
      [Update RS (ms): Min: 0.0, Avg: 1.5, Max: 3.0, Diff: 3.0, Sum: 12.3]
         [Processed Buffers: Min: 0, Avg: 7.0, Max: 15, Diff: 15, Sum: 56]
      [Scan RS (ms): Min: 4.0, Avg: 5.8, Max: 7.9, Diff: 3.9, Sum: 46.7]
      [Code Root Scanning (ms): Min: 0.0, Avg: 0.0, Max: 0.3, Diff: 0.3, Sum: 0.3]
      [Object Copy (ms): Min: 9.6, Avg: 11.9, Max: 16.4, Diff: 6.8, Sum: 95.0]
      [Termination (ms): Min: 0.0, Avg: 0.0, Max: 0.1, Diff: 0.1, Sum: 0.3]
         [Termination Attempts: Min: 1, Avg: 7.9, Max: 16, Diff: 15, Sum: 63]
      [GC Worker Other (ms): Min: 0.0, Avg: 0.0, Max: 0.0, Diff: 0.0, Sum: 0.2]
      [GC Worker Total (ms): Min: 16.9, Avg: 20.5, Max: 21.3, Diff: 4.4, Sum: 164.2]
      [GC Worker End (ms): Min: 62402891.4, Avg: 62402891.4, Max: 62402891.4, Diff: 0.0]
   [Code Root Fixup: 0.0 ms]
   [Code Root Purge: 0.0 ms]
   [Clear CT: 0.1 ms]
   [Other: 1.8 ms]
      [Choose CSet: 0.1 ms]
      [Ref Proc: 0.3 ms]
      [Ref Enq: 0.0 ms]
      [Redirty Cards: 0.1 ms]
      [Humongous Register: 0.2 ms]
      [Humongous Reclaim: 0.0 ms]
      [Free CSet: 0.8 ms]
   [Eden: 44.0M(44.0M)->0.0B(46.0M) Survivors: 7168.0K->5120.0K Heap: 298.6M(1024.0M)->236.5M(1024.0M)]
 [Times: user=0.06 sys=0.02, real=0.02 secs] 
2021-04-24T03:47:16.270+0800: 62425.979: [GC pause (G1 Evacuation Pause) (mixed), 0.0274959 secs]
   [Parallel Time: 21.9 ms, GC Workers: 8]
      [GC Worker Start (ms): Min: 62425980.3, Avg: 62425980.7, Max: 62425981.3, Diff: 1.0]
      [Ext Root Scanning (ms): Min: 0.6, Avg: 4.7, Max: 11.5, Diff: 10.9, Sum: 37.5]
      [Update RS (ms): Min: 0.0, Avg: 3.4, Max: 6.7, Diff: 6.7, Sum: 27.1]
         [Processed Buffers: Min: 0, Avg: 6.9, Max: 23, Diff: 23, Sum: 55]
      [Scan RS (ms): Min: 0.3, Avg: 3.7, Max: 6.1, Diff: 5.8, Sum: 29.4]
      [Code Root Scanning (ms): Min: 0.0, Avg: 0.0, Max: 0.4, Diff: 0.4, Sum: 0.4]
      [Object Copy (ms): Min: 7.6, Avg: 9.3, Max: 10.2, Diff: 2.6, Sum: 74.4]
      [Termination (ms): Min: 0.0, Avg: 0.2, Max: 0.4, Diff: 0.4, Sum: 1.7]
         [Termination Attempts: Min: 1, Avg: 13.0, Max: 24, Diff: 23, Sum: 104]
      [GC Worker Other (ms): Min: 0.0, Avg: 0.0, Max: 0.0, Diff: 0.0, Sum: 0.2]
      [GC Worker Total (ms): Min: 20.7, Avg: 21.3, Max: 21.7, Diff: 1.0, Sum: 170.7]
      [GC Worker End (ms): Min: 62426002.0, Avg: 62426002.0, Max: 62426002.0, Diff: 0.1]
   [Code Root Fixup: 0.0 ms]
   [Code Root Purge: 0.0 ms]
   [Clear CT: 0.2 ms]
   [Other: 5.3 ms]
      [Choose CSet: 0.6 ms]
      [Ref Proc: 0.6 ms]
      [Ref Enq: 0.0 ms]
      [Redirty Cards: 0.1 ms]
      [Humongous Register: 0.3 ms]
      [Humongous Reclaim: 0.0 ms]
      [Free CSet: 2.2 ms]
   [Eden: 46.0M(46.0M)->0.0B(44.0M) Survivors: 5120.0K->7168.0K Heap: 282.5M(1024.0M)->222.9M(1024.0M)]
 [Times: user=0.08 sys=0.02, real=0.02 secs] 
2021-04-24T03:47:38.264+0800: 62447.974: [GC pause (G1 Evacuation Pause) (mixed), 0.0256571 secs]
   [Parallel Time: 22.8 ms, GC Workers: 8]
      [GC Worker Start (ms): Min: 62447974.7, Avg: 62447974.9, Max: 62447975.1, Diff: 0.5]
      [Ext Root Scanning (ms): Min: 0.4, Avg: 4.9, Max: 12.3, Diff: 11.9, Sum: 39.5]
      [Update RS (ms): Min: 0.0, Avg: 1.6, Max: 3.7, Diff: 3.7, Sum: 12.7]
         [Processed Buffers: Min: 0, Avg: 6.4, Max: 25, Diff: 25, Sum: 51]
      [Scan RS (ms): Min: 0.6, Avg: 4.8, Max: 7.5, Diff: 6.9, Sum: 38.5]
      [Code Root Scanning (ms): Min: 0.0, Avg: 0.4, Max: 2.2, Diff: 2.2, Sum: 3.5]
      [Object Copy (ms): Min: 8.2, Avg: 10.4, Max: 17.2, Diff: 8.9, Sum: 83.5]
      [Termination (ms): Min: 0.0, Avg: 0.1, Max: 0.5, Diff: 0.5, Sum: 0.8]
         [Termination Attempts: Min: 1, Avg: 18.0, Max: 35, Diff: 34, Sum: 144]
      [GC Worker Other (ms): Min: 0.0, Avg: 0.0, Max: 0.0, Diff: 0.0, Sum: 0.2]
      [GC Worker Total (ms): Min: 22.1, Avg: 22.3, Max: 22.6, Diff: 0.4, Sum: 178.6]
      [GC Worker End (ms): Min: 62447997.3, Avg: 62447997.3, Max: 62447997.3, Diff: 0.0]
   [Code Root Fixup: 0.0 ms]
   [Code Root Purge: 0.0 ms]
   [Clear CT: 0.2 ms]
   [Other: 2.7 ms]
      [Choose CSet: 0.2 ms]
      [Ref Proc: 0.8 ms]
      [Ref Enq: 0.0 ms]
      [Redirty Cards: 0.2 ms]
      [Humongous Register: 0.2 ms]
      [Humongous Reclaim: 0.0 ms]
      [Free CSet: 0.7 ms]
   [Eden: 44.0M(44.0M)->0.0B(44.0M) Survivors: 7168.0K->7168.0K Heap: 266.9M(1024.0M)->207.1M(1024.0M)]
 [Times: user=0.08 sys=0.01, real=0.03 secs] 
2021-04-24T03:48:00.437+0800: 62470.147: [GC pause (G1 Evacuation Pause) (mixed), 0.0219660 secs]
   [Parallel Time: 19.1 ms, GC Workers: 8]
      [GC Worker Start (ms): Min: 62470147.7, Avg: 62470148.8, Max: 62470154.3, Diff: 6.6]
      [Ext Root Scanning (ms): Min: 0.0, Avg: 3.8, Max: 12.1, Diff: 12.1, Sum: 30.7]
      [Update RS (ms): Min: 0.0, Avg: 3.0, Max: 8.9, Diff: 8.9, Sum: 23.8]
         [Processed Buffers: Min: 0, Avg: 6.8, Max: 19, Diff: 19, Sum: 54]
      [Scan RS (ms): Min: 0.1, Avg: 2.6, Max: 5.6, Diff: 5.5, Sum: 20.5]
      [Code Root Scanning (ms): Min: 0.0, Avg: 0.9, Max: 4.6, Diff: 4.6, Sum: 7.1]
      [Object Copy (ms): Min: 3.8, Avg: 7.4, Max: 15.7, Diff: 11.9, Sum: 59.4]
      [Termination (ms): Min: 0.0, Avg: 0.1, Max: 0.2, Diff: 0.2, Sum: 1.2]
         [Termination Attempts: Min: 1, Avg: 15.1, Max: 25, Diff: 24, Sum: 121]
      [GC Worker Other (ms): Min: 0.0, Avg: 0.0, Max: 0.0, Diff: 0.0, Sum: 0.2]
      [GC Worker Total (ms): Min: 12.3, Avg: 17.8, Max: 18.9, Diff: 6.6, Sum: 142.8]
      [GC Worker End (ms): Min: 62470166.6, Avg: 62470166.6, Max: 62470166.6, Diff: 0.0]
   [Code Root Fixup: 0.0 ms]
   [Code Root Purge: 0.0 ms]
   [Clear CT: 0.6 ms]
   [Other: 2.3 ms]
      [Choose CSet: 0.1 ms]
      [Ref Proc: 0.2 ms]
      [Ref Enq: 0.0 ms]
      [Redirty Cards: 0.1 ms]
      [Humongous Register: 0.3 ms]
      [Humongous Reclaim: 0.0 ms]
      [Free CSet: 0.5 ms]
   [Eden: 44.0M(44.0M)->0.0B(46.0M) Survivors: 7168.0K->5120.0K Heap: 251.1M(1024.0M)->202.3M(1024.0M)]
 [Times: user=0.07 sys=0.01, real=0.02 secs] 
2021-04-24T03:48:23.686+0800: 62493.396: [GC pause (G1 Evacuation Pause) (young), 0.0167462 secs]
   [Parallel Time: 15.3 ms, GC Workers: 8]
      [GC Worker Start (ms): Min: 62493396.3, Avg: 62493396.5, Max: 62493397.1, Diff: 0.8]
      [Ext Root Scanning (ms): Min: 0.0, Avg: 1.6, Max: 6.8, Diff: 6.8, Sum: 13.1]
      [Update RS (ms): Min: 0.0, Avg: 4.5, Max: 10.0, Diff: 10.0, Sum: 35.8]
         [Processed Buffers: Min: 0, Avg: 6.5, Max: 25, Diff: 25, Sum: 52]
      [Scan RS (ms): Min: 0.0, Avg: 2.4, Max: 5.3, Diff: 5.3, Sum: 19.3]
      [Code Root Scanning (ms): Min: 0.0, Avg: 0.0, Max: 0.0, Diff: 0.0, Sum: 0.0]
      [Object Copy (ms): Min: 3.7, Avg: 6.4, Max: 13.5, Diff: 9.8, Sum: 51.2]
      [Termination (ms): Min: 0.0, Avg: 0.0, Max: 0.0, Diff: 0.0, Sum: 0.1]
         [Termination Attempts: Min: 2, Avg: 21.4, Max: 37, Diff: 35, Sum: 171]
      [GC Worker Other (ms): Min: 0.0, Avg: 0.0, Max: 0.0, Diff: 0.0, Sum: 0.2]
      [GC Worker Total (ms): Min: 14.4, Avg: 15.0, Max: 15.1, Diff: 0.7, Sum: 119.7]
      [GC Worker End (ms): Min: 62493411.4, Avg: 62493411.4, Max: 62493411.4, Diff: 0.0]
   [Code Root Fixup: 0.0 ms]
   [Code Root Purge: 0.0 ms]
   [Clear CT: 0.1 ms]
   [Other: 1.3 ms]
      [Choose CSet: 0.0 ms]
      [Ref Proc: 0.3 ms]
      [Ref Enq: 0.0 ms]
      [Redirty Cards: 0.1 ms]
      [Humongous Register: 0.2 ms]
      [Humongous Reclaim: 0.0 ms]
      [Free CSet: 0.1 ms]
   [Eden: 46.0M(46.0M)->0.0B(44.0M) Survivors: 5120.0K->7168.0K Heap: 248.3M(1024.0M)->204.6M(1024.0M)]
 [Times: user=0.07 sys=0.00, real=0.02 secs] 
2021-04-24T03:48:45.614+0800: 62515.324: [GC pause (G1 Evacuation Pause) (young), 0.0206456 secs]
   [Parallel Time: 19.0 ms, GC Workers: 8]
      [GC Worker Start (ms): Min: 62515324.9, Avg: 62515325.7, Max: 62515330.1, Diff: 5.2]
      [Ext Root Scanning (ms): Min: 0.0, Avg: 3.9, Max: 15.9, Diff: 15.9, Sum: 31.1]
      [Update RS (ms): Min: 0.0, Avg: 1.8, Max: 4.8, Diff: 4.8, Sum: 14.6]
         [Processed Buffers: Min: 0, Avg: 5.8, Max: 13, Diff: 13, Sum: 46]
      [Scan RS (ms): Min: 0.0, Avg: 2.0, Max: 3.6, Diff: 3.6, Sum: 16.2]
      [Code Root Scanning (ms): Min: 0.0, Avg: 0.0, Max: 0.0, Diff: 0.0, Sum: 0.0]
      [Object Copy (ms): Min: 2.8, Avg: 10.2, Max: 11.5, Diff: 8.7, Sum: 81.9]
      [Termination (ms): Min: 0.0, Avg: 0.1, Max: 0.1, Diff: 0.1, Sum: 0.5]
         [Termination Attempts: Min: 1, Avg: 31.0, Max: 56, Diff: 55, Sum: 248]
      [GC Worker Other (ms): Min: 0.0, Avg: 0.0, Max: 0.0, Diff: 0.0, Sum: 0.2]
      [GC Worker Total (ms): Min: 13.7, Avg: 18.1, Max: 18.9, Diff: 5.2, Sum: 144.4]
      [GC Worker End (ms): Min: 62515343.7, Avg: 62515343.7, Max: 62515343.8, Diff: 0.0]
   [Code Root Fixup: 0.0 ms]
   [Code Root Purge: 0.0 ms]
   [Clear CT: 0.2 ms]
   [Other: 1.5 ms]
      [Choose CSet: 0.0 ms]
      [Ref Proc: 0.3 ms]
      [Ref Enq: 0.0 ms]
      [Redirty Cards: 0.2 ms]
      [Humongous Register: 0.3 ms]
      [Humongous Reclaim: 0.0 ms]
      [Free CSet: 0.1 ms]
   [Eden: 44.0M(44.0M)->0.0B(46.0M) Survivors: 7168.0K->5120.0K Heap: 248.6M(1024.0M)->204.2M(1024.0M)]
 [Times: user=0.07 sys=0.02, real=0.02 secs] 
2021-04-24T03:49:08.893+0800: 62538.603: [GC pause (G1 Evacuation Pause) (young), 0.0192406 secs]
   [Parallel Time: 17.5 ms, GC Workers: 8]
      [GC Worker Start (ms): Min: 62538603.9, Avg: 62538605.3, Max: 62538611.8, Diff: 7.9]
      [Ext Root Scanning (ms): Min: 0.0, Avg: 2.8, Max: 16.2, Diff: 16.2, Sum: 22.4]
      [Update RS (ms): Min: 0.0, Avg: 3.5, Max: 6.8, Diff: 6.8, Sum: 27.8]
         [Processed Buffers: Min: 0, Avg: 6.5, Max: 25, Diff: 25, Sum: 52]
      [Scan RS (ms): Min: 0.0, Avg: 2.9, Max: 5.3, Diff: 5.3, Sum: 23.1]
      [Code Root Scanning (ms): Min: 0.0, Avg: 0.0, Max: 0.0, Diff: 0.0, Sum: 0.0]
      [Object Copy (ms): Min: 1.0, Avg: 6.7, Max: 8.6, Diff: 7.5, Sum: 53.6]
      [Termination (ms): Min: 0.0, Avg: 0.0, Max: 0.0, Diff: 0.0, Sum: 0.0]
         [Termination Attempts: Min: 1, Avg: 4.2, Max: 9, Diff: 8, Sum: 34]
      [GC Worker Other (ms): Min: 0.0, Avg: 0.0, Max: 0.1, Diff: 0.1, Sum: 0.4]
      [GC Worker Total (ms): Min: 9.4, Avg: 15.9, Max: 17.3, Diff: 7.9, Sum: 127.2]
      [GC Worker End (ms): Min: 62538621.2, Avg: 62538621.2, Max: 62538621.3, Diff: 0.1]
   [Code Root Fixup: 0.0 ms]
   [Code Root Purge: 0.0 ms]
   [Clear CT: 0.2 ms]
   [Other: 1.5 ms]
      [Choose CSet: 0.0 ms]
      [Ref Proc: 0.4 ms]
      [Ref Enq: 0.0 ms]
      [Redirty Cards: 0.2 ms]
      [Humongous Register: 0.3 ms]
      [Humongous Reclaim: 0.0 ms]
      [Free CSet: 0.1 ms]
   [Eden: 46.0M(46.0M)->0.0B(45.0M) Survivors: 5120.0K->6144.0K Heap: 250.2M(1024.0M)->204.4M(1024.0M)]
 [Times: user=0.07 sys=0.00, real=0.02 secs] 
2021-04-24T03:49:31.501+0800: 62561.212: [GC pause (G1 Evacuation Pause) (young), 0.0194755 secs]
   [Parallel Time: 17.3 ms, GC Workers: 8]
      [GC Worker Start (ms): Min: 62561212.1, Avg: 62561213.5, Max: 62561220.0, Diff: 7.9]
      [Ext Root Scanning (ms): Min: 0.0, Avg: 5.3, Max: 14.8, Diff: 14.8, Sum: 42.1]
      [Update RS (ms): Min: 0.0, Avg: 2.0, Max: 4.7, Diff: 4.7, Sum: 16.2]
         [Processed Buffers: Min: 0, Avg: 5.6, Max: 19, Diff: 19, Sum: 45]
      [Scan RS (ms): Min: 0.0, Avg: 3.2, Max: 8.7, Diff: 8.7, Sum: 25.9]
      [Code Root Scanning (ms): Min: 0.0, Avg: 0.0, Max: 0.0, Diff: 0.0, Sum: 0.0]
      [Object Copy (ms): Min: 2.2, Avg: 5.2, Max: 8.5, Diff: 6.2, Sum: 41.9]
      [Termination (ms): Min: 0.0, Avg: 0.0, Max: 0.0, Diff: 0.0, Sum: 0.2]
         [Termination Attempts: Min: 1, Avg: 18.2, Max: 34, Diff: 33, Sum: 146]
      [GC Worker Other (ms): Min: 0.0, Avg: 0.0, Max: 0.0, Diff: 0.0, Sum: 0.2]
      [GC Worker Total (ms): Min: 9.3, Avg: 15.8, Max: 17.2, Diff: 7.9, Sum: 126.5]
      [GC Worker End (ms): Min: 62561229.3, Avg: 62561229.3, Max: 62561229.3, Diff: 0.0]
   [Code Root Fixup: 0.0 ms]
   [Code Root Purge: 0.0 ms]
   [Clear CT: 0.2 ms]
   [Other: 2.0 ms]
      [Choose CSet: 0.0 ms]
      [Ref Proc: 0.8 ms]
      [Ref Enq: 0.0 ms]
      [Redirty Cards: 0.2 ms]
      [Humongous Register: 0.2 ms]
      [Humongous Reclaim: 0.0 ms]
      [Free CSet: 0.1 ms]
   [Eden: 45.0M(45.0M)->0.0B(44.0M) Survivors: 6144.0K->7168.0K Heap: 249.4M(1024.0M)->206.3M(1024.0M)]
 [Times: user=0.07 sys=0.01, real=0.02 secs] 
2021-04-24T03:49:53.944+0800: 62583.655: [GC pause (G1 Evacuation Pause) (young), 0.0186075 secs]
   [Parallel Time: 16.9 ms, GC Workers: 8]
      [GC Worker Start (ms): Min: 62583655.1, Avg: 62583655.5, Max: 62583656.2, Diff: 1.1]
      [Ext Root Scanning (ms): Min: 0.4, Avg: 5.4, Max: 14.7, Diff: 14.4, Sum: 43.5]
      [Update RS (ms): Min: 0.0, Avg: 1.7, Max: 3.8, Diff: 3.8, Sum: 13.9]
         [Processed Buffers: Min: 0, Avg: 6.1, Max: 19, Diff: 19, Sum: 49]
      [Scan RS (ms): Min: 0.0, Avg: 3.8, Max: 9.2, Diff: 9.2, Sum: 30.4]
      [Code Root Scanning (ms): Min: 0.0, Avg: 0.0, Max: 0.0, Diff: 0.0, Sum: 0.0]
      [Object Copy (ms): Min: 1.9, Avg: 5.3, Max: 7.2, Diff: 5.3, Sum: 42.5]
      [Termination (ms): Min: 0.0, Avg: 0.1, Max: 0.1, Diff: 0.1, Sum: 0.6]
         [Termination Attempts: Min: 1, Avg: 11.6, Max: 21, Diff: 20, Sum: 93]
      [GC Worker Other (ms): Min: 0.0, Avg: 0.0, Max: 0.0, Diff: 0.0, Sum: 0.2]
      [GC Worker Total (ms): Min: 15.7, Avg: 16.4, Max: 16.8, Diff: 1.1, Sum: 131.1]
      [GC Worker End (ms): Min: 62583671.9, Avg: 62583671.9, Max: 62583672.0, Diff: 0.1]
   [Code Root Fixup: 0.0 ms]
   [Code Root Purge: 0.0 ms]
   [Clear CT: 0.2 ms]
   [Other: 1.5 ms]
      [Choose CSet: 0.0 ms]
      [Ref Proc: 0.3 ms]
      [Ref Enq: 0.0 ms]
      [Redirty Cards: 0.2 ms]
      [Humongous Register: 0.3 ms]
      [Humongous Reclaim: 0.0 ms]
      [Free CSet: 0.1 ms]
   [Eden: 44.0M(44.0M)->0.0B(50.0M) Survivors: 7168.0K->7168.0K Heap: 250.3M(1024.0M)->206.9M(1024.0M)]
 [Times: user=0.07 sys=0.00, real=0.02 secs] 
2021-04-24T03:50:19.288+0800: 62608.999: [GC pause (G1 Evacuation Pause) (young), 0.0212720 secs]
   [Parallel Time: 19.1 ms, GC Workers: 8]
      [GC Worker Start (ms): Min: 62608999.6, Avg: 62608999.8, Max: 62609000.3, Diff: 0.7]
      [Ext Root Scanning (ms): Min: 0.0, Avg: 2.4, Max: 8.2, Diff: 8.2, Sum: 19.5]
      [Update RS (ms): Min: 0.0, Avg: 1.4, Max: 2.9, Diff: 2.9, Sum: 11.1]
         [Processed Buffers: Min: 0, Avg: 6.5, Max: 26, Diff: 26, Sum: 52]
      [Scan RS (ms): Min: 0.0, Avg: 1.9, Max: 3.4, Diff: 3.4, Sum: 15.0]
      [Code Root Scanning (ms): Min: 0.0, Avg: 0.0, Max: 0.0, Diff: 0.0, Sum: 0.0]
      [Object Copy (ms): Min: 10.6, Avg: 13.1, Max: 18.3, Diff: 7.7, Sum: 104.4]
      [Termination (ms): Min: 0.0, Avg: 0.1, Max: 0.1, Diff: 0.1, Sum: 0.5]
         [Termination Attempts: Min: 1, Avg: 2.1, Max: 4, Diff: 3, Sum: 17]
      [GC Worker Other (ms): Min: 0.0, Avg: 0.0, Max: 0.0, Diff: 0.0, Sum: 0.1]
      [GC Worker Total (ms): Min: 18.4, Avg: 18.8, Max: 19.0, Diff: 0.7, Sum: 150.7]
      [GC Worker End (ms): Min: 62609018.6, Avg: 62609018.7, Max: 62609018.7, Diff: 0.0]
   [Code Root Fixup: 0.0 ms]
   [Code Root Purge: 0.0 ms]
   [Clear CT: 0.1 ms]
   [Other: 2.0 ms]
      [Choose CSet: 0.0 ms]
      [Ref Proc: 0.8 ms]
      [Ref Enq: 0.0 ms]
      [Redirty Cards: 0.1 ms]
      [Humongous Register: 0.1 ms]
      [Humongous Reclaim: 0.0 ms]
      [Free CSet: 0.3 ms]
   [Eden: 50.0M(50.0M)->0.0B(45.0M) Survivors: 7168.0K->6144.0K Heap: 256.9M(1024.0M)->206.4M(1024.0M)]
 [Times: user=0.07 sys=0.01, real=0.03 secs] 
2021-04-24T03:50:42.076+0800: 62631.788: [GC pause (G1 Evacuation Pause) (young), 0.0213820 secs]
   [Parallel Time: 19.8 ms, GC Workers: 8]
      [GC Worker Start (ms): Min: 62631788.1, Avg: 62631788.6, Max: 62631789.6, Diff: 1.5]
      [Ext Root Scanning (ms): Min: 0.0, Avg: 3.8, Max: 9.6, Diff: 9.6, Sum: 30.7]
      [Update RS (ms): Min: 0.0, Avg: 2.8, Max: 8.2, Diff: 8.2, Sum: 22.3]
         [Processed Buffers: Min: 0, Avg: 7.0, Max: 24, Diff: 24, Sum: 56]
      [Scan RS (ms): Min: 0.1, Avg: 2.3, Max: 5.1, Diff: 5.0, Sum: 18.6]
      [Code Root Scanning (ms): Min: 0.0, Avg: 0.0, Max: 0.0, Diff: 0.0, Sum: 0.0]
      [Object Copy (ms): Min: 8.7, Avg: 9.9, Max: 11.3, Diff: 2.6, Sum: 78.8]
      [Termination (ms): Min: 0.0, Avg: 0.4, Max: 0.4, Diff: 0.4, Sum: 3.0]
         [Termination Attempts: Min: 1, Avg: 8.1, Max: 18, Diff: 17, Sum: 65]
      [GC Worker Other (ms): Min: 0.0, Avg: 0.0, Max: 0.0, Diff: 0.0, Sum: 0.2]
      [GC Worker Total (ms): Min: 18.2, Avg: 19.2, Max: 19.7, Diff: 1.5, Sum: 153.6]
      [GC Worker End (ms): Min: 62631807.8, Avg: 62631807.8, Max: 62631807.8, Diff: 0.0]
   [Code Root Fixup: 0.0 ms]
   [Code Root Purge: 0.0 ms]
   [Clear CT: 0.2 ms]
   [Other: 1.4 ms]
      [Choose CSet: 0.0 ms]
      [Ref Proc: 0.3 ms]
      [Ref Enq: 0.0 ms]
      [Redirty Cards: 0.1 ms]
      [Humongous Register: 0.3 ms]
      [Humongous Reclaim: 0.0 ms]
      [Free CSet: 0.1 ms]
   [Eden: 45.0M(45.0M)->0.0B(54.0M) Survivors: 6144.0K->5120.0K Heap: 251.4M(1024.0M)->206.3M(1024.0M)]
 [Times: user=0.08 sys=0.02, real=0.02 secs] 
2021-04-24T03:51:05.179+0800: 62654.890: [GC pause (G1 Evacuation Pause) (young), 0.0196481 secs]
   [Parallel Time: 17.5 ms, GC Workers: 8]
      [GC Worker Start (ms): Min: 62654890.9, Avg: 62654893.0, Max: 62654906.4, Diff: 15.5]
      [Ext Root Scanning (ms): Min: 0.0, Avg: 1.7, Max: 6.8, Diff: 6.8, Sum: 13.5]
      [Update RS (ms): Min: 0.0, Avg: 1.9, Max: 4.2, Diff: 4.2, Sum: 14.8]
         [Processed Buffers: Min: 0, Avg: 6.1, Max: 27, Diff: 27, Sum: 49]
      [Scan RS (ms): Min: 0.0, Avg: 3.8, Max: 11.3, Diff: 11.3, Sum: 30.1]
      [Code Root Scanning (ms): Min: 0.0, Avg: 0.0, Max: 0.0, Diff: 0.0, Sum: 0.0]
      [Object Copy (ms): Min: 0.7, Avg: 7.9, Max: 16.3, Diff: 15.6, Sum: 63.2]
      [Termination (ms): Min: 0.0, Avg: 0.0, Max: 0.1, Diff: 0.1, Sum: 0.2]
         [Termination Attempts: Min: 1, Avg: 1.8, Max: 3, Diff: 2, Sum: 14]
      [GC Worker Other (ms): Min: 0.0, Avg: 0.0, Max: 0.0, Diff: 0.0, Sum: 0.1]
      [GC Worker Total (ms): Min: 1.9, Avg: 15.2, Max: 17.4, Diff: 15.5, Sum: 122.0]
      [GC Worker End (ms): Min: 62654908.3, Avg: 62654908.3, Max: 62654908.3, Diff: 0.0]
   [Code Root Fixup: 0.0 ms]
   [Code Root Purge: 0.0 ms]
   [Clear CT: 0.1 ms]
   [Other: 2.0 ms]
      [Choose CSet: 0.0 ms]
      [Ref Proc: 0.5 ms]
      [Ref Enq: 0.0 ms]
      [Redirty Cards: 0.1 ms]
      [Humongous Register: 0.3 ms]
      [Humongous Reclaim: 0.0 ms]
      [Free CSet: 0.1 ms]
   [Eden: 46.0M(46.0M)->0.0B(59.0M) Survivors: 5120.0K->7168.0K Heap: 252.3M(1024.0M)->209.2M(1024.0M)]
 [Times: user=0.07 sys=0.01, real=0.02 secs] 
2021-04-24T03:51:34.828+0800: 62684.540: [GC pause (G1 Evacuation Pause) (young), 0.0181473 secs]
   [Parallel Time: 16.6 ms, GC Workers: 8]
      [GC Worker Start (ms): Min: 62684540.4, Avg: 62684541.9, Max: 62684550.6, Diff: 10.2]
      [Ext Root Scanning (ms): Min: 0.0, Avg: 4.2, Max: 11.4, Diff: 11.4, Sum: 33.6]
      [Update RS (ms): Min: 0.0, Avg: 2.3, Max: 5.2, Diff: 5.2, Sum: 18.3]
         [Processed Buffers: Min: 0, Avg: 6.8, Max: 20, Diff: 20, Sum: 54]
      [Scan RS (ms): Min: 0.0, Avg: 3.2, Max: 5.2, Diff: 5.2, Sum: 25.6]
      [Code Root Scanning (ms): Min: 0.0, Avg: 0.0, Max: 0.0, Diff: 0.0, Sum: 0.0]
      [Object Copy (ms): Min: 4.9, Avg: 5.2, Max: 5.5, Diff: 0.6, Sum: 41.3]
      [Termination (ms): Min: 0.0, Avg: 0.0, Max: 0.0, Diff: 0.0, Sum: 0.0]
         [Termination Attempts: Min: 1, Avg: 7.6, Max: 13, Diff: 12, Sum: 61]
      [GC Worker Other (ms): Min: 0.0, Avg: 0.0, Max: 0.1, Diff: 0.0, Sum: 0.3]
      [GC Worker Total (ms): Min: 6.2, Avg: 14.9, Max: 16.4, Diff: 10.2, Sum: 119.1]
      [GC Worker End (ms): Min: 62684556.8, Avg: 62684556.8, Max: 62684556.8, Diff: 0.0]
   [Code Root Fixup: 0.0 ms]
   [Code Root Purge: 0.0 ms]
   [Clear CT: 0.1 ms]
   [Other: 1.4 ms]
      [Choose CSet: 0.0 ms]
      [Ref Proc: 0.3 ms]
      [Ref Enq: 0.0 ms]
      [Redirty Cards: 0.1 ms]
      [Humongous Register: 0.3 ms]
      [Humongous Reclaim: 0.0 ms]
      [Free CSet: 0.1 ms]
   [Eden: 59.0M(59.0M)->0.0B(80.0M) Survivors: 7168.0K->7168.0K Heap: 268.2M(1024.0M)->209.2M(1024.0M)]
 [Times: user=0.08 sys=0.01, real=0.02 secs] 
2021-04-24T03:52:06.076+0800: 62715.788: [GC pause (G1 Evacuation Pause) (young), 0.0242722 secs]
   [Parallel Time: 22.5 ms, GC Workers: 8]
      [GC Worker Start (ms): Min: 62715788.6, Avg: 62715791.6, Max: 62715800.0, Diff: 11.3]
      [Ext Root Scanning (ms): Min: 0.0, Avg: 2.7, Max: 11.6, Diff: 11.6, Sum: 21.3]
      [Update RS (ms): Min: 0.0, Avg: 2.7, Max: 6.0, Diff: 6.0, Sum: 21.4]
         [Processed Buffers: Min: 0, Avg: 6.4, Max: 33, Diff: 33, Sum: 51]
      [Scan RS (ms): Min: 0.0, Avg: 3.0, Max: 5.5, Diff: 5.5, Sum: 24.3]
      [Code Root Scanning (ms): Min: 0.0, Avg: 0.0, Max: 0.0, Diff: 0.0, Sum: 0.0]
      [Object Copy (ms): Min: 10.6, Avg: 10.9, Max: 11.2, Diff: 0.6, Sum: 87.5]
      [Termination (ms): Min: 0.0, Avg: 0.0, Max: 0.0, Diff: 0.0, Sum: 0.1]
         [Termination Attempts: Min: 1, Avg: 13.9, Max: 23, Diff: 22, Sum: 111]
      [GC Worker Other (ms): Min: 0.0, Avg: 0.0, Max: 0.1, Diff: 0.0, Sum: 0.4]
      [GC Worker Total (ms): Min: 11.0, Avg: 19.4, Max: 22.4, Diff: 11.4, Sum: 154.9]
      [GC Worker End (ms): Min: 62715811.0, Avg: 62715811.0, Max: 62715811.0, Diff: 0.0]
   [Code Root Fixup: 0.0 ms]
   [Code Root Purge: 0.0 ms]
   [Clear CT: 0.2 ms]
   [Other: 1.6 ms]
      [Choose CSet: 0.0 ms]
      [Ref Proc: 0.3 ms]
      [Ref Enq: 0.0 ms]
      [Redirty Cards: 0.2 ms]
      [Humongous Register: 0.3 ms]
      [Humongous Reclaim: 0.0 ms]
      [Free CSet: 0.1 ms]
   [Eden: 62.0M(44.0M)->0.0B(44.0M) Survivors: 7168.0K->7168.0K Heap: 271.2M(1024.0M)->210.4M(1024.0M)]
 [Times: user=0.09 sys=0.01, real=0.03 secs] 
2021-04-24T03:52:28.272+0800: 62737.984: [GC pause (G1 Evacuation Pause) (young), 0.0321596 secs]
   [Parallel Time: 29.8 ms, GC Workers: 8]
      [GC Worker Start (ms): Min: 62737985.1, Avg: 62737985.4, Max: 62737985.7, Diff: 0.6]
      [Ext Root Scanning (ms): Min: 0.6, Avg: 4.6, Max: 11.3, Diff: 10.7, Sum: 37.0]
      [Update RS (ms): Min: 0.0, Avg: 1.8, Max: 4.3, Diff: 4.3, Sum: 14.8]
         [Processed Buffers: Min: 0, Avg: 6.1, Max: 19, Diff: 19, Sum: 49]
      [Scan RS (ms): Min: 0.0, Avg: 3.5, Max: 6.0, Diff: 6.0, Sum: 28.3]
      [Code Root Scanning (ms): Min: 0.0, Avg: 0.0, Max: 0.0, Diff: 0.0, Sum: 0.0]
      [Object Copy (ms): Min: 18.2, Avg: 19.3, Max: 24.6, Diff: 6.4, Sum: 154.0]
      [Termination (ms): Min: 0.0, Avg: 0.0, Max: 0.0, Diff: 0.0, Sum: 0.2]
         [Termination Attempts: Min: 1, Avg: 12.1, Max: 28, Diff: 27, Sum: 97]
      [GC Worker Other (ms): Min: 0.0, Avg: 0.0, Max: 0.0, Diff: 0.0, Sum: 0.2]
      [GC Worker Total (ms): Min: 29.0, Avg: 29.3, Max: 29.6, Diff: 0.6, Sum: 234.5]
      [GC Worker End (ms): Min: 62738014.7, Avg: 62738014.7, Max: 62738014.7, Diff: 0.0]
   [Code Root Fixup: 0.0 ms]
   [Code Root Purge: 0.0 ms]
   [Clear CT: 0.2 ms]
   [Other: 2.2 ms]
      [Choose CSet: 0.0 ms]
      [Ref Proc: 0.3 ms]
      [Ref Enq: 0.0 ms]
      [Redirty Cards: 0.2 ms]
      [Humongous Register: 0.3 ms]
      [Humongous Reclaim: 0.0 ms]
      [Free CSet: 0.1 ms]
   [Eden: 44.0M(44.0M)->0.0B(46.0M) Survivors: 7168.0K->5120.0K Heap: 254.4M(1024.0M)->210.0M(1024.0M)]
 [Times: user=0.08 sys=0.02, real=0.03 secs] 
2021-04-24T03:52:51.568+0800: 62761.281: [GC pause (G1 Evacuation Pause) (young), 0.0165334 secs]
   [Parallel Time: 15.2 ms, GC Workers: 8]
      [GC Worker Start (ms): Min: 62761281.6, Avg: 62761282.7, Max: 62761289.4, Diff: 7.7]
      [Ext Root Scanning (ms): Min: 0.0, Avg: 3.2, Max: 11.8, Diff: 11.8, Sum: 25.3]
      [Update RS (ms): Min: 0.0, Avg: 1.9, Max: 4.4, Diff: 4.4, Sum: 15.2]
         [Processed Buffers: Min: 0, Avg: 6.2, Max: 24, Diff: 24, Sum: 50]
      [Scan RS (ms): Min: 0.0, Avg: 2.5, Max: 4.1, Diff: 4.1, Sum: 20.1]
      [Code Root Scanning (ms): Min: 0.0, Avg: 0.0, Max: 0.0, Diff: 0.0, Sum: 0.0]
      [Object Copy (ms): Min: 3.1, Avg: 6.3, Max: 13.2, Diff: 10.1, Sum: 50.3]
      [Termination (ms): Min: 0.0, Avg: 0.0, Max: 0.0, Diff: 0.0, Sum: 0.0]
         [Termination Attempts: Min: 1, Avg: 6.4, Max: 13, Diff: 12, Sum: 51]
      [GC Worker Other (ms): Min: 0.0, Avg: 0.0, Max: 0.1, Diff: 0.0, Sum: 0.2]
      [GC Worker Total (ms): Min: 7.3, Avg: 13.9, Max: 15.0, Diff: 7.7, Sum: 111.2]
      [GC Worker End (ms): Min: 62761296.6, Avg: 62761296.6, Max: 62761296.6, Diff: 0.0]
   [Code Root Fixup: 0.0 ms]
   [Code Root Purge: 0.0 ms]
   [Clear CT: 0.1 ms]
   [Other: 1.2 ms]
      [Choose CSet: 0.0 ms]
      [Ref Proc: 0.3 ms]
      [Ref Enq: 0.0 ms]
      [Redirty Cards: 0.1 ms]
      [Humongous Register: 0.2 ms]
      [Humongous Reclaim: 0.0 ms]
      [Free CSet: 0.1 ms]
   [Eden: 46.0M(46.0M)->0.0B(44.0M) Survivors: 5120.0K->7168.0K Heap: 256.0M(1024.0M)->212.4M(1024.0M)]
 [Times: user=0.07 sys=0.00, real=0.02 secs] 
2021-04-24T03:53:13.658+0800: 62783.371: [GC pause (G1 Evacuation Pause) (young), 0.0142332 secs]
   [Parallel Time: 13.2 ms, GC Workers: 8]
      [GC Worker Start (ms): Min: 62783370.8, Avg: 62783371.9, Max: 62783378.3, Diff: 7.5]
      [Ext Root Scanning (ms): Min: 0.0, Avg: 2.3, Max: 8.5, Diff: 8.5, Sum: 18.4]
      [Update RS (ms): Min: 0.0, Avg: 1.7, Max: 3.6, Diff: 3.6, Sum: 13.5]
         [Processed Buffers: Min: 0, Avg: 6.2, Max: 31, Diff: 31, Sum: 50]
      [Scan RS (ms): Min: 0.0, Avg: 2.2, Max: 4.5, Diff: 4.5, Sum: 17.5]
      [Code Root Scanning (ms): Min: 0.0, Avg: 0.0, Max: 0.0, Diff: 0.0, Sum: 0.0]
      [Object Copy (ms): Min: 4.4, Avg: 5.8, Max: 12.4, Diff: 8.0, Sum: 46.1]
      [Termination (ms): Min: 0.0, Avg: 0.0, Max: 0.1, Diff: 0.1, Sum: 0.4]
         [Termination Attempts: Min: 1, Avg: 2.0, Max: 4, Diff: 3, Sum: 16]
      [GC Worker Other (ms): Min: 0.0, Avg: 0.0, Max: 0.0, Diff: 0.0, Sum: 0.2]
      [GC Worker Total (ms): Min: 5.6, Avg: 12.0, Max: 13.1, Diff: 7.5, Sum: 96.0]
      [GC Worker End (ms): Min: 62783383.9, Avg: 62783383.9, Max: 62783383.9, Diff: 0.0]
   [Code Root Fixup: 0.0 ms]
   [Code Root Purge: 0.0 ms]
   [Clear CT: 0.1 ms]
   [Other: 1.0 ms]
      [Choose CSet: 0.0 ms]
      [Ref Proc: 0.2 ms]
      [Ref Enq: 0.0 ms]
      [Redirty Cards: 0.1 ms]
      [Humongous Register: 0.1 ms]
      [Humongous Reclaim: 0.0 ms]
      [Free CSet: 0.1 ms]
   [Eden: 44.0M(44.0M)->0.0B(70.0M) Survivors: 7168.0K->5120.0K Heap: 256.4M(1024.0M)->211.5M(1024.0M)]
 [Times: user=0.05 sys=0.00, real=0.02 secs] 
2021-04-24T03:53:48.631+0800: 62818.344: [GC pause (G1 Evacuation Pause) (young), 0.0173242 secs]
   [Parallel Time: 16.0 ms, GC Workers: 8]
      [GC Worker Start (ms): Min: 62818345.0, Avg: 62818345.4, Max: 62818346.3, Diff: 1.3]
      [Ext Root Scanning (ms): Min: 0.0, Avg: 3.6, Max: 12.6, Diff: 12.6, Sum: 28.8]
      [Update RS (ms): Min: 0.0, Avg: 2.1, Max: 4.6, Diff: 4.6, Sum: 16.9]
         [Processed Buffers: Min: 0, Avg: 6.6, Max: 26, Diff: 26, Sum: 53]
      [Scan RS (ms): Min: 0.0, Avg: 2.5, Max: 4.3, Diff: 4.3, Sum: 19.6]
      [Code Root Scanning (ms): Min: 0.0, Avg: 0.0, Max: 0.0, Diff: 0.0, Sum: 0.0]
      [Object Copy (ms): Min: 3.1, Avg: 7.3, Max: 14.7, Diff: 11.6, Sum: 58.3]
      [Termination (ms): Min: 0.0, Avg: 0.0, Max: 0.0, Diff: 0.0, Sum: 0.2]
         [Termination Attempts: Min: 1, Avg: 1.1, Max: 2, Diff: 1, Sum: 9]
      [GC Worker Other (ms): Min: 0.0, Avg: 0.0, Max: 0.0, Diff: 0.0, Sum: 0.2]
      [GC Worker Total (ms): Min: 14.6, Avg: 15.5, Max: 15.9, Diff: 1.3, Sum: 124.0]
      [GC Worker End (ms): Min: 62818360.9, Avg: 62818360.9, Max: 62818360.9, Diff: 0.0]
   [Code Root Fixup: 0.0 ms]
   [Code Root Purge: 0.0 ms]
   [Clear CT: 0.1 ms]
   [Other: 1.2 ms]
      [Choose CSet: 0.0 ms]
      [Ref Proc: 0.3 ms]
      [Ref Enq: 0.0 ms]
      [Redirty Cards: 0.1 ms]
      [Humongous Register: 0.3 ms]
      [Humongous Reclaim: 0.0 ms]
      [Free CSet: 0.1 ms]
   [Eden: 70.0M(70.0M)->0.0B(101.0M) Survivors: 5120.0K->7168.0K Heap: 281.5M(1024.0M)->213.7M(1024.0M)]
 [Times: user=0.07 sys=0.00, real=0.01 secs] 
2021-04-24T03:54:38.944+0800: 62868.658: [GC pause (G1 Evacuation Pause) (young), 0.0227972 secs]
   [Parallel Time: 21.1 ms, GC Workers: 8]
      [GC Worker Start (ms): Min: 62868658.5, Avg: 62868658.7, Max: 62868658.9, Diff: 0.4]
      [Ext Root Scanning (ms): Min: 0.7, Avg: 2.6, Max: 11.9, Diff: 11.2, Sum: 20.5]
      [Update RS (ms): Min: 0.0, Avg: 3.2, Max: 7.0, Diff: 7.0, Sum: 25.3]
         [Processed Buffers: Min: 0, Avg: 6.2, Max: 19, Diff: 19, Sum: 50]
      [Scan RS (ms): Min: 0.0, Avg: 2.2, Max: 3.9, Diff: 3.9, Sum: 17.9]
      [Code Root Scanning (ms): Min: 0.0, Avg: 0.0, Max: 0.0, Diff: 0.0, Sum: 0.0]
      [Object Copy (ms): Min: 8.7, Avg: 12.8, Max: 19.3, Diff: 10.6, Sum: 102.0]
      [Termination (ms): Min: 0.0, Avg: 0.0, Max: 0.1, Diff: 0.1, Sum: 0.4]
         [Termination Attempts: Min: 1, Avg: 1.2, Max: 2, Diff: 1, Sum: 10]
      [GC Worker Other (ms): Min: 0.0, Avg: 0.0, Max: 0.1, Diff: 0.1, Sum: 0.3]
      [GC Worker Total (ms): Min: 20.6, Avg: 20.8, Max: 21.0, Diff: 0.4, Sum: 166.5]
      [GC Worker End (ms): Min: 62868679.5, Avg: 62868679.6, Max: 62868679.6, Diff: 0.0]
   [Code Root Fixup: 0.0 ms]
   [Code Root Purge: 0.0 ms]
   [Clear CT: 0.1 ms]
   [Other: 1.5 ms]
      [Choose CSet: 0.0 ms]
      [Ref Proc: 0.3 ms]
      [Ref Enq: 0.0 ms]
      [Redirty Cards: 0.2 ms]
      [Humongous Register: 0.2 ms]
      [Humongous Reclaim: 0.0 ms]
      [Free CSet: 0.2 ms]
   [Eden: 101.0M(101.0M)->0.0B(91.0M) Survivors: 7168.0K->9216.0K Heap: 314.7M(1024.0M)->215.4M(1024.0M)]
 [Times: user=0.07 sys=0.03, real=0.02 secs] 
2021-04-24T03:54:59.638+0800: 62889.352: [GC pause (G1 Evacuation Pause) (young), 0.0244241 secs]
   [Parallel Time: 23.1 ms, GC Workers: 8]
      [GC Worker Start (ms): Min: 62889352.0, Avg: 62889352.8, Max: 62889357.6, Diff: 5.6]
      [Ext Root Scanning (ms): Min: 0.0, Avg: 2.0, Max: 6.5, Diff: 6.4, Sum: 16.4]
      [Update RS (ms): Min: 0.0, Avg: 1.2, Max: 2.8, Diff: 2.8, Sum: 9.8]
         [Processed Buffers: Min: 0, Avg: 6.2, Max: 35, Diff: 35, Sum: 50]
      [Scan RS (ms): Min: 0.0, Avg: 2.2, Max: 3.9, Diff: 3.9, Sum: 17.9]
      [Code Root Scanning (ms): Min: 0.0, Avg: 0.0, Max: 0.0, Diff: 0.0, Sum: 0.0]
      [Object Copy (ms): Min: 16.5, Avg: 16.7, Max: 17.2, Diff: 0.7, Sum: 133.6]
      [Termination (ms): Min: 0.0, Avg: 0.0, Max: 0.0, Diff: 0.0, Sum: 0.0]
         [Termination Attempts: Min: 1, Avg: 1.8, Max: 4, Diff: 3, Sum: 14]
      [GC Worker Other (ms): Min: 0.0, Avg: 0.0, Max: 0.0, Diff: 0.0, Sum: 0.2]
      [GC Worker Total (ms): Min: 17.4, Avg: 22.2, Max: 23.0, Diff: 5.6, Sum: 177.9]
      [GC Worker End (ms): Min: 62889375.0, Avg: 62889375.0, Max: 62889375.0, Diff: 0.0]
   [Code Root Fixup: 0.0 ms]
   [Code Root Purge: 0.0 ms]
   [Clear CT: 0.1 ms]
   [Other: 1.1 ms]
      [Choose CSet: 0.0 ms]
      [Ref Proc: 0.3 ms]
      [Ref Enq: 0.0 ms]
      [Redirty Cards: 0.2 ms]
      [Humongous Register: 0.1 ms]
      [Humongous Reclaim: 0.0 ms]
      [Free CSet: 0.1 ms]
   [Eden: 42.0M(42.0M)->0.0B(52.0M) Survivors: 9216.0K->6144.0K Heap: 257.4M(1024.0M)->214.9M(1024.0M)]
 [Times: user=0.07 sys=0.02, real=0.03 secs] 
2021-04-24T03:55:25.466+0800: 62915.180: [GC pause (G1 Evacuation Pause) (young), 0.0155505 secs]
   [Parallel Time: 14.4 ms, GC Workers: 8]
      [GC Worker Start (ms): Min: 62915180.8, Avg: 62915182.0, Max: 62915189.0, Diff: 8.3]
      [Ext Root Scanning (ms): Min: 0.0, Avg: 3.8, Max: 9.4, Diff: 9.3, Sum: 30.6]
      [Update RS (ms): Min: 0.0, Avg: 1.9, Max: 4.2, Diff: 4.2, Sum: 15.4]
         [Processed Buffers: Min: 0, Avg: 7.1, Max: 21, Diff: 21, Sum: 57]
      [Scan RS (ms): Min: 0.0, Avg: 2.5, Max: 4.6, Diff: 4.5, Sum: 20.0]
      [Code Root Scanning (ms): Min: 0.0, Avg: 0.0, Max: 0.0, Diff: 0.0, Sum: 0.0]
      [Object Copy (ms): Min: 4.7, Avg: 4.7, Max: 4.9, Diff: 0.2, Sum: 37.9]
      [Termination (ms): Min: 0.0, Avg: 0.0, Max: 0.0, Diff: 0.0, Sum: 0.0]
         [Termination Attempts: Min: 1, Avg: 3.4, Max: 6, Diff: 5, Sum: 27]
      [GC Worker Other (ms): Min: 0.0, Avg: 0.0, Max: 0.1, Diff: 0.1, Sum: 0.3]
      [GC Worker Total (ms): Min: 6.0, Avg: 13.0, Max: 14.2, Diff: 8.2, Sum: 104.3]
      [GC Worker End (ms): Min: 62915195.0, Avg: 62915195.0, Max: 62915195.1, Diff: 0.1]
   [Code Root Fixup: 0.1 ms]
   [Code Root Purge: 0.0 ms]
   [Clear CT: 0.1 ms]
   [Other: 1.0 ms]
      [Choose CSet: 0.0 ms]
      [Ref Proc: 0.2 ms]
      [Ref Enq: 0.0 ms]
      [Redirty Cards: 0.1 ms]
      [Humongous Register: 0.2 ms]
      [Humongous Reclaim: 0.0 ms]
      [Free CSet: 0.1 ms]
   [Eden: 52.0M(52.0M)->0.0B(87.0M) Survivors: 6144.0K->7168.0K Heap: 266.9M(1024.0M)->215.9M(1024.0M)]
 [Times: user=0.08 sys=0.00, real=0.02 secs] 
2021-04-24T03:56:09.022+0800: 62958.737: [GC pause (G1 Evacuation Pause) (young), 0.0184379 secs]
   [Parallel Time: 17.2 ms, GC Workers: 8]
      [GC Worker Start (ms): Min: 62958737.5, Avg: 62958740.0, Max: 62958750.6, Diff: 13.1]
      [Ext Root Scanning (ms): Min: 0.0, Avg: 3.3, Max: 17.0, Diff: 16.9, Sum: 26.7]
      [Update RS (ms): Min: 0.0, Avg: 1.7, Max: 3.9, Diff: 3.9, Sum: 13.5]
         [Processed Buffers: Min: 0, Avg: 5.9, Max: 17, Diff: 17, Sum: 47]
      [Scan RS (ms): Min: 0.0, Avg: 3.8, Max: 10.5, Diff: 10.5, Sum: 30.4]
      [Code Root Scanning (ms): Min: 0.0, Avg: 0.0, Max: 0.0, Diff: 0.0, Sum: 0.0]
      [Object Copy (ms): Min: 0.0, Avg: 5.8, Max: 9.1, Diff: 9.1, Sum: 46.0]
      [Termination (ms): Min: 0.0, Avg: 0.0, Max: 0.0, Diff: 0.0, Sum: 0.0]
         [Termination Attempts: Min: 1, Avg: 12.0, Max: 21, Diff: 20, Sum: 96]
      [GC Worker Other (ms): Min: 0.0, Avg: 0.1, Max: 0.1, Diff: 0.1, Sum: 0.4]
      [GC Worker Total (ms): Min: 4.0, Avg: 14.6, Max: 17.1, Diff: 13.1, Sum: 117.0]
      [GC Worker End (ms): Min: 62958754.6, Avg: 62958754.6, Max: 62958754.7, Diff: 0.1]
   [Code Root Fixup: 0.0 ms]
   [Code Root Purge: 0.0 ms]
   [Clear CT: 0.1 ms]
   [Other: 1.2 ms]
      [Choose CSet: 0.0 ms]
      [Ref Proc: 0.3 ms]
      [Ref Enq: 0.0 ms]
      [Redirty Cards: 0.1 ms]
      [Humongous Register: 0.2 ms]
      [Humongous Reclaim: 0.0 ms]
      [Free CSet: 0.1 ms]
   [Eden: 87.0M(87.0M)->0.0B(80.0M) Survivors: 7168.0K->8192.0K Heap: 302.9M(1024.0M)->216.4M(1024.0M)]
 [Times: user=0.07 sys=0.00, real=0.02 secs] 
2021-04-24T03:56:48.702+0800: 62998.417: [GC pause (G1 Evacuation Pause) (young), 0.0203478 secs]
   [Parallel Time: 19.2 ms, GC Workers: 8]
      [GC Worker Start (ms): Min: 62998417.5, Avg: 62998418.6, Max: 62998424.0, Diff: 6.5]
      [Ext Root Scanning (ms): Min: 0.0, Avg: 5.7, Max: 16.6, Diff: 16.6, Sum: 45.6]
      [Update RS (ms): Min: 0.0, Avg: 1.5, Max: 3.3, Diff: 3.3, Sum: 12.2]
         [Processed Buffers: Min: 0, Avg: 6.1, Max: 32, Diff: 32, Sum: 49]
      [Scan RS (ms): Min: 0.0, Avg: 3.4, Max: 12.0, Diff: 11.9, Sum: 27.2]
      [Code Root Scanning (ms): Min: 0.0, Avg: 0.0, Max: 0.0, Diff: 0.0, Sum: 0.0]
      [Object Copy (ms): Min: 2.2, Avg: 7.3, Max: 10.5, Diff: 8.3, Sum: 58.6]
      [Termination (ms): Min: 0.0, Avg: 0.0, Max: 0.1, Diff: 0.1, Sum: 0.4]
         [Termination Attempts: Min: 1, Avg: 21.9, Max: 34, Diff: 33, Sum: 175]
      [GC Worker Other (ms): Min: 0.0, Avg: 0.1, Max: 0.1, Diff: 0.1, Sum: 0.4]
      [GC Worker Total (ms): Min: 12.6, Avg: 18.0, Max: 19.2, Diff: 6.6, Sum: 144.4]
      [GC Worker End (ms): Min: 62998436.6, Avg: 62998436.6, Max: 62998436.6, Diff: 0.1]
   [Code Root Fixup: 0.0 ms]
   [Code Root Purge: 0.0 ms]
   [Clear CT: 0.1 ms]
   [Other: 1.1 ms]
      [Choose CSet: 0.0 ms]
      [Ref Proc: 0.2 ms]
      [Ref Enq: 0.0 ms]
      [Redirty Cards: 0.1 ms]
      [Humongous Register: 0.3 ms]
      [Humongous Reclaim: 0.0 ms]
      [Free CSet: 0.1 ms]
   [Eden: 80.0M(80.0M)->0.0B(59.0M) Survivors: 8192.0K->10.0M Heap: 296.4M(1024.0M)->218.4M(1024.0M)]
 [Times: user=0.08 sys=0.01, real=0.02 secs] 
2021-04-24T03:57:18.126+0800: 63027.842: [GC pause (G1 Evacuation Pause) (young), 0.0414606 secs]
   [Parallel Time: 40.1 ms, GC Workers: 8]
      [GC Worker Start (ms): Min: 63027842.4, Avg: 63027842.5, Max: 63027842.8, Diff: 0.4]
      [Ext Root Scanning (ms): Min: 0.5, Avg: 2.4, Max: 3.7, Diff: 3.2, Sum: 18.8]
      [Update RS (ms): Min: 3.7, Avg: 5.7, Max: 9.7, Diff: 6.0, Sum: 46.0]
         [Processed Buffers: Min: 1, Avg: 7.4, Max: 23, Diff: 22, Sum: 59]
      [Scan RS (ms): Min: 0.4, Avg: 2.9, Max: 4.1, Diff: 3.7, Sum: 23.1]
      [Code Root Scanning (ms): Min: 0.0, Avg: 0.0, Max: 0.0, Diff: 0.0, Sum: 0.0]
      [Object Copy (ms): Min: 28.5, Avg: 28.7, Max: 28.9, Diff: 0.4, Sum: 229.7]
      [Termination (ms): Min: 0.0, Avg: 0.1, Max: 0.1, Diff: 0.1, Sum: 0.6]
         [Termination Attempts: Min: 3, Avg: 34.4, Max: 55, Diff: 52, Sum: 275]
      [GC Worker Other (ms): Min: 0.0, Avg: 0.0, Max: 0.1, Diff: 0.0, Sum: 0.2]
      [GC Worker Total (ms): Min: 39.6, Avg: 39.8, Max: 39.9, Diff: 0.4, Sum: 318.4]
      [GC Worker End (ms): Min: 63027882.3, Avg: 63027882.3, Max: 63027882.4, Diff: 0.0]
   [Code Root Fixup: 0.0 ms]
   [Code Root Purge: 0.0 ms]
   [Clear CT: 0.1 ms]
   [Other: 1.3 ms]
      [Choose CSet: 0.0 ms]
      [Ref Proc: 0.2 ms]
      [Ref Enq: 0.0 ms]
      [Redirty Cards: 0.1 ms]
      [Humongous Register: 0.3 ms]
      [Humongous Reclaim: 0.0 ms]
      [Free CSet: 0.1 ms]
   [Eden: 59.0M(59.0M)->0.0B(43.0M) Survivors: 10.0M->8192.0K Heap: 277.4M(1024.0M)->219.5M(1024.0M)]
 [Times: user=0.09 sys=0.03, real=0.04 secs] 
2021-04-24T03:57:39.605+0800: 63049.321: [GC pause (G1 Evacuation Pause) (young), 0.0230122 secs]
   [Parallel Time: 20.9 ms, GC Workers: 8]
      [GC Worker Start (ms): Min: 63049321.2, Avg: 63049321.4, Max: 63049321.6, Diff: 0.4]
      [Ext Root Scanning (ms): Min: 0.4, Avg: 2.8, Max: 8.3, Diff: 8.0, Sum: 22.4]
      [Update RS (ms): Min: 0.0, Avg: 2.0, Max: 6.2, Diff: 6.2, Sum: 16.0]
         [Processed Buffers: Min: 0, Avg: 6.8, Max: 16, Diff: 16, Sum: 54]
      [Scan RS (ms): Min: 0.0, Avg: 2.2, Max: 3.7, Diff: 3.7, Sum: 17.2]
      [Code Root Scanning (ms): Min: 0.0, Avg: 0.0, Max: 0.0, Diff: 0.0, Sum: 0.0]
      [Object Copy (ms): Min: 12.1, Avg: 13.4, Max: 13.9, Diff: 1.8, Sum: 107.3]
      [Termination (ms): Min: 0.0, Avg: 0.1, Max: 0.2, Diff: 0.2, Sum: 1.0]
         [Termination Attempts: Min: 1, Avg: 1.4, Max: 2, Diff: 1, Sum: 11]
      [GC Worker Other (ms): Min: 0.0, Avg: 0.0, Max: 0.0, Diff: 0.0, Sum: 0.1]
      [GC Worker Total (ms): Min: 20.3, Avg: 20.5, Max: 20.7, Diff: 0.4, Sum: 164.1]
      [GC Worker End (ms): Min: 63049341.9, Avg: 63049341.9, Max: 63049341.9, Diff: 0.0]
   [Code Root Fixup: 0.0 ms]
   [Code Root Purge: 0.0 ms]
   [Clear CT: 0.2 ms]
   [Other: 1.9 ms]
      [Choose CSet: 0.0 ms]
      [Ref Proc: 0.4 ms]
      [Ref Enq: 0.0 ms]
      [Redirty Cards: 0.4 ms]
      [Humongous Register: 0.1 ms]
      [Humongous Reclaim: 0.0 ms]
      [Free CSet: 0.1 ms]
   [Eden: 43.0M(43.0M)->0.0B(46.0M) Survivors: 8192.0K->5120.0K Heap: 262.5M(1024.0M)->220.0M(1024.0M)]
 [Times: user=0.07 sys=0.02, real=0.02 secs] 
2021-04-24T03:58:02.663+0800: 63072.379: [GC pause (G1 Evacuation Pause) (young), 0.0149357 secs]
   [Parallel Time: 14.0 ms, GC Workers: 8]
      [GC Worker Start (ms): Min: 63072379.3, Avg: 63072380.1, Max: 63072384.3, Diff: 5.1]
      [Ext Root Scanning (ms): Min: 0.0, Avg: 1.1, Max: 5.6, Diff: 5.6, Sum: 8.5]
      [Update RS (ms): Min: 0.0, Avg: 1.5, Max: 3.2, Diff: 3.2, Sum: 11.9]
         [Processed Buffers: Min: 0, Avg: 6.4, Max: 20, Diff: 20, Sum: 51]
      [Scan RS (ms): Min: 0.3, Avg: 3.8, Max: 9.9, Diff: 9.6, Sum: 30.6]
      [Code Root Scanning (ms): Min: 0.0, Avg: 0.0, Max: 0.0, Diff: 0.0, Sum: 0.0]
      [Object Copy (ms): Min: 0.1, Avg: 6.3, Max: 12.4, Diff: 12.3, Sum: 50.4]
      [Termination (ms): Min: 0.0, Avg: 0.3, Max: 0.6, Diff: 0.6, Sum: 2.5]
         [Termination Attempts: Min: 1, Avg: 1.1, Max: 2, Diff: 1, Sum: 9]
      [GC Worker Other (ms): Min: 0.0, Avg: 0.0, Max: 0.0, Diff: 0.0, Sum: 0.1]
      [GC Worker Total (ms): Min: 8.7, Avg: 13.0, Max: 13.9, Diff: 5.1, Sum: 104.0]
      [GC Worker End (ms): Min: 63072393.0, Avg: 63072393.1, Max: 63072393.2, Diff: 0.2]
   [Code Root Fixup: 0.0 ms]
   [Code Root Purge: 0.0 ms]
   [Clear CT: 0.1 ms]
   [Other: 0.8 ms]
      [Choose CSet: 0.0 ms]
      [Ref Proc: 0.3 ms]
      [Ref Enq: 0.0 ms]
      [Redirty Cards: 0.1 ms]
      [Humongous Register: 0.1 ms]
      [Humongous Reclaim: 0.0 ms]
      [Free CSet: 0.1 ms]
   [Eden: 46.0M(46.0M)->0.0B(44.0M) Survivors: 5120.0K->7168.0K Heap: 266.0M(1024.0M)->221.2M(1024.0M)]
 [Times: user=0.05 sys=0.00, real=0.01 secs] 
2021-04-24T03:58:25.126+0800: 63094.842: [GC pause (G1 Evacuation Pause) (young), 0.0202384 secs]
   [Parallel Time: 18.2 ms, GC Workers: 8]
      [GC Worker Start (ms): Min: 63094843.1, Avg: 63094843.3, Max: 63094843.7, Diff: 0.7]
      [Ext Root Scanning (ms): Min: 0.6, Avg: 2.6, Max: 8.9, Diff: 8.4, Sum: 21.2]
      [Update RS (ms): Min: 0.0, Avg: 2.8, Max: 6.0, Diff: 6.0, Sum: 22.7]
         [Processed Buffers: Min: 0, Avg: 6.1, Max: 21, Diff: 21, Sum: 49]
      [Scan RS (ms): Min: 0.0, Avg: 2.0, Max: 3.2, Diff: 3.2, Sum: 16.4]
      [Code Root Scanning (ms): Min: 0.0, Avg: 0.0, Max: 0.0, Diff: 0.0, Sum: 0.0]
      [Object Copy (ms): Min: 9.0, Avg: 10.2, Max: 15.4, Diff: 6.4, Sum: 81.7]
      [Termination (ms): Min: 0.0, Avg: 0.0, Max: 0.0, Diff: 0.0, Sum: 0.2]
         [Termination Attempts: Min: 1, Avg: 8.4, Max: 15, Diff: 14, Sum: 67]
      [GC Worker Other (ms): Min: 0.0, Avg: 0.0, Max: 0.1, Diff: 0.0, Sum: 0.2]
      [GC Worker Total (ms): Min: 17.4, Avg: 17.8, Max: 18.0, Diff: 0.7, Sum: 142.4]
      [GC Worker End (ms): Min: 63094861.1, Avg: 63094861.1, Max: 63094861.1, Diff: 0.0]
   [Code Root Fixup: 0.0 ms]
   [Code Root Purge: 0.0 ms]
   [Clear CT: 0.2 ms]
   [Other: 1.9 ms]
      [Choose CSet: 0.0 ms]
      [Ref Proc: 0.4 ms]
      [Ref Enq: 0.0 ms]
      [Redirty Cards: 0.2 ms]
      [Humongous Register: 0.4 ms]
      [Humongous Reclaim: 0.0 ms]
      [Free CSet: 0.1 ms]
   [Eden: 44.0M(44.0M)->0.0B(45.0M) Survivors: 7168.0K->6144.0K Heap: 265.2M(1024.0M)->222.0M(1024.0M)]
 [Times: user=0.07 sys=0.01, real=0.02 secs] 
2021-04-24T03:58:47.989+0800: 63117.706: [GC pause (G1 Evacuation Pause) (young), 0.0171085 secs]
   [Parallel Time: 15.3 ms, GC Workers: 8]
      [GC Worker Start (ms): Min: 63117706.2, Avg: 63117706.4, Max: 63117706.8, Diff: 0.6]
      [Ext Root Scanning (ms): Min: 0.7, Avg: 4.1, Max: 10.0, Diff: 9.4, Sum: 32.9]
      [Update RS (ms): Min: 0.0, Avg: 2.4, Max: 5.5, Diff: 5.5, Sum: 19.6]
         [Processed Buffers: Min: 0, Avg: 6.2, Max: 20, Diff: 20, Sum: 50]
      [Scan RS (ms): Min: 0.0, Avg: 2.0, Max: 3.2, Diff: 3.2, Sum: 15.9]
      [Code Root Scanning (ms): Min: 0.0, Avg: 0.0, Max: 0.0, Diff: 0.0, Sum: 0.0]
      [Object Copy (ms): Min: 5.0, Avg: 6.4, Max: 12.0, Diff: 6.9, Sum: 50.8]
      [Termination (ms): Min: 0.0, Avg: 0.0, Max: 0.1, Diff: 0.0, Sum: 0.3]
         [Termination Attempts: Min: 1, Avg: 12.4, Max: 18, Diff: 17, Sum: 99]
      [GC Worker Other (ms): Min: 0.0, Avg: 0.0, Max: 0.0, Diff: 0.0, Sum: 0.2]
      [GC Worker Total (ms): Min: 14.6, Avg: 15.0, Max: 15.2, Diff: 0.6, Sum: 119.7]
      [GC Worker End (ms): Min: 63117721.4, Avg: 63117721.4, Max: 63117721.4, Diff: 0.0]
   [Code Root Fixup: 0.0 ms]
   [Code Root Purge: 0.0 ms]
   [Clear CT: 0.1 ms]
   [Other: 1.7 ms]
      [Choose CSet: 0.0 ms]
      [Ref Proc: 0.3 ms]
      [Ref Enq: 0.0 ms]
      [Redirty Cards: 0.1 ms]
      [Humongous Register: 0.3 ms]
      [Humongous Reclaim: 0.0 ms]
      [Free CSet: 0.1 ms]
   [Eden: 45.0M(45.0M)->0.0B(101.0M) Survivors: 6144.0K->5120.0K Heap: 267.0M(1024.0M)->221.7M(1024.0M)]
 [Times: user=0.08 sys=0.01, real=0.02 secs] 
2021-04-24T03:59:38.762+0800: 63168.478: [GC pause (G1 Evacuation Pause) (young), 0.0184263 secs]
   [Parallel Time: 16.5 ms, GC Workers: 8]
      [GC Worker Start (ms): Min: 63168478.9, Avg: 63168479.8, Max: 63168484.8, Diff: 5.9]
      [Ext Root Scanning (ms): Min: 0.0, Avg: 3.4, Max: 15.8, Diff: 15.7, Sum: 27.0]
      [Update RS (ms): Min: 0.0, Avg: 1.9, Max: 4.2, Diff: 4.2, Sum: 15.2]
         [Processed Buffers: Min: 0, Avg: 6.0, Max: 17, Diff: 17, Sum: 48]
      [Scan RS (ms): Min: 0.0, Avg: 1.5, Max: 2.6, Diff: 2.6, Sum: 12.0]
      [Code Root Scanning (ms): Min: 0.0, Avg: 0.0, Max: 0.0, Diff: 0.0, Sum: 0.0]
      [Object Copy (ms): Min: 0.4, Avg: 8.1, Max: 14.7, Diff: 14.3, Sum: 64.8]
      [Termination (ms): Min: 0.0, Avg: 0.5, Max: 0.7, Diff: 0.7, Sum: 4.2]
         [Termination Attempts: Min: 1, Avg: 2.6, Max: 6, Diff: 5, Sum: 21]
      [GC Worker Other (ms): Min: 0.0, Avg: 0.0, Max: 0.0, Diff: 0.0, Sum: 0.2]
      [GC Worker Total (ms): Min: 10.4, Avg: 15.4, Max: 16.3, Diff: 5.9, Sum: 123.3]
      [GC Worker End (ms): Min: 63168495.2, Avg: 63168495.2, Max: 63168495.3, Diff: 0.1]
   [Code Root Fixup: 0.1 ms]
   [Code Root Purge: 0.0 ms]
   [Clear CT: 0.2 ms]
   [Other: 1.7 ms]
      [Choose CSet: 0.0 ms]
      [Ref Proc: 0.7 ms]
      [Ref Enq: 0.0 ms]
      [Redirty Cards: 0.1 ms]
      [Humongous Register: 0.2 ms]
      [Humongous Reclaim: 0.0 ms]
      [Free CSet: 0.1 ms]
   [Eden: 101.0M(101.0M)->0.0B(123.0M) Survivors: 5120.0K->8192.0K Heap: 322.7M(1024.0M)->225.0M(1024.0M)]
 [Times: user=0.05 sys=0.01, real=0.02 secs] 
2021-04-24T04:00:40.825+0800: 63230.542: [GC pause (G1 Evacuation Pause) (young), 0.0244585 secs]
   [Parallel Time: 23.0 ms, GC Workers: 8]
      [GC Worker Start (ms): Min: 63230542.7, Avg: 63230544.1, Max: 63230551.1, Diff: 8.4]
      [Ext Root Scanning (ms): Min: 0.0, Avg: 1.2, Max: 3.9, Diff: 3.9, Sum: 9.8]
      [Update RS (ms): Min: 0.0, Avg: 2.2, Max: 4.6, Diff: 4.6, Sum: 17.4]
         [Processed Buffers: Min: 0, Avg: 5.8, Max: 14, Diff: 14, Sum: 46]
      [Scan RS (ms): Min: 0.0, Avg: 1.8, Max: 3.5, Diff: 3.5, Sum: 14.1]
      [Code Root Scanning (ms): Min: 0.0, Avg: 0.0, Max: 0.0, Diff: 0.0, Sum: 0.0]
      [Object Copy (ms): Min: 13.6, Avg: 16.3, Max: 21.7, Diff: 8.1, Sum: 130.1]
      [Termination (ms): Min: 0.0, Avg: 0.1, Max: 0.1, Diff: 0.1, Sum: 0.4]
         [Termination Attempts: Min: 1, Avg: 3.9, Max: 9, Diff: 8, Sum: 31]
      [GC Worker Other (ms): Min: 0.0, Avg: 0.0, Max: 0.0, Diff: 0.0, Sum: 0.2]
      [GC Worker Total (ms): Min: 14.5, Avg: 21.5, Max: 22.8, Diff: 8.4, Sum: 172.0]
      [GC Worker End (ms): Min: 63230565.6, Avg: 63230565.6, Max: 63230565.6, Diff: 0.0]
   [Code Root Fixup: 0.0 ms]
   [Code Root Purge: 0.0 ms]
   [Clear CT: 0.1 ms]
   [Other: 1.3 ms]
      [Choose CSet: 0.0 ms]
      [Ref Proc: 0.3 ms]
      [Ref Enq: 0.0 ms]
      [Redirty Cards: 0.1 ms]
      [Humongous Register: 0.2 ms]
      [Humongous Reclaim: 0.0 ms]
      [Free CSet: 0.1 ms]
   [Eden: 123.0M(123.0M)->0.0B(96.0M) Survivors: 8192.0K->9216.0K Heap: 348.0M(1024.0M)->226.1M(1024.0M)]
 [Times: user=0.08 sys=0.02, real=0.02 secs] 
2021-04-24T04:01:01.785+0800: 63251.502: [GC pause (G1 Evacuation Pause) (young), 0.0367143 secs]
   [Parallel Time: 35.3 ms, GC Workers: 8]
      [GC Worker Start (ms): Min: 63251503.0, Avg: 63251503.2, Max: 63251503.4, Diff: 0.4]
      [Ext Root Scanning (ms): Min: 0.5, Avg: 3.1, Max: 8.5, Diff: 7.9, Sum: 25.1]
      [Update RS (ms): Min: 0.0, Avg: 1.5, Max: 3.5, Diff: 3.5, Sum: 12.1]
         [Processed Buffers: Min: 0, Avg: 6.1, Max: 24, Diff: 24, Sum: 49]
      [Scan RS (ms): Min: 0.0, Avg: 2.6, Max: 4.4, Diff: 4.4, Sum: 20.7]
      [Code Root Scanning (ms): Min: 0.0, Avg: 0.0, Max: 0.0, Diff: 0.0, Sum: 0.0]
      [Object Copy (ms): Min: 26.6, Avg: 27.7, Max: 34.2, Diff: 7.6, Sum: 221.9]
      [Termination (ms): Min: 0.0, Avg: 0.0, Max: 0.0, Diff: 0.0, Sum: 0.0]
         [Termination Attempts: Min: 1, Avg: 9.2, Max: 13, Diff: 12, Sum: 74]
      [GC Worker Other (ms): Min: 0.0, Avg: 0.0, Max: 0.1, Diff: 0.0, Sum: 0.3]
      [GC Worker Total (ms): Min: 34.8, Avg: 35.0, Max: 35.2, Diff: 0.4, Sum: 280.1]
      [GC Worker End (ms): Min: 63251538.2, Avg: 63251538.2, Max: 63251538.2, Diff: 0.0]
   [Code Root Fixup: 0.0 ms]
   [Code Root Purge: 0.0 ms]
   [Clear CT: 0.1 ms]
   [Other: 1.3 ms]
      [Choose CSet: 0.0 ms]
      [Ref Proc: 0.2 ms]
      [Ref Enq: 0.0 ms]
      [Redirty Cards: 0.1 ms]
      [Humongous Register: 0.3 ms]
      [Humongous Reclaim: 0.0 ms]
      [Free CSet: 0.1 ms]
   [Eden: 42.0M(42.0M)->0.0B(44.0M) Survivors: 9216.0K->7168.0K Heap: 268.1M(1024.0M)->227.1M(1024.0M)]
 [Times: user=0.09 sys=0.03, real=0.04 secs] 
2021-04-24T04:01:23.844+0800: 63273.562: [GC pause (G1 Evacuation Pause) (young), 0.0158750 secs]
   [Parallel Time: 14.6 ms, GC Workers: 8]
      [GC Worker Start (ms): Min: 63273562.8, Avg: 63273563.0, Max: 63273563.3, Diff: 0.5]
      [Ext Root Scanning (ms): Min: 0.5, Avg: 5.1, Max: 12.5, Diff: 12.0, Sum: 40.9]
      [Update RS (ms): Min: 0.0, Avg: 1.9, Max: 4.3, Diff: 4.3, Sum: 15.4]
         [Processed Buffers: Min: 0, Avg: 6.9, Max: 24, Diff: 24, Sum: 55]
      [Scan RS (ms): Min: 0.0, Avg: 2.5, Max: 7.5, Diff: 7.5, Sum: 20.1]
      [Code Root Scanning (ms): Min: 0.0, Avg: 0.0, Max: 0.0, Diff: 0.0, Sum: 0.0]
      [Object Copy (ms): Min: 1.8, Avg: 4.6, Max: 11.5, Diff: 9.7, Sum: 36.9]
      [Termination (ms): Min: 0.0, Avg: 0.0, Max: 0.1, Diff: 0.1, Sum: 0.3]
         [Termination Attempts: Min: 1, Avg: 14.2, Max: 22, Diff: 21, Sum: 114]
      [GC Worker Other (ms): Min: 0.0, Avg: 0.0, Max: 0.0, Diff: 0.0, Sum: 0.2]
      [GC Worker Total (ms): Min: 14.0, Avg: 14.2, Max: 14.5, Diff: 0.5, Sum: 113.9]
      [GC Worker End (ms): Min: 63273577.3, Avg: 63273577.3, Max: 63273577.3, Diff: 0.0]
   [Code Root Fixup: 0.0 ms]
   [Code Root Purge: 0.0 ms]
   [Clear CT: 0.1 ms]
   [Other: 1.2 ms]
      [Choose CSet: 0.0 ms]
      [Ref Proc: 0.2 ms]
      [Ref Enq: 0.0 ms]
      [Redirty Cards: 0.1 ms]
      [Humongous Register: 0.3 ms]
      [Humongous Reclaim: 0.0 ms]
      [Free CSet: 0.1 ms]
   [Eden: 44.0M(44.0M)->0.0B(48.0M) Survivors: 7168.0K->5120.0K Heap: 271.1M(1024.0M)->225.6M(1024.0M)]
 [Times: user=0.06 sys=0.00, real=0.02 secs] 
2021-04-24T04:01:48.229+0800: 63297.947: [GC pause (G1 Evacuation Pause) (young), 0.0194494 secs]
   [Parallel Time: 17.6 ms, GC Workers: 8]
      [GC Worker Start (ms): Min: 63297947.9, Avg: 63297949.0, Max: 63297955.3, Diff: 7.4]
      [Ext Root Scanning (ms): Min: 0.0, Avg: 3.9, Max: 17.3, Diff: 17.3, Sum: 31.2]
      [Update RS (ms): Min: 0.0, Avg: 2.8, Max: 6.1, Diff: 6.1, Sum: 22.7]
         [Processed Buffers: Min: 0, Avg: 5.6, Max: 31, Diff: 31, Sum: 45]
      [Scan RS (ms): Min: 0.0, Avg: 2.7, Max: 9.7, Diff: 9.7, Sum: 22.0]
      [Code Root Scanning (ms): Min: 0.0, Avg: 0.0, Max: 0.0, Diff: 0.0, Sum: 0.0]
      [Object Copy (ms): Min: 0.0, Avg: 6.4, Max: 9.0, Diff: 9.0, Sum: 51.4]
      [Termination (ms): Min: 0.0, Avg: 0.4, Max: 0.6, Diff: 0.6, Sum: 3.5]
         [Termination Attempts: Min: 1, Avg: 3.4, Max: 7, Diff: 6, Sum: 27]
      [GC Worker Other (ms): Min: 0.0, Avg: 0.0, Max: 0.0, Diff: 0.0, Sum: 0.2]
      [GC Worker Total (ms): Min: 10.1, Avg: 16.4, Max: 17.5, Diff: 7.4, Sum: 130.9]
      [GC Worker End (ms): Min: 63297965.4, Avg: 63297965.4, Max: 63297965.4, Diff: 0.0]
   [Code Root Fixup: 0.1 ms]
   [Code Root Purge: 0.0 ms]
   [Clear CT: 0.1 ms]
   [Other: 1.7 ms]
      [Choose CSet: 0.0 ms]
      [Ref Proc: 0.3 ms]
      [Ref Enq: 0.0 ms]
      [Redirty Cards: 0.1 ms]
      [Humongous Register: 0.3 ms]
      [Humongous Reclaim: 0.0 ms]
      [Free CSet: 0.0 ms]
   [Eden: 48.0M(48.0M)->0.0B(44.0M) Survivors: 5120.0K->7168.0K Heap: 273.6M(1024.0M)->227.8M(1024.0M)]
 [Times: user=0.07 sys=0.01, real=0.02 secs] 
2021-04-24T04:02:10.387+0800: 63320.106: [GC pause (G1 Evacuation Pause) (young), 0.0340897 secs]
   [Parallel Time: 32.5 ms, GC Workers: 8]
      [GC Worker Start (ms): Min: 63320106.3, Avg: 63320107.3, Max: 63320111.7, Diff: 5.3]
      [Ext Root Scanning (ms): Min: 0.0, Avg: 3.3, Max: 8.3, Diff: 8.3, Sum: 26.1]
      [Update RS (ms): Min: 0.0, Avg: 1.5, Max: 3.4, Diff: 3.4, Sum: 12.4]
         [Processed Buffers: Min: 0, Avg: 6.1, Max: 34, Diff: 34, Sum: 49]
      [Scan RS (ms): Min: 0.0, Avg: 2.5, Max: 4.0, Diff: 4.0, Sum: 20.3]
      [Code Root Scanning (ms): Min: 0.0, Avg: 0.0, Max: 0.1, Diff: 0.1, Sum: 0.1]
      [Object Copy (ms): Min: 23.6, Avg: 24.0, Max: 24.4, Diff: 0.7, Sum: 192.0]
      [Termination (ms): Min: 0.0, Avg: 0.1, Max: 0.1, Diff: 0.1, Sum: 0.4]
         [Termination Attempts: Min: 1, Avg: 3.8, Max: 9, Diff: 8, Sum: 30]
      [GC Worker Other (ms): Min: 0.0, Avg: 0.0, Max: 0.0, Diff: 0.0, Sum: 0.2]
      [GC Worker Total (ms): Min: 27.1, Avg: 31.4, Max: 32.4, Diff: 5.3, Sum: 251.5]
      [GC Worker End (ms): Min: 63320138.7, Avg: 63320138.7, Max: 63320138.7, Diff: 0.0]
   [Code Root Fixup: 0.0 ms]
   [Code Root Purge: 0.0 ms]
   [Clear CT: 0.1 ms]
   [Other: 1.5 ms]
      [Choose CSet: 0.0 ms]
      [Ref Proc: 0.3 ms]
      [Ref Enq: 0.0 ms]
      [Redirty Cards: 0.1 ms]
      [Humongous Register: 0.2 ms]
      [Humongous Reclaim: 0.0 ms]
      [Free CSet: 0.2 ms]
   [Eden: 44.0M(44.0M)->0.0B(46.0M) Survivors: 7168.0K->5120.0K Heap: 271.8M(1024.0M)->227.3M(1024.0M)]
 [Times: user=0.08 sys=0.02, real=0.04 secs] 
2021-04-24T04:02:33.522+0800: 63343.241: [GC pause (G1 Evacuation Pause) (young), 0.0197363 secs]
   [Parallel Time: 18.1 ms, GC Workers: 8]
      [GC Worker Start (ms): Min: 63343241.3, Avg: 63343242.7, Max: 63343249.5, Diff: 8.2]
      [Ext Root Scanning (ms): Min: 0.0, Avg: 2.8, Max: 14.7, Diff: 14.7, Sum: 22.3]
      [Update RS (ms): Min: 0.0, Avg: 4.8, Max: 14.7, Diff: 14.7, Sum: 38.4]
         [Processed Buffers: Min: 0, Avg: 6.2, Max: 19, Diff: 19, Sum: 50]
      [Scan RS (ms): Min: 0.0, Avg: 2.8, Max: 8.2, Diff: 8.2, Sum: 22.2]
      [Code Root Scanning (ms): Min: 0.0, Avg: 0.0, Max: 0.1, Diff: 0.1, Sum: 0.1]
      [Object Copy (ms): Min: 2.0, Avg: 6.0, Max: 8.7, Diff: 6.7, Sum: 47.6]
      [Termination (ms): Min: 0.0, Avg: 0.1, Max: 0.2, Diff: 0.1, Sum: 0.8]
         [Termination Attempts: Min: 1, Avg: 19.5, Max: 37, Diff: 36, Sum: 156]
      [GC Worker Other (ms): Min: 0.0, Avg: 0.0, Max: 0.0, Diff: 0.0, Sum: 0.2]
      [GC Worker Total (ms): Min: 9.7, Avg: 16.5, Max: 17.9, Diff: 8.2, Sum: 131.6]
      [GC Worker End (ms): Min: 63343259.2, Avg: 63343259.2, Max: 63343259.2, Diff: 0.0]
   [Code Root Fixup: 0.1 ms]
   [Code Root Purge: 0.0 ms]
   [Clear CT: 0.1 ms]
   [Other: 1.4 ms]
      [Choose CSet: 0.0 ms]
      [Ref Proc: 0.4 ms]
      [Ref Enq: 0.0 ms]
      [Redirty Cards: 0.1 ms]
      [Humongous Register: 0.3 ms]
      [Humongous Reclaim: 0.0 ms]
      [Free CSet: 0.1 ms]
   [Eden: 46.0M(46.0M)->0.0B(45.0M) Survivors: 5120.0K->6144.0K Heap: 273.3M(1024.0M)->227.6M(1024.0M)]
 [Times: user=0.07 sys=0.00, real=0.02 secs] 
2021-04-24T04:02:56.166+0800: 63365.885: [GC pause (G1 Evacuation Pause) (young), 0.0159955 secs]
   [Parallel Time: 14.4 ms, GC Workers: 8]
      [GC Worker Start (ms): Min: 63365885.1, Avg: 63365887.1, Max: 63365891.7, Diff: 6.6]
      [Ext Root Scanning (ms): Min: 0.0, Avg: 1.3, Max: 6.1, Diff: 6.1, Sum: 10.5]
      [Update RS (ms): Min: 0.0, Avg: 1.5, Max: 4.1, Diff: 4.1, Sum: 11.7]
         [Processed Buffers: Min: 0, Avg: 5.5, Max: 19, Diff: 19, Sum: 44]
      [Scan RS (ms): Min: 0.0, Avg: 0.8, Max: 1.9, Diff: 1.9, Sum: 6.3]
      [Code Root Scanning (ms): Min: 0.0, Avg: 0.0, Max: 0.0, Diff: 0.0, Sum: 0.0]
      [Object Copy (ms): Min: 7.5, Avg: 8.6, Max: 9.2, Diff: 1.7, Sum: 69.1]
      [Termination (ms): Min: 0.0, Avg: 0.1, Max: 0.2, Diff: 0.2, Sum: 1.2]
         [Termination Attempts: Min: 1, Avg: 1.9, Max: 4, Diff: 3, Sum: 15]
      [GC Worker Other (ms): Min: 0.0, Avg: 0.0, Max: 0.1, Diff: 0.1, Sum: 0.2]
      [GC Worker Total (ms): Min: 7.7, Avg: 12.4, Max: 14.3, Diff: 6.6, Sum: 99.0]
      [GC Worker End (ms): Min: 63365899.4, Avg: 63365899.5, Max: 63365899.5, Diff: 0.1]
   [Code Root Fixup: 0.0 ms]
   [Code Root Purge: 0.0 ms]
   [Clear CT: 0.1 ms]
   [Other: 1.4 ms]
      [Choose CSet: 0.0 ms]
      [Ref Proc: 0.4 ms]
      [Ref Enq: 0.0 ms]
      [Redirty Cards: 0.1 ms]
      [Humongous Register: 0.1 ms]
      [Humongous Reclaim: 0.0 ms]
      [Free CSet: 0.1 ms]
   [Eden: 45.0M(45.0M)->0.0B(46.0M) Survivors: 6144.0K->5120.0K Heap: 272.6M(1024.0M)->228.6M(1024.0M)]
 [Times: user=0.05 sys=0.00, real=0.02 secs] 
2021-04-24T04:03:19.304+0800: 63389.023: [GC pause (G1 Evacuation Pause) (young), 0.0143675 secs]
   [Parallel Time: 13.4 ms, GC Workers: 8]
      [GC Worker Start (ms): Min: 63389023.1, Avg: 63389024.8, Max: 63389031.8, Diff: 8.8]
      [Ext Root Scanning (ms): Min: 0.0, Avg: 3.4, Max: 13.2, Diff: 13.2, Sum: 27.4]
      [Update RS (ms): Min: 0.0, Avg: 1.8, Max: 3.7, Diff: 3.7, Sum: 14.6]
         [Processed Buffers: Min: 0, Avg: 6.6, Max: 23, Diff: 23, Sum: 53]
      [Scan RS (ms): Min: 0.0, Avg: 1.8, Max: 4.4, Diff: 4.4, Sum: 14.0]
      [Code Root Scanning (ms): Min: 0.0, Avg: 0.0, Max: 0.1, Diff: 0.1, Sum: 0.1]
      [Object Copy (ms): Min: 0.0, Avg: 4.4, Max: 6.5, Diff: 6.5, Sum: 35.6]
      [Termination (ms): Min: 0.0, Avg: 0.1, Max: 0.1, Diff: 0.1, Sum: 0.6]
         [Termination Attempts: Min: 1, Avg: 52.0, Max: 83, Diff: 82, Sum: 416]
      [GC Worker Other (ms): Min: 0.0, Avg: 0.0, Max: 0.0, Diff: 0.0, Sum: 0.1]
      [GC Worker Total (ms): Min: 4.5, Avg: 11.5, Max: 13.3, Diff: 8.8, Sum: 92.4]
      [GC Worker End (ms): Min: 63389036.4, Avg: 63389036.4, Max: 63389036.4, Diff: 0.0]
   [Code Root Fixup: 0.0 ms]
   [Code Root Purge: 0.0 ms]
   [Clear CT: 0.1 ms]
   [Other: 0.9 ms]
      [Choose CSet: 0.0 ms]
      [Ref Proc: 0.5 ms]
      [Ref Enq: 0.0 ms]
      [Redirty Cards: 0.0 ms]
      [Humongous Register: 0.1 ms]
      [Humongous Reclaim: 0.0 ms]
      [Free CSet: 0.1 ms]
   [Eden: 46.0M(46.0M)->0.0B(60.0M) Survivors: 5120.0K->7168.0K Heap: 274.6M(1024.0M)->231.1M(1024.0M)]
 [Times: user=0.06 sys=0.00, real=0.01 secs] 
2021-04-24T04:03:49.343+0800: 63419.062: [GC pause (G1 Evacuation Pause) (young), 0.0179606 secs]
   [Parallel Time: 15.9 ms, GC Workers: 8]
      [GC Worker Start (ms): Min: 63419063.3, Avg: 63419064.6, Max: 63419071.2, Diff: 7.9]
      [Ext Root Scanning (ms): Min: 0.0, Avg: 4.7, Max: 11.1, Diff: 11.1, Sum: 37.3]
      [Update RS (ms): Min: 0.0, Avg: 1.8, Max: 4.2, Diff: 4.2, Sum: 14.3]
         [Processed Buffers: Min: 0, Avg: 5.9, Max: 31, Diff: 31, Sum: 47]
      [Scan RS (ms): Min: 0.0, Avg: 1.4, Max: 3.2, Diff: 3.2, Sum: 11.0]
      [Code Root Scanning (ms): Min: 0.0, Avg: 0.0, Max: 0.1, Diff: 0.1, Sum: 0.1]
      [Object Copy (ms): Min: 4.2, Avg: 6.5, Max: 7.5, Diff: 3.3, Sum: 52.2]
      [Termination (ms): Min: 0.0, Avg: 0.0, Max: 0.0, Diff: 0.0, Sum: 0.0]
         [Termination Attempts: Min: 1, Avg: 3.0, Max: 7, Diff: 6, Sum: 24]
      [GC Worker Other (ms): Min: 0.0, Avg: 0.1, Max: 0.1, Diff: 0.1, Sum: 0.6]
      [GC Worker Total (ms): Min: 7.9, Avg: 14.4, Max: 15.8, Diff: 7.9, Sum: 115.5]
      [GC Worker End (ms): Min: 63419079.0, Avg: 63419079.0, Max: 63419079.1, Diff: 0.1]
   [Code Root Fixup: 0.0 ms]
   [Code Root Purge: 0.0 ms]
   [Clear CT: 0.2 ms]
   [Other: 1.9 ms]
      [Choose CSet: 0.0 ms]
      [Ref Proc: 0.3 ms]
      [Ref Enq: 0.0 ms]
      [Redirty Cards: 0.2 ms]
      [Humongous Register: 0.6 ms]
      [Humongous Reclaim: 0.0 ms]
      [Free CSet: 0.2 ms]
   [Eden: 60.0M(60.0M)->0.0B(82.0M) Survivors: 7168.0K->7168.0K Heap: 291.1M(1024.0M)->230.6M(1024.0M)]
 [Times: user=0.07 sys=0.01, real=0.02 secs] 
2021-04-24T04:04:30.714+0800: 63460.434: [GC pause (G1 Evacuation Pause) (young), 0.0195885 secs]
   [Parallel Time: 18.0 ms, GC Workers: 8]
      [GC Worker Start (ms): Min: 63460434.6, Avg: 63460434.7, Max: 63460435.0, Diff: 0.4]
      [Ext Root Scanning (ms): Min: 0.6, Avg: 4.7, Max: 8.6, Diff: 8.0, Sum: 37.3]
      [Update RS (ms): Min: 0.0, Avg: 2.2, Max: 4.7, Diff: 4.7, Sum: 17.3]
         [Processed Buffers: Min: 0, Avg: 5.8, Max: 28, Diff: 28, Sum: 46]
      [Scan RS (ms): Min: 0.0, Avg: 1.0, Max: 2.5, Diff: 2.5, Sum: 7.7]
      [Code Root Scanning (ms): Min: 0.0, Avg: 0.0, Max: 0.1, Diff: 0.1, Sum: 0.1]
      [Object Copy (ms): Min: 9.0, Avg: 9.8, Max: 10.5, Diff: 1.5, Sum: 78.8]
      [Termination (ms): Min: 0.0, Avg: 0.0, Max: 0.0, Diff: 0.0, Sum: 0.0]
         [Termination Attempts: Min: 1, Avg: 6.8, Max: 9, Diff: 8, Sum: 54]
      [GC Worker Other (ms): Min: 0.0, Avg: 0.0, Max: 0.1, Diff: 0.1, Sum: 0.3]
      [GC Worker Total (ms): Min: 17.5, Avg: 17.7, Max: 17.9, Diff: 0.4, Sum: 141.5]
      [GC Worker End (ms): Min: 63460452.4, Avg: 63460452.4, Max: 63460452.5, Diff: 0.1]
   [Code Root Fixup: 0.0 ms]
   [Code Root Purge: 0.0 ms]
   [Clear CT: 0.2 ms]
   [Other: 1.4 ms]
      [Choose CSet: 0.0 ms]
      [Ref Proc: 0.3 ms]
      [Ref Enq: 0.0 ms]
      [Redirty Cards: 0.1 ms]
      [Humongous Register: 0.3 ms]
      [Humongous Reclaim: 0.0 ms]
      [Free CSet: 0.1 ms]
   [Eden: 82.0M(82.0M)->0.0B(84.0M) Survivors: 7168.0K->8192.0K Heap: 312.6M(1024.0M)->232.1M(1024.0M)]
 [Times: user=0.08 sys=0.01, real=0.02 secs] 
2021-04-24T04:05:13.450+0800: 63503.170: [GC pause (G1 Evacuation Pause) (young), 0.0187582 secs]
   [Parallel Time: 17.2 ms, GC Workers: 8]
      [GC Worker Start (ms): Min: 63503171.0, Avg: 63503172.3, Max: 63503180.0, Diff: 9.0]
      [Ext Root Scanning (ms): Min: 0.0, Avg: 5.3, Max: 10.2, Diff: 10.1, Sum: 42.5]
      [Update RS (ms): Min: 0.0, Avg: 2.2, Max: 6.5, Diff: 6.5, Sum: 17.7]
         [Processed Buffers: Min: 0, Avg: 5.8, Max: 22, Diff: 22, Sum: 46]
      [Scan RS (ms): Min: 0.0, Avg: 1.7, Max: 5.4, Diff: 5.3, Sum: 13.5]
      [Code Root Scanning (ms): Min: 0.0, Avg: 0.0, Max: 0.0, Diff: 0.0, Sum: 0.1]
      [Object Copy (ms): Min: 3.8, Avg: 6.6, Max: 7.2, Diff: 3.4, Sum: 52.5]
      [Termination (ms): Min: 0.0, Avg: 0.1, Max: 0.1, Diff: 0.1, Sum: 0.4]
         [Termination Attempts: Min: 1, Avg: 6.2, Max: 13, Diff: 12, Sum: 50]
      [GC Worker Other (ms): Min: 0.0, Avg: 0.0, Max: 0.1, Diff: 0.1, Sum: 0.2]
      [GC Worker Total (ms): Min: 8.1, Avg: 15.8, Max: 17.1, Diff: 9.0, Sum: 126.8]
      [GC Worker End (ms): Min: 63503188.1, Avg: 63503188.1, Max: 63503188.2, Diff: 0.0]
   [Code Root Fixup: 0.0 ms]
   [Code Root Purge: 0.0 ms]
   [Clear CT: 0.1 ms]
   [Other: 1.4 ms]
      [Choose CSet: 0.0 ms]
      [Ref Proc: 0.3 ms]
      [Ref Enq: 0.0 ms]
      [Redirty Cards: 0.1 ms]
      [Humongous Register: 0.3 ms]
      [Humongous Reclaim: 0.0 ms]
      [Free CSet: 0.1 ms]
   [Eden: 84.0M(84.0M)->0.0B(81.0M) Survivors: 8192.0K->9216.0K Heap: 316.1M(1024.0M)->232.6M(1024.0M)]
 [Times: user=0.08 sys=0.00, real=0.02 secs] 
2021-04-24T04:05:34.697+0800: 63524.418: [GC pause (G1 Evacuation Pause) (young), 0.0477156 secs]
   [Parallel Time: 46.4 ms, GC Workers: 8]
      [GC Worker Start (ms): Min: 63524418.5, Avg: 63524420.0, Max: 63524428.1, Diff: 9.6]
      [Ext Root Scanning (ms): Min: 0.0, Avg: 1.8, Max: 8.2, Diff: 8.2, Sum: 14.5]
      [Update RS (ms): Min: 0.0, Avg: 3.0, Max: 7.5, Diff: 7.5, Sum: 24.1]
         [Processed Buffers: Min: 0, Avg: 5.9, Max: 14, Diff: 14, Sum: 47]
      [Scan RS (ms): Min: 0.0, Avg: 2.1, Max: 4.1, Diff: 4.1, Sum: 16.4]
      [Code Root Scanning (ms): Min: 0.0, Avg: 0.0, Max: 0.1, Diff: 0.1, Sum: 0.1]
      [Object Copy (ms): Min: 36.1, Avg: 37.6, Max: 44.7, Diff: 8.6, Sum: 300.9]
      [Termination (ms): Min: 0.0, Avg: 0.1, Max: 0.3, Diff: 0.3, Sum: 1.1]
         [Termination Attempts: Min: 1, Avg: 1.4, Max: 2, Diff: 1, Sum: 11]
      [GC Worker Other (ms): Min: 0.0, Avg: 0.0, Max: 0.1, Diff: 0.1, Sum: 0.3]
      [GC Worker Total (ms): Min: 36.6, Avg: 44.7, Max: 46.2, Diff: 9.6, Sum: 357.3]
      [GC Worker End (ms): Min: 63524464.7, Avg: 63524464.7, Max: 63524464.7, Diff: 0.0]
   [Code Root Fixup: 0.0 ms]
   [Code Root Purge: 0.0 ms]
   [Clear CT: 0.1 ms]
   [Other: 1.2 ms]
      [Choose CSet: 0.0 ms]
      [Ref Proc: 0.2 ms]
      [Ref Enq: 0.0 ms]
      [Redirty Cards: 0.1 ms]
      [Humongous Register: 0.2 ms]
      [Humongous Reclaim: 0.0 ms]
      [Free CSet: 0.1 ms]
   [Eden: 42.0M(42.0M)->0.0B(45.0M) Survivors: 9216.0K->6144.0K Heap: 274.6M(1024.0M)->232.4M(1024.0M)]
 [Times: user=0.09 sys=0.02, real=0.05 secs] 
2021-04-24T04:05:57.867+0800: 63547.587: [GC pause (G1 Evacuation Pause) (young), 0.0198698 secs]
   [Parallel Time: 18.2 ms, GC Workers: 8]
      [GC Worker Start (ms): Min: 63547587.9, Avg: 63547589.0, Max: 63547594.6, Diff: 6.7]
      [Ext Root Scanning (ms): Min: 0.0, Avg: 2.6, Max: 7.8, Diff: 7.8, Sum: 21.2]
      [Update RS (ms): Min: 0.0, Avg: 1.2, Max: 2.9, Diff: 2.9, Sum: 9.9]
         [Processed Buffers: Min: 0, Avg: 6.5, Max: 19, Diff: 19, Sum: 52]
      [Scan RS (ms): Min: 0.0, Avg: 1.8, Max: 3.3, Diff: 3.3, Sum: 14.2]
      [Code Root Scanning (ms): Min: 0.0, Avg: 0.0, Max: 0.0, Diff: 0.0, Sum: 0.0]
      [Object Copy (ms): Min: 10.1, Avg: 11.1, Max: 15.8, Diff: 5.6, Sum: 89.1]
      [Termination (ms): Min: 0.0, Avg: 0.1, Max: 0.1, Diff: 0.1, Sum: 0.4]
         [Termination Attempts: Min: 1, Avg: 3.9, Max: 6, Diff: 5, Sum: 31]
      [GC Worker Other (ms): Min: 0.0, Avg: 0.0, Max: 0.1, Diff: 0.1, Sum: 0.2]
      [GC Worker Total (ms): Min: 11.3, Avg: 16.9, Max: 18.1, Diff: 6.7, Sum: 135.0]
      [GC Worker End (ms): Min: 63547605.9, Avg: 63547605.9, Max: 63547605.9, Diff: 0.1]
   [Code Root Fixup: 0.1 ms]
   [Code Root Purge: 0.0 ms]
   [Clear CT: 0.1 ms]
   [Other: 1.4 ms]
      [Choose CSet: 0.0 ms]
      [Ref Proc: 0.3 ms]
      [Ref Enq: 0.0 ms]
      [Redirty Cards: 0.2 ms]
      [Humongous Register: 0.2 ms]
      [Humongous Reclaim: 0.0 ms]
      [Free CSet: 0.1 ms]
   [Eden: 45.0M(45.0M)->0.0B(44.0M) Survivors: 6144.0K->7168.0K Heap: 277.4M(1024.0M)->236.5M(1024.0M)]
 [Times: user=0.07 sys=0.01, real=0.02 secs] 
2021-04-24T04:06:20.452+0800: 63570.172: [GC pause (G1 Evacuation Pause) (young), 0.0251263 secs]
   [Parallel Time: 23.1 ms, GC Workers: 8]
      [GC Worker Start (ms): Min: 63570173.0, Avg: 63570174.3, Max: 63570182.1, Diff: 9.1]
      [Ext Root Scanning (ms): Min: 0.0, Avg: 3.3, Max: 10.6, Diff: 10.6, Sum: 26.6]
      [Update RS (ms): Min: 0.0, Avg: 2.2, Max: 4.9, Diff: 4.9, Sum: 18.0]
         [Processed Buffers: Min: 0, Avg: 5.9, Max: 33, Diff: 33, Sum: 47]
      [Scan RS (ms): Min: 0.0, Avg: 2.3, Max: 4.7, Diff: 4.7, Sum: 18.6]
      [Code Root Scanning (ms): Min: 0.0, Avg: 0.0, Max: 0.0, Diff: 0.0, Sum: 0.0]
      [Object Copy (ms): Min: 11.4, Avg: 13.0, Max: 21.0, Diff: 9.7, Sum: 104.0]
      [Termination (ms): Min: 0.0, Avg: 0.6, Max: 0.7, Diff: 0.7, Sum: 5.0]
         [Termination Attempts: Min: 1, Avg: 3.0, Max: 7, Diff: 6, Sum: 24]
      [GC Worker Other (ms): Min: 0.0, Avg: 0.0, Max: 0.0, Diff: 0.0, Sum: 0.2]
      [GC Worker Total (ms): Min: 13.8, Avg: 21.5, Max: 22.9, Diff: 9.1, Sum: 172.4]
      [GC Worker End (ms): Min: 63570195.8, Avg: 63570195.8, Max: 63570195.8, Diff: 0.0]
   [Code Root Fixup: 0.0 ms]
   [Code Root Purge: 0.0 ms]
   [Clear CT: 0.2 ms]
   [Other: 1.9 ms]
      [Choose CSet: 0.0 ms]
      [Ref Proc: 0.3 ms]
      [Ref Enq: 0.0 ms]
      [Redirty Cards: 0.2 ms]
      [Humongous Register: 0.2 ms]
      [Humongous Reclaim: 0.0 ms]
      [Free CSet: 0.1 ms]
   [Eden: 44.0M(44.0M)->0.0B(46.0M) Survivors: 7168.0K->5120.0K Heap: 280.5M(1024.0M)->236.6M(1024.0M)]
 [Times: user=0.08 sys=0.03, real=0.02 secs] 
2021-04-24T04:06:44.123+0800: 63593.844: [GC pause (G1 Evacuation Pause) (young), 0.0176649 secs]
   [Parallel Time: 16.0 ms, GC Workers: 8]
      [GC Worker Start (ms): Min: 63593845.0, Avg: 63593845.9, Max: 63593851.1, Diff: 6.1]
      [Ext Root Scanning (ms): Min: 0.0, Avg: 3.1, Max: 14.0, Diff: 14.0, Sum: 25.2]
      [Update RS (ms): Min: 0.0, Avg: 1.7, Max: 3.9, Diff: 3.9, Sum: 13.9]
         [Processed Buffers: Min: 0, Avg: 5.6, Max: 19, Diff: 19, Sum: 45]
      [Scan RS (ms): Min: 0.0, Avg: 4.6, Max: 9.7, Diff: 9.7, Sum: 36.8]
      [Code Root Scanning (ms): Min: 0.0, Avg: 0.0, Max: 0.0, Diff: 0.0, Sum: 0.0]
      [Object Copy (ms): Min: 1.5, Avg: 5.5, Max: 13.2, Diff: 11.8, Sum: 43.8]
      [Termination (ms): Min: 0.0, Avg: 0.0, Max: 0.0, Diff: 0.0, Sum: 0.0]
         [Termination Attempts: Min: 1, Avg: 3.0, Max: 8, Diff: 7, Sum: 24]
      [GC Worker Other (ms): Min: 0.0, Avg: 0.0, Max: 0.0, Diff: 0.0, Sum: 0.2]
      [GC Worker Total (ms): Min: 9.8, Avg: 15.0, Max: 15.9, Diff: 6.1, Sum: 119.9]
      [GC Worker End (ms): Min: 63593860.9, Avg: 63593860.9, Max: 63593860.9, Diff: 0.0]
   [Code Root Fixup: 0.0 ms]
   [Code Root Purge: 0.0 ms]
   [Clear CT: 0.2 ms]
   [Other: 1.4 ms]
      [Choose CSet: 0.0 ms]
      [Ref Proc: 0.3 ms]
      [Ref Enq: 0.0 ms]
      [Redirty Cards: 0.2 ms]
      [Humongous Register: 0.2 ms]
      [Humongous Reclaim: 0.0 ms]
      [Free CSet: 0.1 ms]
   [Eden: 46.0M(46.0M)->0.0B(45.0M) Survivors: 5120.0K->6144.0K Heap: 282.6M(1024.0M)->237.3M(1024.0M)]
 [Times: user=0.07 sys=0.00, real=0.02 secs] 
2021-04-24T04:07:07.022+0800: 63616.743: [GC pause (G1 Evacuation Pause) (young), 0.0183312 secs]
   [Parallel Time: 15.7 ms, GC Workers: 8]
      [GC Worker Start (ms): Min: 63616743.6, Avg: 63616744.7, Max: 63616750.0, Diff: 6.4]
      [Ext Root Scanning (ms): Min: 0.0, Avg: 2.2, Max: 8.1, Diff: 8.1, Sum: 17.2]
      [Update RS (ms): Min: 0.0, Avg: 1.9, Max: 4.5, Diff: 4.5, Sum: 15.0]
         [Processed Buffers: Min: 0, Avg: 6.0, Max: 19, Diff: 19, Sum: 48]
      [Scan RS (ms): Min: 0.0, Avg: 2.0, Max: 3.5, Diff: 3.5, Sum: 15.6]
      [Code Root Scanning (ms): Min: 0.0, Avg: 0.0, Max: 0.0, Diff: 0.0, Sum: 0.0]
      [Object Copy (ms): Min: 7.3, Avg: 8.6, Max: 14.6, Diff: 7.2, Sum: 68.6]
      [Termination (ms): Min: 0.0, Avg: 0.1, Max: 0.1, Diff: 0.1, Sum: 0.4]
         [Termination Attempts: Min: 1, Avg: 52.8, Max: 75, Diff: 74, Sum: 422]
      [GC Worker Other (ms): Min: 0.0, Avg: 0.0, Max: 0.1, Diff: 0.0, Sum: 0.3]
      [GC Worker Total (ms): Min: 9.3, Avg: 14.6, Max: 15.7, Diff: 6.4, Sum: 117.2]
      [GC Worker End (ms): Min: 63616759.3, Avg: 63616759.3, Max: 63616759.3, Diff: 0.0]
   [Code Root Fixup: 0.0 ms]
   [Code Root Purge: 0.0 ms]
   [Clear CT: 0.1 ms]
   [Other: 2.5 ms]
      [Choose CSet: 0.0 ms]
      [Ref Proc: 0.3 ms]
      [Ref Enq: 0.0 ms]
      [Redirty Cards: 0.1 ms]
      [Humongous Register: 0.3 ms]
      [Humongous Reclaim: 0.1 ms]
      [Free CSet: 0.2 ms]
   [Eden: 45.0M(45.0M)->0.0B(45.0M) Survivors: 6144.0K->6144.0K Heap: 282.3M(1024.0M)->238.2M(1024.0M)]
 [Times: user=0.06 sys=0.01, real=0.02 secs] 
2021-04-24T04:07:30.156+0800: 63639.878: [GC pause (G1 Evacuation Pause) (young), 0.0197029 secs]
   [Parallel Time: 17.8 ms, GC Workers: 8]
      [GC Worker Start (ms): Min: 63639878.3, Avg: 63639880.2, Max: 63639886.3, Diff: 8.0]
      [Ext Root Scanning (ms): Min: 0.0, Avg: 3.4, Max: 17.1, Diff: 17.1, Sum: 27.1]
      [Update RS (ms): Min: 0.0, Avg: 1.7, Max: 3.9, Diff: 3.9, Sum: 13.8]
         [Processed Buffers: Min: 0, Avg: 6.0, Max: 18, Diff: 18, Sum: 48]
      [Scan RS (ms): Min: 0.0, Avg: 4.9, Max: 11.5, Diff: 11.5, Sum: 38.8]
      [Code Root Scanning (ms): Min: 0.0, Avg: 0.0, Max: 0.0, Diff: 0.0, Sum: 0.0]
      [Object Copy (ms): Min: 0.5, Avg: 5.2, Max: 9.3, Diff: 8.8, Sum: 41.9]
      [Termination (ms): Min: 0.0, Avg: 0.6, Max: 0.7, Diff: 0.7, Sum: 4.4]
         [Termination Attempts: Min: 1, Avg: 1.2, Max: 2, Diff: 1, Sum: 10]
      [GC Worker Other (ms): Min: 0.0, Avg: 0.0, Max: 0.0, Diff: 0.0, Sum: 0.1]
      [GC Worker Total (ms): Min: 9.7, Avg: 15.8, Max: 17.7, Diff: 8.0, Sum: 126.2]
      [GC Worker End (ms): Min: 63639896.0, Avg: 63639896.0, Max: 63639896.0, Diff: 0.0]
   [Code Root Fixup: 0.0 ms]
   [Code Root Purge: 0.0 ms]
   [Clear CT: 0.1 ms]
   [Other: 1.8 ms]
      [Choose CSet: 0.0 ms]
      [Ref Proc: 0.9 ms]
      [Ref Enq: 0.0 ms]
      [Redirty Cards: 0.2 ms]
      [Humongous Register: 0.2 ms]
      [Humongous Reclaim: 0.0 ms]
      [Free CSet: 0.1 ms]
   [Eden: 45.0M(45.0M)->0.0B(44.0M) Survivors: 6144.0K->7168.0K Heap: 283.2M(1024.0M)->240.1M(1024.0M)]
 [Times: user=0.07 sys=0.00, real=0.02 secs] 
2021-04-24T04:07:52.745+0800: 63662.467: [GC pause (G1 Evacuation Pause) (young), 0.0172821 secs]
   [Parallel Time: 16.0 ms, GC Workers: 8]
      [GC Worker Start (ms): Min: 63662467.2, Avg: 63662467.4, Max: 63662467.6, Diff: 0.5]
      [Ext Root Scanning (ms): Min: 0.5, Avg: 4.0, Max: 10.1, Diff: 9.6, Sum: 32.1]
      [Update RS (ms): Min: 0.0, Avg: 1.9, Max: 4.3, Diff: 4.3, Sum: 15.5]
         [Processed Buffers: Min: 0, Avg: 6.2, Max: 33, Diff: 33, Sum: 50]
      [Scan RS (ms): Min: 0.0, Avg: 2.0, Max: 3.9, Diff: 3.9, Sum: 16.0]
      [Code Root Scanning (ms): Min: 0.0, Avg: 0.0, Max: 0.0, Diff: 0.0, Sum: 0.0]
      [Object Copy (ms): Min: 5.3, Avg: 7.4, Max: 10.6, Diff: 5.3, Sum: 59.3]
      [Termination (ms): Min: 0.0, Avg: 0.3, Max: 0.3, Diff: 0.3, Sum: 2.1]
         [Termination Attempts: Min: 1, Avg: 8.5, Max: 23, Diff: 22, Sum: 68]
      [GC Worker Other (ms): Min: 0.0, Avg: 0.0, Max: 0.1, Diff: 0.0, Sum: 0.2]
      [GC Worker Total (ms): Min: 15.4, Avg: 15.7, Max: 15.8, Diff: 0.4, Sum: 125.2]
      [GC Worker End (ms): Min: 63662483.0, Avg: 63662483.0, Max: 63662483.1, Diff: 0.0]
   [Code Root Fixup: 0.0 ms]
   [Code Root Purge: 0.0 ms]
   [Clear CT: 0.1 ms]
   [Other: 1.2 ms]
      [Choose CSet: 0.0 ms]
      [Ref Proc: 0.2 ms]
      [Ref Enq: 0.0 ms]
      [Redirty Cards: 0.1 ms]
      [Humongous Register: 0.3 ms]
      [Humongous Reclaim: 0.0 ms]
      [Free CSet: 0.1 ms]
   [Eden: 44.0M(44.0M)->0.0B(71.0M) Survivors: 7168.0K->6144.0K Heap: 284.1M(1024.0M)->239.6M(1024.0M)]
 [Times: user=0.06 sys=0.00, real=0.02 secs] 
2021-04-24T04:08:28.797+0800: 63698.506: [GC pause (G1 Evacuation Pause) (young), 0.0143903 secs]
   [Parallel Time: 13.3 ms, GC Workers: 8]
      [GC Worker Start (ms): Min: 63698506.0, Avg: 63698506.9, Max: 63698512.9, Diff: 6.9]
      [Ext Root Scanning (ms): Min: 0.0, Avg: 2.7, Max: 12.6, Diff: 12.6, Sum: 21.9]
      [Update RS (ms): Min: 0.0, Avg: 2.3, Max: 8.8, Diff: 8.8, Sum: 18.2]
         [Processed Buffers: Min: 0, Avg: 6.6, Max: 19, Diff: 19, Sum: 53]
      [Scan RS (ms): Min: 0.0, Avg: 0.8, Max: 1.6, Diff: 1.6, Sum: 6.1]
      [Code Root Scanning (ms): Min: 0.0, Avg: 0.0, Max: 0.0, Diff: 0.0, Sum: 0.0]
      [Object Copy (ms): Min: 0.0, Avg: 5.9, Max: 7.7, Diff: 7.7, Sum: 46.9]
      [Termination (ms): Min: 0.0, Avg: 0.5, Max: 0.7, Diff: 0.7, Sum: 4.1]
         [Termination Attempts: Min: 1, Avg: 1.0, Max: 1, Diff: 0, Sum: 8]
      [GC Worker Other (ms): Min: 0.0, Avg: 0.0, Max: 0.0, Diff: 0.0, Sum: 0.1]
      [GC Worker Total (ms): Min: 6.3, Avg: 12.2, Max: 13.3, Diff: 7.0, Sum: 97.5]
      [GC Worker End (ms): Min: 63698518.7, Avg: 63698519.1, Max: 63698519.2, Diff: 0.6]
   [Code Root Fixup: 0.0 ms]
   [Code Root Purge: 0.0 ms]
   [Clear CT: 0.1 ms]
   [Other: 1.0 ms]
      [Choose CSet: 0.0 ms]
      [Ref Proc: 0.3 ms]
      [Ref Enq: 0.0 ms]
      [Redirty Cards: 0.1 ms]
      [Humongous Register: 0.1 ms]
      [Humongous Reclaim: 0.0 ms]
      [Free CSet: 0.1 ms]
   [Eden: 71.0M(71.0M)->0.0B(131.0M) Survivors: 6144.0K->8192.0K Heap: 310.6M(1024.0M)->241.5M(1024.0M)]
 [Times: user=0.05 sys=0.00, real=0.02 secs] 
2021-04-24T04:09:36.099+0800: 63765.806: [GC pause (G1 Evacuation Pause) (young), 0.0284979 secs]
   [Parallel Time: 27.0 ms, GC Workers: 8]
      [GC Worker Start (ms): Min: 63765806.8, Avg: 63765807.9, Max: 63765812.6, Diff: 5.8]
      [Ext Root Scanning (ms): Min: 0.0, Avg: 1.1, Max: 2.7, Diff: 2.7, Sum: 8.7]
      [Update RS (ms): Min: 0.0, Avg: 3.2, Max: 8.0, Diff: 8.0, Sum: 25.7]
         [Processed Buffers: Min: 0, Avg: 6.4, Max: 17, Diff: 17, Sum: 51]
      [Scan RS (ms): Min: 0.0, Avg: 2.1, Max: 3.2, Diff: 3.2, Sum: 16.7]
      [Code Root Scanning (ms): Min: 0.0, Avg: 0.0, Max: 0.0, Diff: 0.0, Sum: 0.0]
      [Object Copy (ms): Min: 16.9, Avg: 19.0, Max: 25.3, Diff: 8.4, Sum: 151.8]
      [Termination (ms): Min: 0.0, Avg: 0.3, Max: 0.4, Diff: 0.4, Sum: 2.7]
         [Termination Attempts: Min: 1, Avg: 1.0, Max: 1, Diff: 0, Sum: 8]
      [GC Worker Other (ms): Min: 0.0, Avg: 0.1, Max: 0.2, Diff: 0.2, Sum: 0.4]
      [GC Worker Total (ms): Min: 20.9, Avg: 25.7, Max: 26.8, Diff: 5.8, Sum: 205.9]
      [GC Worker End (ms): Min: 63765833.6, Avg: 63765833.6, Max: 63765833.6, Diff: 0.0]
   [Code Root Fixup: 0.0 ms]
   [Code Root Purge: 0.0 ms]
   [Clear CT: 0.1 ms]
   [Other: 1.4 ms]
      [Choose CSet: 0.0 ms]
      [Ref Proc: 0.2 ms]
      [Ref Enq: 0.0 ms]
      [Redirty Cards: 0.1 ms]
      [Humongous Register: 0.3 ms]
      [Humongous Reclaim: 0.0 ms]
      [Free CSet: 0.2 ms]
   [Eden: 131.0M(131.0M)->0.0B(42.0M) Survivors: 8192.0K->9216.0K Heap: 372.5M(1024.0M)->242.7M(1024.0M)]
 [Times: user=0.09 sys=0.02, real=0.03 secs] 
2021-04-24T04:09:57.648+0800: 63787.355: [GC pause (G1 Evacuation Pause) (young), 0.0371172 secs]
   [Parallel Time: 35.7 ms, GC Workers: 8]
      [GC Worker Start (ms): Min: 63787356.0, Avg: 63787356.2, Max: 63787356.6, Diff: 0.6]
      [Ext Root Scanning (ms): Min: 0.4, Avg: 4.3, Max: 9.5, Diff: 9.1, Sum: 34.6]
      [Update RS (ms): Min: 0.0, Avg: 1.9, Max: 3.9, Diff: 3.9, Sum: 14.8]
         [Processed Buffers: Min: 0, Avg: 6.2, Max: 17, Diff: 17, Sum: 50]
      [Scan RS (ms): Min: 0.0, Avg: 2.7, Max: 4.5, Diff: 4.5, Sum: 21.6]
      [Code Root Scanning (ms): Min: 0.0, Avg: 0.0, Max: 0.0, Diff: 0.0, Sum: 0.0]
      [Object Copy (ms): Min: 25.8, Avg: 26.3, Max: 26.7, Diff: 1.0, Sum: 210.8]
      [Termination (ms): Min: 0.0, Avg: 0.1, Max: 0.2, Diff: 0.2, Sum: 1.0]
         [Termination Attempts: Min: 1, Avg: 2.1, Max: 5, Diff: 4, Sum: 17]
      [GC Worker Other (ms): Min: 0.0, Avg: 0.0, Max: 0.0, Diff: 0.0, Sum: 0.2]
      [GC Worker Total (ms): Min: 35.0, Avg: 35.4, Max: 35.6, Diff: 0.6, Sum: 283.0]
      [GC Worker End (ms): Min: 63787391.5, Avg: 63787391.5, Max: 63787391.6, Diff: 0.0]
   [Code Root Fixup: 0.0 ms]
   [Code Root Purge: 0.0 ms]
   [Clear CT: 0.1 ms]
   [Other: 1.3 ms]
      [Choose CSet: 0.0 ms]
      [Ref Proc: 0.2 ms]
      [Ref Enq: 0.0 ms]
      [Redirty Cards: 0.1 ms]
      [Humongous Register: 0.3 ms]
      [Humongous Reclaim: 0.0 ms]
      [Free CSet: 0.1 ms]
   [Eden: 42.0M(42.0M)->0.0B(45.0M) Survivors: 9216.0K->6144.0K Heap: 284.7M(1024.0M)->243.3M(1024.0M)]
 [Times: user=0.08 sys=0.03, real=0.04 secs] 
2021-04-24T04:10:20.441+0800: 63810.158: [GC pause (G1 Evacuation Pause) (young), 0.0273356 secs]
   [Parallel Time: 25.3 ms, GC Workers: 8]
      [GC Worker Start (ms): Min: 63810158.6, Avg: 63810158.9, Max: 63810159.1, Diff: 0.5]
      [Ext Root Scanning (ms): Min: 1.3, Avg: 2.5, Max: 7.0, Diff: 5.6, Sum: 19.9]
      [Update RS (ms): Min: 0.0, Avg: 3.8, Max: 5.9, Diff: 5.9, Sum: 30.5]
         [Processed Buffers: Min: 0, Avg: 6.6, Max: 20, Diff: 20, Sum: 53]
      [Scan RS (ms): Min: 1.0, Avg: 2.4, Max: 3.3, Diff: 2.3, Sum: 19.5]
      [Code Root Scanning (ms): Min: 0.0, Avg: 0.0, Max: 0.0, Diff: 0.0, Sum: 0.0]
      [Object Copy (ms): Min: 14.7, Avg: 15.7, Max: 16.9, Diff: 2.1, Sum: 125.3]
      [Termination (ms): Min: 0.0, Avg: 0.5, Max: 0.9, Diff: 0.9, Sum: 3.7]
         [Termination Attempts: Min: 1, Avg: 1.4, Max: 2, Diff: 1, Sum: 11]
      [GC Worker Other (ms): Min: 0.0, Avg: 0.0, Max: 0.1, Diff: 0.1, Sum: 0.3]
      [GC Worker Total (ms): Min: 24.7, Avg: 24.9, Max: 25.1, Diff: 0.5, Sum: 199.2]
      [GC Worker End (ms): Min: 63810183.8, Avg: 63810183.8, Max: 63810183.8, Diff: 0.0]
   [Code Root Fixup: 0.0 ms]
   [Code Root Purge: 0.0 ms]
   [Clear CT: 0.1 ms]
   [Other: 2.0 ms]
      [Choose CSet: 0.0 ms]
      [Ref Proc: 0.2 ms]
      [Ref Enq: 0.0 ms]
      [Redirty Cards: 0.0 ms]
      [Humongous Register: 0.2 ms]
      [Humongous Reclaim: 0.0 ms]
      [Free CSet: 0.1 ms]
   [Eden: 45.0M(45.0M)->0.0B(46.0M) Survivors: 6144.0K->5120.0K Heap: 288.3M(1024.0M)->245.8M(1024.0M)]
 [Times: user=0.05 sys=0.02, real=0.02 secs] 
2021-04-24T04:10:43.676+0800: 63833.401: [GC pause (G1 Evacuation Pause) (young), 0.0175320 secs]
   [Parallel Time: 16.0 ms, GC Workers: 8]
      [GC Worker Start (ms): Min: 63833401.2, Avg: 63833401.6, Max: 63833402.1, Diff: 0.9]
      [Ext Root Scanning (ms): Min: 0.8, Avg: 3.6, Max: 10.3, Diff: 9.6, Sum: 29.0]
      [Update RS (ms): Min: 0.0, Avg: 2.8, Max: 7.2, Diff: 7.2, Sum: 22.6]
         [Processed Buffers: Min: 0, Avg: 5.2, Max: 16, Diff: 16, Sum: 42]
      [Scan RS (ms): Min: 0.1, Avg: 3.3, Max: 7.0, Diff: 7.0, Sum: 26.7]
      [Code Root Scanning (ms): Min: 0.0, Avg: 0.0, Max: 0.0, Diff: 0.0, Sum: 0.0]
      [Object Copy (ms): Min: 2.5, Avg: 5.7, Max: 12.0, Diff: 9.5, Sum: 45.6]
      [Termination (ms): Min: 0.0, Avg: 0.0, Max: 0.0, Diff: 0.0, Sum: 0.1]
         [Termination Attempts: Min: 1, Avg: 19.6, Max: 31, Diff: 30, Sum: 157]
      [GC Worker Other (ms): Min: 0.0, Avg: 0.1, Max: 0.1, Diff: 0.1, Sum: 0.4]
      [GC Worker Total (ms): Min: 15.0, Avg: 15.5, Max: 15.9, Diff: 0.9, Sum: 124.4]
      [GC Worker End (ms): Min: 63833417.1, Avg: 63833417.1, Max: 63833417.1, Diff: 0.1]
   [Code Root Fixup: 0.0 ms]
   [Code Root Purge: 0.0 ms]
   [Clear CT: 0.1 ms]
   [Other: 1.4 ms]
      [Choose CSet: 0.0 ms]
      [Ref Proc: 0.3 ms]
      [Ref Enq: 0.0 ms]
      [Redirty Cards: 0.1 ms]
      [Humongous Register: 0.2 ms]
      [Humongous Reclaim: 0.0 ms]
      [Free CSet: 0.1 ms]
   [Eden: 46.0M(46.0M)->0.0B(46.0M) Survivors: 5120.0K->5120.0K Heap: 291.8M(1024.0M)->245.7M(1024.0M)]
 [Times: user=0.06 sys=0.01, real=0.02 secs] 
2021-04-24T04:11:06.923+0800: 63856.649: [GC pause (G1 Evacuation Pause) (young), 0.0159750 secs]
   [Parallel Time: 14.6 ms, GC Workers: 8]
      [GC Worker Start (ms): Min: 63856649.2, Avg: 63856650.7, Max: 63856658.1, Diff: 8.9]
      [Ext Root Scanning (ms): Min: 0.0, Avg: 1.6, Max: 6.4, Diff: 6.4, Sum: 12.7]
      [Update RS (ms): Min: 0.0, Avg: 2.8, Max: 11.4, Diff: 11.4, Sum: 22.1]
         [Processed Buffers: Min: 0, Avg: 5.1, Max: 19, Diff: 19, Sum: 41]
      [Scan RS (ms): Min: 0.0, Avg: 2.5, Max: 7.8, Diff: 7.8, Sum: 20.1]
      [Code Root Scanning (ms): Min: 0.0, Avg: 0.0, Max: 0.0, Diff: 0.0, Sum: 0.0]
      [Object Copy (ms): Min: 1.8, Avg: 6.0, Max: 11.6, Diff: 9.8, Sum: 48.1]
      [Termination (ms): Min: 0.0, Avg: 0.0, Max: 0.0, Diff: 0.0, Sum: 0.1]
         [Termination Attempts: Min: 1, Avg: 22.0, Max: 33, Diff: 32, Sum: 176]
      [GC Worker Other (ms): Min: 0.0, Avg: 0.0, Max: 0.0, Diff: 0.0, Sum: 0.2]
      [GC Worker Total (ms): Min: 5.5, Avg: 12.9, Max: 14.5, Diff: 8.9, Sum: 103.4]
      [GC Worker End (ms): Min: 63856663.6, Avg: 63856663.6, Max: 63856663.7, Diff: 0.0]
   [Code Root Fixup: 0.0 ms]
   [Code Root Purge: 0.0 ms]
   [Clear CT: 0.1 ms]
   [Other: 1.2 ms]
      [Choose CSet: 0.0 ms]
      [Ref Proc: 0.3 ms]
      [Ref Enq: 0.0 ms]
      [Redirty Cards: 0.1 ms]
      [Humongous Register: 0.2 ms]
      [Humongous Reclaim: 0.0 ms]
      [Free CSet: 0.1 ms]
   [Eden: 46.0M(46.0M)->0.0B(62.0M) Survivors: 5120.0K->7168.0K Heap: 291.7M(1024.0M)->247.7M(1024.0M)]
 [Times: user=0.05 sys=0.00, real=0.01 secs] 
2021-04-24T04:11:31.497+0800: 63881.224: [GC pause (G1 Evacuation Pause) (young), 0.0191665 secs]
   [Parallel Time: 17.7 ms, GC Workers: 8]
      [GC Worker Start (ms): Min: 63881224.5, Avg: 63881227.5, Max: 63881235.4, Diff: 10.8]
      [Ext Root Scanning (ms): Min: 0.0, Avg: 2.7, Max: 7.9, Diff: 7.9, Sum: 21.5]
      [Update RS (ms): Min: 0.0, Avg: 1.6, Max: 3.4, Diff: 3.4, Sum: 12.8]
         [Processed Buffers: Min: 0, Avg: 5.1, Max: 19, Diff: 19, Sum: 41]
      [Scan RS (ms): Min: 0.0, Avg: 2.6, Max: 6.8, Diff: 6.8, Sum: 21.0]
      [Code Root Scanning (ms): Min: 0.0, Avg: 0.0, Max: 0.0, Diff: 0.0, Sum: 0.0]
      [Object Copy (ms): Min: 5.0, Avg: 7.4, Max: 8.5, Diff: 3.6, Sum: 59.3]
      [Termination (ms): Min: 0.0, Avg: 0.1, Max: 0.1, Diff: 0.1, Sum: 0.7]
         [Termination Attempts: Min: 1, Avg: 1.1, Max: 2, Diff: 1, Sum: 9]
      [GC Worker Other (ms): Min: 0.0, Avg: 0.2, Max: 1.4, Diff: 1.3, Sum: 1.5]
      [GC Worker Total (ms): Min: 6.7, Avg: 14.6, Max: 17.6, Diff: 10.9, Sum: 116.8]
      [GC Worker End (ms): Min: 63881242.0, Avg: 63881242.1, Max: 63881242.1, Diff: 0.1]
   [Code Root Fixup: 0.0 ms]
   [Code Root Purge: 0.0 ms]
   [Clear CT: 0.1 ms]
   [Other: 1.4 ms]
      [Choose CSet: 0.0 ms]
      [Ref Proc: 0.3 ms]
      [Ref Enq: 0.0 ms]
      [Redirty Cards: 0.1 ms]
      [Humongous Register: 0.2 ms]
      [Humongous Reclaim: 0.0 ms]
      [Free CSet: 0.2 ms]
   [Eden: 49.0M(44.0M)->0.0B(85.0M) Survivors: 7168.0K->7168.0K Heap: 296.7M(1024.0M)->248.1M(1024.0M)]
 [Times: user=0.06 sys=0.00, real=0.02 secs] 
2021-04-24T04:12:14.716+0800: 63924.444: [GC pause (G1 Evacuation Pause) (young), 0.0177138 secs]
   [Parallel Time: 16.4 ms, GC Workers: 8]
      [GC Worker Start (ms): Min: 63924444.3, Avg: 63924449.7, Max: 63924460.5, Diff: 16.2]
      [Ext Root Scanning (ms): Min: 0.0, Avg: 2.2, Max: 6.8, Diff: 6.8, Sum: 17.5]
      [Update RS (ms): Min: 0.0, Avg: 2.4, Max: 8.7, Diff: 8.7, Sum: 19.5]
         [Processed Buffers: Min: 0, Avg: 6.2, Max: 22, Diff: 22, Sum: 50]
      [Scan RS (ms): Min: 0.0, Avg: 1.8, Max: 4.5, Diff: 4.5, Sum: 14.7]
      [Code Root Scanning (ms): Min: 0.0, Avg: 0.0, Max: 0.0, Diff: 0.0, Sum: 0.0]
      [Object Copy (ms): Min: 0.0, Avg: 4.3, Max: 6.2, Diff: 6.2, Sum: 34.1]
      [Termination (ms): Min: 0.0, Avg: 0.1, Max: 0.1, Diff: 0.1, Sum: 0.5]
         [Termination Attempts: Min: 1, Avg: 2.1, Max: 4, Diff: 3, Sum: 17]
      [GC Worker Other (ms): Min: 0.0, Avg: 0.0, Max: 0.0, Diff: 0.0, Sum: 0.2]
      [GC Worker Total (ms): Min: 0.0, Avg: 10.8, Max: 16.3, Diff: 16.3, Sum: 86.5]
      [GC Worker End (ms): Min: 63924460.5, Avg: 63924460.5, Max: 63924460.5, Diff: 0.0]
   [Code Root Fixup: 0.0 ms]
   [Code Root Purge: 0.0 ms]
   [Clear CT: 0.1 ms]
   [Other: 1.2 ms]
      [Choose CSet: 0.0 ms]
      [Ref Proc: 0.3 ms]
      [Ref Enq: 0.0 ms]
      [Redirty Cards: 0.1 ms]
      [Humongous Register: 0.2 ms]
      [Humongous Reclaim: 0.0 ms]
      [Free CSet: 0.2 ms]
   [Eden: 85.0M(85.0M)->0.0B(80.0M) Survivors: 7168.0K->9216.0K Heap: 333.1M(1024.0M)->249.7M(1024.0M)]
 [Times: user=0.05 sys=0.00, real=0.02 secs] 
2021-04-24T04:12:55.096+0800: 63964.824: [GC pause (G1 Evacuation Pause) (young), 0.0203252 secs]
   [Parallel Time: 18.7 ms, GC Workers: 8]
      [GC Worker Start (ms): Min: 63964824.3, Avg: 63964825.5, Max: 63964832.4, Diff: 8.1]
      [Ext Root Scanning (ms): Min: 0.0, Avg: 5.0, Max: 11.2, Diff: 11.2, Sum: 40.2]
      [Update RS (ms): Min: 0.0, Avg: 2.0, Max: 5.1, Diff: 5.1, Sum: 16.0]
         [Processed Buffers: Min: 0, Avg: 5.8, Max: 20, Diff: 20, Sum: 46]
      [Scan RS (ms): Min: 0.0, Avg: 1.2, Max: 2.8, Diff: 2.8, Sum: 9.8]
      [Code Root Scanning (ms): Min: 0.0, Avg: 0.0, Max: 0.0, Diff: 0.0, Sum: 0.0]
      [Object Copy (ms): Min: 7.2, Avg: 9.1, Max: 10.1, Diff: 2.9, Sum: 72.4]
      [Termination (ms): Min: 0.0, Avg: 0.0, Max: 0.1, Diff: 0.1, Sum: 0.3]
         [Termination Attempts: Min: 1, Avg: 6.0, Max: 15, Diff: 14, Sum: 48]
      [GC Worker Other (ms): Min: 0.0, Avg: 0.0, Max: 0.0, Diff: 0.0, Sum: 0.2]
      [GC Worker Total (ms): Min: 10.5, Avg: 17.4, Max: 18.5, Diff: 8.0, Sum: 138.9]
      [GC Worker End (ms): Min: 63964842.9, Avg: 63964842.9, Max: 63964842.9, Diff: 0.0]
   [Code Root Fixup: 0.0 ms]
   [Code Root Purge: 0.0 ms]
   [Clear CT: 0.2 ms]
   [Other: 1.5 ms]
      [Choose CSet: 0.0 ms]
      [Ref Proc: 0.3 ms]
      [Ref Enq: 0.0 ms]
      [Redirty Cards: 0.1 ms]
      [Humongous Register: 0.3 ms]
      [Humongous Reclaim: 0.0 ms]
      [Free CSet: 0.1 ms]
   [Eden: 80.0M(80.0M)->0.0B(72.0M) Survivors: 9216.0K->9216.0K Heap: 329.7M(1024.0M)->250.3M(1024.0M)]
 [Times: user=0.08 sys=0.00, real=0.02 secs] 
2021-04-24T04:13:16.034+0800: 63985.762: [GC pause (G1 Evacuation Pause) (young), 0.0475915 secs]
   [Parallel Time: 46.1 ms, GC Workers: 8]
      [GC Worker Start (ms): Min: 63985762.7, Avg: 63985765.9, Max: 63985771.4, Diff: 8.7]
      [Ext Root Scanning (ms): Min: 0.0, Avg: 1.5, Max: 7.6, Diff: 7.6, Sum: 11.7]
      [Update RS (ms): Min: 0.0, Avg: 1.6, Max: 4.7, Diff: 4.7, Sum: 12.8]
         [Processed Buffers: Min: 0, Avg: 5.8, Max: 27, Diff: 27, Sum: 46]
      [Scan RS (ms): Min: 0.0, Avg: 2.3, Max: 4.4, Diff: 4.4, Sum: 18.2]
      [Code Root Scanning (ms): Min: 0.0, Avg: 0.0, Max: 0.0, Diff: 0.0, Sum: 0.0]
      [Object Copy (ms): Min: 37.3, Avg: 37.4, Max: 37.5, Diff: 0.3, Sum: 299.0]
      [Termination (ms): Min: 0.0, Avg: 0.0, Max: 0.1, Diff: 0.1, Sum: 0.3]
         [Termination Attempts: Min: 1, Avg: 12.5, Max: 18, Diff: 17, Sum: 100]
      [GC Worker Other (ms): Min: 0.0, Avg: 0.0, Max: 0.1, Diff: 0.0, Sum: 0.3]
      [GC Worker Total (ms): Min: 37.3, Avg: 42.8, Max: 46.1, Diff: 8.7, Sum: 342.3]
      [GC Worker End (ms): Min: 63985808.7, Avg: 63985808.7, Max: 63985808.7, Diff: 0.0]
   [Code Root Fixup: 0.0 ms]
   [Code Root Purge: 0.0 ms]
   [Clear CT: 0.1 ms]
   [Other: 1.3 ms]
      [Choose CSet: 0.0 ms]
      [Ref Proc: 0.2 ms]
      [Ref Enq: 0.0 ms]
      [Redirty Cards: 0.1 ms]
      [Humongous Register: 0.3 ms]
      [Humongous Reclaim: 0.0 ms]
      [Free CSet: 0.1 ms]
   [Eden: 42.0M(42.0M)->0.0B(46.0M) Survivors: 9216.0K->5120.0K Heap: 292.3M(1024.0M)->249.1M(1024.0M)]
 [Times: user=0.07 sys=0.02, real=0.05 secs] 
2021-04-24T04:13:39.195+0800: 64008.924: [GC pause (G1 Evacuation Pause) (young), 0.0189055 secs]
   [Parallel Time: 17.6 ms, GC Workers: 8]
      [GC Worker Start (ms): Min: 64008924.2, Avg: 64008926.1, Max: 64008932.2, Diff: 8.0]
      [Ext Root Scanning (ms): Min: 0.0, Avg: 3.6, Max: 17.3, Diff: 17.3, Sum: 28.7]
      [Update RS (ms): Min: 0.0, Avg: 1.7, Max: 4.0, Diff: 4.0, Sum: 13.8]
         [Processed Buffers: Min: 0, Avg: 6.5, Max: 27, Diff: 27, Sum: 52]
      [Scan RS (ms): Min: 0.0, Avg: 3.5, Max: 12.5, Diff: 12.5, Sum: 28.0]
      [Code Root Scanning (ms): Min: 0.0, Avg: 0.0, Max: 0.0, Diff: 0.0, Sum: 0.0]
      [Object Copy (ms): Min: 0.0, Avg: 6.6, Max: 9.6, Diff: 9.6, Sum: 53.1]
      [Termination (ms): Min: 0.0, Avg: 0.1, Max: 0.3, Diff: 0.3, Sum: 1.1]
         [Termination Attempts: Min: 1, Avg: 1.6, Max: 3, Diff: 2, Sum: 13]
      [GC Worker Other (ms): Min: 0.0, Avg: 0.0, Max: 0.0, Diff: 0.0, Sum: 0.2]
      [GC Worker Total (ms): Min: 9.6, Avg: 15.6, Max: 17.5, Diff: 7.9, Sum: 124.9]
      [GC Worker End (ms): Min: 64008941.7, Avg: 64008941.7, Max: 64008941.8, Diff: 0.0]
   [Code Root Fixup: 0.0 ms]
   [Code Root Purge: 0.0 ms]
   [Clear CT: 0.1 ms]
   [Other: 1.2 ms]
      [Choose CSet: 0.0 ms]
      [Ref Proc: 0.3 ms]
      [Ref Enq: 0.0 ms]
      [Redirty Cards: 0.1 ms]
      [Humongous Register: 0.2 ms]
      [Humongous Reclaim: 0.0 ms]
      [Free CSet: 0.1 ms]
   [Eden: 46.0M(46.0M)->0.0B(44.0M) Survivors: 5120.0K->7168.0K Heap: 295.1M(1024.0M)->250.7M(1024.0M)]
 [Times: user=0.06 sys=0.01, real=0.02 secs] 
2021-04-24T04:14:01.312+0800: 64031.040: [GC pause (G1 Evacuation Pause) (young), 0.0187534 secs]
   [Parallel Time: 17.4 ms, GC Workers: 8]
      [GC Worker Start (ms): Min: 64031040.6, Avg: 64031040.8, Max: 64031041.3, Diff: 0.8]
      [Ext Root Scanning (ms): Min: 0.0, Avg: 2.3, Max: 14.0, Diff: 14.0, Sum: 18.3]
      [Update RS (ms): Min: 0.0, Avg: 2.2, Max: 6.3, Diff: 6.3, Sum: 18.0]
         [Processed Buffers: Min: 0, Avg: 5.2, Max: 18, Diff: 18, Sum: 42]
      [Scan RS (ms): Min: 0.0, Avg: 1.7, Max: 3.5, Diff: 3.5, Sum: 13.5]
      [Code Root Scanning (ms): Min: 0.0, Avg: 0.0, Max: 0.0, Diff: 0.0, Sum: 0.0]
      [Object Copy (ms): Min: 3.1, Avg: 10.8, Max: 16.7, Diff: 13.5, Sum: 86.3]
      [Termination (ms): Min: 0.0, Avg: 0.0, Max: 0.1, Diff: 0.1, Sum: 0.4]
         [Termination Attempts: Min: 1, Avg: 2.5, Max: 6, Diff: 5, Sum: 20]
      [GC Worker Other (ms): Min: 0.0, Avg: 0.0, Max: 0.0, Diff: 0.0, Sum: 0.1]
      [GC Worker Total (ms): Min: 16.5, Avg: 17.1, Max: 17.3, Diff: 0.8, Sum: 136.5]
      [GC Worker End (ms): Min: 64031057.9, Avg: 64031057.9, Max: 64031057.9, Diff: 0.0]
   [Code Root Fixup: 0.0 ms]
   [Code Root Purge: 0.0 ms]
   [Clear CT: 0.2 ms]
   [Other: 1.1 ms]
      [Choose CSet: 0.0 ms]
      [Ref Proc: 0.3 ms]
      [Ref Enq: 0.0 ms]
      [Redirty Cards: 0.1 ms]
      [Humongous Register: 0.1 ms]
      [Humongous Reclaim: 0.0 ms]
      [Free CSet: 0.1 ms]
   [Eden: 44.0M(44.0M)->0.0B(44.0M) Survivors: 7168.0K->7168.0K Heap: 294.7M(1024.0M)->252.5M(1024.0M)]
 [Times: user=0.06 sys=0.01, real=0.02 secs] 
2021-04-24T04:14:23.449+0800: 64053.178: [GC pause (G1 Evacuation Pause) (young), 0.0191038 secs]
   [Parallel Time: 17.4 ms, GC Workers: 8]
      [GC Worker Start (ms): Min: 64053178.7, Avg: 64053179.4, Max: 64053182.3, Diff: 3.6]
      [Ext Root Scanning (ms): Min: 0.0, Avg: 2.4, Max: 8.4, Diff: 8.4, Sum: 19.1]
      [Update RS (ms): Min: 0.0, Avg: 2.5, Max: 6.9, Diff: 6.9, Sum: 20.4]
         [Processed Buffers: Min: 0, Avg: 5.8, Max: 30, Diff: 30, Sum: 46]
      [Scan RS (ms): Min: 0.0, Avg: 1.1, Max: 2.3, Diff: 2.3, Sum: 8.5]
      [Code Root Scanning (ms): Min: 0.0, Avg: 0.0, Max: 0.0, Diff: 0.0, Sum: 0.0]
      [Object Copy (ms): Min: 8.8, Avg: 10.7, Max: 16.5, Diff: 7.7, Sum: 85.4]
      [Termination (ms): Min: 0.0, Avg: 0.0, Max: 0.1, Diff: 0.1, Sum: 0.3]
         [Termination Attempts: Min: 1, Avg: 2.2, Max: 4, Diff: 3, Sum: 18]
      [GC Worker Other (ms): Min: 0.0, Avg: 0.0, Max: 0.0, Diff: 0.0, Sum: 0.1]
      [GC Worker Total (ms): Min: 13.8, Avg: 16.7, Max: 17.4, Diff: 3.5, Sum: 133.8]
      [GC Worker End (ms): Min: 64053196.1, Avg: 64053196.1, Max: 64053196.1, Diff: 0.0]
   [Code Root Fixup: 0.0 ms]
   [Code Root Purge: 0.0 ms]
   [Clear CT: 0.1 ms]
   [Other: 1.5 ms]
      [Choose CSet: 0.0 ms]
      [Ref Proc: 0.3 ms]
      [Ref Enq: 0.0 ms]
      [Redirty Cards: 0.1 ms]
      [Humongous Register: 0.1 ms]
      [Humongous Reclaim: 0.0 ms]
      [Free CSet: 0.1 ms]
   [Eden: 44.0M(44.0M)->0.0B(46.0M) Survivors: 7168.0K->5120.0K Heap: 296.5M(1024.0M)->251.5M(1024.0M)]
 [Times: user=0.05 sys=0.01, real=0.02 secs] 
2021-04-24T04:14:46.534+0800: 64076.264: [GC pause (G1 Evacuation Pause) (young), 0.0192105 secs]
   [Parallel Time: 16.8 ms, GC Workers: 8]
      [GC Worker Start (ms): Min: 64076264.7, Avg: 64076265.0, Max: 64076265.3, Diff: 0.6]
      [Ext Root Scanning (ms): Min: 1.1, Avg: 4.1, Max: 15.1, Diff: 14.0, Sum: 33.0]
      [Update RS (ms): Min: 0.0, Avg: 2.5, Max: 9.9, Diff: 9.9, Sum: 20.1]
         [Processed Buffers: Min: 0, Avg: 5.8, Max: 19, Diff: 19, Sum: 46]
      [Scan RS (ms): Min: 0.0, Avg: 2.8, Max: 8.9, Diff: 8.9, Sum: 22.7]
      [Code Root Scanning (ms): Min: 0.0, Avg: 0.0, Max: 0.0, Diff: 0.0, Sum: 0.0]
      [Object Copy (ms): Min: 1.3, Avg: 6.8, Max: 13.0, Diff: 11.7, Sum: 54.3]
      [Termination (ms): Min: 0.0, Avg: 0.1, Max: 0.1, Diff: 0.1, Sum: 0.5]
         [Termination Attempts: Min: 1, Avg: 34.6, Max: 59, Diff: 58, Sum: 277]
      [GC Worker Other (ms): Min: 0.0, Avg: 0.0, Max: 0.0, Diff: 0.0, Sum: 0.2]
      [GC Worker Total (ms): Min: 16.1, Avg: 16.4, Max: 16.6, Diff: 0.6, Sum: 130.9]
      [GC Worker End (ms): Min: 64076281.3, Avg: 64076281.4, Max: 64076281.4, Diff: 0.0]
   [Code Root Fixup: 0.0 ms]
   [Code Root Purge: 0.0 ms]
   [Clear CT: 0.1 ms]
   [Other: 2.3 ms]
      [Choose CSet: 0.0 ms]
      [Ref Proc: 0.7 ms]
      [Ref Enq: 0.0 ms]
      [Redirty Cards: 0.1 ms]
      [Humongous Register: 0.6 ms]
      [Humongous Reclaim: 0.0 ms]
      [Free CSet: 0.2 ms]
   [Eden: 46.0M(46.0M)->0.0B(44.0M) Survivors: 5120.0K->7168.0K Heap: 297.5M(1024.0M)->254.2M(1024.0M)]
 [Times: user=0.05 sys=0.01, real=0.02 secs] 
2021-04-24T04:15:08.586+0800: 64098.315: [GC pause (G1 Evacuation Pause) (young), 0.0187583 secs]
   [Parallel Time: 17.1 ms, GC Workers: 8]
      [GC Worker Start (ms): Min: 64098315.7, Avg: 64098316.0, Max: 64098316.2, Diff: 0.5]
      [Ext Root Scanning (ms): Min: 0.8, Avg: 1.3, Max: 2.1, Diff: 1.3, Sum: 10.6]
      [Update RS (ms): Min: 1.1, Avg: 3.0, Max: 8.0, Diff: 6.9, Sum: 24.2]
         [Processed Buffers: Min: 0, Avg: 5.9, Max: 23, Diff: 23, Sum: 47]
      [Scan RS (ms): Min: 0.0, Avg: 1.2, Max: 2.2, Diff: 2.2, Sum: 9.7]
      [Code Root Scanning (ms): Min: 0.0, Avg: 0.0, Max: 0.0, Diff: 0.0, Sum: 0.0]
      [Object Copy (ms): Min: 6.9, Avg: 10.9, Max: 12.6, Diff: 5.7, Sum: 87.3]
      [Termination (ms): Min: 0.0, Avg: 0.2, Max: 0.3, Diff: 0.3, Sum: 1.8]
         [Termination Attempts: Min: 1, Avg: 3.0, Max: 9, Diff: 8, Sum: 24]
      [GC Worker Other (ms): Min: 0.0, Avg: 0.0, Max: 0.1, Diff: 0.0, Sum: 0.2]
      [GC Worker Total (ms): Min: 16.5, Avg: 16.7, Max: 17.0, Diff: 0.5, Sum: 133.8]
      [GC Worker End (ms): Min: 64098332.7, Avg: 64098332.7, Max: 64098332.7, Diff: 0.0]
   [Code Root Fixup: 0.0 ms]
   [Code Root Purge: 0.0 ms]
   [Clear CT: 0.1 ms]
   [Other: 1.6 ms]
      [Choose CSet: 0.0 ms]
      [Ref Proc: 0.3 ms]
      [Ref Enq: 0.0 ms]
      [Redirty Cards: 0.1 ms]
      [Humongous Register: 0.1 ms]
      [Humongous Reclaim: 0.0 ms]
      [Free CSet: 0.2 ms]
   [Eden: 44.0M(44.0M)->0.0B(45.0M) Survivors: 7168.0K->6144.0K Heap: 298.2M(1024.0M)->253.9M(1024.0M)]
 [Times: user=0.05 sys=0.02, real=0.02 secs] 
2021-04-24T04:15:31.144+0800: 64120.874: [GC pause (G1 Evacuation Pause) (young), 0.0183200 secs]
   [Parallel Time: 17.1 ms, GC Workers: 8]
      [GC Worker Start (ms): Min: 64120874.6, Avg: 64120876.2, Max: 64120881.7, Diff: 7.1]
      [Ext Root Scanning (ms): Min: 0.0, Avg: 1.3, Max: 6.1, Diff: 6.1, Sum: 10.4]
      [Update RS (ms): Min: 0.0, Avg: 2.4, Max: 7.0, Diff: 7.0, Sum: 19.1]
         [Processed Buffers: Min: 0, Avg: 5.6, Max: 18, Diff: 18, Sum: 45]
      [Scan RS (ms): Min: 0.0, Avg: 2.4, Max: 4.9, Diff: 4.9, Sum: 19.2]
      [Code Root Scanning (ms): Min: 0.0, Avg: 0.0, Max: 0.0, Diff: 0.0, Sum: 0.0]
      [Object Copy (ms): Min: 7.0, Avg: 9.0, Max: 14.7, Diff: 7.6, Sum: 72.1]
      [Termination (ms): Min: 0.0, Avg: 0.1, Max: 0.2, Diff: 0.2, Sum: 1.1]
         [Termination Attempts: Min: 1, Avg: 6.0, Max: 16, Diff: 15, Sum: 48]
      [GC Worker Other (ms): Min: 0.0, Avg: 0.0, Max: 0.0, Diff: 0.0, Sum: 0.2]
      [GC Worker Total (ms): Min: 9.8, Avg: 15.3, Max: 16.9, Diff: 7.1, Sum: 122.1]
      [GC Worker End (ms): Min: 64120891.4, Avg: 64120891.5, Max: 64120891.6, Diff: 0.1]
   [Code Root Fixup: 0.0 ms]
   [Code Root Purge: 0.0 ms]
   [Clear CT: 0.1 ms]
   [Other: 1.1 ms]
      [Choose CSet: 0.0 ms]
      [Ref Proc: 0.3 ms]
      [Ref Enq: 0.0 ms]
      [Redirty Cards: 0.1 ms]
      [Humongous Register: 0.1 ms]
      [Humongous Reclaim: 0.0 ms]
      [Free CSet: 0.1 ms]
   [Eden: 45.0M(45.0M)->0.0B(61.0M) Survivors: 6144.0K->6144.0K Heap: 298.9M(1024.0M)->253.7M(1024.0M)]
 [Times: user=0.06 sys=0.01, real=0.02 secs] 
2021-04-24T04:15:53.559+0800: 64143.289: [GC pause (G1 Evacuation Pause) (young), 0.0149422 secs]
   [Parallel Time: 14.1 ms, GC Workers: 8]
      [GC Worker Start (ms): Min: 64143288.9, Avg: 64143290.0, Max: 64143295.7, Diff: 6.8]
      [Ext Root Scanning (ms): Min: 0.0, Avg: 2.8, Max: 8.8, Diff: 8.8, Sum: 22.6]
      [Update RS (ms): Min: 0.0, Avg: 1.4, Max: 3.4, Diff: 3.4, Sum: 11.1]
         [Processed Buffers: Min: 0, Avg: 5.0, Max: 24, Diff: 24, Sum: 40]
      [Scan RS (ms): Min: 0.0, Avg: 2.7, Max: 4.9, Diff: 4.9, Sum: 21.9]
      [Code Root Scanning (ms): Min: 0.0, Avg: 0.0, Max: 0.0, Diff: 0.0, Sum: 0.0]
      [Object Copy (ms): Min: 4.8, Avg: 5.9, Max: 12.6, Diff: 7.9, Sum: 47.3]
      [Termination (ms): Min: 0.0, Avg: 0.0, Max: 0.0, Diff: 0.0, Sum: 0.1]
         [Termination Attempts: Min: 1, Avg: 22.6, Max: 36, Diff: 35, Sum: 181]
      [GC Worker Other (ms): Min: 0.0, Avg: 0.0, Max: 0.1, Diff: 0.1, Sum: 0.3]
      [GC Worker Total (ms): Min: 7.2, Avg: 12.9, Max: 14.0, Diff: 6.8, Sum: 103.2]
      [GC Worker End (ms): Min: 64143302.9, Avg: 64143302.9, Max: 64143302.9, Diff: 0.1]
   [Code Root Fixup: 0.0 ms]
   [Code Root Purge: 0.0 ms]
   [Clear CT: 0.1 ms]
   [Other: 0.8 ms]
      [Choose CSet: 0.0 ms]
      [Ref Proc: 0.2 ms]
      [Ref Enq: 0.0 ms]
      [Redirty Cards: 0.1 ms]
      [Humongous Register: 0.1 ms]
      [Humongous Reclaim: 0.0 ms]
      [Free CSet: 0.1 ms]
   [Eden: 45.0M(45.0M)->0.0B(113.0M) Survivors: 6144.0K->6144.0K Heap: 298.7M(1024.0M)->254.5M(1024.0M)]
 [Times: user=0.05 sys=0.01, real=0.02 secs] 
2021-04-24T04:16:15.998+0800: 64165.729: [GC pause (G1 Evacuation Pause) (young), 0.0167410 secs]
   [Parallel Time: 15.7 ms, GC Workers: 8]
      [GC Worker Start (ms): Min: 64165728.9, Avg: 64165732.1, Max: 64165743.0, Diff: 14.0]
      [Ext Root Scanning (ms): Min: 0.0, Avg: 0.7, Max: 2.6, Diff: 2.6, Sum: 5.4]
      [Update RS (ms): Min: 0.0, Avg: 1.0, Max: 2.6, Diff: 2.6, Sum: 7.8]
         [Processed Buffers: Min: 0, Avg: 5.9, Max: 24, Diff: 24, Sum: 47]
      [Scan RS (ms): Min: 0.0, Avg: 4.4, Max: 10.5, Diff: 10.5, Sum: 35.4]
      [Code Root Scanning (ms): Min: 0.0, Avg: 0.0, Max: 0.0, Diff: 0.0, Sum: 0.0]
      [Object Copy (ms): Min: 1.4, Avg: 6.3, Max: 12.3, Diff: 10.9, Sum: 50.1]
      [Termination (ms): Min: 0.0, Avg: 0.1, Max: 0.1, Diff: 0.1, Sum: 0.5]
         [Termination Attempts: Min: 1, Avg: 5.4, Max: 10, Diff: 9, Sum: 43]
      [GC Worker Other (ms): Min: 0.0, Avg: 0.0, Max: 0.0, Diff: 0.0, Sum: 0.2]
      [GC Worker Total (ms): Min: 1.5, Avg: 12.4, Max: 15.6, Diff: 14.0, Sum: 99.5]
      [GC Worker End (ms): Min: 64165744.5, Avg: 64165744.5, Max: 64165744.5, Diff: 0.1]
   [Code Root Fixup: 0.0 ms]
   [Code Root Purge: 0.0 ms]
   [Clear CT: 0.1 ms]
   [Other: 0.9 ms]
      [Choose CSet: 0.0 ms]
      [Ref Proc: 0.3 ms]
      [Ref Enq: 0.0 ms]
      [Redirty Cards: 0.1 ms]
      [Humongous Register: 0.1 ms]
      [Humongous Reclaim: 0.0 ms]
      [Free CSet: 0.1 ms]
   [Eden: 45.0M(45.0M)->0.0B(124.0M) Survivors: 6144.0K->7168.0K Heap: 299.5M(1024.0M)->256.2M(1024.0M)]
 [Times: user=0.05 sys=0.00, real=0.02 secs] 
2021-04-24T04:16:37.883+0800: 64187.614: [GC pause (G1 Evacuation Pause) (young), 0.0234586 secs]
   [Parallel Time: 22.7 ms, GC Workers: 8]
      [GC Worker Start (ms): Min: 64187613.8, Avg: 64187616.3, Max: 64187620.5, Diff: 6.7]
      [Ext Root Scanning (ms): Min: 0.0, Avg: 1.2, Max: 6.6, Diff: 6.6, Sum: 9.3]
      [Update RS (ms): Min: 0.0, Avg: 1.1, Max: 3.1, Diff: 3.1, Sum: 8.7]
         [Processed Buffers: Min: 0, Avg: 6.1, Max: 21, Diff: 21, Sum: 49]
      [Scan RS (ms): Min: 0.0, Avg: 1.6, Max: 3.7, Diff: 3.7, Sum: 12.7]
      [Code Root Scanning (ms): Min: 0.0, Avg: 0.0, Max: 0.0, Diff: 0.0, Sum: 0.0]
      [Object Copy (ms): Min: 15.0, Avg: 16.2, Max: 18.8, Diff: 3.8, Sum: 129.8]
      [Termination (ms): Min: 0.0, Avg: 0.0, Max: 0.1, Diff: 0.1, Sum: 0.3]
         [Termination Attempts: Min: 1, Avg: 1.0, Max: 1, Diff: 0, Sum: 8]
      [GC Worker Other (ms): Min: 0.0, Avg: 0.0, Max: 0.0, Diff: 0.0, Sum: 0.1]
      [GC Worker Total (ms): Min: 15.9, Avg: 20.1, Max: 22.6, Diff: 6.7, Sum: 160.9]
      [GC Worker End (ms): Min: 64187636.4, Avg: 64187636.4, Max: 64187636.4, Diff: 0.0]
   [Code Root Fixup: 0.0 ms]
   [Code Root Purge: 0.0 ms]
   [Clear CT: 0.1 ms]
   [Other: 0.7 ms]
      [Choose CSet: 0.0 ms]
      [Ref Proc: 0.2 ms]
      [Ref Enq: 0.0 ms]
      [Redirty Cards: 0.1 ms]
      [Humongous Register: 0.1 ms]
      [Humongous Reclaim: 0.0 ms]
      [Free CSet: 0.1 ms]
   [Eden: 44.0M(44.0M)->0.0B(80.0M) Survivors: 7168.0K->7168.0K Heap: 300.2M(1024.0M)->257.3M(1024.0M)]
 [Times: user=0.05 sys=0.02, real=0.02 secs] 
2021-04-24T04:16:59.705+0800: 64209.436: [GC pause (G1 Evacuation Pause) (young), 0.0187100 secs]
   [Parallel Time: 17.3 ms, GC Workers: 8]
      [GC Worker Start (ms): Min: 64209435.8, Avg: 64209435.9, Max: 64209436.4, Diff: 0.6]
      [Ext Root Scanning (ms): Min: 0.0, Avg: 1.2, Max: 5.5, Diff: 5.4, Sum: 9.6]
      [Update RS (ms): Min: 0.0, Avg: 1.9, Max: 4.8, Diff: 4.8, Sum: 15.5]
         [Processed Buffers: Min: 0, Avg: 6.1, Max: 37, Diff: 37, Sum: 49]
      [Scan RS (ms): Min: 0.1, Avg: 2.0, Max: 3.4, Diff: 3.3, Sum: 16.2]
      [Code Root Scanning (ms): Min: 0.0, Avg: 0.0, Max: 0.0, Diff: 0.0, Sum: 0.0]
      [Object Copy (ms): Min: 11.0, Avg: 11.9, Max: 15.5, Diff: 4.5, Sum: 95.0]
      [Termination (ms): Min: 0.0, Avg: 0.1, Max: 0.1, Diff: 0.1, Sum: 0.4]
         [Termination Attempts: Min: 1, Avg: 2.1, Max: 6, Diff: 5, Sum: 17]
      [GC Worker Other (ms): Min: 0.0, Avg: 0.0, Max: 0.0, Diff: 0.0, Sum: 0.1]
      [GC Worker Total (ms): Min: 16.6, Avg: 17.1, Max: 17.3, Diff: 0.6, Sum: 136.8]
      [GC Worker End (ms): Min: 64209453.0, Avg: 64209453.0, Max: 64209453.0, Diff: 0.0]
   [Code Root Fixup: 0.0 ms]
   [Code Root Purge: 0.0 ms]
   [Clear CT: 0.1 ms]
   [Other: 1.3 ms]
      [Choose CSet: 0.0 ms]
      [Ref Proc: 0.2 ms]
      [Ref Enq: 0.0 ms]
      [Redirty Cards: 0.1 ms]
      [Humongous Register: 0.1 ms]
      [Humongous Reclaim: 0.0 ms]
      [Free CSet: 0.1 ms]
   [Eden: 44.0M(44.0M)->0.0B(102.0M) Survivors: 7168.0K->5120.0K Heap: 301.3M(1024.0M)->256.9M(1024.0M)]
 [Times: user=0.05 sys=0.01, real=0.02 secs] 
2021-04-24T04:17:40.152+0800: 64249.883: [GC pause (G1 Evacuation Pause) (young), 0.0148998 secs]
   [Parallel Time: 13.7 ms, GC Workers: 8]
      [GC Worker Start (ms): Min: 64249883.2, Avg: 64249885.6, Max: 64249892.3, Diff: 9.1]
      [Ext Root Scanning (ms): Min: 0.0, Avg: 2.2, Max: 9.1, Diff: 9.1, Sum: 17.9]
      [Update RS (ms): Min: 0.0, Avg: 2.4, Max: 5.8, Diff: 5.8, Sum: 19.1]
         [Processed Buffers: Min: 0, Avg: 6.4, Max: 34, Diff: 34, Sum: 51]
      [Scan RS (ms): Min: 0.5, Avg: 2.7, Max: 4.7, Diff: 4.2, Sum: 21.7]
      [Code Root Scanning (ms): Min: 0.0, Avg: 0.0, Max: 0.0, Diff: 0.0, Sum: 0.0]
      [Object Copy (ms): Min: 3.3, Avg: 3.7, Max: 3.8, Diff: 0.5, Sum: 30.0]
      [Termination (ms): Min: 0.0, Avg: 0.0, Max: 0.1, Diff: 0.1, Sum: 0.4]
         [Termination Attempts: Min: 1, Avg: 17.1, Max: 27, Diff: 26, Sum: 137]
      [GC Worker Other (ms): Min: 0.0, Avg: 0.0, Max: 0.0, Diff: 0.0, Sum: 0.2]
      [GC Worker Total (ms): Min: 4.4, Avg: 11.2, Max: 13.6, Diff: 9.1, Sum: 89.3]
      [GC Worker End (ms): Min: 64249896.7, Avg: 64249896.7, Max: 64249896.8, Diff: 0.1]
   [Code Root Fixup: 0.0 ms]
   [Code Root Purge: 0.0 ms]
   [Clear CT: 0.1 ms]
   [Other: 1.1 ms]
      [Choose CSet: 0.0 ms]
      [Ref Proc: 0.3 ms]
      [Ref Enq: 0.0 ms]
      [Redirty Cards: 0.1 ms]
      [Humongous Register: 0.1 ms]
      [Humongous Reclaim: 0.0 ms]
      [Free CSet: 0.2 ms]
   [Eden: 81.0M(46.0M)->0.0B(135.0M) Survivors: 5120.0K->7168.0K Heap: 337.9M(1024.0M)->258.7M(1024.0M)]
 [Times: user=0.06 sys=0.00, real=0.01 secs] 
2021-04-24T04:18:47.681+0800: 64317.413: [GC pause (G1 Evacuation Pause) (young), 0.0269765 secs]
   [Parallel Time: 25.7 ms, GC Workers: 8]
      [GC Worker Start (ms): Min: 64317413.8, Avg: 64317416.7, Max: 64317421.0, Diff: 7.2]
      [Ext Root Scanning (ms): Min: 0.0, Avg: 1.1, Max: 6.0, Diff: 6.0, Sum: 8.8]
      [Update RS (ms): Min: 0.0, Avg: 1.9, Max: 4.4, Diff: 4.4, Sum: 15.6]
         [Processed Buffers: Min: 0, Avg: 6.1, Max: 22, Diff: 22, Sum: 49]
      [Scan RS (ms): Min: 0.9, Avg: 2.2, Max: 3.2, Diff: 2.3, Sum: 17.2]
      [Code Root Scanning (ms): Min: 0.0, Avg: 0.0, Max: 0.0, Diff: 0.0, Sum: 0.0]
      [Object Copy (ms): Min: 17.2, Avg: 17.3, Max: 17.5, Diff: 0.3, Sum: 138.2]
      [Termination (ms): Min: 0.0, Avg: 0.1, Max: 0.2, Diff: 0.2, Sum: 0.9]
         [Termination Attempts: Min: 1, Avg: 1.5, Max: 2, Diff: 1, Sum: 12]
      [GC Worker Other (ms): Min: 0.0, Avg: 0.0, Max: 0.1, Diff: 0.0, Sum: 0.3]
      [GC Worker Total (ms): Min: 18.4, Avg: 22.6, Max: 25.6, Diff: 7.2, Sum: 181.0]
      [GC Worker End (ms): Min: 64317439.3, Avg: 64317439.4, Max: 64317439.4, Diff: 0.0]
   [Code Root Fixup: 0.0 ms]
   [Code Root Purge: 0.0 ms]
   [Clear CT: 0.1 ms]
   [Other: 1.2 ms]
      [Choose CSet: 0.0 ms]
      [Ref Proc: 0.5 ms]
      [Ref Enq: 0.0 ms]
      [Redirty Cards: 0.1 ms]
      [Humongous Register: 0.1 ms]
      [Humongous Reclaim: 0.0 ms]
      [Free CSet: 0.2 ms]
   [Eden: 135.0M(135.0M)->0.0B(80.0M) Survivors: 7168.0K->10.0M Heap: 393.7M(1024.0M)->261.4M(1024.0M)]
 [Times: user=0.06 sys=0.02, real=0.02 secs] 
2021-04-24T04:19:27.681+0800: 64357.413: [GC pause (G1 Evacuation Pause) (young), 0.0232226 secs]
   [Parallel Time: 22.3 ms, GC Workers: 8]
      [GC Worker Start (ms): Min: 64357413.4, Avg: 64357414.5, Max: 64357419.9, Diff: 6.5]
      [Ext Root Scanning (ms): Min: 0.0, Avg: 1.5, Max: 6.2, Diff: 6.2, Sum: 12.3]
      [Update RS (ms): Min: 0.0, Avg: 1.3, Max: 3.2, Diff: 3.2, Sum: 10.8]
         [Processed Buffers: Min: 0, Avg: 5.1, Max: 18, Diff: 18, Sum: 41]
      [Scan RS (ms): Min: 0.0, Avg: 1.3, Max: 2.4, Diff: 2.4, Sum: 10.8]
      [Code Root Scanning (ms): Min: 0.0, Avg: 0.0, Max: 0.0, Diff: 0.0, Sum: 0.0]
      [Object Copy (ms): Min: 15.1, Avg: 16.5, Max: 20.7, Diff: 5.6, Sum: 132.3]
      [Termination (ms): Min: 0.0, Avg: 0.1, Max: 0.3, Diff: 0.3, Sum: 1.1]
         [Termination Attempts: Min: 1, Avg: 1.8, Max: 3, Diff: 2, Sum: 14]
      [GC Worker Other (ms): Min: 0.0, Avg: 0.0, Max: 0.0, Diff: 0.0, Sum: 0.1]
      [GC Worker Total (ms): Min: 15.4, Avg: 20.9, Max: 22.1, Diff: 6.7, Sum: 167.3]
      [GC Worker End (ms): Min: 64357435.3, Avg: 64357435.4, Max: 64357435.5, Diff: 0.2]
   [Code Root Fixup: 0.0 ms]
   [Code Root Purge: 0.0 ms]
   [Clear CT: 0.1 ms]
   [Other: 0.9 ms]
      [Choose CSet: 0.0 ms]
      [Ref Proc: 0.2 ms]
      [Ref Enq: 0.0 ms]
      [Redirty Cards: 0.1 ms]
      [Humongous Register: 0.2 ms]
      [Humongous Reclaim: 0.0 ms]
      [Free CSet: 0.1 ms]
   [Eden: 80.0M(80.0M)->0.0B(61.0M) Survivors: 10.0M->8192.0K Heap: 341.4M(1024.0M)->260.5M(1024.0M)]
 [Times: user=0.07 sys=0.01, real=0.02 secs] 
2021-04-24T04:19:49.113+0800: 64378.845: [GC pause (G1 Evacuation Pause) (young), 0.0240285 secs]
   [Parallel Time: 22.7 ms, GC Workers: 8]
      [GC Worker Start (ms): Min: 64378845.6, Avg: 64378847.6, Max: 64378854.2, Diff: 8.6]
      [Ext Root Scanning (ms): Min: 0.0, Avg: 2.4, Max: 7.3, Diff: 7.3, Sum: 19.1]
      [Update RS (ms): Min: 0.0, Avg: 1.2, Max: 3.7, Diff: 3.7, Sum: 9.9]
         [Processed Buffers: Min: 0, Avg: 6.2, Max: 19, Diff: 19, Sum: 50]
      [Scan RS (ms): Min: 0.1, Avg: 3.2, Max: 5.3, Diff: 5.2, Sum: 25.2]
      [Code Root Scanning (ms): Min: 0.0, Avg: 0.0, Max: 0.0, Diff: 0.0, Sum: 0.0]
      [Object Copy (ms): Min: 13.2, Avg: 13.5, Max: 13.8, Diff: 0.6, Sum: 107.6]
      [Termination (ms): Min: 0.0, Avg: 0.3, Max: 0.4, Diff: 0.4, Sum: 2.5]
         [Termination Attempts: Min: 1, Avg: 3.6, Max: 6, Diff: 5, Sum: 29]
      [GC Worker Other (ms): Min: 0.0, Avg: 0.0, Max: 0.1, Diff: 0.1, Sum: 0.3]
      [GC Worker Total (ms): Min: 13.9, Avg: 20.6, Max: 22.5, Diff: 8.6, Sum: 164.6]
      [GC Worker End (ms): Min: 64378868.1, Avg: 64378868.1, Max: 64378868.2, Diff: 0.1]
   [Code Root Fixup: 0.0 ms]
   [Code Root Purge: 0.0 ms]
   [Clear CT: 0.1 ms]
   [Other: 1.2 ms]
      [Choose CSet: 0.0 ms]
      [Ref Proc: 0.4 ms]
      [Ref Enq: 0.0 ms]
      [Redirty Cards: 0.1 ms]
      [Humongous Register: 0.2 ms]
      [Humongous Reclaim: 0.0 ms]
      [Free CSet: 0.1 ms]
   [Eden: 43.0M(43.0M)->0.0B(45.0M) Survivors: 8192.0K->6144.0K Heap: 303.5M(1024.0M)->261.4M(1024.0M)]
 [Times: user=0.07 sys=0.02, real=0.02 secs] 
2021-04-24T04:20:11.676+0800: 64401.409: [GC pause (G1 Evacuation Pause) (young), 0.0166903 secs]
   [Parallel Time: 15.2 ms, GC Workers: 8]
      [GC Worker Start (ms): Min: 64401409.4, Avg: 64401410.6, Max: 64401417.9, Diff: 8.6]
      [Ext Root Scanning (ms): Min: 0.0, Avg: 2.5, Max: 8.8, Diff: 8.8, Sum: 19.7]
      [Update RS (ms): Min: 0.0, Avg: 2.1, Max: 5.5, Diff: 5.5, Sum: 17.1]
         [Processed Buffers: Min: 0, Avg: 7.0, Max: 22, Diff: 22, Sum: 56]
      [Scan RS (ms): Min: 0.0, Avg: 1.8, Max: 3.7, Diff: 3.7, Sum: 14.6]
      [Code Root Scanning (ms): Min: 0.0, Avg: 0.0, Max: 0.0, Diff: 0.0, Sum: 0.0]
      [Object Copy (ms): Min: 6.2, Avg: 7.3, Max: 12.9, Diff: 6.8, Sum: 58.4]
      [Termination (ms): Min: 0.0, Avg: 0.1, Max: 0.2, Diff: 0.2, Sum: 0.5]
         [Termination Attempts: Min: 1, Avg: 11.6, Max: 20, Diff: 19, Sum: 93]
      [GC Worker Other (ms): Min: 0.0, Avg: 0.0, Max: 0.1, Diff: 0.1, Sum: 0.3]
      [GC Worker Total (ms): Min: 6.5, Avg: 13.8, Max: 15.1, Diff: 8.6, Sum: 110.7]
      [GC Worker End (ms): Min: 64401424.4, Avg: 64401424.5, Max: 64401424.5, Diff: 0.1]
   [Code Root Fixup: 0.0 ms]
   [Code Root Purge: 0.0 ms]
   [Clear CT: 0.3 ms]
   [Other: 1.2 ms]
      [Choose CSet: 0.0 ms]
      [Ref Proc: 0.4 ms]
      [Ref Enq: 0.0 ms]
      [Redirty Cards: 0.3 ms]
      [Humongous Register: 0.1 ms]
      [Humongous Reclaim: 0.0 ms]
      [Free CSet: 0.1 ms]
   [Eden: 45.0M(45.0M)->0.0B(91.0M) Survivors: 6144.0K->6144.0K Heap: 306.4M(1024.0M)->263.8M(1024.0M)]
 [Times: user=0.05 sys=0.01, real=0.02 secs] 
2021-04-24T04:20:57.501+0800: 64447.235: [GC pause (G1 Evacuation Pause) (young), 0.0222708 secs]
   [Parallel Time: 21.4 ms, GC Workers: 8]
      [GC Worker Start (ms): Min: 64447235.0, Avg: 64447235.4, Max: 64447236.3, Diff: 1.3]
      [Ext Root Scanning (ms): Min: 0.0, Avg: 2.6, Max: 14.2, Diff: 14.2, Sum: 20.8]
      [Update RS (ms): Min: 0.0, Avg: 3.2, Max: 7.3, Diff: 7.3, Sum: 25.7]
         [Processed Buffers: Min: 0, Avg: 6.2, Max: 15, Diff: 15, Sum: 50]
      [Scan RS (ms): Min: 0.0, Avg: 3.0, Max: 6.3, Diff: 6.3, Sum: 24.0]
      [Code Root Scanning (ms): Min: 0.0, Avg: 0.0, Max: 0.0, Diff: 0.0, Sum: 0.0]
      [Object Copy (ms): Min: 6.9, Avg: 12.0, Max: 14.0, Diff: 7.1, Sum: 95.7]
      [Termination (ms): Min: 0.0, Avg: 0.1, Max: 0.1, Diff: 0.1, Sum: 0.7]
         [Termination Attempts: Min: 1, Avg: 54.0, Max: 81, Diff: 80, Sum: 432]
      [GC Worker Other (ms): Min: 0.0, Avg: 0.0, Max: 0.0, Diff: 0.0, Sum: 0.2]
      [GC Worker Total (ms): Min: 20.0, Avg: 20.9, Max: 21.3, Diff: 1.3, Sum: 167.1]
      [GC Worker End (ms): Min: 64447256.3, Avg: 64447256.3, Max: 64447256.3, Diff: 0.0]
   [Code Root Fixup: 0.0 ms]
   [Code Root Purge: 0.0 ms]
   [Clear CT: 0.1 ms]
   [Other: 0.8 ms]
      [Choose CSet: 0.0 ms]
      [Ref Proc: 0.3 ms]
      [Ref Enq: 0.0 ms]
      [Redirty Cards: 0.0 ms]
      [Humongous Register: 0.1 ms]
      [Humongous Reclaim: 0.0 ms]
      [Free CSet: 0.1 ms]
   [Eden: 91.0M(91.0M)->0.0B(60.0M) Survivors: 6144.0K->8192.0K Heap: 354.8M(1024.0M)->265.7M(1024.0M)]
 [Times: user=0.06 sys=0.01, real=0.03 secs] 
2021-04-24T04:21:27.167+0800: 64476.901: [GC pause (G1 Evacuation Pause) (young), 0.0167303 secs]
   [Parallel Time: 15.7 ms, GC Workers: 8]
      [GC Worker Start (ms): Min: 64476901.4, Avg: 64476902.0, Max: 64476904.3, Diff: 2.9]
      [Ext Root Scanning (ms): Min: 0.0, Avg: 1.0, Max: 5.0, Diff: 5.0, Sum: 7.9]
      [Update RS (ms): Min: 0.0, Avg: 1.6, Max: 5.4, Diff: 5.4, Sum: 12.5]
         [Processed Buffers: Min: 0, Avg: 5.4, Max: 18, Diff: 18, Sum: 43]
      [Scan RS (ms): Min: 0.0, Avg: 1.3, Max: 2.5, Diff: 2.5, Sum: 10.7]
      [Code Root Scanning (ms): Min: 0.0, Avg: 0.0, Max: 0.0, Diff: 0.0, Sum: 0.0]
      [Object Copy (ms): Min: 9.4, Avg: 11.0, Max: 14.8, Diff: 5.4, Sum: 88.3]
      [Termination (ms): Min: 0.0, Avg: 0.1, Max: 0.1, Diff: 0.1, Sum: 0.5]
         [Termination Attempts: Min: 1, Avg: 3.1, Max: 7, Diff: 6, Sum: 25]
      [GC Worker Other (ms): Min: 0.0, Avg: 0.0, Max: 0.1, Diff: 0.0, Sum: 0.2]
      [GC Worker Total (ms): Min: 12.7, Avg: 15.0, Max: 15.6, Diff: 2.8, Sum: 120.0]
      [GC Worker End (ms): Min: 64476917.0, Avg: 64476917.0, Max: 64476917.1, Diff: 0.1]
   [Code Root Fixup: 0.0 ms]
   [Code Root Purge: 0.0 ms]
   [Clear CT: 0.1 ms]
   [Other: 0.9 ms]
      [Choose CSet: 0.0 ms]
      [Ref Proc: 0.3 ms]
      [Ref Enq: 0.0 ms]
      [Redirty Cards: 0.1 ms]
      [Humongous Register: 0.1 ms]
      [Humongous Reclaim: 0.0 ms]
      [Free CSet: 0.1 ms]
   [Eden: 60.0M(60.0M)->0.0B(120.0M) Survivors: 8192.0K->8192.0K Heap: 325.7M(1024.0M)->265.8M(1024.0M)]
 [Times: user=0.05 sys=0.01, real=0.02 secs] 
2021-04-24T04:22:27.572+0800: 64537.306: [GC pause (G1 Evacuation Pause) (young), 0.0221525 secs]
   [Parallel Time: 21.2 ms, GC Workers: 8]
      [GC Worker Start (ms): Min: 64537306.5, Avg: 64537306.9, Max: 64537308.1, Diff: 1.5]
      [Ext Root Scanning (ms): Min: 0.0, Avg: 4.4, Max: 11.7, Diff: 11.7, Sum: 35.1]
      [Update RS (ms): Min: 0.0, Avg: 1.6, Max: 3.4, Diff: 3.4, Sum: 13.0]
         [Processed Buffers: Min: 0, Avg: 6.2, Max: 22, Diff: 22, Sum: 50]
      [Scan RS (ms): Min: 0.0, Avg: 3.3, Max: 6.4, Diff: 6.4, Sum: 26.5]
      [Code Root Scanning (ms): Min: 0.0, Avg: 0.0, Max: 0.0, Diff: 0.0, Sum: 0.0]
      [Object Copy (ms): Min: 8.7, Avg: 11.3, Max: 15.8, Diff: 7.2, Sum: 90.6]
      [Termination (ms): Min: 0.0, Avg: 0.0, Max: 0.1, Diff: 0.1, Sum: 0.2]
         [Termination Attempts: Min: 1, Avg: 9.0, Max: 14, Diff: 13, Sum: 72]
      [GC Worker Other (ms): Min: 0.0, Avg: 0.1, Max: 0.3, Diff: 0.3, Sum: 0.5]
      [GC Worker Total (ms): Min: 19.6, Avg: 20.7, Max: 21.1, Diff: 1.6, Sum: 165.9]
      [GC Worker End (ms): Min: 64537327.6, Avg: 64537327.6, Max: 64537327.7, Diff: 0.0]
   [Code Root Fixup: 0.1 ms]
   [Code Root Purge: 0.0 ms]
   [Clear CT: 0.1 ms]
   [Other: 0.8 ms]
      [Choose CSet: 0.0 ms]
      [Ref Proc: 0.2 ms]
      [Ref Enq: 0.0 ms]
      [Redirty Cards: 0.1 ms]
      [Humongous Register: 0.1 ms]
      [Humongous Reclaim: 0.0 ms]
      [Free CSet: 0.1 ms]
   [Eden: 120.0M(120.0M)->0.0B(87.0M) Survivors: 8192.0K->9216.0K Heap: 385.8M(1024.0M)->266.8M(1024.0M)]
 [Times: user=0.07 sys=0.02, real=0.02 secs] 
2021-04-24T04:22:48.570+0800: 64558.305: [GC pause (G1 Evacuation Pause) (young), 0.0300887 secs]
   [Parallel Time: 29.3 ms, GC Workers: 8]
      [GC Worker Start (ms): Min: 64558305.3, Avg: 64558306.6, Max: 64558310.0, Diff: 4.6]
      [Ext Root Scanning (ms): Min: 0.0, Avg: 1.9, Max: 6.7, Diff: 6.7, Sum: 15.5]
      [Update RS (ms): Min: 0.0, Avg: 1.1, Max: 2.9, Diff: 2.9, Sum: 9.0]
         [Processed Buffers: Min: 0, Avg: 6.5, Max: 23, Diff: 23, Sum: 52]
      [Scan RS (ms): Min: 0.0, Avg: 2.5, Max: 4.4, Diff: 4.4, Sum: 19.7]
      [Code Root Scanning (ms): Min: 0.0, Avg: 0.0, Max: 0.0, Diff: 0.0, Sum: 0.0]
      [Object Copy (ms): Min: 21.9, Avg: 22.2, Max: 22.5, Diff: 0.6, Sum: 177.7]
      [Termination (ms): Min: 0.0, Avg: 0.1, Max: 0.2, Diff: 0.2, Sum: 0.7]
         [Termination Attempts: Min: 1, Avg: 1.8, Max: 3, Diff: 2, Sum: 14]
      [GC Worker Other (ms): Min: 0.0, Avg: 0.0, Max: 0.1, Diff: 0.0, Sum: 0.3]
      [GC Worker Total (ms): Min: 24.5, Avg: 27.9, Max: 29.2, Diff: 4.7, Sum: 223.0]
      [GC Worker End (ms): Min: 64558334.5, Avg: 64558334.5, Max: 64558334.5, Diff: 0.0]
   [Code Root Fixup: 0.0 ms]
   [Code Root Purge: 0.0 ms]
   [Clear CT: 0.1 ms]
   [Other: 0.8 ms]
      [Choose CSet: 0.0 ms]
      [Ref Proc: 0.3 ms]
      [Ref Enq: 0.0 ms]
      [Redirty Cards: 0.1 ms]
      [Humongous Register: 0.1 ms]
      [Humongous Reclaim: 0.0 ms]
      [Free CSet: 0.1 ms]
   [Eden: 42.0M(42.0M)->0.0B(44.0M) Survivors: 9216.0K->7168.0K Heap: 308.8M(1024.0M)->268.4M(1024.0M)]
 [Times: user=0.06 sys=0.01, real=0.03 secs] 
2021-04-24T04:23:10.538+0800: 64580.273: [GC pause (G1 Evacuation Pause) (young), 0.0158508 secs]
   [Parallel Time: 15.1 ms, GC Workers: 8]
      [GC Worker Start (ms): Min: 64580272.7, Avg: 64580274.0, Max: 64580281.2, Diff: 8.4]
      [Ext Root Scanning (ms): Min: 0.0, Avg: 1.4, Max: 8.3, Diff: 8.3, Sum: 11.3]
      [Update RS (ms): Min: 0.0, Avg: 1.4, Max: 3.0, Diff: 3.0, Sum: 11.6]
         [Processed Buffers: Min: 0, Avg: 6.9, Max: 16, Diff: 16, Sum: 55]
      [Scan RS (ms): Min: 0.0, Avg: 2.4, Max: 4.9, Diff: 4.9, Sum: 18.9]
      [Code Root Scanning (ms): Min: 0.0, Avg: 0.0, Max: 0.0, Diff: 0.0, Sum: 0.0]
      [Object Copy (ms): Min: 6.3, Avg: 8.4, Max: 14.2, Diff: 7.9, Sum: 67.4]
      [Termination (ms): Min: 0.0, Avg: 0.1, Max: 0.1, Diff: 0.1, Sum: 0.8]
         [Termination Attempts: Min: 1, Avg: 4.6, Max: 9, Diff: 8, Sum: 37]
      [GC Worker Other (ms): Min: 0.0, Avg: 0.0, Max: 0.1, Diff: 0.1, Sum: 0.3]
      [GC Worker Total (ms): Min: 6.6, Avg: 13.8, Max: 15.0, Diff: 8.4, Sum: 110.2]
      [GC Worker End (ms): Min: 64580287.7, Avg: 64580287.8, Max: 64580287.8, Diff: 0.1]
   [Code Root Fixup: 0.0 ms]
   [Code Root Purge: 0.0 ms]
   [Clear CT: 0.1 ms]
   [Other: 0.7 ms]
      [Choose CSet: 0.0 ms]
      [Ref Proc: 0.2 ms]
      [Ref Enq: 0.0 ms]
      [Redirty Cards: 0.1 ms]
      [Humongous Register: 0.1 ms]
      [Humongous Reclaim: 0.0 ms]
      [Free CSet: 0.1 ms]
   [Eden: 44.0M(44.0M)->0.0B(98.0M) Survivors: 7168.0K->6144.0K Heap: 312.4M(1024.0M)->269.6M(1024.0M)]
 [Times: user=0.05 sys=0.01, real=0.02 secs] 
2021-04-24T04:23:59.591+0800: 64629.327: [GC pause (G1 Evacuation Pause) (young), 0.0299589 secs]
   [Parallel Time: 28.4 ms, GC Workers: 8]
      [GC Worker Start (ms): Min: 64629327.1, Avg: 64629328.1, Max: 64629334.4, Diff: 7.3]
      [Ext Root Scanning (ms): Min: 0.0, Avg: 2.9, Max: 10.9, Diff: 10.9, Sum: 23.6]
      [Update RS (ms): Min: 0.0, Avg: 3.4, Max: 7.4, Diff: 7.4, Sum: 27.3]
         [Processed Buffers: Min: 0, Avg: 6.5, Max: 34, Diff: 34, Sum: 52]
      [Scan RS (ms): Min: 0.1, Avg: 5.5, Max: 10.6, Diff: 10.5, Sum: 44.1]
      [Code Root Scanning (ms): Min: 0.0, Avg: 0.0, Max: 0.0, Diff: 0.0, Sum: 0.0]
      [Object Copy (ms): Min: 0.0, Avg: 5.4, Max: 9.3, Diff: 9.2, Sum: 42.9]
      [Termination (ms): Min: 0.0, Avg: 5.1, Max: 10.1, Diff: 10.1, Sum: 40.5]
         [Termination Attempts: Min: 1, Avg: 12.8, Max: 26, Diff: 25, Sum: 102]
      [GC Worker Other (ms): Min: 0.0, Avg: 0.0, Max: 0.0, Diff: 0.0, Sum: 0.1]
      [GC Worker Total (ms): Min: 18.2, Avg: 22.3, Max: 28.3, Diff: 10.1, Sum: 178.5]
      [GC Worker End (ms): Min: 64629345.5, Avg: 64629350.4, Max: 64629355.4, Diff: 10.0]
   [Code Root Fixup: 0.0 ms]
   [Code Root Purge: 0.0 ms]
   [Clear CT: 0.2 ms]
   [Other: 1.4 ms]
      [Choose CSet: 0.0 ms]
      [Ref Proc: 0.7 ms]
      [Ref Enq: 0.0 ms]
      [Redirty Cards: 0.1 ms]
      [Humongous Register: 0.1 ms]
      [Humongous Reclaim: 0.0 ms]
      [Free CSet: 0.1 ms]
   [Eden: 98.0M(98.0M)->0.0B(41.0M) Survivors: 6144.0K->10.0M Heap: 367.6M(1024.0M)->273.2M(1024.0M)]
 [Times: user=0.05 sys=0.01, real=0.03 secs] 
2021-04-24T04:24:20.304+0800: 64650.039: [GC pause (G1 Evacuation Pause) (young), 0.0207007 secs]
   [Parallel Time: 18.7 ms, GC Workers: 8]
      [GC Worker Start (ms): Min: 64650039.8, Avg: 64650040.0, Max: 64650040.3, Diff: 0.5]
      [Ext Root Scanning (ms): Min: 0.7, Avg: 2.7, Max: 7.7, Diff: 7.0, Sum: 21.7]
      [Update RS (ms): Min: 0.0, Avg: 1.7, Max: 3.9, Diff: 3.9, Sum: 13.5]
         [Processed Buffers: Min: 0, Avg: 5.2, Max: 19, Diff: 19, Sum: 42]
      [Scan RS (ms): Min: 0.0, Avg: 1.5, Max: 2.6, Diff: 2.6, Sum: 12.3]
      [Code Root Scanning (ms): Min: 0.0, Avg: 0.0, Max: 0.0, Diff: 0.0, Sum: 0.0]
      [Object Copy (ms): Min: 10.5, Avg: 12.1, Max: 16.3, Diff: 5.8, Sum: 97.0]
      [Termination (ms): Min: 0.0, Avg: 0.2, Max: 0.3, Diff: 0.3, Sum: 1.9]
         [Termination Attempts: Min: 1, Avg: 1.1, Max: 2, Diff: 1, Sum: 9]
      [GC Worker Other (ms): Min: 0.0, Avg: 0.0, Max: 0.0, Diff: 0.0, Sum: 0.1]
      [GC Worker Total (ms): Min: 18.0, Avg: 18.3, Max: 18.5, Diff: 0.5, Sum: 146.6]
      [GC Worker End (ms): Min: 64650058.3, Avg: 64650058.3, Max: 64650058.3, Diff: 0.0]
   [Code Root Fixup: 0.0 ms]
   [Code Root Purge: 0.0 ms]
   [Clear CT: 0.1 ms]
   [Other: 1.8 ms]
      [Choose CSet: 0.0 ms]
      [Ref Proc: 0.3 ms]
      [Ref Enq: 0.0 ms]
      [Redirty Cards: 0.1 ms]
      [Humongous Register: 0.3 ms]
      [Humongous Reclaim: 0.0 ms]
      [Free CSet: 0.1 ms]
   [Eden: 41.0M(41.0M)->0.0B(46.0M) Survivors: 10.0M->5120.0K Heap: 314.2M(1024.0M)->270.5M(1024.0M)]
 [Times: user=0.07 sys=0.02, real=0.02 secs] 
2021-04-24T04:24:43.365+0800: 64673.101: [GC pause (G1 Evacuation Pause) (young), 0.0189022 secs]
   [Parallel Time: 17.3 ms, GC Workers: 8]
      [GC Worker Start (ms): Min: 64673101.6, Avg: 64673101.8, Max: 64673102.0, Diff: 0.4]
      [Ext Root Scanning (ms): Min: 0.4, Avg: 2.3, Max: 6.9, Diff: 6.5, Sum: 18.7]
      [Update RS (ms): Min: 0.0, Avg: 4.8, Max: 13.2, Diff: 13.2, Sum: 38.0]
         [Processed Buffers: Min: 0, Avg: 6.1, Max: 21, Diff: 21, Sum: 49]
      [Scan RS (ms): Min: 0.0, Avg: 3.7, Max: 9.6, Diff: 9.6, Sum: 29.7]
      [Code Root Scanning (ms): Min: 0.0, Avg: 0.0, Max: 0.0, Diff: 0.0, Sum: 0.0]
      [Object Copy (ms): Min: 2.6, Avg: 6.1, Max: 8.8, Diff: 6.2, Sum: 48.9]
      [Termination (ms): Min: 0.0, Avg: 0.0, Max: 0.0, Diff: 0.0, Sum: 0.0]
         [Termination Attempts: Min: 1, Avg: 2.2, Max: 4, Diff: 3, Sum: 18]
      [GC Worker Other (ms): Min: 0.0, Avg: 0.0, Max: 0.1, Diff: 0.1, Sum: 0.3]
      [GC Worker Total (ms): Min: 16.7, Avg: 17.0, Max: 17.2, Diff: 0.4, Sum: 135.7]
      [GC Worker End (ms): Min: 64673118.7, Avg: 64673118.7, Max: 64673118.8, Diff: 0.1]
   [Code Root Fixup: 0.0 ms]
   [Code Root Purge: 0.0 ms]
   [Clear CT: 0.1 ms]
   [Other: 1.5 ms]
      [Choose CSet: 0.0 ms]
      [Ref Proc: 0.3 ms]
      [Ref Enq: 0.0 ms]
      [Redirty Cards: 0.1 ms]
      [Humongous Register: 0.2 ms]
      [Humongous Reclaim: 0.0 ms]
      [Free CSet: 0.1 ms]
   [Eden: 46.0M(46.0M)->0.0B(46.0M) Survivors: 5120.0K->5120.0K Heap: 316.5M(1024.0M)->270.7M(1024.0M)]
 [Times: user=0.07 sys=0.01, real=0.02 secs] 
2021-04-24T04:25:06.277+0800: 64696.013: [GC pause (G1 Evacuation Pause) (young), 0.0175144 secs]
   [Parallel Time: 15.3 ms, GC Workers: 8]
      [GC Worker Start (ms): Min: 64696013.9, Avg: 64696014.4, Max: 64696016.8, Diff: 2.9]
      [Ext Root Scanning (ms): Min: 0.0, Avg: 1.6, Max: 7.1, Diff: 7.1, Sum: 12.7]
      [Update RS (ms): Min: 0.0, Avg: 2.8, Max: 7.7, Diff: 7.7, Sum: 22.2]
         [Processed Buffers: Min: 0, Avg: 5.4, Max: 22, Diff: 22, Sum: 43]
      [Scan RS (ms): Min: 0.0, Avg: 1.4, Max: 2.9, Diff: 2.9, Sum: 11.5]
      [Code Root Scanning (ms): Min: 0.0, Avg: 0.0, Max: 0.0, Diff: 0.0, Sum: 0.0]
      [Object Copy (ms): Min: 6.5, Avg: 8.8, Max: 14.3, Diff: 7.8, Sum: 70.4]
      [Termination (ms): Min: 0.0, Avg: 0.1, Max: 0.2, Diff: 0.2, Sum: 0.9]
         [Termination Attempts: Min: 1, Avg: 2.0, Max: 4, Diff: 3, Sum: 16]
      [GC Worker Other (ms): Min: 0.0, Avg: 0.0, Max: 0.0, Diff: 0.0, Sum: 0.1]
      [GC Worker Total (ms): Min: 12.3, Avg: 14.7, Max: 15.2, Diff: 2.9, Sum: 117.9]
      [GC Worker End (ms): Min: 64696029.1, Avg: 64696029.1, Max: 64696029.1, Diff: 0.0]
   [Code Root Fixup: 0.0 ms]
   [Code Root Purge: 0.0 ms]
   [Clear CT: 0.1 ms]
   [Other: 2.1 ms]
      [Choose CSet: 0.0 ms]
      [Ref Proc: 0.3 ms]
      [Ref Enq: 0.0 ms]
      [Redirty Cards: 0.1 ms]
      [Humongous Register: 0.3 ms]
      [Humongous Reclaim: 0.1 ms]
      [Free CSet: 0.2 ms]
   [Eden: 46.0M(46.0M)->0.0B(68.0M) Survivors: 5120.0K->6144.0K Heap: 316.7M(1024.0M)->272.2M(1024.0M)]
 [Times: user=0.06 sys=0.01, real=0.02 secs] 
2021-04-24T04:25:40.326+0800: 64730.062: [GC pause (G1 Evacuation Pause) (young), 0.0160893 secs]
   [Parallel Time: 14.5 ms, GC Workers: 8]
      [GC Worker Start (ms): Min: 64730062.8, Avg: 64730065.6, Max: 64730077.1, Diff: 14.3]
      [Ext Root Scanning (ms): Min: 0.0, Avg: 1.3, Max: 3.5, Diff: 3.5, Sum: 10.5]
      [Update RS (ms): Min: 0.0, Avg: 2.0, Max: 4.3, Diff: 4.3, Sum: 15.9]
         [Processed Buffers: Min: 0, Avg: 6.0, Max: 18, Diff: 18, Sum: 48]
      [Scan RS (ms): Min: 0.0, Avg: 2.3, Max: 5.4, Diff: 5.4, Sum: 18.4]
      [Code Root Scanning (ms): Min: 0.0, Avg: 0.0, Max: 0.0, Diff: 0.0, Sum: 0.0]
      [Object Copy (ms): Min: 0.0, Avg: 5.8, Max: 7.7, Diff: 7.7, Sum: 46.6]
      [Termination (ms): Min: 0.0, Avg: 0.1, Max: 0.2, Diff: 0.2, Sum: 0.9]
         [Termination Attempts: Min: 1, Avg: 1.6, Max: 3, Diff: 2, Sum: 13]
      [GC Worker Other (ms): Min: 0.0, Avg: 0.0, Max: 0.1, Diff: 0.1, Sum: 0.2]
      [GC Worker Total (ms): Min: 0.0, Avg: 11.6, Max: 14.4, Diff: 14.4, Sum: 92.5]
      [GC Worker End (ms): Min: 64730077.1, Avg: 64730077.2, Max: 64730077.2, Diff: 0.0]
   [Code Root Fixup: 0.0 ms]
   [Code Root Purge: 0.0 ms]
   [Clear CT: 0.2 ms]
   [Other: 1.4 ms]
      [Choose CSet: 0.0 ms]
      [Ref Proc: 0.4 ms]
      [Ref Enq: 0.0 ms]
      [Redirty Cards: 0.2 ms]
      [Humongous Register: 0.2 ms]
      [Humongous Reclaim: 0.0 ms]
      [Free CSet: 0.1 ms]
   [Eden: 68.0M(68.0M)->0.0B(107.0M) Survivors: 6144.0K->8192.0K Heap: 340.2M(1024.0M)->274.5M(1024.0M)]
 [Times: user=0.05 sys=0.00, real=0.02 secs] 
2021-04-24T04:26:36.439+0800: 64786.176: [GC pause (G1 Evacuation Pause) (young), 0.0186902 secs]
   [Parallel Time: 17.0 ms, GC Workers: 8]
      [GC Worker Start (ms): Min: 64786176.8, Avg: 64786180.0, Max: 64786192.4, Diff: 15.7]
      [Ext Root Scanning (ms): Min: 0.0, Avg: 1.4, Max: 5.4, Diff: 5.4, Sum: 11.5]
      [Update RS (ms): Min: 0.0, Avg: 1.8, Max: 4.8, Diff: 4.8, Sum: 14.5]
         [Processed Buffers: Min: 0, Avg: 5.6, Max: 29, Diff: 29, Sum: 45]
      [Scan RS (ms): Min: 0.0, Avg: 2.5, Max: 10.9, Diff: 10.9, Sum: 19.8]
      [Code Root Scanning (ms): Min: 0.0, Avg: 0.0, Max: 0.0, Diff: 0.0, Sum: 0.0]
      [Object Copy (ms): Min: 1.0, Avg: 7.8, Max: 10.3, Diff: 9.2, Sum: 62.8]
      [Termination (ms): Min: 0.0, Avg: 0.0, Max: 0.0, Diff: 0.0, Sum: 0.0]
         [Termination Attempts: Min: 1, Avg: 3.1, Max: 6, Diff: 5, Sum: 25]
      [GC Worker Other (ms): Min: 0.0, Avg: 0.1, Max: 0.1, Diff: 0.1, Sum: 0.5]
      [GC Worker Total (ms): Min: 1.2, Avg: 13.6, Max: 16.9, Diff: 15.7, Sum: 109.1]
      [GC Worker End (ms): Min: 64786193.6, Avg: 64786193.7, Max: 64786193.7, Diff: 0.1]
   [Code Root Fixup: 0.0 ms]
   [Code Root Purge: 0.0 ms]
   [Clear CT: 0.1 ms]
   [Other: 1.6 ms]
      [Choose CSet: 0.0 ms]
      [Ref Proc: 0.6 ms]
      [Ref Enq: 0.0 ms]
      [Redirty Cards: 0.1 ms]
      [Humongous Register: 0.1 ms]
      [Humongous Reclaim: 0.0 ms]
      [Free CSet: 0.2 ms]
   [Eden: 107.0M(107.0M)->0.0B(113.0M) Survivors: 8192.0K->9216.0K Heap: 381.5M(1024.0M)->275.2M(1024.0M)]
 [Times: user=0.06 sys=0.01, real=0.02 secs] 
2021-04-24T04:27:37.217+0800: 64846.955: [GC pause (G1 Evacuation Pause) (young), 0.0481158 secs]
   [Parallel Time: 36.9 ms, GC Workers: 8]
      [GC Worker Start (ms): Min: 64846965.0, Avg: 64846965.5, Max: 64846966.1, Diff: 1.1]
      [Ext Root Scanning (ms): Min: 1.3, Avg: 6.0, Max: 33.0, Diff: 31.7, Sum: 48.4]
      [Update RS (ms): Min: 0.0, Avg: 18.7, Max: 24.5, Diff: 24.5, Sum: 149.6]
         [Processed Buffers: Min: 0, Avg: 7.1, Max: 17, Diff: 17, Sum: 57]
      [Scan RS (ms): Min: 0.0, Avg: 2.0, Max: 11.0, Diff: 11.0, Sum: 15.6]
      [Code Root Scanning (ms): Min: 0.0, Avg: 0.0, Max: 0.0, Diff: 0.0, Sum: 0.0]
      [Object Copy (ms): Min: 3.6, Avg: 9.4, Max: 13.3, Diff: 9.7, Sum: 75.1]
      [Termination (ms): Min: 0.0, Avg: 0.0, Max: 0.0, Diff: 0.0, Sum: 0.0]
         [Termination Attempts: Min: 1, Avg: 7.9, Max: 11, Diff: 10, Sum: 63]
      [GC Worker Other (ms): Min: 0.1, Avg: 0.1, Max: 0.2, Diff: 0.2, Sum: 1.1]
      [GC Worker Total (ms): Min: 35.6, Avg: 36.2, Max: 36.7, Diff: 1.1, Sum: 289.8]
      [GC Worker End (ms): Min: 64847001.7, Avg: 64847001.7, Max: 64847001.8, Diff: 0.1]
   [Code Root Fixup: 0.0 ms]
   [Code Root Purge: 0.0 ms]
   [Clear CT: 0.1 ms]
   [Other: 11.1 ms]
      [Choose CSet: 0.0 ms]
      [Ref Proc: 0.2 ms]
      [Ref Enq: 0.0 ms]
      [Redirty Cards: 0.1 ms]
      [Humongous Register: 0.7 ms]
      [Humongous Reclaim: 0.0 ms]
      [Free CSet: 0.2 ms]
   [Eden: 113.0M(113.0M)->0.0B(42.0M) Survivors: 9216.0K->9216.0K Heap: 388.2M(1024.0M)->275.8M(1024.0M)]
 [Times: user=0.06 sys=0.02, real=0.05 secs] 
2021-04-24T04:27:59.792+0800: 64869.530: [GC pause (G1 Evacuation Pause) (young), 0.0442314 secs]
   [Parallel Time: 43.2 ms, GC Workers: 8]
      [GC Worker Start (ms): Min: 64869530.0, Avg: 64869531.4, Max: 64869536.1, Diff: 6.1]
      [Ext Root Scanning (ms): Min: 0.0, Avg: 1.3, Max: 7.1, Diff: 7.1, Sum: 10.2]
      [Update RS (ms): Min: 0.0, Avg: 1.3, Max: 3.3, Diff: 3.3, Sum: 10.8]
         [Processed Buffers: Min: 0, Avg: 6.0, Max: 20, Diff: 20, Sum: 48]
      [Scan RS (ms): Min: 0.0, Avg: 2.1, Max: 3.6, Diff: 3.6, Sum: 16.5]
      [Code Root Scanning (ms): Min: 0.0, Avg: 0.0, Max: 0.0, Diff: 0.0, Sum: 0.0]
      [Object Copy (ms): Min: 36.0, Avg: 37.0, Max: 41.4, Diff: 5.4, Sum: 295.7]
      [Termination (ms): Min: 0.0, Avg: 0.0, Max: 0.1, Diff: 0.1, Sum: 0.2]
         [Termination Attempts: Min: 1, Avg: 1.0, Max: 1, Diff: 0, Sum: 8]
      [GC Worker Other (ms): Min: 0.0, Avg: 0.0, Max: 0.0, Diff: 0.0, Sum: 0.2]
      [GC Worker Total (ms): Min: 37.0, Avg: 41.7, Max: 43.1, Diff: 6.2, Sum: 333.7]
      [GC Worker End (ms): Min: 64869573.1, Avg: 64869573.1, Max: 64869573.1, Diff: 0.0]
   [Code Root Fixup: 0.0 ms]
   [Code Root Purge: 0.0 ms]
   [Clear CT: 0.1 ms]
   [Other: 0.9 ms]
      [Choose CSet: 0.0 ms]
      [Ref Proc: 0.3 ms]
      [Ref Enq: 0.0 ms]
      [Redirty Cards: 0.1 ms]
      [Humongous Register: 0.1 ms]
      [Humongous Reclaim: 0.0 ms]
      [Free CSet: 0.1 ms]
   [Eden: 42.0M(42.0M)->0.0B(45.0M) Survivors: 9216.0K->6144.0K Heap: 317.8M(1024.0M)->276.4M(1024.0M)]
 [Times: user=0.07 sys=0.02, real=0.04 secs] 
2021-04-24T04:28:24.070+0800: 64893.808: [GC pause (G1 Evacuation Pause) (young), 0.0225234 secs]
   [Parallel Time: 20.5 ms, GC Workers: 8]
      [GC Worker Start (ms): Min: 64893809.0, Avg: 64893809.3, Max: 64893810.2, Diff: 1.3]
      [Ext Root Scanning (ms): Min: 0.0, Avg: 4.5, Max: 10.9, Diff: 10.9, Sum: 36.3]
      [Update RS (ms): Min: 0.0, Avg: 3.6, Max: 7.1, Diff: 7.1, Sum: 29.1]
         [Processed Buffers: Min: 0, Avg: 7.0, Max: 26, Diff: 26, Sum: 56]
      [Scan RS (ms): Min: 0.0, Avg: 2.1, Max: 4.4, Diff: 4.3, Sum: 16.4]
      [Code Root Scanning (ms): Min: 0.0, Avg: 0.0, Max: 0.0, Diff: 0.0, Sum: 0.0]
      [Object Copy (ms): Min: 9.0, Avg: 9.5, Max: 9.8, Diff: 0.8, Sum: 75.9]
      [Termination (ms): Min: 0.0, Avg: 0.3, Max: 0.4, Diff: 0.4, Sum: 2.5]
         [Termination Attempts: Min: 1, Avg: 11.1, Max: 21, Diff: 20, Sum: 89]
      [GC Worker Other (ms): Min: 0.0, Avg: 0.0, Max: 0.1, Diff: 0.0, Sum: 0.2]
      [GC Worker Total (ms): Min: 19.1, Avg: 20.1, Max: 20.4, Diff: 1.3, Sum: 160.5]
      [GC Worker End (ms): Min: 64893829.4, Avg: 64893829.4, Max: 64893829.4, Diff: 0.0]
   [Code Root Fixup: 0.0 ms]
   [Code Root Purge: 0.0 ms]
   [Clear CT: 0.2 ms]
   [Other: 1.9 ms]
      [Choose CSet: 0.0 ms]
      [Ref Proc: 0.3 ms]
      [Ref Enq: 0.0 ms]
      [Redirty Cards: 0.1 ms]
      [Humongous Register: 0.3 ms]
      [Humongous Reclaim: 0.0 ms]
      [Free CSet: 0.1 ms]
   [Eden: 45.0M(45.0M)->0.0B(44.0M) Survivors: 6144.0K->7168.0K Heap: 321.4M(1024.0M)->280.8M(1024.0M)]
 [Times: user=0.08 sys=0.01, real=0.02 secs] 
2021-04-24T04:28:47.678+0800: 64917.417: [GC pause (G1 Evacuation Pause) (young), 0.0171735 secs]
   [Parallel Time: 15.9 ms, GC Workers: 8]
      [GC Worker Start (ms): Min: 64917417.5, Avg: 64917418.7, Max: 64917423.1, Diff: 5.6]
      [Ext Root Scanning (ms): Min: 0.0, Avg: 1.2, Max: 5.6, Diff: 5.6, Sum: 9.5]
      [Update RS (ms): Min: 0.0, Avg: 2.0, Max: 4.4, Diff: 4.4, Sum: 16.0]
         [Processed Buffers: Min: 0, Avg: 5.5, Max: 23, Diff: 23, Sum: 44]
      [Scan RS (ms): Min: 0.0, Avg: 1.1, Max: 2.0, Diff: 2.0, Sum: 8.8]
      [Code Root Scanning (ms): Min: 0.0, Avg: 0.0, Max: 0.0, Diff: 0.0, Sum: 0.0]
      [Object Copy (ms): Min: 9.8, Avg: 10.2, Max: 10.4, Diff: 0.6, Sum: 81.2]
      [Termination (ms): Min: 0.0, Avg: 0.1, Max: 0.2, Diff: 0.2, Sum: 1.0]
         [Termination Attempts: Min: 1, Avg: 1.0, Max: 1, Diff: 0, Sum: 8]
      [GC Worker Other (ms): Min: 0.0, Avg: 0.0, Max: 0.0, Diff: 0.0, Sum: 0.1]
      [GC Worker Total (ms): Min: 10.2, Avg: 14.6, Max: 15.9, Diff: 5.6, Sum: 116.6]
      [GC Worker End (ms): Min: 64917433.3, Avg: 64917433.3, Max: 64917433.3, Diff: 0.0]
   [Code Root Fixup: 0.0 ms]
   [Code Root Purge: 0.0 ms]
   [Clear CT: 0.1 ms]
   [Other: 1.1 ms]
      [Choose CSet: 0.0 ms]
      [Ref Proc: 0.3 ms]
      [Ref Enq: 0.0 ms]
      [Redirty Cards: 0.1 ms]
      [Humongous Register: 0.1 ms]
      [Humongous Reclaim: 0.0 ms]
      [Free CSet: 0.1 ms]
   [Eden: 44.0M(44.0M)->0.0B(46.0M) Survivors: 7168.0K->5120.0K Heap: 324.8M(1024.0M)->280.9M(1024.0M)]
 [Times: user=0.05 sys=0.01, real=0.02 secs] 
2021-04-24T04:29:12.279+0800: 64942.018: [GC pause (G1 Evacuation Pause) (young), 0.0149729 secs]
   [Parallel Time: 13.8 ms, GC Workers: 8]
      [GC Worker Start (ms): Min: 64942018.2, Avg: 64942018.6, Max: 64942019.5, Diff: 1.3]
      [Ext Root Scanning (ms): Min: 0.0, Avg: 0.5, Max: 1.2, Diff: 1.2, Sum: 4.1]
      [Update RS (ms): Min: 2.0, Avg: 3.9, Max: 10.1, Diff: 8.1, Sum: 30.9]
         [Processed Buffers: Min: 0, Avg: 5.6, Max: 22, Diff: 22, Sum: 45]
      [Scan RS (ms): Min: 0.0, Avg: 1.5, Max: 2.6, Diff: 2.6, Sum: 12.4]
      [Code Root Scanning (ms): Min: 0.0, Avg: 0.0, Max: 0.0, Diff: 0.0, Sum: 0.0]
      [Object Copy (ms): Min: 2.2, Avg: 7.3, Max: 8.4, Diff: 6.2, Sum: 58.6]
      [Termination (ms): Min: 0.0, Avg: 0.1, Max: 0.1, Diff: 0.1, Sum: 0.4]
         [Termination Attempts: Min: 1, Avg: 1.1, Max: 2, Diff: 1, Sum: 9]
      [GC Worker Other (ms): Min: 0.0, Avg: 0.0, Max: 0.0, Diff: 0.0, Sum: 0.1]
      [GC Worker Total (ms): Min: 12.4, Avg: 13.3, Max: 13.7, Diff: 1.2, Sum: 106.5]
      [GC Worker End (ms): Min: 64942031.9, Avg: 64942031.9, Max: 64942031.9, Diff: 0.1]
   [Code Root Fixup: 0.0 ms]
   [Code Root Purge: 0.0 ms]
   [Clear CT: 0.2 ms]
   [Other: 1.0 ms]
      [Choose CSet: 0.0 ms]
      [Ref Proc: 0.3 ms]
      [Ref Enq: 0.0 ms]
      [Redirty Cards: 0.1 ms]
      [Humongous Register: 0.1 ms]
      [Humongous Reclaim: 0.0 ms]
      [Free CSet: 0.1 ms]
   [Eden: 46.0M(46.0M)->0.0B(45.0M) Survivors: 5120.0K->6144.0K Heap: 326.9M(1024.0M)->281.7M(1024.0M)]
 [Times: user=0.05 sys=0.00, real=0.02 secs] 
2021-04-24T04:29:34.756+0800: 64964.495: [GC pause (G1 Evacuation Pause) (young), 0.0164474 secs]
   [Parallel Time: 15.4 ms, GC Workers: 8]
      [GC Worker Start (ms): Min: 64964495.4, Avg: 64964496.6, Max: 64964503.0, Diff: 7.6]
      [Ext Root Scanning (ms): Min: 0.0, Avg: 2.4, Max: 11.6, Diff: 11.6, Sum: 19.0]
      [Update RS (ms): Min: 0.0, Avg: 2.3, Max: 4.7, Diff: 4.7, Sum: 18.0]
         [Processed Buffers: Min: 0, Avg: 5.0, Max: 14, Diff: 14, Sum: 40]
      [Scan RS (ms): Min: 0.0, Avg: 2.2, Max: 4.8, Diff: 4.8, Sum: 17.8]
      [Code Root Scanning (ms): Min: 0.0, Avg: 0.0, Max: 0.0, Diff: 0.0, Sum: 0.0]
      [Object Copy (ms): Min: 3.6, Avg: 7.2, Max: 9.6, Diff: 6.0, Sum: 57.6]
      [Termination (ms): Min: 0.0, Avg: 0.0, Max: 0.0, Diff: 0.0, Sum: 0.0]
         [Termination Attempts: Min: 1, Avg: 2.5, Max: 4, Diff: 3, Sum: 20]
      [GC Worker Other (ms): Min: 0.0, Avg: 0.0, Max: 0.1, Diff: 0.1, Sum: 0.3]
      [GC Worker Total (ms): Min: 7.7, Avg: 14.1, Max: 15.3, Diff: 7.6, Sum: 112.8]
      [GC Worker End (ms): Min: 64964510.7, Avg: 64964510.7, Max: 64964510.7, Diff: 0.0]
   [Code Root Fixup: 0.0 ms]
   [Code Root Purge: 0.0 ms]
   [Clear CT: 0.1 ms]
   [Other: 1.0 ms]
      [Choose CSet: 0.0 ms]
      [Ref Proc: 0.2 ms]
      [Ref Enq: 0.0 ms]
      [Redirty Cards: 0.1 ms]
      [Humongous Register: 0.1 ms]
      [Humongous Reclaim: 0.0 ms]
      [Free CSet: 0.1 ms]
   [Eden: 45.0M(45.0M)->0.0B(44.0M) Survivors: 6144.0K->7168.0K Heap: 326.7M(1024.0M)->284.3M(1024.0M)]
 [Times: user=0.06 sys=0.01, real=0.02 secs] 
2021-04-24T04:29:58.582+0800: 64988.322: [GC pause (G1 Evacuation Pause) (young), 0.0247813 secs]
   [Parallel Time: 22.6 ms, GC Workers: 8]
      [GC Worker Start (ms): Min: 64988322.4, Avg: 64988322.8, Max: 64988324.2, Diff: 1.8]
      [Ext Root Scanning (ms): Min: 0.0, Avg: 2.6, Max: 7.7, Diff: 7.6, Sum: 21.1]
      [Update RS (ms): Min: 0.0, Avg: 1.2, Max: 2.8, Diff: 2.8, Sum: 9.3]
         [Processed Buffers: Min: 0, Avg: 5.9, Max: 22, Diff: 22, Sum: 47]
      [Scan RS (ms): Min: 0.0, Avg: 2.1, Max: 4.0, Diff: 4.0, Sum: 16.7]
      [Code Root Scanning (ms): Min: 0.0, Avg: 0.0, Max: 0.0, Diff: 0.0, Sum: 0.0]
      [Object Copy (ms): Min: 14.3, Avg: 16.0, Max: 21.3, Diff: 7.0, Sum: 128.3]
      [Termination (ms): Min: 0.0, Avg: 0.1, Max: 0.1, Diff: 0.1, Sum: 0.5]
         [Termination Attempts: Min: 1, Avg: 2.4, Max: 5, Diff: 4, Sum: 19]
      [GC Worker Other (ms): Min: 0.0, Avg: 0.0, Max: 0.0, Diff: 0.0, Sum: 0.2]
      [GC Worker Total (ms): Min: 20.6, Avg: 22.0, Max: 22.4, Diff: 1.8, Sum: 176.1]
      [GC Worker End (ms): Min: 64988344.8, Avg: 64988344.8, Max: 64988344.8, Diff: 0.0]
   [Code Root Fixup: 0.0 ms]
   [Code Root Purge: 0.0 ms]
   [Clear CT: 0.2 ms]
   [Other: 2.0 ms]
      [Choose CSet: 0.0 ms]
      [Ref Proc: 0.3 ms]
      [Ref Enq: 0.0 ms]
      [Redirty Cards: 0.2 ms]
      [Humongous Register: 0.3 ms]
      [Humongous Reclaim: 0.0 ms]
      [Free CSet: 0.1 ms]
   [Eden: 44.0M(44.0M)->0.0B(44.0M) Survivors: 7168.0K->7168.0K Heap: 328.3M(1024.0M)->285.2M(1024.0M)]
 [Times: user=0.08 sys=0.01, real=0.02 secs] 
2021-04-24T04:30:22.459+0800: 65012.199: [GC pause (G1 Evacuation Pause) (young), 0.0182545 secs]
   [Parallel Time: 16.7 ms, GC Workers: 8]
      [GC Worker Start (ms): Min: 65012199.5, Avg: 65012199.7, Max: 65012200.0, Diff: 0.5]
      [Ext Root Scanning (ms): Min: 0.6, Avg: 5.2, Max: 9.7, Diff: 9.1, Sum: 41.9]
      [Update RS (ms): Min: 0.0, Avg: 1.9, Max: 4.3, Diff: 4.3, Sum: 15.4]
         [Processed Buffers: Min: 0, Avg: 6.2, Max: 20, Diff: 20, Sum: 50]
      [Scan RS (ms): Min: 0.0, Avg: 2.3, Max: 4.4, Diff: 4.4, Sum: 18.5]
      [Code Root Scanning (ms): Min: 0.0, Avg: 0.0, Max: 0.0, Diff: 0.0, Sum: 0.0]
      [Object Copy (ms): Min: 6.7, Avg: 6.8, Max: 7.0, Diff: 0.3, Sum: 54.5]
      [Termination (ms): Min: 0.0, Avg: 0.0, Max: 0.0, Diff: 0.0, Sum: 0.1]
         [Termination Attempts: Min: 1, Avg: 13.1, Max: 26, Diff: 25, Sum: 105]
      [GC Worker Other (ms): Min: 0.0, Avg: 0.0, Max: 0.1, Diff: 0.1, Sum: 0.3]
      [GC Worker Total (ms): Min: 16.0, Avg: 16.3, Max: 16.5, Diff: 0.5, Sum: 130.7]
      [GC Worker End (ms): Min: 65012216.0, Avg: 65012216.0, Max: 65012216.0, Diff: 0.1]
   [Code Root Fixup: 0.0 ms]
   [Code Root Purge: 0.0 ms]
   [Clear CT: 0.1 ms]
   [Other: 1.4 ms]
      [Choose CSet: 0.0 ms]
      [Ref Proc: 0.2 ms]
      [Ref Enq: 0.0 ms]
      [Redirty Cards: 0.1 ms]
      [Humongous Register: 0.3 ms]
      [Humongous Reclaim: 0.0 ms]
      [Free CSet: 0.1 ms]
   [Eden: 44.0M(44.0M)->0.0B(45.0M) Survivors: 7168.0K->6144.0K Heap: 329.2M(1024.0M)->285.4M(1024.0M)]
 [Times: user=0.07 sys=0.00, real=0.02 secs] 
2021-04-24T04:30:46.570+0800: 65036.310: [GC pause (G1 Evacuation Pause) (young), 0.0176667 secs]
   [Parallel Time: 16.7 ms, GC Workers: 8]
      [GC Worker Start (ms): Min: 65036310.5, Avg: 65036311.5, Max: 65036316.7, Diff: 6.1]
      [Ext Root Scanning (ms): Min: 0.0, Avg: 3.2, Max: 7.3, Diff: 7.3, Sum: 25.4]
      [Update RS (ms): Min: 0.0, Avg: 1.1, Max: 2.3, Diff: 2.3, Sum: 8.7]
         [Processed Buffers: Min: 0, Avg: 5.8, Max: 19, Diff: 19, Sum: 46]
      [Scan RS (ms): Min: 0.0, Avg: 1.8, Max: 3.6, Diff: 3.6, Sum: 14.7]
      [Code Root Scanning (ms): Min: 0.0, Avg: 0.0, Max: 0.0, Diff: 0.0, Sum: 0.0]
      [Object Copy (ms): Min: 9.1, Avg: 9.2, Max: 9.3, Diff: 0.3, Sum: 73.6]
      [Termination (ms): Min: 0.0, Avg: 0.3, Max: 0.4, Diff: 0.4, Sum: 2.5]
         [Termination Attempts: Min: 1, Avg: 2.0, Max: 4, Diff: 3, Sum: 16]
      [GC Worker Other (ms): Min: 0.0, Avg: 0.0, Max: 0.0, Diff: 0.0, Sum: 0.1]
      [GC Worker Total (ms): Min: 10.4, Avg: 15.6, Max: 16.6, Diff: 6.2, Sum: 125.0]
      [GC Worker End (ms): Min: 65036327.1, Avg: 65036327.1, Max: 65036327.1, Diff: 0.0]
   [Code Root Fixup: 0.0 ms]
   [Code Root Purge: 0.0 ms]
   [Clear CT: 0.1 ms]
   [Other: 0.9 ms]
      [Choose CSet: 0.0 ms]
      [Ref Proc: 0.3 ms]
      [Ref Enq: 0.0 ms]
      [Redirty Cards: 0.1 ms]
      [Humongous Register: 0.1 ms]
      [Humongous Reclaim: 0.0 ms]
      [Free CSet: 0.1 ms]
   [Eden: 45.0M(45.0M)->0.0B(92.0M) Survivors: 6144.0K->4096.0K Heap: 330.4M(1024.0M)->285.8M(1024.0M)]
 [Times: user=0.05 sys=0.01, real=0.01 secs] 
2021-04-24T04:31:36.219+0800: 65085.960: [GC pause (G1 Evacuation Pause) (young), 0.0167509 secs]
   [Parallel Time: 14.6 ms, GC Workers: 8]
      [GC Worker Start (ms): Min: 65085960.6, Avg: 65085961.0, Max: 65085962.5, Diff: 1.9]
      [Ext Root Scanning (ms): Min: 0.0, Avg: 3.8, Max: 10.7, Diff: 10.7, Sum: 30.3]
      [Update RS (ms): Min: 0.0, Avg: 3.1, Max: 8.0, Diff: 8.0, Sum: 25.0]
         [Processed Buffers: Min: 0, Avg: 6.6, Max: 20, Diff: 20, Sum: 53]
      [Scan RS (ms): Min: 0.0, Avg: 0.4, Max: 0.9, Diff: 0.9, Sum: 3.4]
      [Code Root Scanning (ms): Min: 0.0, Avg: 0.0, Max: 0.0, Diff: 0.0, Sum: 0.0]
      [Object Copy (ms): Min: 3.6, Avg: 6.6, Max: 12.7, Diff: 9.0, Sum: 53.2]
      [Termination (ms): Min: 0.0, Avg: 0.0, Max: 0.0, Diff: 0.0, Sum: 0.1]
         [Termination Attempts: Min: 1, Avg: 22.0, Max: 34, Diff: 33, Sum: 176]
      [GC Worker Other (ms): Min: 0.0, Avg: 0.0, Max: 0.1, Diff: 0.1, Sum: 0.4]
      [GC Worker Total (ms): Min: 12.6, Avg: 14.1, Max: 14.5, Diff: 1.9, Sum: 112.4]
      [GC Worker End (ms): Min: 65085975.0, Avg: 65085975.0, Max: 65085975.1, Diff: 0.1]
   [Code Root Fixup: 0.1 ms]
   [Code Root Purge: 0.0 ms]
   [Clear CT: 0.2 ms]
   [Other: 1.8 ms]
      [Choose CSet: 0.0 ms]
      [Ref Proc: 0.3 ms]
      [Ref Enq: 0.0 ms]
      [Redirty Cards: 0.1 ms]
      [Humongous Register: 0.6 ms]
      [Humongous Reclaim: 0.0 ms]
      [Free CSet: 0.2 ms]
   [Eden: 92.0M(92.0M)->0.0B(105.0M) Survivors: 4096.0K->4096.0K Heap: 377.8M(1024.0M)->285.7M(1024.0M)]
 [Times: user=0.05 sys=0.01, real=0.02 secs] 
2021-04-24T04:32:31.151+0800: 65140.892: [GC pause (G1 Evacuation Pause) (young), 0.0207995 secs]
   [Parallel Time: 19.1 ms, GC Workers: 8]
      [GC Worker Start (ms): Min: 65140892.6, Avg: 65140894.3, Max: 65140900.6, Diff: 7.9]
      [Ext Root Scanning (ms): Min: 0.0, Avg: 2.5, Max: 6.0, Diff: 6.0, Sum: 20.3]
      [Update RS (ms): Min: 0.0, Avg: 2.1, Max: 6.6, Diff: 6.6, Sum: 16.9]
         [Processed Buffers: Min: 0, Avg: 5.6, Max: 15, Diff: 15, Sum: 45]
      [Scan RS (ms): Min: 0.0, Avg: 0.2, Max: 0.6, Diff: 0.6, Sum: 1.4]
      [Code Root Scanning (ms): Min: 0.0, Avg: 0.0, Max: 0.0, Diff: 0.0, Sum: 0.0]
      [Object Copy (ms): Min: 9.2, Avg: 12.3, Max: 14.0, Diff: 4.8, Sum: 98.0]
      [Termination (ms): Min: 0.0, Avg: 0.2, Max: 0.3, Diff: 0.3, Sum: 2.0]
         [Termination Attempts: Min: 1, Avg: 1.5, Max: 3, Diff: 2, Sum: 12]
      [GC Worker Other (ms): Min: 0.0, Avg: 0.0, Max: 0.0, Diff: 0.0, Sum: 0.1]
      [GC Worker Total (ms): Min: 11.2, Avg: 17.3, Max: 19.0, Diff: 7.8, Sum: 138.7]
      [GC Worker End (ms): Min: 65140911.4, Avg: 65140911.6, Max: 65140911.7, Diff: 0.3]
   [Code Root Fixup: 0.0 ms]
   [Code Root Purge: 0.0 ms]
   [Clear CT: 0.1 ms]
   [Other: 1.5 ms]
      [Choose CSet: 0.0 ms]
      [Ref Proc: 0.3 ms]
      [Ref Enq: 0.0 ms]
      [Redirty Cards: 0.1 ms]
      [Humongous Register: 0.3 ms]
      [Humongous Reclaim: 0.0 ms]
      [Free CSet: 0.3 ms]
   [Eden: 105.0M(105.0M)->0.0B(78.0M) Survivors: 4096.0K->6144.0K Heap: 390.7M(1024.0M)->287.8M(1024.0M)]
 [Times: user=0.05 sys=0.01, real=0.02 secs] 
2021-04-24T04:33:10.794+0800: 65180.535: [GC pause (G1 Evacuation Pause) (young), 0.0167132 secs]
   [Parallel Time: 15.3 ms, GC Workers: 8]
      [GC Worker Start (ms): Min: 65180536.0, Avg: 65180536.3, Max: 65180537.3, Diff: 1.3]
      [Ext Root Scanning (ms): Min: 0.0, Avg: 3.8, Max: 13.3, Diff: 13.3, Sum: 30.1]
      [Update RS (ms): Min: 0.0, Avg: 1.2, Max: 2.9, Diff: 2.9, Sum: 9.4]
         [Processed Buffers: Min: 0, Avg: 5.2, Max: 24, Diff: 24, Sum: 42]
      [Scan RS (ms): Min: 0.0, Avg: 0.3, Max: 0.8, Diff: 0.8, Sum: 2.4]
      [Code Root Scanning (ms): Min: 0.0, Avg: 0.0, Max: 0.0, Diff: 0.0, Sum: 0.0]
      [Object Copy (ms): Min: 1.8, Avg: 9.6, Max: 13.9, Diff: 12.2, Sum: 76.7]
      [Termination (ms): Min: 0.0, Avg: 0.0, Max: 0.1, Diff: 0.1, Sum: 0.4]
         [Termination Attempts: Min: 1, Avg: 3.5, Max: 6, Diff: 5, Sum: 28]
      [GC Worker Other (ms): Min: 0.0, Avg: 0.0, Max: 0.0, Diff: 0.0, Sum: 0.2]
      [GC Worker Total (ms): Min: 13.9, Avg: 14.9, Max: 15.2, Diff: 1.3, Sum: 119.2]
      [GC Worker End (ms): Min: 65180551.2, Avg: 65180551.2, Max: 65180551.3, Diff: 0.0]
   [Code Root Fixup: 0.0 ms]
   [Code Root Purge: 0.0 ms]
   [Clear CT: 0.1 ms]
   [Other: 1.3 ms]
      [Choose CSet: 0.0 ms]
      [Ref Proc: 0.3 ms]
      [Ref Enq: 0.0 ms]
      [Redirty Cards: 0.1 ms]
      [Humongous Register: 0.3 ms]
      [Humongous Reclaim: 0.0 ms]
      [Free CSet: 0.1 ms]
   [Eden: 78.0M(78.0M)->0.0B(102.0M) Survivors: 6144.0K->9216.0K Heap: 365.8M(1024.0M)->290.3M(1024.0M)]
 [Times: user=0.07 sys=0.00, real=0.02 secs] 
2021-04-24T04:34:02.684+0800: 65232.426: [GC pause (G1 Evacuation Pause) (young), 0.0177480 secs]
   [Parallel Time: 16.8 ms, GC Workers: 8]
      [GC Worker Start (ms): Min: 65232426.7, Avg: 65232427.0, Max: 65232428.6, Diff: 1.9]
      [Ext Root Scanning (ms): Min: 0.0, Avg: 1.0, Max: 2.4, Diff: 2.4, Sum: 7.7]
      [Update RS (ms): Min: 0.0, Avg: 0.7, Max: 1.6, Diff: 1.6, Sum: 5.2]
         [Processed Buffers: Min: 0, Avg: 5.2, Max: 17, Diff: 17, Sum: 42]
      [Scan RS (ms): Min: 0.0, Avg: 0.3, Max: 0.9, Diff: 0.9, Sum: 2.2]
      [Code Root Scanning (ms): Min: 0.0, Avg: 0.0, Max: 0.0, Diff: 0.0, Sum: 0.0]
      [Object Copy (ms): Min: 13.8, Avg: 14.4, Max: 16.1, Diff: 2.3, Sum: 115.6]
      [Termination (ms): Min: 0.0, Avg: 0.0, Max: 0.1, Diff: 0.1, Sum: 0.3]
         [Termination Attempts: Min: 1, Avg: 1.2, Max: 2, Diff: 1, Sum: 10]
      [GC Worker Other (ms): Min: 0.0, Avg: 0.0, Max: 0.0, Diff: 0.0, Sum: 0.2]
      [GC Worker Total (ms): Min: 14.8, Avg: 16.4, Max: 16.8, Diff: 2.0, Sum: 131.1]
      [GC Worker End (ms): Min: 65232443.4, Avg: 65232443.4, Max: 65232443.4, Diff: 0.0]
   [Code Root Fixup: 0.0 ms]
   [Code Root Purge: 0.0 ms]
   [Clear CT: 0.1 ms]
   [Other: 0.8 ms]
      [Choose CSet: 0.0 ms]
      [Ref Proc: 0.2 ms]
      [Ref Enq: 0.0 ms]
      [Redirty Cards: 0.1 ms]
      [Humongous Register: 0.1 ms]
      [Humongous Reclaim: 0.0 ms]
      [Free CSet: 0.1 ms]
   [Eden: 102.0M(102.0M)->0.0B(118.0M) Survivors: 9216.0K->9216.0K Heap: 392.3M(1024.0M)->290.4M(1024.0M)]
 [Times: user=0.05 sys=0.02, real=0.02 secs] 
2021-04-24T04:35:02.186+0800: 65291.928: [GC pause (G1 Evacuation Pause) (young), 0.0478048 secs]
   [Parallel Time: 45.3 ms, GC Workers: 8]
      [GC Worker Start (ms): Min: 65291929.3, Avg: 65291929.5, Max: 65291929.9, Diff: 0.6]
      [Ext Root Scanning (ms): Min: 1.1, Avg: 1.6, Max: 3.2, Diff: 2.1, Sum: 12.9]
      [Update RS (ms): Min: 0.0, Avg: 3.4, Max: 7.3, Diff: 7.3, Sum: 27.5]
         [Processed Buffers: Min: 0, Avg: 5.6, Max: 23, Diff: 23, Sum: 45]
      [Scan RS (ms): Min: 0.0, Avg: 0.0, Max: 0.1, Diff: 0.1, Sum: 0.2]
      [Code Root Scanning (ms): Min: 0.0, Avg: 0.0, Max: 0.0, Diff: 0.0, Sum: 0.0]
      [Object Copy (ms): Min: 36.2, Avg: 39.7, Max: 43.5, Diff: 7.4, Sum: 317.5]
      [Termination (ms): Min: 0.0, Avg: 0.1, Max: 0.1, Diff: 0.1, Sum: 0.5]
         [Termination Attempts: Min: 1, Avg: 3.9, Max: 5, Diff: 4, Sum: 31]
      [GC Worker Other (ms): Min: 0.0, Avg: 0.0, Max: 0.1, Diff: 0.0, Sum: 0.3]
      [GC Worker Total (ms): Min: 44.5, Avg: 44.9, Max: 45.1, Diff: 0.6, Sum: 359.0]
      [GC Worker End (ms): Min: 65291974.4, Avg: 65291974.4, Max: 65291974.4, Diff: 0.0]
   [Code Root Fixup: 0.0 ms]
   [Code Root Purge: 0.0 ms]
   [Clear CT: 0.1 ms]
   [Other: 2.4 ms]
      [Choose CSet: 0.0 ms]
      [Ref Proc: 1.1 ms]
      [Ref Enq: 0.0 ms]
      [Redirty Cards: 0.1 ms]
      [Humongous Register: 0.4 ms]
      [Humongous Reclaim: 0.0 ms]
      [Free CSet: 0.1 ms]
   [Eden: 118.0M(118.0M)->0.0B(41.0M) Survivors: 9216.0K->10.0M Heap: 408.4M(1024.0M)->291.9M(1024.0M)]
 [Times: user=0.08 sys=0.03, real=0.05 secs] 
2021-04-24T04:35:22.929+0800: 65312.672: [GC pause (G1 Evacuation Pause) (young), 0.0561033 secs]
   [Parallel Time: 54.9 ms, GC Workers: 8]
      [GC Worker Start (ms): Min: 65312672.6, Avg: 65312673.4, Max: 65312677.6, Diff: 5.0]
      [Ext Root Scanning (ms): Min: 0.0, Avg: 2.0, Max: 5.3, Diff: 5.3, Sum: 16.0]
      [Update RS (ms): Min: 0.0, Avg: 1.5, Max: 3.4, Diff: 3.4, Sum: 11.6]
         [Processed Buffers: Min: 0, Avg: 5.2, Max: 18, Diff: 18, Sum: 42]
      [Scan RS (ms): Min: 0.0, Avg: 0.2, Max: 0.5, Diff: 0.5, Sum: 1.3]
      [Code Root Scanning (ms): Min: 0.0, Avg: 0.0, Max: 0.0, Diff: 0.0, Sum: 0.0]
      [Object Copy (ms): Min: 49.4, Avg: 50.3, Max: 53.6, Diff: 4.1, Sum: 402.6]
      [Termination (ms): Min: 0.0, Avg: 0.0, Max: 0.0, Diff: 0.0, Sum: 0.0]
         [Termination Attempts: Min: 1, Avg: 1.8, Max: 4, Diff: 3, Sum: 14]
      [GC Worker Other (ms): Min: 0.0, Avg: 0.0, Max: 0.1, Diff: 0.0, Sum: 0.3]
      [GC Worker Total (ms): Min: 49.8, Avg: 54.0, Max: 54.8, Diff: 5.0, Sum: 431.9]
      [GC Worker End (ms): Min: 65312727.4, Avg: 65312727.4, Max: 65312727.4, Diff: 0.0]
   [Code Root Fixup: 0.0 ms]
   [Code Root Purge: 0.0 ms]
   [Clear CT: 0.1 ms]
   [Other: 1.1 ms]
      [Choose CSet: 0.0 ms]
      [Ref Proc: 0.3 ms]
      [Ref Enq: 0.0 ms]
      [Redirty Cards: 0.1 ms]
      [Humongous Register: 0.2 ms]
      [Humongous Reclaim: 0.0 ms]
      [Free CSet: 0.1 ms]
   [Eden: 41.0M(41.0M)->0.0B(44.0M) Survivors: 10.0M->7168.0K Heap: 332.9M(1024.0M)->292.7M(1024.0M)]
 [Times: user=0.08 sys=0.03, real=0.06 secs] 
2021-04-24T04:35:45.257+0800: 65335.001: [GC pause (G1 Evacuation Pause) (young), 0.0232338 secs]
   [Parallel Time: 21.0 ms, GC Workers: 8]
      [GC Worker Start (ms): Min: 65335001.2, Avg: 65335002.2, Max: 65335007.5, Diff: 6.4]
      [Ext Root Scanning (ms): Min: 0.0, Avg: 1.2, Max: 2.6, Diff: 2.6, Sum: 9.7]
      [Update RS (ms): Min: 0.0, Avg: 4.1, Max: 7.7, Diff: 7.7, Sum: 32.6]
         [Processed Buffers: Min: 0, Avg: 5.5, Max: 18, Diff: 18, Sum: 44]
      [Scan RS (ms): Min: 0.0, Avg: 2.5, Max: 3.5, Diff: 3.5, Sum: 19.9]
      [Code Root Scanning (ms): Min: 0.0, Avg: 0.0, Max: 0.0, Diff: 0.0, Sum: 0.0]
      [Object Copy (ms): Min: 11.5, Avg: 11.8, Max: 12.5, Diff: 0.9, Sum: 94.7]
      [Termination (ms): Min: 0.0, Avg: 0.0, Max: 0.1, Diff: 0.1, Sum: 0.3]
         [Termination Attempts: Min: 1, Avg: 40.9, Max: 74, Diff: 73, Sum: 327]
      [GC Worker Other (ms): Min: 0.0, Avg: 0.0, Max: 0.1, Diff: 0.0, Sum: 0.3]
      [GC Worker Total (ms): Min: 14.4, Avg: 19.7, Max: 20.7, Diff: 6.4, Sum: 157.4]
      [GC Worker End (ms): Min: 65335021.9, Avg: 65335021.9, Max: 65335021.9, Diff: 0.0]
   [Code Root Fixup: 0.0 ms]
   [Code Root Purge: 0.0 ms]
   [Clear CT: 0.2 ms]
   [Other: 2.1 ms]
      [Choose CSet: 0.0 ms]
      [Ref Proc: 0.3 ms]
      [Ref Enq: 0.0 ms]
      [Redirty Cards: 0.2 ms]
      [Humongous Register: 0.3 ms]
      [Humongous Reclaim: 0.0 ms]
      [Free CSet: 0.1 ms]
   [Eden: 44.0M(44.0M)->0.0B(45.0M) Survivors: 7168.0K->6144.0K Heap: 336.7M(1024.0M)->295.8M(1024.0M)]
 [Times: user=0.08 sys=0.01, real=0.03 secs] 
2021-04-24T04:36:08.112+0800: 65357.855: [GC pause (G1 Evacuation Pause) (young), 0.0196785 secs]
   [Parallel Time: 18.0 ms, GC Workers: 8]
      [GC Worker Start (ms): Min: 65357855.9, Avg: 65357857.2, Max: 65357864.0, Diff: 8.0]
      [Ext Root Scanning (ms): Min: 0.0, Avg: 1.8, Max: 8.0, Diff: 8.0, Sum: 14.7]
      [Update RS (ms): Min: 0.0, Avg: 2.0, Max: 4.4, Diff: 4.4, Sum: 16.2]
         [Processed Buffers: Min: 0, Avg: 5.5, Max: 29, Diff: 29, Sum: 44]
      [Scan RS (ms): Min: 0.0, Avg: 2.1, Max: 3.6, Diff: 3.6, Sum: 16.5]
      [Code Root Scanning (ms): Min: 0.0, Avg: 0.0, Max: 0.0, Diff: 0.0, Sum: 0.0]
      [Object Copy (ms): Min: 8.1, Avg: 10.2, Max: 16.2, Diff: 8.0, Sum: 81.7]
      [Termination (ms): Min: 0.0, Avg: 0.4, Max: 0.5, Diff: 0.5, Sum: 3.3]
         [Termination Attempts: Min: 1, Avg: 8.6, Max: 17, Diff: 16, Sum: 69]
      [GC Worker Other (ms): Min: 0.0, Avg: 0.0, Max: 0.0, Diff: 0.0, Sum: 0.2]
      [GC Worker Total (ms): Min: 9.8, Avg: 16.6, Max: 17.8, Diff: 8.0, Sum: 132.6]
      [GC Worker End (ms): Min: 65357873.8, Avg: 65357873.8, Max: 65357873.8, Diff: 0.0]
   [Code Root Fixup: 0.0 ms]
   [Code Root Purge: 0.0 ms]
   [Clear CT: 0.2 ms]
   [Other: 1.5 ms]
      [Choose CSet: 0.0 ms]
      [Ref Proc: 0.2 ms]
      [Ref Enq: 0.0 ms]
      [Redirty Cards: 0.2 ms]
      [Humongous Register: 0.3 ms]
      [Humongous Reclaim: 0.0 ms]
      [Free CSet: 0.1 ms]
   [Eden: 45.0M(45.0M)->0.0B(46.0M) Survivors: 6144.0K->5120.0K Heap: 340.8M(1024.0M)->296.6M(1024.0M)]
 [Times: user=0.08 sys=0.01, real=0.02 secs] 
2021-04-24T04:36:31.506+0800: 65381.250: [GC pause (G1 Evacuation Pause) (young), 0.0171187 secs]
   [Parallel Time: 15.6 ms, GC Workers: 8]
      [GC Worker Start (ms): Min: 65381250.5, Avg: 65381250.7, Max: 65381251.5, Diff: 1.0]
      [Ext Root Scanning (ms): Min: 0.0, Avg: 1.0, Max: 2.5, Diff: 2.5, Sum: 8.0]
      [Update RS (ms): Min: 2.7, Avg: 6.8, Max: 14.3, Diff: 11.6, Sum: 54.7]
         [Processed Buffers: Min: 0, Avg: 5.2, Max: 29, Diff: 29, Sum: 42]
      [Scan RS (ms): Min: 0.0, Avg: 2.9, Max: 7.9, Diff: 7.9, Sum: 23.3]
      [Code Root Scanning (ms): Min: 0.0, Avg: 0.0, Max: 0.0, Diff: 0.0, Sum: 0.0]
      [Object Copy (ms): Min: 0.1, Avg: 4.3, Max: 6.7, Diff: 6.6, Sum: 34.1]
      [Termination (ms): Min: 0.0, Avg: 0.2, Max: 0.3, Diff: 0.3, Sum: 1.7]
         [Termination Attempts: Min: 1, Avg: 12.0, Max: 26, Diff: 25, Sum: 96]
      [GC Worker Other (ms): Min: 0.0, Avg: 0.0, Max: 0.0, Diff: 0.0, Sum: 0.1]
      [GC Worker Total (ms): Min: 14.5, Avg: 15.2, Max: 15.5, Diff: 1.0, Sum: 121.9]
      [GC Worker End (ms): Min: 65381266.0, Avg: 65381266.0, Max: 65381266.0, Diff: 0.0]
   [Code Root Fixup: 0.0 ms]
   [Code Root Purge: 0.0 ms]
   [Clear CT: 0.1 ms]
   [Other: 1.4 ms]
      [Choose CSet: 0.0 ms]
      [Ref Proc: 0.3 ms]
      [Ref Enq: 0.0 ms]
      [Redirty Cards: 0.1 ms]
      [Humongous Register: 0.3 ms]
      [Humongous Reclaim: 0.0 ms]
      [Free CSet: 0.1 ms]
   [Eden: 46.0M(46.0M)->0.0B(45.0M) Survivors: 5120.0K->6144.0K Heap: 342.6M(1024.0M)->297.4M(1024.0M)]
 [Times: user=0.05 sys=0.01, real=0.02 secs] 
2021-04-24T04:36:54.285+0800: 65404.029: [GC pause (G1 Evacuation Pause) (young), 0.0163277 secs]
   [Parallel Time: 14.9 ms, GC Workers: 8]
      [GC Worker Start (ms): Min: 65404029.5, Avg: 65404030.9, Max: 65404036.7, Diff: 7.1]
      [Ext Root Scanning (ms): Min: 0.0, Avg: 2.8, Max: 6.9, Diff: 6.9, Sum: 22.0]
      [Update RS (ms): Min: 0.0, Avg: 1.0, Max: 2.4, Diff: 2.4, Sum: 8.2]
         [Processed Buffers: Min: 0, Avg: 5.2, Max: 16, Diff: 16, Sum: 42]
      [Scan RS (ms): Min: 0.0, Avg: 1.6, Max: 2.9, Diff: 2.9, Sum: 12.9]
      [Code Root Scanning (ms): Min: 0.0, Avg: 0.0, Max: 0.0, Diff: 0.0, Sum: 0.0]
      [Object Copy (ms): Min: 7.5, Avg: 7.9, Max: 8.3, Diff: 0.7, Sum: 63.5]
      [Termination (ms): Min: 0.0, Avg: 0.1, Max: 0.1, Diff: 0.1, Sum: 0.5]
         [Termination Attempts: Min: 1, Avg: 2.9, Max: 7, Diff: 6, Sum: 23]
      [GC Worker Other (ms): Min: 0.0, Avg: 0.0, Max: 0.1, Diff: 0.1, Sum: 0.3]
      [GC Worker Total (ms): Min: 7.6, Avg: 13.4, Max: 14.8, Diff: 7.2, Sum: 107.5]
      [GC Worker End (ms): Min: 65404044.3, Avg: 65404044.3, Max: 65404044.3, Diff: 0.1]
   [Code Root Fixup: 0.0 ms]
   [Code Root Purge: 0.0 ms]
   [Clear CT: 0.1 ms]
   [Other: 1.3 ms]
      [Choose CSet: 0.0 ms]
      [Ref Proc: 0.3 ms]
      [Ref Enq: 0.0 ms]
      [Redirty Cards: 0.1 ms]
      [Humongous Register: 0.1 ms]
      [Humongous Reclaim: 0.0 ms]
      [Free CSet: 0.2 ms]
   [Eden: 45.0M(45.0M)->0.0B(45.0M) Survivors: 6144.0K->6144.0K Heap: 342.4M(1024.0M)->298.7M(1024.0M)]
 [Times: user=0.05 sys=0.00, real=0.02 secs] 
2021-04-24T04:37:17.159+0800: 65426.903: [GC pause (G1 Evacuation Pause) (young), 0.0167258 secs]
   [Parallel Time: 15.3 ms, GC Workers: 8]
      [GC Worker Start (ms): Min: 65426904.0, Avg: 65426904.2, Max: 65426904.6, Diff: 0.6]
      [Ext Root Scanning (ms): Min: 0.6, Avg: 4.5, Max: 11.7, Diff: 11.1, Sum: 35.7]
      [Update RS (ms): Min: 0.0, Avg: 2.6, Max: 10.5, Diff: 10.5, Sum: 20.9]
         [Processed Buffers: Min: 0, Avg: 5.5, Max: 12, Diff: 12, Sum: 44]
      [Scan RS (ms): Min: 0.0, Avg: 1.9, Max: 6.2, Diff: 6.2, Sum: 14.9]
      [Code Root Scanning (ms): Min: 0.0, Avg: 0.0, Max: 0.0, Diff: 0.0, Sum: 0.0]
      [Object Copy (ms): Min: 3.3, Avg: 6.0, Max: 7.8, Diff: 4.5, Sum: 47.9]
      [Termination (ms): Min: 0.0, Avg: 0.0, Max: 0.1, Diff: 0.1, Sum: 0.4]
         [Termination Attempts: Min: 1, Avg: 1.0, Max: 1, Diff: 0, Sum: 8]
      [GC Worker Other (ms): Min: 0.0, Avg: 0.0, Max: 0.1, Diff: 0.0, Sum: 0.2]
      [GC Worker Total (ms): Min: 14.6, Avg: 15.0, Max: 15.2, Diff: 0.6, Sum: 120.0]
      [GC Worker End (ms): Min: 65426919.2, Avg: 65426919.2, Max: 65426919.2, Diff: 0.0]
   [Code Root Fixup: 0.0 ms]
   [Code Root Purge: 0.0 ms]
   [Clear CT: 0.1 ms]
   [Other: 1.3 ms]
      [Choose CSet: 0.0 ms]
      [Ref Proc: 0.3 ms]
      [Ref Enq: 0.0 ms]
      [Redirty Cards: 0.1 ms]
      [Humongous Register: 0.2 ms]
      [Humongous Reclaim: 0.0 ms]
      [Free CSet: 0.1 ms]
   [Eden: 45.0M(45.0M)->0.0B(45.0M) Survivors: 6144.0K->6144.0K Heap: 343.7M(1024.0M)->298.1M(1024.0M)]
 [Times: user=0.06 sys=0.01, real=0.02 secs] 
2021-04-24T04:37:39.918+0800: 65449.662: [GC pause (G1 Evacuation Pause) (young), 0.0178277 secs]
   [Parallel Time: 16.2 ms, GC Workers: 8]
      [GC Worker Start (ms): Min: 65449663.0, Avg: 65449663.3, Max: 65449664.3, Diff: 1.3]
      [Ext Root Scanning (ms): Min: 0.0, Avg: 3.1, Max: 9.9, Diff: 9.9, Sum: 25.1]
      [Update RS (ms): Min: 0.0, Avg: 1.4, Max: 3.4, Diff: 3.4, Sum: 11.5]
         [Processed Buffers: Min: 0, Avg: 5.2, Max: 31, Diff: 31, Sum: 42]
      [Scan RS (ms): Min: 0.0, Avg: 1.5, Max: 4.0, Diff: 4.0, Sum: 12.2]
      [Code Root Scanning (ms): Min: 0.0, Avg: 0.0, Max: 0.0, Diff: 0.0, Sum: 0.0]
      [Object Copy (ms): Min: 6.1, Avg: 9.7, Max: 14.9, Diff: 8.8, Sum: 77.2]
      [Termination (ms): Min: 0.0, Avg: 0.1, Max: 0.1, Diff: 0.1, Sum: 0.6]
         [Termination Attempts: Min: 1, Avg: 15.6, Max: 27, Diff: 26, Sum: 125]
      [GC Worker Other (ms): Min: 0.0, Avg: 0.0, Max: 0.0, Diff: 0.0, Sum: 0.1]
      [GC Worker Total (ms): Min: 14.9, Avg: 15.8, Max: 16.1, Diff: 1.3, Sum: 126.8]
      [GC Worker End (ms): Min: 65449679.1, Avg: 65449679.1, Max: 65449679.1, Diff: 0.0]
   [Code Root Fixup: 0.0 ms]
   [Code Root Purge: 0.0 ms]
   [Clear CT: 0.1 ms]
   [Other: 1.5 ms]
      [Choose CSet: 0.0 ms]
      [Ref Proc: 0.3 ms]
      [Ref Enq: 0.0 ms]
      [Redirty Cards: 0.1 ms]
      [Humongous Register: 0.3 ms]
      [Humongous Reclaim: 0.0 ms]
      [Free CSet: 0.2 ms]
   [Eden: 45.0M(45.0M)->0.0B(79.0M) Survivors: 6144.0K->5120.0K Heap: 343.1M(1024.0M)->298.9M(1024.0M)]
 [Times: user=0.07 sys=0.01, real=0.02 secs] 
2021-04-24T04:38:03.457+0800: 65473.202: [GC pause (G1 Evacuation Pause) (young), 0.0195281 secs]
   [Parallel Time: 17.8 ms, GC Workers: 8]
      [GC Worker Start (ms): Min: 65473202.4, Avg: 65473202.6, Max: 65473203.3, Diff: 0.8]
      [Ext Root Scanning (ms): Min: 0.0, Avg: 4.0, Max: 16.9, Diff: 16.9, Sum: 32.3]
      [Update RS (ms): Min: 0.0, Avg: 1.6, Max: 3.6, Diff: 3.6, Sum: 12.9]
         [Processed Buffers: Min: 0, Avg: 6.0, Max: 17, Diff: 17, Sum: 48]
      [Scan RS (ms): Min: 0.0, Avg: 2.9, Max: 8.8, Diff: 8.8, Sum: 23.6]
      [Code Root Scanning (ms): Min: 0.0, Avg: 0.0, Max: 0.0, Diff: 0.0, Sum: 0.0]
      [Object Copy (ms): Min: 0.0, Avg: 6.9, Max: 14.7, Diff: 14.7, Sum: 54.9]
      [Termination (ms): Min: 0.0, Avg: 1.8, Max: 2.5, Diff: 2.5, Sum: 14.6]
         [Termination Attempts: Min: 1, Avg: 9.2, Max: 19, Diff: 18, Sum: 74]
      [GC Worker Other (ms): Min: 0.0, Avg: 0.1, Max: 0.4, Diff: 0.4, Sum: 0.5]
      [GC Worker Total (ms): Min: 16.6, Avg: 17.4, Max: 17.7, Diff: 1.2, Sum: 138.8]
      [GC Worker End (ms): Min: 65473219.3, Avg: 65473219.9, Max: 65473220.2, Diff: 0.9]
   [Code Root Fixup: 0.0 ms]
   [Code Root Purge: 0.0 ms]
   [Clear CT: 0.1 ms]
   [Other: 1.6 ms]
      [Choose CSet: 0.0 ms]
      [Ref Proc: 0.5 ms]
      [Ref Enq: 0.0 ms]
      [Redirty Cards: 0.1 ms]
      [Humongous Register: 0.3 ms]
      [Humongous Reclaim: 0.0 ms]
      [Free CSet: 0.1 ms]
   [Eden: 46.0M(46.0M)->0.0B(87.0M) Survivors: 5120.0K->7168.0K Heap: 344.9M(1024.0M)->301.5M(1024.0M)]
 [Times: user=0.05 sys=0.00, real=0.02 secs] 
2021-04-24T04:38:47.835+0800: 65517.580: [GC pause (G1 Evacuation Pause) (young), 0.0197707 secs]
   [Parallel Time: 17.8 ms, GC Workers: 8]
      [GC Worker Start (ms): Min: 65517581.0, Avg: 65517581.2, Max: 65517581.9, Diff: 0.9]
      [Ext Root Scanning (ms): Min: 0.4, Avg: 5.3, Max: 11.9, Diff: 11.4, Sum: 42.4]
      [Update RS (ms): Min: 0.0, Avg: 2.3, Max: 5.2, Diff: 5.2, Sum: 18.3]
         [Processed Buffers: Min: 0, Avg: 6.1, Max: 18, Diff: 18, Sum: 49]
      [Scan RS (ms): Min: 0.0, Avg: 2.7, Max: 5.5, Diff: 5.4, Sum: 21.4]
      [Code Root Scanning (ms): Min: 0.0, Avg: 0.0, Max: 0.0, Diff: 0.0, Sum: 0.0]
      [Object Copy (ms): Min: 5.6, Avg: 7.1, Max: 8.7, Diff: 3.1, Sum: 56.6]
      [Termination (ms): Min: 0.0, Avg: 0.0, Max: 0.1, Diff: 0.1, Sum: 0.4]
         [Termination Attempts: Min: 1, Avg: 66.0, Max: 95, Diff: 94, Sum: 528]
      [GC Worker Other (ms): Min: 0.0, Avg: 0.0, Max: 0.1, Diff: 0.1, Sum: 0.4]
      [GC Worker Total (ms): Min: 16.8, Avg: 17.4, Max: 17.6, Diff: 0.9, Sum: 139.4]
      [GC Worker End (ms): Min: 65517598.6, Avg: 65517598.7, Max: 65517598.7, Diff: 0.1]
   [Code Root Fixup: 0.0 ms]
   [Code Root Purge: 0.0 ms]
   [Clear CT: 0.1 ms]
   [Other: 1.8 ms]
      [Choose CSet: 0.0 ms]
      [Ref Proc: 0.3 ms]
      [Ref Enq: 0.0 ms]
      [Redirty Cards: 0.1 ms]
      [Humongous Register: 0.3 ms]
      [Humongous Reclaim: 0.0 ms]
      [Free CSet: 0.3 ms]
   [Eden: 87.0M(87.0M)->0.0B(81.0M) Survivors: 7168.0K->8192.0K Heap: 388.5M(1024.0M)->301.9M(1024.0M)]
 [Times: user=0.09 sys=0.01, real=0.02 secs] 
2021-04-24T04:39:09.822+0800: 65539.568: [GC pause (G1 Evacuation Pause) (young), 0.0199756 secs]
   [Parallel Time: 18.6 ms, GC Workers: 8]
      [GC Worker Start (ms): Min: 65539568.5, Avg: 65539572.3, Max: 65539578.6, Diff: 10.1]
      [Ext Root Scanning (ms): Min: 0.0, Avg: 1.3, Max: 3.8, Diff: 3.8, Sum: 10.5]
      [Update RS (ms): Min: 0.0, Avg: 1.4, Max: 4.2, Diff: 4.2, Sum: 11.5]
         [Processed Buffers: Min: 0, Avg: 6.2, Max: 28, Diff: 28, Sum: 50]
      [Scan RS (ms): Min: 0.0, Avg: 2.1, Max: 4.1, Diff: 4.1, Sum: 17.1]
      [Code Root Scanning (ms): Min: 0.0, Avg: 0.0, Max: 0.0, Diff: 0.0, Sum: 0.0]
      [Object Copy (ms): Min: 8.3, Avg: 9.7, Max: 16.7, Diff: 8.5, Sum: 78.0]
      [Termination (ms): Min: 0.0, Avg: 0.1, Max: 0.1, Diff: 0.1, Sum: 0.5]
         [Termination Attempts: Min: 1, Avg: 1.4, Max: 2, Diff: 1, Sum: 11]
      [GC Worker Other (ms): Min: 0.0, Avg: 0.0, Max: 0.0, Diff: 0.0, Sum: 0.2]
      [GC Worker Total (ms): Min: 8.4, Avg: 14.7, Max: 18.5, Diff: 10.1, Sum: 117.7]
      [GC Worker End (ms): Min: 65539587.0, Avg: 65539587.0, Max: 65539587.0, Diff: 0.0]
   [Code Root Fixup: 0.1 ms]
   [Code Root Purge: 0.0 ms]
   [Clear CT: 0.1 ms]
   [Other: 1.2 ms]
      [Choose CSet: 0.0 ms]
      [Ref Proc: 0.2 ms]
      [Ref Enq: 0.0 ms]
      [Redirty Cards: 0.1 ms]
      [Humongous Register: 0.2 ms]
      [Humongous Reclaim: 0.0 ms]
      [Free CSet: 0.1 ms]
   [Eden: 43.0M(43.0M)->0.0B(86.0M) Survivors: 8192.0K->7168.0K Heap: 344.9M(1024.0M)->302.1M(1024.0M)]
 [Times: user=0.06 sys=0.01, real=0.02 secs] 
2021-04-24T04:39:32.341+0800: 65562.087: [GC pause (G1 Evacuation Pause) (young), 0.0237174 secs]
   [Parallel Time: 22.7 ms, GC Workers: 8]
      [GC Worker Start (ms): Min: 65562087.1, Avg: 65562087.2, Max: 65562087.3, Diff: 0.3]
      [Ext Root Scanning (ms): Min: 0.4, Avg: 4.7, Max: 20.8, Diff: 20.4, Sum: 37.9]
      [Update RS (ms): Min: 0.0, Avg: 1.2, Max: 2.5, Diff: 2.5, Sum: 9.4]
         [Processed Buffers: Min: 0, Avg: 5.9, Max: 27, Diff: 27, Sum: 47]
      [Scan RS (ms): Min: 0.0, Avg: 2.6, Max: 4.9, Diff: 4.8, Sum: 20.7]
      [Code Root Scanning (ms): Min: 0.0, Avg: 0.0, Max: 0.0, Diff: 0.0, Sum: 0.0]
      [Object Copy (ms): Min: 1.7, Avg: 13.9, Max: 20.7, Diff: 19.0, Sum: 110.9]
      [Termination (ms): Min: 0.0, Avg: 0.1, Max: 0.1, Diff: 0.1, Sum: 0.6]
         [Termination Attempts: Min: 1, Avg: 1.1, Max: 2, Diff: 1, Sum: 9]
      [GC Worker Other (ms): Min: 0.0, Avg: 0.0, Max: 0.0, Diff: 0.0, Sum: 0.1]
      [GC Worker Total (ms): Min: 22.3, Avg: 22.5, Max: 22.6, Diff: 0.3, Sum: 179.7]
      [GC Worker End (ms): Min: 65562109.7, Avg: 65562109.7, Max: 65562109.7, Diff: 0.0]
   [Code Root Fixup: 0.0 ms]
   [Code Root Purge: 0.0 ms]
   [Clear CT: 0.1 ms]
   [Other: 0.9 ms]
      [Choose CSet: 0.0 ms]
      [Ref Proc: 0.3 ms]
      [Ref Enq: 0.0 ms]
      [Redirty Cards: 0.1 ms]
      [Humongous Register: 0.1 ms]
      [Humongous Reclaim: 0.0 ms]
      [Free CSet: 0.1 ms]
   [Eden: 44.0M(44.0M)->0.0B(67.0M) Survivors: 7168.0K->6144.0K Heap: 346.1M(1024.0M)->302.9M(1024.0M)]
 [Times: user=0.06 sys=0.00, real=0.02 secs] 
2021-04-24T04:39:55.184+0800: 65584.930: [GC pause (G1 Evacuation Pause) (young), 0.0184943 secs]
   [Parallel Time: 17.1 ms, GC Workers: 8]
      [GC Worker Start (ms): Min: 65584930.5, Avg: 65584933.6, Max: 65584943.5, Diff: 13.0]
      [Ext Root Scanning (ms): Min: 0.0, Avg: 2.0, Max: 9.3, Diff: 9.3, Sum: 15.7]
      [Update RS (ms): Min: 0.0, Avg: 2.5, Max: 5.8, Diff: 5.8, Sum: 20.3]
         [Processed Buffers: Min: 0, Avg: 6.9, Max: 26, Diff: 26, Sum: 55]
      [Scan RS (ms): Min: 0.0, Avg: 3.2, Max: 6.6, Diff: 6.6, Sum: 25.3]
      [Code Root Scanning (ms): Min: 0.0, Avg: 0.0, Max: 0.0, Diff: 0.0, Sum: 0.0]
      [Object Copy (ms): Min: 3.8, Avg: 6.2, Max: 15.7, Diff: 11.9, Sum: 49.2]
      [Termination (ms): Min: 0.0, Avg: 0.0, Max: 0.0, Diff: 0.0, Sum: 0.0]
         [Termination Attempts: Min: 1, Avg: 4.5, Max: 8, Diff: 7, Sum: 36]
      [GC Worker Other (ms): Min: 0.0, Avg: 0.0, Max: 0.0, Diff: 0.0, Sum: 0.2]
      [GC Worker Total (ms): Min: 3.9, Avg: 13.9, Max: 17.0, Diff: 13.0, Sum: 110.8]
      [GC Worker End (ms): Min: 65584947.5, Avg: 65584947.5, Max: 65584947.5, Diff: 0.0]
   [Code Root Fixup: 0.0 ms]
   [Code Root Purge: 0.0 ms]
   [Clear CT: 0.1 ms]
   [Other: 1.2 ms]
      [Choose CSet: 0.0 ms]
      [Ref Proc: 0.2 ms]
      [Ref Enq: 0.0 ms]
      [Redirty Cards: 0.1 ms]
      [Humongous Register: 0.3 ms]
      [Humongous Reclaim: 0.0 ms]
      [Free CSet: 0.1 ms]
   [Eden: 45.0M(45.0M)->0.0B(75.0M) Survivors: 6144.0K->7168.0K Heap: 347.9M(1024.0M)->303.9M(1024.0M)]
 [Times: user=0.08 sys=0.01, real=0.02 secs] 
2021-04-24T04:40:17.809+0800: 65607.556: [GC pause (G1 Evacuation Pause) (young), 0.0211277 secs]
   [Parallel Time: 18.2 ms, GC Workers: 8]
      [GC Worker Start (ms): Min: 65607555.8, Avg: 65607556.5, Max: 65607560.6, Diff: 4.9]
      [Ext Root Scanning (ms): Min: 0.0, Avg: 2.3, Max: 7.3, Diff: 7.3, Sum: 18.2]
      [Update RS (ms): Min: 0.0, Avg: 1.4, Max: 2.9, Diff: 2.9, Sum: 10.9]
         [Processed Buffers: Min: 0, Avg: 5.8, Max: 33, Diff: 33, Sum: 46]
      [Scan RS (ms): Min: 0.0, Avg: 2.1, Max: 3.6, Diff: 3.6, Sum: 16.5]
      [Code Root Scanning (ms): Min: 0.0, Avg: 0.0, Max: 0.0, Diff: 0.0, Sum: 0.0]
      [Object Copy (ms): Min: 10.5, Avg: 11.6, Max: 16.5, Diff: 5.9, Sum: 93.1]
      [Termination (ms): Min: 0.0, Avg: 0.1, Max: 0.1, Diff: 0.1, Sum: 0.6]
         [Termination Attempts: Min: 1, Avg: 1.2, Max: 2, Diff: 1, Sum: 10]
      [GC Worker Other (ms): Min: 0.0, Avg: 0.0, Max: 0.0, Diff: 0.0, Sum: 0.1]
      [GC Worker Total (ms): Min: 13.2, Avg: 17.4, Max: 18.1, Diff: 4.9, Sum: 139.3]
      [GC Worker End (ms): Min: 65607573.9, Avg: 65607573.9, Max: 65607573.9, Diff: 0.0]
   [Code Root Fixup: 0.0 ms]
   [Code Root Purge: 0.0 ms]
   [Clear CT: 0.1 ms]
   [Other: 2.9 ms]
      [Choose CSet: 0.0 ms]
      [Ref Proc: 2.2 ms]
      [Ref Enq: 0.0 ms]
      [Redirty Cards: 0.1 ms]
      [Humongous Register: 0.1 ms]
      [Humongous Reclaim: 0.0 ms]
      [Free CSet: 0.1 ms]
   [Eden: 44.0M(44.0M)->0.0B(72.0M) Survivors: 7168.0K->7168.0K Heap: 347.9M(1024.0M)->305.2M(1024.0M)]
 [Times: user=0.07 sys=0.01, real=0.03 secs] 
2021-04-24T04:40:40.297+0800: 65630.044: [GC pause (G1 Evacuation Pause) (young), 0.0190389 secs]
   [Parallel Time: 17.3 ms, GC Workers: 8]
      [GC Worker Start (ms): Min: 65630044.1, Avg: 65630044.5, Max: 65630045.5, Diff: 1.4]
      [Ext Root Scanning (ms): Min: 0.0, Avg: 2.9, Max: 9.6, Diff: 9.6, Sum: 23.1]
      [Update RS (ms): Min: 0.0, Avg: 2.6, Max: 8.0, Diff: 8.0, Sum: 20.5]
         [Processed Buffers: Min: 0, Avg: 6.6, Max: 31, Diff: 31, Sum: 53]
      [Scan RS (ms): Min: 0.0, Avg: 3.0, Max: 4.5, Diff: 4.5, Sum: 24.2]
      [Code Root Scanning (ms): Min: 0.0, Avg: 0.0, Max: 0.0, Diff: 0.0, Sum: 0.0]
      [Object Copy (ms): Min: 7.4, Avg: 8.3, Max: 12.8, Diff: 5.4, Sum: 66.3]
      [Termination (ms): Min: 0.0, Avg: 0.0, Max: 0.1, Diff: 0.1, Sum: 0.3]
         [Termination Attempts: Min: 1, Avg: 1.8, Max: 3, Diff: 2, Sum: 14]
      [GC Worker Other (ms): Min: 0.0, Avg: 0.0, Max: 0.1, Diff: 0.0, Sum: 0.3]
      [GC Worker Total (ms): Min: 15.8, Avg: 16.8, Max: 17.2, Diff: 1.4, Sum: 134.7]
      [GC Worker End (ms): Min: 65630061.3, Avg: 65630061.4, Max: 65630061.4, Diff: 0.0]
   [Code Root Fixup: 0.0 ms]
   [Code Root Purge: 0.0 ms]
   [Clear CT: 0.1 ms]
   [Other: 1.6 ms]
      [Choose CSet: 0.0 ms]
      [Ref Proc: 0.2 ms]
      [Ref Enq: 0.0 ms]
      [Redirty Cards: 0.1 ms]
      [Humongous Register: 0.2 ms]
      [Humongous Reclaim: 0.0 ms]
      [Free CSet: 0.1 ms]
   [Eden: 44.0M(44.0M)->0.0B(109.0M) Survivors: 7168.0K->5120.0K Heap: 349.2M(1024.0M)->304.6M(1024.0M)]
 [Times: user=0.07 sys=0.01, real=0.02 secs] 
2021-04-24T04:41:10.635+0800: 65660.382: [GC pause (G1 Evacuation Pause) (young), 0.0173497 secs]
   [Parallel Time: 15.8 ms, GC Workers: 8]
      [GC Worker Start (ms): Min: 65660382.8, Avg: 65660384.2, Max: 65660391.0, Diff: 8.1]
      [Ext Root Scanning (ms): Min: 0.0, Avg: 3.0, Max: 10.9, Diff: 10.9, Sum: 23.8]
      [Update RS (ms): Min: 0.0, Avg: 2.0, Max: 4.4, Diff: 4.4, Sum: 16.3]
         [Processed Buffers: Min: 0, Avg: 6.5, Max: 22, Diff: 22, Sum: 52]
      [Scan RS (ms): Min: 0.0, Avg: 3.3, Max: 5.8, Diff: 5.7, Sum: 26.3]
      [Code Root Scanning (ms): Min: 0.0, Avg: 0.0, Max: 0.0, Diff: 0.0, Sum: 0.0]
      [Object Copy (ms): Min: 4.5, Avg: 6.0, Max: 12.3, Diff: 7.8, Sum: 48.2]
      [Termination (ms): Min: 0.0, Avg: 0.0, Max: 0.0, Diff: 0.0, Sum: 0.0]
         [Termination Attempts: Min: 1, Avg: 1.9, Max: 3, Diff: 2, Sum: 15]
      [GC Worker Other (ms): Min: 0.0, Avg: 0.0, Max: 0.0, Diff: 0.0, Sum: 0.2]
      [GC Worker Total (ms): Min: 7.5, Avg: 14.4, Max: 15.7, Diff: 8.1, Sum: 114.8]
      [GC Worker End (ms): Min: 65660398.5, Avg: 65660398.5, Max: 65660398.5, Diff: 0.0]
   [Code Root Fixup: 0.0 ms]
   [Code Root Purge: 0.0 ms]
   [Clear CT: 0.1 ms]
   [Other: 1.4 ms]
      [Choose CSet: 0.0 ms]
      [Ref Proc: 0.3 ms]
      [Ref Enq: 0.0 ms]
      [Redirty Cards: 0.1 ms]
      [Humongous Register: 0.2 ms]
      [Humongous Reclaim: 0.0 ms]
      [Free CSet: 0.2 ms]
   [Eden: 59.0M(46.0M)->0.0B(115.0M) Survivors: 5120.0K->7168.0K Heap: 363.6M(1024.0M)->306.8M(1024.0M)]
 [Times: user=0.08 sys=0.00, real=0.02 secs] 
2021-04-24T04:42:09.649+0800: 65719.397: [GC pause (G1 Evacuation Pause) (young), 0.0199048 secs]
   [Parallel Time: 18.0 ms, GC Workers: 8]
      [GC Worker Start (ms): Min: 65719397.6, Avg: 65719397.9, Max: 65719398.9, Diff: 1.3]
      [Ext Root Scanning (ms): Min: 0.0, Avg: 4.6, Max: 12.4, Diff: 12.4, Sum: 36.7]
      [Update RS (ms): Min: 0.0, Avg: 2.1, Max: 4.6, Diff: 4.6, Sum: 16.5]
         [Processed Buffers: Min: 0, Avg: 6.1, Max: 19, Diff: 19, Sum: 49]
      [Scan RS (ms): Min: 0.0, Avg: 2.5, Max: 7.2, Diff: 7.2, Sum: 20.4]
      [Code Root Scanning (ms): Min: 0.0, Avg: 0.0, Max: 0.0, Diff: 0.0, Sum: 0.0]
      [Object Copy (ms): Min: 5.1, Avg: 8.3, Max: 16.6, Diff: 11.5, Sum: 66.5]
      [Termination (ms): Min: 0.0, Avg: 0.0, Max: 0.0, Diff: 0.0, Sum: 0.0]
         [Termination Attempts: Min: 1, Avg: 8.0, Max: 13, Diff: 12, Sum: 64]
      [GC Worker Other (ms): Min: 0.0, Avg: 0.0, Max: 0.1, Diff: 0.0, Sum: 0.3]
      [GC Worker Total (ms): Min: 16.6, Avg: 17.5, Max: 17.9, Diff: 1.3, Sum: 140.4]
      [GC Worker End (ms): Min: 65719415.5, Avg: 65719415.5, Max: 65719415.5, Diff: 0.0]
   [Code Root Fixup: 0.0 ms]
   [Code Root Purge: 0.0 ms]
   [Clear CT: 0.1 ms]
   [Other: 1.8 ms]
      [Choose CSet: 0.0 ms]
      [Ref Proc: 0.8 ms]
      [Ref Enq: 0.0 ms]
      [Redirty Cards: 0.1 ms]
      [Humongous Register: 0.3 ms]
      [Humongous Reclaim: 0.0 ms]
      [Free CSet: 0.1 ms]
   [Eden: 115.0M(115.0M)->0.0B(125.0M) Survivors: 7168.0K->9216.0K Heap: 421.8M(1024.0M)->308.5M(1024.0M)]
 [Times: user=0.09 sys=0.00, real=0.02 secs] 
2021-04-24T04:43:14.754+0800: 65783.453: [GC pause (G1 Evacuation Pause) (young), 0.0221574 secs]
   [Parallel Time: 19.9 ms, GC Workers: 8]
      [GC Worker Start (ms): Min: 65783454.6, Avg: 65783454.9, Max: 65783456.0, Diff: 1.4]
      [Ext Root Scanning (ms): Min: 0.0, Avg: 2.9, Max: 7.8, Diff: 7.8, Sum: 23.4]
      [Update RS (ms): Min: 0.0, Avg: 2.1, Max: 4.8, Diff: 4.8, Sum: 16.6]
         [Processed Buffers: Min: 0, Avg: 6.5, Max: 17, Diff: 17, Sum: 52]
      [Scan RS (ms): Min: 0.7, Avg: 1.8, Max: 3.3, Diff: 2.6, Sum: 14.6]
      [Code Root Scanning (ms): Min: 0.0, Avg: 0.0, Max: 0.0, Diff: 0.0, Sum: 0.0]
      [Object Copy (ms): Min: 10.0, Avg: 12.2, Max: 17.3, Diff: 7.3, Sum: 97.4]
      [Termination (ms): Min: 0.0, Avg: 0.0, Max: 0.0, Diff: 0.0, Sum: 0.0]
         [Termination Attempts: Min: 1, Avg: 2.6, Max: 6, Diff: 5, Sum: 21]
      [GC Worker Other (ms): Min: 0.0, Avg: 0.1, Max: 0.5, Diff: 0.4, Sum: 0.9]
      [GC Worker Total (ms): Min: 18.0, Avg: 19.1, Max: 19.7, Diff: 1.8, Sum: 152.9]
      [GC Worker End (ms): Min: 65783473.9, Avg: 65783474.0, Max: 65783474.4, Diff: 0.4]
   [Code Root Fixup: 0.0 ms]
   [Code Root Purge: 0.0 ms]
   [Clear CT: 0.2 ms]
   [Other: 2.1 ms]
      [Choose CSet: 0.0 ms]
      [Ref Proc: 0.4 ms]
      [Ref Enq: 0.0 ms]
      [Redirty Cards: 0.1 ms]
      [Humongous Register: 0.7 ms]
      [Humongous Reclaim: 0.0 ms]
      [Free CSet: 0.1 ms]
   [Eden: 125.0M(125.0M)->0.0B(111.0M) Survivors: 9216.0K->9216.0K Heap: 433.5M(1024.0M)->308.6M(1024.0M)]
 [Times: user=0.09 sys=0.02, real=0.02 secs] 
2021-04-24T04:43:35.902+0800: 65804.599: [GC pause (G1 Evacuation Pause) (young), 0.0401965 secs]
   [Parallel Time: 38.6 ms, GC Workers: 8]
      [GC Worker Start (ms): Min: 65804599.4, Avg: 65804600.7, Max: 65804606.7, Diff: 7.3]
      [Ext Root Scanning (ms): Min: 0.0, Avg: 3.0, Max: 10.2, Diff: 10.2, Sum: 23.8]
      [Update RS (ms): Min: 0.0, Avg: 1.7, Max: 3.8, Diff: 3.8, Sum: 13.6]
         [Processed Buffers: Min: 0, Avg: 5.6, Max: 20, Diff: 20, Sum: 45]
      [Scan RS (ms): Min: 0.0, Avg: 3.2, Max: 5.8, Diff: 5.7, Sum: 25.7]
      [Code Root Scanning (ms): Min: 0.0, Avg: 0.0, Max: 0.0, Diff: 0.0, Sum: 0.0]
      [Object Copy (ms): Min: 27.5, Avg: 29.1, Max: 36.8, Diff: 9.2, Sum: 233.1]
      [Termination (ms): Min: 0.0, Avg: 0.0, Max: 0.1, Diff: 0.0, Sum: 0.3]
         [Termination Attempts: Min: 1, Avg: 9.2, Max: 17, Diff: 16, Sum: 74]
      [GC Worker Other (ms): Min: 0.0, Avg: 0.0, Max: 0.1, Diff: 0.0, Sum: 0.4]
      [GC Worker Total (ms): Min: 31.1, Avg: 37.1, Max: 38.4, Diff: 7.3, Sum: 296.9]
      [GC Worker End (ms): Min: 65804637.8, Avg: 65804637.8, Max: 65804637.8, Diff: 0.0]
   [Code Root Fixup: 0.0 ms]
   [Code Root Purge: 0.0 ms]
   [Clear CT: 0.1 ms]
   [Other: 1.5 ms]
      [Choose CSet: 0.0 ms]
      [Ref Proc: 0.3 ms]
      [Ref Enq: 0.0 ms]
      [Redirty Cards: 0.1 ms]
      [Humongous Register: 0.3 ms]
      [Humongous Reclaim: 0.0 ms]
      [Free CSet: 0.1 ms]
   [Eden: 42.0M(42.0M)->0.0B(45.0M) Survivors: 9216.0K->6144.0K Heap: 350.6M(1024.0M)->309.0M(1024.0M)]
 [Times: user=0.09 sys=0.02, real=0.04 secs] 
2021-04-24T07:29:19.767+0800: 66793.423: [GC pause (G1 Evacuation Pause) (young), 0.0849614 secs]
   [Parallel Time: 61.4 ms, GC Workers: 8]
      [GC Worker Start (ms): Min: 66793444.2, Avg: 66793445.7, Max: 66793446.6, Diff: 2.4]
      [Ext Root Scanning (ms): Min: 5.3, Avg: 9.1, Max: 26.8, Diff: 21.5, Sum: 72.5]
      [Update RS (ms): Min: 7.0, Avg: 28.3, Max: 37.3, Diff: 30.3, Sum: 226.2]
         [Processed Buffers: Min: 1, Avg: 6.9, Max: 20, Diff: 19, Sum: 55]
      [Scan RS (ms): Min: 0.0, Avg: 1.4, Max: 3.2, Diff: 3.2, Sum: 11.4]
      [Code Root Scanning (ms): Min: 0.0, Avg: 0.0, Max: 0.0, Diff: 0.0, Sum: 0.0]
      [Object Copy (ms): Min: 12.8, Avg: 18.4, Max: 22.5, Diff: 9.7, Sum: 146.9]
      [Termination (ms): Min: 0.2, Avg: 1.6, Max: 2.8, Diff: 2.5, Sum: 12.8]
         [Termination Attempts: Min: 13, Avg: 31.4, Max: 45, Diff: 32, Sum: 251]
      [GC Worker Other (ms): Min: 0.0, Avg: 0.4, Max: 1.5, Diff: 1.5, Sum: 3.0]
      [GC Worker Total (ms): Min: 58.2, Avg: 59.1, Max: 60.6, Diff: 2.4, Sum: 472.9]
      [GC Worker End (ms): Min: 66793504.8, Avg: 66793504.8, Max: 66793504.8, Diff: 0.0]
   [Code Root Fixup: 0.1 ms]
   [Code Root Purge: 0.0 ms]
   [Clear CT: 0.4 ms]
   [Other: 23.1 ms]
      [Choose CSet: 0.0 ms]
      [Ref Proc: 1.1 ms]
      [Ref Enq: 0.0 ms]
      [Redirty Cards: 0.0 ms]
      [Humongous Register: 7.1 ms]
      [Humongous Reclaim: 0.0 ms]
      [Free CSet: 0.7 ms]
   [Eden: 45.0M(45.0M)->0.0B(45.0M) Survivors: 6144.0K->6144.0K Heap: 354.0M(1024.0M)->312.5M(1024.0M)]
 [Times: user=0.05 sys=0.10, real=0.09 secs] 
2021-04-24T08:13:59.315+0800: 69473.016: [GC pause (G1 Evacuation Pause) (young), 0.0747479 secs]
   [Parallel Time: 58.8 ms, GC Workers: 8]
      [GC Worker Start (ms): Min: 69473028.9, Avg: 69473029.1, Max: 69473029.8, Diff: 0.9]
      [Ext Root Scanning (ms): Min: 4.8, Avg: 6.9, Max: 16.0, Diff: 11.2, Sum: 55.3]
      [Update RS (ms): Min: 2.5, Avg: 10.9, Max: 14.0, Diff: 11.5, Sum: 87.4]
         [Processed Buffers: Min: 1, Avg: 5.1, Max: 17, Diff: 16, Sum: 41]
      [Scan RS (ms): Min: 1.8, Avg: 3.2, Max: 4.4, Diff: 2.6, Sum: 25.5]
      [Code Root Scanning (ms): Min: 0.0, Avg: 0.0, Max: 0.0, Diff: 0.0, Sum: 0.0]
      [Object Copy (ms): Min: 13.8, Avg: 21.1, Max: 27.5, Diff: 13.7, Sum: 168.7]
      [Termination (ms): Min: 8.9, Avg: 15.8, Max: 21.9, Diff: 12.9, Sum: 126.0]
         [Termination Attempts: Min: 25, Avg: 43.4, Max: 65, Diff: 40, Sum: 347]
      [GC Worker Other (ms): Min: 0.0, Avg: 0.5, Max: 1.2, Diff: 1.2, Sum: 4.3]
      [GC Worker Total (ms): Min: 57.7, Avg: 58.4, Max: 58.6, Diff: 0.9, Sum: 467.2]
      [GC Worker End (ms): Min: 69473087.5, Avg: 69473087.5, Max: 69473087.5, Diff: 0.0]
   [Code Root Fixup: 0.1 ms]
   [Code Root Purge: 0.0 ms]
   [Clear CT: 0.1 ms]
   [Other: 15.8 ms]
      [Choose CSet: 0.0 ms]
      [Ref Proc: 1.8 ms]
      [Ref Enq: 0.0 ms]
      [Redirty Cards: 0.1 ms]
      [Humongous Register: 4.0 ms]
      [Humongous Reclaim: 0.0 ms]
      [Free CSet: 0.2 ms]
   [Eden: 45.0M(45.0M)->0.0B(46.0M) Survivors: 6144.0K->5120.0K Heap: 357.5M(1024.0M)->313.3M(1024.0M)]
 [Times: user=0.15 sys=0.12, real=0.08 secs] 
2021-04-24T08:56:04.795+0800: 71998.482: [GC pause (G1 Evacuation Pause) (young), 0.0167467 secs]
   [Parallel Time: 15.0 ms, GC Workers: 8]
      [GC Worker Start (ms): Min: 71998483.0, Avg: 71998483.2, Max: 71998483.3, Diff: 0.4]
      [Ext Root Scanning (ms): Min: 0.7, Avg: 1.1, Max: 2.3, Diff: 1.6, Sum: 9.2]
      [Update RS (ms): Min: 1.1, Avg: 4.9, Max: 9.8, Diff: 8.7, Sum: 39.6]
         [Processed Buffers: Min: 1, Avg: 5.9, Max: 13, Diff: 12, Sum: 47]
      [Scan RS (ms): Min: 0.0, Avg: 3.9, Max: 7.0, Diff: 7.0, Sum: 31.0]
      [Code Root Scanning (ms): Min: 0.0, Avg: 0.0, Max: 0.2, Diff: 0.2, Sum: 0.3]
      [Object Copy (ms): Min: 3.3, Avg: 4.1, Max: 4.5, Diff: 1.2, Sum: 32.4]
      [Termination (ms): Min: 0.3, Avg: 0.6, Max: 0.9, Diff: 0.6, Sum: 4.9]
         [Termination Attempts: Min: 39, Avg: 60.8, Max: 101, Diff: 62, Sum: 486]
      [GC Worker Other (ms): Min: 0.0, Avg: 0.0, Max: 0.1, Diff: 0.1, Sum: 0.3]
      [GC Worker Total (ms): Min: 14.5, Avg: 14.7, Max: 14.9, Diff: 0.4, Sum: 117.7]
      [GC Worker End (ms): Min: 71998497.8, Avg: 71998497.9, Max: 71998497.9, Diff: 0.0]
   [Code Root Fixup: 0.1 ms]
   [Code Root Purge: 0.0 ms]
   [Clear CT: 0.1 ms]
   [Other: 1.6 ms]
      [Choose CSet: 0.0 ms]
      [Ref Proc: 0.7 ms]
      [Ref Enq: 0.0 ms]
      [Redirty Cards: 0.0 ms]
      [Humongous Register: 0.4 ms]
      [Humongous Reclaim: 0.0 ms]
      [Free CSet: 0.1 ms]
   [Eden: 46.0M(46.0M)->0.0B(46.0M) Survivors: 5120.0K->5120.0K Heap: 359.3M(1024.0M)->313.5M(1024.0M)]
 [Times: user=0.03 sys=0.03, real=0.02 secs] 
2021-04-24T08:56:25.594+0800: 72019.281: [GC pause (G1 Evacuation Pause) (young), 0.0461491 secs]
   [Parallel Time: 43.1 ms, GC Workers: 8]
      [GC Worker Start (ms): Min: 72019282.2, Avg: 72019282.4, Max: 72019282.7, Diff: 0.6]
      [Ext Root Scanning (ms): Min: 0.5, Avg: 2.6, Max: 4.4, Diff: 4.0, Sum: 21.0]
      [Update RS (ms): Min: 0.0, Avg: 10.2, Max: 20.1, Diff: 20.1, Sum: 81.9]
         [Processed Buffers: Min: 0, Avg: 6.2, Max: 27, Diff: 27, Sum: 50]
      [Scan RS (ms): Min: 0.1, Avg: 3.6, Max: 6.7, Diff: 6.7, Sum: 28.4]
      [Code Root Scanning (ms): Min: 0.0, Avg: 0.5, Max: 4.1, Diff: 4.1, Sum: 4.2]
      [Object Copy (ms): Min: 21.2, Avg: 25.5, Max: 32.7, Diff: 11.6, Sum: 204.0]
      [Termination (ms): Min: 0.0, Avg: 0.3, Max: 0.4, Diff: 0.4, Sum: 2.4]
         [Termination Attempts: Min: 1, Avg: 1.2, Max: 2, Diff: 1, Sum: 10]
      [GC Worker Other (ms): Min: 0.0, Avg: 0.0, Max: 0.0, Diff: 0.0, Sum: 0.2]
      [GC Worker Total (ms): Min: 42.4, Avg: 42.8, Max: 43.0, Diff: 0.5, Sum: 342.1]
      [GC Worker End (ms): Min: 72019325.1, Avg: 72019325.1, Max: 72019325.2, Diff: 0.1]
   [Code Root Fixup: 0.0 ms]
   [Code Root Purge: 0.0 ms]
   [Clear CT: 0.1 ms]
   [Other: 2.9 ms]
      [Choose CSet: 0.0 ms]
      [Ref Proc: 0.8 ms]
      [Ref Enq: 0.0 ms]
      [Redirty Cards: 0.1 ms]
      [Humongous Register: 0.3 ms]
      [Humongous Reclaim: 0.0 ms]
      [Free CSet: 0.3 ms]
   [Eden: 46.0M(46.0M)->0.0B(44.0M) Survivors: 5120.0K->7168.0K Heap: 359.5M(1024.0M)->316.4M(1024.0M)]
 [Times: user=0.08 sys=0.02, real=0.05 secs] 
2021-04-24T08:56:47.292+0800: 72040.979: [GC pause (G1 Evacuation Pause) (young), 0.0232953 secs]
   [Parallel Time: 22.2 ms, GC Workers: 8]
      [GC Worker Start (ms): Min: 72040979.6, Avg: 72040981.4, Max: 72040986.9, Diff: 7.3]
      [Ext Root Scanning (ms): Min: 0.0, Avg: 1.9, Max: 7.4, Diff: 7.4, Sum: 14.9]
      [Update RS (ms): Min: 0.0, Avg: 0.6, Max: 1.4, Diff: 1.4, Sum: 5.0]
         [Processed Buffers: Min: 0, Avg: 5.8, Max: 19, Diff: 19, Sum: 46]
      [Scan RS (ms): Min: 0.0, Avg: 3.0, Max: 5.3, Diff: 5.3, Sum: 23.7]
      [Code Root Scanning (ms): Min: 0.0, Avg: 0.0, Max: 0.0, Diff: 0.0, Sum: 0.0]
      [Object Copy (ms): Min: 14.4, Avg: 14.6, Max: 14.8, Diff: 0.4, Sum: 116.7]
      [Termination (ms): Min: 0.0, Avg: 0.2, Max: 0.4, Diff: 0.4, Sum: 2.0]
         [Termination Attempts: Min: 1, Avg: 1.5, Max: 2, Diff: 1, Sum: 12]
      [GC Worker Other (ms): Min: 0.0, Avg: 0.0, Max: 0.0, Diff: 0.0, Sum: 0.1]
      [GC Worker Total (ms): Min: 14.8, Avg: 20.3, Max: 22.1, Diff: 7.3, Sum: 162.4]
      [GC Worker End (ms): Min: 72041001.7, Avg: 72041001.7, Max: 72041001.7, Diff: 0.0]
   [Code Root Fixup: 0.0 ms]
   [Code Root Purge: 0.0 ms]
   [Clear CT: 0.1 ms]
   [Other: 1.0 ms]
      [Choose CSet: 0.0 ms]
      [Ref Proc: 0.4 ms]
      [Ref Enq: 0.0 ms]
      [Redirty Cards: 0.1 ms]
      [Humongous Register: 0.1 ms]
      [Humongous Reclaim: 0.0 ms]
      [Free CSet: 0.1 ms]
   [Eden: 44.0M(44.0M)->0.0B(44.0M) Survivors: 7168.0K->7168.0K Heap: 360.4M(1024.0M)->318.1M(1024.0M)]
 [Times: user=0.06 sys=0.01, real=0.02 secs] 
2021-04-24T08:57:09.132+0800: 72062.819: [GC pause (G1 Evacuation Pause) (young), 0.0227042 secs]
   [Parallel Time: 20.5 ms, GC Workers: 8]
      [GC Worker Start (ms): Min: 72062819.3, Avg: 72062820.0, Max: 72062823.6, Diff: 4.3]
      [Ext Root Scanning (ms): Min: 0.0, Avg: 0.6, Max: 1.7, Diff: 1.7, Sum: 4.5]
      [Update RS (ms): Min: 0.0, Avg: 2.0, Max: 4.6, Diff: 4.6, Sum: 15.9]
         [Processed Buffers: Min: 0, Avg: 6.0, Max: 18, Diff: 18, Sum: 48]
      [Scan RS (ms): Min: 0.0, Avg: 2.2, Max: 3.4, Diff: 3.4, Sum: 17.8]
      [Code Root Scanning (ms): Min: 0.0, Avg: 0.1, Max: 0.6, Diff: 0.6, Sum: 0.6]
      [Object Copy (ms): Min: 14.2, Avg: 14.7, Max: 15.3, Diff: 1.0, Sum: 117.3]
      [Termination (ms): Min: 0.0, Avg: 0.0, Max: 0.0, Diff: 0.0, Sum: 0.2]
         [Termination Attempts: Min: 1, Avg: 37.1, Max: 62, Diff: 61, Sum: 297]
      [GC Worker Other (ms): Min: 0.0, Avg: 0.1, Max: 0.1, Diff: 0.1, Sum: 0.4]
      [GC Worker Total (ms): Min: 16.0, Avg: 19.6, Max: 20.4, Diff: 4.4, Sum: 156.6]
      [GC Worker End (ms): Min: 72062839.6, Avg: 72062839.6, Max: 72062839.7, Diff: 0.1]
   [Code Root Fixup: 0.0 ms]
   [Code Root Purge: 0.0 ms]
   [Clear CT: 0.2 ms]
   [Other: 2.1 ms]
      [Choose CSet: 0.0 ms]
      [Ref Proc: 0.8 ms]
      [Ref Enq: 0.0 ms]
      [Redirty Cards: 0.1 ms]
      [Humongous Register: 0.1 ms]
      [Humongous Reclaim: 0.0 ms]
      [Free CSet: 0.1 ms]
   [Eden: 44.0M(44.0M)->0.0B(46.0M) Survivors: 7168.0K->5120.0K Heap: 362.1M(1024.0M)->318.5M(1024.0M)]
 [Times: user=0.06 sys=0.02, real=0.02 secs] 
2021-04-24T08:57:32.214+0800: 72085.902: [GC pause (G1 Evacuation Pause) (young), 0.0189010 secs]
   [Parallel Time: 16.7 ms, GC Workers: 8]
      [GC Worker Start (ms): Min: 72085902.4, Avg: 72085903.0, Max: 72085905.3, Diff: 2.9]
      [Ext Root Scanning (ms): Min: 0.0, Avg: 1.6, Max: 2.6, Diff: 2.6, Sum: 12.6]
      [Update RS (ms): Min: 2.3, Avg: 4.6, Max: 10.6, Diff: 8.3, Sum: 37.0]
         [Processed Buffers: Min: 0, Avg: 5.9, Max: 19, Diff: 19, Sum: 47]
      [Scan RS (ms): Min: 0.0, Avg: 2.9, Max: 9.4, Diff: 9.4, Sum: 23.1]
      [Code Root Scanning (ms): Min: 0.0, Avg: 0.0, Max: 0.0, Diff: 0.0, Sum: 0.0]
      [Object Copy (ms): Min: 1.9, Avg: 6.8, Max: 9.0, Diff: 7.1, Sum: 54.1]
      [Termination (ms): Min: 0.0, Avg: 0.2, Max: 0.2, Diff: 0.2, Sum: 1.4]
         [Termination Attempts: Min: 1, Avg: 1.0, Max: 1, Diff: 0, Sum: 8]
      [GC Worker Other (ms): Min: 0.0, Avg: 0.0, Max: 0.0, Diff: 0.0, Sum: 0.1]
      [GC Worker Total (ms): Min: 13.7, Avg: 16.1, Max: 16.6, Diff: 2.9, Sum: 128.4]
      [GC Worker End (ms): Min: 72085919.0, Avg: 72085919.0, Max: 72085919.1, Diff: 0.1]
   [Code Root Fixup: 0.0 ms]
   [Code Root Purge: 0.0 ms]
   [Clear CT: 0.1 ms]
   [Other: 2.1 ms]
      [Choose CSet: 0.0 ms]
      [Ref Proc: 0.9 ms]
      [Ref Enq: 0.0 ms]
      [Redirty Cards: 0.1 ms]
      [Humongous Register: 0.3 ms]
      [Humongous Reclaim: 0.0 ms]
      [Free CSet: 0.1 ms]
   [Eden: 46.0M(46.0M)->0.0B(45.0M) Survivors: 5120.0K->6144.0K Heap: 364.5M(1024.0M)->319.2M(1024.0M)]
 [Times: user=0.06 sys=0.01, real=0.02 secs] 
2021-04-24T08:57:54.768+0800: 72108.456: [GC pause (G1 Evacuation Pause) (young), 0.0140435 secs]
   [Parallel Time: 12.9 ms, GC Workers: 8]
      [GC Worker Start (ms): Min: 72108455.9, Avg: 72108456.4, Max: 72108458.7, Diff: 2.8]
      [Ext Root Scanning (ms): Min: 0.0, Avg: 1.5, Max: 3.9, Diff: 3.9, Sum: 12.2]
      [Update RS (ms): Min: 0.0, Avg: 0.5, Max: 1.0, Diff: 1.0, Sum: 3.6]
         [Processed Buffers: Min: 0, Avg: 4.5, Max: 18, Diff: 18, Sum: 36]
      [Scan RS (ms): Min: 0.0, Avg: 0.5, Max: 1.2, Diff: 1.2, Sum: 3.9]
      [Code Root Scanning (ms): Min: 0.0, Avg: 0.0, Max: 0.0, Diff: 0.0, Sum: 0.0]
      [Object Copy (ms): Min: 8.6, Avg: 9.7, Max: 10.2, Diff: 1.6, Sum: 77.6]
      [Termination (ms): Min: 0.0, Avg: 0.2, Max: 0.3, Diff: 0.3, Sum: 1.6]
         [Termination Attempts: Min: 1, Avg: 4.9, Max: 11, Diff: 10, Sum: 39]
      [GC Worker Other (ms): Min: 0.0, Avg: 0.0, Max: 0.0, Diff: 0.0, Sum: 0.1]
      [GC Worker Total (ms): Min: 10.1, Avg: 12.4, Max: 12.9, Diff: 2.8, Sum: 99.1]
      [GC Worker End (ms): Min: 72108468.8, Avg: 72108468.8, Max: 72108468.8, Diff: 0.0]
   [Code Root Fixup: 0.0 ms]
   [Code Root Purge: 0.0 ms]
   [Clear CT: 0.1 ms]
   [Other: 1.0 ms]
      [Choose CSet: 0.0 ms]
      [Ref Proc: 0.3 ms]
      [Ref Enq: 0.0 ms]
      [Redirty Cards: 0.1 ms]
      [Humongous Register: 0.1 ms]
      [Humongous Reclaim: 0.0 ms]
      [Free CSet: 0.1 ms]
   [Eden: 45.0M(45.0M)->0.0B(46.0M) Survivors: 6144.0K->5120.0K Heap: 364.2M(1024.0M)->319.8M(1024.0M)]
 [Times: user=0.04 sys=0.01, real=0.02 secs] 
2021-04-24T08:58:17.851+0800: 72131.539: [GC pause (G1 Evacuation Pause) (young), 0.0153915 secs]
   [Parallel Time: 13.6 ms, GC Workers: 8]
      [GC Worker Start (ms): Min: 72131539.0, Avg: 72131539.6, Max: 72131542.4, Diff: 3.4]
      [Ext Root Scanning (ms): Min: 0.0, Avg: 2.1, Max: 6.5, Diff: 6.5, Sum: 16.6]
      [Update RS (ms): Min: 0.0, Avg: 0.7, Max: 1.6, Diff: 1.6, Sum: 5.5]
         [Processed Buffers: Min: 0, Avg: 4.9, Max: 20, Diff: 20, Sum: 39]
      [Scan RS (ms): Min: 0.0, Avg: 1.8, Max: 4.2, Diff: 4.2, Sum: 14.6]
      [Code Root Scanning (ms): Min: 0.0, Avg: 0.0, Max: 0.0, Diff: 0.0, Sum: 0.0]
      [Object Copy (ms): Min: 6.2, Avg: 7.9, Max: 9.0, Diff: 2.8, Sum: 63.1]
      [Termination (ms): Min: 0.0, Avg: 0.5, Max: 0.6, Diff: 0.6, Sum: 3.9]
         [Termination Attempts: Min: 1, Avg: 1.4, Max: 2, Diff: 1, Sum: 11]
      [GC Worker Other (ms): Min: 0.0, Avg: 0.0, Max: 0.0, Diff: 0.0, Sum: 0.1]
      [GC Worker Total (ms): Min: 10.2, Avg: 13.0, Max: 13.6, Diff: 3.3, Sum: 103.8]
      [GC Worker End (ms): Min: 72131552.5, Avg: 72131552.6, Max: 72131552.6, Diff: 0.0]
   [Code Root Fixup: 0.0 ms]
   [Code Root Purge: 0.0 ms]
   [Clear CT: 0.1 ms]
   [Other: 1.6 ms]
      [Choose CSet: 0.0 ms]
      [Ref Proc: 0.7 ms]
      [Ref Enq: 0.0 ms]
      [Redirty Cards: 0.1 ms]
      [Humongous Register: 0.2 ms]
      [Humongous Reclaim: 0.0 ms]
      [Free CSet: 0.1 ms]
   [Eden: 46.0M(46.0M)->0.0B(44.0M) Survivors: 5120.0K->7168.0K Heap: 365.8M(1024.0M)->322.8M(1024.0M)]
 [Times: user=0.05 sys=0.01, real=0.01 secs] 
2021-04-24T08:58:39.937+0800: 72153.625: [GC pause (G1 Evacuation Pause) (young), 0.0143338 secs]
   [Parallel Time: 12.3 ms, GC Workers: 8]
      [GC Worker Start (ms): Min: 72153625.0, Avg: 72153625.3, Max: 72153626.0, Diff: 1.0]
      [Ext Root Scanning (ms): Min: 0.0, Avg: 2.3, Max: 6.1, Diff: 6.1, Sum: 18.3]
      [Update RS (ms): Min: 0.0, Avg: 0.5, Max: 1.1, Diff: 1.1, Sum: 4.0]
         [Processed Buffers: Min: 0, Avg: 5.0, Max: 26, Diff: 26, Sum: 40]
      [Scan RS (ms): Min: 0.0, Avg: 0.7, Max: 1.4, Diff: 1.4, Sum: 5.5]
      [Code Root Scanning (ms): Min: 0.0, Avg: 0.0, Max: 0.0, Diff: 0.0, Sum: 0.0]
      [Object Copy (ms): Min: 6.0, Avg: 8.4, Max: 10.8, Diff: 4.8, Sum: 67.3]
      [Termination (ms): Min: 0.0, Avg: 0.0, Max: 0.1, Diff: 0.1, Sum: 0.3]
         [Termination Attempts: Min: 1, Avg: 2.4, Max: 4, Diff: 3, Sum: 19]
      [GC Worker Other (ms): Min: 0.0, Avg: 0.0, Max: 0.0, Diff: 0.0, Sum: 0.1]
      [GC Worker Total (ms): Min: 11.2, Avg: 12.0, Max: 12.3, Diff: 1.0, Sum: 95.6]
      [GC Worker End (ms): Min: 72153637.2, Avg: 72153637.2, Max: 72153637.3, Diff: 0.0]
   [Code Root Fixup: 0.1 ms]
   [Code Root Purge: 0.0 ms]
   [Clear CT: 0.1 ms]
   [Other: 1.8 ms]
      [Choose CSet: 0.0 ms]
      [Ref Proc: 0.8 ms]
      [Ref Enq: 0.0 ms]
      [Redirty Cards: 0.1 ms]
      [Humongous Register: 0.1 ms]
      [Humongous Reclaim: 0.0 ms]
      [Free CSet: 0.1 ms]
   [Eden: 44.0M(44.0M)->0.0B(45.0M) Survivors: 7168.0K->6144.0K Heap: 366.8M(1024.0M)->322.1M(1024.0M)]
 [Times: user=0.04 sys=0.01, real=0.02 secs] 
2021-04-24T08:59:02.700+0800: 72176.388: [GC pause (G1 Evacuation Pause) (young), 0.0162955 secs]
   [Parallel Time: 14.8 ms, GC Workers: 8]
      [GC Worker Start (ms): Min: 72176388.4, Avg: 72176389.7, Max: 72176396.0, Diff: 7.6]
      [Ext Root Scanning (ms): Min: 0.0, Avg: 2.3, Max: 13.9, Diff: 13.9, Sum: 18.6]
      [Update RS (ms): Min: 0.0, Avg: 1.4, Max: 4.4, Diff: 4.4, Sum: 11.2]
         [Processed Buffers: Min: 0, Avg: 5.0, Max: 19, Diff: 19, Sum: 40]
      [Scan RS (ms): Min: 0.0, Avg: 2.1, Max: 5.5, Diff: 5.5, Sum: 16.5]
      [Code Root Scanning (ms): Min: 0.0, Avg: 0.0, Max: 0.0, Diff: 0.0, Sum: 0.0]
      [Object Copy (ms): Min: 0.5, Avg: 7.4, Max: 11.4, Diff: 10.9, Sum: 59.3]
      [Termination (ms): Min: 0.0, Avg: 0.2, Max: 0.3, Diff: 0.3, Sum: 1.5]
         [Termination Attempts: Min: 1, Avg: 1.6, Max: 3, Diff: 2, Sum: 13]
      [GC Worker Other (ms): Min: 0.0, Avg: 0.0, Max: 0.0, Diff: 0.0, Sum: 0.1]
      [GC Worker Total (ms): Min: 7.1, Avg: 13.4, Max: 14.7, Diff: 7.6, Sum: 107.3]
      [GC Worker End (ms): Min: 72176403.1, Avg: 72176403.1, Max: 72176403.1, Diff: 0.0]
   [Code Root Fixup: 0.0 ms]
   [Code Root Purge: 0.0 ms]
   [Clear CT: 0.1 ms]
   [Other: 1.4 ms]
      [Choose CSet: 0.0 ms]
      [Ref Proc: 0.7 ms]
      [Ref Enq: 0.0 ms]
      [Redirty Cards: 0.1 ms]
      [Humongous Register: 0.1 ms]
      [Humongous Reclaim: 0.0 ms]
      [Free CSet: 0.1 ms]
   [Eden: 45.0M(45.0M)->0.0B(45.0M) Survivors: 6144.0K->6144.0K Heap: 367.1M(1024.0M)->322.7M(1024.0M)]
 [Times: user=0.06 sys=0.01, real=0.01 secs] 
2021-04-24T08:59:25.360+0800: 72199.048: [GC pause (G1 Evacuation Pause) (young), 0.0178460 secs]
   [Parallel Time: 16.4 ms, GC Workers: 8]
      [GC Worker Start (ms): Min: 72199048.1, Avg: 72199048.6, Max: 72199050.7, Diff: 2.6]
      [Ext Root Scanning (ms): Min: 0.0, Avg: 1.1, Max: 3.5, Diff: 3.5, Sum: 8.8]
      [Update RS (ms): Min: 0.0, Avg: 0.7, Max: 1.6, Diff: 1.6, Sum: 5.7]
         [Processed Buffers: Min: 0, Avg: 5.1, Max: 19, Diff: 19, Sum: 41]
      [Scan RS (ms): Min: 0.0, Avg: 0.8, Max: 1.5, Diff: 1.5, Sum: 6.6]
      [Code Root Scanning (ms): Min: 0.0, Avg: 0.0, Max: 0.0, Diff: 0.0, Sum: 0.0]
      [Object Copy (ms): Min: 12.7, Avg: 13.2, Max: 15.0, Diff: 2.3, Sum: 105.7]
      [Termination (ms): Min: 0.0, Avg: 0.0, Max: 0.1, Diff: 0.1, Sum: 0.3]
         [Termination Attempts: Min: 1, Avg: 1.0, Max: 1, Diff: 0, Sum: 8]
      [GC Worker Other (ms): Min: 0.0, Avg: 0.0, Max: 0.0, Diff: 0.0, Sum: 0.1]
      [GC Worker Total (ms): Min: 13.8, Avg: 15.9, Max: 16.4, Diff: 2.6, Sum: 127.3]
      [GC Worker End (ms): Min: 72199064.5, Avg: 72199064.5, Max: 72199064.5, Diff: 0.0]
   [Code Root Fixup: 0.0 ms]
   [Code Root Purge: 0.0 ms]
   [Clear CT: 0.1 ms]
   [Other: 1.3 ms]
      [Choose CSet: 0.0 ms]
      [Ref Proc: 0.2 ms]
      [Ref Enq: 0.0 ms]
      [Redirty Cards: 0.1 ms]
      [Humongous Register: 0.1 ms]
      [Humongous Reclaim: 0.0 ms]
      [Free CSet: 0.1 ms]
   [Eden: 45.0M(45.0M)->0.0B(50.0M) Survivors: 6144.0K->7168.0K Heap: 367.7M(1024.0M)->324.5M(1024.0M)]
 [Times: user=0.05 sys=0.01, real=0.01 secs] 
2021-04-24T08:59:50.641+0800: 72224.328: [GC pause (G1 Evacuation Pause) (young), 0.0235830 secs]
   [Parallel Time: 21.7 ms, GC Workers: 8]
      [GC Worker Start (ms): Min: 72224328.8, Avg: 72224329.1, Max: 72224329.8, Diff: 1.0]
      [Ext Root Scanning (ms): Min: 0.1, Avg: 2.1, Max: 5.5, Diff: 5.4, Sum: 16.4]
      [Update RS (ms): Min: 0.0, Avg: 1.2, Max: 3.3, Diff: 3.3, Sum: 9.7]
         [Processed Buffers: Min: 0, Avg: 5.2, Max: 19, Diff: 19, Sum: 42]
      [Scan RS (ms): Min: 0.0, Avg: 1.2, Max: 2.5, Diff: 2.5, Sum: 9.8]
      [Code Root Scanning (ms): Min: 0.0, Avg: 0.0, Max: 0.0, Diff: 0.0, Sum: 0.0]
      [Object Copy (ms): Min: 15.7, Avg: 16.4, Max: 19.8, Diff: 4.1, Sum: 131.5]
      [Termination (ms): Min: 0.0, Avg: 0.3, Max: 0.5, Diff: 0.5, Sum: 2.6]
         [Termination Attempts: Min: 1, Avg: 1.4, Max: 3, Diff: 2, Sum: 11]
      [GC Worker Other (ms): Min: 0.0, Avg: 0.0, Max: 0.0, Diff: 0.0, Sum: 0.1]
      [GC Worker Total (ms): Min: 20.6, Avg: 21.3, Max: 21.6, Diff: 1.0, Sum: 170.1]
      [GC Worker End (ms): Min: 72224350.3, Avg: 72224350.3, Max: 72224350.3, Diff: 0.0]
   [Code Root Fixup: 0.0 ms]
   [Code Root Purge: 0.0 ms]
   [Clear CT: 0.1 ms]
   [Other: 1.8 ms]
      [Choose CSet: 0.0 ms]
      [Ref Proc: 0.8 ms]
      [Ref Enq: 0.0 ms]
      [Redirty Cards: 0.1 ms]
      [Humongous Register: 0.1 ms]
      [Humongous Reclaim: 0.0 ms]
      [Free CSet: 0.1 ms]
   [Eden: 50.0M(50.0M)->0.0B(44.0M) Survivors: 7168.0K->7168.0K Heap: 374.5M(1024.0M)->325.7M(1024.0M)]
 [Times: user=0.06 sys=0.03, real=0.02 secs] 
2021-04-24T09:00:12.955+0800: 72246.643: [GC pause (G1 Evacuation Pause) (young), 0.0210411 secs]
   [Parallel Time: 18.4 ms, GC Workers: 8]
      [GC Worker Start (ms): Min: 72246643.5, Avg: 72246643.7, Max: 72246644.0, Diff: 0.5]
      [Ext Root Scanning (ms): Min: 0.7, Avg: 4.9, Max: 9.6, Diff: 9.0, Sum: 39.1]
      [Update RS (ms): Min: 0.0, Avg: 2.4, Max: 5.6, Diff: 5.6, Sum: 19.2]
         [Processed Buffers: Min: 0, Avg: 5.4, Max: 28, Diff: 28, Sum: 43]
      [Scan RS (ms): Min: 0.2, Avg: 2.4, Max: 3.8, Diff: 3.7, Sum: 18.9]
      [Code Root Scanning (ms): Min: 0.0, Avg: 0.0, Max: 0.0, Diff: 0.0, Sum: 0.0]
      [Object Copy (ms): Min: 8.3, Avg: 8.4, Max: 8.5, Diff: 0.2, Sum: 67.4]
      [Termination (ms): Min: 0.0, Avg: 0.0, Max: 0.1, Diff: 0.1, Sum: 0.4]
         [Termination Attempts: Min: 1, Avg: 4.9, Max: 9, Diff: 8, Sum: 39]
      [GC Worker Other (ms): Min: 0.0, Avg: 0.0, Max: 0.0, Diff: 0.0, Sum: 0.2]
      [GC Worker Total (ms): Min: 17.9, Avg: 18.2, Max: 18.3, Diff: 0.5, Sum: 145.2]
      [GC Worker End (ms): Min: 72246661.9, Avg: 72246661.9, Max: 72246661.9, Diff: 0.0]
   [Code Root Fixup: 0.0 ms]
   [Code Root Purge: 0.0 ms]
   [Clear CT: 0.1 ms]
   [Other: 2.5 ms]
      [Choose CSet: 0.0 ms]
      [Ref Proc: 0.3 ms]
      [Ref Enq: 0.0 ms]
      [Redirty Cards: 0.1 ms]
      [Humongous Register: 0.3 ms]
      [Humongous Reclaim: 0.1 ms]
      [Free CSet: 0.3 ms]
   [Eden: 44.0M(44.0M)->0.0B(46.0M) Survivors: 7168.0K->5120.0K Heap: 369.7M(1024.0M)->324.9M(1024.0M)]
 [Times: user=0.07 sys=0.02, real=0.02 secs] 
2021-04-24T09:00:36.266+0800: 72269.954: [GC pause (G1 Evacuation Pause) (young), 0.0152006 secs]
   [Parallel Time: 13.4 ms, GC Workers: 8]
      [GC Worker Start (ms): Min: 72269954.7, Avg: 72269954.8, Max: 72269955.0, Diff: 0.3]
      [Ext Root Scanning (ms): Min: 0.4, Avg: 1.9, Max: 4.3, Diff: 3.9, Sum: 15.4]
      [Update RS (ms): Min: 0.0, Avg: 1.1, Max: 2.5, Diff: 2.5, Sum: 9.1]
         [Processed Buffers: Min: 0, Avg: 5.6, Max: 15, Diff: 15, Sum: 45]
      [Scan RS (ms): Min: 0.8, Avg: 1.8, Max: 2.6, Diff: 1.8, Sum: 14.8]
      [Code Root Scanning (ms): Min: 0.0, Avg: 0.0, Max: 0.0, Diff: 0.0, Sum: 0.0]
      [Object Copy (ms): Min: 7.1, Avg: 8.2, Max: 11.5, Diff: 4.4, Sum: 65.9]
      [Termination (ms): Min: 0.0, Avg: 0.0, Max: 0.1, Diff: 0.1, Sum: 0.3]
         [Termination Attempts: Min: 1, Avg: 1.0, Max: 1, Diff: 0, Sum: 8]
      [GC Worker Other (ms): Min: 0.0, Avg: 0.0, Max: 0.0, Diff: 0.0, Sum: 0.1]
      [GC Worker Total (ms): Min: 13.0, Avg: 13.2, Max: 13.3, Diff: 0.3, Sum: 105.6]
      [GC Worker End (ms): Min: 72269968.0, Avg: 72269968.0, Max: 72269968.1, Diff: 0.0]
   [Code Root Fixup: 0.0 ms]
   [Code Root Purge: 0.0 ms]
   [Clear CT: 0.2 ms]
   [Other: 1.6 ms]
      [Choose CSet: 0.0 ms]
      [Ref Proc: 0.9 ms]
      [Ref Enq: 0.0 ms]
      [Redirty Cards: 0.1 ms]
      [Humongous Register: 0.1 ms]
      [Humongous Reclaim: 0.0 ms]
      [Free CSet: 0.1 ms]
   [Eden: 46.0M(46.0M)->0.0B(74.0M) Survivors: 5120.0K->7168.0K Heap: 370.9M(1024.0M)->327.6M(1024.0M)]
 [Times: user=0.05 sys=0.00, real=0.02 secs] 
2021-04-24T09:00:58.273+0800: 72291.961: [GC pause (G1 Evacuation Pause) (young), 0.0198603 secs]
   [Parallel Time: 18.4 ms, GC Workers: 8]
      [GC Worker Start (ms): Min: 72291961.9, Avg: 72291962.0, Max: 72291962.1, Diff: 0.3]
      [Ext Root Scanning (ms): Min: 0.5, Avg: 3.2, Max: 12.4, Diff: 11.9, Sum: 25.6]
      [Update RS (ms): Min: 0.0, Avg: 2.1, Max: 5.0, Diff: 5.0, Sum: 16.5]
         [Processed Buffers: Min: 0, Avg: 5.5, Max: 31, Diff: 31, Sum: 44]
      [Scan RS (ms): Min: 0.0, Avg: 4.2, Max: 9.1, Diff: 9.1, Sum: 33.8]
      [Code Root Scanning (ms): Min: 0.0, Avg: 0.0, Max: 0.0, Diff: 0.0, Sum: 0.0]
      [Object Copy (ms): Min: 5.5, Avg: 8.6, Max: 13.3, Diff: 7.8, Sum: 68.8]
      [Termination (ms): Min: 0.0, Avg: 0.0, Max: 0.0, Diff: 0.0, Sum: 0.2]
         [Termination Attempts: Min: 1, Avg: 45.8, Max: 62, Diff: 61, Sum: 366]
      [GC Worker Other (ms): Min: 0.0, Avg: 0.0, Max: 0.1, Diff: 0.0, Sum: 0.3]
      [GC Worker Total (ms): Min: 18.0, Avg: 18.1, Max: 18.2, Diff: 0.2, Sum: 145.2]
      [GC Worker End (ms): Min: 72291980.1, Avg: 72291980.1, Max: 72291980.2, Diff: 0.0]
   [Code Root Fixup: 0.0 ms]
   [Code Root Purge: 0.0 ms]
   [Clear CT: 0.1 ms]
   [Other: 1.3 ms]
      [Choose CSet: 0.0 ms]
      [Ref Proc: 0.3 ms]
      [Ref Enq: 0.0 ms]
      [Redirty Cards: 0.1 ms]
      [Humongous Register: 0.2 ms]
      [Humongous Reclaim: 0.0 ms]
      [Free CSet: 0.1 ms]
   [Eden: 44.0M(44.0M)->0.0B(69.0M) Survivors: 7168.0K->7168.0K Heap: 371.6M(1024.0M)->327.8M(1024.0M)]
 [Times: user=0.07 sys=0.01, real=0.02 secs] 
2021-04-24T09:01:33.065+0800: 72326.753: [GC pause (G1 Evacuation Pause) (young), 0.0218588 secs]
   [Parallel Time: 20.2 ms, GC Workers: 8]
      [GC Worker Start (ms): Min: 72326753.4, Avg: 72326753.6, Max: 72326754.1, Diff: 0.6]
      [Ext Root Scanning (ms): Min: 0.0, Avg: 1.7, Max: 4.6, Diff: 4.6, Sum: 13.9]
      [Update RS (ms): Min: 0.0, Avg: 1.3, Max: 2.7, Diff: 2.7, Sum: 10.6]
         [Processed Buffers: Min: 0, Avg: 6.1, Max: 23, Diff: 23, Sum: 49]
      [Scan RS (ms): Min: 0.0, Avg: 1.6, Max: 2.6, Diff: 2.6, Sum: 12.6]
      [Code Root Scanning (ms): Min: 0.0, Avg: 0.0, Max: 0.0, Diff: 0.0, Sum: 0.0]
      [Object Copy (ms): Min: 13.0, Avg: 14.5, Max: 17.3, Diff: 4.3, Sum: 115.7]
      [Termination (ms): Min: 0.0, Avg: 0.9, Max: 1.2, Diff: 1.2, Sum: 6.9]
         [Termination Attempts: Min: 1, Avg: 1.5, Max: 2, Diff: 1, Sum: 12]
      [GC Worker Other (ms): Min: 0.0, Avg: 0.0, Max: 0.0, Diff: 0.0, Sum: 0.1]
      [GC Worker Total (ms): Min: 19.5, Avg: 20.0, Max: 20.1, Diff: 0.6, Sum: 159.8]
      [GC Worker End (ms): Min: 72326773.5, Avg: 72326773.6, Max: 72326773.6, Diff: 0.0]
   [Code Root Fixup: 0.0 ms]
   [Code Root Purge: 0.0 ms]
   [Clear CT: 0.1 ms]
   [Other: 1.6 ms]
      [Choose CSet: 0.0 ms]
      [Ref Proc: 0.8 ms]
      [Ref Enq: 0.0 ms]
      [Redirty Cards: 0.1 ms]
      [Humongous Register: 0.1 ms]
      [Humongous Reclaim: 0.0 ms]
      [Free CSet: 0.2 ms]
   [Eden: 69.0M(69.0M)->0.0B(69.0M) Survivors: 7168.0K->8192.0K Heap: 396.8M(1024.0M)->328.8M(1024.0M)]
 [Times: user=0.05 sys=0.02, real=0.02 secs] 
2021-04-24T09:02:07.834+0800: 72361.522: [GC pause (G1 Evacuation Pause) (young), 0.0176845 secs]
   [Parallel Time: 16.0 ms, GC Workers: 8]
      [GC Worker Start (ms): Min: 72361522.7, Avg: 72361522.8, Max: 72361522.9, Diff: 0.3]
      [Ext Root Scanning (ms): Min: 0.5, Avg: 4.2, Max: 13.3, Diff: 12.8, Sum: 33.4]
      [Update RS (ms): Min: 0.0, Avg: 1.3, Max: 3.4, Diff: 3.4, Sum: 10.3]
         [Processed Buffers: Min: 0, Avg: 5.4, Max: 16, Diff: 16, Sum: 43]
      [Scan RS (ms): Min: 0.0, Avg: 1.8, Max: 6.2, Diff: 6.2, Sum: 14.3]
      [Code Root Scanning (ms): Min: 0.0, Avg: 0.0, Max: 0.0, Diff: 0.0, Sum: 0.0]
      [Object Copy (ms): Min: 2.4, Avg: 8.4, Max: 10.9, Diff: 8.5, Sum: 67.1]
      [Termination (ms): Min: 0.0, Avg: 0.1, Max: 0.2, Diff: 0.1, Sum: 0.9]
         [Termination Attempts: Min: 1, Avg: 1.0, Max: 1, Diff: 0, Sum: 8]
      [GC Worker Other (ms): Min: 0.0, Avg: 0.0, Max: 0.0, Diff: 0.0, Sum: 0.1]
      [GC Worker Total (ms): Min: 15.6, Avg: 15.8, Max: 15.9, Diff: 0.3, Sum: 126.1]
      [GC Worker End (ms): Min: 72361538.5, Avg: 72361538.5, Max: 72361538.5, Diff: 0.0]
   [Code Root Fixup: 0.0 ms]
   [Code Root Purge: 0.0 ms]
   [Clear CT: 0.1 ms]
   [Other: 1.6 ms]
      [Choose CSet: 0.0 ms]
      [Ref Proc: 1.1 ms]
      [Ref Enq: 0.0 ms]
      [Redirty Cards: 0.0 ms]
      [Humongous Register: 0.1 ms]
      [Humongous Reclaim: 0.0 ms]
      [Free CSet: 0.1 ms]
   [Eden: 69.0M(69.0M)->0.0B(80.0M) Survivors: 8192.0K->9216.0K Heap: 397.8M(1024.0M)->329.8M(1024.0M)]
 [Times: user=0.06 sys=0.00, real=0.02 secs] 
2021-04-24T09:02:47.977+0800: 72401.666: [GC pause (G1 Evacuation Pause) (young), 0.0280538 secs]
   [Parallel Time: 25.6 ms, GC Workers: 8]
      [GC Worker Start (ms): Min: 72401667.0, Avg: 72401668.2, Max: 72401674.3, Diff: 7.3]
      [Ext Root Scanning (ms): Min: 0.0, Avg: 2.3, Max: 8.1, Diff: 8.1, Sum: 18.5]
      [Update RS (ms): Min: 0.0, Avg: 1.9, Max: 4.1, Diff: 4.1, Sum: 15.0]
         [Processed Buffers: Min: 0, Avg: 5.8, Max: 30, Diff: 30, Sum: 46]
      [Scan RS (ms): Min: 0.0, Avg: 1.9, Max: 3.3, Diff: 3.3, Sum: 15.2]
      [Code Root Scanning (ms): Min: 0.0, Avg: 0.0, Max: 0.0, Diff: 0.0, Sum: 0.0]
      [Object Copy (ms): Min: 15.9, Avg: 17.4, Max: 23.6, Diff: 7.7, Sum: 139.0]
      [Termination (ms): Min: 0.0, Avg: 0.7, Max: 0.9, Diff: 0.9, Sum: 5.8]
         [Termination Attempts: Min: 1, Avg: 1.2, Max: 3, Diff: 2, Sum: 10]
      [GC Worker Other (ms): Min: 0.0, Avg: 0.1, Max: 0.3, Diff: 0.3, Sum: 0.5]
      [GC Worker Total (ms): Min: 18.2, Avg: 24.3, Max: 25.4, Diff: 7.2, Sum: 194.0]
      [GC Worker End (ms): Min: 72401692.5, Avg: 72401692.5, Max: 72401692.5, Diff: 0.0]
   [Code Root Fixup: 0.0 ms]
   [Code Root Purge: 0.0 ms]
   [Clear CT: 0.1 ms]
   [Other: 2.3 ms]
      [Choose CSet: 0.0 ms]
      [Ref Proc: 0.8 ms]
      [Ref Enq: 0.0 ms]
      [Redirty Cards: 0.1 ms]
      [Humongous Register: 0.7 ms]
      [Humongous Reclaim: 0.0 ms]
      [Free CSet: 0.1 ms]
   [Eden: 80.0M(80.0M)->0.0B(40.0M) Survivors: 9216.0K->11.0M Heap: 409.8M(1024.0M)->331.8M(1024.0M)]
 [Times: user=0.09 sys=0.02, real=0.03 secs] 
2021-04-24T09:03:08.056+0800: 72421.745: [GC pause (G1 Evacuation Pause) (young), 0.0502983 secs]
   [Parallel Time: 49.2 ms, GC Workers: 8]
      [GC Worker Start (ms): Min: 72421744.9, Avg: 72421746.4, Max: 72421750.7, Diff: 5.7]
      [Ext Root Scanning (ms): Min: 0.0, Avg: 0.9, Max: 4.0, Diff: 4.0, Sum: 7.5]
      [Update RS (ms): Min: 0.0, Avg: 1.3, Max: 2.8, Diff: 2.8, Sum: 10.2]
         [Processed Buffers: Min: 0, Avg: 6.2, Max: 26, Diff: 26, Sum: 50]
      [Scan RS (ms): Min: 0.0, Avg: 1.4, Max: 2.3, Diff: 2.2, Sum: 11.4]
      [Code Root Scanning (ms): Min: 0.0, Avg: 0.0, Max: 0.0, Diff: 0.0, Sum: 0.0]
      [Object Copy (ms): Min: 42.9, Avg: 43.8, Max: 47.7, Diff: 4.8, Sum: 350.0]
      [Termination (ms): Min: 0.0, Avg: 0.2, Max: 0.4, Diff: 0.4, Sum: 1.6]
         [Termination Attempts: Min: 1, Avg: 1.6, Max: 4, Diff: 3, Sum: 13]
      [GC Worker Other (ms): Min: 0.0, Avg: 0.0, Max: 0.0, Diff: 0.0, Sum: 0.2]
      [GC Worker Total (ms): Min: 43.4, Avg: 47.6, Max: 49.1, Diff: 5.7, Sum: 381.0]
      [GC Worker End (ms): Min: 72421794.0, Avg: 72421794.0, Max: 72421794.0, Diff: 0.0]
   [Code Root Fixup: 0.0 ms]
   [Code Root Purge: 0.0 ms]
   [Clear CT: 0.1 ms]
   [Other: 1.0 ms]
      [Choose CSet: 0.0 ms]
      [Ref Proc: 0.3 ms]
      [Ref Enq: 0.0 ms]
      [Redirty Cards: 0.1 ms]
      [Humongous Register: 0.1 ms]
      [Humongous Reclaim: 0.0 ms]
      [Free CSet: 0.1 ms]
   [Eden: 40.0M(40.0M)->0.0B(44.0M) Survivors: 11.0M->7168.0K Heap: 371.8M(1024.0M)->331.5M(1024.0M)]
 [Times: user=0.07 sys=0.03, real=0.05 secs] 
2021-04-24T09:03:30.267+0800: 72443.955: [GC pause (G1 Evacuation Pause) (young), 0.0205254 secs]
   [Parallel Time: 18.4 ms, GC Workers: 8]
      [GC Worker Start (ms): Min: 72443955.9, Avg: 72443956.1, Max: 72443956.5, Diff: 0.5]
      [Ext Root Scanning (ms): Min: 0.6, Avg: 3.6, Max: 9.4, Diff: 8.7, Sum: 29.1]
      [Update RS (ms): Min: 0.0, Avg: 4.0, Max: 8.4, Diff: 8.4, Sum: 32.2]
         [Processed Buffers: Min: 0, Avg: 6.8, Max: 17, Diff: 17, Sum: 54]
      [Scan RS (ms): Min: 0.0, Avg: 2.1, Max: 3.6, Diff: 3.6, Sum: 16.8]
      [Code Root Scanning (ms): Min: 0.0, Avg: 0.0, Max: 0.0, Diff: 0.0, Sum: 0.0]
      [Object Copy (ms): Min: 6.6, Avg: 7.8, Max: 10.8, Diff: 4.2, Sum: 62.5]
      [Termination (ms): Min: 0.0, Avg: 0.4, Max: 0.4, Diff: 0.4, Sum: 3.0]
         [Termination Attempts: Min: 2, Avg: 2.4, Max: 4, Diff: 2, Sum: 19]
      [GC Worker Other (ms): Min: 0.0, Avg: 0.0, Max: 0.1, Diff: 0.1, Sum: 0.3]
      [GC Worker Total (ms): Min: 17.7, Avg: 18.0, Max: 18.2, Diff: 0.5, Sum: 143.9]
      [GC Worker End (ms): Min: 72443974.1, Avg: 72443974.1, Max: 72443974.2, Diff: 0.1]
   [Code Root Fixup: 0.0 ms]
   [Code Root Purge: 0.0 ms]
   [Clear CT: 0.2 ms]
   [Other: 2.0 ms]
      [Choose CSet: 0.0 ms]
      [Ref Proc: 0.2 ms]
      [Ref Enq: 0.0 ms]
      [Redirty Cards: 0.2 ms]
      [Humongous Register: 0.2 ms]
      [Humongous Reclaim: 0.0 ms]
      [Free CSet: 0.1 ms]
   [Eden: 44.0M(44.0M)->0.0B(45.0M) Survivors: 7168.0K->6144.0K Heap: 375.5M(1024.0M)->334.1M(1024.0M)]
 [Times: user=0.08 sys=0.01, real=0.02 secs] 
2021-04-24T09:03:52.933+0800: 72466.622: [GC pause (G1 Evacuation Pause) (young), 0.0178161 secs]
   [Parallel Time: 16.3 ms, GC Workers: 8]
      [GC Worker Start (ms): Min: 72466622.9, Avg: 72466624.4, Max: 72466631.4, Diff: 8.6]
      [Ext Root Scanning (ms): Min: 0.0, Avg: 3.6, Max: 12.0, Diff: 11.9, Sum: 29.0]
      [Update RS (ms): Min: 0.0, Avg: 3.4, Max: 7.4, Diff: 7.4, Sum: 27.1]
         [Processed Buffers: Min: 0, Avg: 5.6, Max: 18, Diff: 18, Sum: 45]
      [Scan RS (ms): Min: 0.0, Avg: 2.0, Max: 4.9, Diff: 4.9, Sum: 16.2]
      [Code Root Scanning (ms): Min: 0.0, Avg: 0.0, Max: 0.0, Diff: 0.0, Sum: 0.0]
      [Object Copy (ms): Min: 4.1, Avg: 5.5, Max: 6.3, Diff: 2.2, Sum: 43.8]
      [Termination (ms): Min: 0.0, Avg: 0.0, Max: 0.1, Diff: 0.1, Sum: 0.3]
         [Termination Attempts: Min: 1, Avg: 33.4, Max: 49, Diff: 48, Sum: 267]
      [GC Worker Other (ms): Min: 0.0, Avg: 0.0, Max: 0.1, Diff: 0.0, Sum: 0.3]
      [GC Worker Total (ms): Min: 7.6, Avg: 14.6, Max: 16.1, Diff: 8.6, Sum: 116.6]
      [GC Worker End (ms): Min: 72466639.0, Avg: 72466639.0, Max: 72466639.1, Diff: 0.1]
   [Code Root Fixup: 0.0 ms]
   [Code Root Purge: 0.0 ms]
   [Clear CT: 0.2 ms]
   [Other: 1.4 ms]
      [Choose CSet: 0.0 ms]
      [Ref Proc: 0.3 ms]
      [Ref Enq: 0.0 ms]
      [Redirty Cards: 0.2 ms]
      [Humongous Register: 0.2 ms]
      [Humongous Reclaim: 0.0 ms]
      [Free CSet: 0.1 ms]
   [Eden: 45.0M(45.0M)->0.0B(45.0M) Survivors: 6144.0K->6144.0K Heap: 379.1M(1024.0M)->334.3M(1024.0M)]
 [Times: user=0.08 sys=0.00, real=0.02 secs] 
2021-04-24T09:04:15.617+0800: 72489.306: [GC pause (G1 Evacuation Pause) (young), 0.0187830 secs]
   [Parallel Time: 17.4 ms, GC Workers: 8]
      [GC Worker Start (ms): Min: 72489306.5, Avg: 72489307.2, Max: 72489310.9, Diff: 4.4]
      [Ext Root Scanning (ms): Min: 0.0, Avg: 2.0, Max: 6.0, Diff: 6.0, Sum: 16.3]
      [Update RS (ms): Min: 0.0, Avg: 1.0, Max: 2.4, Diff: 2.4, Sum: 8.1]
         [Processed Buffers: Min: 0, Avg: 5.8, Max: 30, Diff: 30, Sum: 46]
      [Scan RS (ms): Min: 0.0, Avg: 1.7, Max: 2.8, Diff: 2.8, Sum: 13.7]
      [Code Root Scanning (ms): Min: 0.0, Avg: 0.0, Max: 0.0, Diff: 0.0, Sum: 0.0]
      [Object Copy (ms): Min: 11.0, Avg: 11.6, Max: 12.0, Diff: 1.0, Sum: 92.4]
      [Termination (ms): Min: 0.0, Avg: 0.3, Max: 0.4, Diff: 0.4, Sum: 2.2]
         [Termination Attempts: Min: 1, Avg: 1.1, Max: 2, Diff: 1, Sum: 9]
      [GC Worker Other (ms): Min: 0.0, Avg: 0.0, Max: 0.0, Diff: 0.0, Sum: 0.1]
      [GC Worker Total (ms): Min: 12.9, Avg: 16.6, Max: 17.3, Diff: 4.4, Sum: 132.9]
      [GC Worker End (ms): Min: 72489323.8, Avg: 72489323.8, Max: 72489323.9, Diff: 0.0]
   [Code Root Fixup: 0.0 ms]
   [Code Root Purge: 0.0 ms]
   [Clear CT: 0.2 ms]
   [Other: 1.2 ms]
      [Choose CSet: 0.0 ms]
      [Ref Proc: 0.3 ms]
      [Ref Enq: 0.0 ms]
      [Redirty Cards: 0.2 ms]
      [Humongous Register: 0.1 ms]
      [Humongous Reclaim: 0.0 ms]
      [Free CSet: 0.1 ms]
   [Eden: 45.0M(45.0M)->0.0B(46.0M) Survivors: 6144.0K->5120.0K Heap: 379.3M(1024.0M)->334.6M(1024.0M)]
 [Times: user=0.05 sys=0.01, real=0.02 secs] 
2021-04-24T09:04:38.789+0800: 72512.478: [GC pause (G1 Evacuation Pause) (young), 0.0216905 secs]
   [Parallel Time: 18.9 ms, GC Workers: 8]
      [GC Worker Start (ms): Min: 72512479.7, Avg: 72512480.5, Max: 72512482.8, Diff: 3.1]
      [Ext Root Scanning (ms): Min: 0.0, Avg: 4.6, Max: 14.1, Diff: 14.1, Sum: 37.1]
      [Update RS (ms): Min: 0.0, Avg: 4.9, Max: 7.6, Diff: 7.6, Sum: 38.9]
         [Processed Buffers: Min: 0, Avg: 6.0, Max: 22, Diff: 22, Sum: 48]
      [Scan RS (ms): Min: 0.0, Avg: 2.2, Max: 3.8, Diff: 3.8, Sum: 17.3]
      [Code Root Scanning (ms): Min: 0.0, Avg: 0.0, Max: 0.0, Diff: 0.0, Sum: 0.0]
      [Object Copy (ms): Min: 4.4, Avg: 6.2, Max: 6.9, Diff: 2.5, Sum: 49.9]
      [Termination (ms): Min: 0.0, Avg: 0.1, Max: 0.2, Diff: 0.2, Sum: 0.7]
         [Termination Attempts: Min: 1, Avg: 52.2, Max: 86, Diff: 85, Sum: 418]
      [GC Worker Other (ms): Min: 0.0, Avg: 0.0, Max: 0.1, Diff: 0.1, Sum: 0.4]
      [GC Worker Total (ms): Min: 15.7, Avg: 18.0, Max: 18.7, Diff: 3.1, Sum: 144.2]
      [GC Worker End (ms): Min: 72512498.5, Avg: 72512498.5, Max: 72512498.5, Diff: 0.1]
   [Code Root Fixup: 0.0 ms]
   [Code Root Purge: 0.0 ms]
   [Clear CT: 0.2 ms]
   [Other: 2.6 ms]
      [Choose CSet: 0.0 ms]
      [Ref Proc: 0.4 ms]
      [Ref Enq: 0.0 ms]
      [Redirty Cards: 0.2 ms]
      [Humongous Register: 0.8 ms]
      [Humongous Reclaim: 0.0 ms]
      [Free CSet: 0.2 ms]
   [Eden: 46.0M(46.0M)->0.0B(45.0M) Survivors: 5120.0K->6144.0K Heap: 380.6M(1024.0M)->335.0M(1024.0M)]
 [Times: user=0.08 sys=0.01, real=0.03 secs] 
2021-04-24T09:05:01.581+0800: 72535.271: [GC pause (G1 Evacuation Pause) (young), 0.0205996 secs]
   [Parallel Time: 18.4 ms, GC Workers: 8]
      [GC Worker Start (ms): Min: 72535271.1, Avg: 72535274.1, Max: 72535281.4, Diff: 10.3]
      [Ext Root Scanning (ms): Min: 0.0, Avg: 2.8, Max: 9.4, Diff: 9.4, Sum: 22.5]
      [Update RS (ms): Min: 0.0, Avg: 1.5, Max: 3.8, Diff: 3.8, Sum: 12.0]
         [Processed Buffers: Min: 0, Avg: 5.6, Max: 20, Diff: 20, Sum: 45]
      [Scan RS (ms): Min: 0.0, Avg: 1.0, Max: 2.1, Diff: 2.1, Sum: 8.3]
      [Code Root Scanning (ms): Min: 0.0, Avg: 0.0, Max: 0.0, Diff: 0.0, Sum: 0.0]
      [Object Copy (ms): Min: 7.6, Avg: 9.6, Max: 12.3, Diff: 4.7, Sum: 76.4]
      [Termination (ms): Min: 0.0, Avg: 0.3, Max: 0.5, Diff: 0.5, Sum: 2.3]
         [Termination Attempts: Min: 1, Avg: 4.8, Max: 10, Diff: 9, Sum: 38]
      [GC Worker Other (ms): Min: 0.0, Avg: 0.0, Max: 0.0, Diff: 0.0, Sum: 0.1]
      [GC Worker Total (ms): Min: 8.1, Avg: 15.2, Max: 18.0, Diff: 9.9, Sum: 121.7]
      [GC Worker End (ms): Min: 72535289.1, Avg: 72535289.3, Max: 72535289.5, Diff: 0.4]
   [Code Root Fixup: 0.0 ms]
   [Code Root Purge: 0.0 ms]
   [Clear CT: 0.2 ms]
   [Other: 2.0 ms]
      [Choose CSet: 0.0 ms]
      [Ref Proc: 0.3 ms]
      [Ref Enq: 0.0 ms]
      [Redirty Cards: 0.1 ms]
      [Humongous Register: 0.2 ms]
      [Humongous Reclaim: 0.0 ms]
      [Free CSet: 0.1 ms]
   [Eden: 45.0M(45.0M)->0.0B(45.0M) Survivors: 6144.0K->6144.0K Heap: 380.0M(1024.0M)->336.2M(1024.0M)]
 [Times: user=0.05 sys=0.01, real=0.02 secs] 
2021-04-24T09:05:24.348+0800: 72558.038: [GC pause (G1 Evacuation Pause) (young), 0.0183640 secs]
   [Parallel Time: 16.2 ms, GC Workers: 8]
      [GC Worker Start (ms): Min: 72558038.2, Avg: 72558040.0, Max: 72558047.7, Diff: 9.5]
      [Ext Root Scanning (ms): Min: 0.0, Avg: 2.1, Max: 10.8, Diff: 10.8, Sum: 16.7]
      [Update RS (ms): Min: 0.0, Avg: 3.7, Max: 8.1, Diff: 8.1, Sum: 29.6]
         [Processed Buffers: Min: 0, Avg: 6.2, Max: 14, Diff: 14, Sum: 50]
      [Scan RS (ms): Min: 0.0, Avg: 1.6, Max: 3.5, Diff: 3.5, Sum: 12.6]
      [Code Root Scanning (ms): Min: 0.0, Avg: 0.4, Max: 3.2, Diff: 3.2, Sum: 3.2]
      [Object Copy (ms): Min: 5.1, Avg: 6.5, Max: 13.9, Diff: 8.7, Sum: 51.6]
      [Termination (ms): Min: 0.0, Avg: 0.0, Max: 0.1, Diff: 0.1, Sum: 0.4]
         [Termination Attempts: Min: 1, Avg: 70.1, Max: 112, Diff: 111, Sum: 561]
      [GC Worker Other (ms): Min: 0.0, Avg: 0.0, Max: 0.0, Diff: 0.0, Sum: 0.3]
      [GC Worker Total (ms): Min: 6.5, Avg: 14.3, Max: 16.1, Diff: 9.5, Sum: 114.4]
      [GC Worker End (ms): Min: 72558054.3, Avg: 72558054.3, Max: 72558054.3, Diff: 0.0]
   [Code Root Fixup: 0.0 ms]
   [Code Root Purge: 0.0 ms]
   [Clear CT: 0.1 ms]
   [Other: 2.1 ms]
      [Choose CSet: 0.0 ms]
      [Ref Proc: 0.3 ms]
      [Ref Enq: 0.0 ms]
      [Redirty Cards: 0.1 ms]
      [Humongous Register: 0.3 ms]
      [Humongous Reclaim: 0.0 ms]
      [Free CSet: 0.1 ms]
   [Eden: 45.0M(45.0M)->0.0B(44.0M) Survivors: 6144.0K->7168.0K Heap: 381.2M(1024.0M)->337.5M(1024.0M)]
 [Times: user=0.07 sys=0.01, real=0.02 secs] 
2021-04-24T09:05:46.317+0800: 72580.007: [GC pause (G1 Evacuation Pause) (young), 0.0247045 secs]
   [Parallel Time: 22.4 ms, GC Workers: 8]
      [GC Worker Start (ms): Min: 72580007.1, Avg: 72580007.6, Max: 72580008.7, Diff: 1.5]
      [Ext Root Scanning (ms): Min: 0.1, Avg: 2.7, Max: 9.1, Diff: 9.0, Sum: 22.0]
      [Update RS (ms): Min: 0.0, Avg: 4.4, Max: 7.7, Diff: 7.7, Sum: 35.3]
         [Processed Buffers: Min: 0, Avg: 5.8, Max: 13, Diff: 13, Sum: 46]
      [Scan RS (ms): Min: 0.0, Avg: 1.6, Max: 4.1, Diff: 4.1, Sum: 12.9]
      [Code Root Scanning (ms): Min: 0.0, Avg: 0.2, Max: 1.7, Diff: 1.7, Sum: 1.7]
      [Object Copy (ms): Min: 11.4, Avg: 12.6, Max: 13.0, Diff: 1.6, Sum: 100.7]
      [Termination (ms): Min: 0.0, Avg: 0.0, Max: 0.0, Diff: 0.0, Sum: 0.0]
         [Termination Attempts: Min: 1, Avg: 2.6, Max: 5, Diff: 4, Sum: 21]
      [GC Worker Other (ms): Min: 0.0, Avg: 0.0, Max: 0.0, Diff: 0.0, Sum: 0.3]
      [GC Worker Total (ms): Min: 20.6, Avg: 21.6, Max: 22.1, Diff: 1.5, Sum: 173.0]
      [GC Worker End (ms): Min: 72580029.2, Avg: 72580029.2, Max: 72580029.2, Diff: 0.0]
   [Code Root Fixup: 0.0 ms]
   [Code Root Purge: 0.0 ms]
   [Clear CT: 0.2 ms]
   [Other: 2.1 ms]
      [Choose CSet: 0.0 ms]
      [Ref Proc: 0.4 ms]
      [Ref Enq: 0.0 ms]
      [Redirty Cards: 0.2 ms]
      [Humongous Register: 0.3 ms]
      [Humongous Reclaim: 0.0 ms]
      [Free CSet: 0.1 ms]
   [Eden: 44.0M(44.0M)->0.0B(46.0M) Survivors: 7168.0K->5120.0K Heap: 381.5M(1024.0M)->336.1M(1024.0M)]
 [Times: user=0.07 sys=0.02, real=0.03 secs] 
2021-04-24T09:06:09.497+0800: 72603.187: [GC pause (G1 Evacuation Pause) (young), 0.0207345 secs]
   [Parallel Time: 18.6 ms, GC Workers: 8]
      [GC Worker Start (ms): Min: 72603187.3, Avg: 72603187.9, Max: 72603189.3, Diff: 1.9]
      [Ext Root Scanning (ms): Min: 0.0, Avg: 4.1, Max: 17.9, Diff: 17.9, Sum: 33.0]
      [Update RS (ms): Min: 0.0, Avg: 4.5, Max: 10.0, Diff: 10.0, Sum: 36.4]
         [Processed Buffers: Min: 0, Avg: 7.1, Max: 29, Diff: 29, Sum: 57]
      [Scan RS (ms): Min: 0.0, Avg: 2.0, Max: 4.9, Diff: 4.9, Sum: 16.2]
      [Code Root Scanning (ms): Min: 0.0, Avg: 0.7, Max: 5.7, Diff: 5.7, Sum: 5.7]
      [Object Copy (ms): Min: 0.5, Avg: 6.0, Max: 8.2, Diff: 7.7, Sum: 48.3]
      [Termination (ms): Min: 0.0, Avg: 0.4, Max: 0.5, Diff: 0.5, Sum: 3.5]
         [Termination Attempts: Min: 1, Avg: 10.0, Max: 22, Diff: 21, Sum: 80]
      [GC Worker Other (ms): Min: 0.0, Avg: 0.0, Max: 0.0, Diff: 0.0, Sum: 0.1]
      [GC Worker Total (ms): Min: 16.5, Avg: 17.9, Max: 18.5, Diff: 1.9, Sum: 143.2]
      [GC Worker End (ms): Min: 72603205.8, Avg: 72603205.8, Max: 72603205.8, Diff: 0.0]
   [Code Root Fixup: 0.0 ms]
   [Code Root Purge: 0.0 ms]
   [Clear CT: 0.1 ms]
   [Other: 2.0 ms]
      [Choose CSet: 0.0 ms]
      [Ref Proc: 0.7 ms]
      [Ref Enq: 0.0 ms]
      [Redirty Cards: 0.1 ms]
      [Humongous Register: 0.2 ms]
      [Humongous Reclaim: 0.0 ms]
      [Free CSet: 0.1 ms]
   [Eden: 46.0M(46.0M)->0.0B(44.0M) Survivors: 5120.0K->7168.0K Heap: 382.1M(1024.0M)->338.9M(1024.0M)]
 [Times: user=0.08 sys=0.00, real=0.02 secs] 
2021-04-24T09:06:31.679+0800: 72625.369: [GC pause (G1 Evacuation Pause) (young), 0.0241297 secs]
   [Parallel Time: 23.1 ms, GC Workers: 8]
      [GC Worker Start (ms): Min: 72625369.2, Avg: 72625371.2, Max: 72625377.6, Diff: 8.5]
      [Ext Root Scanning (ms): Min: 0.0, Avg: 2.6, Max: 8.7, Diff: 8.7, Sum: 20.4]
      [Update RS (ms): Min: 0.0, Avg: 1.9, Max: 4.9, Diff: 4.9, Sum: 15.6]
         [Processed Buffers: Min: 0, Avg: 6.6, Max: 23, Diff: 23, Sum: 53]
      [Scan RS (ms): Min: 0.0, Avg: 2.0, Max: 4.4, Diff: 4.4, Sum: 16.3]
      [Code Root Scanning (ms): Min: 0.0, Avg: 0.0, Max: 0.0, Diff: 0.0, Sum: 0.0]
      [Object Copy (ms): Min: 13.8, Avg: 14.2, Max: 14.7, Diff: 0.9, Sum: 113.5]
      [Termination (ms): Min: 0.0, Avg: 0.3, Max: 0.5, Diff: 0.5, Sum: 2.3]
         [Termination Attempts: Min: 1, Avg: 1.8, Max: 5, Diff: 4, Sum: 14]
      [GC Worker Other (ms): Min: 0.0, Avg: 0.0, Max: 0.0, Diff: 0.0, Sum: 0.1]
      [GC Worker Total (ms): Min: 14.6, Avg: 21.0, Max: 23.0, Diff: 8.4, Sum: 168.3]
      [GC Worker End (ms): Min: 72625392.2, Avg: 72625392.2, Max: 72625392.2, Diff: 0.0]
   [Code Root Fixup: 0.0 ms]
   [Code Root Purge: 0.0 ms]
   [Clear CT: 0.1 ms]
   [Other: 0.9 ms]
      [Choose CSet: 0.0 ms]
      [Ref Proc: 0.2 ms]
      [Ref Enq: 0.0 ms]
      [Redirty Cards: 0.1 ms]
      [Humongous Register: 0.1 ms]
      [Humongous Reclaim: 0.0 ms]
      [Free CSet: 0.1 ms]
   [Eden: 44.0M(44.0M)->0.0B(44.0M) Survivors: 7168.0K->7168.0K Heap: 382.9M(1024.0M)->339.8M(1024.0M)]
 [Times: user=0.07 sys=0.01, real=0.03 secs] 
2021-04-24T09:06:53.745+0800: 72647.435: [GC pause (G1 Evacuation Pause) (young), 0.0204383 secs]
   [Parallel Time: 18.3 ms, GC Workers: 8]
      [GC Worker Start (ms): Min: 72647434.9, Avg: 72647435.2, Max: 72647435.7, Diff: 0.8]
      [Ext Root Scanning (ms): Min: 0.0, Avg: 2.4, Max: 14.7, Diff: 14.7, Sum: 19.0]
      [Update RS (ms): Min: 0.0, Avg: 2.6, Max: 4.9, Diff: 4.9, Sum: 20.7]
         [Processed Buffers: Min: 0, Avg: 6.9, Max: 18, Diff: 18, Sum: 55]
      [Scan RS (ms): Min: 0.0, Avg: 2.7, Max: 3.9, Diff: 3.9, Sum: 21.8]
      [Code Root Scanning (ms): Min: 0.0, Avg: 0.4, Max: 3.2, Diff: 3.2, Sum: 3.2]
      [Object Copy (ms): Min: 3.4, Avg: 9.8, Max: 11.5, Diff: 8.2, Sum: 78.8]
      [Termination (ms): Min: 0.0, Avg: 0.1, Max: 0.1, Diff: 0.1, Sum: 0.5]
         [Termination Attempts: Min: 1, Avg: 1.0, Max: 1, Diff: 0, Sum: 8]
      [GC Worker Other (ms): Min: 0.0, Avg: 0.0, Max: 0.0, Diff: 0.0, Sum: 0.1]
      [GC Worker Total (ms): Min: 17.4, Avg: 18.0, Max: 18.2, Diff: 0.8, Sum: 144.0]
      [GC Worker End (ms): Min: 72647453.2, Avg: 72647453.2, Max: 72647453.2, Diff: 0.0]
   [Code Root Fixup: 0.0 ms]
   [Code Root Purge: 0.0 ms]
   [Clear CT: 0.1 ms]
   [Other: 2.0 ms]
      [Choose CSet: 0.0 ms]
      [Ref Proc: 0.3 ms]
      [Ref Enq: 0.0 ms]
      [Redirty Cards: 0.1 ms]
      [Humongous Register: 0.1 ms]
      [Humongous Reclaim: 0.1 ms]
      [Free CSet: 0.2 ms]
   [Eden: 44.0M(44.0M)->0.0B(45.0M) Survivors: 7168.0K->6144.0K Heap: 383.8M(1024.0M)->340.4M(1024.0M)]
 [Times: user=0.05 sys=0.02, real=0.02 secs] 
2021-04-24T09:07:16.530+0800: 72670.220: [GC pause (G1 Evacuation Pause) (young), 0.0197290 secs]
   [Parallel Time: 18.1 ms, GC Workers: 8]
      [GC Worker Start (ms): Min: 72670220.2, Avg: 72670220.4, Max: 72670220.9, Diff: 0.7]
      [Ext Root Scanning (ms): Min: 0.7, Avg: 5.7, Max: 17.9, Diff: 17.1, Sum: 45.3]
      [Update RS (ms): Min: 0.0, Avg: 2.0, Max: 4.4, Diff: 4.4, Sum: 15.8]
         [Processed Buffers: Min: 0, Avg: 5.9, Max: 20, Diff: 20, Sum: 47]
      [Scan RS (ms): Min: 0.0, Avg: 4.8, Max: 8.0, Diff: 8.0, Sum: 38.7]
      [Code Root Scanning (ms): Min: 0.0, Avg: 0.1, Max: 1.0, Diff: 1.0, Sum: 1.0]
      [Object Copy (ms): Min: 0.0, Avg: 4.8, Max: 6.7, Diff: 6.6, Sum: 38.6]
      [Termination (ms): Min: 0.0, Avg: 0.3, Max: 0.3, Diff: 0.3, Sum: 2.1]
         [Termination Attempts: Min: 1, Avg: 1.8, Max: 3, Diff: 2, Sum: 14]
      [GC Worker Other (ms): Min: 0.0, Avg: 0.0, Max: 0.1, Diff: 0.1, Sum: 0.3]
      [GC Worker Total (ms): Min: 17.2, Avg: 17.7, Max: 17.9, Diff: 0.7, Sum: 141.7]
      [GC Worker End (ms): Min: 72670238.1, Avg: 72670238.1, Max: 72670238.2, Diff: 0.1]
   [Code Root Fixup: 0.0 ms]
   [Code Root Purge: 0.0 ms]
   [Clear CT: 0.1 ms]
   [Other: 1.4 ms]
      [Choose CSet: 0.0 ms]
      [Ref Proc: 0.3 ms]
      [Ref Enq: 0.0 ms]
      [Redirty Cards: 0.1 ms]
      [Humongous Register: 0.3 ms]
      [Humongous Reclaim: 0.0 ms]
      [Free CSet: 0.1 ms]
   [Eden: 45.0M(45.0M)->0.0B(44.0M) Survivors: 6144.0K->7168.0K Heap: 385.4M(1024.0M)->341.6M(1024.0M)]
 [Times: user=0.07 sys=0.00, real=0.02 secs] 
2021-04-24T09:07:38.653+0800: 72692.343: [GC pause (G1 Evacuation Pause) (young), 0.0174056 secs]
   [Parallel Time: 15.8 ms, GC Workers: 8]
      [GC Worker Start (ms): Min: 72692342.7, Avg: 72692343.8, Max: 72692349.1, Diff: 6.4]
      [Ext Root Scanning (ms): Min: 0.0, Avg: 2.4, Max: 7.3, Diff: 7.3, Sum: 19.4]
      [Update RS (ms): Min: 0.0, Avg: 1.6, Max: 4.6, Diff: 4.6, Sum: 12.7]
         [Processed Buffers: Min: 0, Avg: 5.6, Max: 15, Diff: 15, Sum: 45]
      [Scan RS (ms): Min: 0.0, Avg: 1.5, Max: 2.6, Diff: 2.5, Sum: 11.8]
      [Code Root Scanning (ms): Min: 0.0, Avg: 0.0, Max: 0.3, Diff: 0.3, Sum: 0.4]
      [Object Copy (ms): Min: 8.3, Avg: 9.1, Max: 9.5, Diff: 1.2, Sum: 72.6]
      [Termination (ms): Min: 0.0, Avg: 0.0, Max: 0.1, Diff: 0.1, Sum: 0.4]
         [Termination Attempts: Min: 1, Avg: 1.4, Max: 2, Diff: 1, Sum: 11]
      [GC Worker Other (ms): Min: 0.0, Avg: 0.0, Max: 0.0, Diff: 0.0, Sum: 0.1]
      [GC Worker Total (ms): Min: 9.4, Avg: 14.7, Max: 15.7, Diff: 6.3, Sum: 117.3]
      [GC Worker End (ms): Min: 72692358.4, Avg: 72692358.4, Max: 72692358.5, Diff: 0.0]
   [Code Root Fixup: 0.0 ms]
   [Code Root Purge: 0.0 ms]
   [Clear CT: 0.1 ms]
   [Other: 1.5 ms]
      [Choose CSet: 0.0 ms]
      [Ref Proc: 0.2 ms]
      [Ref Enq: 0.0 ms]
      [Redirty Cards: 0.2 ms]
      [Humongous Register: 0.1 ms]
      [Humongous Reclaim: 0.0 ms]
      [Free CSet: 0.1 ms]
   [Eden: 44.0M(44.0M)->0.0B(74.0M) Survivors: 7168.0K->5120.0K Heap: 385.6M(1024.0M)->340.4M(1024.0M)]
 [Times: user=0.05 sys=0.01, real=0.02 secs] 
2021-04-24T09:08:16.099+0800: 72729.789: [GC pause (G1 Evacuation Pause) (young), 0.0208879 secs]
   [Parallel Time: 19.3 ms, GC Workers: 8]
      [GC Worker Start (ms): Min: 72729789.6, Avg: 72729792.6, Max: 72729799.8, Diff: 10.2]
      [Ext Root Scanning (ms): Min: 0.0, Avg: 2.3, Max: 7.9, Diff: 7.9, Sum: 18.4]
      [Update RS (ms): Min: 0.0, Avg: 1.5, Max: 3.1, Diff: 3.1, Sum: 11.7]
         [Processed Buffers: Min: 0, Avg: 6.1, Max: 16, Diff: 16, Sum: 49]
      [Scan RS (ms): Min: 0.1, Avg: 3.3, Max: 8.8, Diff: 8.7, Sum: 26.3]
      [Code Root Scanning (ms): Min: 0.0, Avg: 0.8, Max: 6.1, Diff: 6.1, Sum: 6.1]
      [Object Copy (ms): Min: 4.5, Avg: 8.1, Max: 10.7, Diff: 6.2, Sum: 64.6]
      [Termination (ms): Min: 0.0, Avg: 0.3, Max: 0.3, Diff: 0.3, Sum: 2.2]
         [Termination Attempts: Min: 1, Avg: 23.2, Max: 38, Diff: 37, Sum: 186]
      [GC Worker Other (ms): Min: 0.0, Avg: 0.0, Max: 0.0, Diff: 0.0, Sum: 0.1]
      [GC Worker Total (ms): Min: 9.0, Avg: 16.2, Max: 19.2, Diff: 10.2, Sum: 129.4]
      [GC Worker End (ms): Min: 72729808.8, Avg: 72729808.8, Max: 72729808.8, Diff: 0.0]
   [Code Root Fixup: 0.0 ms]
   [Code Root Purge: 0.0 ms]
   [Clear CT: 0.1 ms]
   [Other: 1.4 ms]
      [Choose CSet: 0.0 ms]
      [Ref Proc: 0.4 ms]
      [Ref Enq: 0.0 ms]
      [Redirty Cards: 0.1 ms]
      [Humongous Register: 0.2 ms]
      [Humongous Reclaim: 0.0 ms]
      [Free CSet: 0.1 ms]
   [Eden: 74.0M(74.0M)->0.0B(58.0M) Survivors: 5120.0K->9216.0K Heap: 414.4M(1024.0M)->344.3M(1024.0M)]
 [Times: user=0.07 sys=0.01, real=0.03 secs] 
2021-04-24T09:08:45.054+0800: 72758.744: [GC pause (G1 Evacuation Pause) (young), 0.0187702 secs]
   [Parallel Time: 17.4 ms, GC Workers: 8]
      [GC Worker Start (ms): Min: 72758743.8, Avg: 72758745.4, Max: 72758750.1, Diff: 6.3]
      [Ext Root Scanning (ms): Min: 0.0, Avg: 1.6, Max: 5.2, Diff: 5.2, Sum: 12.6]
      [Update RS (ms): Min: 0.0, Avg: 1.4, Max: 3.2, Diff: 3.2, Sum: 11.4]
         [Processed Buffers: Min: 0, Avg: 6.2, Max: 19, Diff: 19, Sum: 50]
      [Scan RS (ms): Min: 0.0, Avg: 1.3, Max: 2.4, Diff: 2.4, Sum: 10.7]
      [Code Root Scanning (ms): Min: 0.0, Avg: 0.0, Max: 0.0, Diff: 0.0, Sum: 0.0]
      [Object Copy (ms): Min: 11.0, Avg: 11.3, Max: 11.6, Diff: 0.6, Sum: 90.4]
      [Termination (ms): Min: 0.0, Avg: 0.1, Max: 0.1, Diff: 0.1, Sum: 0.6]
         [Termination Attempts: Min: 1, Avg: 8.6, Max: 18, Diff: 17, Sum: 69]
      [GC Worker Other (ms): Min: 0.0, Avg: 0.0, Max: 0.0, Diff: 0.0, Sum: 0.1]
      [GC Worker Total (ms): Min: 11.1, Avg: 15.7, Max: 17.3, Diff: 6.3, Sum: 125.9]
      [GC Worker End (ms): Min: 72758761.1, Avg: 72758761.1, Max: 72758761.1, Diff: 0.0]
   [Code Root Fixup: 0.0 ms]
   [Code Root Purge: 0.0 ms]
   [Clear CT: 0.1 ms]
   [Other: 1.3 ms]
      [Choose CSet: 0.0 ms]
      [Ref Proc: 0.2 ms]
      [Ref Enq: 0.0 ms]
      [Redirty Cards: 0.1 ms]
      [Humongous Register: 0.1 ms]
      [Humongous Reclaim: 0.0 ms]
      [Free CSet: 0.1 ms]
   [Eden: 58.0M(58.0M)->0.0B(107.0M) Survivors: 9216.0K->7168.0K Heap: 402.3M(1024.0M)->343.2M(1024.0M)]
 [Times: user=0.05 sys=0.01, real=0.02 secs] 
2021-04-24T09:09:38.844+0800: 72812.535: [GC pause (G1 Evacuation Pause) (young), 0.0283157 secs]
   [Parallel Time: 27.5 ms, GC Workers: 8]
      [GC Worker Start (ms): Min: 72812534.8, Avg: 72812536.4, Max: 72812541.4, Diff: 6.6]
      [Ext Root Scanning (ms): Min: 0.0, Avg: 2.5, Max: 8.8, Diff: 8.8, Sum: 20.0]
      [Update RS (ms): Min: 0.0, Avg: 2.1, Max: 4.5, Diff: 4.5, Sum: 17.0]
         [Processed Buffers: Min: 0, Avg: 6.9, Max: 15, Diff: 15, Sum: 55]
      [Scan RS (ms): Min: 0.0, Avg: 2.0, Max: 3.4, Diff: 3.4, Sum: 15.9]
      [Code Root Scanning (ms): Min: 0.0, Avg: 0.0, Max: 0.0, Diff: 0.0, Sum: 0.0]
      [Object Copy (ms): Min: 18.5, Avg: 19.1, Max: 19.6, Diff: 1.1, Sum: 153.1]
      [Termination (ms): Min: 0.0, Avg: 0.0, Max: 0.1, Diff: 0.1, Sum: 0.3]
         [Termination Attempts: Min: 1, Avg: 2.2, Max: 4, Diff: 3, Sum: 18]
      [GC Worker Other (ms): Min: 0.0, Avg: 0.0, Max: 0.0, Diff: 0.0, Sum: 0.1]
      [GC Worker Total (ms): Min: 20.8, Avg: 25.8, Max: 27.5, Diff: 6.6, Sum: 206.5]
      [GC Worker End (ms): Min: 72812562.2, Avg: 72812562.2, Max: 72812562.2, Diff: 0.0]
   [Code Root Fixup: 0.0 ms]
   [Code Root Purge: 0.0 ms]
   [Clear CT: 0.1 ms]
   [Other: 0.7 ms]
      [Choose CSet: 0.0 ms]
      [Ref Proc: 0.2 ms]
      [Ref Enq: 0.0 ms]
      [Redirty Cards: 0.1 ms]
      [Humongous Register: 0.1 ms]
      [Humongous Reclaim: 0.0 ms]
      [Free CSet: 0.1 ms]
   [Eden: 107.0M(107.0M)->0.0B(65.0M) Survivors: 7168.0K->12.0M Heap: 450.2M(1024.0M)->347.5M(1024.0M)]
 [Times: user=0.07 sys=0.02, real=0.03 secs] 
2021-04-24T09:09:58.222+0800: 72831.913: [GC pause (G1 Evacuation Pause) (young), 0.0280028 secs]
   [Parallel Time: 26.4 ms, GC Workers: 8]
      [GC Worker Start (ms): Min: 72831913.0, Avg: 72831913.2, Max: 72831913.7, Diff: 0.7]
      [Ext Root Scanning (ms): Min: 0.0, Avg: 0.6, Max: 1.4, Diff: 1.4, Sum: 5.1]
      [Update RS (ms): Min: 0.0, Avg: 3.1, Max: 6.0, Diff: 6.0, Sum: 24.5]
         [Processed Buffers: Min: 0, Avg: 6.0, Max: 21, Diff: 21, Sum: 48]
      [Scan RS (ms): Min: 0.0, Avg: 1.9, Max: 3.6, Diff: 3.6, Sum: 15.5]
      [Code Root Scanning (ms): Min: 0.0, Avg: 0.0, Max: 0.0, Diff: 0.0, Sum: 0.0]
      [Object Copy (ms): Min: 18.5, Avg: 20.4, Max: 25.4, Diff: 6.9, Sum: 163.3]
      [Termination (ms): Min: 0.0, Avg: 0.1, Max: 0.1, Diff: 0.1, Sum: 0.8]
         [Termination Attempts: Min: 1, Avg: 1.0, Max: 1, Diff: 0, Sum: 8]
      [GC Worker Other (ms): Min: 0.0, Avg: 0.0, Max: 0.1, Diff: 0.0, Sum: 0.2]
      [GC Worker Total (ms): Min: 25.7, Avg: 26.2, Max: 26.4, Diff: 0.7, Sum: 209.4]
      [GC Worker End (ms): Min: 72831939.4, Avg: 72831939.4, Max: 72831939.4, Diff: 0.0]
   [Code Root Fixup: 0.0 ms]
   [Code Root Purge: 0.0 ms]
   [Clear CT: 0.1 ms]
   [Other: 1.4 ms]
      [Choose CSet: 0.0 ms]
      [Ref Proc: 0.2 ms]
      [Ref Enq: 0.0 ms]
      [Redirty Cards: 0.1 ms]
      [Humongous Register: 0.1 ms]
      [Humongous Reclaim: 0.0 ms]
      [Free CSet: 0.1 ms]
   [Eden: 39.0M(39.0M)->0.0B(46.0M) Survivors: 12.0M->5120.0K Heap: 386.5M(1024.0M)->344.4M(1024.0M)]
 [Times: user=0.07 sys=0.02, real=0.03 secs] 
2021-04-24T09:10:21.500+0800: 72855.191: [GC pause (G1 Evacuation Pause) (young), 0.0175616 secs]
   [Parallel Time: 15.4 ms, GC Workers: 8]
      [GC Worker Start (ms): Min: 72855191.4, Avg: 72855191.7, Max: 72855192.8, Diff: 1.4]
      [Ext Root Scanning (ms): Min: 0.0, Avg: 4.2, Max: 9.6, Diff: 9.6, Sum: 33.3]
      [Update RS (ms): Min: 0.0, Avg: 2.4, Max: 5.2, Diff: 5.2, Sum: 18.8]
         [Processed Buffers: Min: 0, Avg: 6.9, Max: 19, Diff: 19, Sum: 55]
      [Scan RS (ms): Min: 0.6, Avg: 2.4, Max: 4.4, Diff: 3.8, Sum: 19.3]
      [Code Root Scanning (ms): Min: 0.0, Avg: 0.0, Max: 0.0, Diff: 0.0, Sum: 0.0]
      [Object Copy (ms): Min: 4.3, Avg: 5.7, Max: 13.3, Diff: 9.0, Sum: 45.7]
      [Termination (ms): Min: 0.0, Avg: 0.4, Max: 0.4, Diff: 0.4, Sum: 2.9]
         [Termination Attempts: Min: 1, Avg: 12.5, Max: 20, Diff: 19, Sum: 100]
      [GC Worker Other (ms): Min: 0.0, Avg: 0.0, Max: 0.0, Diff: 0.0, Sum: 0.2]
      [GC Worker Total (ms): Min: 13.9, Avg: 15.0, Max: 15.3, Diff: 1.4, Sum: 120.2]
      [GC Worker End (ms): Min: 72855206.8, Avg: 72855206.8, Max: 72855206.8, Diff: 0.0]
   [Code Root Fixup: 0.0 ms]
   [Code Root Purge: 0.0 ms]
   [Clear CT: 0.1 ms]
   [Other: 2.0 ms]
      [Choose CSet: 0.0 ms]
      [Ref Proc: 0.5 ms]
      [Ref Enq: 0.0 ms]
      [Redirty Cards: 0.1 ms]
      [Humongous Register: 0.3 ms]
      [Humongous Reclaim: 0.0 ms]
      [Free CSet: 0.1 ms]
   [Eden: 46.0M(46.0M)->0.0B(44.0M) Survivors: 5120.0K->7168.0K Heap: 390.4M(1024.0M)->347.3M(1024.0M)]
 [Times: user=0.08 sys=0.01, real=0.01 secs] 
2021-04-24T09:10:43.617+0800: 72877.307: [GC pause (G1 Evacuation Pause) (young), 0.0219367 secs]
   [Parallel Time: 20.4 ms, GC Workers: 8]
      [GC Worker Start (ms): Min: 72877307.6, Avg: 72877308.0, Max: 72877308.7, Diff: 1.1]
      [Ext Root Scanning (ms): Min: 0.3, Avg: 4.7, Max: 8.1, Diff: 7.7, Sum: 37.7]
      [Update RS (ms): Min: 0.0, Avg: 1.6, Max: 4.2, Diff: 4.2, Sum: 13.0]
         [Processed Buffers: Min: 0, Avg: 5.4, Max: 31, Diff: 31, Sum: 43]
      [Scan RS (ms): Min: 0.0, Avg: 1.2, Max: 2.4, Diff: 2.4, Sum: 9.6]
      [Code Root Scanning (ms): Min: 0.0, Avg: 0.0, Max: 0.0, Diff: 0.0, Sum: 0.0]
      [Object Copy (ms): Min: 12.0, Avg: 12.1, Max: 12.2, Diff: 0.2, Sum: 96.8]
      [Termination (ms): Min: 0.0, Avg: 0.2, Max: 0.4, Diff: 0.4, Sum: 1.6]
         [Termination Attempts: Min: 1, Avg: 1.1, Max: 2, Diff: 1, Sum: 9]
      [GC Worker Other (ms): Min: 0.0, Avg: 0.0, Max: 0.0, Diff: 0.0, Sum: 0.2]
      [GC Worker Total (ms): Min: 19.2, Avg: 19.9, Max: 20.3, Diff: 1.2, Sum: 158.9]
      [GC Worker End (ms): Min: 72877327.9, Avg: 72877327.9, Max: 72877327.9, Diff: 0.0]
   [Code Root Fixup: 0.0 ms]
   [Code Root Purge: 0.0 ms]
   [Clear CT: 0.1 ms]
   [Other: 1.5 ms]
      [Choose CSet: 0.0 ms]
      [Ref Proc: 0.2 ms]
      [Ref Enq: 0.0 ms]
      [Redirty Cards: 0.1 ms]
      [Humongous Register: 0.3 ms]
      [Humongous Reclaim: 0.0 ms]
      [Free CSet: 0.1 ms]
   [Eden: 44.0M(44.0M)->0.0B(68.0M) Survivors: 7168.0K->5120.0K Heap: 391.3M(1024.0M)->347.4M(1024.0M)]
 [Times: user=0.05 sys=0.02, real=0.02 secs] 
2021-04-24T09:11:17.799+0800: 72911.489: [GC pause (G1 Evacuation Pause) (young), 0.0183145 secs]
   [Parallel Time: 17.1 ms, GC Workers: 8]
      [GC Worker Start (ms): Min: 72911490.0, Avg: 72911490.3, Max: 72911491.3, Diff: 1.4]
      [Ext Root Scanning (ms): Min: 0.0, Avg: 2.4, Max: 6.8, Diff: 6.8, Sum: 19.4]
      [Update RS (ms): Min: 0.0, Avg: 5.1, Max: 12.5, Diff: 12.5, Sum: 40.5]
         [Processed Buffers: Min: 0, Avg: 6.9, Max: 38, Diff: 38, Sum: 55]
      [Scan RS (ms): Min: 0.0, Avg: 3.5, Max: 7.4, Diff: 7.4, Sum: 27.9]
      [Code Root Scanning (ms): Min: 0.0, Avg: 0.0, Max: 0.0, Diff: 0.0, Sum: 0.0]
      [Object Copy (ms): Min: 2.5, Avg: 5.6, Max: 12.7, Diff: 10.2, Sum: 44.6]
      [Termination (ms): Min: 0.0, Avg: 0.1, Max: 0.1, Diff: 0.1, Sum: 0.6]
         [Termination Attempts: Min: 1, Avg: 49.4, Max: 82, Diff: 81, Sum: 395]
      [GC Worker Other (ms): Min: 0.0, Avg: 0.0, Max: 0.1, Diff: 0.1, Sum: 0.3]
      [GC Worker Total (ms): Min: 15.6, Avg: 16.7, Max: 17.0, Diff: 1.4, Sum: 133.3]
      [GC Worker End (ms): Min: 72911507.0, Avg: 72911507.0, Max: 72911507.0, Diff: 0.0]
   [Code Root Fixup: 0.0 ms]
   [Code Root Purge: 0.0 ms]
   [Clear CT: 0.1 ms]
   [Other: 1.1 ms]
      [Choose CSet: 0.0 ms]
      [Ref Proc: 0.2 ms]
      [Ref Enq: 0.0 ms]
      [Redirty Cards: 0.1 ms]
      [Humongous Register: 0.2 ms]
      [Humongous Reclaim: 0.0 ms]
      [Free CSet: 0.1 ms]
   [Eden: 68.0M(68.0M)->0.0B(55.0M) Survivors: 5120.0K->5120.0K Heap: 415.4M(1024.0M)->347.8M(1024.0M)]
 [Times: user=0.07 sys=0.00, real=0.02 secs] 
2021-04-24T09:11:45.324+0800: 72939.015: [GC pause (G1 Evacuation Pause) (young), 0.0181780 secs]
   [Parallel Time: 16.9 ms, GC Workers: 8]
      [GC Worker Start (ms): Min: 72939015.7, Avg: 72939016.9, Max: 72939024.0, Diff: 8.4]
      [Ext Root Scanning (ms): Min: 0.0, Avg: 3.9, Max: 8.4, Diff: 8.4, Sum: 30.8]
      [Update RS (ms): Min: 0.0, Avg: 2.2, Max: 4.9, Diff: 4.9, Sum: 17.7]
         [Processed Buffers: Min: 0, Avg: 5.4, Max: 19, Diff: 19, Sum: 43]
      [Scan RS (ms): Min: 0.6, Avg: 3.6, Max: 10.2, Diff: 9.5, Sum: 29.2]
      [Code Root Scanning (ms): Min: 0.0, Avg: 0.0, Max: 0.0, Diff: 0.0, Sum: 0.0]
      [Object Copy (ms): Min: 0.2, Avg: 5.7, Max: 7.6, Diff: 7.4, Sum: 45.6]
      [Termination (ms): Min: 0.0, Avg: 0.1, Max: 0.1, Diff: 0.1, Sum: 0.5]
         [Termination Attempts: Min: 1, Avg: 24.2, Max: 39, Diff: 38, Sum: 194]
      [GC Worker Other (ms): Min: 0.0, Avg: 0.0, Max: 0.1, Diff: 0.0, Sum: 0.3]
      [GC Worker Total (ms): Min: 8.4, Avg: 15.5, Max: 16.8, Diff: 8.3, Sum: 124.1]
      [GC Worker End (ms): Min: 72939032.4, Avg: 72939032.4, Max: 72939032.5, Diff: 0.0]
   [Code Root Fixup: 0.0 ms]
   [Code Root Purge: 0.0 ms]
   [Clear CT: 0.1 ms]
   [Other: 1.2 ms]
      [Choose CSet: 0.0 ms]
      [Ref Proc: 0.2 ms]
      [Ref Enq: 0.0 ms]
      [Redirty Cards: 0.1 ms]
      [Humongous Register: 0.3 ms]
      [Humongous Reclaim: 0.0 ms]
      [Free CSet: 0.1 ms]
   [Eden: 55.0M(55.0M)->0.0B(47.0M) Survivors: 5120.0K->8192.0K Heap: 402.8M(1024.0M)->350.6M(1024.0M)]
 [Times: user=0.07 sys=0.00, real=0.02 secs] 
2021-04-24T09:12:09.104+0800: 72962.794: [GC pause (G1 Evacuation Pause) (young), 0.0226967 secs]
   [Parallel Time: 21.3 ms, GC Workers: 8]
      [GC Worker Start (ms): Min: 72962794.8, Avg: 72962795.7, Max: 72962800.0, Diff: 5.2]
      [Ext Root Scanning (ms): Min: 0.1, Avg: 2.4, Max: 7.5, Diff: 7.4, Sum: 18.8]
      [Update RS (ms): Min: 0.0, Avg: 2.1, Max: 5.9, Diff: 5.9, Sum: 16.8]
         [Processed Buffers: Min: 0, Avg: 6.5, Max: 22, Diff: 22, Sum: 52]
      [Scan RS (ms): Min: 0.0, Avg: 1.8, Max: 3.3, Diff: 3.3, Sum: 14.4]
      [Code Root Scanning (ms): Min: 0.0, Avg: 0.0, Max: 0.0, Diff: 0.0, Sum: 0.0]
      [Object Copy (ms): Min: 13.5, Avg: 13.9, Max: 14.1, Diff: 0.7, Sum: 111.4]
      [Termination (ms): Min: 0.0, Avg: 0.1, Max: 0.2, Diff: 0.2, Sum: 0.7]
         [Termination Attempts: Min: 1, Avg: 34.0, Max: 59, Diff: 58, Sum: 272]
      [GC Worker Other (ms): Min: 0.0, Avg: 0.0, Max: 0.0, Diff: 0.0, Sum: 0.2]
      [GC Worker Total (ms): Min: 15.9, Avg: 20.3, Max: 21.1, Diff: 5.1, Sum: 162.4]
      [GC Worker End (ms): Min: 72962815.9, Avg: 72962815.9, Max: 72962816.0, Diff: 0.1]
   [Code Root Fixup: 0.0 ms]
   [Code Root Purge: 0.0 ms]
   [Clear CT: 0.2 ms]
   [Other: 1.2 ms]
      [Choose CSet: 0.0 ms]
      [Ref Proc: 0.4 ms]
      [Ref Enq: 0.0 ms]
      [Redirty Cards: 0.1 ms]
      [Humongous Register: 0.2 ms]
      [Humongous Reclaim: 0.0 ms]
      [Free CSet: 0.1 ms]
   [Eden: 47.0M(47.0M)->0.0B(53.0M) Survivors: 8192.0K->6144.0K Heap: 397.6M(1024.0M)->349.4M(1024.0M)]
 [Times: user=0.06 sys=0.01, real=0.02 secs] 
2021-04-24T09:12:31.663+0800: 72985.354: [GC pause (G1 Evacuation Pause) (young), 0.0208903 secs]
   [Parallel Time: 18.7 ms, GC Workers: 8]
      [GC Worker Start (ms): Min: 72985354.4, Avg: 72985357.6, Max: 72985366.4, Diff: 12.0]
      [Ext Root Scanning (ms): Min: 0.0, Avg: 5.6, Max: 14.4, Diff: 14.4, Sum: 44.8]
      [Update RS (ms): Min: 0.0, Avg: 2.7, Max: 8.2, Diff: 8.2, Sum: 21.7]
         [Processed Buffers: Min: 0, Avg: 6.1, Max: 21, Diff: 21, Sum: 49]
      [Scan RS (ms): Min: 0.0, Avg: 2.4, Max: 4.1, Diff: 4.1, Sum: 19.1]
      [Code Root Scanning (ms): Min: 0.0, Avg: 0.0, Max: 0.0, Diff: 0.0, Sum: 0.0]
      [Object Copy (ms): Min: 4.0, Avg: 4.6, Max: 4.9, Diff: 1.0, Sum: 37.0]
      [Termination (ms): Min: 0.0, Avg: 0.0, Max: 0.0, Diff: 0.0, Sum: 0.0]
         [Termination Attempts: Min: 1, Avg: 1.5, Max: 3, Diff: 2, Sum: 12]
      [GC Worker Other (ms): Min: 0.0, Avg: 0.1, Max: 0.2, Diff: 0.1, Sum: 0.5]
      [GC Worker Total (ms): Min: 6.6, Avg: 15.4, Max: 18.5, Diff: 11.9, Sum: 123.1]
      [GC Worker End (ms): Min: 72985373.0, Avg: 72985373.0, Max: 72985373.0, Diff: 0.1]
   [Code Root Fixup: 0.0 ms]
   [Code Root Purge: 0.0 ms]
   [Clear CT: 0.1 ms]
   [Other: 2.0 ms]
      [Choose CSet: 0.0 ms]
      [Ref Proc: 0.3 ms]
      [Ref Enq: 0.0 ms]
      [Redirty Cards: 0.1 ms]
      [Humongous Register: 0.3 ms]
      [Humongous Reclaim: 0.0 ms]
      [Free CSet: 0.1 ms]
   [Eden: 45.0M(45.0M)->0.0B(44.0M) Survivors: 6144.0K->7168.0K Heap: 394.4M(1024.0M)->351.1M(1024.0M)]
 [Times: user=0.06 sys=0.01, real=0.02 secs] 
2021-04-24T09:12:53.651+0800: 73007.342: [GC pause (G1 Evacuation Pause) (young), 0.0206856 secs]
   [Parallel Time: 19.2 ms, GC Workers: 8]
      [GC Worker Start (ms): Min: 73007342.2, Avg: 73007343.2, Max: 73007348.9, Diff: 6.7]
      [Ext Root Scanning (ms): Min: 0.0, Avg: 3.4, Max: 8.7, Diff: 8.7, Sum: 26.9]
      [Update RS (ms): Min: 0.0, Avg: 1.5, Max: 3.6, Diff: 3.6, Sum: 12.2]
         [Processed Buffers: Min: 0, Avg: 6.2, Max: 19, Diff: 19, Sum: 50]
      [Scan RS (ms): Min: 0.0, Avg: 2.4, Max: 4.1, Diff: 4.1, Sum: 19.1]
      [Code Root Scanning (ms): Min: 0.0, Avg: 0.0, Max: 0.0, Diff: 0.0, Sum: 0.0]
      [Object Copy (ms): Min: 9.8, Avg: 10.3, Max: 10.8, Diff: 1.1, Sum: 82.7]
      [Termination (ms): Min: 0.0, Avg: 0.4, Max: 0.5, Diff: 0.5, Sum: 2.9]
         [Termination Attempts: Min: 1, Avg: 4.0, Max: 10, Diff: 9, Sum: 32]
      [GC Worker Other (ms): Min: 0.0, Avg: 0.1, Max: 0.4, Diff: 0.4, Sum: 0.7]
      [GC Worker Total (ms): Min: 12.3, Avg: 18.1, Max: 19.0, Diff: 6.7, Sum: 144.5]
      [GC Worker End (ms): Min: 73007361.2, Avg: 73007361.2, Max: 73007361.3, Diff: 0.0]
   [Code Root Fixup: 0.1 ms]
   [Code Root Purge: 0.0 ms]
   [Clear CT: 0.1 ms]
   [Other: 1.3 ms]
      [Choose CSet: 0.0 ms]
      [Ref Proc: 0.3 ms]
      [Ref Enq: 0.0 ms]
      [Redirty Cards: 0.1 ms]
      [Humongous Register: 0.2 ms]
      [Humongous Reclaim: 0.0 ms]
      [Free CSet: 0.1 ms]
   [Eden: 44.0M(44.0M)->0.0B(46.0M) Survivors: 7168.0K->5120.0K Heap: 395.1M(1024.0M)->350.1M(1024.0M)]
 [Times: user=0.07 sys=0.01, real=0.02 secs] 
2021-04-24T09:13:16.817+0800: 73030.508: [GC pause (G1 Evacuation Pause) (young), 0.0194478 secs]
   [Parallel Time: 16.9 ms, GC Workers: 8]
      [GC Worker Start (ms): Min: 73030508.2, Avg: 73030510.1, Max: 73030514.6, Diff: 6.4]
      [Ext Root Scanning (ms): Min: 0.0, Avg: 1.3, Max: 3.7, Diff: 3.7, Sum: 10.4]
      [Update RS (ms): Min: 0.0, Avg: 3.8, Max: 14.9, Diff: 14.9, Sum: 30.1]
         [Processed Buffers: Min: 0, Avg: 6.1, Max: 19, Diff: 19, Sum: 49]
      [Scan RS (ms): Min: 0.0, Avg: 2.9, Max: 11.7, Diff: 11.7, Sum: 23.5]
      [Code Root Scanning (ms): Min: 0.0, Avg: 0.0, Max: 0.0, Diff: 0.0, Sum: 0.0]
      [Object Copy (ms): Min: 0.0, Avg: 6.6, Max: 9.3, Diff: 9.3, Sum: 53.1]
      [Termination (ms): Min: 0.0, Avg: 0.2, Max: 0.3, Diff: 0.3, Sum: 1.4]
         [Termination Attempts: Min: 1, Avg: 4.4, Max: 10, Diff: 9, Sum: 35]
      [GC Worker Other (ms): Min: 0.0, Avg: 0.0, Max: 0.0, Diff: 0.0, Sum: 0.1]
      [GC Worker Total (ms): Min: 10.4, Avg: 14.8, Max: 16.8, Diff: 6.4, Sum: 118.7]
      [GC Worker End (ms): Min: 73030525.0, Avg: 73030525.0, Max: 73030525.0, Diff: 0.0]
   [Code Root Fixup: 0.0 ms]
   [Code Root Purge: 0.0 ms]
   [Clear CT: 0.1 ms]
   [Other: 2.4 ms]
      [Choose CSet: 0.0 ms]
      [Ref Proc: 0.3 ms]
      [Ref Enq: 0.0 ms]
      [Redirty Cards: 0.1 ms]
      [Humongous Register: 0.1 ms]
      [Humongous Reclaim: 0.0 ms]
      [Free CSet: 0.3 ms]
   [Eden: 46.0M(46.0M)->0.0B(44.0M) Survivors: 5120.0K->7168.0K Heap: 396.1M(1024.0M)->352.9M(1024.0M)]
 [Times: user=0.06 sys=0.00, real=0.02 secs] 
2021-04-24T09:13:39.128+0800: 73052.819: [GC pause (G1 Evacuation Pause) (young), 0.0195389 secs]
   [Parallel Time: 17.8 ms, GC Workers: 8]
      [GC Worker Start (ms): Min: 73052819.5, Avg: 73052820.0, Max: 73052821.6, Diff: 2.1]
      [Ext Root Scanning (ms): Min: 0.0, Avg: 3.8, Max: 12.6, Diff: 12.6, Sum: 30.7]
      [Update RS (ms): Min: 0.0, Avg: 2.0, Max: 3.9, Diff: 3.9, Sum: 16.2]
         [Processed Buffers: Min: 0, Avg: 6.2, Max: 37, Diff: 37, Sum: 50]
      [Scan RS (ms): Min: 0.0, Avg: 3.8, Max: 5.2, Diff: 5.2, Sum: 30.1]
      [Code Root Scanning (ms): Min: 0.0, Avg: 0.0, Max: 0.0, Diff: 0.0, Sum: 0.0]
      [Object Copy (ms): Min: 4.9, Avg: 7.4, Max: 8.9, Diff: 4.0, Sum: 58.8]
      [Termination (ms): Min: 0.0, Avg: 0.1, Max: 0.3, Diff: 0.3, Sum: 1.1]
         [Termination Attempts: Min: 1, Avg: 16.6, Max: 24, Diff: 23, Sum: 133]
      [GC Worker Other (ms): Min: 0.0, Avg: 0.0, Max: 0.1, Diff: 0.1, Sum: 0.2]
      [GC Worker Total (ms): Min: 15.5, Avg: 17.2, Max: 17.7, Diff: 2.2, Sum: 137.2]
      [GC Worker End (ms): Min: 73052837.1, Avg: 73052837.1, Max: 73052837.2, Diff: 0.0]
   [Code Root Fixup: 0.0 ms]
   [Code Root Purge: 0.0 ms]
   [Clear CT: 0.2 ms]
   [Other: 1.6 ms]
      [Choose CSet: 0.0 ms]
      [Ref Proc: 0.3 ms]
      [Ref Enq: 0.0 ms]
      [Redirty Cards: 0.2 ms]
      [Humongous Register: 0.3 ms]
      [Humongous Reclaim: 0.0 ms]
      [Free CSet: 0.1 ms]
   [Eden: 44.0M(44.0M)->0.0B(50.0M) Survivors: 7168.0K->6144.0K Heap: 396.9M(1024.0M)->352.2M(1024.0M)]
 [Times: user=0.07 sys=0.01, real=0.02 secs] 
2021-04-24T09:14:01.831+0800: 73075.522: [GC pause (G1 Evacuation Pause) (young), 0.0215513 secs]
   [Parallel Time: 18.5 ms, GC Workers: 8]
      [GC Worker Start (ms): Min: 73075522.1, Avg: 73075523.2, Max: 73075528.8, Diff: 6.7]
      [Ext Root Scanning (ms): Min: 0.0, Avg: 5.5, Max: 18.2, Diff: 18.2, Sum: 44.0]
      [Update RS (ms): Min: 0.0, Avg: 1.4, Max: 2.9, Diff: 2.9, Sum: 11.0]
         [Processed Buffers: Min: 0, Avg: 6.0, Max: 27, Diff: 27, Sum: 48]
      [Scan RS (ms): Min: 0.0, Avg: 5.1, Max: 13.1, Diff: 13.1, Sum: 40.9]
      [Code Root Scanning (ms): Min: 0.0, Avg: 0.0, Max: 0.0, Diff: 0.0, Sum: 0.0]
      [Object Copy (ms): Min: 0.0, Avg: 5.2, Max: 8.3, Diff: 8.3, Sum: 41.4]
      [Termination (ms): Min: 0.0, Avg: 0.1, Max: 0.2, Diff: 0.2, Sum: 1.2]
         [Termination Attempts: Min: 1, Avg: 8.9, Max: 19, Diff: 18, Sum: 71]
      [GC Worker Other (ms): Min: 0.0, Avg: 0.0, Max: 0.0, Diff: 0.0, Sum: 0.2]
      [GC Worker Total (ms): Min: 11.6, Avg: 17.3, Max: 18.3, Diff: 6.7, Sum: 138.7]
      [GC Worker End (ms): Min: 73075540.5, Avg: 73075540.5, Max: 73075540.5, Diff: 0.0]
   [Code Root Fixup: 0.0 ms]
   [Code Root Purge: 0.0 ms]
   [Clear CT: 0.1 ms]
   [Other: 3.0 ms]
      [Choose CSet: 0.0 ms]
      [Ref Proc: 0.3 ms]
      [Ref Enq: 0.0 ms]
      [Redirty Cards: 0.1 ms]
      [Humongous Register: 0.1 ms]
      [Humongous Reclaim: 0.0 ms]
      [Free CSet: 0.1 ms]
   [Eden: 45.0M(45.0M)->0.0B(44.0M) Survivors: 6144.0K->7168.0K Heap: 397.2M(1024.0M)->353.8M(1024.0M)]
 [Times: user=0.06 sys=0.00, real=0.02 secs] 
2021-04-24T09:14:24.056+0800: 73097.747: [GC pause (G1 Evacuation Pause) (young), 0.0220242 secs]
   [Parallel Time: 20.1 ms, GC Workers: 8]
      [GC Worker Start (ms): Min: 73097748.0, Avg: 73097749.7, Max: 73097755.4, Diff: 7.4]
      [Ext Root Scanning (ms): Min: 0.0, Avg: 2.3, Max: 8.8, Diff: 8.8, Sum: 18.4]
      [Update RS (ms): Min: 0.0, Avg: 1.6, Max: 3.6, Diff: 3.6, Sum: 12.7]
         [Processed Buffers: Min: 0, Avg: 5.9, Max: 30, Diff: 30, Sum: 47]
      [Scan RS (ms): Min: 0.0, Avg: 3.2, Max: 4.3, Diff: 4.3, Sum: 25.3]
      [Code Root Scanning (ms): Min: 0.0, Avg: 0.0, Max: 0.0, Diff: 0.0, Sum: 0.0]
      [Object Copy (ms): Min: 11.0, Avg: 11.2, Max: 11.3, Diff: 0.3, Sum: 89.4]
      [Termination (ms): Min: 0.0, Avg: 0.1, Max: 0.1, Diff: 0.1, Sum: 0.4]
         [Termination Attempts: Min: 1, Avg: 14.9, Max: 29, Diff: 28, Sum: 119]
      [GC Worker Other (ms): Min: 0.0, Avg: 0.0, Max: 0.1, Diff: 0.0, Sum: 0.2]
      [GC Worker Total (ms): Min: 12.5, Avg: 18.3, Max: 19.9, Diff: 7.4, Sum: 146.3]
      [GC Worker End (ms): Min: 73097767.9, Avg: 73097768.0, Max: 73097768.0, Diff: 0.0]
   [Code Root Fixup: 0.0 ms]
   [Code Root Purge: 0.0 ms]
   [Clear CT: 0.1 ms]
   [Other: 1.8 ms]
      [Choose CSet: 0.0 ms]
      [Ref Proc: 0.2 ms]
      [Ref Enq: 0.0 ms]
      [Redirty Cards: 0.1 ms]
      [Humongous Register: 0.3 ms]
      [Humongous Reclaim: 0.0 ms]
      [Free CSet: 0.1 ms]
   [Eden: 44.0M(44.0M)->0.0B(44.0M) Survivors: 7168.0K->7168.0K Heap: 397.8M(1024.0M)->354.9M(1024.0M)]
 [Times: user=0.07 sys=0.01, real=0.02 secs] 
2021-04-24T09:14:46.133+0800: 73119.824: [GC pause (G1 Evacuation Pause) (young), 0.0216825 secs]
   [Parallel Time: 19.9 ms, GC Workers: 8]
      [GC Worker Start (ms): Min: 73119825.0, Avg: 73119825.4, Max: 73119826.2, Diff: 1.1]
      [Ext Root Scanning (ms): Min: 0.1, Avg: 1.1, Max: 2.7, Diff: 2.6, Sum: 8.8]
      [Update RS (ms): Min: 0.0, Avg: 4.7, Max: 8.7, Diff: 8.7, Sum: 38.0]
         [Processed Buffers: Min: 0, Avg: 6.2, Max: 23, Diff: 23, Sum: 50]
      [Scan RS (ms): Min: 0.0, Avg: 2.6, Max: 6.1, Diff: 6.1, Sum: 20.9]
      [Code Root Scanning (ms): Min: 0.0, Avg: 0.0, Max: 0.0, Diff: 0.0, Sum: 0.0]
      [Object Copy (ms): Min: 8.8, Avg: 10.5, Max: 16.7, Diff: 7.8, Sum: 84.1]
      [Termination (ms): Min: 0.0, Avg: 0.4, Max: 0.5, Diff: 0.5, Sum: 3.2]
         [Termination Attempts: Min: 1, Avg: 1.1, Max: 2, Diff: 1, Sum: 9]
      [GC Worker Other (ms): Min: 0.0, Avg: 0.0, Max: 0.0, Diff: 0.0, Sum: 0.2]
      [GC Worker Total (ms): Min: 18.6, Avg: 19.4, Max: 19.7, Diff: 1.1, Sum: 155.2]
      [GC Worker End (ms): Min: 73119844.8, Avg: 73119844.8, Max: 73119844.8, Diff: 0.0]
   [Code Root Fixup: 0.0 ms]
   [Code Root Purge: 0.0 ms]
   [Clear CT: 0.2 ms]
   [Other: 1.6 ms]
      [Choose CSet: 0.0 ms]
      [Ref Proc: 0.3 ms]
      [Ref Enq: 0.0 ms]
      [Redirty Cards: 0.2 ms]
      [Humongous Register: 0.3 ms]
      [Humongous Reclaim: 0.0 ms]
      [Free CSet: 0.1 ms]
   [Eden: 44.0M(44.0M)->0.0B(46.0M) Survivors: 7168.0K->5120.0K Heap: 398.9M(1024.0M)->354.0M(1024.0M)]
 [Times: user=0.07 sys=0.02, real=0.02 secs] 
2021-04-24T09:15:09.276+0800: 73142.968: [GC pause (G1 Evacuation Pause) (young), 0.0188965 secs]
   [Parallel Time: 17.5 ms, GC Workers: 8]
      [GC Worker Start (ms): Min: 73142968.6, Avg: 73142968.8, Max: 73142969.1, Diff: 0.5]
      [Ext Root Scanning (ms): Min: 0.7, Avg: 4.8, Max: 12.2, Diff: 11.5, Sum: 38.2]
      [Update RS (ms): Min: 0.0, Avg: 2.6, Max: 5.5, Diff: 5.5, Sum: 20.5]
         [Processed Buffers: Min: 0, Avg: 6.2, Max: 31, Diff: 31, Sum: 50]
      [Scan RS (ms): Min: 0.1, Avg: 3.7, Max: 6.4, Diff: 6.3, Sum: 29.3]
      [Code Root Scanning (ms): Min: 0.0, Avg: 0.0, Max: 0.0, Diff: 0.0, Sum: 0.0]
      [Object Copy (ms): Min: 4.0, Avg: 5.8, Max: 14.2, Diff: 10.3, Sum: 46.5]
      [Termination (ms): Min: 0.0, Avg: 0.2, Max: 0.4, Diff: 0.4, Sum: 1.5]
         [Termination Attempts: Min: 1, Avg: 1.0, Max: 1, Diff: 0, Sum: 8]
      [GC Worker Other (ms): Min: 0.0, Avg: 0.0, Max: 0.0, Diff: 0.0, Sum: 0.2]
      [GC Worker Total (ms): Min: 16.6, Avg: 17.0, Max: 17.4, Diff: 0.8, Sum: 136.1]
      [GC Worker End (ms): Min: 73142985.6, Avg: 73142985.8, Max: 73142986.0, Diff: 0.3]
   [Code Root Fixup: 0.0 ms]
   [Code Root Purge: 0.0 ms]
   [Clear CT: 0.1 ms]
   [Other: 1.3 ms]
      [Choose CSet: 0.0 ms]
      [Ref Proc: 0.3 ms]
      [Ref Enq: 0.0 ms]
      [Redirty Cards: 0.1 ms]
      [Humongous Register: 0.3 ms]
      [Humongous Reclaim: 0.0 ms]
      [Free CSet: 0.1 ms]
   [Eden: 46.0M(46.0M)->0.0B(44.0M) Survivors: 5120.0K->7168.0K Heap: 400.0M(1024.0M)->356.7M(1024.0M)]
 [Times: user=0.08 sys=0.01, real=0.02 secs] 
2021-04-24T09:15:31.381+0800: 73165.073: [GC pause (G1 Evacuation Pause) (young), 0.0197363 secs]
   [Parallel Time: 18.1 ms, GC Workers: 8]
      [GC Worker Start (ms): Min: 73165073.5, Avg: 73165074.8, Max: 73165081.7, Diff: 8.2]
      [Ext Root Scanning (ms): Min: 0.0, Avg: 1.8, Max: 7.1, Diff: 7.1, Sum: 14.0]
      [Update RS (ms): Min: 0.0, Avg: 1.9, Max: 4.0, Diff: 4.0, Sum: 15.3]
         [Processed Buffers: Min: 0, Avg: 5.1, Max: 14, Diff: 14, Sum: 41]
      [Scan RS (ms): Min: 0.1, Avg: 2.9, Max: 4.5, Diff: 4.4, Sum: 23.5]
      [Code Root Scanning (ms): Min: 0.0, Avg: 0.0, Max: 0.0, Diff: 0.0, Sum: 0.0]
      [Object Copy (ms): Min: 7.7, Avg: 9.9, Max: 16.7, Diff: 8.9, Sum: 78.8]
      [Termination (ms): Min: 0.0, Avg: 0.2, Max: 0.2, Diff: 0.2, Sum: 1.3]
         [Termination Attempts: Min: 1, Avg: 5.4, Max: 13, Diff: 12, Sum: 43]
      [GC Worker Other (ms): Min: 0.0, Avg: 0.0, Max: 0.1, Diff: 0.0, Sum: 0.3]
      [GC Worker Total (ms): Min: 9.7, Avg: 16.6, Max: 17.9, Diff: 8.2, Sum: 133.2]
      [GC Worker End (ms): Min: 73165091.4, Avg: 73165091.4, Max: 73165091.5, Diff: 0.0]
   [Code Root Fixup: 0.0 ms]
   [Code Root Purge: 0.0 ms]
   [Clear CT: 0.2 ms]
   [Other: 1.4 ms]
      [Choose CSet: 0.0 ms]
      [Ref Proc: 0.3 ms]
      [Ref Enq: 0.0 ms]
      [Redirty Cards: 0.2 ms]
      [Humongous Register: 0.2 ms]
      [Humongous Reclaim: 0.0 ms]
      [Free CSet: 0.1 ms]
   [Eden: 44.0M(44.0M)->0.0B(62.0M) Survivors: 7168.0K->5120.0K Heap: 400.7M(1024.0M)->355.4M(1024.0M)]
 [Times: user=0.07 sys=0.01, real=0.02 secs] 
2021-04-24T09:15:54.372+0800: 73188.064: [GC pause (G1 Evacuation Pause) (young), 0.0188469 secs]
   [Parallel Time: 17.7 ms, GC Workers: 8]
      [GC Worker Start (ms): Min: 73188064.3, Avg: 73188064.5, Max: 73188064.9, Diff: 0.6]
      [Ext Root Scanning (ms): Min: 0.7, Avg: 4.8, Max: 13.1, Diff: 12.4, Sum: 38.3]
      [Update RS (ms): Min: 0.0, Avg: 2.3, Max: 4.8, Diff: 4.8, Sum: 18.1]
         [Processed Buffers: Min: 0, Avg: 5.8, Max: 23, Diff: 23, Sum: 46]
      [Scan RS (ms): Min: 0.0, Avg: 3.5, Max: 6.4, Diff: 6.4, Sum: 27.6]
      [Code Root Scanning (ms): Min: 0.0, Avg: 0.0, Max: 0.0, Diff: 0.0, Sum: 0.0]
      [Object Copy (ms): Min: 4.5, Avg: 6.8, Max: 16.2, Diff: 11.7, Sum: 54.6]
      [Termination (ms): Min: 0.0, Avg: 0.0, Max: 0.1, Diff: 0.1, Sum: 0.3]
         [Termination Attempts: Min: 1, Avg: 30.1, Max: 47, Diff: 46, Sum: 241]
      [GC Worker Other (ms): Min: 0.0, Avg: 0.0, Max: 0.0, Diff: 0.0, Sum: 0.1]
      [GC Worker Total (ms): Min: 17.0, Avg: 17.4, Max: 17.6, Diff: 0.6, Sum: 139.1]
      [GC Worker End (ms): Min: 73188081.9, Avg: 73188081.9, Max: 73188082.0, Diff: 0.0]
   [Code Root Fixup: 0.0 ms]
   [Code Root Purge: 0.0 ms]
   [Clear CT: 0.1 ms]
   [Other: 1.1 ms]
      [Choose CSet: 0.0 ms]
      [Ref Proc: 0.2 ms]
      [Ref Enq: 0.0 ms]
      [Redirty Cards: 0.1 ms]
      [Humongous Register: 0.3 ms]
      [Humongous Reclaim: 0.0 ms]
      [Free CSet: 0.1 ms]
   [Eden: 46.0M(46.0M)->0.0B(63.0M) Survivors: 5120.0K->5120.0K Heap: 401.4M(1024.0M)->355.9M(1024.0M)]
 [Times: user=0.08 sys=0.00, real=0.02 secs] 
2021-04-24T09:16:25.979+0800: 73219.670: [GC pause (G1 Evacuation Pause) (young), 0.0160332 secs]
   [Parallel Time: 14.6 ms, GC Workers: 8]
      [GC Worker Start (ms): Min: 73219670.9, Avg: 73219671.1, Max: 73219671.3, Diff: 0.5]
      [Ext Root Scanning (ms): Min: 0.4, Avg: 4.0, Max: 9.6, Diff: 9.2, Sum: 32.0]
      [Update RS (ms): Min: 0.0, Avg: 2.3, Max: 6.2, Diff: 6.2, Sum: 18.5]
         [Processed Buffers: Min: 0, Avg: 5.9, Max: 25, Diff: 25, Sum: 47]
      [Scan RS (ms): Min: 0.1, Avg: 2.3, Max: 4.3, Diff: 4.2, Sum: 18.4]
      [Code Root Scanning (ms): Min: 0.0, Avg: 0.0, Max: 0.0, Diff: 0.0, Sum: 0.0]
      [Object Copy (ms): Min: 4.7, Avg: 5.7, Max: 11.7, Diff: 6.9, Sum: 45.4]
      [Termination (ms): Min: 0.0, Avg: 0.0, Max: 0.0, Diff: 0.0, Sum: 0.1]
         [Termination Attempts: Min: 1, Avg: 24.2, Max: 34, Diff: 33, Sum: 194]
      [GC Worker Other (ms): Min: 0.0, Avg: 0.0, Max: 0.0, Diff: 0.0, Sum: 0.2]
      [GC Worker Total (ms): Min: 14.1, Avg: 14.3, Max: 14.5, Diff: 0.5, Sum: 114.6]
      [GC Worker End (ms): Min: 73219685.4, Avg: 73219685.4, Max: 73219685.4, Diff: 0.0]
   [Code Root Fixup: 0.1 ms]
   [Code Root Purge: 0.0 ms]
   [Clear CT: 0.1 ms]
   [Other: 1.2 ms]
      [Choose CSet: 0.0 ms]
      [Ref Proc: 0.3 ms]
      [Ref Enq: 0.0 ms]
      [Redirty Cards: 0.1 ms]
      [Humongous Register: 0.2 ms]
      [Humongous Reclaim: 0.0 ms]
      [Free CSet: 0.1 ms]
   [Eden: 63.0M(63.0M)->0.0B(96.0M) Survivors: 5120.0K->8192.0K Heap: 418.9M(1024.0M)->358.4M(1024.0M)]
 [Times: user=0.06 sys=0.00, real=0.02 secs] 
2021-04-24T09:16:47.272+0800: 73240.964: [GC pause (G1 Evacuation Pause) (young), 0.0234895 secs]
   [Parallel Time: 21.8 ms, GC Workers: 8]
      [GC Worker Start (ms): Min: 73240964.5, Avg: 73240965.2, Max: 73240968.5, Diff: 4.0]
      [Ext Root Scanning (ms): Min: 0.0, Avg: 2.3, Max: 6.0, Diff: 6.0, Sum: 18.1]
      [Update RS (ms): Min: 0.0, Avg: 0.9, Max: 1.9, Diff: 1.9, Sum: 7.0]
         [Processed Buffers: Min: 0, Avg: 5.4, Max: 34, Diff: 34, Sum: 43]
      [Scan RS (ms): Min: 0.0, Avg: 2.1, Max: 3.3, Diff: 3.3, Sum: 17.1]
      [Code Root Scanning (ms): Min: 0.0, Avg: 0.0, Max: 0.0, Diff: 0.0, Sum: 0.0]
      [Object Copy (ms): Min: 15.2, Avg: 15.5, Max: 15.8, Diff: 0.6, Sum: 124.3]
      [Termination (ms): Min: 0.0, Avg: 0.2, Max: 0.4, Diff: 0.4, Sum: 1.4]
         [Termination Attempts: Min: 1, Avg: 1.8, Max: 3, Diff: 2, Sum: 14]
      [GC Worker Other (ms): Min: 0.0, Avg: 0.0, Max: 0.0, Diff: 0.0, Sum: 0.1]
      [GC Worker Total (ms): Min: 17.7, Avg: 21.0, Max: 21.7, Diff: 4.0, Sum: 168.0]
      [GC Worker End (ms): Min: 73240986.2, Avg: 73240986.2, Max: 73240986.2, Diff: 0.0]
   [Code Root Fixup: 0.0 ms]
   [Code Root Purge: 0.0 ms]
   [Clear CT: 0.1 ms]
   [Other: 1.5 ms]
      [Choose CSet: 0.0 ms]
      [Ref Proc: 0.4 ms]
      [Ref Enq: 0.0 ms]
      [Redirty Cards: 0.1 ms]
      [Humongous Register: 0.1 ms]
      [Humongous Reclaim: 0.0 ms]
      [Free CSet: 0.1 ms]
   [Eden: 43.0M(43.0M)->0.0B(54.0M) Survivors: 8192.0K->7168.0K Heap: 401.4M(1024.0M)->358.5M(1024.0M)]
 [Times: user=0.06 sys=0.02, real=0.02 secs] 
2021-04-24T09:17:09.148+0800: 73262.840: [GC pause (G1 Evacuation Pause) (young), 0.0218843 secs]
   [Parallel Time: 19.6 ms, GC Workers: 8]
      [GC Worker Start (ms): Min: 73262840.8, Avg: 73262843.4, Max: 73262848.0, Diff: 7.2]
      [Ext Root Scanning (ms): Min: 0.0, Avg: 0.7, Max: 2.1, Diff: 2.1, Sum: 5.6]
      [Update RS (ms): Min: 0.0, Avg: 1.1, Max: 2.5, Diff: 2.5, Sum: 8.8]
         [Processed Buffers: Min: 0, Avg: 6.0, Max: 16, Diff: 16, Sum: 48]
      [Scan RS (ms): Min: 0.1, Avg: 2.4, Max: 4.6, Diff: 4.5, Sum: 19.5]
      [Code Root Scanning (ms): Min: 0.0, Avg: 0.0, Max: 0.0, Diff: 0.0, Sum: 0.0]
      [Object Copy (ms): Min: 10.9, Avg: 12.4, Max: 16.6, Diff: 5.6, Sum: 99.2]
      [Termination (ms): Min: 0.0, Avg: 0.3, Max: 0.4, Diff: 0.4, Sum: 2.0]
         [Termination Attempts: Min: 1, Avg: 1.2, Max: 2, Diff: 1, Sum: 10]
      [GC Worker Other (ms): Min: 0.0, Avg: 0.0, Max: 0.0, Diff: 0.0, Sum: 0.2]
      [GC Worker Total (ms): Min: 12.2, Avg: 16.9, Max: 19.4, Diff: 7.2, Sum: 135.4]
      [GC Worker End (ms): Min: 73262860.3, Avg: 73262860.3, Max: 73262860.3, Diff: 0.0]
   [Code Root Fixup: 0.0 ms]
   [Code Root Purge: 0.0 ms]
   [Clear CT: 0.2 ms]
   [Other: 2.1 ms]
      [Choose CSet: 0.0 ms]
      [Ref Proc: 0.4 ms]
      [Ref Enq: 0.0 ms]
      [Redirty Cards: 0.2 ms]
      [Humongous Register: 0.2 ms]
      [Humongous Reclaim: 0.0 ms]
      [Free CSet: 0.1 ms]
   [Eden: 44.0M(44.0M)->0.0B(77.0M) Survivors: 7168.0K->5120.0K Heap: 402.5M(1024.0M)->358.7M(1024.0M)]
 [Times: user=0.07 sys=0.02, real=0.03 secs] 
2021-04-24T09:17:33.729+0800: 73287.421: [GC pause (G1 Evacuation Pause) (young), 0.0186355 secs]
   [Parallel Time: 16.5 ms, GC Workers: 8]
      [GC Worker Start (ms): Min: 73287421.1, Avg: 73287421.4, Max: 73287421.9, Diff: 0.8]
      [Ext Root Scanning (ms): Min: 0.2, Avg: 3.6, Max: 16.2, Diff: 15.9, Sum: 29.1]
      [Update RS (ms): Min: 0.0, Avg: 1.1, Max: 2.2, Diff: 2.2, Sum: 8.5]
         [Processed Buffers: Min: 0, Avg: 5.4, Max: 25, Diff: 25, Sum: 43]
      [Scan RS (ms): Min: 0.0, Avg: 5.8, Max: 12.9, Diff: 12.9, Sum: 46.6]
      [Code Root Scanning (ms): Min: 0.0, Avg: 0.0, Max: 0.0, Diff: 0.0, Sum: 0.0]
      [Object Copy (ms): Min: 0.0, Avg: 5.2, Max: 14.0, Diff: 14.0, Sum: 41.5]
      [Termination (ms): Min: 0.0, Avg: 0.3, Max: 0.5, Diff: 0.5, Sum: 2.7]
         [Termination Attempts: Min: 1, Avg: 1.1, Max: 2, Diff: 1, Sum: 9]
      [GC Worker Other (ms): Min: 0.0, Avg: 0.0, Max: 0.0, Diff: 0.0, Sum: 0.1]
      [GC Worker Total (ms): Min: 15.6, Avg: 16.1, Max: 16.3, Diff: 0.8, Sum: 128.5]
      [GC Worker End (ms): Min: 73287437.4, Avg: 73287437.5, Max: 73287437.5, Diff: 0.0]
   [Code Root Fixup: 0.0 ms]
   [Code Root Purge: 0.0 ms]
   [Clear CT: 0.1 ms]
   [Other: 2.0 ms]
      [Choose CSet: 0.0 ms]
      [Ref Proc: 0.3 ms]
      [Ref Enq: 0.0 ms]
      [Redirty Cards: 0.1 ms]
      [Humongous Register: 0.1 ms]
      [Humongous Reclaim: 0.0 ms]
      [Free CSet: 0.1 ms]
   [Eden: 49.0M(46.0M)->0.0B(53.0M) Survivors: 5120.0K->7168.0K Heap: 407.7M(1024.0M)->361.0M(1024.0M)]
 [Times: user=0.06 sys=0.00, real=0.02 secs] 
2021-04-24T09:17:56.272+0800: 73309.964: [GC pause (G1 Evacuation Pause) (young), 0.0260396 secs]
   [Parallel Time: 23.9 ms, GC Workers: 8]
      [GC Worker Start (ms): Min: 73309964.3, Avg: 73309964.7, Max: 73309965.2, Diff: 0.8]
      [Ext Root Scanning (ms): Min: 0.3, Avg: 3.1, Max: 8.1, Diff: 7.9, Sum: 25.0]
      [Update RS (ms): Min: 0.0, Avg: 3.9, Max: 7.5, Diff: 7.5, Sum: 31.1]
         [Processed Buffers: Min: 0, Avg: 6.4, Max: 25, Diff: 25, Sum: 51]
      [Scan RS (ms): Min: 0.4, Avg: 2.5, Max: 4.7, Diff: 4.3, Sum: 20.3]
      [Code Root Scanning (ms): Min: 0.0, Avg: 0.2, Max: 1.6, Diff: 1.6, Sum: 1.6]
      [Object Copy (ms): Min: 12.5, Avg: 13.3, Max: 16.0, Diff: 3.5, Sum: 106.7]
      [Termination (ms): Min: 0.0, Avg: 0.3, Max: 0.4, Diff: 0.4, Sum: 2.3]
         [Termination Attempts: Min: 1, Avg: 19.1, Max: 30, Diff: 29, Sum: 153]
      [GC Worker Other (ms): Min: 0.0, Avg: 0.0, Max: 0.0, Diff: 0.0, Sum: 0.1]
      [GC Worker Total (ms): Min: 22.9, Avg: 23.4, Max: 23.7, Diff: 0.8, Sum: 187.2]
      [GC Worker End (ms): Min: 73309988.1, Avg: 73309988.1, Max: 73309988.1, Diff: 0.0]
   [Code Root Fixup: 0.0 ms]
   [Code Root Purge: 0.0 ms]
   [Clear CT: 0.1 ms]
   [Other: 1.9 ms]
      [Choose CSet: 0.0 ms]
      [Ref Proc: 0.4 ms]
      [Ref Enq: 0.0 ms]
      [Redirty Cards: 0.1 ms]
      [Humongous Register: 0.3 ms]
      [Humongous Reclaim: 0.0 ms]
      [Free CSet: 0.1 ms]
   [Eden: 44.0M(44.0M)->0.0B(46.0M) Survivors: 7168.0K->5120.0K Heap: 405.0M(1024.0M)->359.9M(1024.0M)]
 [Times: user=0.07 sys=0.02, real=0.02 secs] 
2021-04-24T09:18:19.759+0800: 73333.451: [GC pause (G1 Evacuation Pause) (young), 0.0168852 secs]
   [Parallel Time: 15.7 ms, GC Workers: 8]
      [GC Worker Start (ms): Min: 73333451.8, Avg: 73333453.3, Max: 73333461.8, Diff: 9.9]
      [Ext Root Scanning (ms): Min: 0.0, Avg: 2.9, Max: 9.6, Diff: 9.6, Sum: 22.9]
      [Update RS (ms): Min: 0.0, Avg: 2.0, Max: 4.4, Diff: 4.4, Sum: 16.2]
         [Processed Buffers: Min: 0, Avg: 6.1, Max: 23, Diff: 23, Sum: 49]
      [Scan RS (ms): Min: 0.7, Avg: 3.2, Max: 5.2, Diff: 4.5, Sum: 26.0]
      [Code Root Scanning (ms): Min: 0.0, Avg: 0.0, Max: 0.0, Diff: 0.0, Sum: 0.0]
      [Object Copy (ms): Min: 4.7, Avg: 5.9, Max: 14.1, Diff: 9.4, Sum: 47.6]
      [Termination (ms): Min: 0.0, Avg: 0.0, Max: 0.0, Diff: 0.0, Sum: 0.2]
         [Termination Attempts: Min: 1, Avg: 50.9, Max: 69, Diff: 68, Sum: 407]
      [GC Worker Other (ms): Min: 0.0, Avg: 0.0, Max: 0.1, Diff: 0.0, Sum: 0.3]
      [GC Worker Total (ms): Min: 5.6, Avg: 14.1, Max: 15.6, Diff: 9.9, Sum: 113.1]
      [GC Worker End (ms): Min: 73333467.4, Avg: 73333467.4, Max: 73333467.4, Diff: 0.0]
   [Code Root Fixup: 0.0 ms]
   [Code Root Purge: 0.0 ms]
   [Clear CT: 0.1 ms]
   [Other: 1.1 ms]
      [Choose CSet: 0.0 ms]
      [Ref Proc: 0.2 ms]
      [Ref Enq: 0.0 ms]
      [Redirty Cards: 0.1 ms]
      [Humongous Register: 0.2 ms]
      [Humongous Reclaim: 0.0 ms]
      [Free CSet: 0.1 ms]
   [Eden: 46.0M(46.0M)->0.0B(47.0M) Survivors: 5120.0K->5120.0K Heap: 405.9M(1024.0M)->360.4M(1024.0M)]
 [Times: user=0.08 sys=0.00, real=0.02 secs] 
2021-04-24T09:18:43.340+0800: 73357.032: [GC pause (G1 Evacuation Pause) (young), 0.0174236 secs]
   [Parallel Time: 16.0 ms, GC Workers: 8]
      [GC Worker Start (ms): Min: 73357032.3, Avg: 73357033.5, Max: 73357040.7, Diff: 8.4]
      [Ext Root Scanning (ms): Min: 0.0, Avg: 3.0, Max: 9.5, Diff: 9.5, Sum: 24.0]
      [Update RS (ms): Min: 0.0, Avg: 1.1, Max: 2.6, Diff: 2.6, Sum: 9.0]
         [Processed Buffers: Min: 0, Avg: 5.0, Max: 15, Diff: 15, Sum: 40]
      [Scan RS (ms): Min: 0.0, Avg: 3.3, Max: 5.7, Diff: 5.7, Sum: 26.5]
      [Code Root Scanning (ms): Min: 0.0, Avg: 0.0, Max: 0.0, Diff: 0.0, Sum: 0.0]
      [Object Copy (ms): Min: 6.2, Avg: 7.1, Max: 7.6, Diff: 1.4, Sum: 57.0]
      [Termination (ms): Min: 0.0, Avg: 0.0, Max: 0.1, Diff: 0.1, Sum: 0.3]
         [Termination Attempts: Min: 1, Avg: 3.1, Max: 9, Diff: 8, Sum: 25]
      [GC Worker Other (ms): Min: 0.0, Avg: 0.0, Max: 0.0, Diff: 0.0, Sum: 0.2]
      [GC Worker Total (ms): Min: 7.5, Avg: 14.6, Max: 15.8, Diff: 8.3, Sum: 117.0]
      [GC Worker End (ms): Min: 73357048.1, Avg: 73357048.1, Max: 73357048.2, Diff: 0.0]
   [Code Root Fixup: 0.0 ms]
   [Code Root Purge: 0.0 ms]
   [Clear CT: 0.1 ms]
   [Other: 1.3 ms]
      [Choose CSet: 0.0 ms]
      [Ref Proc: 0.3 ms]
      [Ref Enq: 0.0 ms]
      [Redirty Cards: 0.1 ms]
      [Humongous Register: 0.1 ms]
      [Humongous Reclaim: 0.0 ms]
      [Free CSet: 0.1 ms]
   [Eden: 47.0M(47.0M)->0.0B(83.0M) Survivors: 5120.0K->7168.0K Heap: 407.4M(1024.0M)->362.6M(1024.0M)]
 [Times: user=0.06 sys=0.01, real=0.01 secs] 
2021-04-24T09:19:23.468+0800: 73397.161: [GC pause (G1 Evacuation Pause) (young), 0.0228201 secs]
   [Parallel Time: 20.0 ms, GC Workers: 8]
      [GC Worker Start (ms): Min: 73397161.6, Avg: 73397164.2, Max: 73397171.7, Diff: 10.1]
      [Ext Root Scanning (ms): Min: 0.0, Avg: 3.2, Max: 9.8, Diff: 9.8, Sum: 25.6]
      [Update RS (ms): Min: 0.0, Avg: 2.6, Max: 8.5, Diff: 8.5, Sum: 21.1]
         [Processed Buffers: Min: 0, Avg: 6.1, Max: 31, Diff: 31, Sum: 49]
      [Scan RS (ms): Min: 0.0, Avg: 3.5, Max: 6.1, Diff: 6.1, Sum: 27.7]
      [Code Root Scanning (ms): Min: 0.0, Avg: 0.0, Max: 0.0, Diff: 0.0, Sum: 0.1]
      [Object Copy (ms): Min: 6.8, Avg: 7.9, Max: 9.9, Diff: 3.1, Sum: 63.0]
      [Termination (ms): Min: 0.0, Avg: 0.1, Max: 0.1, Diff: 0.1, Sum: 0.4]
         [Termination Attempts: Min: 1, Avg: 3.2, Max: 6, Diff: 5, Sum: 26]
      [GC Worker Other (ms): Min: 0.0, Avg: 0.0, Max: 0.0, Diff: 0.0, Sum: 0.1]
      [GC Worker Total (ms): Min: 9.8, Avg: 17.3, Max: 19.9, Diff: 10.1, Sum: 138.1]
      [GC Worker End (ms): Min: 73397181.5, Avg: 73397181.5, Max: 73397181.5, Diff: 0.0]
   [Code Root Fixup: 0.0 ms]
   [Code Root Purge: 0.0 ms]
   [Clear CT: 0.2 ms]
   [Other: 2.6 ms]
      [Choose CSet: 0.0 ms]
      [Ref Proc: 0.9 ms]
      [Ref Enq: 0.0 ms]
      [Redirty Cards: 0.2 ms]
      [Humongous Register: 0.3 ms]
      [Humongous Reclaim: 0.0 ms]
      [Free CSet: 0.2 ms]
   [Eden: 80.0M(44.0M)->0.0B(44.0M) Survivors: 7168.0K->7168.0K Heap: 442.6M(1024.0M)->363.4M(1024.0M)]
 [Times: user=0.07 sys=0.02, real=0.03 secs] 
2021-04-24T09:19:45.587+0800: 73419.279: [GC pause (G1 Evacuation Pause) (young), 0.0181512 secs]
   [Parallel Time: 17.1 ms, GC Workers: 8]
      [GC Worker Start (ms): Min: 73419279.5, Avg: 73419280.3, Max: 73419283.9, Diff: 4.4]
      [Ext Root Scanning (ms): Min: 0.0, Avg: 2.5, Max: 7.2, Diff: 7.2, Sum: 19.8]
      [Update RS (ms): Min: 0.0, Avg: 0.8, Max: 1.7, Diff: 1.7, Sum: 6.3]
         [Processed Buffers: Min: 0, Avg: 5.9, Max: 36, Diff: 36, Sum: 47]
      [Scan RS (ms): Min: 0.0, Avg: 3.2, Max: 5.0, Diff: 5.0, Sum: 25.3]
      [Code Root Scanning (ms): Min: 0.0, Avg: 0.0, Max: 0.0, Diff: 0.0, Sum: 0.0]
      [Object Copy (ms): Min: 9.4, Avg: 9.8, Max: 10.1, Diff: 0.6, Sum: 78.1]
      [Termination (ms): Min: 0.0, Avg: 0.1, Max: 0.2, Diff: 0.2, Sum: 0.7]
         [Termination Attempts: Min: 1, Avg: 3.1, Max: 9, Diff: 8, Sum: 25]
      [GC Worker Other (ms): Min: 0.0, Avg: 0.0, Max: 0.0, Diff: 0.0, Sum: 0.1]
      [GC Worker Total (ms): Min: 12.7, Avg: 16.3, Max: 17.0, Diff: 4.4, Sum: 130.4]
      [GC Worker End (ms): Min: 73419296.6, Avg: 73419296.6, Max: 73419296.6, Diff: 0.0]
   [Code Root Fixup: 0.0 ms]
   [Code Root Purge: 0.0 ms]
   [Clear CT: 0.1 ms]
   [Other: 1.0 ms]
      [Choose CSet: 0.0 ms]
      [Ref Proc: 0.1 ms]
      [Ref Enq: 0.0 ms]
      [Redirty Cards: 0.1 ms]
      [Humongous Register: 0.1 ms]
      [Humongous Reclaim: 0.0 ms]
      [Free CSet: 0.1 ms]
   [Eden: 44.0M(44.0M)->0.0B(74.0M) Survivors: 7168.0K->7168.0K Heap: 407.4M(1024.0M)->364.1M(1024.0M)]
 [Times: user=0.05 sys=0.01, real=0.02 secs] 
2021-04-24T09:20:23.022+0800: 73456.714: [GC pause (G1 Evacuation Pause) (young) (initial-mark), 0.0268070 secs]
   [Parallel Time: 24.0 ms, GC Workers: 8]
      [GC Worker Start (ms): Min: 73456717.0, Avg: 73456717.4, Max: 73456718.2, Diff: 1.2]
      [Ext Root Scanning (ms): Min: 6.3, Avg: 10.1, Max: 16.0, Diff: 9.7, Sum: 81.1]
      [Update RS (ms): Min: 0.0, Avg: 2.1, Max: 6.8, Diff: 6.8, Sum: 16.5]
         [Processed Buffers: Min: 0, Avg: 6.2, Max: 21, Diff: 21, Sum: 50]
      [Scan RS (ms): Min: 0.0, Avg: 2.9, Max: 5.4, Diff: 5.4, Sum: 23.5]
      [Code Root Scanning (ms): Min: 0.0, Avg: 0.0, Max: 0.0, Diff: 0.0, Sum: 0.1]
      [Object Copy (ms): Min: 6.3, Avg: 6.8, Max: 7.2, Diff: 0.9, Sum: 54.6]
      [Termination (ms): Min: 0.0, Avg: 0.0, Max: 0.1, Diff: 0.1, Sum: 0.3]
         [Termination Attempts: Min: 1, Avg: 1.4, Max: 2, Diff: 1, Sum: 11]
      [GC Worker Other (ms): Min: 0.0, Avg: 0.0, Max: 0.1, Diff: 0.1, Sum: 0.4]
      [GC Worker Total (ms): Min: 21.1, Avg: 22.0, Max: 22.4, Diff: 1.3, Sum: 176.3]
      [GC Worker End (ms): Min: 73456739.4, Avg: 73456739.4, Max: 73456739.4, Diff: 0.1]
   [Code Root Fixup: 0.0 ms]
   [Code Root Purge: 0.0 ms]
   [Clear CT: 0.2 ms]
   [Other: 2.5 ms]
      [Choose CSet: 0.0 ms]
      [Ref Proc: 0.4 ms]
      [Ref Enq: 0.0 ms]
      [Redirty Cards: 0.2 ms]
      [Humongous Register: 0.0 ms]
      [Humongous Reclaim: 0.0 ms]
      [Free CSet: 0.3 ms]
   [Eden: 74.0M(74.0M)->0.0B(42.0M) Survivors: 7168.0K->9216.0K Heap: 438.1M(1024.0M)->366.1M(1024.0M)]
 [Times: user=0.08 sys=0.01, real=0.02 secs] 
2021-04-24T09:20:23.049+0800: 73456.741: [GC concurrent-root-region-scan-start]
2021-04-24T09:20:23.057+0800: 73456.750: [GC concurrent-root-region-scan-end, 0.0085435 secs]
2021-04-24T09:20:23.057+0800: 73456.750: [GC concurrent-mark-start]
2021-04-24T09:20:23.111+0800: 73456.803: [GC concurrent-mark-end, 0.0533393 secs]
2021-04-24T09:20:23.111+0800: 73456.804: [GC remark 2021-04-24T09:20:23.111+0800: 73456.804: [Finalize Marking, 0.0001610 secs] 2021-04-24T09:20:23.112+0800: 73456.804: [GC ref-proc, 0.0005732 secs] 2021-04-24T09:20:23.112+0800: 73456.805: [Unloading, 0.1596974 secs], 0.1655136 secs]
 [Times: user=0.03 sys=0.05, real=0.16 secs] 
2021-04-24T09:20:23.277+0800: 73456.970: [GC cleanup 366M->271M(1024M), 0.0364064 secs]
 [Times: user=0.01 sys=0.01, real=0.04 secs] 
2021-04-24T09:20:23.314+0800: 73457.007: [GC concurrent-cleanup-start]
2021-04-24T09:20:23.391+0800: 73457.084: [GC concurrent-cleanup-end, 0.0774102 secs]
2021-04-24T09:20:44.523+0800: 73478.216: [GC pause (G1 Evacuation Pause) (young), 0.0268000 secs]
   [Parallel Time: 25.2 ms, GC Workers: 8]
      [GC Worker Start (ms): Min: 73478216.6, Avg: 73478216.9, Max: 73478217.9, Diff: 1.4]
      [Ext Root Scanning (ms): Min: 0.1, Avg: 1.1, Max: 2.6, Diff: 2.5, Sum: 8.9]
      [Update RS (ms): Min: 2.4, Avg: 4.3, Max: 7.6, Diff: 5.2, Sum: 34.5]
         [Processed Buffers: Min: 0, Avg: 6.1, Max: 19, Diff: 19, Sum: 49]
      [Scan RS (ms): Min: 0.2, Avg: 3.5, Max: 5.8, Diff: 5.6, Sum: 28.3]
      [Code Root Scanning (ms): Min: 0.0, Avg: 0.0, Max: 0.1, Diff: 0.1, Sum: 0.1]
      [Object Copy (ms): Min: 14.4, Avg: 15.2, Max: 16.4, Diff: 1.9, Sum: 121.6]
      [Termination (ms): Min: 0.0, Avg: 0.5, Max: 0.7, Diff: 0.7, Sum: 4.0]
         [Termination Attempts: Min: 1, Avg: 3.2, Max: 8, Diff: 7, Sum: 26]
      [GC Worker Other (ms): Min: 0.0, Avg: 0.0, Max: 0.0, Diff: 0.0, Sum: 0.2]
      [GC Worker Total (ms): Min: 23.7, Avg: 24.7, Max: 25.0, Diff: 1.4, Sum: 197.6]
      [GC Worker End (ms): Min: 73478241.6, Avg: 73478241.6, Max: 73478241.6, Diff: 0.0]
   [Code Root Fixup: 0.0 ms]
   [Code Root Purge: 0.0 ms]
   [Clear CT: 0.1 ms]
   [Other: 1.5 ms]
      [Choose CSet: 0.0 ms]
      [Ref Proc: 0.3 ms]
      [Ref Enq: 0.0 ms]
      [Redirty Cards: 0.1 ms]
      [Humongous Register: 0.2 ms]
      [Humongous Reclaim: 0.0 ms]
      [Free CSet: 0.1 ms]
   [Eden: 42.0M(42.0M)->0.0B(44.0M) Survivors: 9216.0K->7168.0K Heap: 313.1M(1024.0M)->271.5M(1024.0M)]
 [Times: user=0.09 sys=0.03, real=0.03 secs] 
2021-04-24T09:21:06.548+0800: 73500.241: [GC pause (G1 Evacuation Pause) (mixed), 0.0268502 secs]
   [Parallel Time: 23.5 ms, GC Workers: 8]
      [GC Worker Start (ms): Min: 73500241.4, Avg: 73500242.2, Max: 73500245.1, Diff: 3.7]
      [Ext Root Scanning (ms): Min: 0.0, Avg: 2.4, Max: 5.7, Diff: 5.7, Sum: 19.2]
      [Update RS (ms): Min: 0.0, Avg: 0.8, Max: 1.9, Diff: 1.9, Sum: 6.2]
         [Processed Buffers: Min: 0, Avg: 5.8, Max: 19, Diff: 19, Sum: 46]
      [Scan RS (ms): Min: 6.7, Avg: 9.2, Max: 13.0, Diff: 6.3, Sum: 73.3]
      [Code Root Scanning (ms): Min: 0.0, Avg: 0.0, Max: 0.0, Diff: 0.0, Sum: 0.0]
      [Object Copy (ms): Min: 7.5, Avg: 10.3, Max: 13.1, Diff: 5.5, Sum: 82.3]
      [Termination (ms): Min: 0.0, Avg: 0.1, Max: 0.1, Diff: 0.1, Sum: 0.6]
         [Termination Attempts: Min: 1, Avg: 1.4, Max: 2, Diff: 1, Sum: 11]
      [GC Worker Other (ms): Min: 0.0, Avg: 0.0, Max: 0.0, Diff: 0.0, Sum: 0.2]
      [GC Worker Total (ms): Min: 19.8, Avg: 22.7, Max: 23.5, Diff: 3.7, Sum: 181.9]
      [GC Worker End (ms): Min: 73500264.9, Avg: 73500264.9, Max: 73500265.0, Diff: 0.0]
   [Code Root Fixup: 0.0 ms]
   [Code Root Purge: 0.0 ms]
   [Clear CT: 0.6 ms]
   [Other: 2.7 ms]
      [Choose CSet: 0.1 ms]
      [Ref Proc: 0.4 ms]
      [Ref Enq: 0.0 ms]
      [Redirty Cards: 0.1 ms]
      [Humongous Register: 0.1 ms]
      [Humongous Reclaim: 0.0 ms]
      [Free CSet: 1.6 ms]
   [Eden: 44.0M(44.0M)->0.0B(46.0M) Survivors: 7168.0K->5120.0K Heap: 315.5M(1024.0M)->253.6M(1024.0M)]
 [Times: user=0.06 sys=0.03, real=0.03 secs] 
2021-04-24T09:21:29.646+0800: 73523.339: [GC pause (G1 Evacuation Pause) (mixed), 0.0222413 secs]
   [Parallel Time: 20.1 ms, GC Workers: 8]
      [GC Worker Start (ms): Min: 73523339.6, Avg: 73523340.3, Max: 73523341.9, Diff: 2.3]
      [Ext Root Scanning (ms): Min: 0.0, Avg: 3.6, Max: 9.2, Diff: 9.2, Sum: 28.4]
      [Update RS (ms): Min: 0.0, Avg: 1.8, Max: 5.3, Diff: 5.3, Sum: 14.7]
         [Processed Buffers: Min: 0, Avg: 6.4, Max: 26, Diff: 26, Sum: 51]
      [Scan RS (ms): Min: 2.8, Avg: 6.3, Max: 10.6, Diff: 7.8, Sum: 50.0]
      [Code Root Scanning (ms): Min: 0.0, Avg: 0.0, Max: 0.2, Diff: 0.2, Sum: 0.3]
      [Object Copy (ms): Min: 0.0, Avg: 7.1, Max: 8.8, Diff: 8.7, Sum: 56.4]
      [Termination (ms): Min: 0.0, Avg: 0.5, Max: 0.7, Diff: 0.7, Sum: 4.3]
         [Termination Attempts: Min: 1, Avg: 6.1, Max: 14, Diff: 13, Sum: 49]
      [GC Worker Other (ms): Min: 0.0, Avg: 0.0, Max: 0.0, Diff: 0.0, Sum: 0.2]
      [GC Worker Total (ms): Min: 17.7, Avg: 19.3, Max: 20.0, Diff: 2.3, Sum: 154.4]
      [GC Worker End (ms): Min: 73523359.6, Avg: 73523359.6, Max: 73523359.6, Diff: 0.0]
   [Code Root Fixup: 0.0 ms]
   [Code Root Purge: 0.0 ms]
   [Clear CT: 0.1 ms]
   [Other: 2.0 ms]
      [Choose CSet: 0.1 ms]
      [Ref Proc: 0.7 ms]
      [Ref Enq: 0.0 ms]
      [Redirty Cards: 0.1 ms]
      [Humongous Register: 0.2 ms]
      [Humongous Reclaim: 0.0 ms]
      [Free CSet: 0.6 ms]
   [Eden: 46.0M(46.0M)->0.0B(44.0M) Survivors: 5120.0K->7168.0K Heap: 299.6M(1024.0M)->239.9M(1024.0M)]
 [Times: user=0.05 sys=0.01, real=0.02 secs] 
2021-04-24T09:21:51.709+0800: 73545.402: [GC pause (G1 Evacuation Pause) (mixed), 0.0231260 secs]
   [Parallel Time: 20.2 ms, GC Workers: 8]
      [GC Worker Start (ms): Min: 73545402.8, Avg: 73545402.9, Max: 73545403.0, Diff: 0.2]
      [Ext Root Scanning (ms): Min: 0.5, Avg: 1.0, Max: 2.6, Diff: 2.1, Sum: 7.6]
      [Update RS (ms): Min: 0.0, Avg: 1.4, Max: 2.6, Diff: 2.6, Sum: 11.3]
         [Processed Buffers: Min: 0, Avg: 5.8, Max: 19, Diff: 19, Sum: 46]
      [Scan RS (ms): Min: 3.3, Avg: 5.2, Max: 6.5, Diff: 3.3, Sum: 41.5]
      [Code Root Scanning (ms): Min: 0.0, Avg: 0.0, Max: 0.1, Diff: 0.1, Sum: 0.1]
      [Object Copy (ms): Min: 10.0, Avg: 12.2, Max: 15.8, Diff: 5.8, Sum: 97.2]
      [Termination (ms): Min: 0.0, Avg: 0.3, Max: 0.3, Diff: 0.3, Sum: 2.1]
         [Termination Attempts: Min: 1, Avg: 1.5, Max: 3, Diff: 2, Sum: 12]
      [GC Worker Other (ms): Min: 0.0, Avg: 0.0, Max: 0.0, Diff: 0.0, Sum: 0.1]
      [GC Worker Total (ms): Min: 19.9, Avg: 20.0, Max: 20.1, Diff: 0.2, Sum: 160.0]
      [GC Worker End (ms): Min: 73545422.8, Avg: 73545422.9, Max: 73545422.9, Diff: 0.0]
   [Code Root Fixup: 0.0 ms]
   [Code Root Purge: 0.0 ms]
   [Clear CT: 0.2 ms]
   [Other: 2.7 ms]
      [Choose CSet: 0.1 ms]
      [Ref Proc: 0.5 ms]
      [Ref Enq: 0.0 ms]
      [Redirty Cards: 0.1 ms]
      [Humongous Register: 0.1 ms]
      [Humongous Reclaim: 0.0 ms]
      [Free CSet: 1.0 ms]
   [Eden: 44.0M(44.0M)->0.0B(44.0M) Survivors: 7168.0K->7168.0K Heap: 283.9M(1024.0M)->223.5M(1024.0M)]
 [Times: user=0.06 sys=0.01, real=0.04 secs] 
2021-04-24T09:22:13.728+0800: 73567.421: [GC pause (G1 Evacuation Pause) (mixed), 0.0216538 secs]
   [Parallel Time: 19.0 ms, GC Workers: 8]
      [GC Worker Start (ms): Min: 73567421.4, Avg: 73567421.6, Max: 73567422.0, Diff: 0.6]
      [Ext Root Scanning (ms): Min: 0.1, Avg: 1.3, Max: 3.6, Diff: 3.5, Sum: 10.0]
      [Update RS (ms): Min: 0.0, Avg: 1.9, Max: 5.0, Diff: 4.9, Sum: 15.3]
         [Processed Buffers: Min: 0, Avg: 6.4, Max: 26, Diff: 26, Sum: 51]
      [Scan RS (ms): Min: 0.7, Avg: 2.8, Max: 4.2, Diff: 3.5, Sum: 22.4]
      [Code Root Scanning (ms): Min: 0.0, Avg: 0.9, Max: 6.2, Diff: 6.2, Sum: 7.4]
      [Object Copy (ms): Min: 8.8, Avg: 11.7, Max: 13.3, Diff: 4.4, Sum: 93.4]
      [Termination (ms): Min: 0.0, Avg: 0.1, Max: 0.2, Diff: 0.2, Sum: 1.0]
         [Termination Attempts: Min: 1, Avg: 3.2, Max: 7, Diff: 6, Sum: 26]
      [GC Worker Other (ms): Min: 0.0, Avg: 0.0, Max: 0.0, Diff: 0.0, Sum: 0.1]
      [GC Worker Total (ms): Min: 18.2, Avg: 18.7, Max: 19.0, Diff: 0.8, Sum: 149.5]
      [GC Worker End (ms): Min: 73567440.2, Avg: 73567440.3, Max: 73567440.4, Diff: 0.2]
   [Code Root Fixup: 0.0 ms]
   [Code Root Purge: 0.0 ms]
   [Clear CT: 0.2 ms]
   [Other: 2.4 ms]
      [Choose CSet: 0.1 ms]
      [Ref Proc: 0.3 ms]
      [Ref Enq: 0.0 ms]
      [Redirty Cards: 0.1 ms]
      [Humongous Register: 0.1 ms]
      [Humongous Reclaim: 0.0 ms]
      [Free CSet: 1.4 ms]
   [Eden: 44.0M(44.0M)->0.0B(46.0M) Survivors: 7168.0K->5120.0K Heap: 267.5M(1024.0M)->205.9M(1024.0M)]
 [Times: user=0.06 sys=0.01, real=0.03 secs] 
2021-04-24T09:22:36.957+0800: 73590.651: [GC pause (G1 Evacuation Pause) (mixed), 0.0185014 secs]
   [Parallel Time: 16.5 ms, GC Workers: 8]
      [GC Worker Start (ms): Min: 73590651.5, Avg: 73590651.7, Max: 73590652.0, Diff: 0.5]
      [Ext Root Scanning (ms): Min: 0.7, Avg: 3.6, Max: 12.5, Diff: 11.8, Sum: 29.1]
      [Update RS (ms): Min: 0.0, Avg: 1.3, Max: 3.1, Diff: 3.1, Sum: 10.7]
         [Processed Buffers: Min: 0, Avg: 6.5, Max: 24, Diff: 24, Sum: 52]
      [Scan RS (ms): Min: 0.1, Avg: 5.6, Max: 9.1, Diff: 9.1, Sum: 44.7]
      [Code Root Scanning (ms): Min: 0.0, Avg: 0.0, Max: 0.0, Diff: 0.0, Sum: 0.0]
      [Object Copy (ms): Min: 3.0, Avg: 5.7, Max: 11.1, Diff: 8.1, Sum: 45.5]
      [Termination (ms): Min: 0.0, Avg: 0.0, Max: 0.0, Diff: 0.0, Sum: 0.0]
         [Termination Attempts: Min: 1, Avg: 2.4, Max: 4, Diff: 3, Sum: 19]
      [GC Worker Other (ms): Min: 0.0, Avg: 0.0, Max: 0.0, Diff: 0.0, Sum: 0.2]
      [GC Worker Total (ms): Min: 16.0, Avg: 16.3, Max: 16.4, Diff: 0.4, Sum: 130.2]
      [GC Worker End (ms): Min: 73590668.0, Avg: 73590668.0, Max: 73590668.0, Diff: 0.0]
   [Code Root Fixup: 0.0 ms]
   [Code Root Purge: 0.0 ms]
   [Clear CT: 0.1 ms]
   [Other: 1.8 ms]
      [Choose CSet: 0.2 ms]
      [Ref Proc: 0.3 ms]
      [Ref Enq: 0.0 ms]
      [Redirty Cards: 0.1 ms]
      [Humongous Register: 0.4 ms]
      [Humongous Reclaim: 0.0 ms]
      [Free CSet: 0.2 ms]
   [Eden: 46.0M(46.0M)->0.0B(46.0M) Survivors: 5120.0K->7168.0K Heap: 251.9M(1024.0M)->204.3M(1024.0M)]
 [Times: user=0.06 sys=0.01, real=0.02 secs] 
2021-04-24T09:22:59.761+0800: 73613.478: [GC pause (G1 Evacuation Pause) (young), 0.0224553 secs]
   [Parallel Time: 20.2 ms, GC Workers: 8]
      [GC Worker Start (ms): Min: 73613478.0, Avg: 73613479.1, Max: 73613483.9, Diff: 5.9]
      [Ext Root Scanning (ms): Min: 0.0, Avg: 0.5, Max: 1.5, Diff: 1.5, Sum: 4.3]
      [Update RS (ms): Min: 0.0, Avg: 2.7, Max: 5.3, Diff: 5.3, Sum: 21.6]
         [Processed Buffers: Min: 0, Avg: 5.4, Max: 14, Diff: 14, Sum: 43]
      [Scan RS (ms): Min: 0.3, Avg: 2.9, Max: 4.9, Diff: 4.6, Sum: 22.9]
      [Code Root Scanning (ms): Min: 0.0, Avg: 0.0, Max: 0.0, Diff: 0.0, Sum: 0.0]
      [Object Copy (ms): Min: 11.2, Avg: 12.7, Max: 18.9, Diff: 7.7, Sum: 101.5]
      [Termination (ms): Min: 0.0, Avg: 0.1, Max: 0.1, Diff: 0.1, Sum: 0.5]
         [Termination Attempts: Min: 1, Avg: 6.6, Max: 15, Diff: 14, Sum: 53]
      [GC Worker Other (ms): Min: 0.0, Avg: 0.0, Max: 0.0, Diff: 0.0, Sum: 0.2]
      [GC Worker Total (ms): Min: 14.1, Avg: 18.9, Max: 20.0, Diff: 5.9, Sum: 151.0]
      [GC Worker End (ms): Min: 73613497.9, Avg: 73613498.0, Max: 73613498.0, Diff: 0.1]
   [Code Root Fixup: 0.0 ms]
   [Code Root Purge: 0.0 ms]
   [Clear CT: 0.2 ms]
   [Other: 2.1 ms]
      [Choose CSet: 0.0 ms]
      [Ref Proc: 0.4 ms]
      [Ref Enq: 0.0 ms]
      [Redirty Cards: 0.2 ms]
      [Humongous Register: 0.1 ms]
      [Humongous Reclaim: 0.0 ms]
      [Free CSet: 0.1 ms]
   [Eden: 46.0M(46.0M)->0.0B(48.0M) Survivors: 7168.0K->6144.0K Heap: 250.3M(1024.0M)->205.0M(1024.0M)]
 [Times: user=0.07 sys=0.02, real=0.02 secs] 
2021-04-24T09:23:23.976+0800: 73637.699: [GC pause (G1 Evacuation Pause) (young), 0.0177272 secs]
   [Parallel Time: 16.4 ms, GC Workers: 8]
      [GC Worker Start (ms): Min: 73637699.5, Avg: 73637701.5, Max: 73637709.5, Diff: 10.0]
      [Ext Root Scanning (ms): Min: 0.0, Avg: 1.7, Max: 9.0, Diff: 8.9, Sum: 13.9]
      [Update RS (ms): Min: 0.0, Avg: 2.6, Max: 7.4, Diff: 7.4, Sum: 20.5]
         [Processed Buffers: Min: 0, Avg: 6.5, Max: 28, Diff: 28, Sum: 52]
      [Scan RS (ms): Min: 0.0, Avg: 3.8, Max: 6.6, Diff: 6.6, Sum: 30.1]
      [Code Root Scanning (ms): Min: 0.0, Avg: 0.0, Max: 0.0, Diff: 0.0, Sum: 0.0]
      [Object Copy (ms): Min: 2.4, Avg: 5.7, Max: 13.6, Diff: 11.3, Sum: 45.5]
      [Termination (ms): Min: 0.0, Avg: 0.0, Max: 0.1, Diff: 0.1, Sum: 0.3]
         [Termination Attempts: Min: 1, Avg: 87.4, Max: 114, Diff: 113, Sum: 699]
      [GC Worker Other (ms): Min: 0.0, Avg: 0.5, Max: 3.9, Diff: 3.9, Sum: 4.1]
      [GC Worker Total (ms): Min: 6.3, Avg: 14.3, Max: 16.3, Diff: 10.0, Sum: 114.4]
      [GC Worker End (ms): Min: 73637715.8, Avg: 73637715.8, Max: 73637715.8, Diff: 0.0]
   [Code Root Fixup: 0.0 ms]
   [Code Root Purge: 0.0 ms]
   [Clear CT: 0.1 ms]
   [Other: 1.2 ms]
      [Choose CSet: 0.0 ms]
      [Ref Proc: 0.2 ms]
      [Ref Enq: 0.0 ms]
      [Redirty Cards: 0.1 ms]
      [Humongous Register: 0.3 ms]
      [Humongous Reclaim: 0.0 ms]
      [Free CSet: 0.1 ms]
   [Eden: 48.0M(48.0M)->0.0B(93.0M) Survivors: 6144.0K->5120.0K Heap: 253.0M(1024.0M)->203.4M(1024.0M)]
 [Times: user=0.07 sys=0.01, real=0.02 secs] 
2021-04-24T09:24:10.889+0800: 73684.614: [GC pause (G1 Evacuation Pause) (young), 0.0212407 secs]
   [Parallel Time: 20.0 ms, GC Workers: 8]
      [GC Worker Start (ms): Min: 73684614.5, Avg: 73684615.2, Max: 73684619.5, Diff: 5.0]
      [Ext Root Scanning (ms): Min: 0.0, Avg: 2.4, Max: 7.9, Diff: 7.9, Sum: 19.4]
      [Update RS (ms): Min: 0.0, Avg: 1.3, Max: 3.2, Diff: 3.2, Sum: 10.6]
         [Processed Buffers: Min: 0, Avg: 6.0, Max: 18, Diff: 18, Sum: 48]
      [Scan RS (ms): Min: 0.0, Avg: 3.5, Max: 5.0, Diff: 4.9, Sum: 28.3]
      [Code Root Scanning (ms): Min: 0.0, Avg: 0.0, Max: 0.0, Diff: 0.0, Sum: 0.0]
      [Object Copy (ms): Min: 11.2, Avg: 11.8, Max: 12.2, Diff: 1.0, Sum: 94.4]
      [Termination (ms): Min: 0.0, Avg: 0.1, Max: 0.2, Diff: 0.2, Sum: 1.0]
         [Termination Attempts: Min: 1, Avg: 33.2, Max: 55, Diff: 54, Sum: 266]
      [GC Worker Other (ms): Min: 0.0, Avg: 0.0, Max: 0.0, Diff: 0.0, Sum: 0.1]
      [GC Worker Total (ms): Min: 14.9, Avg: 19.2, Max: 19.9, Diff: 5.0, Sum: 153.8]
      [GC Worker End (ms): Min: 73684634.4, Avg: 73684634.5, Max: 73684634.5, Diff: 0.0]
   [Code Root Fixup: 0.0 ms]
   [Code Root Purge: 0.0 ms]
   [Clear CT: 0.1 ms]
   [Other: 1.1 ms]
      [Choose CSet: 0.0 ms]
      [Ref Proc: 0.4 ms]
      [Ref Enq: 0.0 ms]
      [Redirty Cards: 0.1 ms]
      [Humongous Register: 0.1 ms]
      [Humongous Reclaim: 0.0 ms]
      [Free CSet: 0.1 ms]
   [Eden: 93.0M(93.0M)->0.0B(66.0M) Survivors: 5120.0K->7168.0K Heap: 296.4M(1024.0M)->205.4M(1024.0M)]
 [Times: user=0.07 sys=0.01, real=0.03 secs] 
2021-04-24T09:24:43.829+0800: 73717.555: [GC pause (G1 Evacuation Pause) (young), 0.0157225 secs]
   [Parallel Time: 14.7 ms, GC Workers: 8]
      [GC Worker Start (ms): Min: 73717555.6, Avg: 73717555.9, Max: 73717556.5, Diff: 0.9]
      [Ext Root Scanning (ms): Min: 0.0, Avg: 1.8, Max: 5.8, Diff: 5.8, Sum: 14.0]
      [Update RS (ms): Min: 0.0, Avg: 1.0, Max: 2.1, Diff: 2.1, Sum: 8.0]
         [Processed Buffers: Min: 0, Avg: 6.1, Max: 21, Diff: 21, Sum: 49]
      [Scan RS (ms): Min: 0.0, Avg: 1.6, Max: 3.7, Diff: 3.7, Sum: 12.8]
      [Code Root Scanning (ms): Min: 0.0, Avg: 0.0, Max: 0.0, Diff: 0.0, Sum: 0.0]
      [Object Copy (ms): Min: 7.9, Avg: 10.0, Max: 13.7, Diff: 5.8, Sum: 79.8]
      [Termination (ms): Min: 0.0, Avg: 0.0, Max: 0.0, Diff: 0.0, Sum: 0.0]
         [Termination Attempts: Min: 1, Avg: 2.2, Max: 5, Diff: 4, Sum: 18]
      [GC Worker Other (ms): Min: 0.0, Avg: 0.0, Max: 0.1, Diff: 0.1, Sum: 0.4]
      [GC Worker Total (ms): Min: 13.7, Avg: 14.4, Max: 14.6, Diff: 0.9, Sum: 115.0]
      [GC Worker End (ms): Min: 73717570.2, Avg: 73717570.2, Max: 73717570.3, Diff: 0.0]
   [Code Root Fixup: 0.0 ms]
   [Code Root Purge: 0.0 ms]
   [Clear CT: 0.1 ms]
   [Other: 0.9 ms]
      [Choose CSet: 0.0 ms]
      [Ref Proc: 0.2 ms]
      [Ref Enq: 0.0 ms]
      [Redirty Cards: 0.1 ms]
      [Humongous Register: 0.1 ms]
      [Humongous Reclaim: 0.0 ms]
      [Free CSet: 0.1 ms]
   [Eden: 66.0M(66.0M)->0.0B(107.0M) Survivors: 7168.0K->7168.0K Heap: 271.4M(1024.0M)->206.1M(1024.0M)]
 [Times: user=0.06 sys=0.00, real=0.02 secs] 
2021-04-24T09:25:37.968+0800: 73771.695: [GC pause (G1 Evacuation Pause) (young), 0.0310700 secs]
   [Parallel Time: 29.0 ms, GC Workers: 8]
      [GC Worker Start (ms): Min: 73771695.6, Avg: 73771696.9, Max: 73771704.1, Diff: 8.5]
      [Ext Root Scanning (ms): Min: 0.0, Avg: 3.8, Max: 9.8, Diff: 9.8, Sum: 30.7]
      [Update RS (ms): Min: 0.0, Avg: 1.9, Max: 4.2, Diff: 4.2, Sum: 15.1]
         [Processed Buffers: Min: 0, Avg: 5.5, Max: 26, Diff: 26, Sum: 44]
      [Scan RS (ms): Min: 0.0, Avg: 2.0, Max: 4.2, Diff: 4.2, Sum: 16.2]
      [Code Root Scanning (ms): Min: 0.0, Avg: 0.0, Max: 0.0, Diff: 0.0, Sum: 0.0]
      [Object Copy (ms): Min: 18.8, Avg: 19.7, Max: 20.4, Diff: 1.6, Sum: 158.0]
      [Termination (ms): Min: 0.0, Avg: 0.1, Max: 0.1, Diff: 0.1, Sum: 0.4]
         [Termination Attempts: Min: 1, Avg: 1.1, Max: 2, Diff: 1, Sum: 9]
      [GC Worker Other (ms): Min: 0.0, Avg: 0.0, Max: 0.0, Diff: 0.0, Sum: 0.2]
      [GC Worker Total (ms): Min: 20.4, Avg: 27.6, Max: 28.9, Diff: 8.5, Sum: 220.6]
      [GC Worker End (ms): Min: 73771724.5, Avg: 73771724.5, Max: 73771724.5, Diff: 0.1]
   [Code Root Fixup: 0.0 ms]
   [Code Root Purge: 0.0 ms]
   [Clear CT: 0.2 ms]
   [Other: 1.9 ms]
      [Choose CSet: 0.0 ms]
      [Ref Proc: 0.8 ms]
      [Ref Enq: 0.0 ms]
      [Redirty Cards: 0.1 ms]
      [Humongous Register: 0.3 ms]
      [Humongous Reclaim: 0.0 ms]
      [Free CSet: 0.1 ms]
   [Eden: 107.0M(107.0M)->0.0B(42.0M) Survivors: 7168.0K->9216.0K Heap: 313.1M(1024.0M)->207.6M(1024.0M)]
 [Times: user=0.09 sys=0.02, real=0.04 secs] 
2021-04-24T09:25:59.069+0800: 73792.795: [GC pause (G1 Evacuation Pause) (young), 0.0667359 secs]
   [Parallel Time: 65.8 ms, GC Workers: 8]
      [GC Worker Start (ms): Min: 73792795.8, Avg: 73792796.6, Max: 73792800.5, Diff: 4.8]
      [Ext Root Scanning (ms): Min: 0.0, Avg: 2.2, Max: 6.6, Diff: 6.5, Sum: 17.5]
      [Update RS (ms): Min: 0.0, Avg: 1.3, Max: 2.9, Diff: 2.9, Sum: 10.5]
         [Processed Buffers: Min: 0, Avg: 6.6, Max: 17, Diff: 17, Sum: 53]
      [Scan RS (ms): Min: 0.2, Avg: 2.2, Max: 3.8, Diff: 3.6, Sum: 17.6]
      [Code Root Scanning (ms): Min: 0.0, Avg: 0.0, Max: 0.0, Diff: 0.0, Sum: 0.0]
      [Object Copy (ms): Min: 58.2, Avg: 59.2, Max: 64.5, Diff: 6.3, Sum: 473.3]
      [Termination (ms): Min: 0.0, Avg: 0.1, Max: 0.1, Diff: 0.1, Sum: 0.4]
         [Termination Attempts: Min: 1, Avg: 2.5, Max: 5, Diff: 4, Sum: 20]
      [GC Worker Other (ms): Min: 0.0, Avg: 0.0, Max: 0.0, Diff: 0.0, Sum: 0.2]
      [GC Worker Total (ms): Min: 61.0, Avg: 64.9, Max: 65.7, Diff: 4.7, Sum: 519.6]
      [GC Worker End (ms): Min: 73792861.5, Avg: 73792861.5, Max: 73792861.5, Diff: 0.0]
   [Code Root Fixup: 0.0 ms]
   [Code Root Purge: 0.0 ms]
   [Clear CT: 0.1 ms]
   [Other: 0.8 ms]
      [Choose CSet: 0.0 ms]
      [Ref Proc: 0.2 ms]
      [Ref Enq: 0.0 ms]
      [Redirty Cards: 0.1 ms]
      [Humongous Register: 0.1 ms]
      [Humongous Reclaim: 0.0 ms]
      [Free CSet: 0.1 ms]
   [Eden: 42.0M(42.0M)->0.0B(45.0M) Survivors: 9216.0K->6144.0K Heap: 249.6M(1024.0M)->208.6M(1024.0M)]
 [Times: user=0.07 sys=0.03, real=0.07 secs] 
2021-04-24T09:26:21.606+0800: 73815.333: [GC pause (G1 Evacuation Pause) (young), 0.0211643 secs]
   [Parallel Time: 19.2 ms, GC Workers: 8]
      [GC Worker Start (ms): Min: 73815333.4, Avg: 73815333.7, Max: 73815334.0, Diff: 0.5]
      [Ext Root Scanning (ms): Min: 0.4, Avg: 2.8, Max: 8.9, Diff: 8.5, Sum: 22.5]
      [Update RS (ms): Min: 0.0, Avg: 3.3, Max: 5.8, Diff: 5.8, Sum: 26.0]
         [Processed Buffers: Min: 0, Avg: 7.1, Max: 18, Diff: 18, Sum: 57]
      [Scan RS (ms): Min: 0.0, Avg: 2.1, Max: 3.8, Diff: 3.8, Sum: 16.9]
      [Code Root Scanning (ms): Min: 0.0, Avg: 0.0, Max: 0.0, Diff: 0.0, Sum: 0.0]
      [Object Copy (ms): Min: 10.0, Avg: 10.6, Max: 11.1, Diff: 1.1, Sum: 85.1]
      [Termination (ms): Min: 0.0, Avg: 0.1, Max: 0.1, Diff: 0.1, Sum: 0.5]
         [Termination Attempts: Min: 1, Avg: 1.0, Max: 1, Diff: 0, Sum: 8]
      [GC Worker Other (ms): Min: 0.0, Avg: 0.0, Max: 0.0, Diff: 0.0, Sum: 0.1]
      [GC Worker Total (ms): Min: 18.6, Avg: 18.9, Max: 19.1, Diff: 0.6, Sum: 151.2]
      [GC Worker End (ms): Min: 73815352.5, Avg: 73815352.6, Max: 73815352.6, Diff: 0.0]
   [Code Root Fixup: 0.0 ms]
   [Code Root Purge: 0.0 ms]
   [Clear CT: 0.1 ms]
   [Other: 1.8 ms]
      [Choose CSet: 0.0 ms]
      [Ref Proc: 0.3 ms]
      [Ref Enq: 0.0 ms]
      [Redirty Cards: 0.1 ms]
      [Humongous Register: 0.1 ms]
      [Humongous Reclaim: 0.0 ms]
      [Free CSet: 0.1 ms]
   [Eden: 45.0M(45.0M)->0.0B(45.0M) Survivors: 6144.0K->6144.0K Heap: 253.6M(1024.0M)->212.7M(1024.0M)]
 [Times: user=0.06 sys=0.01, real=0.02 secs] 
2021-04-24T09:26:44.278+0800: 73838.005: [GC pause (G1 Evacuation Pause) (young), 0.0174658 secs]
   [Parallel Time: 16.2 ms, GC Workers: 8]
      [GC Worker Start (ms): Min: 73838005.8, Avg: 73838006.3, Max: 73838007.9, Diff: 2.1]
      [Ext Root Scanning (ms): Min: 0.0, Avg: 3.7, Max: 15.6, Diff: 15.6, Sum: 29.3]
      [Update RS (ms): Min: 0.0, Avg: 1.7, Max: 3.9, Diff: 3.9, Sum: 14.0]
         [Processed Buffers: Min: 0, Avg: 6.2, Max: 17, Diff: 17, Sum: 50]
      [Scan RS (ms): Min: 0.0, Avg: 1.7, Max: 2.6, Diff: 2.6, Sum: 13.8]
      [Code Root Scanning (ms): Min: 0.0, Avg: 0.0, Max: 0.0, Diff: 0.0, Sum: 0.0]
      [Object Copy (ms): Min: 0.3, Avg: 8.4, Max: 9.7, Diff: 9.4, Sum: 67.0]
      [Termination (ms): Min: 0.0, Avg: 0.0, Max: 0.1, Diff: 0.1, Sum: 0.4]
         [Termination Attempts: Min: 1, Avg: 13.4, Max: 25, Diff: 24, Sum: 107]
      [GC Worker Other (ms): Min: 0.0, Avg: 0.0, Max: 0.1, Diff: 0.1, Sum: 0.3]
      [GC Worker Total (ms): Min: 14.0, Avg: 15.6, Max: 16.1, Diff: 2.1, Sum: 124.8]
      [GC Worker End (ms): Min: 73838021.8, Avg: 73838021.9, Max: 73838021.9, Diff: 0.1]
   [Code Root Fixup: 0.0 ms]
   [Code Root Purge: 0.0 ms]
   [Clear CT: 0.1 ms]
   [Other: 1.1 ms]
      [Choose CSet: 0.0 ms]
      [Ref Proc: 0.3 ms]
      [Ref Enq: 0.0 ms]
      [Redirty Cards: 0.1 ms]
      [Humongous Register: 0.2 ms]
      [Humongous Reclaim: 0.0 ms]
      [Free CSet: 0.1 ms]
   [Eden: 45.0M(45.0M)->0.0B(44.0M) Survivors: 6144.0K->7168.0K Heap: 257.7M(1024.0M)->213.5M(1024.0M)]
 [Times: user=0.06 sys=0.00, real=0.02 secs] 
2021-04-24T09:27:06.458+0800: 73860.186: [GC pause (G1 Evacuation Pause) (young), 0.0218977 secs]
   [Parallel Time: 19.9 ms, GC Workers: 8]
      [GC Worker Start (ms): Min: 73860186.1, Avg: 73860188.2, Max: 73860192.9, Diff: 6.8]
      [Ext Root Scanning (ms): Min: 0.0, Avg: 2.2, Max: 7.5, Diff: 7.5, Sum: 17.3]
      [Update RS (ms): Min: 0.0, Avg: 1.4, Max: 3.3, Diff: 3.3, Sum: 11.3]
         [Processed Buffers: Min: 0, Avg: 5.5, Max: 14, Diff: 14, Sum: 44]
      [Scan RS (ms): Min: 0.1, Avg: 1.9, Max: 3.6, Diff: 3.5, Sum: 15.3]
      [Code Root Scanning (ms): Min: 0.0, Avg: 0.0, Max: 0.0, Diff: 0.0, Sum: 0.0]
      [Object Copy (ms): Min: 11.5, Avg: 12.0, Max: 12.5, Diff: 1.0, Sum: 96.3]
      [Termination (ms): Min: 0.0, Avg: 0.0, Max: 0.0, Diff: 0.0, Sum: 0.2]
         [Termination Attempts: Min: 1, Avg: 9.0, Max: 19, Diff: 18, Sum: 72]
      [GC Worker Other (ms): Min: 0.0, Avg: 0.0, Max: 0.1, Diff: 0.0, Sum: 0.4]
      [GC Worker Total (ms): Min: 13.0, Avg: 17.6, Max: 19.7, Diff: 6.8, Sum: 140.8]
      [GC Worker End (ms): Min: 73860205.8, Avg: 73860205.8, Max: 73860205.9, Diff: 0.1]
   [Code Root Fixup: 0.0 ms]
   [Code Root Purge: 0.0 ms]
   [Clear CT: 0.1 ms]
   [Other: 1.9 ms]
      [Choose CSet: 0.0 ms]
      [Ref Proc: 0.4 ms]
      [Ref Enq: 0.0 ms]
      [Redirty Cards: 0.1 ms]
      [Humongous Register: 0.2 ms]
      [Humongous Reclaim: 0.0 ms]
      [Free CSet: 0.1 ms]
   [Eden: 44.0M(44.0M)->0.0B(44.0M) Survivors: 7168.0K->7168.0K Heap: 257.5M(1024.0M)->214.6M(1024.0M)]
 [Times: user=0.07 sys=0.01, real=0.03 secs] 
2021-04-24T09:27:28.715+0800: 73882.443: [GC pause (G1 Evacuation Pause) (young), 0.0181304 secs]
   [Parallel Time: 16.3 ms, GC Workers: 8]
      [GC Worker Start (ms): Min: 73882443.8, Avg: 73882445.4, Max: 73882449.8, Diff: 6.0]
      [Ext Root Scanning (ms): Min: 0.0, Avg: 1.3, Max: 5.5, Diff: 5.5, Sum: 10.6]
      [Update RS (ms): Min: 0.0, Avg: 2.4, Max: 4.7, Diff: 4.7, Sum: 19.4]
         [Processed Buffers: Min: 0, Avg: 6.2, Max: 18, Diff: 18, Sum: 50]
      [Scan RS (ms): Min: 0.9, Avg: 1.8, Max: 2.5, Diff: 1.7, Sum: 14.3]
      [Code Root Scanning (ms): Min: 0.0, Avg: 0.0, Max: 0.0, Diff: 0.0, Sum: 0.0]
      [Object Copy (ms): Min: 8.8, Avg: 8.9, Max: 9.0, Diff: 0.2, Sum: 71.3]
      [Termination (ms): Min: 0.0, Avg: 0.1, Max: 0.2, Diff: 0.2, Sum: 0.7]
         [Termination Attempts: Min: 1, Avg: 3.0, Max: 9, Diff: 8, Sum: 24]
      [GC Worker Other (ms): Min: 0.0, Avg: 0.0, Max: 0.0, Diff: 0.0, Sum: 0.1]
      [GC Worker Total (ms): Min: 10.2, Avg: 14.6, Max: 16.1, Diff: 5.9, Sum: 116.5]
      [GC Worker End (ms): Min: 73882459.9, Avg: 73882460.0, Max: 73882460.0, Diff: 0.1]
   [Code Root Fixup: 0.0 ms]
   [Code Root Purge: 0.0 ms]
   [Clear CT: 0.1 ms]
   [Other: 1.7 ms]
      [Choose CSet: 0.0 ms]
      [Ref Proc: 0.2 ms]
      [Ref Enq: 0.0 ms]
      [Redirty Cards: 0.1 ms]
      [Humongous Register: 0.1 ms]
      [Humongous Reclaim: 0.0 ms]
      [Free CSet: 0.1 ms]
   [Eden: 44.0M(44.0M)->0.0B(45.0M) Survivors: 7168.0K->6144.0K Heap: 258.6M(1024.0M)->214.7M(1024.0M)]
 [Times: user=0.05 sys=0.01, real=0.04 secs] 
2021-04-24T09:27:51.296+0800: 73905.024: [GC pause (G1 Evacuation Pause) (young), 0.0148303 secs]
   [Parallel Time: 14.0 ms, GC Workers: 8]
      [GC Worker Start (ms): Min: 73905024.5, Avg: 73905026.7, Max: 73905037.0, Diff: 12.4]
      [Ext Root Scanning (ms): Min: 0.0, Avg: 2.2, Max: 12.3, Diff: 12.3, Sum: 17.4]
      [Update RS (ms): Min: 0.0, Avg: 1.7, Max: 3.3, Diff: 3.3, Sum: 13.6]
         [Processed Buffers: Min: 0, Avg: 6.1, Max: 23, Diff: 23, Sum: 49]
      [Scan RS (ms): Min: 0.0, Avg: 2.0, Max: 4.3, Diff: 4.3, Sum: 15.6]
      [Code Root Scanning (ms): Min: 0.0, Avg: 0.0, Max: 0.0, Diff: 0.0, Sum: 0.0]
      [Object Copy (ms): Min: 1.3, Avg: 5.7, Max: 8.1, Diff: 6.8, Sum: 45.8]
      [Termination (ms): Min: 0.0, Avg: 0.1, Max: 0.2, Diff: 0.2, Sum: 0.8]
         [Termination Attempts: Min: 1, Avg: 9.9, Max: 18, Diff: 17, Sum: 79]
      [GC Worker Other (ms): Min: 0.0, Avg: 0.0, Max: 0.0, Diff: 0.0, Sum: 0.1]
      [GC Worker Total (ms): Min: 1.4, Avg: 11.7, Max: 13.9, Diff: 12.6, Sum: 93.2]
      [GC Worker End (ms): Min: 73905038.3, Avg: 73905038.4, Max: 73905038.5, Diff: 0.1]
   [Code Root Fixup: 0.0 ms]
   [Code Root Purge: 0.0 ms]
   [Clear CT: 0.1 ms]
   [Other: 0.8 ms]
      [Choose CSet: 0.0 ms]
      [Ref Proc: 0.3 ms]
      [Ref Enq: 0.0 ms]
      [Redirty Cards: 0.0 ms]
      [Humongous Register: 0.1 ms]
      [Humongous Reclaim: 0.0 ms]
      [Free CSet: 0.0 ms]
   [Eden: 45.0M(45.0M)->0.0B(56.0M) Survivors: 6144.0K->6144.0K Heap: 259.7M(1024.0M)->214.7M(1024.0M)]
 [Times: user=0.05 sys=0.00, real=0.02 secs] 
2021-04-24T09:28:19.526+0800: 73933.255: [GC pause (G1 Evacuation Pause) (young), 0.0168545 secs]
   [Parallel Time: 16.0 ms, GC Workers: 8]
      [GC Worker Start (ms): Min: 73933255.5, Avg: 73933256.1, Max: 73933259.6, Diff: 4.1]
      [Ext Root Scanning (ms): Min: 0.0, Avg: 3.7, Max: 15.6, Diff: 15.6, Sum: 29.7]
      [Update RS (ms): Min: 0.0, Avg: 1.4, Max: 3.2, Diff: 3.2, Sum: 11.6]
         [Processed Buffers: Min: 0, Avg: 6.0, Max: 16, Diff: 16, Sum: 48]
      [Scan RS (ms): Min: 0.0, Avg: 2.0, Max: 3.9, Diff: 3.9, Sum: 15.8]
      [Code Root Scanning (ms): Min: 0.0, Avg: 0.0, Max: 0.0, Diff: 0.0, Sum: 0.0]
      [Object Copy (ms): Min: 0.0, Avg: 7.8, Max: 9.6, Diff: 9.5, Sum: 62.2]
      [Termination (ms): Min: 0.0, Avg: 0.4, Max: 0.5, Diff: 0.5, Sum: 2.9]
         [Termination Attempts: Min: 1, Avg: 5.6, Max: 13, Diff: 12, Sum: 45]
      [GC Worker Other (ms): Min: 0.0, Avg: 0.0, Max: 0.0, Diff: 0.0, Sum: 0.1]
      [GC Worker Total (ms): Min: 11.7, Avg: 15.3, Max: 15.9, Diff: 4.2, Sum: 122.2]
      [GC Worker End (ms): Min: 73933271.2, Avg: 73933271.4, Max: 73933271.4, Diff: 0.2]
   [Code Root Fixup: 0.0 ms]
   [Code Root Purge: 0.0 ms]
   [Clear CT: 0.1 ms]
   [Other: 0.8 ms]
      [Choose CSet: 0.0 ms]
      [Ref Proc: 0.2 ms]
      [Ref Enq: 0.0 ms]
      [Redirty Cards: 0.1 ms]
      [Humongous Register: 0.1 ms]
      [Humongous Reclaim: 0.0 ms]
      [Free CSet: 0.1 ms]
   [Eden: 56.0M(56.0M)->0.0B(102.0M) Survivors: 6144.0K->8192.0K Heap: 270.7M(1024.0M)->216.7M(1024.0M)]
 [Times: user=0.05 sys=0.01, real=0.02 secs] 
2021-04-24T09:29:10.817+0800: 73984.547: [GC pause (G1 Evacuation Pause) (young), 0.0159455 secs]
   [Parallel Time: 13.3 ms, GC Workers: 8]
      [GC Worker Start (ms): Min: 73984548.1, Avg: 73984548.2, Max: 73984548.3, Diff: 0.2]
      [Ext Root Scanning (ms): Min: 0.5, Avg: 1.8, Max: 5.1, Diff: 4.6, Sum: 14.0]
      [Update RS (ms): Min: 0.9, Avg: 3.6, Max: 4.5, Diff: 3.6, Sum: 29.0]
         [Processed Buffers: Min: 1, Avg: 6.0, Max: 21, Diff: 20, Sum: 48]
      [Scan RS (ms): Min: 0.3, Avg: 0.8, Max: 1.3, Diff: 1.0, Sum: 6.6]
      [Code Root Scanning (ms): Min: 0.0, Avg: 0.0, Max: 0.0, Diff: 0.0, Sum: 0.0]
      [Object Copy (ms): Min: 4.9, Avg: 5.2, Max: 5.4, Diff: 0.5, Sum: 41.7]
      [Termination (ms): Min: 0.0, Avg: 0.0, Max: 0.0, Diff: 0.0, Sum: 0.0]
         [Termination Attempts: Min: 1, Avg: 5.6, Max: 10, Diff: 9, Sum: 45]
      [GC Worker Other (ms): Min: 0.5, Avg: 1.3, Max: 1.8, Diff: 1.2, Sum: 10.5]
      [GC Worker Total (ms): Min: 12.3, Avg: 12.7, Max: 13.2, Diff: 0.9, Sum: 101.9]
      [GC Worker End (ms): Min: 73984560.6, Avg: 73984561.0, Max: 73984561.4, Diff: 0.8]
   [Code Root Fixup: 0.0 ms]
   [Code Root Purge: 0.0 ms]
   [Clear CT: 0.1 ms]
   [Other: 2.5 ms]
      [Choose CSet: 0.0 ms]
      [Ref Proc: 0.3 ms]
      [Ref Enq: 0.0 ms]
      [Redirty Cards: 0.1 ms]
      [Humongous Register: 1.0 ms]
      [Humongous Reclaim: 0.0 ms]
      [Free CSet: 0.4 ms]
   [Eden: 102.0M(102.0M)->0.0B(116.0M) Survivors: 8192.0K->9216.0K Heap: 318.7M(1024.0M)->218.1M(1024.0M)]
 [Times: user=0.06 sys=0.03, real=0.02 secs] 
2021-04-24T09:30:08.617+0800: 74042.348: [GC pause (G1 Evacuation Pause) (young), 0.0216217 secs]
   [Parallel Time: 19.8 ms, GC Workers: 8]
      [GC Worker Start (ms): Min: 74042348.4, Avg: 74042348.7, Max: 74042348.9, Diff: 0.5]
      [Ext Root Scanning (ms): Min: 0.3, Avg: 0.8, Max: 1.8, Diff: 1.5, Sum: 6.5]
      [Update RS (ms): Min: 0.0, Avg: 1.8, Max: 2.9, Diff: 2.9, Sum: 14.8]
         [Processed Buffers: Min: 0, Avg: 6.0, Max: 17, Diff: 17, Sum: 48]
      [Scan RS (ms): Min: 0.5, Avg: 1.2, Max: 1.6, Diff: 1.1, Sum: 9.9]
      [Code Root Scanning (ms): Min: 0.0, Avg: 0.0, Max: 0.2, Diff: 0.2, Sum: 0.2]
      [Object Copy (ms): Min: 13.8, Avg: 15.2, Max: 17.9, Diff: 4.1, Sum: 121.6]
      [Termination (ms): Min: 0.0, Avg: 0.3, Max: 0.4, Diff: 0.4, Sum: 2.5]
         [Termination Attempts: Min: 1, Avg: 2.4, Max: 4, Diff: 3, Sum: 19]
      [GC Worker Other (ms): Min: 0.0, Avg: 0.0, Max: 0.0, Diff: 0.0, Sum: 0.3]
      [GC Worker Total (ms): Min: 19.2, Avg: 19.5, Max: 19.7, Diff: 0.5, Sum: 155.8]
      [GC Worker End (ms): Min: 74042368.2, Avg: 74042368.2, Max: 74042368.2, Diff: 0.0]
   [Code Root Fixup: 0.0 ms]
   [Code Root Purge: 0.0 ms]
   [Clear CT: 0.1 ms]
   [Other: 1.6 ms]
      [Choose CSet: 0.0 ms]
      [Ref Proc: 0.6 ms]
      [Ref Enq: 0.0 ms]
      [Redirty Cards: 0.1 ms]
      [Humongous Register: 0.2 ms]
      [Humongous Reclaim: 0.0 ms]
      [Free CSet: 0.1 ms]
   [Eden: 116.0M(116.0M)->0.0B(97.0M) Survivors: 9216.0K->10.0M Heap: 334.1M(1024.0M)->219.3M(1024.0M)]
 [Times: user=0.08 sys=0.03, real=0.02 secs] 
2021-04-24T09:30:55.669+0800: 74089.400: [GC pause (G1 Evacuation Pause) (young), 0.0177065 secs]
   [Parallel Time: 16.2 ms, GC Workers: 8]
      [GC Worker Start (ms): Min: 74089401.0, Avg: 74089401.8, Max: 74089405.5, Diff: 4.5]
      [Ext Root Scanning (ms): Min: 0.0, Avg: 2.2, Max: 5.1, Diff: 5.1, Sum: 17.3]
      [Update RS (ms): Min: 0.0, Avg: 1.4, Max: 3.0, Diff: 3.0, Sum: 11.2]
         [Processed Buffers: Min: 0, Avg: 6.5, Max: 18, Diff: 18, Sum: 52]
      [Scan RS (ms): Min: 0.3, Avg: 1.7, Max: 2.3, Diff: 2.0, Sum: 13.3]
      [Code Root Scanning (ms): Min: 0.0, Avg: 0.3, Max: 1.9, Diff: 1.9, Sum: 2.4]
      [Object Copy (ms): Min: 9.3, Avg: 9.7, Max: 9.8, Diff: 0.5, Sum: 77.5]
      [Termination (ms): Min: 0.0, Avg: 0.0, Max: 0.1, Diff: 0.1, Sum: 0.3]
         [Termination Attempts: Min: 1, Avg: 7.0, Max: 15, Diff: 14, Sum: 56]
      [GC Worker Other (ms): Min: 0.0, Avg: 0.0, Max: 0.1, Diff: 0.1, Sum: 0.4]
      [GC Worker Total (ms): Min: 11.6, Avg: 15.3, Max: 16.0, Diff: 4.5, Sum: 122.4]
      [GC Worker End (ms): Min: 74089417.1, Avg: 74089417.1, Max: 74089417.1, Diff: 0.1]
   [Code Root Fixup: 0.1 ms]
   [Code Root Purge: 0.0 ms]
   [Clear CT: 0.1 ms]
   [Other: 1.3 ms]
      [Choose CSet: 0.0 ms]
      [Ref Proc: 0.2 ms]
      [Ref Enq: 0.0 ms]
      [Redirty Cards: 0.1 ms]
      [Humongous Register: 0.2 ms]
      [Humongous Reclaim: 0.0 ms]
      [Free CSet: 0.1 ms]
   [Eden: 97.0M(97.0M)->0.0B(90.0M) Survivors: 10.0M->11.0M Heap: 316.3M(1024.0M)->220.8M(1024.0M)]
 [Times: user=0.09 sys=0.00, real=0.02 secs] 
2021-04-24T09:31:15.188+0800: 74108.919: [GC pause (G1 Evacuation Pause) (young), 0.0564591 secs]
   [Parallel Time: 55.0 ms, GC Workers: 8]
      [GC Worker Start (ms): Min: 74108919.6, Avg: 74108919.7, Max: 74108919.9, Diff: 0.3]
      [Ext Root Scanning (ms): Min: 0.4, Avg: 0.8, Max: 1.6, Diff: 1.2, Sum: 6.4]
      [Update RS (ms): Min: 0.0, Avg: 2.4, Max: 5.0, Diff: 5.0, Sum: 19.0]
         [Processed Buffers: Min: 0, Avg: 6.2, Max: 17, Diff: 17, Sum: 50]
      [Scan RS (ms): Min: 0.0, Avg: 1.9, Max: 3.6, Diff: 3.6, Sum: 15.1]
      [Code Root Scanning (ms): Min: 0.0, Avg: 1.0, Max: 7.9, Diff: 7.9, Sum: 8.0]
      [Object Copy (ms): Min: 40.1, Avg: 48.6, Max: 53.9, Diff: 13.8, Sum: 389.1]
      [Termination (ms): Min: 0.0, Avg: 0.0, Max: 0.0, Diff: 0.0, Sum: 0.1]
         [Termination Attempts: Min: 1, Avg: 8.9, Max: 14, Diff: 13, Sum: 71]
      [GC Worker Other (ms): Min: 0.0, Avg: 0.0, Max: 0.0, Diff: 0.0, Sum: 0.2]
      [GC Worker Total (ms): Min: 54.5, Avg: 54.7, Max: 54.8, Diff: 0.3, Sum: 437.9]
      [GC Worker End (ms): Min: 74108974.4, Avg: 74108974.5, Max: 74108974.5, Diff: 0.0]
   [Code Root Fixup: 0.0 ms]
   [Code Root Purge: 0.0 ms]
   [Clear CT: 0.2 ms]
   [Other: 1.3 ms]
      [Choose CSet: 0.0 ms]
      [Ref Proc: 0.3 ms]
      [Ref Enq: 0.0 ms]
      [Redirty Cards: 0.2 ms]
      [Humongous Register: 0.1 ms]
      [Humongous Reclaim: 0.0 ms]
      [Free CSet: 0.1 ms]
   [Eden: 40.0M(40.0M)->0.0B(45.0M) Survivors: 11.0M->6144.0K Heap: 260.8M(1024.0M)->221.6M(1024.0M)]
 [Times: user=0.10 sys=0.05, real=0.06 secs] 
2021-04-24T09:31:37.449+0800: 74131.181: [GC pause (G1 Evacuation Pause) (young), 0.0261317 secs]
   [Parallel Time: 24.5 ms, GC Workers: 8]
      [GC Worker Start (ms): Min: 74131181.5, Avg: 74131181.9, Max: 74131182.5, Diff: 1.0]
      [Ext Root Scanning (ms): Min: 0.1, Avg: 1.2, Max: 4.7, Diff: 4.6, Sum: 10.0]
      [Update RS (ms): Min: 0.0, Avg: 5.0, Max: 7.7, Diff: 7.7, Sum: 39.8]
         [Processed Buffers: Min: 0, Avg: 6.9, Max: 23, Diff: 23, Sum: 55]
      [Scan RS (ms): Min: 0.1, Avg: 2.2, Max: 4.6, Diff: 4.5, Sum: 17.7]
      [Code Root Scanning (ms): Min: 0.0, Avg: 0.5, Max: 4.3, Diff: 4.3, Sum: 4.3]
      [Object Copy (ms): Min: 10.6, Avg: 14.9, Max: 22.3, Diff: 11.7, Sum: 119.0]
      [Termination (ms): Min: 0.0, Avg: 0.2, Max: 0.2, Diff: 0.2, Sum: 1.7]
         [Termination Attempts: Min: 1, Avg: 4.8, Max: 11, Diff: 10, Sum: 38]
      [GC Worker Other (ms): Min: 0.0, Avg: 0.0, Max: 0.0, Diff: 0.0, Sum: 0.2]
      [GC Worker Total (ms): Min: 23.4, Avg: 24.1, Max: 24.5, Diff: 1.1, Sum: 192.6]
      [GC Worker End (ms): Min: 74131205.9, Avg: 74131205.9, Max: 74131205.9, Diff: 0.0]
   [Code Root Fixup: 0.0 ms]
   [Code Root Purge: 0.0 ms]
   [Clear CT: 0.1 ms]
   [Other: 1.5 ms]
      [Choose CSet: 0.0 ms]
      [Ref Proc: 0.3 ms]
      [Ref Enq: 0.0 ms]
      [Redirty Cards: 0.2 ms]
      [Humongous Register: 0.3 ms]
      [Humongous Reclaim: 0.0 ms]
      [Free CSet: 0.1 ms]
   [Eden: 45.0M(45.0M)->0.0B(46.0M) Survivors: 6144.0K->5120.0K Heap: 266.6M(1024.0M)->224.5M(1024.0M)]
 [Times: user=0.07 sys=0.02, real=0.03 secs] 
2021-04-24T09:32:00.068+0800: 74153.800: [GC pause (G1 Evacuation Pause) (young), 0.0165824 secs]
   [Parallel Time: 15.5 ms, GC Workers: 8]
      [GC Worker Start (ms): Min: 74153800.0, Avg: 74153801.2, Max: 74153807.3, Diff: 7.3]
      [Ext Root Scanning (ms): Min: 0.0, Avg: 2.4, Max: 13.7, Diff: 13.7, Sum: 19.5]
      [Update RS (ms): Min: 0.0, Avg: 3.7, Max: 6.9, Diff: 6.9, Sum: 29.9]
         [Processed Buffers: Min: 0, Avg: 5.4, Max: 19, Diff: 19, Sum: 43]
      [Scan RS (ms): Min: 0.0, Avg: 1.8, Max: 3.5, Diff: 3.5, Sum: 14.5]
      [Code Root Scanning (ms): Min: 0.0, Avg: 0.0, Max: 0.0, Diff: 0.0, Sum: 0.0]
      [Object Copy (ms): Min: 1.4, Avg: 5.9, Max: 7.4, Diff: 6.0, Sum: 47.6]
      [Termination (ms): Min: 0.0, Avg: 0.0, Max: 0.1, Diff: 0.1, Sum: 0.3]
         [Termination Attempts: Min: 1, Avg: 43.9, Max: 76, Diff: 75, Sum: 351]
      [GC Worker Other (ms): Min: 0.0, Avg: 0.1, Max: 0.7, Diff: 0.7, Sum: 0.9]
      [GC Worker Total (ms): Min: 8.0, Avg: 14.1, Max: 15.3, Diff: 7.3, Sum: 112.6]
      [GC Worker End (ms): Min: 74153815.3, Avg: 74153815.3, Max: 74153815.3, Diff: 0.0]
   [Code Root Fixup: 0.0 ms]
   [Code Root Purge: 0.0 ms]
   [Clear CT: 0.1 ms]
   [Other: 0.9 ms]
      [Choose CSet: 0.0 ms]
      [Ref Proc: 0.2 ms]
      [Ref Enq: 0.0 ms]
      [Redirty Cards: 0.1 ms]
      [Humongous Register: 0.1 ms]
      [Humongous Reclaim: 0.0 ms]
      [Free CSet: 0.1 ms]
   [Eden: 46.0M(46.0M)->0.0B(46.0M) Survivors: 5120.0K->5120.0K Heap: 270.5M(1024.0M)->224.8M(1024.0M)]
 [Times: user=0.06 sys=0.01, real=0.02 secs] 
2021-04-24T09:32:22.754+0800: 74176.486: [GC pause (G1 Evacuation Pause) (young), 0.0194343 secs]
   [Parallel Time: 16.2 ms, GC Workers: 8]
      [GC Worker Start (ms): Min: 74176487.2, Avg: 74176487.6, Max: 74176488.0, Diff: 0.8]
      [Ext Root Scanning (ms): Min: 1.2, Avg: 4.2, Max: 15.0, Diff: 13.8, Sum: 33.2]
      [Update RS (ms): Min: 0.0, Avg: 2.4, Max: 6.1, Diff: 6.1, Sum: 19.0]
         [Processed Buffers: Min: 0, Avg: 5.1, Max: 15, Diff: 15, Sum: 41]
      [Scan RS (ms): Min: 0.0, Avg: 2.6, Max: 6.9, Diff: 6.9, Sum: 21.0]
      [Code Root Scanning (ms): Min: 0.0, Avg: 0.0, Max: 0.0, Diff: 0.0, Sum: 0.0]
      [Object Copy (ms): Min: 0.9, Avg: 6.4, Max: 14.0, Diff: 13.1, Sum: 51.6]
      [Termination (ms): Min: 0.0, Avg: 0.0, Max: 0.0, Diff: 0.0, Sum: 0.0]
         [Termination Attempts: Min: 1, Avg: 4.5, Max: 13, Diff: 12, Sum: 36]
      [GC Worker Other (ms): Min: 0.0, Avg: 0.1, Max: 0.1, Diff: 0.1, Sum: 0.5]
      [GC Worker Total (ms): Min: 15.3, Avg: 15.7, Max: 16.0, Diff: 0.7, Sum: 125.4]
      [GC Worker End (ms): Min: 74176503.2, Avg: 74176503.2, Max: 74176503.3, Diff: 0.1]
   [Code Root Fixup: 0.0 ms]
   [Code Root Purge: 0.0 ms]
   [Clear CT: 0.2 ms]
   [Other: 3.1 ms]
      [Choose CSet: 0.0 ms]
      [Ref Proc: 1.1 ms]
      [Ref Enq: 0.0 ms]
      [Redirty Cards: 0.1 ms]
      [Humongous Register: 0.3 ms]
      [Humongous Reclaim: 0.0 ms]
      [Free CSet: 0.1 ms]
   [Eden: 46.0M(46.0M)->0.0B(44.0M) Survivors: 5120.0K->7168.0K Heap: 270.8M(1024.0M)->227.1M(1024.0M)]
 [Times: user=0.07 sys=0.01, real=0.02 secs] 
2021-04-24T09:32:44.334+0800: 74198.067: [GC pause (G1 Evacuation Pause) (young), 0.0187210 secs]
   [Parallel Time: 16.3 ms, GC Workers: 8]
      [GC Worker Start (ms): Min: 74198067.2, Avg: 74198068.9, Max: 74198074.1, Diff: 6.9]
      [Ext Root Scanning (ms): Min: 0.0, Avg: 4.2, Max: 14.1, Diff: 14.1, Sum: 33.7]
      [Update RS (ms): Min: 0.0, Avg: 1.6, Max: 3.7, Diff: 3.7, Sum: 12.4]
         [Processed Buffers: Min: 0, Avg: 5.0, Max: 15, Diff: 15, Sum: 40]
      [Scan RS (ms): Min: 0.0, Avg: 2.3, Max: 6.7, Diff: 6.7, Sum: 18.3]
      [Code Root Scanning (ms): Min: 0.0, Avg: 0.0, Max: 0.0, Diff: 0.0, Sum: 0.0]
      [Object Copy (ms): Min: 1.3, Avg: 5.8, Max: 8.5, Diff: 7.1, Sum: 46.4]
      [Termination (ms): Min: 0.0, Avg: 0.5, Max: 0.6, Diff: 0.5, Sum: 3.7]
         [Termination Attempts: Min: 1, Avg: 17.5, Max: 31, Diff: 30, Sum: 140]
      [GC Worker Other (ms): Min: 0.0, Avg: 0.0, Max: 0.0, Diff: 0.0, Sum: 0.2]
      [GC Worker Total (ms): Min: 9.2, Avg: 14.3, Max: 16.1, Diff: 6.9, Sum: 114.6]
      [GC Worker End (ms): Min: 74198083.2, Avg: 74198083.2, Max: 74198083.2, Diff: 0.0]
   [Code Root Fixup: 0.0 ms]
   [Code Root Purge: 0.0 ms]
   [Clear CT: 0.2 ms]
   [Other: 2.2 ms]
      [Choose CSet: 0.0 ms]
      [Ref Proc: 0.4 ms]
      [Ref Enq: 0.0 ms]
      [Redirty Cards: 0.2 ms]
      [Humongous Register: 0.3 ms]
      [Humongous Reclaim: 0.0 ms]
      [Free CSet: 0.1 ms]
   [Eden: 44.0M(44.0M)->0.0B(44.0M) Survivors: 7168.0K->7168.0K Heap: 271.1M(1024.0M)->227.1M(1024.0M)]
 [Times: user=0.07 sys=0.00, real=0.02 secs] 
2021-04-24T09:33:05.982+0800: 74219.714: [GC pause (G1 Evacuation Pause) (young), 0.0220384 secs]
   [Parallel Time: 21.0 ms, GC Workers: 8]
      [GC Worker Start (ms): Min: 74219714.8, Avg: 74219716.2, Max: 74219720.2, Diff: 5.4]
      [Ext Root Scanning (ms): Min: 0.0, Avg: 1.9, Max: 6.0, Diff: 6.0, Sum: 15.1]
      [Update RS (ms): Min: 0.0, Avg: 1.3, Max: 3.5, Diff: 3.5, Sum: 10.5]
         [Processed Buffers: Min: 0, Avg: 6.0, Max: 33, Diff: 33, Sum: 48]
      [Scan RS (ms): Min: 0.0, Avg: 1.1, Max: 2.0, Diff: 2.0, Sum: 8.5]
      [Code Root Scanning (ms): Min: 0.0, Avg: 0.0, Max: 0.0, Diff: 0.0, Sum: 0.0]
      [Object Copy (ms): Min: 14.8, Avg: 15.1, Max: 15.3, Diff: 0.5, Sum: 120.7]
      [Termination (ms): Min: 0.0, Avg: 0.1, Max: 0.2, Diff: 0.2, Sum: 0.6]
         [Termination Attempts: Min: 1, Avg: 13.8, Max: 23, Diff: 22, Sum: 110]
      [GC Worker Other (ms): Min: 0.0, Avg: 0.0, Max: 0.0, Diff: 0.0, Sum: 0.2]
      [GC Worker Total (ms): Min: 15.5, Avg: 19.5, Max: 20.9, Diff: 5.4, Sum: 155.7]
      [GC Worker End (ms): Min: 74219735.7, Avg: 74219735.7, Max: 74219735.7, Diff: 0.0]
   [Code Root Fixup: 0.0 ms]
   [Code Root Purge: 0.0 ms]
   [Clear CT: 0.1 ms]
   [Other: 0.9 ms]
      [Choose CSet: 0.0 ms]
      [Ref Proc: 0.2 ms]
      [Ref Enq: 0.0 ms]
      [Redirty Cards: 0.1 ms]
      [Humongous Register: 0.1 ms]
      [Humongous Reclaim: 0.0 ms]
      [Free CSet: 0.1 ms]
   [Eden: 44.0M(44.0M)->0.0B(46.0M) Survivors: 7168.0K->5120.0K Heap: 271.1M(1024.0M)->225.7M(1024.0M)]
 [Times: user=0.05 sys=0.01, real=0.02 secs] 
2021-04-24T09:33:28.790+0800: 74242.523: [GC pause (G1 Evacuation Pause) (young), 0.0165805 secs]
   [Parallel Time: 15.1 ms, GC Workers: 8]
      [GC Worker Start (ms): Min: 74242523.1, Avg: 74242524.4, Max: 74242531.1, Diff: 8.0]
      [Ext Root Scanning (ms): Min: 0.0, Avg: 3.1, Max: 14.5, Diff: 14.5, Sum: 24.7]
      [Update RS (ms): Min: 0.0, Avg: 3.5, Max: 11.7, Diff: 11.7, Sum: 28.3]
         [Processed Buffers: Min: 0, Avg: 6.6, Max: 24, Diff: 24, Sum: 53]
      [Scan RS (ms): Min: 0.0, Avg: 2.9, Max: 7.8, Diff: 7.8, Sum: 22.9]
      [Code Root Scanning (ms): Min: 0.0, Avg: 0.0, Max: 0.0, Diff: 0.0, Sum: 0.0]
      [Object Copy (ms): Min: 0.4, Avg: 3.6, Max: 7.0, Diff: 6.6, Sum: 28.8]
      [Termination (ms): Min: 0.0, Avg: 0.6, Max: 0.7, Diff: 0.7, Sum: 4.6]
         [Termination Attempts: Min: 1, Avg: 28.6, Max: 48, Diff: 47, Sum: 229]
      [GC Worker Other (ms): Min: 0.0, Avg: 0.0, Max: 0.1, Diff: 0.1, Sum: 0.2]
      [GC Worker Total (ms): Min: 6.9, Avg: 13.7, Max: 15.0, Diff: 8.1, Sum: 109.5]
      [GC Worker End (ms): Min: 74242538.0, Avg: 74242538.0, Max: 74242538.1, Diff: 0.1]
   [Code Root Fixup: 0.0 ms]
   [Code Root Purge: 0.0 ms]
   [Clear CT: 0.1 ms]
   [Other: 1.4 ms]
      [Choose CSet: 0.0 ms]
      [Ref Proc: 0.6 ms]
      [Ref Enq: 0.0 ms]
      [Redirty Cards: 0.0 ms]
      [Humongous Register: 0.1 ms]
      [Humongous Reclaim: 0.0 ms]
      [Free CSet: 0.1 ms]
   [Eden: 46.0M(46.0M)->0.0B(44.0M) Survivors: 5120.0K->7168.0K Heap: 271.7M(1024.0M)->228.5M(1024.0M)]
 [Times: user=0.06 sys=0.00, real=0.01 secs] 
2021-04-24T09:33:50.228+0800: 74263.962: [GC pause (G1 Evacuation Pause) (young), 0.0213128 secs]
   [Parallel Time: 19.7 ms, GC Workers: 8]
      [GC Worker Start (ms): Min: 74263962.5, Avg: 74263962.6, Max: 74263963.0, Diff: 0.6]
      [Ext Root Scanning (ms): Min: 0.3, Avg: 3.3, Max: 6.6, Diff: 6.2, Sum: 26.3]
      [Update RS (ms): Min: 0.0, Avg: 1.3, Max: 3.0, Diff: 3.0, Sum: 10.5]
         [Processed Buffers: Min: 0, Avg: 6.1, Max: 34, Diff: 34, Sum: 49]
      [Scan RS (ms): Min: 0.0, Avg: 1.6, Max: 2.7, Diff: 2.7, Sum: 12.5]
      [Code Root Scanning (ms): Min: 0.0, Avg: 0.0, Max: 0.0, Diff: 0.0, Sum: 0.0]
      [Object Copy (ms): Min: 13.0, Avg: 13.2, Max: 13.6, Diff: 0.6, Sum: 105.8]
      [Termination (ms): Min: 0.0, Avg: 0.1, Max: 0.1, Diff: 0.1, Sum: 0.6]
         [Termination Attempts: Min: 1, Avg: 1.6, Max: 3, Diff: 2, Sum: 13]
      [GC Worker Other (ms): Min: 0.0, Avg: 0.0, Max: 0.0, Diff: 0.0, Sum: 0.1]
      [GC Worker Total (ms): Min: 19.1, Avg: 19.5, Max: 19.6, Diff: 0.6, Sum: 155.8]
      [GC Worker End (ms): Min: 74263982.1, Avg: 74263982.1, Max: 74263982.1, Diff: 0.0]
   [Code Root Fixup: 0.0 ms]
   [Code Root Purge: 0.0 ms]
   [Clear CT: 0.1 ms]
   [Other: 1.4 ms]
      [Choose CSet: 0.0 ms]
      [Ref Proc: 0.3 ms]
      [Ref Enq: 0.0 ms]
      [Redirty Cards: 0.1 ms]
      [Humongous Register: 0.2 ms]
      [Humongous Reclaim: 0.0 ms]
      [Free CSet: 0.2 ms]
   [Eden: 44.0M(44.0M)->0.0B(54.0M) Survivors: 7168.0K->5120.0K Heap: 272.5M(1024.0M)->227.7M(1024.0M)]
 [Times: user=0.06 sys=0.02, real=0.03 secs] 
2021-04-24T09:34:12.687+0800: 74286.421: [GC pause (G1 Evacuation Pause) (young), 0.0139660 secs]
   [Parallel Time: 13.3 ms, GC Workers: 8]
      [GC Worker Start (ms): Min: 74286421.2, Avg: 74286422.2, Max: 74286428.4, Diff: 7.3]
      [Ext Root Scanning (ms): Min: 0.0, Avg: 2.5, Max: 9.5, Diff: 9.5, Sum: 20.2]
      [Update RS (ms): Min: 0.0, Avg: 2.3, Max: 4.9, Diff: 4.9, Sum: 18.2]
         [Processed Buffers: Min: 0, Avg: 6.5, Max: 18, Diff: 18, Sum: 52]
      [Scan RS (ms): Min: 0.4, Avg: 3.6, Max: 6.2, Diff: 5.9, Sum: 28.5]
      [Code Root Scanning (ms): Min: 0.0, Avg: 0.0, Max: 0.0, Diff: 0.0, Sum: 0.0]
      [Object Copy (ms): Min: 1.8, Avg: 3.8, Max: 10.8, Diff: 9.1, Sum: 30.7]
      [Termination (ms): Min: 0.0, Avg: 0.0, Max: 0.0, Diff: 0.0, Sum: 0.2]
         [Termination Attempts: Min: 1, Avg: 1.1, Max: 2, Diff: 1, Sum: 9]
      [GC Worker Other (ms): Min: 0.0, Avg: 0.0, Max: 0.0, Diff: 0.0, Sum: 0.1]
      [GC Worker Total (ms): Min: 6.0, Avg: 12.2, Max: 13.2, Diff: 7.3, Sum: 97.9]
      [GC Worker End (ms): Min: 74286434.4, Avg: 74286434.4, Max: 74286434.4, Diff: 0.0]
   [Code Root Fixup: 0.0 ms]
   [Code Root Purge: 0.0 ms]
   [Clear CT: 0.1 ms]
   [Other: 0.6 ms]
      [Choose CSet: 0.0 ms]
      [Ref Proc: 0.2 ms]
      [Ref Enq: 0.0 ms]
      [Redirty Cards: 0.0 ms]
      [Humongous Register: 0.1 ms]
      [Humongous Reclaim: 0.0 ms]
      [Free CSet: 0.0 ms]
   [Eden: 46.0M(46.0M)->0.0B(90.0M) Survivors: 5120.0K->6144.0K Heap: 273.7M(1024.0M)->228.2M(1024.0M)]
 [Times: user=0.06 sys=0.00, real=0.02 secs] 
2021-04-24T09:34:45.927+0800: 74319.662: [GC pause (G1 Evacuation Pause) (young), 0.0164760 secs]
   [Parallel Time: 15.4 ms, GC Workers: 8]
      [GC Worker Start (ms): Min: 74319661.8, Avg: 74319663.0, Max: 74319666.8, Diff: 5.1]
      [Ext Root Scanning (ms): Min: 0.0, Avg: 0.8, Max: 3.9, Diff: 3.9, Sum: 6.1]
      [Update RS (ms): Min: 0.0, Avg: 1.0, Max: 2.4, Diff: 2.4, Sum: 8.3]
         [Processed Buffers: Min: 0, Avg: 5.5, Max: 19, Diff: 19, Sum: 44]
      [Scan RS (ms): Min: 0.0, Avg: 1.3, Max: 2.6, Diff: 2.6, Sum: 10.6]
      [Code Root Scanning (ms): Min: 0.0, Avg: 0.0, Max: 0.0, Diff: 0.0, Sum: 0.0]
      [Object Copy (ms): Min: 9.3, Avg: 10.6, Max: 14.1, Diff: 4.7, Sum: 84.8]
      [Termination (ms): Min: 0.0, Avg: 0.4, Max: 0.5, Diff: 0.5, Sum: 3.1]
         [Termination Attempts: Min: 1, Avg: 2.2, Max: 5, Diff: 4, Sum: 18]
      [GC Worker Other (ms): Min: 0.0, Avg: 0.0, Max: 0.0, Diff: 0.0, Sum: 0.1]
      [GC Worker Total (ms): Min: 10.3, Avg: 14.1, Max: 15.3, Diff: 5.1, Sum: 112.9]
      [GC Worker End (ms): Min: 74319677.1, Avg: 74319677.1, Max: 74319677.1, Diff: 0.0]
   [Code Root Fixup: 0.0 ms]
   [Code Root Purge: 0.0 ms]
   [Clear CT: 0.1 ms]
   [Other: 0.9 ms]
      [Choose CSet: 0.0 ms]
      [Ref Proc: 0.3 ms]
      [Ref Enq: 0.0 ms]
      [Redirty Cards: 0.1 ms]
      [Humongous Register: 0.1 ms]
      [Humongous Reclaim: 0.0 ms]
      [Free CSet: 0.1 ms]
   [Eden: 68.0M(45.0M)->0.0B(141.0M) Survivors: 6144.0K->6144.0K Heap: 296.2M(1024.0M)->229.4M(1024.0M)]
 [Times: user=0.05 sys=0.01, real=0.02 secs] 
2021-04-24T09:35:07.828+0800: 74341.562: [GC pause (G1 Evacuation Pause) (young), 0.0154693 secs]
   [Parallel Time: 14.7 ms, GC Workers: 8]
      [GC Worker Start (ms): Min: 74341562.3, Avg: 74341565.4, Max: 74341574.6, Diff: 12.2]
      [Ext Root Scanning (ms): Min: 0.0, Avg: 1.1, Max: 5.4, Diff: 5.4, Sum: 9.0]
      [Update RS (ms): Min: 0.0, Avg: 1.4, Max: 3.3, Diff: 3.3, Sum: 11.5]
         [Processed Buffers: Min: 0, Avg: 6.6, Max: 17, Diff: 17, Sum: 53]
      [Scan RS (ms): Min: 0.0, Avg: 1.8, Max: 3.4, Diff: 3.4, Sum: 14.5]
      [Code Root Scanning (ms): Min: 0.0, Avg: 0.0, Max: 0.0, Diff: 0.0, Sum: 0.0]
      [Object Copy (ms): Min: 2.3, Avg: 7.1, Max: 8.2, Diff: 5.9, Sum: 57.0]
      [Termination (ms): Min: 0.0, Avg: 0.0, Max: 0.1, Diff: 0.1, Sum: 0.2]
         [Termination Attempts: Min: 1, Avg: 3.8, Max: 7, Diff: 6, Sum: 30]
      [GC Worker Other (ms): Min: 0.0, Avg: 0.0, Max: 0.0, Diff: 0.0, Sum: 0.1]
      [GC Worker Total (ms): Min: 2.4, Avg: 11.6, Max: 14.6, Diff: 12.2, Sum: 92.4]
      [GC Worker End (ms): Min: 74341576.9, Avg: 74341576.9, Max: 74341576.9, Diff: 0.0]
   [Code Root Fixup: 0.0 ms]
   [Code Root Purge: 0.0 ms]
   [Clear CT: 0.1 ms]
   [Other: 0.7 ms]
      [Choose CSet: 0.0 ms]
      [Ref Proc: 0.2 ms]
      [Ref Enq: 0.0 ms]
      [Redirty Cards: 0.1 ms]
      [Humongous Register: 0.1 ms]
      [Humongous Reclaim: 0.0 ms]
      [Free CSet: 0.1 ms]
   [Eden: 45.0M(45.0M)->0.0B(154.0M) Survivors: 6144.0K->6144.0K Heap: 274.4M(1024.0M)->229.4M(1024.0M)]
 [Times: user=0.05 sys=0.00, real=0.02 secs] 
2021-04-24T09:36:23.349+0800: 74417.085: [GC pause (G1 Evacuation Pause) (young), 0.0362388 secs]
   [Parallel Time: 33.3 ms, GC Workers: 8]
      [GC Worker Start (ms): Min: 74417086.3, Avg: 74417087.1, Max: 74417088.8, Diff: 2.5]
      [Ext Root Scanning (ms): Min: 0.0, Avg: 3.9, Max: 17.8, Diff: 17.8, Sum: 31.3]
      [Update RS (ms): Min: 0.0, Avg: 6.3, Max: 15.0, Diff: 15.0, Sum: 50.3]
         [Processed Buffers: Min: 0, Avg: 6.4, Max: 22, Diff: 22, Sum: 51]
      [Scan RS (ms): Min: 0.0, Avg: 4.8, Max: 7.0, Diff: 7.0, Sum: 38.4]
      [Code Root Scanning (ms): Min: 0.0, Avg: 0.0, Max: 0.0, Diff: 0.0, Sum: 0.0]
      [Object Copy (ms): Min: 14.4, Avg: 17.2, Max: 21.1, Diff: 6.7, Sum: 137.2]
      [Termination (ms): Min: 0.0, Avg: 0.1, Max: 0.1, Diff: 0.1, Sum: 0.7]
         [Termination Attempts: Min: 1, Avg: 2.1, Max: 4, Diff: 3, Sum: 17]
      [GC Worker Other (ms): Min: 0.0, Avg: 0.1, Max: 0.8, Diff: 0.7, Sum: 1.1]
      [GC Worker Total (ms): Min: 30.6, Avg: 32.4, Max: 33.1, Diff: 2.5, Sum: 259.1]
      [GC Worker End (ms): Min: 74417119.4, Avg: 74417119.5, Max: 74417119.5, Diff: 0.0]
   [Code Root Fixup: 0.1 ms]
   [Code Root Purge: 0.0 ms]
   [Clear CT: 0.2 ms]
   [Other: 2.7 ms]
      [Choose CSet: 0.0 ms]
      [Ref Proc: 0.7 ms]
      [Ref Enq: 0.0 ms]
      [Redirty Cards: 0.1 ms]
      [Humongous Register: 0.7 ms]
      [Humongous Reclaim: 0.0 ms]
      [Free CSet: 0.3 ms]
   [Eden: 154.0M(154.0M)->0.0B(42.0M) Survivors: 6144.0K->9216.0K Heap: 383.4M(1024.0M)->232.4M(1024.0M)]
 [Times: user=0.09 sys=0.04, real=0.04 secs] 
2021-04-24T09:36:44.109+0800: 74437.845: [GC pause (G1 Evacuation Pause) (young), 0.0227445 secs]
   [Parallel Time: 21.0 ms, GC Workers: 8]
      [GC Worker Start (ms): Min: 74437845.2, Avg: 74437845.4, Max: 74437846.0, Diff: 0.9]
      [Ext Root Scanning (ms): Min: 0.0, Avg: 1.2, Max: 2.3, Diff: 2.3, Sum: 9.6]
      [Update RS (ms): Min: 0.6, Avg: 1.3, Max: 2.4, Diff: 1.8, Sum: 10.3]
         [Processed Buffers: Min: 1, Avg: 5.8, Max: 13, Diff: 12, Sum: 46]
      [Scan RS (ms): Min: 1.0, Avg: 1.1, Max: 1.3, Diff: 0.3, Sum: 9.2]
      [Code Root Scanning (ms): Min: 0.0, Avg: 0.0, Max: 0.0, Diff: 0.0, Sum: 0.0]
      [Object Copy (ms): Min: 16.4, Avg: 17.0, Max: 18.4, Diff: 2.0, Sum: 135.7]
      [Termination (ms): Min: 0.0, Avg: 0.1, Max: 0.2, Diff: 0.2, Sum: 0.9]
         [Termination Attempts: Min: 1, Avg: 1.1, Max: 2, Diff: 1, Sum: 9]
      [GC Worker Other (ms): Min: 0.0, Avg: 0.0, Max: 0.1, Diff: 0.1, Sum: 0.3]
      [GC Worker Total (ms): Min: 20.1, Avg: 20.7, Max: 20.9, Diff: 0.8, Sum: 165.9]
      [GC Worker End (ms): Min: 74437866.1, Avg: 74437866.1, Max: 74437866.1, Diff: 0.0]
   [Code Root Fixup: 0.0 ms]
   [Code Root Purge: 0.0 ms]
   [Clear CT: 0.1 ms]
   [Other: 1.6 ms]
      [Choose CSet: 0.0 ms]
      [Ref Proc: 0.2 ms]
      [Ref Enq: 0.0 ms]
      [Redirty Cards: 0.1 ms]
      [Humongous Register: 0.3 ms]
      [Humongous Reclaim: 0.0 ms]
      [Free CSet: 0.1 ms]
   [Eden: 42.0M(42.0M)->0.0B(45.0M) Survivors: 9216.0K->6144.0K Heap: 274.4M(1024.0M)->232.4M(1024.0M)]
 [Times: user=0.07 sys=0.01, real=0.03 secs] 
2021-04-24T09:37:06.013+0800: 74459.749: [GC pause (G1 Evacuation Pause) (young), 0.0179336 secs]
   [Parallel Time: 15.9 ms, GC Workers: 8]
      [GC Worker Start (ms): Min: 74459749.4, Avg: 74459749.5, Max: 74459749.7, Diff: 0.4]
      [Ext Root Scanning (ms): Min: 0.3, Avg: 2.6, Max: 6.4, Diff: 6.2, Sum: 20.6]
      [Update RS (ms): Min: 0.0, Avg: 1.4, Max: 3.2, Diff: 3.2, Sum: 11.5]
         [Processed Buffers: Min: 0, Avg: 6.0, Max: 34, Diff: 34, Sum: 48]
      [Scan RS (ms): Min: 0.0, Avg: 1.6, Max: 2.9, Diff: 2.9, Sum: 12.5]
      [Code Root Scanning (ms): Min: 0.0, Avg: 0.0, Max: 0.0, Diff: 0.0, Sum: 0.0]
      [Object Copy (ms): Min: 8.7, Avg: 9.8, Max: 14.1, Diff: 5.4, Sum: 78.4]
      [Termination (ms): Min: 0.0, Avg: 0.2, Max: 0.3, Diff: 0.3, Sum: 1.7]
         [Termination Attempts: Min: 1, Avg: 1.5, Max: 3, Diff: 2, Sum: 12]
      [GC Worker Other (ms): Min: 0.0, Avg: 0.0, Max: 0.0, Diff: 0.0, Sum: 0.1]
      [GC Worker Total (ms): Min: 15.4, Avg: 15.6, Max: 15.8, Diff: 0.4, Sum: 125.0]
      [GC Worker End (ms): Min: 74459765.1, Avg: 74459765.1, Max: 74459765.2, Diff: 0.0]
   [Code Root Fixup: 0.0 ms]
   [Code Root Purge: 0.0 ms]
   [Clear CT: 0.1 ms]
   [Other: 1.9 ms]
      [Choose CSet: 0.0 ms]
      [Ref Proc: 0.3 ms]
      [Ref Enq: 0.0 ms]
      [Redirty Cards: 0.1 ms]
      [Humongous Register: 0.1 ms]
      [Humongous Reclaim: 0.1 ms]
      [Free CSet: 0.2 ms]
   [Eden: 45.0M(45.0M)->0.0B(52.0M) Survivors: 6144.0K->5120.0K Heap: 277.4M(1024.0M)->233.5M(1024.0M)]
 [Times: user=0.05 sys=0.01, real=0.02 secs] 
2021-04-24T09:37:31.962+0800: 74485.699: [GC pause (G1 Evacuation Pause) (young), 0.0169306 secs]
   [Parallel Time: 15.9 ms, GC Workers: 8]
      [GC Worker Start (ms): Min: 74485699.2, Avg: 74485699.7, Max: 74485701.5, Diff: 2.3]
      [Ext Root Scanning (ms): Min: 0.0, Avg: 2.8, Max: 15.6, Diff: 15.6, Sum: 22.5]
      [Update RS (ms): Min: 0.0, Avg: 4.6, Max: 8.1, Diff: 8.1, Sum: 36.7]
         [Processed Buffers: Min: 0, Avg: 6.4, Max: 16, Diff: 16, Sum: 51]
      [Scan RS (ms): Min: 0.0, Avg: 1.4, Max: 3.9, Diff: 3.9, Sum: 11.3]
      [Code Root Scanning (ms): Min: 0.0, Avg: 0.0, Max: 0.0, Diff: 0.0, Sum: 0.0]
      [Object Copy (ms): Min: 0.0, Avg: 6.1, Max: 7.7, Diff: 7.6, Sum: 49.0]
      [Termination (ms): Min: 0.0, Avg: 0.3, Max: 0.4, Diff: 0.4, Sum: 2.7]
         [Termination Attempts: Min: 1, Avg: 3.0, Max: 7, Diff: 6, Sum: 24]
      [GC Worker Other (ms): Min: 0.0, Avg: 0.0, Max: 0.0, Diff: 0.0, Sum: 0.1]
      [GC Worker Total (ms): Min: 13.5, Avg: 15.3, Max: 15.8, Diff: 2.3, Sum: 122.4]
      [GC Worker End (ms): Min: 74485714.9, Avg: 74485715.0, Max: 74485715.1, Diff: 0.2]
   [Code Root Fixup: 0.0 ms]
   [Code Root Purge: 0.0 ms]
   [Clear CT: 0.1 ms]
   [Other: 0.9 ms]
      [Choose CSet: 0.0 ms]
      [Ref Proc: 0.3 ms]
      [Ref Enq: 0.0 ms]
      [Redirty Cards: 0.1 ms]
      [Humongous Register: 0.1 ms]
      [Humongous Reclaim: 0.0 ms]
      [Free CSet: 0.1 ms]
   [Eden: 52.0M(52.0M)->0.0B(79.0M) Survivors: 5120.0K->7168.0K Heap: 285.5M(1024.0M)->235.3M(1024.0M)]
 [Times: user=0.05 sys=0.00, real=0.02 secs] 
2021-04-24T09:38:11.321+0800: 74525.058: [GC pause (G1 Evacuation Pause) (young), 0.0196735 secs]
   [Parallel Time: 18.4 ms, GC Workers: 8]
      [GC Worker Start (ms): Min: 74525058.6, Avg: 74525059.8, Max: 74525066.2, Diff: 7.6]
      [Ext Root Scanning (ms): Min: 0.0, Avg: 2.1, Max: 6.0, Diff: 6.0, Sum: 17.0]
      [Update RS (ms): Min: 0.0, Avg: 3.6, Max: 16.1, Diff: 16.1, Sum: 28.8]
         [Processed Buffers: Min: 0, Avg: 6.0, Max: 18, Diff: 18, Sum: 48]
      [Scan RS (ms): Min: 0.0, Avg: 3.7, Max: 11.7, Diff: 11.7, Sum: 30.0]
      [Code Root Scanning (ms): Min: 0.0, Avg: 0.0, Max: 0.0, Diff: 0.0, Sum: 0.0]
      [Object Copy (ms): Min: 1.2, Avg: 7.7, Max: 11.1, Diff: 9.9, Sum: 61.3]
      [Termination (ms): Min: 0.0, Avg: 0.0, Max: 0.0, Diff: 0.0, Sum: 0.3]
         [Termination Attempts: Min: 1, Avg: 26.2, Max: 42, Diff: 41, Sum: 210]
      [GC Worker Other (ms): Min: 0.0, Avg: 0.0, Max: 0.0, Diff: 0.0, Sum: 0.2]
      [GC Worker Total (ms): Min: 10.7, Avg: 17.2, Max: 18.3, Diff: 7.6, Sum: 137.5]
      [GC Worker End (ms): Min: 74525076.9, Avg: 74525077.0, Max: 74525077.0, Diff: 0.0]
   [Code Root Fixup: 0.0 ms]
   [Code Root Purge: 0.0 ms]
   [Clear CT: 0.1 ms]
   [Other: 1.1 ms]
      [Choose CSet: 0.0 ms]
      [Ref Proc: 0.2 ms]
      [Ref Enq: 0.0 ms]
      [Redirty Cards: 0.1 ms]
      [Humongous Register: 0.2 ms]
      [Humongous Reclaim: 0.0 ms]
      [Free CSet: 0.1 ms]
   [Eden: 79.0M(79.0M)->0.0B(69.0M) Survivors: 7168.0K->8192.0K Heap: 314.3M(1024.0M)->235.7M(1024.0M)]
 [Times: user=0.07 sys=0.00, real=0.02 secs] 
2021-04-24T09:38:32.386+0800: 74546.123: [GC pause (G1 Evacuation Pause) (young), 0.0253817 secs]
   [Parallel Time: 24.0 ms, GC Workers: 8]
      [GC Worker Start (ms): Min: 74546123.6, Avg: 74546124.2, Max: 74546128.1, Diff: 4.5]
      [Ext Root Scanning (ms): Min: 0.0, Avg: 2.8, Max: 7.3, Diff: 7.3, Sum: 22.3]
      [Update RS (ms): Min: 0.0, Avg: 1.7, Max: 3.3, Diff: 3.3, Sum: 13.3]
         [Processed Buffers: Min: 0, Avg: 6.5, Max: 27, Diff: 27, Sum: 52]
      [Scan RS (ms): Min: 0.0, Avg: 2.3, Max: 3.3, Diff: 3.3, Sum: 18.5]
      [Code Root Scanning (ms): Min: 0.0, Avg: 0.0, Max: 0.0, Diff: 0.0, Sum: 0.0]
      [Object Copy (ms): Min: 16.2, Avg: 16.4, Max: 16.5, Diff: 0.3, Sum: 131.1]
      [Termination (ms): Min: 0.0, Avg: 0.0, Max: 0.0, Diff: 0.0, Sum: 0.0]
         [Termination Attempts: Min: 1, Avg: 6.9, Max: 12, Diff: 11, Sum: 55]
      [GC Worker Other (ms): Min: 0.0, Avg: 0.1, Max: 0.1, Diff: 0.1, Sum: 0.4]
      [GC Worker Total (ms): Min: 19.4, Avg: 23.2, Max: 23.9, Diff: 4.5, Sum: 185.8]
      [GC Worker End (ms): Min: 74546147.4, Avg: 74546147.4, Max: 74546147.5, Diff: 0.1]
   [Code Root Fixup: 0.0 ms]
   [Code Root Purge: 0.0 ms]
   [Clear CT: 0.1 ms]
   [Other: 1.3 ms]
      [Choose CSet: 0.0 ms]
      [Ref Proc: 0.3 ms]
      [Ref Enq: 0.0 ms]
      [Redirty Cards: 0.1 ms]
      [Humongous Register: 0.2 ms]
      [Humongous Reclaim: 0.0 ms]
      [Free CSet: 0.1 ms]
   [Eden: 43.0M(43.0M)->0.0B(45.0M) Survivors: 8192.0K->6144.0K Heap: 278.7M(1024.0M)->235.8M(1024.0M)]
 [Times: user=0.07 sys=0.01, real=0.03 secs] 
2021-04-24T09:38:54.435+0800: 74568.173: [GC pause (G1 Evacuation Pause) (young), 0.0207813 secs]
   [Parallel Time: 19.3 ms, GC Workers: 8]
      [GC Worker Start (ms): Min: 74568173.2, Avg: 74568173.4, Max: 74568173.6, Diff: 0.4]
      [Ext Root Scanning (ms): Min: 0.2, Avg: 2.4, Max: 6.5, Diff: 6.3, Sum: 19.2]
      [Update RS (ms): Min: 0.0, Avg: 1.5, Max: 3.6, Diff: 3.6, Sum: 12.3]
         [Processed Buffers: Min: 0, Avg: 6.9, Max: 37, Diff: 37, Sum: 55]
      [Scan RS (ms): Min: 0.0, Avg: 1.7, Max: 2.7, Diff: 2.7, Sum: 13.9]
      [Code Root Scanning (ms): Min: 0.0, Avg: 0.0, Max: 0.0, Diff: 0.0, Sum: 0.0]
      [Object Copy (ms): Min: 12.2, Avg: 13.1, Max: 17.7, Diff: 5.5, Sum: 105.0]
      [Termination (ms): Min: 0.0, Avg: 0.2, Max: 0.3, Diff: 0.3, Sum: 1.8]
         [Termination Attempts: Min: 1, Avg: 1.1, Max: 2, Diff: 1, Sum: 9]
      [GC Worker Other (ms): Min: 0.0, Avg: 0.0, Max: 0.0, Diff: 0.0, Sum: 0.1]
      [GC Worker Total (ms): Min: 18.8, Avg: 19.0, Max: 19.2, Diff: 0.4, Sum: 152.2]
      [GC Worker End (ms): Min: 74568192.4, Avg: 74568192.4, Max: 74568192.4, Diff: 0.0]
   [Code Root Fixup: 0.0 ms]
   [Code Root Purge: 0.0 ms]
   [Clear CT: 0.1 ms]
   [Other: 1.4 ms]
      [Choose CSet: 0.0 ms]
      [Ref Proc: 0.2 ms]
      [Ref Enq: 0.0 ms]
      [Redirty Cards: 0.1 ms]
      [Humongous Register: 0.1 ms]
      [Humongous Reclaim: 0.0 ms]
      [Free CSet: 0.1 ms]
   [Eden: 45.0M(45.0M)->0.0B(44.0M) Survivors: 6144.0K->7168.0K Heap: 280.8M(1024.0M)->238.8M(1024.0M)]
 [Times: user=0.06 sys=0.01, real=0.02 secs] 
2021-04-24T09:39:16.140+0800: 74589.878: [GC pause (G1 Evacuation Pause) (young), 0.0202528 secs]
   [Parallel Time: 18.9 ms, GC Workers: 8]
      [GC Worker Start (ms): Min: 74589878.4, Avg: 74589878.7, Max: 74589879.2, Diff: 0.9]
      [Ext Root Scanning (ms): Min: 0.0, Avg: 0.5, Max: 1.5, Diff: 1.5, Sum: 4.4]
      [Update RS (ms): Min: 0.0, Avg: 1.8, Max: 3.5, Diff: 3.5, Sum: 14.8]
         [Processed Buffers: Min: 0, Avg: 6.1, Max: 31, Diff: 31, Sum: 49]
      [Scan RS (ms): Min: 0.0, Avg: 1.4, Max: 2.6, Diff: 2.6, Sum: 10.9]
      [Code Root Scanning (ms): Min: 0.0, Avg: 0.0, Max: 0.0, Diff: 0.0, Sum: 0.0]
      [Object Copy (ms): Min: 11.4, Avg: 14.4, Max: 17.9, Diff: 6.6, Sum: 114.8]
      [Termination (ms): Min: 0.0, Avg: 0.4, Max: 0.4, Diff: 0.4, Sum: 2.9]
         [Termination Attempts: Min: 1, Avg: 5.2, Max: 13, Diff: 12, Sum: 42]
      [GC Worker Other (ms): Min: 0.0, Avg: 0.0, Max: 0.0, Diff: 0.0, Sum: 0.1]
      [GC Worker Total (ms): Min: 18.0, Avg: 18.5, Max: 18.8, Diff: 0.8, Sum: 147.8]
      [GC Worker End (ms): Min: 74589897.1, Avg: 74589897.2, Max: 74589897.2, Diff: 0.0]
   [Code Root Fixup: 0.0 ms]
   [Code Root Purge: 0.0 ms]
   [Clear CT: 0.1 ms]
   [Other: 1.2 ms]
      [Choose CSet: 0.0 ms]
      [Ref Proc: 0.3 ms]
      [Ref Enq: 0.0 ms]
      [Redirty Cards: 0.1 ms]
      [Humongous Register: 0.2 ms]
      [Humongous Reclaim: 0.0 ms]
      [Free CSet: 0.1 ms]
   [Eden: 44.0M(44.0M)->0.0B(71.0M) Survivors: 7168.0K->6144.0K Heap: 282.8M(1024.0M)->238.9M(1024.0M)]
 [Times: user=0.06 sys=0.01, real=0.02 secs] 
2021-04-24T09:39:50.899+0800: 74624.638: [GC pause (G1 Evacuation Pause) (young), 0.0162530 secs]
   [Parallel Time: 15.5 ms, GC Workers: 8]
      [GC Worker Start (ms): Min: 74624637.9, Avg: 74624638.4, Max: 74624640.9, Diff: 3.0]
      [Ext Root Scanning (ms): Min: 0.0, Avg: 2.1, Max: 9.6, Diff: 9.6, Sum: 17.0]
      [Update RS (ms): Min: 0.0, Avg: 4.0, Max: 9.0, Diff: 9.0, Sum: 31.9]
         [Processed Buffers: Min: 0, Avg: 6.8, Max: 20, Diff: 20, Sum: 54]
      [Scan RS (ms): Min: 0.1, Avg: 3.8, Max: 6.1, Diff: 6.0, Sum: 30.5]
      [Code Root Scanning (ms): Min: 0.0, Avg: 0.0, Max: 0.0, Diff: 0.0, Sum: 0.0]
      [Object Copy (ms): Min: 3.0, Avg: 4.9, Max: 10.8, Diff: 7.8, Sum: 38.9]
      [Termination (ms): Min: 0.0, Avg: 0.1, Max: 0.1, Diff: 0.1, Sum: 0.4]
         [Termination Attempts: Min: 1, Avg: 46.1, Max: 58, Diff: 57, Sum: 369]
      [GC Worker Other (ms): Min: 0.0, Avg: 0.0, Max: 0.0, Diff: 0.0, Sum: 0.2]
      [GC Worker Total (ms): Min: 12.4, Avg: 14.9, Max: 15.4, Diff: 3.0, Sum: 119.0]
      [GC Worker End (ms): Min: 74624653.3, Avg: 74624653.3, Max: 74624653.4, Diff: 0.0]
   [Code Root Fixup: 0.0 ms]
   [Code Root Purge: 0.0 ms]
   [Clear CT: 0.1 ms]
   [Other: 0.7 ms]
      [Choose CSet: 0.0 ms]
      [Ref Proc: 0.2 ms]
      [Ref Enq: 0.0 ms]
      [Redirty Cards: 0.0 ms]
      [Humongous Register: 0.1 ms]
      [Humongous Reclaim: 0.0 ms]
      [Free CSet: 0.1 ms]
   [Eden: 71.0M(71.0M)->0.0B(72.0M) Survivors: 6144.0K->7168.0K Heap: 309.9M(1024.0M)->240.2M(1024.0M)]
 [Times: user=0.06 sys=0.00, real=0.02 secs] 
2021-04-24T09:40:26.414+0800: 74660.153: [GC pause (G1 Evacuation Pause) (young), 0.0173744 secs]
   [Parallel Time: 15.5 ms, GC Workers: 8]
      [GC Worker Start (ms): Min: 74660153.7, Avg: 74660154.8, Max: 74660161.5, Diff: 7.7]
      [Ext Root Scanning (ms): Min: 0.0, Avg: 2.8, Max: 8.7, Diff: 8.7, Sum: 22.2]
      [Update RS (ms): Min: 0.0, Avg: 3.0, Max: 7.0, Diff: 7.0, Sum: 23.6]
         [Processed Buffers: Min: 0, Avg: 6.0, Max: 37, Diff: 37, Sum: 48]
      [Scan RS (ms): Min: 0.7, Avg: 2.0, Max: 3.1, Diff: 2.5, Sum: 15.7]
      [Code Root Scanning (ms): Min: 0.0, Avg: 0.0, Max: 0.0, Diff: 0.0, Sum: 0.0]
      [Object Copy (ms): Min: 5.1, Avg: 6.5, Max: 12.0, Diff: 6.8, Sum: 52.4]
      [Termination (ms): Min: 0.0, Avg: 0.0, Max: 0.0, Diff: 0.0, Sum: 0.0]
         [Termination Attempts: Min: 1, Avg: 2.6, Max: 6, Diff: 5, Sum: 21]
      [GC Worker Other (ms): Min: 0.0, Avg: 0.0, Max: 0.0, Diff: 0.0, Sum: 0.3]
      [GC Worker Total (ms): Min: 7.7, Avg: 14.3, Max: 15.4, Diff: 7.7, Sum: 114.2]
      [GC Worker End (ms): Min: 74660169.1, Avg: 74660169.1, Max: 74660169.1, Diff: 0.0]
   [Code Root Fixup: 0.0 ms]
   [Code Root Purge: 0.0 ms]
   [Clear CT: 0.2 ms]
   [Other: 1.7 ms]
      [Choose CSet: 0.0 ms]
      [Ref Proc: 0.3 ms]
      [Ref Enq: 0.0 ms]
      [Redirty Cards: 0.1 ms]
      [Humongous Register: 0.3 ms]
      [Humongous Reclaim: 0.0 ms]
      [Free CSet: 0.2 ms]
   [Eden: 72.0M(72.0M)->0.0B(101.0M) Survivors: 7168.0K->8192.0K Heap: 312.2M(1024.0M)->241.4M(1024.0M)]
 [Times: user=0.08 sys=0.01, real=0.02 secs] 
2021-04-24T09:40:47.753+0800: 74681.493: [GC pause (G1 Evacuation Pause) (young), 0.0240845 secs]
   [Parallel Time: 22.7 ms, GC Workers: 8]
      [GC Worker Start (ms): Min: 74681492.9, Avg: 74681494.7, Max: 74681500.2, Diff: 7.3]
      [Ext Root Scanning (ms): Min: 0.0, Avg: 1.3, Max: 7.4, Diff: 7.4, Sum: 10.5]
      [Update RS (ms): Min: 0.0, Avg: 1.1, Max: 2.4, Diff: 2.4, Sum: 8.7]
         [Processed Buffers: Min: 0, Avg: 5.9, Max: 19, Diff: 19, Sum: 47]
      [Scan RS (ms): Min: 0.0, Avg: 2.5, Max: 4.1, Diff: 4.1, Sum: 20.2]
      [Code Root Scanning (ms): Min: 0.0, Avg: 0.0, Max: 0.0, Diff: 0.0, Sum: 0.0]
      [Object Copy (ms): Min: 15.0, Avg: 15.8, Max: 19.1, Diff: 4.1, Sum: 126.3]
      [Termination (ms): Min: 0.0, Avg: 0.1, Max: 0.1, Diff: 0.1, Sum: 0.7]
         [Termination Attempts: Min: 1, Avg: 11.6, Max: 31, Diff: 30, Sum: 93]
      [GC Worker Other (ms): Min: 0.0, Avg: 0.0, Max: 0.0, Diff: 0.0, Sum: 0.2]
      [GC Worker Total (ms): Min: 15.4, Avg: 20.8, Max: 22.6, Diff: 7.2, Sum: 166.6]
      [GC Worker End (ms): Min: 74681515.5, Avg: 74681515.5, Max: 74681515.5, Diff: 0.0]
   [Code Root Fixup: 0.0 ms]
   [Code Root Purge: 0.0 ms]
   [Clear CT: 0.2 ms]
   [Other: 1.2 ms]
      [Choose CSet: 0.0 ms]
      [Ref Proc: 0.3 ms]
      [Ref Enq: 0.0 ms]
      [Redirty Cards: 0.2 ms]
      [Humongous Register: 0.1 ms]
      [Humongous Reclaim: 0.0 ms]
      [Free CSet: 0.1 ms]
   [Eden: 43.0M(43.0M)->0.0B(59.0M) Survivors: 8192.0K->7168.0K Heap: 284.4M(1024.0M)->242.0M(1024.0M)]
 [Times: user=0.07 sys=0.01, real=0.02 secs] 
2021-04-24T09:41:09.201+0800: 74702.941: [GC pause (G1 Evacuation Pause) (young), 0.0200925 secs]
   [Parallel Time: 17.9 ms, GC Workers: 8]
      [GC Worker Start (ms): Min: 74702941.6, Avg: 74702941.8, Max: 74702942.7, Diff: 1.1]
      [Ext Root Scanning (ms): Min: 0.0, Avg: 3.9, Max: 10.2, Diff: 10.2, Sum: 31.4]
      [Update RS (ms): Min: 0.0, Avg: 2.1, Max: 4.7, Diff: 4.7, Sum: 16.6]
         [Processed Buffers: Min: 0, Avg: 6.1, Max: 26, Diff: 26, Sum: 49]
      [Scan RS (ms): Min: 0.0, Avg: 2.8, Max: 4.5, Diff: 4.5, Sum: 22.0]
      [Code Root Scanning (ms): Min: 0.0, Avg: 0.0, Max: 0.0, Diff: 0.0, Sum: 0.0]
      [Object Copy (ms): Min: 7.5, Avg: 8.8, Max: 15.1, Diff: 7.6, Sum: 70.1]
      [Termination (ms): Min: 0.0, Avg: 0.0, Max: 0.1, Diff: 0.1, Sum: 0.3]
         [Termination Attempts: Min: 1, Avg: 1.9, Max: 4, Diff: 3, Sum: 15]
      [GC Worker Other (ms): Min: 0.0, Avg: 0.0, Max: 0.0, Diff: 0.0, Sum: 0.2]
      [GC Worker Total (ms): Min: 16.8, Avg: 17.6, Max: 17.9, Diff: 1.1, Sum: 140.7]
      [GC Worker End (ms): Min: 74702959.4, Avg: 74702959.4, Max: 74702959.4, Diff: 0.0]
   [Code Root Fixup: 0.0 ms]
   [Code Root Purge: 0.0 ms]
   [Clear CT: 0.1 ms]
   [Other: 2.1 ms]
      [Choose CSet: 0.0 ms]
      [Ref Proc: 0.3 ms]
      [Ref Enq: 0.0 ms]
      [Redirty Cards: 0.1 ms]
      [Humongous Register: 0.3 ms]
      [Humongous Reclaim: 0.0 ms]
      [Free CSet: 0.2 ms]
   [Eden: 44.0M(44.0M)->0.0B(101.0M) Survivors: 7168.0K->5120.0K Heap: 286.0M(1024.0M)->241.2M(1024.0M)]
 [Times: user=0.07 sys=0.01, real=0.02 secs] 
2021-04-24T09:41:31.472+0800: 74725.212: [GC pause (G1 Evacuation Pause) (young), 0.0179607 secs]
   [Parallel Time: 16.0 ms, GC Workers: 8]
      [GC Worker Start (ms): Min: 74725211.8, Avg: 74725212.1, Max: 74725212.2, Diff: 0.3]
      [Ext Root Scanning (ms): Min: 0.4, Avg: 2.6, Max: 6.7, Diff: 6.4, Sum: 20.5]
      [Update RS (ms): Min: 0.0, Avg: 1.7, Max: 3.8, Diff: 3.8, Sum: 13.3]
         [Processed Buffers: Min: 0, Avg: 6.8, Max: 23, Diff: 23, Sum: 54]
      [Scan RS (ms): Min: 0.2, Avg: 5.0, Max: 11.4, Diff: 11.2, Sum: 40.2]
      [Code Root Scanning (ms): Min: 0.0, Avg: 0.0, Max: 0.2, Diff: 0.2, Sum: 0.2]
      [Object Copy (ms): Min: 0.1, Avg: 6.1, Max: 14.5, Diff: 14.4, Sum: 48.7]
      [Termination (ms): Min: 0.0, Avg: 0.2, Max: 0.4, Diff: 0.4, Sum: 1.9]
         [Termination Attempts: Min: 1, Avg: 1.6, Max: 4, Diff: 3, Sum: 13]
      [GC Worker Other (ms): Min: 0.0, Avg: 0.0, Max: 0.0, Diff: 0.0, Sum: 0.1]
      [GC Worker Total (ms): Min: 15.5, Avg: 15.6, Max: 15.8, Diff: 0.3, Sum: 125.0]
      [GC Worker End (ms): Min: 74725227.7, Avg: 74725227.7, Max: 74725227.7, Diff: 0.1]
   [Code Root Fixup: 0.0 ms]
   [Code Root Purge: 0.0 ms]
   [Clear CT: 0.1 ms]
   [Other: 1.9 ms]
      [Choose CSet: 0.0 ms]
      [Ref Proc: 1.2 ms]
      [Ref Enq: 0.0 ms]
      [Redirty Cards: 0.0 ms]
      [Humongous Register: 0.1 ms]
      [Humongous Reclaim: 0.0 ms]
      [Free CSet: 0.0 ms]
   [Eden: 46.0M(46.0M)->0.0B(77.0M) Survivors: 5120.0K->7168.0K Heap: 287.2M(1024.0M)->244.1M(1024.0M)]
 [Times: user=0.05 sys=0.00, real=0.02 secs] 
2021-04-24T09:41:52.786+0800: 74746.526: [GC pause (G1 Evacuation Pause) (young), 0.0248940 secs]
   [Parallel Time: 22.0 ms, GC Workers: 8]
      [GC Worker Start (ms): Min: 74746528.0, Avg: 74746530.5, Max: 74746536.2, Diff: 8.2]
      [Ext Root Scanning (ms): Min: 0.0, Avg: 2.1, Max: 5.5, Diff: 5.5, Sum: 17.0]
      [Update RS (ms): Min: 0.0, Avg: 2.9, Max: 9.2, Diff: 9.2, Sum: 23.0]
         [Processed Buffers: Min: 0, Avg: 6.9, Max: 19, Diff: 19, Sum: 55]
      [Scan RS (ms): Min: 0.1, Avg: 3.3, Max: 5.5, Diff: 5.4, Sum: 26.2]
      [Code Root Scanning (ms): Min: 0.0, Avg: 0.0, Max: 0.0, Diff: 0.0, Sum: 0.0]
      [Object Copy (ms): Min: 10.2, Avg: 11.0, Max: 11.6, Diff: 1.3, Sum: 88.2]
      [Termination (ms): Min: 0.0, Avg: 0.0, Max: 0.0, Diff: 0.0, Sum: 0.1]
         [Termination Attempts: Min: 1, Avg: 10.9, Max: 21, Diff: 20, Sum: 87]
      [GC Worker Other (ms): Min: 0.0, Avg: 0.1, Max: 0.1, Diff: 0.1, Sum: 0.4]
      [GC Worker Total (ms): Min: 13.7, Avg: 19.4, Max: 21.9, Diff: 8.2, Sum: 154.9]
      [GC Worker End (ms): Min: 74746549.9, Avg: 74746549.9, Max: 74746549.9, Diff: 0.0]
   [Code Root Fixup: 0.0 ms]
   [Code Root Purge: 0.0 ms]
   [Clear CT: 0.1 ms]
   [Other: 2.7 ms]
      [Choose CSet: 0.0 ms]
      [Ref Proc: 0.2 ms]
      [Ref Enq: 0.0 ms]
      [Redirty Cards: 0.2 ms]
      [Humongous Register: 0.7 ms]
      [Humongous Reclaim: 0.0 ms]
      [Free CSet: 0.1 ms]
   [Eden: 44.0M(44.0M)->0.0B(44.0M) Survivors: 7168.0K->7168.0K Heap: 288.1M(1024.0M)->244.6M(1024.0M)]
 [Times: user=0.06 sys=0.01, real=0.03 secs] 
2021-04-24T09:42:14.483+0800: 74768.223: [GC pause (G1 Evacuation Pause) (young), 0.0255342 secs]
   [Parallel Time: 23.1 ms, GC Workers: 8]
      [GC Worker Start (ms): Min: 74768224.0, Avg: 74768226.4, Max: 74768231.0, Diff: 7.0]
      [Ext Root Scanning (ms): Min: 0.0, Avg: 1.8, Max: 6.8, Diff: 6.8, Sum: 14.7]
      [Update RS (ms): Min: 0.0, Avg: 2.2, Max: 4.6, Diff: 4.6, Sum: 17.7]
         [Processed Buffers: Min: 0, Avg: 6.4, Max: 19, Diff: 19, Sum: 51]
      [Scan RS (ms): Min: 2.2, Avg: 2.8, Max: 3.7, Diff: 1.4, Sum: 22.7]
      [Code Root Scanning (ms): Min: 0.0, Avg: 0.0, Max: 0.0, Diff: 0.0, Sum: 0.0]
      [Object Copy (ms): Min: 12.9, Avg: 13.2, Max: 13.6, Diff: 0.7, Sum: 105.5]
      [Termination (ms): Min: 0.2, Avg: 0.4, Max: 0.5, Diff: 0.3, Sum: 3.6]
         [Termination Attempts: Min: 2, Avg: 35.8, Max: 65, Diff: 63, Sum: 286]
      [GC Worker Other (ms): Min: 0.0, Avg: 0.0, Max: 0.0, Diff: 0.0, Sum: 0.2]
      [GC Worker Total (ms): Min: 15.9, Avg: 20.5, Max: 22.9, Diff: 7.0, Sum: 164.3]
      [GC Worker End (ms): Min: 74768246.9, Avg: 74768246.9, Max: 74768247.0, Diff: 0.0]
   [Code Root Fixup: 0.0 ms]
   [Code Root Purge: 0.0 ms]
   [Clear CT: 0.1 ms]
   [Other: 2.3 ms]
      [Choose CSet: 0.0 ms]
      [Ref Proc: 0.4 ms]
      [Ref Enq: 0.0 ms]
      [Redirty Cards: 0.1 ms]
      [Humongous Register: 0.3 ms]
      [Humongous Reclaim: 0.0 ms]
      [Free CSet: 0.2 ms]
   [Eden: 44.0M(44.0M)->0.0B(46.0M) Survivors: 7168.0K->5120.0K Heap: 288.6M(1024.0M)->244.8M(1024.0M)]
 [Times: user=0.07 sys=0.02, real=0.02 secs] 
2021-04-24T09:42:37.036+0800: 74790.777: [GC pause (G1 Evacuation Pause) (young), 0.0210775 secs]
   [Parallel Time: 19.5 ms, GC Workers: 8]
      [GC Worker Start (ms): Min: 74790777.2, Avg: 74790777.6, Max: 74790777.8, Diff: 0.6]
      [Ext Root Scanning (ms): Min: 0.4, Avg: 4.5, Max: 19.3, Diff: 18.9, Sum: 36.3]
      [Update RS (ms): Min: 0.0, Avg: 1.8, Max: 3.9, Diff: 3.9, Sum: 14.5]
         [Processed Buffers: Min: 0, Avg: 6.4, Max: 21, Diff: 21, Sum: 51]
      [Scan RS (ms): Min: 0.0, Avg: 3.3, Max: 9.2, Diff: 9.2, Sum: 26.2]
      [Code Root Scanning (ms): Min: 0.0, Avg: 0.0, Max: 0.0, Diff: 0.0, Sum: 0.0]
      [Object Copy (ms): Min: 0.0, Avg: 8.7, Max: 14.6, Diff: 14.6, Sum: 69.5]
      [Termination (ms): Min: 0.0, Avg: 0.7, Max: 0.9, Diff: 0.9, Sum: 5.9]
         [Termination Attempts: Min: 1, Avg: 1.9, Max: 3, Diff: 2, Sum: 15]
      [GC Worker Other (ms): Min: 0.0, Avg: 0.0, Max: 0.0, Diff: 0.0, Sum: 0.1]
      [GC Worker Total (ms): Min: 18.8, Avg: 19.1, Max: 19.4, Diff: 0.6, Sum: 152.6]
      [GC Worker End (ms): Min: 74790796.6, Avg: 74790796.6, Max: 74790796.7, Diff: 0.0]
   [Code Root Fixup: 0.0 ms]
   [Code Root Purge: 0.0 ms]
   [Clear CT: 0.2 ms]
   [Other: 1.4 ms]
      [Choose CSet: 0.0 ms]
      [Ref Proc: 0.4 ms]
      [Ref Enq: 0.0 ms]
      [Redirty Cards: 0.1 ms]
      [Humongous Register: 0.2 ms]
      [Humongous Reclaim: 0.0 ms]
      [Free CSet: 0.1 ms]
   [Eden: 46.0M(46.0M)->0.0B(44.0M) Survivors: 5120.0K->7168.0K Heap: 290.8M(1024.0M)->246.6M(1024.0M)]
 [Times: user=0.08 sys=0.01, real=0.02 secs] 
2021-04-24T09:42:58.746+0800: 74812.487: [GC pause (G1 Evacuation Pause) (young), 0.0202954 secs]
   [Parallel Time: 18.0 ms, GC Workers: 8]
      [GC Worker Start (ms): Min: 74812487.2, Avg: 74812490.1, Max: 74812496.1, Diff: 8.8]
      [Ext Root Scanning (ms): Min: 0.0, Avg: 1.7, Max: 8.9, Diff: 8.9, Sum: 13.9]
      [Update RS (ms): Min: 0.0, Avg: 2.2, Max: 5.3, Diff: 5.3, Sum: 17.7]
         [Processed Buffers: Min: 0, Avg: 5.9, Max: 16, Diff: 16, Sum: 47]
      [Scan RS (ms): Min: 0.0, Avg: 2.0, Max: 3.2, Diff: 3.2, Sum: 16.1]
      [Code Root Scanning (ms): Min: 0.0, Avg: 0.0, Max: 0.0, Diff: 0.0, Sum: 0.0]
      [Object Copy (ms): Min: 8.7, Avg: 8.9, Max: 9.1, Diff: 0.4, Sum: 71.3]
      [Termination (ms): Min: 0.0, Avg: 0.1, Max: 0.2, Diff: 0.2, Sum: 0.9]
         [Termination Attempts: Min: 1, Avg: 2.2, Max: 4, Diff: 3, Sum: 18]
      [GC Worker Other (ms): Min: 0.0, Avg: 0.0, Max: 0.0, Diff: 0.0, Sum: 0.2]
      [GC Worker Total (ms): Min: 9.0, Avg: 15.0, Max: 17.9, Diff: 8.9, Sum: 120.1]
      [GC Worker End (ms): Min: 74812505.0, Avg: 74812505.1, Max: 74812505.2, Diff: 0.1]
   [Code Root Fixup: 0.0 ms]
   [Code Root Purge: 0.0 ms]
   [Clear CT: 0.1 ms]
   [Other: 2.2 ms]
      [Choose CSet: 0.0 ms]
      [Ref Proc: 0.3 ms]
      [Ref Enq: 0.0 ms]
      [Redirty Cards: 0.1 ms]
      [Humongous Register: 0.3 ms]
      [Humongous Reclaim: 0.0 ms]
      [Free CSet: 0.2 ms]
   [Eden: 44.0M(44.0M)->0.0B(60.0M) Survivors: 7168.0K->5120.0K Heap: 290.6M(1024.0M)->246.0M(1024.0M)]
 [Times: user=0.07 sys=0.01, real=0.02 secs] 
2021-04-24T09:43:21.191+0800: 74834.932: [GC pause (G1 Evacuation Pause) (young), 0.0159422 secs]
   [Parallel Time: 15.0 ms, GC Workers: 8]
      [GC Worker Start (ms): Min: 74834932.6, Avg: 74834932.7, Max: 74834933.0, Diff: 0.4]
      [Ext Root Scanning (ms): Min: 0.3, Avg: 3.9, Max: 14.3, Diff: 14.0, Sum: 31.3]
      [Update RS (ms): Min: 0.0, Avg: 1.8, Max: 4.7, Diff: 4.7, Sum: 14.5]
         [Processed Buffers: Min: 0, Avg: 5.9, Max: 24, Diff: 24, Sum: 47]
      [Scan RS (ms): Min: 0.0, Avg: 3.2, Max: 10.5, Diff: 10.5, Sum: 25.4]
      [Code Root Scanning (ms): Min: 0.0, Avg: 0.0, Max: 0.0, Diff: 0.0, Sum: 0.0]
      [Object Copy (ms): Min: 0.5, Avg: 5.8, Max: 12.3, Diff: 11.7, Sum: 46.4]
      [Termination (ms): Min: 0.0, Avg: 0.0, Max: 0.1, Diff: 0.1, Sum: 0.3]
         [Termination Attempts: Min: 1, Avg: 11.2, Max: 24, Diff: 23, Sum: 90]
      [GC Worker Other (ms): Min: 0.0, Avg: 0.0, Max: 0.0, Diff: 0.0, Sum: 0.1]
      [GC Worker Total (ms): Min: 14.5, Avg: 14.7, Max: 14.9, Diff: 0.4, Sum: 118.0]
      [GC Worker End (ms): Min: 74834947.5, Avg: 74834947.5, Max: 74834947.5, Diff: 0.0]
   [Code Root Fixup: 0.0 ms]
   [Code Root Purge: 0.0 ms]
   [Clear CT: 0.1 ms]
   [Other: 0.8 ms]
      [Choose CSet: 0.0 ms]
      [Ref Proc: 0.2 ms]
      [Ref Enq: 0.0 ms]
      [Redirty Cards: 0.1 ms]
      [Humongous Register: 0.1 ms]
      [Humongous Reclaim: 0.0 ms]
      [Free CSet: 0.1 ms]
   [Eden: 46.0M(46.0M)->0.0B(96.0M) Survivors: 5120.0K->6144.0K Heap: 292.0M(1024.0M)->246.5M(1024.0M)]
 [Times: user=0.06 sys=0.00, real=0.01 secs] 
2021-04-24T09:44:08.637+0800: 74882.380: [GC pause (G1 Evacuation Pause) (young), 0.0182390 secs]
   [Parallel Time: 16.6 ms, GC Workers: 8]
      [GC Worker Start (ms): Min: 74882380.1, Avg: 74882381.5, Max: 74882388.7, Diff: 8.6]
      [Ext Root Scanning (ms): Min: 0.0, Avg: 3.0, Max: 10.7, Diff: 10.7, Sum: 23.7]
      [Update RS (ms): Min: 0.0, Avg: 3.1, Max: 7.4, Diff: 7.4, Sum: 25.1]
         [Processed Buffers: Min: 0, Avg: 6.2, Max: 23, Diff: 23, Sum: 50]
      [Scan RS (ms): Min: 0.0, Avg: 2.2, Max: 3.4, Diff: 3.4, Sum: 17.8]
      [Code Root Scanning (ms): Min: 0.0, Avg: 0.0, Max: 0.0, Diff: 0.0, Sum: 0.0]
      [Object Copy (ms): Min: 5.5, Avg: 6.8, Max: 14.0, Diff: 8.5, Sum: 54.8]
      [Termination (ms): Min: 0.0, Avg: 0.0, Max: 0.0, Diff: 0.0, Sum: 0.0]
         [Termination Attempts: Min: 1, Avg: 3.9, Max: 8, Diff: 7, Sum: 31]
      [GC Worker Other (ms): Min: 0.0, Avg: 0.0, Max: 0.0, Diff: 0.0, Sum: 0.3]
      [GC Worker Total (ms): Min: 7.9, Avg: 15.2, Max: 16.5, Diff: 8.6, Sum: 121.6]
      [GC Worker End (ms): Min: 74882396.7, Avg: 74882396.7, Max: 74882396.7, Diff: 0.0]
   [Code Root Fixup: 0.0 ms]
   [Code Root Purge: 0.0 ms]
   [Clear CT: 0.2 ms]
   [Other: 1.5 ms]
      [Choose CSet: 0.0 ms]
      [Ref Proc: 0.2 ms]
      [Ref Enq: 0.0 ms]
      [Redirty Cards: 0.2 ms]
      [Humongous Register: 0.3 ms]
      [Humongous Reclaim: 0.0 ms]
      [Free CSet: 0.2 ms]
   [Eden: 96.0M(96.0M)->0.0B(121.0M) Survivors: 6144.0K->9216.0K Heap: 342.5M(1024.0M)->249.5M(1024.0M)]
 [Times: user=0.08 sys=0.01, real=0.02 secs] 
2021-04-24T09:44:41.950+0800: 74915.693: [GC pause (G1 Evacuation Pause) (young), 0.0253326 secs]
   [Parallel Time: 23.5 ms, GC Workers: 8]
      [GC Worker Start (ms): Min: 74915693.1, Avg: 74915694.9, Max: 74915700.6, Diff: 7.5]
      [Ext Root Scanning (ms): Min: 0.0, Avg: 2.4, Max: 7.6, Diff: 7.6, Sum: 19.2]
      [Update RS (ms): Min: 0.0, Avg: 1.5, Max: 4.3, Diff: 4.3, Sum: 12.3]
         [Processed Buffers: Min: 0, Avg: 6.0, Max: 20, Diff: 20, Sum: 48]
      [Scan RS (ms): Min: 0.0, Avg: 1.7, Max: 3.7, Diff: 3.7, Sum: 13.4]
      [Code Root Scanning (ms): Min: 0.0, Avg: 0.0, Max: 0.0, Diff: 0.0, Sum: 0.0]
      [Object Copy (ms): Min: 15.6, Avg: 15.8, Max: 16.0, Diff: 0.3, Sum: 126.2]
      [Termination (ms): Min: 0.0, Avg: 0.0, Max: 0.0, Diff: 0.0, Sum: 0.0]
         [Termination Attempts: Min: 1, Avg: 1.2, Max: 2, Diff: 1, Sum: 10]
      [GC Worker Other (ms): Min: 0.0, Avg: 0.0, Max: 0.1, Diff: 0.1, Sum: 0.3]
      [GC Worker Total (ms): Min: 15.8, Avg: 21.4, Max: 23.3, Diff: 7.5, Sum: 171.4]
      [GC Worker End (ms): Min: 74915716.3, Avg: 74915716.4, Max: 74915716.4, Diff: 0.1]
   [Code Root Fixup: 0.0 ms]
   [Code Root Purge: 0.0 ms]
   [Clear CT: 0.2 ms]
   [Other: 1.7 ms]
      [Choose CSet: 0.0 ms]
      [Ref Proc: 0.4 ms]
      [Ref Enq: 0.0 ms]
      [Redirty Cards: 0.2 ms]
      [Humongous Register: 0.2 ms]
      [Humongous Reclaim: 0.0 ms]
      [Free CSet: 0.1 ms]
   [Eden: 68.0M(42.0M)->0.0B(56.0M) Survivors: 9216.0K->7168.0K Heap: 317.5M(1024.0M)->248.8M(1024.0M)]
 [Times: user=0.07 sys=0.01, real=0.02 secs] 
2021-04-24T09:45:03.424+0800: 74937.167: [GC pause (G1 Evacuation Pause) (young), 0.0262625 secs]
   [Parallel Time: 24.6 ms, GC Workers: 8]
      [GC Worker Start (ms): Min: 74937167.6, Avg: 74937168.7, Max: 74937173.7, Diff: 6.0]
      [Ext Root Scanning (ms): Min: 0.0, Avg: 2.9, Max: 7.3, Diff: 7.3, Sum: 23.6]
      [Update RS (ms): Min: 0.0, Avg: 1.4, Max: 3.1, Diff: 3.1, Sum: 11.4]
         [Processed Buffers: Min: 0, Avg: 6.8, Max: 28, Diff: 28, Sum: 54]
      [Scan RS (ms): Min: 0.0, Avg: 1.9, Max: 3.5, Diff: 3.5, Sum: 15.4]
      [Code Root Scanning (ms): Min: 0.0, Avg: 0.0, Max: 0.0, Diff: 0.0, Sum: 0.0]
      [Object Copy (ms): Min: 16.2, Avg: 16.8, Max: 17.4, Diff: 1.2, Sum: 134.6]
      [Termination (ms): Min: 0.0, Avg: 0.3, Max: 0.4, Diff: 0.4, Sum: 2.2]
         [Termination Attempts: Min: 1, Avg: 1.6, Max: 2, Diff: 1, Sum: 13]
      [GC Worker Other (ms): Min: 0.0, Avg: 0.0, Max: 0.1, Diff: 0.1, Sum: 0.3]
      [GC Worker Total (ms): Min: 18.5, Avg: 23.4, Max: 24.5, Diff: 6.0, Sum: 187.4]
      [GC Worker End (ms): Min: 74937192.1, Avg: 74937192.1, Max: 74937192.1, Diff: 0.1]
   [Code Root Fixup: 0.0 ms]
   [Code Root Purge: 0.0 ms]
   [Clear CT: 0.1 ms]
   [Other: 1.5 ms]
      [Choose CSet: 0.0 ms]
      [Ref Proc: 0.3 ms]
      [Ref Enq: 0.0 ms]
      [Redirty Cards: 0.1 ms]
      [Humongous Register: 0.1 ms]
      [Humongous Reclaim: 0.0 ms]
      [Free CSet: 0.1 ms]
   [Eden: 44.0M(44.0M)->0.0B(44.0M) Survivors: 7168.0K->7168.0K Heap: 292.8M(1024.0M)->250.7M(1024.0M)]
 [Times: user=0.06 sys=0.02, real=0.03 secs] 
2021-04-24T09:45:24.771+0800: 74958.515: [GC pause (G1 Evacuation Pause) (young), 0.0186418 secs]
   [Parallel Time: 16.4 ms, GC Workers: 8]
      [GC Worker Start (ms): Min: 74958514.8, Avg: 74958515.6, Max: 74958520.1, Diff: 5.2]
      [Ext Root Scanning (ms): Min: 0.0, Avg: 1.9, Max: 7.5, Diff: 7.5, Sum: 15.5]
      [Update RS (ms): Min: 0.0, Avg: 1.7, Max: 3.7, Diff: 3.7, Sum: 13.9]
         [Processed Buffers: Min: 0, Avg: 6.8, Max: 17, Diff: 17, Sum: 54]
      [Scan RS (ms): Min: 0.0, Avg: 2.3, Max: 4.1, Diff: 4.1, Sum: 18.5]
      [Code Root Scanning (ms): Min: 0.0, Avg: 0.0, Max: 0.0, Diff: 0.0, Sum: 0.0]
      [Object Copy (ms): Min: 7.3, Avg: 8.8, Max: 15.0, Diff: 7.7, Sum: 70.6]
      [Termination (ms): Min: 0.0, Avg: 0.7, Max: 0.9, Diff: 0.9, Sum: 5.8]
         [Termination Attempts: Min: 1, Avg: 4.8, Max: 10, Diff: 9, Sum: 38]
      [GC Worker Other (ms): Min: 0.0, Avg: 0.0, Max: 0.0, Diff: 0.0, Sum: 0.1]
      [GC Worker Total (ms): Min: 11.1, Avg: 15.5, Max: 16.3, Diff: 5.3, Sum: 124.4]
      [GC Worker End (ms): Min: 74958531.1, Avg: 74958531.1, Max: 74958531.2, Diff: 0.0]
   [Code Root Fixup: 0.0 ms]
   [Code Root Purge: 0.0 ms]
   [Clear CT: 0.1 ms]
   [Other: 2.1 ms]
      [Choose CSet: 0.0 ms]
      [Ref Proc: 0.3 ms]
      [Ref Enq: 0.0 ms]
      [Redirty Cards: 0.1 ms]
      [Humongous Register: 0.1 ms]
      [Humongous Reclaim: 0.0 ms]
      [Free CSet: 0.7 ms]
   [Eden: 44.0M(44.0M)->0.0B(83.0M) Survivors: 7168.0K->5120.0K Heap: 294.7M(1024.0M)->250.6M(1024.0M)]
 [Times: user=0.06 sys=0.01, real=0.02 secs] 
2021-04-24T09:45:52.830+0800: 74986.574: [GC pause (G1 Evacuation Pause) (young), 0.0187489 secs]
   [Parallel Time: 15.2 ms, GC Workers: 8]
      [GC Worker Start (ms): Min: 74986576.3, Avg: 74986577.3, Max: 74986582.4, Diff: 6.1]
      [Ext Root Scanning (ms): Min: 0.0, Avg: 2.8, Max: 14.9, Diff: 14.9, Sum: 22.1]
      [Update RS (ms): Min: 0.0, Avg: 2.4, Max: 5.4, Diff: 5.4, Sum: 19.0]
         [Processed Buffers: Min: 0, Avg: 6.8, Max: 22, Diff: 22, Sum: 54]
      [Scan RS (ms): Min: 0.0, Avg: 2.5, Max: 7.3, Diff: 7.3, Sum: 19.6]
      [Code Root Scanning (ms): Min: 0.0, Avg: 0.0, Max: 0.0, Diff: 0.0, Sum: 0.0]
      [Object Copy (ms): Min: 0.0, Avg: 6.0, Max: 12.2, Diff: 12.2, Sum: 48.2]
      [Termination (ms): Min: 0.0, Avg: 0.5, Max: 0.6, Diff: 0.6, Sum: 4.1]
         [Termination Attempts: Min: 1, Avg: 5.2, Max: 10, Diff: 9, Sum: 42]
      [GC Worker Other (ms): Min: 0.0, Avg: 0.0, Max: 0.1, Diff: 0.0, Sum: 0.2]
      [GC Worker Total (ms): Min: 9.1, Avg: 14.2, Max: 15.2, Diff: 6.1, Sum: 113.3]
      [GC Worker End (ms): Min: 74986591.4, Avg: 74986591.4, Max: 74986591.5, Diff: 0.0]
   [Code Root Fixup: 0.0 ms]
   [Code Root Purge: 0.0 ms]
   [Clear CT: 0.1 ms]
   [Other: 3.4 ms]
      [Choose CSet: 0.0 ms]
      [Ref Proc: 0.2 ms]
      [Ref Enq: 0.0 ms]
      [Redirty Cards: 0.1 ms]
      [Humongous Register: 0.3 ms]
      [Humongous Reclaim: 0.0 ms]
      [Free CSet: 0.1 ms]
   [Eden: 58.0M(46.0M)->0.0B(82.0M) Survivors: 5120.0K->6144.0K Heap: 308.6M(1024.0M)->251.6M(1024.0M)]
 [Times: user=0.06 sys=0.01, real=0.01 secs] 
2021-04-24T09:46:32.944+0800: 75026.688: [GC pause (G1 Evacuation Pause) (young), 0.0155540 secs]
   [Parallel Time: 14.5 ms, GC Workers: 8]
      [GC Worker Start (ms): Min: 75026688.6, Avg: 75026690.0, Max: 75026697.8, Diff: 9.2]
      [Ext Root Scanning (ms): Min: 0.0, Avg: 4.0, Max: 8.5, Diff: 8.5, Sum: 31.7]
      [Update RS (ms): Min: 0.0, Avg: 2.4, Max: 5.5, Diff: 5.5, Sum: 19.3]
         [Processed Buffers: Min: 0, Avg: 6.2, Max: 17, Diff: 17, Sum: 50]
      [Scan RS (ms): Min: 1.0, Avg: 2.4, Max: 3.5, Diff: 2.5, Sum: 19.5]
      [Code Root Scanning (ms): Min: 0.0, Avg: 0.0, Max: 0.0, Diff: 0.0, Sum: 0.0]
      [Object Copy (ms): Min: 3.9, Avg: 4.1, Max: 4.3, Diff: 0.3, Sum: 32.9]
      [Termination (ms): Min: 0.0, Avg: 0.0, Max: 0.1, Diff: 0.1, Sum: 0.4]
         [Termination Attempts: Min: 1, Avg: 16.9, Max: 26, Diff: 25, Sum: 135]
      [GC Worker Other (ms): Min: 0.0, Avg: 0.0, Max: 0.0, Diff: 0.0, Sum: 0.2]
      [GC Worker Total (ms): Min: 5.2, Avg: 13.0, Max: 14.4, Diff: 9.2, Sum: 104.1]
      [GC Worker End (ms): Min: 75026703.0, Avg: 75026703.0, Max: 75026703.0, Diff: 0.0]
   [Code Root Fixup: 0.0 ms]
   [Code Root Purge: 0.0 ms]
   [Clear CT: 0.1 ms]
   [Other: 1.0 ms]
      [Choose CSet: 0.0 ms]
      [Ref Proc: 0.3 ms]
      [Ref Enq: 0.0 ms]
      [Redirty Cards: 0.1 ms]
      [Humongous Register: 0.2 ms]
      [Humongous Reclaim: 0.0 ms]
      [Free CSet: 0.1 ms]
   [Eden: 82.0M(82.0M)->0.0B(125.0M) Survivors: 6144.0K->8192.0K Heap: 333.6M(1024.0M)->253.5M(1024.0M)]
 [Times: user=0.07 sys=0.01, real=0.02 secs] 
2021-04-24T09:47:05.971+0800: 75048.475: [GC pause (G1 Evacuation Pause) (young), 0.0519130 secs]
   [Parallel Time: 35.8 ms, GC Workers: 8]
      [GC Worker Start (ms): Min: 75048480.3, Avg: 75048481.0, Max: 75048482.6, Diff: 2.3]
      [Ext Root Scanning (ms): Min: 1.6, Avg: 3.6, Max: 9.9, Diff: 8.4, Sum: 29.0]
      [Update RS (ms): Min: 0.7, Avg: 6.4, Max: 7.9, Diff: 7.2, Sum: 51.4]
         [Processed Buffers: Min: 1, Avg: 5.9, Max: 18, Diff: 17, Sum: 47]
      [Scan RS (ms): Min: 2.7, Avg: 3.5, Max: 4.0, Diff: 1.3, Sum: 27.6]
      [Code Root Scanning (ms): Min: 0.0, Avg: 0.0, Max: 0.0, Diff: 0.0, Sum: 0.0]
      [Object Copy (ms): Min: 10.4, Avg: 10.6, Max: 10.8, Diff: 0.4, Sum: 84.4]
      [Termination (ms): Min: 0.0, Avg: 5.0, Max: 10.1, Diff: 10.1, Sum: 40.3]
         [Termination Attempts: Min: 1, Avg: 2.0, Max: 5, Diff: 4, Sum: 16]
      [GC Worker Other (ms): Min: 0.0, Avg: 0.2, Max: 1.6, Diff: 1.6, Sum: 1.8]
      [GC Worker Total (ms): Min: 22.9, Avg: 29.3, Max: 35.1, Diff: 12.1, Sum: 234.5]
      [GC Worker End (ms): Min: 75048505.4, Avg: 75048510.4, Max: 75048515.3, Diff: 10.0]
   [Code Root Fixup: 0.0 ms]
   [Code Root Purge: 0.0 ms]
   [Clear CT: 0.1 ms]
   [Other: 16.0 ms]
      [Choose CSet: 0.0 ms]
      [Ref Proc: 10.3 ms]
      [Ref Enq: 0.0 ms]
      [Redirty Cards: 0.2 ms]
      [Humongous Register: 2.0 ms]
      [Humongous Reclaim: 0.0 ms]
      [Free CSet: 0.3 ms]
   [Eden: 43.0M(43.0M)->0.0B(44.0M) Survivors: 8192.0K->7168.0K Heap: 296.5M(1024.0M)->253.2M(1024.0M)]
 [Times: user=0.06 sys=0.04, real=0.05 secs] 
2021-04-24T09:47:28.095+0800: 75070.597: [GC pause (G1 Evacuation Pause) (young), 0.0223489 secs]
   [Parallel Time: 18.9 ms, GC Workers: 8]
      [GC Worker Start (ms): Min: 75070598.2, Avg: 75070598.4, Max: 75070598.9, Diff: 0.7]
      [Ext Root Scanning (ms): Min: 1.2, Avg: 2.2, Max: 5.1, Diff: 4.0, Sum: 17.6]
      [Update RS (ms): Min: 0.0, Avg: 2.3, Max: 5.0, Diff: 5.0, Sum: 18.7]
         [Processed Buffers: Min: 0, Avg: 6.6, Max: 17, Diff: 17, Sum: 53]
      [Scan RS (ms): Min: 0.4, Avg: 2.4, Max: 3.3, Diff: 2.8, Sum: 19.6]
      [Code Root Scanning (ms): Min: 0.0, Avg: 0.0, Max: 0.0, Diff: 0.0, Sum: 0.0]
      [Object Copy (ms): Min: 9.1, Avg: 11.2, Max: 14.8, Diff: 5.7, Sum: 89.8]
      [Termination (ms): Min: 0.0, Avg: 0.3, Max: 0.4, Diff: 0.4, Sum: 2.6]
         [Termination Attempts: Min: 1, Avg: 1.8, Max: 3, Diff: 2, Sum: 14]
      [GC Worker Other (ms): Min: 0.0, Avg: 0.0, Max: 0.0, Diff: 0.0, Sum: 0.2]
      [GC Worker Total (ms): Min: 18.1, Avg: 18.6, Max: 18.8, Diff: 0.6, Sum: 148.5]
      [GC Worker End (ms): Min: 75070617.0, Avg: 75070617.0, Max: 75070617.0, Diff: 0.0]
   [Code Root Fixup: 0.0 ms]
   [Code Root Purge: 0.0 ms]
   [Clear CT: 0.1 ms]
   [Other: 3.3 ms]
      [Choose CSet: 0.0 ms]
      [Ref Proc: 1.1 ms]
      [Ref Enq: 0.0 ms]
      [Redirty Cards: 0.1 ms]
      [Humongous Register: 0.3 ms]
      [Humongous Reclaim: 0.0 ms]
      [Free CSet: 0.6 ms]
   [Eden: 44.0M(44.0M)->0.0B(44.0M) Survivors: 7168.0K->7168.0K Heap: 297.2M(1024.0M)->255.1M(1024.0M)]
 [Times: user=0.07 sys=0.02, real=0.02 secs] 
2021-04-24T09:47:50.488+0800: 75092.449: [GC pause (G1 Evacuation Pause) (young), 0.0224498 secs]
   [Parallel Time: 20.2 ms, GC Workers: 8]
      [GC Worker Start (ms): Min: 75092450.1, Avg: 75092452.1, Max: 75092457.5, Diff: 7.4]
      [Ext Root Scanning (ms): Min: 0.0, Avg: 2.9, Max: 8.4, Diff: 8.3, Sum: 23.5]
      [Update RS (ms): Min: 0.0, Avg: 1.3, Max: 3.2, Diff: 3.2, Sum: 10.3]
         [Processed Buffers: Min: 0, Avg: 5.9, Max: 20, Diff: 20, Sum: 47]
      [Scan RS (ms): Min: 0.0, Avg: 2.0, Max: 3.5, Diff: 3.5, Sum: 15.7]
      [Code Root Scanning (ms): Min: 0.0, Avg: 0.0, Max: 0.0, Diff: 0.0, Sum: 0.0]
      [Object Copy (ms): Min: 11.2, Avg: 11.6, Max: 12.0, Diff: 0.8, Sum: 92.6]
      [Termination (ms): Min: 0.0, Avg: 0.2, Max: 0.3, Diff: 0.3, Sum: 2.0]
         [Termination Attempts: Min: 1, Avg: 1.0, Max: 1, Diff: 0, Sum: 8]
      [GC Worker Other (ms): Min: 0.0, Avg: 0.0, Max: 0.0, Diff: 0.0, Sum: 0.1]
      [GC Worker Total (ms): Min: 12.6, Avg: 18.0, Max: 20.1, Diff: 7.4, Sum: 144.2]
      [GC Worker End (ms): Min: 75092470.2, Avg: 75092470.2, Max: 75092470.2, Diff: 0.0]
   [Code Root Fixup: 0.0 ms]
   [Code Root Purge: 0.0 ms]
   [Clear CT: 0.1 ms]
   [Other: 2.1 ms]
      [Choose CSet: 0.0 ms]
      [Ref Proc: 0.3 ms]
      [Ref Enq: 0.0 ms]
      [Redirty Cards: 0.1 ms]
      [Humongous Register: 0.3 ms]
      [Humongous Reclaim: 0.0 ms]
      [Free CSet: 0.2 ms]
   [Eden: 44.0M(44.0M)->0.0B(46.0M) Survivors: 7168.0K->5120.0K Heap: 299.1M(1024.0M)->254.3M(1024.0M)]
 [Times: user=0.06 sys=0.01, real=0.03 secs] 
2021-04-24T09:48:13.538+0800: 75115.495: [GC pause (G1 Evacuation Pause) (young), 0.0188891 secs]
   [Parallel Time: 16.7 ms, GC Workers: 8]
      [GC Worker Start (ms): Min: 75115495.9, Avg: 75115496.8, Max: 75115501.7, Diff: 5.8]
      [Ext Root Scanning (ms): Min: 0.0, Avg: 4.4, Max: 12.7, Diff: 12.7, Sum: 35.5]
      [Update RS (ms): Min: 0.0, Avg: 1.6, Max: 3.5, Diff: 3.5, Sum: 12.5]
         [Processed Buffers: Min: 0, Avg: 6.2, Max: 21, Diff: 21, Sum: 50]
      [Scan RS (ms): Min: 0.0, Avg: 2.2, Max: 4.0, Diff: 4.0, Sum: 18.0]
      [Code Root Scanning (ms): Min: 0.0, Avg: 0.0, Max: 0.0, Diff: 0.0, Sum: 0.0]
      [Object Copy (ms): Min: 2.6, Avg: 6.5, Max: 8.3, Diff: 5.7, Sum: 51.7]
      [Termination (ms): Min: 0.0, Avg: 1.1, Max: 1.2, Diff: 1.2, Sum: 8.4]
         [Termination Attempts: Min: 1, Avg: 2.2, Max: 4, Diff: 3, Sum: 18]
      [GC Worker Other (ms): Min: 0.0, Avg: 0.0, Max: 0.1, Diff: 0.0, Sum: 0.3]
      [GC Worker Total (ms): Min: 10.8, Avg: 15.8, Max: 16.6, Diff: 5.8, Sum: 126.4]
      [GC Worker End (ms): Min: 75115512.5, Avg: 75115512.6, Max: 75115512.6, Diff: 0.0]
   [Code Root Fixup: 0.0 ms]
   [Code Root Purge: 0.0 ms]
   [Clear CT: 0.1 ms]
   [Other: 2.0 ms]
      [Choose CSet: 0.0 ms]
      [Ref Proc: 0.6 ms]
      [Ref Enq: 0.0 ms]
      [Redirty Cards: 0.1 ms]
      [Humongous Register: 0.3 ms]
      [Humongous Reclaim: 0.0 ms]
      [Free CSet: 0.1 ms]
   [Eden: 46.0M(46.0M)->0.0B(44.0M) Survivors: 5120.0K->7168.0K Heap: 300.3M(1024.0M)->257.3M(1024.0M)]
 [Times: user=0.07 sys=0.01, real=0.02 secs] 
2021-04-24T14:38:07.260+0800: 75859.898: [GC pause (G1 Evacuation Pause) (young), 0.0334216 secs]
   [Parallel Time: 29.3 ms, GC Workers: 8]
      [GC Worker Start (ms): Min: 75859901.1, Avg: 75859901.3, Max: 75859901.5, Diff: 0.4]
      [Ext Root Scanning (ms): Min: 1.2, Avg: 2.1, Max: 6.5, Diff: 5.3, Sum: 17.1]
      [Update RS (ms): Min: 8.5, Avg: 13.6, Max: 17.4, Diff: 8.9, Sum: 108.5]
         [Processed Buffers: Min: 1, Avg: 6.1, Max: 16, Diff: 15, Sum: 49]
      [Scan RS (ms): Min: 0.0, Avg: 1.7, Max: 3.7, Diff: 3.7, Sum: 13.8]
      [Code Root Scanning (ms): Min: 0.0, Avg: 0.0, Max: 0.0, Diff: 0.0, Sum: 0.0]
      [Object Copy (ms): Min: 9.7, Avg: 11.1, Max: 11.6, Diff: 2.0, Sum: 88.5]
      [Termination (ms): Min: 0.0, Avg: 0.0, Max: 0.1, Diff: 0.1, Sum: 0.4]
         [Termination Attempts: Min: 1, Avg: 9.9, Max: 22, Diff: 21, Sum: 79]
      [GC Worker Other (ms): Min: 0.0, Avg: 0.1, Max: 0.4, Diff: 0.4, Sum: 0.7]
      [GC Worker Total (ms): Min: 28.4, Avg: 28.6, Max: 28.9, Diff: 0.5, Sum: 229.0]
      [GC Worker End (ms): Min: 75859929.9, Avg: 75859930.0, Max: 75859930.3, Diff: 0.4]
   [Code Root Fixup: 0.0 ms]
   [Code Root Purge: 0.0 ms]
   [Clear CT: 0.2 ms]
   [Other: 4.0 ms]
      [Choose CSet: 0.0 ms]
      [Ref Proc: 0.4 ms]
      [Ref Enq: 0.0 ms]
      [Redirty Cards: 0.1 ms]
      [Humongous Register: 0.8 ms]
      [Humongous Reclaim: 0.0 ms]
      [Free CSet: 0.2 ms]
   [Eden: 44.0M(44.0M)->0.0B(46.0M) Survivors: 7168.0K->5120.0K Heap: 301.3M(1024.0M)->255.9M(1024.0M)]
 [Times: user=0.07 sys=0.05, real=0.03 secs] 
2021-04-24T15:50:31.839+0800: 76751.785: [GC pause (G1 Evacuation Pause) (young), 0.0403888 secs]
   [Parallel Time: 34.9 ms, GC Workers: 8]
      [GC Worker Start (ms): Min: 76751789.4, Avg: 76751789.9, Max: 76751790.5, Diff: 1.1]
      [Ext Root Scanning (ms): Min: 2.6, Avg: 4.2, Max: 11.3, Diff: 8.7, Sum: 33.7]
      [Update RS (ms): Min: 0.0, Avg: 6.2, Max: 9.0, Diff: 9.0, Sum: 49.3]
         [Processed Buffers: Min: 0, Avg: 6.5, Max: 33, Diff: 33, Sum: 52]
      [Scan RS (ms): Min: 3.1, Avg: 5.2, Max: 6.0, Diff: 2.9, Sum: 41.9]
      [Code Root Scanning (ms): Min: 0.0, Avg: 0.0, Max: 0.0, Diff: 0.0, Sum: 0.0]
      [Object Copy (ms): Min: 16.7, Avg: 17.7, Max: 18.5, Diff: 1.8, Sum: 141.8]
      [Termination (ms): Min: 0.0, Avg: 0.3, Max: 0.6, Diff: 0.6, Sum: 2.3]
         [Termination Attempts: Min: 1, Avg: 1.0, Max: 1, Diff: 0, Sum: 8]
      [GC Worker Other (ms): Min: 0.0, Avg: 0.1, Max: 0.6, Diff: 0.5, Sum: 0.8]
      [GC Worker Total (ms): Min: 33.2, Avg: 33.7, Max: 34.2, Diff: 1.1, Sum: 269.8]
      [GC Worker End (ms): Min: 76751823.6, Avg: 76751823.6, Max: 76751823.7, Diff: 0.0]
   [Code Root Fixup: 0.1 ms]
   [Code Root Purge: 0.0 ms]
   [Clear CT: 0.1 ms]
   [Other: 5.3 ms]
      [Choose CSet: 0.0 ms]
      [Ref Proc: 1.2 ms]
      [Ref Enq: 0.0 ms]
      [Redirty Cards: 0.1 ms]
      [Humongous Register: 1.2 ms]
      [Humongous Reclaim: 0.0 ms]
      [Free CSet: 0.2 ms]
   [Eden: 46.0M(46.0M)->0.0B(44.0M) Survivors: 5120.0K->7168.0K Heap: 301.9M(1024.0M)->260.5M(1024.0M)]
 [Times: user=0.08 sys=0.06, real=0.05 secs] 
2021-04-24T15:50:54.223+0800: 76774.170: [GC pause (G1 Evacuation Pause) (young), 0.0300655 secs]
   [Parallel Time: 27.8 ms, GC Workers: 8]
      [GC Worker Start (ms): Min: 76774170.0, Avg: 76774171.2, Max: 76774174.9, Diff: 4.9]
      [Ext Root Scanning (ms): Min: 0.0, Avg: 1.2, Max: 3.3, Diff: 3.3, Sum: 9.9]
      [Update RS (ms): Min: 4.5, Avg: 8.4, Max: 13.0, Diff: 8.6, Sum: 67.5]
         [Processed Buffers: Min: 0, Avg: 5.8, Max: 22, Diff: 22, Sum: 46]
      [Scan RS (ms): Min: 0.0, Avg: 4.5, Max: 7.7, Diff: 7.7, Sum: 36.1]
      [Code Root Scanning (ms): Min: 0.0, Avg: 0.0, Max: 0.0, Diff: 0.0, Sum: 0.0]
      [Object Copy (ms): Min: 11.4, Avg: 11.8, Max: 12.7, Diff: 1.3, Sum: 94.1]
      [Termination (ms): Min: 0.0, Avg: 0.3, Max: 0.6, Diff: 0.6, Sum: 2.8]
         [Termination Attempts: Min: 2, Avg: 15.8, Max: 25, Diff: 23, Sum: 126]
      [GC Worker Other (ms): Min: 0.0, Avg: 0.0, Max: 0.0, Diff: 0.0, Sum: 0.2]
      [GC Worker Total (ms): Min: 22.6, Avg: 26.3, Max: 27.6, Diff: 4.9, Sum: 210.8]
      [GC Worker End (ms): Min: 76774197.6, Avg: 76774197.6, Max: 76774197.6, Diff: 0.0]
   [Code Root Fixup: 0.1 ms]
   [Code Root Purge: 0.0 ms]
   [Clear CT: 0.2 ms]
   [Other: 2.1 ms]
      [Choose CSet: 0.0 ms]
      [Ref Proc: 0.8 ms]
      [Ref Enq: 0.0 ms]
      [Redirty Cards: 0.1 ms]
      [Humongous Register: 0.1 ms]
      [Humongous Reclaim: 0.0 ms]
      [Free CSet: 0.1 ms]
   [Eden: 44.0M(44.0M)->0.0B(44.0M) Survivors: 7168.0K->7168.0K Heap: 304.5M(1024.0M)->264.3M(1024.0M)]
 [Times: user=0.08 sys=0.02, real=0.03 secs] 
2021-04-24T15:51:16.321+0800: 76796.267: [GC pause (G1 Evacuation Pause) (young), 0.0281615 secs]
   [Parallel Time: 26.1 ms, GC Workers: 8]
      [GC Worker Start (ms): Min: 76796267.8, Avg: 76796268.6, Max: 76796272.4, Diff: 4.6]
      [Ext Root Scanning (ms): Min: 0.0, Avg: 2.0, Max: 6.1, Diff: 6.1, Sum: 15.8]
      [Update RS (ms): Min: 0.0, Avg: 0.8, Max: 1.8, Diff: 1.8, Sum: 6.2]
         [Processed Buffers: Min: 0, Avg: 6.2, Max: 20, Diff: 20, Sum: 50]
      [Scan RS (ms): Min: 0.0, Avg: 4.1, Max: 6.6, Diff: 6.6, Sum: 32.7]
      [Code Root Scanning (ms): Min: 0.0, Avg: 0.0, Max: 0.0, Diff: 0.0, Sum: 0.0]
      [Object Copy (ms): Min: 16.4, Avg: 18.0, Max: 22.6, Diff: 6.2, Sum: 144.3]
      [Termination (ms): Min: 0.0, Avg: 0.3, Max: 0.3, Diff: 0.3, Sum: 2.2]
         [Termination Attempts: Min: 1, Avg: 2.1, Max: 4, Diff: 3, Sum: 17]
      [GC Worker Other (ms): Min: 0.0, Avg: 0.0, Max: 0.0, Diff: 0.0, Sum: 0.2]
      [GC Worker Total (ms): Min: 21.4, Avg: 25.2, Max: 26.0, Diff: 4.6, Sum: 201.5]
      [GC Worker End (ms): Min: 76796293.8, Avg: 76796293.8, Max: 76796293.8, Diff: 0.0]
   [Code Root Fixup: 0.0 ms]
   [Code Root Purge: 0.0 ms]
   [Clear CT: 0.2 ms]
   [Other: 1.8 ms]
      [Choose CSet: 0.0 ms]
      [Ref Proc: 0.3 ms]
      [Ref Enq: 0.0 ms]
      [Redirty Cards: 0.1 ms]
      [Humongous Register: 0.2 ms]
      [Humongous Reclaim: 0.0 ms]
      [Free CSet: 0.1 ms]
   [Eden: 44.0M(44.0M)->0.0B(45.0M) Survivors: 7168.0K->6144.0K Heap: 308.3M(1024.0M)->267.5M(1024.0M)]
 [Times: user=0.08 sys=0.03, real=0.02 secs] 
2021-04-24T15:51:39.225+0800: 76819.172: [GC pause (G1 Evacuation Pause) (young), 0.0291182 secs]
   [Parallel Time: 24.7 ms, GC Workers: 8]
      [GC Worker Start (ms): Min: 76819174.9, Avg: 76819175.3, Max: 76819177.3, Diff: 2.4]
      [Ext Root Scanning (ms): Min: 0.0, Avg: 3.0, Max: 7.9, Diff: 7.9, Sum: 24.4]
      [Update RS (ms): Min: 0.0, Avg: 3.3, Max: 6.0, Diff: 6.0, Sum: 26.7]
         [Processed Buffers: Min: 0, Avg: 6.5, Max: 37, Diff: 37, Sum: 52]
      [Scan RS (ms): Min: 0.0, Avg: 1.4, Max: 2.7, Diff: 2.7, Sum: 11.2]
      [Code Root Scanning (ms): Min: 0.0, Avg: 0.0, Max: 0.0, Diff: 0.0, Sum: 0.0]
      [Object Copy (ms): Min: 15.8, Avg: 16.2, Max: 16.6, Diff: 0.8, Sum: 129.4]
      [Termination (ms): Min: 0.0, Avg: 0.2, Max: 0.3, Diff: 0.3, Sum: 1.5]
         [Termination Attempts: Min: 1, Avg: 17.6, Max: 31, Diff: 30, Sum: 141]
      [GC Worker Other (ms): Min: 0.0, Avg: 0.0, Max: 0.1, Diff: 0.0, Sum: 0.3]
      [GC Worker Total (ms): Min: 22.2, Avg: 24.2, Max: 24.7, Diff: 2.4, Sum: 193.4]
      [GC Worker End (ms): Min: 76819199.5, Avg: 76819199.5, Max: 76819199.5, Diff: 0.1]
   [Code Root Fixup: 0.0 ms]
   [Code Root Purge: 0.0 ms]
   [Clear CT: 0.2 ms]
   [Other: 4.1 ms]
      [Choose CSet: 0.0 ms]
      [Ref Proc: 0.4 ms]
      [Ref Enq: 0.0 ms]
      [Redirty Cards: 0.3 ms]
      [Humongous Register: 0.2 ms]
      [Humongous Reclaim: 0.0 ms]
      [Free CSet: 0.1 ms]
   [Eden: 45.0M(45.0M)->0.0B(45.0M) Survivors: 6144.0K->6144.0K Heap: 312.5M(1024.0M)->270.3M(1024.0M)]
 [Times: user=0.08 sys=0.02, real=0.03 secs] 
2021-04-24T15:52:01.980+0800: 76841.927: [GC pause (G1 Evacuation Pause) (young), 0.0190481 secs]
   [Parallel Time: 16.9 ms, GC Workers: 8]
      [GC Worker Start (ms): Min: 76841928.5, Avg: 76841928.9, Max: 76841929.4, Diff: 0.9]
      [Ext Root Scanning (ms): Min: 1.3, Avg: 4.3, Max: 16.2, Diff: 14.9, Sum: 34.6]
      [Update RS (ms): Min: 0.0, Avg: 5.2, Max: 11.7, Diff: 11.7, Sum: 41.7]
         [Processed Buffers: Min: 0, Avg: 5.4, Max: 17, Diff: 17, Sum: 43]
      [Scan RS (ms): Min: 0.0, Avg: 1.8, Max: 6.2, Diff: 6.2, Sum: 14.4]
      [Code Root Scanning (ms): Min: 0.0, Avg: 0.0, Max: 0.0, Diff: 0.0, Sum: 0.0]
      [Object Copy (ms): Min: 0.4, Avg: 5.0, Max: 7.7, Diff: 7.3, Sum: 39.7]
      [Termination (ms): Min: 0.0, Avg: 0.0, Max: 0.1, Diff: 0.1, Sum: 0.3]
         [Termination Attempts: Min: 1, Avg: 7.6, Max: 15, Diff: 14, Sum: 61]
      [GC Worker Other (ms): Min: 0.0, Avg: 0.1, Max: 0.1, Diff: 0.1, Sum: 0.5]
      [GC Worker Total (ms): Min: 15.9, Avg: 16.4, Max: 16.8, Diff: 0.9, Sum: 131.3]
      [GC Worker End (ms): Min: 76841945.2, Avg: 76841945.3, Max: 76841945.3, Diff: 0.1]
   [Code Root Fixup: 0.0 ms]
   [Code Root Purge: 0.0 ms]
   [Clear CT: 0.1 ms]
   [Other: 2.0 ms]
      [Choose CSet: 0.0 ms]
      [Ref Proc: 0.2 ms]
      [Ref Enq: 0.0 ms]
      [Redirty Cards: 0.1 ms]
      [Humongous Register: 0.4 ms]
      [Humongous Reclaim: 0.0 ms]
      [Free CSet: 0.1 ms]
   [Eden: 45.0M(45.0M)->0.0B(44.0M) Survivors: 6144.0K->7168.0K Heap: 315.3M(1024.0M)->271.3M(1024.0M)]
 [Times: user=0.06 sys=0.01, real=0.01 secs] 
2021-04-24T15:52:24.388+0800: 76864.336: [GC pause (G1 Evacuation Pause) (young), 0.0190310 secs]
   [Parallel Time: 17.3 ms, GC Workers: 8]
      [GC Worker Start (ms): Min: 76864336.5, Avg: 76864338.1, Max: 76864342.6, Diff: 6.1]
      [Ext Root Scanning (ms): Min: 0.0, Avg: 2.4, Max: 12.7, Diff: 12.7, Sum: 19.5]
      [Update RS (ms): Min: 0.0, Avg: 0.9, Max: 2.2, Diff: 2.2, Sum: 7.4]
         [Processed Buffers: Min: 0, Avg: 5.1, Max: 25, Diff: 25, Sum: 41]
      [Scan RS (ms): Min: 0.0, Avg: 1.8, Max: 3.8, Diff: 3.8, Sum: 14.2]
      [Code Root Scanning (ms): Min: 0.0, Avg: 0.0, Max: 0.0, Diff: 0.0, Sum: 0.0]
      [Object Copy (ms): Min: 3.3, Avg: 9.5, Max: 15.0, Diff: 11.7, Sum: 76.4]
      [Termination (ms): Min: 0.0, Avg: 0.2, Max: 0.3, Diff: 0.3, Sum: 1.4]
         [Termination Attempts: Min: 1, Avg: 3.9, Max: 8, Diff: 7, Sum: 31]
      [GC Worker Other (ms): Min: 0.0, Avg: 0.1, Max: 0.7, Diff: 0.7, Sum: 0.9]
      [GC Worker Total (ms): Min: 10.5, Avg: 15.0, Max: 16.8, Diff: 6.3, Sum: 119.9]
      [GC Worker End (ms): Min: 76864353.0, Avg: 76864353.1, Max: 76864353.7, Diff: 0.7]
   [Code Root Fixup: 0.0 ms]
   [Code Root Purge: 0.0 ms]
   [Clear CT: 0.1 ms]
   [Other: 1.6 ms]
      [Choose CSet: 0.0 ms]
      [Ref Proc: 0.3 ms]
      [Ref Enq: 0.0 ms]
      [Redirty Cards: 0.1 ms]
      [Humongous Register: 0.3 ms]
      [Humongous Reclaim: 0.0 ms]
      [Free CSet: 0.1 ms]
   [Eden: 44.0M(44.0M)->0.0B(44.0M) Survivors: 7168.0K->7168.0K Heap: 315.3M(1024.0M)->272.0M(1024.0M)]
 [Times: user=0.06 sys=0.00, real=0.02 secs] 
2021-04-24T15:52:46.459+0800: 76886.407: [GC pause (G1 Evacuation Pause) (young), 0.0220536 secs]
   [Parallel Time: 20.1 ms, GC Workers: 8]
      [GC Worker Start (ms): Min: 76886407.8, Avg: 76886408.1, Max: 76886409.2, Diff: 1.4]
      [Ext Root Scanning (ms): Min: 0.0, Avg: 2.6, Max: 7.4, Diff: 7.4, Sum: 20.8]
      [Update RS (ms): Min: 0.0, Avg: 1.2, Max: 2.9, Diff: 2.9, Sum: 9.8]
         [Processed Buffers: Min: 0, Avg: 5.1, Max: 21, Diff: 21, Sum: 41]
      [Scan RS (ms): Min: 0.0, Avg: 1.8, Max: 3.7, Diff: 3.7, Sum: 14.5]
      [Code Root Scanning (ms): Min: 0.0, Avg: 0.0, Max: 0.0, Diff: 0.0, Sum: 0.0]
      [Object Copy (ms): Min: 12.3, Avg: 13.9, Max: 18.0, Diff: 5.7, Sum: 111.3]
      [Termination (ms): Min: 0.0, Avg: 0.0, Max: 0.0, Diff: 0.0, Sum: 0.1]
         [Termination Attempts: Min: 1, Avg: 3.2, Max: 6, Diff: 5, Sum: 26]
      [GC Worker Other (ms): Min: 0.0, Avg: 0.1, Max: 0.2, Diff: 0.2, Sum: 0.5]
      [GC Worker Total (ms): Min: 18.5, Avg: 19.6, Max: 20.0, Diff: 1.5, Sum: 157.0]
      [GC Worker End (ms): Min: 76886427.7, Avg: 76886427.7, Max: 76886427.8, Diff: 0.1]
   [Code Root Fixup: 0.0 ms]
   [Code Root Purge: 0.0 ms]
   [Clear CT: 0.2 ms]
   [Other: 1.8 ms]
      [Choose CSet: 0.0 ms]
      [Ref Proc: 0.5 ms]
      [Ref Enq: 0.0 ms]
      [Redirty Cards: 0.2 ms]
      [Humongous Register: 0.3 ms]
      [Humongous Reclaim: 0.0 ms]
      [Free CSet: 0.1 ms]
   [Eden: 44.0M(44.0M)->0.0B(45.0M) Survivors: 7168.0K->6144.0K Heap: 316.0M(1024.0M)->271.5M(1024.0M)]
 [Times: user=0.07 sys=0.02, real=0.03 secs] 
2021-04-24T15:53:09.109+0800: 76909.058: [GC pause (G1 Evacuation Pause) (young), 0.0195319 secs]
   [Parallel Time: 17.9 ms, GC Workers: 8]
      [GC Worker Start (ms): Min: 76909058.1, Avg: 76909058.4, Max: 76909059.7, Diff: 1.6]
      [Ext Root Scanning (ms): Min: 0.0, Avg: 5.7, Max: 17.7, Diff: 17.7, Sum: 45.5]
      [Update RS (ms): Min: 0.0, Avg: 2.4, Max: 5.3, Diff: 5.3, Sum: 19.2]
         [Processed Buffers: Min: 0, Avg: 5.0, Max: 23, Diff: 23, Sum: 40]
      [Scan RS (ms): Min: 0.0, Avg: 1.9, Max: 3.3, Diff: 3.3, Sum: 14.9]
      [Code Root Scanning (ms): Min: 0.0, Avg: 0.0, Max: 0.0, Diff: 0.0, Sum: 0.0]
      [Object Copy (ms): Min: 0.0, Avg: 7.3, Max: 11.5, Diff: 11.5, Sum: 58.8]
      [Termination (ms): Min: 0.0, Avg: 0.2, Max: 0.2, Diff: 0.2, Sum: 1.3]
         [Termination Attempts: Min: 1, Avg: 6.6, Max: 16, Diff: 15, Sum: 53]
      [GC Worker Other (ms): Min: 0.0, Avg: 0.0, Max: 0.1, Diff: 0.0, Sum: 0.2]
      [GC Worker Total (ms): Min: 16.2, Avg: 17.5, Max: 17.8, Diff: 1.6, Sum: 139.9]
      [GC Worker End (ms): Min: 76909075.9, Avg: 76909075.9, Max: 76909076.0, Diff: 0.0]
   [Code Root Fixup: 0.0 ms]
   [Code Root Purge: 0.0 ms]
   [Clear CT: 0.1 ms]
   [Other: 1.5 ms]
      [Choose CSet: 0.0 ms]
      [Ref Proc: 0.4 ms]
      [Ref Enq: 0.0 ms]
      [Redirty Cards: 0.1 ms]
      [Humongous Register: 0.3 ms]
      [Humongous Reclaim: 0.0 ms]
      [Free CSet: 0.1 ms]
   [Eden: 45.0M(45.0M)->0.0B(44.0M) Survivors: 6144.0K->7168.0K Heap: 316.5M(1024.0M)->273.2M(1024.0M)]
 [Times: user=0.07 sys=0.01, real=0.02 secs] 
2021-04-24T15:53:31.220+0800: 76931.169: [GC pause (G1 Evacuation Pause) (young), 0.0207214 secs]
   [Parallel Time: 18.1 ms, GC Workers: 8]
      [GC Worker Start (ms): Min: 76931169.8, Avg: 76931170.0, Max: 76931170.4, Diff: 0.6]
      [Ext Root Scanning (ms): Min: 0.9, Avg: 3.4, Max: 7.8, Diff: 6.9, Sum: 27.0]
      [Update RS (ms): Min: 0.0, Avg: 2.6, Max: 5.9, Diff: 5.9, Sum: 21.2]
         [Processed Buffers: Min: 0, Avg: 5.5, Max: 22, Diff: 22, Sum: 44]
      [Scan RS (ms): Min: 0.0, Avg: 1.1, Max: 2.9, Diff: 2.9, Sum: 9.0]
      [Code Root Scanning (ms): Min: 0.0, Avg: 0.0, Max: 0.0, Diff: 0.0, Sum: 0.0]
      [Object Copy (ms): Min: 9.6, Avg: 10.2, Max: 10.8, Diff: 1.2, Sum: 81.4]
      [Termination (ms): Min: 0.0, Avg: 0.2, Max: 0.3, Diff: 0.3, Sum: 2.0]
         [Termination Attempts: Min: 1, Avg: 1.8, Max: 3, Diff: 2, Sum: 14]
      [GC Worker Other (ms): Min: 0.0, Avg: 0.0, Max: 0.1, Diff: 0.0, Sum: 0.4]
      [GC Worker Total (ms): Min: 17.2, Avg: 17.6, Max: 17.9, Diff: 0.6, Sum: 140.9]
      [GC Worker End (ms): Min: 76931187.6, Avg: 76931187.6, Max: 76931187.6, Diff: 0.0]
   [Code Root Fixup: 0.0 ms]
   [Code Root Purge: 0.0 ms]
   [Clear CT: 0.1 ms]
   [Other: 2.5 ms]
      [Choose CSet: 0.0 ms]
      [Ref Proc: 0.3 ms]
      [Ref Enq: 0.0 ms]
      [Redirty Cards: 0.1 ms]
      [Humongous Register: 0.6 ms]
      [Humongous Reclaim: 0.0 ms]
      [Free CSet: 0.2 ms]
   [Eden: 44.0M(44.0M)->0.0B(46.0M) Survivors: 7168.0K->5120.0K Heap: 317.2M(1024.0M)->272.4M(1024.0M)]
 [Times: user=0.07 sys=0.01, real=0.02 secs] 
2021-04-24T15:53:54.426+0800: 76954.375: [GC pause (G1 Evacuation Pause) (young), 0.0172825 secs]
   [Parallel Time: 15.2 ms, GC Workers: 8]
      [GC Worker Start (ms): Min: 76954375.6, Avg: 76954376.9, Max: 76954384.2, Diff: 8.6]
      [Ext Root Scanning (ms): Min: 0.0, Avg: 3.9, Max: 10.9, Diff: 10.9, Sum: 31.5]
      [Update RS (ms): Min: 0.0, Avg: 1.6, Max: 3.6, Diff: 3.6, Sum: 12.7]
         [Processed Buffers: Min: 0, Avg: 5.6, Max: 15, Diff: 15, Sum: 45]
      [Scan RS (ms): Min: 0.0, Avg: 2.1, Max: 4.0, Diff: 4.0, Sum: 17.0]
      [Code Root Scanning (ms): Min: 0.0, Avg: 0.0, Max: 0.0, Diff: 0.0, Sum: 0.0]
      [Object Copy (ms): Min: 4.1, Avg: 6.1, Max: 6.8, Diff: 2.8, Sum: 48.6]
      [Termination (ms): Min: 0.0, Avg: 0.0, Max: 0.0, Diff: 0.0, Sum: 0.1]
         [Termination Attempts: Min: 1, Avg: 8.1, Max: 13, Diff: 12, Sum: 65]
      [GC Worker Other (ms): Min: 0.0, Avg: 0.0, Max: 0.1, Diff: 0.0, Sum: 0.3]
      [GC Worker Total (ms): Min: 6.5, Avg: 13.8, Max: 15.0, Diff: 8.6, Sum: 110.1]
      [GC Worker End (ms): Min: 76954390.7, Avg: 76954390.7, Max: 76954390.7, Diff: 0.0]
   [Code Root Fixup: 0.0 ms]
   [Code Root Purge: 0.0 ms]
   [Clear CT: 0.1 ms]
   [Other: 2.0 ms]
      [Choose CSet: 0.0 ms]
      [Ref Proc: 0.5 ms]
      [Ref Enq: 0.0 ms]
      [Redirty Cards: 0.1 ms]
      [Humongous Register: 0.3 ms]
      [Humongous Reclaim: 0.1 ms]
      [Free CSet: 0.2 ms]
   [Eden: 46.0M(46.0M)->0.0B(45.0M) Survivors: 5120.0K->6144.0K Heap: 318.4M(1024.0M)->273.2M(1024.0M)]
 [Times: user=0.08 sys=0.00, real=0.02 secs] 
2021-04-24T15:54:17.326+0800: 76977.275: [GC pause (G1 Evacuation Pause) (young), 0.0222025 secs]
   [Parallel Time: 19.8 ms, GC Workers: 8]
      [GC Worker Start (ms): Min: 76977275.8, Avg: 76977276.1, Max: 76977277.0, Diff: 1.1]
      [Ext Root Scanning (ms): Min: 0.0, Avg: 2.5, Max: 7.2, Diff: 7.2, Sum: 20.1]
      [Update RS (ms): Min: 0.0, Avg: 1.3, Max: 3.2, Diff: 3.2, Sum: 10.8]
         [Processed Buffers: Min: 0, Avg: 4.9, Max: 20, Diff: 20, Sum: 39]
      [Scan RS (ms): Min: 0.0, Avg: 1.5, Max: 2.9, Diff: 2.9, Sum: 12.2]
      [Code Root Scanning (ms): Min: 0.0, Avg: 0.0, Max: 0.0, Diff: 0.0, Sum: 0.0]
      [Object Copy (ms): Min: 12.0, Avg: 13.6, Max: 18.1, Diff: 6.1, Sum: 108.5]
      [Termination (ms): Min: 0.0, Avg: 0.5, Max: 0.6, Diff: 0.6, Sum: 3.6]
         [Termination Attempts: Min: 1, Avg: 1.4, Max: 2, Diff: 1, Sum: 11]
      [GC Worker Other (ms): Min: 0.0, Avg: 0.0, Max: 0.0, Diff: 0.0, Sum: 0.1]
      [GC Worker Total (ms): Min: 18.6, Avg: 19.4, Max: 19.7, Diff: 1.1, Sum: 155.4]
      [GC Worker End (ms): Min: 76977295.5, Avg: 76977295.6, Max: 76977295.6, Diff: 0.1]
   [Code Root Fixup: 0.0 ms]
   [Code Root Purge: 0.0 ms]
   [Clear CT: 0.1 ms]
   [Other: 2.2 ms]
      [Choose CSet: 0.0 ms]
      [Ref Proc: 0.4 ms]
      [Ref Enq: 0.0 ms]
      [Redirty Cards: 0.1 ms]
      [Humongous Register: 0.2 ms]
      [Humongous Reclaim: 0.1 ms]
      [Free CSet: 0.1 ms]
   [Eden: 45.0M(45.0M)->0.0B(45.0M) Survivors: 6144.0K->6144.0K Heap: 318.2M(1024.0M)->274.2M(1024.0M)]
 [Times: user=0.06 sys=0.01, real=0.02 secs] 
2021-04-24T15:54:40.056+0800: 77000.007: [GC pause (G1 Evacuation Pause) (young), 0.0140382 secs]
   [Parallel Time: 13.1 ms, GC Workers: 8]
      [GC Worker Start (ms): Min: 77000006.9, Avg: 77000007.1, Max: 77000007.6, Diff: 0.7]
      [Ext Root Scanning (ms): Min: 0.0, Avg: 2.2, Max: 10.4, Diff: 10.4, Sum: 17.4]
      [Update RS (ms): Min: 0.0, Avg: 2.4, Max: 10.3, Diff: 10.3, Sum: 19.1]
         [Processed Buffers: Min: 0, Avg: 4.9, Max: 27, Diff: 27, Sum: 39]
      [Scan RS (ms): Min: 0.0, Avg: 1.8, Max: 7.9, Diff: 7.9, Sum: 14.2]
      [Code Root Scanning (ms): Min: 0.0, Avg: 0.0, Max: 0.0, Diff: 0.0, Sum: 0.0]
      [Object Copy (ms): Min: 1.9, Avg: 6.4, Max: 12.3, Diff: 10.3, Sum: 51.1]
      [Termination (ms): Min: 0.0, Avg: 0.1, Max: 0.1, Diff: 0.1, Sum: 0.4]
         [Termination Attempts: Min: 1, Avg: 12.2, Max: 20, Diff: 19, Sum: 98]
      [GC Worker Other (ms): Min: 0.0, Avg: 0.0, Max: 0.0, Diff: 0.0, Sum: 0.1]
      [GC Worker Total (ms): Min: 12.3, Avg: 12.8, Max: 13.0, Diff: 0.7, Sum: 102.4]
      [GC Worker End (ms): Min: 77000019.9, Avg: 77000019.9, Max: 77000019.9, Diff: 0.0]
   [Code Root Fixup: 0.0 ms]
   [Code Root Purge: 0.0 ms]
   [Clear CT: 0.1 ms]
   [Other: 0.9 ms]
      [Choose CSet: 0.0 ms]
      [Ref Proc: 0.3 ms]
      [Ref Enq: 0.0 ms]
      [Redirty Cards: 0.1 ms]
      [Humongous Register: 0.1 ms]
      [Humongous Reclaim: 0.0 ms]
      [Free CSet: 0.0 ms]
   [Eden: 45.0M(45.0M)->0.0B(91.0M) Survivors: 6144.0K->7168.0K Heap: 319.2M(1024.0M)->275.9M(1024.0M)]
 [Times: user=0.05 sys=0.01, real=0.02 secs] 
2021-04-24T15:55:26.206+0800: 77046.157: [GC pause (G1 Evacuation Pause) (young), 0.0299725 secs]
   [Parallel Time: 28.0 ms, GC Workers: 8]
      [GC Worker Start (ms): Min: 77046157.5, Avg: 77046159.3, Max: 77046166.9, Diff: 9.4]
      [Ext Root Scanning (ms): Min: 0.0, Avg: 3.5, Max: 12.8, Diff: 12.8, Sum: 28.0]
      [Update RS (ms): Min: 0.0, Avg: 1.5, Max: 3.6, Diff: 3.6, Sum: 12.4]
         [Processed Buffers: Min: 0, Avg: 4.9, Max: 28, Diff: 28, Sum: 39]
      [Scan RS (ms): Min: 0.0, Avg: 2.0, Max: 4.4, Diff: 4.3, Sum: 16.2]
      [Code Root Scanning (ms): Min: 0.0, Avg: 0.0, Max: 0.0, Diff: 0.0, Sum: 0.0]
      [Object Copy (ms): Min: 14.9, Avg: 18.5, Max: 23.6, Diff: 8.7, Sum: 148.3]
      [Termination (ms): Min: 0.0, Avg: 0.4, Max: 0.4, Diff: 0.4, Sum: 2.9]
         [Termination Attempts: Min: 1, Avg: 1.8, Max: 4, Diff: 3, Sum: 14]
      [GC Worker Other (ms): Min: 0.0, Avg: 0.0, Max: 0.1, Diff: 0.1, Sum: 0.3]
      [GC Worker Total (ms): Min: 18.4, Avg: 26.0, Max: 27.8, Diff: 9.4, Sum: 208.1]
      [GC Worker End (ms): Min: 77046185.3, Avg: 77046185.3, Max: 77046185.3, Diff: 0.1]
   [Code Root Fixup: 0.0 ms]
   [Code Root Purge: 0.0 ms]
   [Clear CT: 0.1 ms]
   [Other: 1.8 ms]
      [Choose CSet: 0.0 ms]
      [Ref Proc: 0.7 ms]
      [Ref Enq: 0.0 ms]
      [Redirty Cards: 0.1 ms]
      [Humongous Register: 0.2 ms]
      [Humongous Reclaim: 0.0 ms]
      [Free CSet: 0.2 ms]
   [Eden: 91.0M(91.0M)->0.0B(43.0M) Survivors: 7168.0K->8192.0K Heap: 366.9M(1024.0M)->276.9M(1024.0M)]
 [Times: user=0.08 sys=0.02, real=0.03 secs] 
2021-04-24T15:55:47.959+0800: 77067.910: [GC pause (G1 Evacuation Pause) (young), 0.0236470 secs]
   [Parallel Time: 22.7 ms, GC Workers: 8]
      [GC Worker Start (ms): Min: 77067910.8, Avg: 77067911.0, Max: 77067911.3, Diff: 0.5]
      [Ext Root Scanning (ms): Min: 0.7, Avg: 1.4, Max: 2.0, Diff: 1.3, Sum: 11.2]
      [Update RS (ms): Min: 2.4, Avg: 4.2, Max: 6.4, Diff: 4.0, Sum: 33.6]
         [Processed Buffers: Min: 0, Avg: 6.1, Max: 32, Diff: 32, Sum: 49]
      [Scan RS (ms): Min: 0.0, Avg: 1.6, Max: 2.5, Diff: 2.5, Sum: 12.5]
      [Code Root Scanning (ms): Min: 0.0, Avg: 0.0, Max: 0.0, Diff: 0.0, Sum: 0.0]
      [Object Copy (ms): Min: 14.7, Avg: 15.1, Max: 15.6, Diff: 0.9, Sum: 120.4]
      [Termination (ms): Min: 0.0, Avg: 0.1, Max: 0.1, Diff: 0.1, Sum: 0.7]
         [Termination Attempts: Min: 1, Avg: 1.2, Max: 2, Diff: 1, Sum: 10]
      [GC Worker Other (ms): Min: 0.0, Avg: 0.0, Max: 0.1, Diff: 0.0, Sum: 0.2]
      [GC Worker Total (ms): Min: 22.0, Avg: 22.3, Max: 22.6, Diff: 0.5, Sum: 178.7]
      [GC Worker End (ms): Min: 77067933.3, Avg: 77067933.3, Max: 77067933.3, Diff: 0.0]
   [Code Root Fixup: 0.0 ms]
   [Code Root Purge: 0.0 ms]
   [Clear CT: 0.1 ms]
   [Other: 0.9 ms]
      [Choose CSet: 0.0 ms]
      [Ref Proc: 0.2 ms]
      [Ref Enq: 0.0 ms]
      [Redirty Cards: 0.1 ms]
      [Humongous Register: 0.1 ms]
      [Humongous Reclaim: 0.0 ms]
      [Free CSet: 0.1 ms]
   [Eden: 43.0M(43.0M)->0.0B(44.0M) Survivors: 8192.0K->7168.0K Heap: 319.9M(1024.0M)->277.8M(1024.0M)]
 [Times: user=0.06 sys=0.02, real=0.03 secs] 
2021-04-24T15:56:10.079+0800: 77090.031: [GC pause (G1 Evacuation Pause) (young), 0.0196037 secs]
   [Parallel Time: 17.5 ms, GC Workers: 8]
      [GC Worker Start (ms): Min: 77090031.4, Avg: 77090031.5, Max: 77090031.7, Diff: 0.3]
      [Ext Root Scanning (ms): Min: 0.3, Avg: 2.1, Max: 5.8, Diff: 5.5, Sum: 17.1]
      [Update RS (ms): Min: 0.0, Avg: 1.0, Max: 2.4, Diff: 2.4, Sum: 8.2]
         [Processed Buffers: Min: 0, Avg: 6.1, Max: 15, Diff: 15, Sum: 49]
      [Scan RS (ms): Min: 0.0, Avg: 1.9, Max: 3.3, Diff: 3.3, Sum: 14.8]
      [Code Root Scanning (ms): Min: 0.0, Avg: 0.0, Max: 0.0, Diff: 0.0, Sum: 0.0]
      [Object Copy (ms): Min: 11.2, Avg: 12.2, Max: 15.1, Diff: 3.9, Sum: 97.3]
      [Termination (ms): Min: 0.0, Avg: 0.0, Max: 0.1, Diff: 0.0, Sum: 0.2]
         [Termination Attempts: Min: 1, Avg: 21.4, Max: 41, Diff: 40, Sum: 171]
      [GC Worker Other (ms): Min: 0.0, Avg: 0.1, Max: 0.1, Diff: 0.1, Sum: 0.5]
      [GC Worker Total (ms): Min: 17.0, Avg: 17.3, Max: 17.4, Diff: 0.4, Sum: 138.2]
      [GC Worker End (ms): Min: 77090048.8, Avg: 77090048.8, Max: 77090048.9, Diff: 0.1]
   [Code Root Fixup: 0.0 ms]
   [Code Root Purge: 0.0 ms]
   [Clear CT: 0.2 ms]
   [Other: 1.9 ms]
      [Choose CSet: 0.0 ms]
      [Ref Proc: 0.4 ms]
      [Ref Enq: 0.0 ms]
      [Redirty Cards: 0.2 ms]
      [Humongous Register: 0.1 ms]
      [Humongous Reclaim: 0.0 ms]
      [Free CSet: 0.1 ms]
   [Eden: 44.0M(44.0M)->0.0B(46.0M) Survivors: 7168.0K->5120.0K Heap: 321.8M(1024.0M)->278.4M(1024.0M)]
 [Times: user=0.05 sys=0.01, real=0.02 secs] 
2021-04-24T15:56:33.343+0800: 77113.295: [GC pause (G1 Evacuation Pause) (young), 0.0137987 secs]
   [Parallel Time: 12.8 ms, GC Workers: 8]
      [GC Worker Start (ms): Min: 77113295.8, Avg: 77113296.0, Max: 77113296.3, Diff: 0.5]
      [Ext Root Scanning (ms): Min: 0.8, Avg: 3.4, Max: 10.8, Diff: 10.1, Sum: 27.4]
      [Update RS (ms): Min: 0.0, Avg: 1.1, Max: 2.8, Diff: 2.8, Sum: 9.1]
         [Processed Buffers: Min: 0, Avg: 5.4, Max: 18, Diff: 18, Sum: 43]
      [Scan RS (ms): Min: 0.0, Avg: 2.0, Max: 3.6, Diff: 3.6, Sum: 15.8]
      [Code Root Scanning (ms): Min: 0.0, Avg: 0.0, Max: 0.0, Diff: 0.0, Sum: 0.0]
      [Object Copy (ms): Min: 1.3, Avg: 5.8, Max: 11.3, Diff: 10.1, Sum: 46.6]
      [Termination (ms): Min: 0.0, Avg: 0.0, Max: 0.0, Diff: 0.0, Sum: 0.2]
         [Termination Attempts: Min: 1, Avg: 67.6, Max: 100, Diff: 99, Sum: 541]
      [GC Worker Other (ms): Min: 0.0, Avg: 0.0, Max: 0.1, Diff: 0.0, Sum: 0.4]
      [GC Worker Total (ms): Min: 12.2, Avg: 12.4, Max: 12.7, Diff: 0.5, Sum: 99.6]
      [GC Worker End (ms): Min: 77113308.4, Avg: 77113308.5, Max: 77113308.5, Diff: 0.0]
   [Code Root Fixup: 0.0 ms]
   [Code Root Purge: 0.0 ms]
   [Clear CT: 0.1 ms]
   [Other: 0.9 ms]
      [Choose CSet: 0.0 ms]
      [Ref Proc: 0.2 ms]
      [Ref Enq: 0.0 ms]
      [Redirty Cards: 0.1 ms]
      [Humongous Register: 0.1 ms]
      [Humongous Reclaim: 0.0 ms]
      [Free CSet: 0.0 ms]
   [Eden: 46.0M(46.0M)->0.0B(103.0M) Survivors: 5120.0K->7168.0K Heap: 324.4M(1024.0M)->280.0M(1024.0M)]
 [Times: user=0.05 sys=0.00, real=0.01 secs] 
2021-04-24T15:57:25.607+0800: 77165.560: [GC pause (G1 Evacuation Pause) (young), 0.0286490 secs]
   [Parallel Time: 25.5 ms, GC Workers: 8]
      [GC Worker Start (ms): Min: 77165561.1, Avg: 77165561.4, Max: 77165561.8, Diff: 0.8]
      [Ext Root Scanning (ms): Min: 0.0, Avg: 0.9, Max: 2.7, Diff: 2.7, Sum: 7.4]
      [Update RS (ms): Min: 0.0, Avg: 3.6, Max: 7.5, Diff: 7.5, Sum: 29.1]
         [Processed Buffers: Min: 0, Avg: 5.5, Max: 24, Diff: 24, Sum: 44]
      [Scan RS (ms): Min: 0.0, Avg: 1.5, Max: 3.0, Diff: 3.0, Sum: 11.8]
      [Code Root Scanning (ms): Min: 0.0, Avg: 0.0, Max: 0.0, Diff: 0.0, Sum: 0.0]
      [Object Copy (ms): Min: 15.1, Avg: 17.4, Max: 22.8, Diff: 7.7, Sum: 139.1]
      [Termination (ms): Min: 0.0, Avg: 0.3, Max: 0.4, Diff: 0.4, Sum: 2.4]
         [Termination Attempts: Min: 1, Avg: 1.0, Max: 1, Diff: 0, Sum: 8]
      [GC Worker Other (ms): Min: 0.0, Avg: 1.1, Max: 3.5, Diff: 3.5, Sum: 8.6]
      [GC Worker Total (ms): Min: 24.4, Avg: 24.8, Max: 25.2, Diff: 0.7, Sum: 198.5]
      [GC Worker End (ms): Min: 77165586.2, Avg: 77165586.2, Max: 77165586.3, Diff: 0.0]
   [Code Root Fixup: 0.0 ms]
   [Code Root Purge: 0.0 ms]
   [Clear CT: 0.1 ms]
   [Other: 3.0 ms]
      [Choose CSet: 0.0 ms]
      [Ref Proc: 2.0 ms]
      [Ref Enq: 0.0 ms]
      [Redirty Cards: 0.1 ms]
      [Humongous Register: 0.2 ms]
      [Humongous Reclaim: 0.0 ms]
      [Free CSet: 0.1 ms]
   [Eden: 103.0M(103.0M)->0.0B(42.0M) Survivors: 7168.0K->9216.0K Heap: 383.0M(1024.0M)->281.9M(1024.0M)]
 [Times: user=0.08 sys=0.03, real=0.03 secs] 
2021-04-24T15:57:46.993+0800: 77186.946: [GC pause (G1 Evacuation Pause) (young), 0.0262697 secs]
   [Parallel Time: 24.9 ms, GC Workers: 8]
      [GC Worker Start (ms): Min: 77186946.7, Avg: 77186946.9, Max: 77186947.1, Diff: 0.4]
      [Ext Root Scanning (ms): Min: 0.7, Avg: 3.5, Max: 7.6, Diff: 6.9, Sum: 27.9]
      [Update RS (ms): Min: 0.0, Avg: 1.4, Max: 3.6, Diff: 3.6, Sum: 11.5]
         [Processed Buffers: Min: 0, Avg: 5.0, Max: 12, Diff: 12, Sum: 40]
      [Scan RS (ms): Min: 0.0, Avg: 1.6, Max: 3.3, Diff: 3.3, Sum: 12.9]
      [Code Root Scanning (ms): Min: 0.0, Avg: 0.0, Max: 0.0, Diff: 0.0, Sum: 0.0]
      [Object Copy (ms): Min: 17.0, Avg: 18.0, Max: 22.4, Diff: 5.4, Sum: 144.0]
      [Termination (ms): Min: 0.0, Avg: 0.1, Max: 0.2, Diff: 0.2, Sum: 0.7]
         [Termination Attempts: Min: 1, Avg: 1.2, Max: 2, Diff: 1, Sum: 10]
      [GC Worker Other (ms): Min: 0.0, Avg: 0.0, Max: 0.0, Diff: 0.0, Sum: 0.2]
      [GC Worker Total (ms): Min: 24.4, Avg: 24.7, Max: 24.8, Diff: 0.4, Sum: 197.2]
      [GC Worker End (ms): Min: 77186971.6, Avg: 77186971.6, Max: 77186971.6, Diff: 0.0]
   [Code Root Fixup: 0.0 ms]
   [Code Root Purge: 0.0 ms]
   [Clear CT: 0.1 ms]
   [Other: 1.2 ms]
      [Choose CSet: 0.0 ms]
      [Ref Proc: 0.2 ms]
      [Ref Enq: 0.0 ms]
      [Redirty Cards: 0.1 ms]
      [Humongous Register: 0.2 ms]
      [Humongous Reclaim: 0.0 ms]
      [Free CSet: 0.1 ms]
   [Eden: 42.0M(42.0M)->0.0B(46.0M) Survivors: 9216.0K->5120.0K Heap: 323.9M(1024.0M)->280.2M(1024.0M)]
 [Times: user=0.07 sys=0.02, real=0.02 secs] 
2021-04-24T15:58:10.459+0800: 77210.413: [GC pause (G1 Evacuation Pause) (young), 0.0173430 secs]
   [Parallel Time: 16.2 ms, GC Workers: 8]
      [GC Worker Start (ms): Min: 77210413.5, Avg: 77210413.6, Max: 77210413.8, Diff: 0.3]
      [Ext Root Scanning (ms): Min: 0.7, Avg: 4.6, Max: 12.1, Diff: 11.4, Sum: 37.2]
      [Update RS (ms): Min: 0.0, Avg: 1.9, Max: 4.1, Diff: 4.1, Sum: 15.2]
         [Processed Buffers: Min: 0, Avg: 6.5, Max: 21, Diff: 21, Sum: 52]
      [Scan RS (ms): Min: 0.0, Avg: 3.8, Max: 6.5, Diff: 6.5, Sum: 30.0]
      [Code Root Scanning (ms): Min: 0.0, Avg: 0.0, Max: 0.0, Diff: 0.0, Sum: 0.0]
      [Object Copy (ms): Min: 4.0, Avg: 5.7, Max: 12.4, Diff: 8.4, Sum: 45.5]
      [Termination (ms): Min: 0.0, Avg: 0.0, Max: 0.0, Diff: 0.0, Sum: 0.1]
         [Termination Attempts: Min: 1, Avg: 14.9, Max: 21, Diff: 20, Sum: 119]
      [GC Worker Other (ms): Min: 0.0, Avg: 0.0, Max: 0.0, Diff: 0.0, Sum: 0.2]
      [GC Worker Total (ms): Min: 15.8, Avg: 16.0, Max: 16.1, Diff: 0.3, Sum: 128.2]
      [GC Worker End (ms): Min: 77210429.6, Avg: 77210429.7, Max: 77210429.7, Diff: 0.0]
   [Code Root Fixup: 0.0 ms]
   [Code Root Purge: 0.0 ms]
   [Clear CT: 0.1 ms]
   [Other: 1.0 ms]
      [Choose CSet: 0.0 ms]
      [Ref Proc: 0.2 ms]
      [Ref Enq: 0.0 ms]
      [Redirty Cards: 0.1 ms]
      [Humongous Register: 0.2 ms]
      [Humongous Reclaim: 0.0 ms]
      [Free CSet: 0.1 ms]
   [Eden: 46.0M(46.0M)->0.0B(44.0M) Survivors: 5120.0K->7168.0K Heap: 326.2M(1024.0M)->282.2M(1024.0M)]
 [Times: user=0.08 sys=0.01, real=0.02 secs] 
2021-04-24T15:58:32.923+0800: 77232.877: [GC pause (G1 Evacuation Pause) (young), 0.0197275 secs]
   [Parallel Time: 18.0 ms, GC Workers: 8]
      [GC Worker Start (ms): Min: 77232877.7, Avg: 77232878.5, Max: 77232882.7, Diff: 5.0]
      [Ext Root Scanning (ms): Min: 0.0, Avg: 3.6, Max: 12.9, Diff: 12.9, Sum: 28.6]
      [Update RS (ms): Min: 0.0, Avg: 1.4, Max: 3.3, Diff: 3.3, Sum: 11.4]
         [Processed Buffers: Min: 0, Avg: 5.2, Max: 29, Diff: 29, Sum: 42]
      [Scan RS (ms): Min: 0.0, Avg: 1.4, Max: 2.7, Diff: 2.7, Sum: 11.3]
      [Code Root Scanning (ms): Min: 0.0, Avg: 0.0, Max: 0.0, Diff: 0.0, Sum: 0.0]
      [Object Copy (ms): Min: 4.4, Avg: 10.2, Max: 11.4, Diff: 6.9, Sum: 81.2]
      [Termination (ms): Min: 0.0, Avg: 0.3, Max: 0.6, Diff: 0.6, Sum: 2.8]
         [Termination Attempts: Min: 1, Avg: 1.6, Max: 4, Diff: 3, Sum: 13]
      [GC Worker Other (ms): Min: 0.0, Avg: 0.0, Max: 0.0, Diff: 0.0, Sum: 0.2]
      [GC Worker Total (ms): Min: 12.9, Avg: 16.9, Max: 17.9, Diff: 5.0, Sum: 135.5]
      [GC Worker End (ms): Min: 77232895.2, Avg: 77232895.4, Max: 77232895.6, Diff: 0.4]
   [Code Root Fixup: 0.0 ms]
   [Code Root Purge: 0.0 ms]
   [Clear CT: 0.1 ms]
   [Other: 1.6 ms]
      [Choose CSet: 0.0 ms]
      [Ref Proc: 0.3 ms]
      [Ref Enq: 0.0 ms]
      [Redirty Cards: 0.1 ms]
      [Humongous Register: 0.4 ms]
      [Humongous Reclaim: 0.0 ms]
      [Free CSet: 0.2 ms]
   [Eden: 44.0M(44.0M)->0.0B(44.0M) Survivors: 7168.0K->7168.0K Heap: 326.2M(1024.0M)->283.6M(1024.0M)]
 [Times: user=0.05 sys=0.01, real=0.02 secs] 
2021-04-24T15:58:55.149+0800: 77255.103: [GC pause (G1 Evacuation Pause) (young), 0.0200582 secs]
   [Parallel Time: 17.8 ms, GC Workers: 8]
      [GC Worker Start (ms): Min: 77255104.1, Avg: 77255104.3, Max: 77255104.5, Diff: 0.3]
      [Ext Root Scanning (ms): Min: 0.6, Avg: 2.8, Max: 8.0, Diff: 7.4, Sum: 22.0]
      [Update RS (ms): Min: 0.0, Avg: 2.8, Max: 6.6, Diff: 6.6, Sum: 22.3]
         [Processed Buffers: Min: 0, Avg: 6.6, Max: 22, Diff: 22, Sum: 53]
      [Scan RS (ms): Min: 0.6, Avg: 2.5, Max: 4.5, Diff: 3.8, Sum: 19.7]
      [Code Root Scanning (ms): Min: 0.0, Avg: 0.0, Max: 0.0, Diff: 0.0, Sum: 0.0]
      [Object Copy (ms): Min: 7.8, Avg: 9.4, Max: 15.1, Diff: 7.2, Sum: 75.1]
      [Termination (ms): Min: 0.0, Avg: 0.1, Max: 0.1, Diff: 0.1, Sum: 0.6]
         [Termination Attempts: Min: 1, Avg: 26.2, Max: 52, Diff: 51, Sum: 210]
      [GC Worker Other (ms): Min: 0.0, Avg: 0.0, Max: 0.1, Diff: 0.1, Sum: 0.3]
      [GC Worker Total (ms): Min: 17.3, Avg: 17.5, Max: 17.6, Diff: 0.3, Sum: 140.0]
      [GC Worker End (ms): Min: 77255121.7, Avg: 77255121.8, Max: 77255121.8, Diff: 0.1]
   [Code Root Fixup: 0.0 ms]
   [Code Root Purge: 0.0 ms]
   [Clear CT: 0.2 ms]
   [Other: 2.1 ms]
      [Choose CSet: 0.0 ms]
      [Ref Proc: 0.3 ms]
      [Ref Enq: 0.0 ms]
      [Redirty Cards: 0.2 ms]
      [Humongous Register: 0.3 ms]
      [Humongous Reclaim: 0.0 ms]
      [Free CSet: 0.1 ms]
   [Eden: 44.0M(44.0M)->0.0B(79.0M) Survivors: 7168.0K->5120.0K Heap: 327.6M(1024.0M)->282.6M(1024.0M)]
 [Times: user=0.07 sys=0.01, real=0.02 secs] 
2021-04-24T15:59:35.151+0800: 77295.106: [GC pause (G1 Evacuation Pause) (young), 0.0198447 secs]
   [Parallel Time: 18.3 ms, GC Workers: 8]
      [GC Worker Start (ms): Min: 77295106.2, Avg: 77295106.3, Max: 77295106.6, Diff: 0.4]
      [Ext Root Scanning (ms): Min: 0.5, Avg: 3.6, Max: 15.0, Diff: 14.5, Sum: 29.1]
      [Update RS (ms): Min: 0.0, Avg: 3.9, Max: 13.7, Diff: 13.7, Sum: 31.2]
         [Processed Buffers: Min: 0, Avg: 5.9, Max: 19, Diff: 19, Sum: 47]
      [Scan RS (ms): Min: 0.0, Avg: 2.5, Max: 9.0, Diff: 8.9, Sum: 20.2]
      [Code Root Scanning (ms): Min: 0.0, Avg: 0.0, Max: 0.0, Diff: 0.0, Sum: 0.0]
      [Object Copy (ms): Min: 2.7, Avg: 7.7, Max: 16.1, Diff: 13.4, Sum: 61.5]
      [Termination (ms): Min: 0.0, Avg: 0.0, Max: 0.1, Diff: 0.1, Sum: 0.2]
         [Termination Attempts: Min: 1, Avg: 41.2, Max: 74, Diff: 73, Sum: 330]
      [GC Worker Other (ms): Min: 0.0, Avg: 0.2, Max: 0.7, Diff: 0.7, Sum: 1.4]
      [GC Worker Total (ms): Min: 17.7, Avg: 18.0, Max: 18.1, Diff: 0.4, Sum: 143.7]
      [GC Worker End (ms): Min: 77295124.3, Avg: 77295124.3, Max: 77295124.3, Diff: 0.0]
   [Code Root Fixup: 0.0 ms]
   [Code Root Purge: 0.0 ms]
   [Clear CT: 0.2 ms]
   [Other: 1.3 ms]
      [Choose CSet: 0.0 ms]
      [Ref Proc: 0.4 ms]
      [Ref Enq: 0.0 ms]
      [Redirty Cards: 0.2 ms]
      [Humongous Register: 0.2 ms]
      [Humongous Reclaim: 0.0 ms]
      [Free CSet: 0.1 ms]
   [Eden: 79.0M(79.0M)->0.0B(91.0M) Survivors: 5120.0K->9216.0K Heap: 361.6M(1024.0M)->286.5M(1024.0M)]
 [Times: user=0.08 sys=0.01, real=0.02 secs] 
2021-04-24T16:00:09.810+0800: 77329.766: [GC pause (G1 Evacuation Pause) (young), 0.0203210 secs]
   [Parallel Time: 17.1 ms, GC Workers: 8]
      [GC Worker Start (ms): Min: 77329766.3, Avg: 77329767.6, Max: 77329774.2, Diff: 7.9]
      [Ext Root Scanning (ms): Min: 0.0, Avg: 1.8, Max: 8.5, Diff: 8.5, Sum: 14.3]
      [Update RS (ms): Min: 0.0, Avg: 3.1, Max: 7.1, Diff: 7.1, Sum: 25.0]
         [Processed Buffers: Min: 0, Avg: 6.5, Max: 21, Diff: 21, Sum: 52]
      [Scan RS (ms): Min: 1.4, Avg: 2.2, Max: 3.1, Diff: 1.7, Sum: 17.7]
      [Code Root Scanning (ms): Min: 0.0, Avg: 0.0, Max: 0.0, Diff: 0.0, Sum: 0.0]
      [Object Copy (ms): Min: 6.7, Avg: 8.5, Max: 14.1, Diff: 7.5, Sum: 67.9]
      [Termination (ms): Min: 0.0, Avg: 0.1, Max: 0.1, Diff: 0.1, Sum: 0.5]
         [Termination Attempts: Min: 1, Avg: 2.0, Max: 5, Diff: 4, Sum: 16]
      [GC Worker Other (ms): Min: 0.0, Avg: 0.0, Max: 0.0, Diff: 0.0, Sum: 0.2]
      [GC Worker Total (ms): Min: 9.0, Avg: 15.7, Max: 17.0, Diff: 7.9, Sum: 125.5]
      [GC Worker End (ms): Min: 77329783.2, Avg: 77329783.3, Max: 77329783.3, Diff: 0.0]
   [Code Root Fixup: 0.0 ms]
   [Code Root Purge: 0.0 ms]
   [Clear CT: 0.2 ms]
   [Other: 3.0 ms]
      [Choose CSet: 0.0 ms]
      [Ref Proc: 0.8 ms]
      [Ref Enq: 0.0 ms]
      [Redirty Cards: 0.2 ms]
      [Humongous Register: 0.3 ms]
      [Humongous Reclaim: 0.0 ms]
      [Free CSet: 1.1 ms]
   [Eden: 69.0M(42.0M)->0.0B(69.0M) Survivors: 9216.0K->7168.0K Heap: 355.5M(1024.0M)->285.8M(1024.0M)]
 [Times: user=0.07 sys=0.01, real=0.02 secs] 
2021-04-24T16:00:41.389+0800: 77361.346: [GC pause (G1 Evacuation Pause) (young), 0.0184188 secs]
   [Parallel Time: 16.1 ms, GC Workers: 8]
      [GC Worker Start (ms): Min: 77361346.5, Avg: 77361347.6, Max: 77361353.7, Diff: 7.2]
      [Ext Root Scanning (ms): Min: 0.0, Avg: 1.8, Max: 6.5, Diff: 6.4, Sum: 14.6]
      [Update RS (ms): Min: 0.0, Avg: 1.5, Max: 3.2, Diff: 3.2, Sum: 12.2]
         [Processed Buffers: Min: 0, Avg: 6.2, Max: 23, Diff: 23, Sum: 50]
      [Scan RS (ms): Min: 0.0, Avg: 2.2, Max: 3.6, Diff: 3.6, Sum: 17.5]
      [Code Root Scanning (ms): Min: 0.0, Avg: 0.0, Max: 0.0, Diff: 0.0, Sum: 0.0]
      [Object Copy (ms): Min: 8.6, Avg: 9.3, Max: 13.7, Diff: 5.1, Sum: 74.6]
      [Termination (ms): Min: 0.0, Avg: 0.1, Max: 0.1, Diff: 0.1, Sum: 0.6]
         [Termination Attempts: Min: 1, Avg: 2.1, Max: 5, Diff: 4, Sum: 17]
      [GC Worker Other (ms): Min: 0.0, Avg: 0.0, Max: 0.0, Diff: 0.0, Sum: 0.1]
      [GC Worker Total (ms): Min: 8.8, Avg: 15.0, Max: 16.0, Diff: 7.2, Sum: 119.8]
      [GC Worker End (ms): Min: 77361362.5, Avg: 77361362.5, Max: 77361362.6, Diff: 0.0]
   [Code Root Fixup: 0.0 ms]
   [Code Root Purge: 0.0 ms]
   [Clear CT: 0.1 ms]
   [Other: 2.2 ms]
      [Choose CSet: 0.0 ms]
      [Ref Proc: 0.2 ms]
      [Ref Enq: 0.0 ms]
      [Redirty Cards: 0.1 ms]
      [Humongous Register: 0.1 ms]
      [Humongous Reclaim: 0.0 ms]
      [Free CSet: 0.7 ms]
   [Eden: 63.0M(44.0M)->0.0B(95.0M) Survivors: 7168.0K->5120.0K Heap: 348.8M(1024.0M)->285.8M(1024.0M)]
 [Times: user=0.06 sys=0.01, real=0.02 secs] 
2021-04-24T16:01:04.639+0800: 77384.595: [GC pause (G1 Evacuation Pause) (young), 0.0214492 secs]
   [Parallel Time: 19.3 ms, GC Workers: 8]
      [GC Worker Start (ms): Min: 77384596.1, Avg: 77384598.6, Max: 77384606.0, Diff: 9.9]
      [Ext Root Scanning (ms): Min: 0.0, Avg: 1.8, Max: 7.8, Diff: 7.8, Sum: 14.0]
      [Update RS (ms): Min: 0.0, Avg: 2.5, Max: 5.9, Diff: 5.9, Sum: 19.8]
         [Processed Buffers: Min: 0, Avg: 6.4, Max: 29, Diff: 29, Sum: 51]
      [Scan RS (ms): Min: 0.2, Avg: 2.7, Max: 3.9, Diff: 3.7, Sum: 21.7]
      [Code Root Scanning (ms): Min: 0.0, Avg: 0.0, Max: 0.0, Diff: 0.0, Sum: 0.0]
      [Object Copy (ms): Min: 8.6, Avg: 9.4, Max: 13.6, Diff: 5.1, Sum: 75.0]
      [Termination (ms): Min: 0.0, Avg: 0.3, Max: 0.4, Diff: 0.4, Sum: 2.5]
         [Termination Attempts: Min: 1, Avg: 1.9, Max: 5, Diff: 4, Sum: 15]
      [GC Worker Other (ms): Min: 0.0, Avg: 0.0, Max: 0.0, Diff: 0.0, Sum: 0.2]
      [GC Worker Total (ms): Min: 9.2, Avg: 16.7, Max: 19.2, Diff: 10.0, Sum: 133.2]
      [GC Worker End (ms): Min: 77384615.2, Avg: 77384615.3, Max: 77384615.3, Diff: 0.0]
   [Code Root Fixup: 0.0 ms]
   [Code Root Purge: 0.0 ms]
   [Clear CT: 0.1 ms]
   [Other: 2.1 ms]
      [Choose CSet: 0.0 ms]
      [Ref Proc: 0.3 ms]
      [Ref Enq: 0.0 ms]
      [Redirty Cards: 0.1 ms]
      [Humongous Register: 0.3 ms]
      [Humongous Reclaim: 0.0 ms]
      [Free CSet: 0.2 ms]
   [Eden: 46.0M(46.0M)->0.0B(91.0M) Survivors: 5120.0K->5120.0K Heap: 331.8M(1024.0M)->287.3M(1024.0M)]
 [Times: user=0.07 sys=0.02, real=0.03 secs] 
2021-04-24T16:01:27.806+0800: 77407.763: [GC pause (G1 Evacuation Pause) (young), 0.0150650 secs]
   [Parallel Time: 13.7 ms, GC Workers: 8]
      [GC Worker Start (ms): Min: 77407764.1, Avg: 77407764.4, Max: 77407765.2, Diff: 1.2]
      [Ext Root Scanning (ms): Min: 0.0, Avg: 2.6, Max: 7.5, Diff: 7.5, Sum: 20.8]
      [Update RS (ms): Min: 0.0, Avg: 2.0, Max: 4.5, Diff: 4.4, Sum: 15.6]
         [Processed Buffers: Min: 0, Avg: 6.4, Max: 27, Diff: 27, Sum: 51]
      [Scan RS (ms): Min: 0.8, Avg: 2.2, Max: 3.6, Diff: 2.8, Sum: 17.3]
      [Code Root Scanning (ms): Min: 0.0, Avg: 0.0, Max: 0.0, Diff: 0.0, Sum: 0.0]
      [Object Copy (ms): Min: 4.7, Avg: 6.5, Max: 11.7, Diff: 7.0, Sum: 51.7]
      [Termination (ms): Min: 0.0, Avg: 0.0, Max: 0.0, Diff: 0.0, Sum: 0.0]
         [Termination Attempts: Min: 1, Avg: 9.9, Max: 19, Diff: 18, Sum: 79]
      [GC Worker Other (ms): Min: 0.0, Avg: 0.0, Max: 0.1, Diff: 0.1, Sum: 0.3]
      [GC Worker Total (ms): Min: 12.4, Avg: 13.2, Max: 13.6, Diff: 1.2, Sum: 105.9]
      [GC Worker End (ms): Min: 77407777.6, Avg: 77407777.7, Max: 77407777.7, Diff: 0.1]
   [Code Root Fixup: 0.0 ms]
   [Code Root Purge: 0.0 ms]
   [Clear CT: 0.1 ms]
   [Other: 1.3 ms]
      [Choose CSet: 0.0 ms]
      [Ref Proc: 0.2 ms]
      [Ref Enq: 0.0 ms]
      [Redirty Cards: 0.1 ms]
      [Humongous Register: 0.2 ms]
      [Humongous Reclaim: 0.0 ms]
      [Free CSet: 0.1 ms]
   [Eden: 46.0M(46.0M)->0.0B(120.0M) Survivors: 5120.0K->6144.0K Heap: 333.3M(1024.0M)->288.5M(1024.0M)]
 [Times: user=0.07 sys=0.00, real=0.02 secs] 
2021-04-24T16:02:28.309+0800: 77468.267: [GC pause (G1 Evacuation Pause) (young), 0.0232275 secs]
   [Parallel Time: 20.7 ms, GC Workers: 8]
      [GC Worker Start (ms): Min: 77468268.3, Avg: 77468269.4, Max: 77468274.5, Diff: 6.2]
      [Ext Root Scanning (ms): Min: 0.0, Avg: 1.8, Max: 6.0, Diff: 6.0, Sum: 14.7]
      [Update RS (ms): Min: 0.0, Avg: 1.8, Max: 4.1, Diff: 4.1, Sum: 14.0]
         [Processed Buffers: Min: 0, Avg: 5.9, Max: 26, Diff: 26, Sum: 47]
      [Scan RS (ms): Min: 0.0, Avg: 2.3, Max: 4.4, Diff: 4.4, Sum: 18.5]
      [Code Root Scanning (ms): Min: 0.0, Avg: 0.0, Max: 0.0, Diff: 0.0, Sum: 0.0]
      [Object Copy (ms): Min: 10.5, Avg: 13.4, Max: 19.1, Diff: 8.6, Sum: 107.0]
      [Termination (ms): Min: 0.0, Avg: 0.2, Max: 0.3, Diff: 0.3, Sum: 1.8]
         [Termination Attempts: Min: 1, Avg: 1.5, Max: 2, Diff: 1, Sum: 12]
      [GC Worker Other (ms): Min: 0.0, Avg: 0.0, Max: 0.1, Diff: 0.0, Sum: 0.4]
      [GC Worker Total (ms): Min: 14.4, Avg: 19.5, Max: 20.6, Diff: 6.3, Sum: 156.3]
      [GC Worker End (ms): Min: 77468288.9, Avg: 77468288.9, Max: 77468288.9, Diff: 0.0]
   [Code Root Fixup: 0.0 ms]
   [Code Root Purge: 0.0 ms]
   [Clear CT: 0.2 ms]
   [Other: 2.3 ms]
      [Choose CSet: 0.0 ms]
      [Ref Proc: 0.7 ms]
      [Ref Enq: 0.0 ms]
      [Redirty Cards: 0.2 ms]
      [Humongous Register: 0.6 ms]
      [Humongous Reclaim: 0.0 ms]
      [Free CSet: 0.2 ms]
   [Eden: 120.0M(120.0M)->0.0B(105.0M) Survivors: 6144.0K->9216.0K Heap: 408.5M(1024.0M)->291.7M(1024.0M)]
 [Times: user=0.08 sys=0.02, real=0.03 secs] 
2021-04-24T16:03:21.203+0800: 77521.162: [GC pause (G1 Evacuation Pause) (young), 0.0226124 secs]
   [Parallel Time: 21.4 ms, GC Workers: 8]
      [GC Worker Start (ms): Min: 77521162.0, Avg: 77521163.0, Max: 77521168.6, Diff: 6.6]
      [Ext Root Scanning (ms): Min: 0.0, Avg: 2.8, Max: 17.5, Diff: 17.5, Sum: 22.6]
      [Update RS (ms): Min: 0.0, Avg: 1.8, Max: 4.2, Diff: 4.2, Sum: 14.5]
         [Processed Buffers: Min: 0, Avg: 5.9, Max: 18, Diff: 18, Sum: 47]
      [Scan RS (ms): Min: 0.0, Avg: 3.0, Max: 6.3, Diff: 6.3, Sum: 24.3]
      [Code Root Scanning (ms): Min: 0.0, Avg: 0.0, Max: 0.0, Diff: 0.0, Sum: 0.0]
      [Object Copy (ms): Min: 3.4, Avg: 12.5, Max: 20.4, Diff: 17.0, Sum: 100.1]
      [Termination (ms): Min: 0.0, Avg: 0.1, Max: 0.2, Diff: 0.2, Sum: 0.6]
         [Termination Attempts: Min: 1, Avg: 3.8, Max: 8, Diff: 7, Sum: 30]
      [GC Worker Other (ms): Min: 0.0, Avg: 0.0, Max: 0.0, Diff: 0.0, Sum: 0.3]
      [GC Worker Total (ms): Min: 14.7, Avg: 20.3, Max: 21.3, Diff: 6.6, Sum: 162.4]
      [GC Worker End (ms): Min: 77521183.3, Avg: 77521183.4, Max: 77521183.4, Diff: 0.1]
   [Code Root Fixup: 0.0 ms]
   [Code Root Purge: 0.0 ms]
   [Clear CT: 0.1 ms]
   [Other: 1.1 ms]
      [Choose CSet: 0.0 ms]
      [Ref Proc: 0.2 ms]
      [Ref Enq: 0.0 ms]
      [Redirty Cards: 0.1 ms]
      [Humongous Register: 0.2 ms]
      [Humongous Reclaim: 0.0 ms]
      [Free CSet: 0.1 ms]
   [Eden: 105.0M(105.0M)->0.0B(83.0M) Survivors: 9216.0K->8192.0K Heap: 396.7M(1024.0M)->290.8M(1024.0M)]
 [Times: user=0.08 sys=0.01, real=0.02 secs] 
2021-04-24T16:03:42.660+0800: 77542.619: [GC pause (G1 Evacuation Pause) (young), 0.0453972 secs]
   [Parallel Time: 43.7 ms, GC Workers: 8]
      [GC Worker Start (ms): Min: 77542619.8, Avg: 77542620.8, Max: 77542625.9, Diff: 6.1]
      [Ext Root Scanning (ms): Min: 0.0, Avg: 2.8, Max: 8.1, Diff: 8.0, Sum: 22.2]
      [Update RS (ms): Min: 0.0, Avg: 1.9, Max: 4.9, Diff: 4.9, Sum: 15.1]
         [Processed Buffers: Min: 0, Avg: 6.5, Max: 24, Diff: 24, Sum: 52]
      [Scan RS (ms): Min: 0.0, Avg: 2.1, Max: 3.7, Diff: 3.7, Sum: 16.9]
      [Code Root Scanning (ms): Min: 0.0, Avg: 0.0, Max: 0.0, Diff: 0.0, Sum: 0.0]
      [Object Copy (ms): Min: 35.4, Avg: 35.8, Max: 36.9, Diff: 1.5, Sum: 286.5]
      [Termination (ms): Min: 0.0, Avg: 0.0, Max: 0.0, Diff: 0.0, Sum: 0.3]
         [Termination Attempts: Min: 1, Avg: 5.8, Max: 8, Diff: 7, Sum: 46]
      [GC Worker Other (ms): Min: 0.0, Avg: 0.0, Max: 0.1, Diff: 0.0, Sum: 0.4]
      [GC Worker Total (ms): Min: 37.5, Avg: 42.7, Max: 43.6, Diff: 6.1, Sum: 341.3]
      [GC Worker End (ms): Min: 77542663.4, Avg: 77542663.4, Max: 77542663.5, Diff: 0.0]
   [Code Root Fixup: 0.0 ms]
   [Code Root Purge: 0.0 ms]
   [Clear CT: 0.1 ms]
   [Other: 1.6 ms]
      [Choose CSet: 0.0 ms]
      [Ref Proc: 0.3 ms]
      [Ref Enq: 0.0 ms]
      [Redirty Cards: 0.1 ms]
      [Humongous Register: 0.3 ms]
      [Humongous Reclaim: 0.0 ms]
      [Free CSet: 0.1 ms]
   [Eden: 43.0M(43.0M)->0.0B(44.0M) Survivors: 8192.0K->7168.0K Heap: 333.8M(1024.0M)->292.1M(1024.0M)]
 [Times: user=0.08 sys=0.03, real=0.04 secs] 
2021-04-24T16:04:05.016+0800: 77564.975: [GC pause (G1 Evacuation Pause) (young), 0.0223916 secs]
   [Parallel Time: 21.1 ms, GC Workers: 8]
      [GC Worker Start (ms): Min: 77564975.8, Avg: 77564976.6, Max: 77564981.4, Diff: 5.6]
      [Ext Root Scanning (ms): Min: 0.0, Avg: 2.1, Max: 6.6, Diff: 6.6, Sum: 16.5]
      [Update RS (ms): Min: 0.0, Avg: 1.1, Max: 2.6, Diff: 2.6, Sum: 9.1]
         [Processed Buffers: Min: 0, Avg: 6.9, Max: 42, Diff: 42, Sum: 55]
      [Scan RS (ms): Min: 0.0, Avg: 1.8, Max: 3.3, Diff: 3.3, Sum: 14.0]
      [Code Root Scanning (ms): Min: 0.0, Avg: 0.0, Max: 0.0, Diff: 0.0, Sum: 0.0]
      [Object Copy (ms): Min: 14.3, Avg: 15.1, Max: 20.1, Diff: 5.8, Sum: 121.0]
      [Termination (ms): Min: 0.0, Avg: 0.1, Max: 0.1, Diff: 0.1, Sum: 0.6]
         [Termination Attempts: Min: 1, Avg: 2.9, Max: 6, Diff: 5, Sum: 23]
      [GC Worker Other (ms): Min: 0.0, Avg: 0.0, Max: 0.0, Diff: 0.0, Sum: 0.2]
      [GC Worker Total (ms): Min: 15.4, Avg: 20.2, Max: 21.0, Diff: 5.6, Sum: 161.4]
      [GC Worker End (ms): Min: 77564996.8, Avg: 77564996.8, Max: 77564996.8, Diff: 0.0]
   [Code Root Fixup: 0.0 ms]
   [Code Root Purge: 0.0 ms]
   [Clear CT: 0.1 ms]
   [Other: 1.2 ms]
      [Choose CSet: 0.0 ms]
      [Ref Proc: 0.2 ms]
      [Ref Enq: 0.0 ms]
      [Redirty Cards: 0.1 ms]
      [Humongous Register: 0.1 ms]
      [Humongous Reclaim: 0.0 ms]
      [Free CSet: 0.1 ms]
   [Eden: 44.0M(44.0M)->0.0B(45.0M) Survivors: 7168.0K->6144.0K Heap: 336.1M(1024.0M)->294.4M(1024.0M)]
 [Times: user=0.06 sys=0.01, real=0.02 secs] 
2021-04-24T16:04:27.812+0800: 77587.772: [GC pause (G1 Evacuation Pause) (young), 0.0250591 secs]
   [Parallel Time: 22.5 ms, GC Workers: 8]
      [GC Worker Start (ms): Min: 77587772.8, Avg: 77587773.2, Max: 77587774.8, Diff: 2.0]
      [Ext Root Scanning (ms): Min: 0.0, Avg: 2.4, Max: 7.6, Diff: 7.6, Sum: 19.0]
      [Update RS (ms): Min: 0.0, Avg: 3.0, Max: 7.7, Diff: 7.7, Sum: 23.8]
         [Processed Buffers: Min: 0, Avg: 6.8, Max: 23, Diff: 23, Sum: 54]
      [Scan RS (ms): Min: 0.0, Avg: 2.4, Max: 4.4, Diff: 4.4, Sum: 18.8]
      [Code Root Scanning (ms): Min: 0.0, Avg: 0.0, Max: 0.0, Diff: 0.0, Sum: 0.0]
      [Object Copy (ms): Min: 13.0, Avg: 14.1, Max: 17.9, Diff: 4.9, Sum: 112.6]
      [Termination (ms): Min: 0.0, Avg: 0.1, Max: 0.1, Diff: 0.1, Sum: 0.5]
         [Termination Attempts: Min: 1, Avg: 14.2, Max: 33, Diff: 32, Sum: 114]
      [GC Worker Other (ms): Min: 0.0, Avg: 0.0, Max: 0.0, Diff: 0.0, Sum: 0.2]
      [GC Worker Total (ms): Min: 20.3, Avg: 21.9, Max: 22.3, Diff: 2.0, Sum: 174.8]
      [GC Worker End (ms): Min: 77587795.1, Avg: 77587795.1, Max: 77587795.1, Diff: 0.0]
   [Code Root Fixup: 0.0 ms]
   [Code Root Purge: 0.0 ms]
   [Clear CT: 0.2 ms]
   [Other: 2.3 ms]
      [Choose CSet: 0.0 ms]
      [Ref Proc: 0.4 ms]
      [Ref Enq: 0.0 ms]
      [Redirty Cards: 0.1 ms]
      [Humongous Register: 0.1 ms]
      [Humongous Reclaim: 0.0 ms]
      [Free CSet: 0.6 ms]
   [Eden: 45.0M(45.0M)->0.0B(47.0M) Survivors: 6144.0K->4096.0K Heap: 339.4M(1024.0M)->294.3M(1024.0M)]
 [Times: user=0.06 sys=0.02, real=0.02 secs] 
2021-04-24T16:04:51.600+0800: 77611.560: [GC pause (G1 Evacuation Pause) (young), 0.0173817 secs]
   [Parallel Time: 16.1 ms, GC Workers: 8]
      [GC Worker Start (ms): Min: 77611560.7, Avg: 77611561.0, Max: 77611561.9, Diff: 1.2]
      [Ext Root Scanning (ms): Min: 0.0, Avg: 3.7, Max: 15.8, Diff: 15.8, Sum: 29.6]
      [Update RS (ms): Min: 0.0, Avg: 2.5, Max: 5.3, Diff: 5.3, Sum: 20.3]
         [Processed Buffers: Min: 0, Avg: 6.4, Max: 21, Diff: 21, Sum: 51]
      [Scan RS (ms): Min: 0.0, Avg: 3.3, Max: 8.2, Diff: 8.2, Sum: 26.7]
      [Code Root Scanning (ms): Min: 0.0, Avg: 1.0, Max: 8.3, Diff: 8.3, Sum: 8.3]
      [Object Copy (ms): Min: 0.0, Avg: 4.7, Max: 8.0, Diff: 8.0, Sum: 37.4]
      [Termination (ms): Min: 0.0, Avg: 0.3, Max: 0.4, Diff: 0.4, Sum: 2.6]
         [Termination Attempts: Min: 1, Avg: 7.6, Max: 17, Diff: 16, Sum: 61]
      [GC Worker Other (ms): Min: 0.0, Avg: 0.0, Max: 0.0, Diff: 0.0, Sum: 0.1]
      [GC Worker Total (ms): Min: 14.7, Avg: 15.6, Max: 15.9, Diff: 1.2, Sum: 125.1]
      [GC Worker End (ms): Min: 77611576.6, Avg: 77611576.6, Max: 77611576.6, Diff: 0.0]
   [Code Root Fixup: 0.0 ms]
   [Code Root Purge: 0.0 ms]
   [Clear CT: 0.1 ms]
   [Other: 1.2 ms]
      [Choose CSet: 0.0 ms]
      [Ref Proc: 0.3 ms]
      [Ref Enq: 0.0 ms]
      [Redirty Cards: 0.1 ms]
      [Humongous Register: 0.1 ms]
      [Humongous Reclaim: 0.0 ms]
      [Free CSet: 0.1 ms]
   [Eden: 47.0M(47.0M)->0.0B(46.0M) Survivors: 4096.0K->5120.0K Heap: 341.3M(1024.0M)->295.6M(1024.0M)]
 [Times: user=0.06 sys=0.00, real=0.01 secs] 
2021-04-24T16:05:14.724+0800: 77634.685: [GC pause (G1 Evacuation Pause) (young), 0.0173618 secs]
   [Parallel Time: 16.0 ms, GC Workers: 8]
      [GC Worker Start (ms): Min: 77634684.9, Avg: 77634687.1, Max: 77634692.1, Diff: 7.2]
      [Ext Root Scanning (ms): Min: 0.0, Avg: 2.1, Max: 7.9, Diff: 7.9, Sum: 17.0]
      [Update RS (ms): Min: 0.0, Avg: 1.6, Max: 3.8, Diff: 3.8, Sum: 12.5]
         [Processed Buffers: Min: 0, Avg: 5.8, Max: 20, Diff: 20, Sum: 46]
      [Scan RS (ms): Min: 0.0, Avg: 1.3, Max: 2.4, Diff: 2.4, Sum: 10.3]
      [Code Root Scanning (ms): Min: 0.0, Avg: 0.0, Max: 0.0, Diff: 0.0, Sum: 0.0]
      [Object Copy (ms): Min: 7.6, Avg: 8.3, Max: 8.6, Diff: 1.0, Sum: 66.5]
      [Termination (ms): Min: 0.0, Avg: 0.4, Max: 0.6, Diff: 0.6, Sum: 3.5]
         [Termination Attempts: Min: 1, Avg: 2.0, Max: 4, Diff: 3, Sum: 16]
      [GC Worker Other (ms): Min: 0.0, Avg: 0.0, Max: 0.0, Diff: 0.0, Sum: 0.1]
      [GC Worker Total (ms): Min: 8.7, Avg: 13.8, Max: 15.9, Diff: 7.2, Sum: 110.0]
      [GC Worker End (ms): Min: 77634700.8, Avg: 77634700.8, Max: 77634700.8, Diff: 0.0]
   [Code Root Fixup: 0.0 ms]
   [Code Root Purge: 0.0 ms]
   [Clear CT: 0.1 ms]
   [Other: 1.2 ms]
      [Choose CSet: 0.0 ms]
      [Ref Proc: 0.4 ms]
      [Ref Enq: 0.0 ms]
      [Redirty Cards: 0.1 ms]
      [Humongous Register: 0.1 ms]
      [Humongous Reclaim: 0.1 ms]
      [Free CSet: 0.1 ms]
   [Eden: 46.0M(46.0M)->0.0B(44.0M) Survivors: 5120.0K->7168.0K Heap: 341.6M(1024.0M)->297.8M(1024.0M)]
 [Times: user=0.05 sys=0.01, real=0.02 secs] 
2021-04-24T16:05:37.020+0800: 77656.981: [GC pause (G1 Evacuation Pause) (young), 0.0159158 secs]
   [Parallel Time: 14.7 ms, GC Workers: 8]
      [GC Worker Start (ms): Min: 77656981.6, Avg: 77656982.5, Max: 77656986.4, Diff: 4.8]
      [Ext Root Scanning (ms): Min: 0.0, Avg: 2.8, Max: 11.3, Diff: 11.3, Sum: 22.4]
      [Update RS (ms): Min: 0.0, Avg: 2.1, Max: 5.2, Diff: 5.2, Sum: 17.1]
         [Processed Buffers: Min: 0, Avg: 6.1, Max: 21, Diff: 21, Sum: 49]
      [Scan RS (ms): Min: 0.0, Avg: 2.5, Max: 6.6, Diff: 6.6, Sum: 20.1]
      [Code Root Scanning (ms): Min: 0.0, Avg: 0.0, Max: 0.0, Diff: 0.0, Sum: 0.0]
      [Object Copy (ms): Min: 3.1, Avg: 6.1, Max: 8.3, Diff: 5.2, Sum: 48.5]
      [Termination (ms): Min: 0.0, Avg: 0.1, Max: 0.1, Diff: 0.1, Sum: 0.7]
         [Termination Attempts: Min: 1, Avg: 28.0, Max: 52, Diff: 51, Sum: 224]
      [GC Worker Other (ms): Min: 0.0, Avg: 0.0, Max: 0.1, Diff: 0.0, Sum: 0.3]
      [GC Worker Total (ms): Min: 9.7, Avg: 13.6, Max: 14.5, Diff: 4.8, Sum: 109.1]
      [GC Worker End (ms): Min: 77656996.1, Avg: 77656996.1, Max: 77656996.2, Diff: 0.1]
   [Code Root Fixup: 0.1 ms]
   [Code Root Purge: 0.0 ms]
   [Clear CT: 0.1 ms]
   [Other: 1.1 ms]
      [Choose CSet: 0.0 ms]
      [Ref Proc: 0.2 ms]
      [Ref Enq: 0.0 ms]
      [Redirty Cards: 0.1 ms]
      [Humongous Register: 0.2 ms]
      [Humongous Reclaim: 0.0 ms]
      [Free CSet: 0.1 ms]
   [Eden: 44.0M(44.0M)->0.0B(77.0M) Survivors: 7168.0K->6144.0K Heap: 341.8M(1024.0M)->297.3M(1024.0M)]
 [Times: user=0.07 sys=0.00, real=0.01 secs] 
2021-04-24T16:06:15.915+0800: 77695.877: [GC pause (G1 Evacuation Pause) (young), 0.0186588 secs]
   [Parallel Time: 17.6 ms, GC Workers: 8]
      [GC Worker Start (ms): Min: 77695877.5, Avg: 77695878.5, Max: 77695882.0, Diff: 4.4]
      [Ext Root Scanning (ms): Min: 0.0, Avg: 2.5, Max: 12.9, Diff: 12.9, Sum: 19.8]
      [Update RS (ms): Min: 0.0, Avg: 1.3, Max: 3.1, Diff: 3.1, Sum: 10.7]
         [Processed Buffers: Min: 0, Avg: 6.4, Max: 16, Diff: 16, Sum: 51]
      [Scan RS (ms): Min: 0.0, Avg: 2.0, Max: 5.0, Diff: 5.0, Sum: 16.2]
      [Code Root Scanning (ms): Min: 0.0, Avg: 0.0, Max: 0.0, Diff: 0.0, Sum: 0.0]
      [Object Copy (ms): Min: 4.4, Avg: 10.6, Max: 12.5, Diff: 8.1, Sum: 84.8]
      [Termination (ms): Min: 0.0, Avg: 0.0, Max: 0.1, Diff: 0.1, Sum: 0.4]
         [Termination Attempts: Min: 1, Avg: 1.4, Max: 2, Diff: 1, Sum: 11]
      [GC Worker Other (ms): Min: 0.0, Avg: 0.0, Max: 0.0, Diff: 0.0, Sum: 0.2]
      [GC Worker Total (ms): Min: 13.0, Avg: 16.5, Max: 17.5, Diff: 4.5, Sum: 132.1]
      [GC Worker End (ms): Min: 77695895.0, Avg: 77695895.0, Max: 77695895.0, Diff: 0.0]
   [Code Root Fixup: 0.0 ms]
   [Code Root Purge: 0.0 ms]
   [Clear CT: 0.1 ms]
   [Other: 1.0 ms]
      [Choose CSet: 0.0 ms]
      [Ref Proc: 0.2 ms]
      [Ref Enq: 0.0 ms]
      [Redirty Cards: 0.1 ms]
      [Humongous Register: 0.1 ms]
      [Humongous Reclaim: 0.0 ms]
      [Free CSet: 0.2 ms]
   [Eden: 77.0M(77.0M)->0.0B(97.0M) Survivors: 6144.0K->9216.0K Heap: 374.3M(1024.0M)->299.9M(1024.0M)]
 [Times: user=0.07 sys=0.01, real=0.02 secs] 
2021-04-24T16:07:04.800+0800: 77744.762: [GC pause (G1 Evacuation Pause) (young), 0.0218274 secs]
   [Parallel Time: 20.3 ms, GC Workers: 8]
      [GC Worker Start (ms): Min: 77744762.8, Avg: 77744763.4, Max: 77744766.0, Diff: 3.2]
      [Ext Root Scanning (ms): Min: 0.0, Avg: 4.3, Max: 17.7, Diff: 17.7, Sum: 34.7]
      [Update RS (ms): Min: 0.0, Avg: 3.9, Max: 6.9, Diff: 6.9, Sum: 30.8]
         [Processed Buffers: Min: 0, Avg: 7.0, Max: 27, Diff: 27, Sum: 56]
      [Scan RS (ms): Min: 0.0, Avg: 2.8, Max: 8.6, Diff: 8.6, Sum: 22.7]
      [Code Root Scanning (ms): Min: 0.0, Avg: 1.0, Max: 8.2, Diff: 8.2, Sum: 8.2]
      [Object Copy (ms): Min: 2.3, Avg: 7.5, Max: 10.8, Diff: 8.5, Sum: 59.6]
      [Termination (ms): Min: 0.0, Avg: 0.0, Max: 0.1, Diff: 0.1, Sum: 0.3]
         [Termination Attempts: Min: 1, Avg: 9.0, Max: 16, Diff: 15, Sum: 72]
      [GC Worker Other (ms): Min: 0.0, Avg: 0.1, Max: 0.3, Diff: 0.3, Sum: 0.5]
      [GC Worker Total (ms): Min: 17.0, Avg: 19.6, Max: 20.1, Diff: 3.2, Sum: 156.8]
      [GC Worker End (ms): Min: 77744783.0, Avg: 77744783.0, Max: 77744783.0, Diff: 0.1]
   [Code Root Fixup: 0.0 ms]
   [Code Root Purge: 0.0 ms]
   [Clear CT: 0.2 ms]
   [Other: 1.4 ms]
      [Choose CSet: 0.0 ms]
      [Ref Proc: 0.3 ms]
      [Ref Enq: 0.0 ms]
      [Redirty Cards: 0.1 ms]
      [Humongous Register: 0.2 ms]
      [Humongous Reclaim: 0.0 ms]
      [Free CSet: 0.2 ms]
   [Eden: 97.0M(97.0M)->0.0B(57.0M) Survivors: 9216.0K->8192.0K Heap: 396.9M(1024.0M)->299.4M(1024.0M)]
 [Times: user=0.08 sys=0.01, real=0.02 secs] 
2021-04-24T16:07:33.585+0800: 77773.548: [GC pause (G1 Evacuation Pause) (young), 0.0280770 secs]
   [Parallel Time: 27.2 ms, GC Workers: 8]
      [GC Worker Start (ms): Min: 77773548.5, Avg: 77773549.1, Max: 77773552.3, Diff: 3.8]
      [Ext Root Scanning (ms): Min: 0.0, Avg: 2.7, Max: 7.0, Diff: 7.0, Sum: 21.3]
      [Update RS (ms): Min: 0.0, Avg: 1.6, Max: 3.4, Diff: 3.4, Sum: 13.1]
         [Processed Buffers: Min: 0, Avg: 5.9, Max: 22, Diff: 22, Sum: 47]
      [Scan RS (ms): Min: 0.0, Avg: 1.7, Max: 3.1, Diff: 3.1, Sum: 13.9]
      [Code Root Scanning (ms): Min: 0.0, Avg: 0.0, Max: 0.0, Diff: 0.0, Sum: 0.0]
      [Object Copy (ms): Min: 20.1, Avg: 20.5, Max: 21.0, Diff: 0.9, Sum: 164.2]
      [Termination (ms): Min: 0.0, Avg: 0.0, Max: 0.1, Diff: 0.1, Sum: 0.3]
         [Termination Attempts: Min: 1, Avg: 3.0, Max: 6, Diff: 5, Sum: 24]
      [GC Worker Other (ms): Min: 0.0, Avg: 0.0, Max: 0.0, Diff: 0.0, Sum: 0.1]
      [GC Worker Total (ms): Min: 23.4, Avg: 26.6, Max: 27.2, Diff: 3.8, Sum: 212.9]
      [GC Worker End (ms): Min: 77773575.7, Avg: 77773575.7, Max: 77773575.7, Diff: 0.0]
   [Code Root Fixup: 0.0 ms]
   [Code Root Purge: 0.0 ms]
   [Clear CT: 0.1 ms]
   [Other: 0.7 ms]
      [Choose CSet: 0.0 ms]
      [Ref Proc: 0.2 ms]
      [Ref Enq: 0.0 ms]
      [Redirty Cards: 0.1 ms]
      [Humongous Register: 0.1 ms]
      [Humongous Reclaim: 0.0 ms]
      [Free CSet: 0.1 ms]
   [Eden: 57.0M(57.0M)->0.0B(42.0M) Survivors: 8192.0K->9216.0K Heap: 356.4M(1024.0M)->301.0M(1024.0M)]
 [Times: user=0.07 sys=0.01, real=0.03 secs] 
2021-04-24T16:07:54.755+0800: 77794.719: [GC pause (G1 Evacuation Pause) (young), 0.0234495 secs]
   [Parallel Time: 22.0 ms, GC Workers: 8]
      [GC Worker Start (ms): Min: 77794719.3, Avg: 77794720.4, Max: 77794726.8, Diff: 7.5]
      [Ext Root Scanning (ms): Min: 0.0, Avg: 2.9, Max: 7.2, Diff: 7.2, Sum: 23.5]
      [Update RS (ms): Min: 0.0, Avg: 1.4, Max: 3.1, Diff: 3.1, Sum: 11.2]
         [Processed Buffers: Min: 0, Avg: 6.6, Max: 38, Diff: 38, Sum: 53]
      [Scan RS (ms): Min: 0.0, Avg: 1.7, Max: 3.3, Diff: 3.3, Sum: 13.8]
      [Code Root Scanning (ms): Min: 0.0, Avg: 0.0, Max: 0.0, Diff: 0.0, Sum: 0.0]
      [Object Copy (ms): Min: 14.4, Avg: 14.7, Max: 15.0, Diff: 0.6, Sum: 118.0]
      [Termination (ms): Min: 0.0, Avg: 0.1, Max: 0.1, Diff: 0.1, Sum: 0.6]
         [Termination Attempts: Min: 1, Avg: 3.4, Max: 8, Diff: 7, Sum: 27]
      [GC Worker Other (ms): Min: 0.0, Avg: 0.0, Max: 0.0, Diff: 0.0, Sum: 0.2]
      [GC Worker Total (ms): Min: 14.5, Avg: 20.9, Max: 22.0, Diff: 7.5, Sum: 167.3]
      [GC Worker End (ms): Min: 77794741.3, Avg: 77794741.3, Max: 77794741.3, Diff: 0.0]
   [Code Root Fixup: 0.0 ms]
   [Code Root Purge: 0.0 ms]
   [Clear CT: 0.1 ms]
   [Other: 1.3 ms]
      [Choose CSet: 0.0 ms]
      [Ref Proc: 0.2 ms]
      [Ref Enq: 0.0 ms]
      [Redirty Cards: 0.1 ms]
      [Humongous Register: 0.2 ms]
      [Humongous Reclaim: 0.0 ms]
      [Free CSet: 0.1 ms]
   [Eden: 42.0M(42.0M)->0.0B(44.0M) Survivors: 9216.0K->7168.0K Heap: 343.0M(1024.0M)->302.2M(1024.0M)]
 [Times: user=0.09 sys=0.02, real=0.02 secs] 
2021-04-24T16:08:17.044+0800: 77817.008: [GC pause (G1 Evacuation Pause) (young), 0.0207036 secs]
   [Parallel Time: 18.6 ms, GC Workers: 8]
      [GC Worker Start (ms): Min: 77817008.9, Avg: 77817010.4, Max: 77817019.3, Diff: 10.4]
      [Ext Root Scanning (ms): Min: 0.0, Avg: 1.9, Max: 9.5, Diff: 9.5, Sum: 15.1]
      [Update RS (ms): Min: 0.0, Avg: 2.6, Max: 5.7, Diff: 5.7, Sum: 21.2]
         [Processed Buffers: Min: 0, Avg: 6.9, Max: 20, Diff: 20, Sum: 55]
      [Scan RS (ms): Min: 0.0, Avg: 2.2, Max: 4.9, Diff: 4.9, Sum: 17.6]
      [Code Root Scanning (ms): Min: 0.0, Avg: 0.0, Max: 0.0, Diff: 0.0, Sum: 0.0]
      [Object Copy (ms): Min: 6.6, Avg: 9.8, Max: 17.1, Diff: 10.6, Sum: 78.7]
      [Termination (ms): Min: 0.0, Avg: 0.3, Max: 0.4, Diff: 0.4, Sum: 2.5]
         [Termination Attempts: Min: 1, Avg: 3.5, Max: 7, Diff: 6, Sum: 28]
      [GC Worker Other (ms): Min: 0.0, Avg: 0.0, Max: 0.1, Diff: 0.0, Sum: 0.2]
      [GC Worker Total (ms): Min: 8.1, Avg: 16.9, Max: 18.5, Diff: 10.4, Sum: 135.4]
      [GC Worker End (ms): Min: 77817027.3, Avg: 77817027.4, Max: 77817027.4, Diff: 0.0]
   [Code Root Fixup: 0.1 ms]
   [Code Root Purge: 0.0 ms]
   [Clear CT: 0.2 ms]
   [Other: 1.8 ms]
      [Choose CSet: 0.0 ms]
      [Ref Proc: 0.2 ms]
      [Ref Enq: 0.0 ms]
      [Redirty Cards: 0.2 ms]
      [Humongous Register: 0.2 ms]
      [Humongous Reclaim: 0.0 ms]
      [Free CSet: 0.1 ms]
   [Eden: 44.0M(44.0M)->0.0B(71.0M) Survivors: 7168.0K->5120.0K Heap: 346.2M(1024.0M)->303.0M(1024.0M)]
 [Times: user=0.08 sys=0.01, real=0.02 secs] 
2021-04-24T16:08:40.285+0800: 77840.250: [GC pause (G1 Evacuation Pause) (young), 0.0183960 secs]
   [Parallel Time: 16.8 ms, GC Workers: 8]
      [GC Worker Start (ms): Min: 77840250.2, Avg: 77840250.3, Max: 77840250.5, Diff: 0.3]
      [Ext Root Scanning (ms): Min: 0.6, Avg: 3.4, Max: 15.3, Diff: 14.7, Sum: 27.3]
      [Update RS (ms): Min: 0.0, Avg: 2.4, Max: 5.7, Diff: 5.7, Sum: 19.4]
         [Processed Buffers: Min: 0, Avg: 5.9, Max: 22, Diff: 22, Sum: 47]
      [Scan RS (ms): Min: 0.0, Avg: 4.2, Max: 10.5, Diff: 10.5, Sum: 33.6]
      [Code Root Scanning (ms): Min: 0.0, Avg: 0.0, Max: 0.0, Diff: 0.0, Sum: 0.0]
      [Object Copy (ms): Min: 1.0, Avg: 6.4, Max: 14.4, Diff: 13.4, Sum: 50.9]
      [Termination (ms): Min: 0.0, Avg: 0.0, Max: 0.0, Diff: 0.0, Sum: 0.1]
         [Termination Attempts: Min: 1, Avg: 21.1, Max: 34, Diff: 33, Sum: 169]
      [GC Worker Other (ms): Min: 0.0, Avg: 0.1, Max: 0.1, Diff: 0.1, Sum: 0.4]
      [GC Worker Total (ms): Min: 16.3, Avg: 16.5, Max: 16.7, Diff: 0.4, Sum: 131.8]
      [GC Worker End (ms): Min: 77840266.8, Avg: 77840266.8, Max: 77840266.9, Diff: 0.1]
   [Code Root Fixup: 0.0 ms]
   [Code Root Purge: 0.0 ms]
   [Clear CT: 0.2 ms]
   [Other: 1.4 ms]
      [Choose CSet: 0.0 ms]
      [Ref Proc: 0.3 ms]
      [Ref Enq: 0.0 ms]
      [Redirty Cards: 0.1 ms]
      [Humongous Register: 0.2 ms]
      [Humongous Reclaim: 0.0 ms]
      [Free CSet: 0.1 ms]
   [Eden: 46.0M(46.0M)->0.0B(68.0M) Survivors: 5120.0K->7168.0K Heap: 349.0M(1024.0M)->304.6M(1024.0M)]
 [Times: user=0.07 sys=0.01, real=0.02 secs] 
2021-04-24T16:09:14.475+0800: 77874.440: [GC pause (G1 Evacuation Pause) (young), 0.0142046 secs]
   [Parallel Time: 13.0 ms, GC Workers: 8]
      [GC Worker Start (ms): Min: 77874439.9, Avg: 77874442.1, Max: 77874449.7, Diff: 9.9]
      [Ext Root Scanning (ms): Min: 0.0, Avg: 2.3, Max: 9.9, Diff: 9.9, Sum: 18.1]
      [Update RS (ms): Min: 0.0, Avg: 1.4, Max: 3.7, Diff: 3.7, Sum: 11.6]
         [Processed Buffers: Min: 0, Avg: 5.8, Max: 27, Diff: 27, Sum: 46]
      [Scan RS (ms): Min: 0.0, Avg: 2.4, Max: 5.1, Diff: 5.1, Sum: 19.4]
      [Code Root Scanning (ms): Min: 0.0, Avg: 0.0, Max: 0.0, Diff: 0.0, Sum: 0.0]
      [Object Copy (ms): Min: 2.8, Avg: 4.4, Max: 7.1, Diff: 4.2, Sum: 35.4]
      [Termination (ms): Min: 0.0, Avg: 0.0, Max: 0.0, Diff: 0.0, Sum: 0.1]
         [Termination Attempts: Min: 1, Avg: 14.9, Max: 25, Diff: 24, Sum: 119]
      [GC Worker Other (ms): Min: 0.0, Avg: 0.0, Max: 0.1, Diff: 0.1, Sum: 0.3]
      [GC Worker Total (ms): Min: 3.0, Avg: 10.6, Max: 12.9, Diff: 9.8, Sum: 84.9]
      [GC Worker End (ms): Min: 77874452.7, Avg: 77874452.7, Max: 77874452.8, Diff: 0.1]
   [Code Root Fixup: 0.0 ms]
   [Code Root Purge: 0.0 ms]
   [Clear CT: 0.2 ms]
   [Other: 1.1 ms]
      [Choose CSet: 0.0 ms]
      [Ref Proc: 0.3 ms]
      [Ref Enq: 0.0 ms]
      [Redirty Cards: 0.1 ms]
      [Humongous Register: 0.1 ms]
      [Humongous Reclaim: 0.0 ms]
      [Free CSet: 0.1 ms]
   [Eden: 68.0M(68.0M)->0.0B(143.0M) Survivors: 7168.0K->7168.0K Heap: 372.6M(1024.0M)->304.7M(1024.0M)]
 [Times: user=0.06 sys=0.00, real=0.03 secs] 
2021-04-24T16:10:26.727+0800: 77946.693: [GC pause (G1 Evacuation Pause) (young), 0.0245067 secs]
   [Parallel Time: 22.6 ms, GC Workers: 8]
      [GC Worker Start (ms): Min: 77946693.5, Avg: 77946695.1, Max: 77946702.8, Diff: 9.3]
      [Ext Root Scanning (ms): Min: 0.0, Avg: 3.1, Max: 9.7, Diff: 9.7, Sum: 25.1]
      [Update RS (ms): Min: 0.0, Avg: 3.1, Max: 5.6, Diff: 5.6, Sum: 24.9]
         [Processed Buffers: Min: 0, Avg: 5.9, Max: 20, Diff: 20, Sum: 47]
      [Scan RS (ms): Min: 0.0, Avg: 1.6, Max: 2.9, Diff: 2.9, Sum: 12.6]
      [Code Root Scanning (ms): Min: 0.0, Avg: 0.0, Max: 0.0, Diff: 0.0, Sum: 0.0]
      [Object Copy (ms): Min: 12.2, Avg: 12.7, Max: 13.6, Diff: 1.4, Sum: 101.4]
      [Termination (ms): Min: 0.0, Avg: 0.3, Max: 0.3, Diff: 0.3, Sum: 2.3]
         [Termination Attempts: Min: 1, Avg: 5.4, Max: 9, Diff: 8, Sum: 43]
      [GC Worker Other (ms): Min: 0.0, Avg: 0.1, Max: 0.1, Diff: 0.1, Sum: 0.5]
      [GC Worker Total (ms): Min: 13.1, Avg: 20.8, Max: 22.4, Diff: 9.3, Sum: 166.7]
      [GC Worker End (ms): Min: 77946716.0, Avg: 77946716.0, Max: 77946716.0, Diff: 0.1]
   [Code Root Fixup: 0.0 ms]
   [Code Root Purge: 0.0 ms]
   [Clear CT: 0.2 ms]
   [Other: 1.8 ms]
      [Choose CSet: 0.0 ms]
      [Ref Proc: 0.7 ms]
      [Ref Enq: 0.0 ms]
      [Redirty Cards: 0.1 ms]
      [Humongous Register: 0.2 ms]
      [Humongous Reclaim: 0.0 ms]
      [Free CSet: 0.2 ms]
   [Eden: 143.0M(143.0M)->0.0B(121.0M) Survivors: 7168.0K->9216.0K Heap: 447.7M(1024.0M)->307.1M(1024.0M)]
 [Times: user=0.09 sys=0.02, real=0.03 secs] 
2021-04-24T16:10:47.914+0800: 77967.881: [GC pause (G1 Evacuation Pause) (young), 0.0383138 secs]
   [Parallel Time: 37.4 ms, GC Workers: 8]
      [GC Worker Start (ms): Min: 77967880.9, Avg: 77967882.6, Max: 77967887.9, Diff: 7.0]
      [Ext Root Scanning (ms): Min: 0.0, Avg: 2.1, Max: 7.3, Diff: 7.3, Sum: 16.5]
      [Update RS (ms): Min: 0.0, Avg: 1.3, Max: 2.9, Diff: 2.9, Sum: 10.1]
         [Processed Buffers: Min: 0, Avg: 6.2, Max: 27, Diff: 27, Sum: 50]
      [Scan RS (ms): Min: 0.0, Avg: 2.1, Max: 3.4, Diff: 3.4, Sum: 16.5]
      [Code Root Scanning (ms): Min: 0.0, Avg: 0.0, Max: 0.0, Diff: 0.0, Sum: 0.0]
      [Object Copy (ms): Min: 29.9, Avg: 30.2, Max: 30.4, Diff: 0.5, Sum: 241.8]
      [Termination (ms): Min: 0.0, Avg: 0.0, Max: 0.0, Diff: 0.0, Sum: 0.0]
         [Termination Attempts: Min: 1, Avg: 5.5, Max: 8, Diff: 7, Sum: 44]
      [GC Worker Other (ms): Min: 0.0, Avg: 0.0, Max: 0.1, Diff: 0.0, Sum: 0.3]
      [GC Worker Total (ms): Min: 30.4, Avg: 35.6, Max: 37.3, Diff: 6.9, Sum: 285.2]
      [GC Worker End (ms): Min: 77967918.2, Avg: 77967918.2, Max: 77967918.2, Diff: 0.0]
   [Code Root Fixup: 0.0 ms]
   [Code Root Purge: 0.0 ms]
   [Clear CT: 0.1 ms]
   [Other: 0.8 ms]
      [Choose CSet: 0.0 ms]
      [Ref Proc: 0.3 ms]
      [Ref Enq: 0.0 ms]
      [Redirty Cards: 0.1 ms]
      [Humongous Register: 0.1 ms]
      [Humongous Reclaim: 0.0 ms]
      [Free CSet: 0.1 ms]
   [Eden: 42.0M(42.0M)->0.0B(44.0M) Survivors: 9216.0K->7168.0K Heap: 349.1M(1024.0M)->307.0M(1024.0M)]
 [Times: user=0.06 sys=0.02, real=0.04 secs] 
2021-04-24T16:11:10.113+0800: 77990.080: [GC pause (G1 Evacuation Pause) (young), 0.0222230 secs]
   [Parallel Time: 20.2 ms, GC Workers: 8]
      [GC Worker Start (ms): Min: 77990080.2, Avg: 77990080.7, Max: 77990083.1, Diff: 2.8]
      [Ext Root Scanning (ms): Min: 0.0, Avg: 2.8, Max: 13.3, Diff: 13.3, Sum: 22.6]
      [Update RS (ms): Min: 0.0, Avg: 2.2, Max: 6.6, Diff: 6.6, Sum: 17.5]
         [Processed Buffers: Min: 0, Avg: 6.6, Max: 27, Diff: 27, Sum: 53]
      [Scan RS (ms): Min: 0.0, Avg: 2.1, Max: 4.2, Diff: 4.2, Sum: 17.2]
      [Code Root Scanning (ms): Min: 0.0, Avg: 0.0, Max: 0.0, Diff: 0.0, Sum: 0.0]
      [Object Copy (ms): Min: 6.4, Avg: 12.2, Max: 13.7, Diff: 7.2, Sum: 97.9]
      [Termination (ms): Min: 0.0, Avg: 0.0, Max: 0.0, Diff: 0.0, Sum: 0.1]
         [Termination Attempts: Min: 1, Avg: 1.6, Max: 4, Diff: 3, Sum: 13]
      [GC Worker Other (ms): Min: 0.0, Avg: 0.0, Max: 0.1, Diff: 0.0, Sum: 0.2]
      [GC Worker Total (ms): Min: 17.1, Avg: 19.4, Max: 19.9, Diff: 2.8, Sum: 155.5]
      [GC Worker End (ms): Min: 77990100.1, Avg: 77990100.1, Max: 77990100.2, Diff: 0.0]
   [Code Root Fixup: 0.0 ms]
   [Code Root Purge: 0.0 ms]
   [Clear CT: 0.1 ms]
   [Other: 1.8 ms]
      [Choose CSet: 0.0 ms]
      [Ref Proc: 0.6 ms]
      [Ref Enq: 0.0 ms]
      [Redirty Cards: 0.1 ms]
      [Humongous Register: 0.1 ms]
      [Humongous Reclaim: 0.0 ms]
      [Free CSet: 0.1 ms]
   [Eden: 44.0M(44.0M)->0.0B(44.0M) Survivors: 7168.0K->7168.0K Heap: 351.0M(1024.0M)->309.7M(1024.0M)]
 [Times: user=0.06 sys=0.01, real=0.02 secs] 
2021-04-24T16:11:32.449+0800: 78012.417: [GC pause (G1 Evacuation Pause) (young), 0.0215592 secs]
   [Parallel Time: 19.5 ms, GC Workers: 8]
      [GC Worker Start (ms): Min: 78012417.1, Avg: 78012417.5, Max: 78012418.3, Diff: 1.2]
      [Ext Root Scanning (ms): Min: 0.0, Avg: 0.9, Max: 2.1, Diff: 2.0, Sum: 7.0]
      [Update RS (ms): Min: 0.0, Avg: 3.1, Max: 8.0, Diff: 8.0, Sum: 25.0]
         [Processed Buffers: Min: 0, Avg: 6.2, Max: 25, Diff: 25, Sum: 50]
      [Scan RS (ms): Min: 0.0, Avg: 1.6, Max: 4.0, Diff: 4.0, Sum: 12.4]
      [Code Root Scanning (ms): Min: 0.0, Avg: 0.0, Max: 0.0, Diff: 0.0, Sum: 0.0]
      [Object Copy (ms): Min: 9.9, Avg: 13.4, Max: 18.1, Diff: 8.3, Sum: 106.9]
      [Termination (ms): Min: 0.0, Avg: 0.1, Max: 0.1, Diff: 0.1, Sum: 0.4]
         [Termination Attempts: Min: 1, Avg: 1.8, Max: 4, Diff: 3, Sum: 14]
      [GC Worker Other (ms): Min: 0.0, Avg: 0.0, Max: 0.0, Diff: 0.0, Sum: 0.2]
      [GC Worker Total (ms): Min: 18.2, Avg: 19.0, Max: 19.3, Diff: 1.2, Sum: 152.0]
      [GC Worker End (ms): Min: 78012436.5, Avg: 78012436.5, Max: 78012436.5, Diff: 0.0]
   [Code Root Fixup: 0.1 ms]
   [Code Root Purge: 0.0 ms]
   [Clear CT: 0.1 ms]
   [Other: 1.8 ms]
      [Choose CSet: 0.0 ms]
      [Ref Proc: 0.3 ms]
      [Ref Enq: 0.0 ms]
      [Redirty Cards: 0.1 ms]
      [Humongous Register: 0.3 ms]
      [Humongous Reclaim: 0.0 ms]
      [Free CSet: 0.1 ms]
   [Eden: 44.0M(44.0M)->0.0B(46.0M) Survivors: 7168.0K->5120.0K Heap: 353.7M(1024.0M)->309.4M(1024.0M)]
 [Times: user=0.07 sys=0.02, real=0.03 secs] 
2021-04-24T16:11:55.523+0800: 78035.491: [GC pause (G1 Evacuation Pause) (young), 0.0139404 secs]
   [Parallel Time: 12.7 ms, GC Workers: 8]
      [GC Worker Start (ms): Min: 78035491.6, Avg: 78035491.8, Max: 78035492.1, Diff: 0.5]
      [Ext Root Scanning (ms): Min: 0.8, Avg: 4.3, Max: 9.0, Diff: 8.2, Sum: 34.2]
      [Update RS (ms): Min: 0.0, Avg: 3.2, Max: 7.2, Diff: 7.2, Sum: 25.6]
         [Processed Buffers: Min: 0, Avg: 6.0, Max: 19, Diff: 19, Sum: 48]
      [Scan RS (ms): Min: 0.1, Avg: 1.4, Max: 2.6, Diff: 2.5, Sum: 11.0]
      [Code Root Scanning (ms): Min: 0.0, Avg: 0.0, Max: 0.0, Diff: 0.0, Sum: 0.0]
      [Object Copy (ms): Min: 2.7, Avg: 3.5, Max: 6.5, Diff: 3.8, Sum: 27.8]
      [Termination (ms): Min: 0.0, Avg: 0.1, Max: 0.1, Diff: 0.1, Sum: 0.5]
         [Termination Attempts: Min: 1, Avg: 162.5, Max: 228, Diff: 227, Sum: 1300]
      [GC Worker Other (ms): Min: 0.0, Avg: 0.0, Max: 0.0, Diff: 0.0, Sum: 0.2]
      [GC Worker Total (ms): Min: 12.1, Avg: 12.4, Max: 12.7, Diff: 0.5, Sum: 99.3]
      [GC Worker End (ms): Min: 78035504.2, Avg: 78035504.3, Max: 78035504.3, Diff: 0.0]
   [Code Root Fixup: 0.0 ms]
   [Code Root Purge: 0.0 ms]
   [Clear CT: 0.1 ms]
   [Other: 1.1 ms]
      [Choose CSet: 0.0 ms]
      [Ref Proc: 0.2 ms]
      [Ref Enq: 0.0 ms]
      [Redirty Cards: 0.0 ms]
      [Humongous Register: 0.3 ms]
      [Humongous Reclaim: 0.0 ms]
      [Free CSet: 0.1 ms]
   [Eden: 46.0M(46.0M)->0.0B(86.0M) Survivors: 5120.0K->5120.0K Heap: 355.4M(1024.0M)->309.2M(1024.0M)]
 [Times: user=0.05 sys=0.01, real=0.01 secs] 
2021-04-24T16:12:38.990+0800: 78078.958: [GC pause (G1 Evacuation Pause) (young), 0.0200022 secs]
   [Parallel Time: 18.2 ms, GC Workers: 8]
      [GC Worker Start (ms): Min: 78078959.0, Avg: 78078959.1, Max: 78078959.4, Diff: 0.4]
      [Ext Root Scanning (ms): Min: 0.8, Avg: 3.5, Max: 11.8, Diff: 11.0, Sum: 28.2]
      [Update RS (ms): Min: 0.0, Avg: 2.3, Max: 5.3, Diff: 5.3, Sum: 18.8]
         [Processed Buffers: Min: 0, Avg: 5.1, Max: 16, Diff: 16, Sum: 41]
      [Scan RS (ms): Min: 0.0, Avg: 2.9, Max: 6.4, Diff: 6.4, Sum: 23.4]
      [Code Root Scanning (ms): Min: 0.0, Avg: 0.0, Max: 0.0, Diff: 0.0, Sum: 0.0]
      [Object Copy (ms): Min: 5.7, Avg: 9.1, Max: 16.9, Diff: 11.3, Sum: 72.6]
      [Termination (ms): Min: 0.0, Avg: 0.0, Max: 0.1, Diff: 0.1, Sum: 0.4]
         [Termination Attempts: Min: 1, Avg: 2.1, Max: 5, Diff: 4, Sum: 17]
      [GC Worker Other (ms): Min: 0.0, Avg: 0.0, Max: 0.0, Diff: 0.0, Sum: 0.2]
      [GC Worker Total (ms): Min: 17.7, Avg: 18.0, Max: 18.1, Diff: 0.4, Sum: 143.6]
      [GC Worker End (ms): Min: 78078977.0, Avg: 78078977.1, Max: 78078977.1, Diff: 0.0]
   [Code Root Fixup: 0.0 ms]
   [Code Root Purge: 0.0 ms]
   [Clear CT: 0.1 ms]
   [Other: 1.7 ms]
      [Choose CSet: 0.0 ms]
      [Ref Proc: 0.3 ms]
      [Ref Enq: 0.0 ms]
      [Redirty Cards: 0.1 ms]
      [Humongous Register: 0.3 ms]
      [Humongous Reclaim: 0.0 ms]
      [Free CSet: 0.3 ms]
   [Eden: 86.0M(86.0M)->0.0B(86.0M) Survivors: 5120.0K->8192.0K Heap: 395.2M(1024.0M)->312.6M(1024.0M)]
 [Times: user=0.08 sys=0.01, real=0.02 secs] 
2021-04-24T16:13:01.023+0800: 78100.992: [GC pause (G1 Evacuation Pause) (young), 0.0227130 secs]
   [Parallel Time: 18.7 ms, GC Workers: 8]
      [GC Worker Start (ms): Min: 78100994.1, Avg: 78100995.2, Max: 78101001.8, Diff: 7.7]
      [Ext Root Scanning (ms): Min: 0.0, Avg: 2.3, Max: 7.9, Diff: 7.9, Sum: 18.3]
      [Update RS (ms): Min: 0.0, Avg: 1.5, Max: 3.4, Diff: 3.4, Sum: 11.6]
         [Processed Buffers: Min: 0, Avg: 5.5, Max: 33, Diff: 33, Sum: 44]
      [Scan RS (ms): Min: 0.0, Avg: 2.3, Max: 4.1, Diff: 4.1, Sum: 18.3]
      [Code Root Scanning (ms): Min: 0.0, Avg: 0.0, Max: 0.0, Diff: 0.0, Sum: 0.0]
      [Object Copy (ms): Min: 10.4, Avg: 11.4, Max: 17.7, Diff: 7.4, Sum: 91.6]
      [Termination (ms): Min: 0.0, Avg: 0.1, Max: 0.1, Diff: 0.1, Sum: 0.5]
         [Termination Attempts: Min: 1, Avg: 1.5, Max: 3, Diff: 2, Sum: 12]
      [GC Worker Other (ms): Min: 0.0, Avg: 0.0, Max: 0.0, Diff: 0.0, Sum: 0.2]
      [GC Worker Total (ms): Min: 10.9, Avg: 17.6, Max: 18.6, Diff: 7.7, Sum: 140.5]
      [GC Worker End (ms): Min: 78101012.7, Avg: 78101012.7, Max: 78101012.7, Diff: 0.0]
   [Code Root Fixup: 0.1 ms]
   [Code Root Purge: 0.0 ms]
   [Clear CT: 0.2 ms]
   [Other: 3.7 ms]
      [Choose CSet: 0.0 ms]
      [Ref Proc: 0.9 ms]
      [Ref Enq: 0.0 ms]
      [Redirty Cards: 0.2 ms]
      [Humongous Register: 0.2 ms]
      [Humongous Reclaim: 0.0 ms]
      [Free CSet: 0.1 ms]
   [Eden: 44.0M(43.0M)->0.0B(60.0M) Survivors: 8192.0K->7168.0K Heap: 356.6M(1024.0M)->312.5M(1024.0M)]
 [Times: user=0.08 sys=0.01, real=0.02 secs] 
2021-04-24T16:13:27.118+0800: 78127.087: [GC pause (G1 Evacuation Pause) (young), 0.0220013 secs]
   [Parallel Time: 19.6 ms, GC Workers: 8]
      [GC Worker Start (ms): Min: 78127087.2, Avg: 78127088.9, Max: 78127096.7, Diff: 9.5]
      [Ext Root Scanning (ms): Min: 0.0, Avg: 1.6, Max: 7.4, Diff: 7.4, Sum: 12.9]
      [Update RS (ms): Min: 0.0, Avg: 2.5, Max: 5.1, Diff: 5.1, Sum: 19.9]
         [Processed Buffers: Min: 0, Avg: 6.2, Max: 16, Diff: 16, Sum: 50]
      [Scan RS (ms): Min: 0.1, Avg: 2.9, Max: 5.3, Diff: 5.2, Sum: 23.5]
      [Code Root Scanning (ms): Min: 0.0, Avg: 0.0, Max: 0.0, Diff: 0.0, Sum: 0.0]
      [Object Copy (ms): Min: 8.6, Avg: 10.5, Max: 15.8, Diff: 7.2, Sum: 83.7]
      [Termination (ms): Min: 0.0, Avg: 0.4, Max: 0.4, Diff: 0.4, Sum: 2.8]
         [Termination Attempts: Min: 1, Avg: 13.2, Max: 23, Diff: 22, Sum: 106]
      [GC Worker Other (ms): Min: 0.0, Avg: 0.0, Max: 0.0, Diff: 0.0, Sum: 0.2]
      [GC Worker Total (ms): Min: 10.1, Avg: 17.9, Max: 19.5, Diff: 9.5, Sum: 143.1]
      [GC Worker End (ms): Min: 78127106.7, Avg: 78127106.7, Max: 78127106.8, Diff: 0.0]
   [Code Root Fixup: 0.0 ms]
   [Code Root Purge: 0.0 ms]
   [Clear CT: 0.2 ms]
   [Other: 2.1 ms]
      [Choose CSet: 0.0 ms]
      [Ref Proc: 0.3 ms]
      [Ref Enq: 0.0 ms]
      [Redirty Cards: 0.2 ms]
      [Humongous Register: 0.2 ms]
      [Humongous Reclaim: 0.0 ms]
      [Free CSet: 0.1 ms]
   [Eden: 51.0M(44.0M)->0.0B(55.0M) Survivors: 7168.0K->5120.0K Heap: 363.5M(1024.0M)->311.8M(1024.0M)]
 [Times: user=0.08 sys=0.01, real=0.03 secs] 
2021-04-24T16:13:54.582+0800: 78154.552: [GC pause (G1 Evacuation Pause) (young), 0.0181310 secs]
   [Parallel Time: 16.8 ms, GC Workers: 8]
      [GC Worker Start (ms): Min: 78154552.0, Avg: 78154552.4, Max: 78154553.0, Diff: 0.9]
      [Ext Root Scanning (ms): Min: 0.7, Avg: 5.6, Max: 10.7, Diff: 10.1, Sum: 44.4]
      [Update RS (ms): Min: 0.0, Avg: 2.1, Max: 4.6, Diff: 4.6, Sum: 16.8]
         [Processed Buffers: Min: 0, Avg: 6.1, Max: 21, Diff: 21, Sum: 49]
      [Scan RS (ms): Min: 0.6, Avg: 3.5, Max: 5.7, Diff: 5.1, Sum: 27.7]
      [Code Root Scanning (ms): Min: 0.0, Avg: 0.0, Max: 0.0, Diff: 0.0, Sum: 0.0]
      [Object Copy (ms): Min: 4.6, Avg: 5.2, Max: 6.2, Diff: 1.6, Sum: 41.4]
      [Termination (ms): Min: 0.0, Avg: 0.0, Max: 0.0, Diff: 0.0, Sum: 0.0]
         [Termination Attempts: Min: 1, Avg: 2.6, Max: 5, Diff: 4, Sum: 21]
      [GC Worker Other (ms): Min: 0.0, Avg: 0.0, Max: 0.1, Diff: 0.0, Sum: 0.3]
      [GC Worker Total (ms): Min: 15.8, Avg: 16.3, Max: 16.7, Diff: 0.9, Sum: 130.6]
      [GC Worker End (ms): Min: 78154568.7, Avg: 78154568.7, Max: 78154568.8, Diff: 0.0]
   [Code Root Fixup: 0.0 ms]
   [Code Root Purge: 0.0 ms]
   [Clear CT: 0.1 ms]
   [Other: 1.2 ms]
      [Choose CSet: 0.0 ms]
      [Ref Proc: 0.3 ms]
      [Ref Enq: 0.0 ms]
      [Redirty Cards: 0.1 ms]
      [Humongous Register: 0.1 ms]
      [Humongous Reclaim: 0.0 ms]
      [Free CSet: 0.1 ms]
   [Eden: 55.0M(55.0M)->0.0B(45.0M) Survivors: 5120.0K->8192.0K Heap: 366.8M(1024.0M)->314.3M(1024.0M)]
 [Times: user=0.07 sys=0.00, real=0.02 secs] 
2021-04-24T16:14:17.468+0800: 78177.438: [GC pause (G1 Evacuation Pause) (young), 0.0225802 secs]
   [Parallel Time: 21.1 ms, GC Workers: 8]
      [GC Worker Start (ms): Min: 78177438.8, Avg: 78177440.1, Max: 78177447.0, Diff: 8.2]
      [Ext Root Scanning (ms): Min: 0.0, Avg: 3.0, Max: 9.3, Diff: 9.3, Sum: 23.8]
      [Update RS (ms): Min: 0.0, Avg: 1.7, Max: 3.6, Diff: 3.6, Sum: 13.4]
         [Processed Buffers: Min: 0, Avg: 5.1, Max: 29, Diff: 29, Sum: 41]
      [Scan RS (ms): Min: 0.0, Avg: 2.2, Max: 4.0, Diff: 4.0, Sum: 17.9]
      [Code Root Scanning (ms): Min: 0.0, Avg: 0.0, Max: 0.0, Diff: 0.0, Sum: 0.0]
      [Object Copy (ms): Min: 11.3, Avg: 12.6, Max: 18.6, Diff: 7.3, Sum: 100.7]
      [Termination (ms): Min: 0.0, Avg: 0.2, Max: 0.2, Diff: 0.2, Sum: 1.5]
         [Termination Attempts: Min: 1, Avg: 7.8, Max: 17, Diff: 16, Sum: 62]
      [GC Worker Other (ms): Min: 0.0, Avg: 0.0, Max: 0.0, Diff: 0.0, Sum: 0.2]
      [GC Worker Total (ms): Min: 12.7, Avg: 19.7, Max: 20.9, Diff: 8.2, Sum: 157.4]
      [GC Worker End (ms): Min: 78177459.7, Avg: 78177459.7, Max: 78177459.7, Diff: 0.0]
   [Code Root Fixup: 0.0 ms]
   [Code Root Purge: 0.0 ms]
   [Clear CT: 0.2 ms]
   [Other: 1.3 ms]
      [Choose CSet: 0.0 ms]
      [Ref Proc: 0.3 ms]
      [Ref Enq: 0.0 ms]
      [Redirty Cards: 0.1 ms]
      [Humongous Register: 0.2 ms]
      [Humongous Reclaim: 0.0 ms]
      [Free CSet: 0.1 ms]
   [Eden: 45.0M(45.0M)->0.0B(51.0M) Survivors: 8192.0K->5120.0K Heap: 359.3M(1024.0M)->313.1M(1024.0M)]
 [Times: user=0.08 sys=0.02, real=0.03 secs] 
2021-04-24T16:14:40.356+0800: 78200.326: [GC pause (G1 Evacuation Pause) (young), 0.0176919 secs]
   [Parallel Time: 16.0 ms, GC Workers: 8]
      [GC Worker Start (ms): Min: 78200327.1, Avg: 78200327.5, Max: 78200328.6, Diff: 1.5]
      [Ext Root Scanning (ms): Min: 0.0, Avg: 4.1, Max: 10.0, Diff: 10.0, Sum: 32.5]
      [Update RS (ms): Min: 0.0, Avg: 2.5, Max: 5.5, Diff: 5.5, Sum: 20.2]
         [Processed Buffers: Min: 0, Avg: 6.1, Max: 27, Diff: 27, Sum: 49]
      [Scan RS (ms): Min: 0.4, Avg: 2.8, Max: 5.7, Diff: 5.3, Sum: 22.6]
      [Code Root Scanning (ms): Min: 0.0, Avg: 0.0, Max: 0.0, Diff: 0.0, Sum: 0.0]
      [Object Copy (ms): Min: 3.3, Avg: 6.0, Max: 12.8, Diff: 9.5, Sum: 47.6]
      [Termination (ms): Min: 0.0, Avg: 0.0, Max: 0.1, Diff: 0.0, Sum: 0.3]
         [Termination Attempts: Min: 1, Avg: 23.5, Max: 39, Diff: 38, Sum: 188]
      [GC Worker Other (ms): Min: 0.0, Avg: 0.0, Max: 0.0, Diff: 0.0, Sum: 0.2]
      [GC Worker Total (ms): Min: 14.3, Avg: 15.4, Max: 15.9, Diff: 1.5, Sum: 123.4]
      [GC Worker End (ms): Min: 78200342.9, Avg: 78200342.9, Max: 78200342.9, Diff: 0.0]
   [Code Root Fixup: 0.0 ms]
   [Code Root Purge: 0.0 ms]
   [Clear CT: 0.1 ms]
   [Other: 1.6 ms]
      [Choose CSet: 0.0 ms]
      [Ref Proc: 0.3 ms]
      [Ref Enq: 0.0 ms]
      [Redirty Cards: 0.1 ms]
      [Humongous Register: 0.3 ms]
      [Humongous Reclaim: 0.0 ms]
      [Free CSet: 0.1 ms]
   [Eden: 46.0M(46.0M)->0.0B(66.0M) Survivors: 5120.0K->7168.0K Heap: 359.1M(1024.0M)->315.9M(1024.0M)]
 [Times: user=0.09 sys=0.00, real=0.02 secs] 
2021-04-24T16:15:02.485+0800: 78222.456: [GC pause (G1 Evacuation Pause) (young), 0.0223462 secs]
   [Parallel Time: 20.5 ms, GC Workers: 8]
      [GC Worker Start (ms): Min: 78222456.1, Avg: 78222456.2, Max: 78222456.5, Diff: 0.5]
      [Ext Root Scanning (ms): Min: 0.9, Avg: 3.8, Max: 9.5, Diff: 8.6, Sum: 30.6]
      [Update RS (ms): Min: 0.0, Avg: 1.5, Max: 3.6, Diff: 3.6, Sum: 12.2]
         [Processed Buffers: Min: 0, Avg: 5.8, Max: 22, Diff: 22, Sum: 46]
      [Scan RS (ms): Min: 0.0, Avg: 2.7, Max: 4.3, Diff: 4.3, Sum: 21.3]
      [Code Root Scanning (ms): Min: 0.0, Avg: 0.0, Max: 0.0, Diff: 0.0, Sum: 0.0]
      [Object Copy (ms): Min: 10.8, Avg: 12.1, Max: 17.4, Diff: 6.6, Sum: 97.2]
      [Termination (ms): Min: 0.0, Avg: 0.0, Max: 0.0, Diff: 0.0, Sum: 0.0]
         [Termination Attempts: Min: 1, Avg: 5.5, Max: 8, Diff: 7, Sum: 44]
      [GC Worker Other (ms): Min: 0.0, Avg: 0.0, Max: 0.0, Diff: 0.0, Sum: 0.2]
      [GC Worker Total (ms): Min: 19.9, Avg: 20.2, Max: 20.4, Diff: 0.5, Sum: 161.5]
      [GC Worker End (ms): Min: 78222476.4, Avg: 78222476.4, Max: 78222476.4, Diff: 0.0]
   [Code Root Fixup: 0.0 ms]
   [Code Root Purge: 0.0 ms]
   [Clear CT: 0.1 ms]
   [Other: 1.7 ms]
      [Choose CSet: 0.0 ms]
      [Ref Proc: 0.2 ms]
      [Ref Enq: 0.0 ms]
      [Redirty Cards: 0.1 ms]
      [Humongous Register: 0.2 ms]
      [Humongous Reclaim: 0.0 ms]
      [Free CSet: 0.1 ms]
   [Eden: 44.0M(44.0M)->0.0B(72.0M) Survivors: 7168.0K->5120.0K Heap: 359.9M(1024.0M)->315.3M(1024.0M)]
 [Times: user=0.07 sys=0.01, real=0.02 secs] 
2021-04-24T16:15:25.678+0800: 78245.649: [GC pause (G1 Evacuation Pause) (young), 0.0151283 secs]
   [Parallel Time: 13.7 ms, GC Workers: 8]
      [GC Worker Start (ms): Min: 78245649.2, Avg: 78245649.4, Max: 78245649.6, Diff: 0.4]
      [Ext Root Scanning (ms): Min: 0.8, Avg: 3.9, Max: 8.3, Diff: 7.5, Sum: 31.4]
      [Update RS (ms): Min: 0.0, Avg: 2.4, Max: 5.3, Diff: 5.3, Sum: 19.0]
         [Processed Buffers: Min: 0, Avg: 6.2, Max: 22, Diff: 22, Sum: 50]
      [Scan RS (ms): Min: 1.3, Avg: 2.3, Max: 3.5, Diff: 2.2, Sum: 18.3]
      [Code Root Scanning (ms): Min: 0.0, Avg: 0.0, Max: 0.0, Diff: 0.0, Sum: 0.0]
      [Object Copy (ms): Min: 3.7, Avg: 4.8, Max: 11.1, Diff: 7.4, Sum: 38.0]
      [Termination (ms): Min: 0.0, Avg: 0.0, Max: 0.0, Diff: 0.0, Sum: 0.1]
         [Termination Attempts: Min: 1, Avg: 17.2, Max: 26, Diff: 25, Sum: 138]
      [GC Worker Other (ms): Min: 0.0, Avg: 0.1, Max: 0.1, Diff: 0.1, Sum: 0.5]
      [GC Worker Total (ms): Min: 13.2, Avg: 13.4, Max: 13.6, Diff: 0.4, Sum: 107.4]
      [GC Worker End (ms): Min: 78245662.8, Avg: 78245662.8, Max: 78245662.8, Diff: 0.1]
   [Code Root Fixup: 0.0 ms]
   [Code Root Purge: 0.0 ms]
   [Clear CT: 0.1 ms]
   [Other: 1.3 ms]
      [Choose CSet: 0.0 ms]
      [Ref Proc: 0.3 ms]
      [Ref Enq: 0.0 ms]
      [Redirty Cards: 0.1 ms]
      [Humongous Register: 0.3 ms]
      [Humongous Reclaim: 0.0 ms]
      [Free CSet: 0.1 ms]
   [Eden: 46.0M(46.0M)->0.0B(118.0M) Survivors: 5120.0K->6144.0K Heap: 361.3M(1024.0M)->315.5M(1024.0M)]
 [Times: user=0.07 sys=0.01, real=0.02 secs] 
2021-04-24T16:16:25.702+0800: 78305.674: [GC pause (G1 Evacuation Pause) (young), 0.0248603 secs]
   [Parallel Time: 22.7 ms, GC Workers: 8]
      [GC Worker Start (ms): Min: 78305675.0, Avg: 78305676.1, Max: 78305682.3, Diff: 7.3]
      [Ext Root Scanning (ms): Min: 0.0, Avg: 3.3, Max: 7.8, Diff: 7.7, Sum: 26.8]
      [Update RS (ms): Min: 0.0, Avg: 1.8, Max: 4.2, Diff: 4.2, Sum: 14.6]
         [Processed Buffers: Min: 0, Avg: 6.2, Max: 24, Diff: 24, Sum: 50]
      [Scan RS (ms): Min: 0.4, Avg: 2.9, Max: 4.4, Diff: 4.0, Sum: 23.0]
      [Code Root Scanning (ms): Min: 0.0, Avg: 0.0, Max: 0.0, Diff: 0.0, Sum: 0.0]
      [Object Copy (ms): Min: 13.0, Avg: 13.3, Max: 14.2, Diff: 1.2, Sum: 106.3]
      [Termination (ms): Min: 0.0, Avg: 0.1, Max: 0.1, Diff: 0.1, Sum: 0.5]
         [Termination Attempts: Min: 1, Avg: 2.8, Max: 6, Diff: 5, Sum: 22]
      [GC Worker Other (ms): Min: 0.0, Avg: 0.1, Max: 0.1, Diff: 0.1, Sum: 0.5]
      [GC Worker Total (ms): Min: 15.3, Avg: 21.5, Max: 22.5, Diff: 7.2, Sum: 171.6]
      [GC Worker End (ms): Min: 78305697.5, Avg: 78305697.5, Max: 78305697.6, Diff: 0.1]
   [Code Root Fixup: 0.0 ms]
   [Code Root Purge: 0.0 ms]
   [Clear CT: 0.2 ms]
   [Other: 1.9 ms]
      [Choose CSet: 0.0 ms]
      [Ref Proc: 0.5 ms]
      [Ref Enq: 0.0 ms]
      [Redirty Cards: 0.2 ms]
      [Humongous Register: 0.3 ms]
      [Humongous Reclaim: 0.0 ms]
      [Free CSet: 0.2 ms]
   [Eden: 118.0M(118.0M)->0.0B(79.0M) Survivors: 6144.0K->9216.0K Heap: 433.5M(1024.0M)->319.1M(1024.0M)]
 [Times: user=0.09 sys=0.01, real=0.02 secs] 
2021-04-24T16:17:05.611+0800: 78345.584: [GC pause (G1 Evacuation Pause) (young), 0.0286250 secs]
   [Parallel Time: 27.0 ms, GC Workers: 8]
      [GC Worker Start (ms): Min: 78345584.8, Avg: 78345585.8, Max: 78345592.0, Diff: 7.3]
      [Ext Root Scanning (ms): Min: 0.0, Avg: 2.4, Max: 7.2, Diff: 7.2, Sum: 18.9]
      [Update RS (ms): Min: 0.0, Avg: 1.4, Max: 3.3, Diff: 3.3, Sum: 11.1]
         [Processed Buffers: Min: 0, Avg: 5.9, Max: 34, Diff: 34, Sum: 47]
      [Scan RS (ms): Min: 1.2, Avg: 3.0, Max: 4.7, Diff: 3.6, Sum: 23.9]
      [Code Root Scanning (ms): Min: 0.0, Avg: 0.0, Max: 0.0, Diff: 0.0, Sum: 0.0]
      [Object Copy (ms): Min: 18.1, Avg: 19.0, Max: 24.8, Diff: 6.7, Sum: 152.2]
      [Termination (ms): Min: 0.1, Avg: 0.1, Max: 0.1, Diff: 0.0, Sum: 0.5]
         [Termination Attempts: Min: 1, Avg: 3.4, Max: 5, Diff: 4, Sum: 27]
      [GC Worker Other (ms): Min: 0.0, Avg: 0.0, Max: 0.0, Diff: 0.0, Sum: 0.3]
      [GC Worker Total (ms): Min: 19.6, Avg: 25.8, Max: 26.9, Diff: 7.3, Sum: 206.7]
      [GC Worker End (ms): Min: 78345611.6, Avg: 78345611.6, Max: 78345611.6, Diff: 0.0]
   [Code Root Fixup: 0.0 ms]
   [Code Root Purge: 0.0 ms]
   [Clear CT: 0.2 ms]
   [Other: 1.4 ms]
      [Choose CSet: 0.0 ms]
      [Ref Proc: 0.3 ms]
      [Ref Enq: 0.0 ms]
      [Redirty Cards: 0.2 ms]
      [Humongous Register: 0.2 ms]
      [Humongous Reclaim: 0.0 ms]
      [Free CSet: 0.1 ms]
   [Eden: 79.0M(42.0M)->0.0B(44.0M) Survivors: 9216.0K->7168.0K Heap: 398.1M(1024.0M)->319.6M(1024.0M)]
 [Times: user=0.09 sys=0.02, real=0.03 secs] 
2021-04-24T16:17:27.962+0800: 78367.935: [GC pause (G1 Evacuation Pause) (young), 0.0208493 secs]
   [Parallel Time: 19.1 ms, GC Workers: 8]
      [GC Worker Start (ms): Min: 78367936.0, Avg: 78367937.6, Max: 78367946.6, Diff: 10.6]
      [Ext Root Scanning (ms): Min: 0.0, Avg: 3.1, Max: 10.3, Diff: 10.3, Sum: 24.7]
      [Update RS (ms): Min: 0.0, Avg: 1.8, Max: 4.2, Diff: 4.2, Sum: 14.7]
         [Processed Buffers: Min: 0, Avg: 6.2, Max: 24, Diff: 24, Sum: 50]
      [Scan RS (ms): Min: 0.0, Avg: 3.1, Max: 5.5, Diff: 5.5, Sum: 25.1]
      [Code Root Scanning (ms): Min: 0.0, Avg: 0.0, Max: 0.0, Diff: 0.0, Sum: 0.0]
      [Object Copy (ms): Min: 8.2, Avg: 9.3, Max: 15.9, Diff: 7.7, Sum: 74.3]
      [Termination (ms): Min: 0.0, Avg: 0.1, Max: 0.1, Diff: 0.1, Sum: 0.5]
         [Termination Attempts: Min: 1, Avg: 1.4, Max: 3, Diff: 2, Sum: 11]
      [GC Worker Other (ms): Min: 0.0, Avg: 0.0, Max: 0.0, Diff: 0.0, Sum: 0.2]
      [GC Worker Total (ms): Min: 8.5, Avg: 17.4, Max: 19.1, Diff: 10.6, Sum: 139.5]
      [GC Worker End (ms): Min: 78367955.0, Avg: 78367955.1, Max: 78367955.1, Diff: 0.0]
   [Code Root Fixup: 0.0 ms]
   [Code Root Purge: 0.0 ms]
   [Clear CT: 0.1 ms]
   [Other: 1.6 ms]
      [Choose CSet: 0.0 ms]
      [Ref Proc: 0.2 ms]
      [Ref Enq: 0.0 ms]
      [Redirty Cards: 0.1 ms]
      [Humongous Register: 0.3 ms]
      [Humongous Reclaim: 0.0 ms]
      [Free CSet: 0.1 ms]
   [Eden: 44.0M(44.0M)->0.0B(77.0M) Survivors: 7168.0K->5120.0K Heap: 363.6M(1024.0M)->320.7M(1024.0M)]
 [Times: user=0.07 sys=0.02, real=0.02 secs] 
2021-04-24T16:18:06.809+0800: 78406.782: [GC pause (G1 Evacuation Pause) (young), 0.0170672 secs]
   [Parallel Time: 15.1 ms, GC Workers: 8]
      [GC Worker Start (ms): Min: 78406783.0, Avg: 78406784.3, Max: 78406791.2, Diff: 8.1]
      [Ext Root Scanning (ms): Min: 0.0, Avg: 2.9, Max: 9.3, Diff: 9.3, Sum: 22.9]
      [Update RS (ms): Min: 0.0, Avg: 2.2, Max: 4.9, Diff: 4.9, Sum: 17.4]
         [Processed Buffers: Min: 0, Avg: 5.9, Max: 20, Diff: 20, Sum: 47]
      [Scan RS (ms): Min: 0.3, Avg: 3.1, Max: 5.1, Diff: 4.8, Sum: 24.5]
      [Code Root Scanning (ms): Min: 0.0, Avg: 0.0, Max: 0.0, Diff: 0.0, Sum: 0.0]
      [Object Copy (ms): Min: 4.0, Avg: 5.5, Max: 9.9, Diff: 5.8, Sum: 44.4]
      [Termination (ms): Min: 0.0, Avg: 0.0, Max: 0.0, Diff: 0.0, Sum: 0.0]
         [Termination Attempts: Min: 1, Avg: 4.5, Max: 9, Diff: 8, Sum: 36]
      [GC Worker Other (ms): Min: 0.0, Avg: 0.0, Max: 0.1, Diff: 0.1, Sum: 0.3]
      [GC Worker Total (ms): Min: 6.8, Avg: 13.7, Max: 14.9, Diff: 8.1, Sum: 109.5]
      [GC Worker End (ms): Min: 78406797.9, Avg: 78406798.0, Max: 78406798.0, Diff: 0.1]
   [Code Root Fixup: 0.0 ms]
   [Code Root Purge: 0.0 ms]
   [Clear CT: 0.1 ms]
   [Other: 1.8 ms]
      [Choose CSet: 0.0 ms]
      [Ref Proc: 0.4 ms]
      [Ref Enq: 0.0 ms]
      [Redirty Cards: 0.1 ms]
      [Humongous Register: 0.3 ms]
      [Humongous Reclaim: 0.1 ms]
      [Free CSet: 0.2 ms]
   [Eden: 77.0M(77.0M)->0.0B(107.0M) Survivors: 5120.0K->5120.0K Heap: 397.7M(1024.0M)->320.5M(1024.0M)]
 [Times: user=0.07 sys=0.00, real=0.02 secs] 
2021-04-24T16:19:01.072+0800: 78461.047: [GC pause (G1 Evacuation Pause) (young), 0.0192129 secs]
   [Parallel Time: 17.6 ms, GC Workers: 8]
      [GC Worker Start (ms): Min: 78461047.0, Avg: 78461047.2, Max: 78461047.7, Diff: 0.7]
      [Ext Root Scanning (ms): Min: 0.0, Avg: 4.8, Max: 17.4, Diff: 17.4, Sum: 38.4]
      [Update RS (ms): Min: 0.0, Avg: 1.3, Max: 2.8, Diff: 2.8, Sum: 10.0]
         [Processed Buffers: Min: 0, Avg: 5.2, Max: 15, Diff: 15, Sum: 42]
      [Scan RS (ms): Min: 0.0, Avg: 3.3, Max: 11.3, Diff: 11.3, Sum: 26.0]
      [Code Root Scanning (ms): Min: 0.0, Avg: 0.0, Max: 0.0, Diff: 0.0, Sum: 0.0]
      [Object Copy (ms): Min: 0.0, Avg: 7.7, Max: 15.5, Diff: 15.5, Sum: 61.6]
      [Termination (ms): Min: 0.0, Avg: 0.3, Max: 0.4, Diff: 0.4, Sum: 2.5]
         [Termination Attempts: Min: 1, Avg: 6.4, Max: 14, Diff: 13, Sum: 51]
      [GC Worker Other (ms): Min: 0.0, Avg: 0.0, Max: 0.1, Diff: 0.0, Sum: 0.2]
      [GC Worker Total (ms): Min: 16.8, Avg: 17.3, Max: 17.5, Diff: 0.7, Sum: 138.8]
      [GC Worker End (ms): Min: 78461064.5, Avg: 78461064.5, Max: 78461064.5, Diff: 0.0]
   [Code Root Fixup: 0.0 ms]
   [Code Root Purge: 0.0 ms]
   [Clear CT: 0.1 ms]
   [Other: 1.4 ms]
      [Choose CSet: 0.0 ms]
      [Ref Proc: 0.4 ms]
      [Ref Enq: 0.0 ms]
      [Redirty Cards: 0.1 ms]
      [Humongous Register: 0.2 ms]
      [Humongous Reclaim: 0.0 ms]
      [Free CSet: 0.2 ms]
   [Eden: 107.0M(107.0M)->0.0B(106.0M) Survivors: 5120.0K->7168.0K Heap: 427.5M(1024.0M)->323.2M(1024.0M)]
 [Times: user=0.06 sys=0.00, real=0.02 secs] 
2021-04-24T16:19:54.875+0800: 78514.850: [GC pause (G1 Evacuation Pause) (young), 0.0199783 secs]
   [Parallel Time: 18.8 ms, GC Workers: 8]
      [GC Worker Start (ms): Min: 78514850.9, Avg: 78514852.2, Max: 78514860.3, Diff: 9.4]
      [Ext Root Scanning (ms): Min: 0.0, Avg: 4.2, Max: 14.4, Diff: 14.3, Sum: 33.4]
      [Update RS (ms): Min: 0.0, Avg: 1.7, Max: 4.1, Diff: 4.1, Sum: 13.3]
         [Processed Buffers: Min: 0, Avg: 6.1, Max: 18, Diff: 18, Sum: 49]
      [Scan RS (ms): Min: 0.0, Avg: 4.0, Max: 10.6, Diff: 10.5, Sum: 31.8]
      [Code Root Scanning (ms): Min: 0.0, Avg: 0.0, Max: 0.0, Diff: 0.0, Sum: 0.0]
      [Object Copy (ms): Min: 3.9, Avg: 7.6, Max: 17.8, Diff: 13.9, Sum: 60.4]
      [Termination (ms): Min: 0.0, Avg: 0.0, Max: 0.0, Diff: 0.0, Sum: 0.0]
         [Termination Attempts: Min: 1, Avg: 3.4, Max: 7, Diff: 6, Sum: 27]
      [GC Worker Other (ms): Min: 0.0, Avg: 0.0, Max: 0.1, Diff: 0.1, Sum: 0.4]
      [GC Worker Total (ms): Min: 9.4, Avg: 17.4, Max: 18.7, Diff: 9.3, Sum: 139.4]
      [GC Worker End (ms): Min: 78514869.6, Avg: 78514869.6, Max: 78514869.7, Diff: 0.1]
   [Code Root Fixup: 0.0 ms]
   [Code Root Purge: 0.0 ms]
   [Clear CT: 0.1 ms]
   [Other: 1.1 ms]
      [Choose CSet: 0.0 ms]
      [Ref Proc: 0.2 ms]
      [Ref Enq: 0.0 ms]
      [Redirty Cards: 0.1 ms]
      [Humongous Register: 0.3 ms]
      [Humongous Reclaim: 0.0 ms]
      [Free CSet: 0.1 ms]
   [Eden: 106.0M(106.0M)->0.0B(91.0M) Survivors: 7168.0K->9216.0K Heap: 429.2M(1024.0M)->325.2M(1024.0M)]
 [Times: user=0.08 sys=0.00, real=0.02 secs] 
2021-04-24T16:20:16.069+0800: 78536.045: [GC pause (G1 Evacuation Pause) (young), 0.0322405 secs]
   [Parallel Time: 31.5 ms, GC Workers: 8]
      [GC Worker Start (ms): Min: 78536045.4, Avg: 78536046.6, Max: 78536052.5, Diff: 7.1]
      [Ext Root Scanning (ms): Min: 0.0, Avg: 2.1, Max: 7.0, Diff: 7.0, Sum: 16.5]
      [Update RS (ms): Min: 0.0, Avg: 1.9, Max: 5.1, Diff: 5.1, Sum: 14.9]
         [Processed Buffers: Min: 0, Avg: 6.2, Max: 18, Diff: 18, Sum: 50]
      [Scan RS (ms): Min: 0.0, Avg: 1.8, Max: 3.7, Diff: 3.7, Sum: 14.5]
      [Code Root Scanning (ms): Min: 0.0, Avg: 0.0, Max: 0.0, Diff: 0.0, Sum: 0.0]
      [Object Copy (ms): Min: 23.5, Avg: 24.0, Max: 24.6, Diff: 1.0, Sum: 192.0]
      [Termination (ms): Min: 0.0, Avg: 0.5, Max: 0.8, Diff: 0.8, Sum: 3.7]
         [Termination Attempts: Min: 1, Avg: 1.5, Max: 2, Diff: 1, Sum: 12]
      [GC Worker Other (ms): Min: 0.0, Avg: 0.0, Max: 0.0, Diff: 0.0, Sum: 0.1]
      [GC Worker Total (ms): Min: 24.3, Avg: 30.2, Max: 31.4, Diff: 7.1, Sum: 241.8]
      [GC Worker End (ms): Min: 78536076.8, Avg: 78536076.8, Max: 78536076.8, Diff: 0.0]
   [Code Root Fixup: 0.0 ms]
   [Code Root Purge: 0.0 ms]
   [Clear CT: 0.1 ms]
   [Other: 0.7 ms]
      [Choose CSet: 0.0 ms]
      [Ref Proc: 0.1 ms]
      [Ref Enq: 0.0 ms]
      [Redirty Cards: 0.1 ms]
      [Humongous Register: 0.1 ms]
      [Humongous Reclaim: 0.0 ms]
      [Free CSet: 0.0 ms]
   [Eden: 42.0M(42.0M)->0.0B(45.0M) Survivors: 9216.0K->6144.0K Heap: 367.2M(1024.0M)->326.0M(1024.0M)]
 [Times: user=0.06 sys=0.01, real=0.04 secs] 
2021-04-24T16:20:38.822+0800: 78558.799: [GC pause (G1 Evacuation Pause) (young), 0.0156263 secs]
   [Parallel Time: 14.0 ms, GC Workers: 8]
      [GC Worker Start (ms): Min: 78558799.3, Avg: 78558799.7, Max: 78558800.1, Diff: 0.8]
      [Ext Root Scanning (ms): Min: 0.6, Avg: 4.1, Max: 9.8, Diff: 9.3, Sum: 32.5]
      [Update RS (ms): Min: 0.0, Avg: 2.5, Max: 5.3, Diff: 5.3, Sum: 20.0]
         [Processed Buffers: Min: 0, Avg: 6.8, Max: 22, Diff: 22, Sum: 54]
      [Scan RS (ms): Min: 0.0, Avg: 2.1, Max: 3.8, Diff: 3.8, Sum: 16.6]
      [Code Root Scanning (ms): Min: 0.0, Avg: 0.0, Max: 0.0, Diff: 0.0, Sum: 0.0]
      [Object Copy (ms): Min: 3.8, Avg: 4.9, Max: 11.5, Diff: 7.7, Sum: 39.2]
      [Termination (ms): Min: 0.0, Avg: 0.0, Max: 0.0, Diff: 0.0, Sum: 0.1]
         [Termination Attempts: Min: 1, Avg: 13.0, Max: 20, Diff: 19, Sum: 104]
      [GC Worker Other (ms): Min: 0.0, Avg: 0.0, Max: 0.1, Diff: 0.0, Sum: 0.3]
      [GC Worker Total (ms): Min: 13.1, Avg: 13.6, Max: 13.9, Diff: 0.8, Sum: 108.5]
      [GC Worker End (ms): Min: 78558813.2, Avg: 78558813.2, Max: 78558813.3, Diff: 0.0]
   [Code Root Fixup: 0.0 ms]
   [Code Root Purge: 0.0 ms]
   [Clear CT: 0.1 ms]
   [Other: 1.5 ms]
      [Choose CSet: 0.0 ms]
      [Ref Proc: 0.2 ms]
      [Ref Enq: 0.0 ms]
      [Redirty Cards: 0.1 ms]
      [Humongous Register: 0.2 ms]
      [Humongous Reclaim: 0.0 ms]
      [Free CSet: 0.1 ms]
   [Eden: 45.0M(45.0M)->0.0B(44.0M) Survivors: 6144.0K->7168.0K Heap: 371.0M(1024.0M)->327.4M(1024.0M)]
 [Times: user=0.07 sys=0.01, real=0.01 secs] 
2021-04-24T16:21:01.066+0800: 78581.042: [GC pause (G1 Evacuation Pause) (young), 0.0176036 secs]
   [Parallel Time: 15.3 ms, GC Workers: 8]
      [GC Worker Start (ms): Min: 78581042.9, Avg: 78581043.2, Max: 78581044.2, Diff: 1.3]
      [Ext Root Scanning (ms): Min: 0.0, Avg: 4.4, Max: 11.1, Diff: 11.0, Sum: 35.4]
      [Update RS (ms): Min: 0.0, Avg: 1.9, Max: 4.2, Diff: 4.2, Sum: 14.9]
         [Processed Buffers: Min: 0, Avg: 5.5, Max: 30, Diff: 30, Sum: 44]
      [Scan RS (ms): Min: 0.0, Avg: 1.7, Max: 3.3, Diff: 3.3, Sum: 13.5]
      [Code Root Scanning (ms): Min: 0.0, Avg: 0.0, Max: 0.0, Diff: 0.0, Sum: 0.0]
      [Object Copy (ms): Min: 3.8, Avg: 6.7, Max: 11.9, Diff: 8.0, Sum: 53.7]
      [Termination (ms): Min: 0.0, Avg: 0.2, Max: 0.3, Diff: 0.3, Sum: 1.7]
         [Termination Attempts: Min: 1, Avg: 1.0, Max: 1, Diff: 0, Sum: 8]
      [GC Worker Other (ms): Min: 0.0, Avg: 0.0, Max: 0.1, Diff: 0.0, Sum: 0.2]
      [GC Worker Total (ms): Min: 14.0, Avg: 14.9, Max: 15.2, Diff: 1.2, Sum: 119.4]
      [GC Worker End (ms): Min: 78581058.1, Avg: 78581058.1, Max: 78581058.2, Diff: 0.0]
   [Code Root Fixup: 0.0 ms]
   [Code Root Purge: 0.0 ms]
   [Clear CT: 0.1 ms]
   [Other: 2.2 ms]
      [Choose CSet: 0.0 ms]
      [Ref Proc: 0.7 ms]
      [Ref Enq: 0.0 ms]
      [Redirty Cards: 0.1 ms]
      [Humongous Register: 0.2 ms]
      [Humongous Reclaim: 0.0 ms]
      [Free CSet: 0.1 ms]
   [Eden: 44.0M(44.0M)->0.0B(79.0M) Survivors: 7168.0K->7168.0K Heap: 371.4M(1024.0M)->327.5M(1024.0M)]
 [Times: user=0.07 sys=0.01, real=0.02 secs] 
2021-04-24T16:21:41.043+0800: 78621.021: [GC pause (G1 Evacuation Pause) (young), 0.0181965 secs]
   [Parallel Time: 17.0 ms, GC Workers: 8]
      [GC Worker Start (ms): Min: 78621021.4, Avg: 78621022.8, Max: 78621030.3, Diff: 8.9]
      [Ext Root Scanning (ms): Min: 0.0, Avg: 4.5, Max: 12.2, Diff: 12.1, Sum: 36.0]
      [Update RS (ms): Min: 0.0, Avg: 2.5, Max: 7.1, Diff: 7.1, Sum: 20.1]
         [Processed Buffers: Min: 0, Avg: 6.1, Max: 21, Diff: 21, Sum: 49]
      [Scan RS (ms): Min: 0.0, Avg: 1.9, Max: 5.3, Diff: 5.3, Sum: 15.6]
      [Code Root Scanning (ms): Min: 0.0, Avg: 0.0, Max: 0.0, Diff: 0.0, Sum: 0.0]
      [Object Copy (ms): Min: 4.2, Avg: 6.5, Max: 8.9, Diff: 4.7, Sum: 51.8]
      [Termination (ms): Min: 0.0, Avg: 0.0, Max: 0.1, Diff: 0.0, Sum: 0.4]
         [Termination Attempts: Min: 1, Avg: 23.1, Max: 30, Diff: 29, Sum: 185]
      [GC Worker Other (ms): Min: 0.0, Avg: 0.0, Max: 0.1, Diff: 0.0, Sum: 0.4]
      [GC Worker Total (ms): Min: 8.1, Avg: 15.5, Max: 16.9, Diff: 8.9, Sum: 124.2]
      [GC Worker End (ms): Min: 78621038.3, Avg: 78621038.4, Max: 78621038.4, Diff: 0.0]
   [Code Root Fixup: 0.0 ms]
   [Code Root Purge: 0.0 ms]
   [Clear CT: 0.1 ms]
   [Other: 1.1 ms]
      [Choose CSet: 0.0 ms]
      [Ref Proc: 0.2 ms]
      [Ref Enq: 0.0 ms]
      [Redirty Cards: 0.1 ms]
      [Humongous Register: 0.3 ms]
      [Humongous Reclaim: 0.0 ms]
      [Free CSet: 0.1 ms]
   [Eden: 79.0M(79.0M)->0.0B(96.0M) Survivors: 7168.0K->9216.0K Heap: 406.5M(1024.0M)->329.0M(1024.0M)]
 [Times: user=0.07 sys=0.00, real=0.02 secs] 
2021-04-24T16:22:29.564+0800: 78669.541: [GC pause (G1 Evacuation Pause) (young), 0.0188909 secs]
   [Parallel Time: 17.5 ms, GC Workers: 8]
      [GC Worker Start (ms): Min: 78669541.2, Avg: 78669541.5, Max: 78669542.5, Diff: 1.3]
      [Ext Root Scanning (ms): Min: 0.0, Avg: 3.0, Max: 8.6, Diff: 8.6, Sum: 24.1]
      [Update RS (ms): Min: 0.0, Avg: 2.3, Max: 4.9, Diff: 4.9, Sum: 18.4]
         [Processed Buffers: Min: 0, Avg: 5.5, Max: 20, Diff: 20, Sum: 44]
      [Scan RS (ms): Min: 0.0, Avg: 2.1, Max: 3.5, Diff: 3.5, Sum: 16.5]
      [Code Root Scanning (ms): Min: 0.0, Avg: 0.0, Max: 0.0, Diff: 0.0, Sum: 0.0]
      [Object Copy (ms): Min: 7.1, Avg: 9.7, Max: 16.2, Diff: 9.1, Sum: 77.6]
      [Termination (ms): Min: 0.0, Avg: 0.0, Max: 0.0, Diff: 0.0, Sum: 0.1]
         [Termination Attempts: Min: 1, Avg: 22.0, Max: 35, Diff: 34, Sum: 176]
      [GC Worker Other (ms): Min: 0.0, Avg: 0.0, Max: 0.1, Diff: 0.1, Sum: 0.3]
      [GC Worker Total (ms): Min: 16.1, Avg: 17.1, Max: 17.5, Diff: 1.3, Sum: 137.0]
      [GC Worker End (ms): Min: 78669558.6, Avg: 78669558.6, Max: 78669558.7, Diff: 0.1]
   [Code Root Fixup: 0.0 ms]
   [Code Root Purge: 0.0 ms]
   [Clear CT: 0.1 ms]
   [Other: 1.3 ms]
      [Choose CSet: 0.0 ms]
      [Ref Proc: 0.2 ms]
      [Ref Enq: 0.0 ms]
      [Redirty Cards: 0.1 ms]
      [Humongous Register: 0.3 ms]
      [Humongous Reclaim: 0.0 ms]
      [Free CSet: 0.1 ms]
   [Eden: 96.0M(96.0M)->0.0B(117.0M) Survivors: 9216.0K->9216.0K Heap: 425.0M(1024.0M)->329.0M(1024.0M)]
 [Times: user=0.09 sys=0.00, real=0.02 secs] 
2021-04-24T16:22:50.485+0800: 78690.462: [GC pause (G1 Evacuation Pause) (young), 0.0375409 secs]
   [Parallel Time: 35.1 ms, GC Workers: 8]
      [GC Worker Start (ms): Min: 78690462.8, Avg: 78690463.8, Max: 78690468.5, Diff: 5.7]
      [Ext Root Scanning (ms): Min: 0.0, Avg: 1.8, Max: 6.0, Diff: 5.9, Sum: 14.6]
      [Update RS (ms): Min: 0.0, Avg: 1.2, Max: 2.7, Diff: 2.7, Sum: 9.2]
         [Processed Buffers: Min: 0, Avg: 6.1, Max: 18, Diff: 18, Sum: 49]
      [Scan RS (ms): Min: 0.1, Avg: 1.6, Max: 2.7, Diff: 2.6, Sum: 12.9]
      [Code Root Scanning (ms): Min: 0.0, Avg: 0.0, Max: 0.0, Diff: 0.0, Sum: 0.0]
      [Object Copy (ms): Min: 28.6, Avg: 29.3, Max: 32.7, Diff: 4.2, Sum: 234.1]
      [Termination (ms): Min: 0.0, Avg: 0.0, Max: 0.0, Diff: 0.0, Sum: 0.1]
         [Termination Attempts: Min: 2, Avg: 13.5, Max: 18, Diff: 16, Sum: 108]
      [GC Worker Other (ms): Min: 0.0, Avg: 0.0, Max: 0.1, Diff: 0.0, Sum: 0.3]
      [GC Worker Total (ms): Min: 29.2, Avg: 33.9, Max: 34.9, Diff: 5.7, Sum: 271.3]
      [GC Worker End (ms): Min: 78690497.7, Avg: 78690497.7, Max: 78690497.7, Diff: 0.1]
   [Code Root Fixup: 0.1 ms]
   [Code Root Purge: 0.0 ms]
   [Clear CT: 0.1 ms]
   [Other: 2.3 ms]
      [Choose CSet: 0.0 ms]
      [Ref Proc: 0.3 ms]
      [Ref Enq: 0.0 ms]
      [Redirty Cards: 0.1 ms]
      [Humongous Register: 0.2 ms]
      [Humongous Reclaim: 0.0 ms]
      [Free CSet: 1.2 ms]
   [Eden: 42.0M(42.0M)->0.0B(44.0M) Survivors: 9216.0K->7168.0K Heap: 371.0M(1024.0M)->329.4M(1024.0M)]
 [Times: user=0.07 sys=0.02, real=0.04 secs] 
2021-04-24T16:23:12.578+0800: 78712.556: [GC pause (G1 Evacuation Pause) (young), 0.0216452 secs]
   [Parallel Time: 20.3 ms, GC Workers: 8]
      [GC Worker Start (ms): Min: 78712555.8, Avg: 78712556.1, Max: 78712556.7, Diff: 0.9]
      [Ext Root Scanning (ms): Min: 0.0, Avg: 3.1, Max: 8.5, Diff: 8.5, Sum: 24.8]
      [Update RS (ms): Min: 0.0, Avg: 1.8, Max: 5.8, Diff: 5.8, Sum: 14.1]
         [Processed Buffers: Min: 0, Avg: 6.8, Max: 39, Diff: 39, Sum: 54]
      [Scan RS (ms): Min: 0.0, Avg: 2.3, Max: 4.5, Diff: 4.5, Sum: 18.4]
      [Code Root Scanning (ms): Min: 0.0, Avg: 0.0, Max: 0.0, Diff: 0.0, Sum: 0.0]
      [Object Copy (ms): Min: 11.7, Avg: 12.8, Max: 13.6, Diff: 1.9, Sum: 102.1]
      [Termination (ms): Min: 0.0, Avg: 0.0, Max: 0.1, Diff: 0.1, Sum: 0.3]
         [Termination Attempts: Min: 1, Avg: 1.2, Max: 2, Diff: 1, Sum: 10]
      [GC Worker Other (ms): Min: 0.0, Avg: 0.0, Max: 0.0, Diff: 0.0, Sum: 0.1]
      [GC Worker Total (ms): Min: 19.3, Avg: 20.0, Max: 20.2, Diff: 0.9, Sum: 159.7]
      [GC Worker End (ms): Min: 78712576.0, Avg: 78712576.0, Max: 78712576.0, Diff: 0.0]
   [Code Root Fixup: 0.0 ms]
   [Code Root Purge: 0.0 ms]
   [Clear CT: 0.1 ms]
   [Other: 1.2 ms]
      [Choose CSet: 0.0 ms]
      [Ref Proc: 0.3 ms]
      [Ref Enq: 0.0 ms]
      [Redirty Cards: 0.1 ms]
      [Humongous Register: 0.1 ms]
      [Humongous Reclaim: 0.0 ms]
      [Free CSet: 0.1 ms]
   [Eden: 44.0M(44.0M)->0.0B(45.0M) Survivors: 7168.0K->6144.0K Heap: 373.4M(1024.0M)->331.7M(1024.0M)]
 [Times: user=0.06 sys=0.01, real=0.03 secs] 
2021-04-24T16:23:35.252+0800: 78735.229: [GC pause (G1 Evacuation Pause) (young), 0.0195098 secs]
   [Parallel Time: 17.8 ms, GC Workers: 8]
      [GC Worker Start (ms): Min: 78735229.4, Avg: 78735231.0, Max: 78735235.9, Diff: 6.5]
      [Ext Root Scanning (ms): Min: 0.0, Avg: 1.1, Max: 6.4, Diff: 6.4, Sum: 8.7]
      [Update RS (ms): Min: 0.0, Avg: 1.9, Max: 4.0, Diff: 4.0, Sum: 15.1]
         [Processed Buffers: Min: 0, Avg: 6.1, Max: 22, Diff: 22, Sum: 49]
      [Scan RS (ms): Min: 0.0, Avg: 1.2, Max: 2.0, Diff: 2.0, Sum: 9.4]
      [Code Root Scanning (ms): Min: 0.0, Avg: 0.0, Max: 0.0, Diff: 0.0, Sum: 0.0]
      [Object Copy (ms): Min: 10.7, Avg: 11.7, Max: 16.7, Diff: 6.0, Sum: 93.2]
      [Termination (ms): Min: 0.0, Avg: 0.3, Max: 0.5, Diff: 0.5, Sum: 2.8]
         [Termination Attempts: Min: 1, Avg: 1.2, Max: 2, Diff: 1, Sum: 10]
      [GC Worker Other (ms): Min: 0.0, Avg: 0.0, Max: 0.0, Diff: 0.0, Sum: 0.1]
      [GC Worker Total (ms): Min: 11.2, Avg: 16.2, Max: 17.7, Diff: 6.5, Sum: 129.3]
      [GC Worker End (ms): Min: 78735247.2, Avg: 78735247.2, Max: 78735247.2, Diff: 0.0]
   [Code Root Fixup: 0.0 ms]
   [Code Root Purge: 0.0 ms]
   [Clear CT: 0.1 ms]
   [Other: 1.6 ms]
      [Choose CSet: 0.0 ms]
      [Ref Proc: 0.3 ms]
      [Ref Enq: 0.0 ms]
      [Redirty Cards: 0.1 ms]
      [Humongous Register: 0.1 ms]
      [Humongous Reclaim: 0.0 ms]
      [Free CSet: 0.1 ms]
   [Eden: 45.0M(45.0M)->0.0B(48.0M) Survivors: 6144.0K->5120.0K Heap: 376.7M(1024.0M)->332.5M(1024.0M)]
 [Times: user=0.05 sys=0.01, real=0.02 secs] 
2021-04-24T16:23:59.360+0800: 78759.338: [GC pause (G1 Evacuation Pause) (young), 0.0177025 secs]
   [Parallel Time: 15.9 ms, GC Workers: 8]
      [GC Worker Start (ms): Min: 78759338.5, Avg: 78759338.8, Max: 78759339.5, Diff: 1.0]
      [Ext Root Scanning (ms): Min: 0.0, Avg: 0.9, Max: 2.0, Diff: 2.0, Sum: 7.4]
      [Update RS (ms): Min: 5.2, Avg: 5.9, Max: 6.3, Diff: 1.0, Sum: 47.3]
         [Processed Buffers: Min: 0, Avg: 5.9, Max: 22, Diff: 22, Sum: 47]
      [Scan RS (ms): Min: 0.0, Avg: 1.4, Max: 2.7, Diff: 2.7, Sum: 11.5]
      [Code Root Scanning (ms): Min: 0.0, Avg: 0.0, Max: 0.0, Diff: 0.0, Sum: 0.0]
      [Object Copy (ms): Min: 0.0, Avg: 5.2, Max: 6.5, Diff: 6.5, Sum: 41.7]
      [Termination (ms): Min: 0.0, Avg: 0.1, Max: 0.1, Diff: 0.1, Sum: 0.5]
         [Termination Attempts: Min: 1, Avg: 1.1, Max: 2, Diff: 1, Sum: 9]
      [GC Worker Other (ms): Min: 0.0, Avg: 1.9, Max: 8.5, Diff: 8.5, Sum: 15.6]
      [GC Worker Total (ms): Min: 14.8, Avg: 15.5, Max: 15.8, Diff: 1.0, Sum: 124.0]
      [GC Worker End (ms): Min: 78759354.3, Avg: 78759354.3, Max: 78759354.3, Diff: 0.0]
   [Code Root Fixup: 0.0 ms]
   [Code Root Purge: 0.0 ms]
   [Clear CT: 0.1 ms]
   [Other: 1.7 ms]
      [Choose CSet: 0.0 ms]
      [Ref Proc: 0.3 ms]
      [Ref Enq: 0.0 ms]
      [Redirty Cards: 0.1 ms]
      [Humongous Register: 0.2 ms]
      [Humongous Reclaim: 0.1 ms]
      [Free CSet: 0.2 ms]
   [Eden: 48.0M(48.0M)->0.0B(78.0M) Survivors: 5120.0K->4096.0K Heap: 380.5M(1024.0M)->331.4M(1024.0M)]
 [Times: user=0.05 sys=0.00, real=0.01 secs] 
2021-04-24T16:24:38.708+0800: 78798.686: [GC pause (G1 Evacuation Pause) (young), 0.0148512 secs]
   [Parallel Time: 13.2 ms, GC Workers: 8]
      [GC Worker Start (ms): Min: 78798686.8, Avg: 78798687.0, Max: 78798687.9, Diff: 1.1]
      [Ext Root Scanning (ms): Min: 0.0, Avg: 2.7, Max: 7.9, Diff: 7.9, Sum: 21.4]
      [Update RS (ms): Min: 0.0, Avg: 3.1, Max: 7.8, Diff: 7.8, Sum: 24.8]
         [Processed Buffers: Min: 0, Avg: 5.9, Max: 20, Diff: 20, Sum: 47]
      [Scan RS (ms): Min: 0.0, Avg: 1.4, Max: 3.0, Diff: 3.0, Sum: 11.3]
      [Code Root Scanning (ms): Min: 0.0, Avg: 0.0, Max: 0.0, Diff: 0.0, Sum: 0.0]
      [Object Copy (ms): Min: 4.1, Avg: 5.5, Max: 11.6, Diff: 7.6, Sum: 44.2]
      [Termination (ms): Min: 0.0, Avg: 0.0, Max: 0.0, Diff: 0.0, Sum: 0.0]
         [Termination Attempts: Min: 1, Avg: 2.8, Max: 5, Diff: 4, Sum: 22]
      [GC Worker Other (ms): Min: 0.0, Avg: 0.0, Max: 0.0, Diff: 0.0, Sum: 0.2]
      [GC Worker Total (ms): Min: 11.8, Avg: 12.7, Max: 13.0, Diff: 1.1, Sum: 102.0]
      [GC Worker End (ms): Min: 78798699.8, Avg: 78798699.8, Max: 78798699.8, Diff: 0.0]
   [Code Root Fixup: 0.0 ms]
   [Code Root Purge: 0.0 ms]
   [Clear CT: 0.2 ms]
   [Other: 1.4 ms]
      [Choose CSet: 0.0 ms]
      [Ref Proc: 0.4 ms]
      [Ref Enq: 0.0 ms]
      [Redirty Cards: 0.2 ms]
      [Humongous Register: 0.2 ms]
      [Humongous Reclaim: 0.0 ms]
      [Free CSet: 0.1 ms]
   [Eden: 78.0M(78.0M)->0.0B(95.0M) Survivors: 4096.0K->6144.0K Heap: 409.4M(1024.0M)->333.5M(1024.0M)]
 [Times: user=0.07 sys=0.00, real=0.02 secs] 
2021-04-24T16:25:26.970+0800: 78846.950: [GC pause (G1 Evacuation Pause) (young), 0.0220295 secs]
   [Parallel Time: 18.5 ms, GC Workers: 8]
      [GC Worker Start (ms): Min: 78846951.9, Avg: 78846952.2, Max: 78846952.6, Diff: 0.7]
      [Ext Root Scanning (ms): Min: 4.0, Avg: 5.7, Max: 10.4, Diff: 6.4, Sum: 45.5]
      [Update RS (ms): Min: 0.0, Avg: 2.7, Max: 3.6, Diff: 3.6, Sum: 21.6]
         [Processed Buffers: Min: 0, Avg: 5.8, Max: 12, Diff: 12, Sum: 46]
      [Scan RS (ms): Min: 0.0, Avg: 1.1, Max: 1.7, Diff: 1.7, Sum: 9.2]
      [Code Root Scanning (ms): Min: 0.0, Avg: 0.0, Max: 0.0, Diff: 0.0, Sum: 0.0]
      [Object Copy (ms): Min: 7.8, Avg: 8.4, Max: 8.8, Diff: 0.9, Sum: 66.9]
      [Termination (ms): Min: 0.0, Avg: 0.0, Max: 0.0, Diff: 0.0, Sum: 0.0]
         [Termination Attempts: Min: 1, Avg: 5.1, Max: 10, Diff: 9, Sum: 41]
      [GC Worker Other (ms): Min: 0.0, Avg: 0.2, Max: 0.7, Diff: 0.7, Sum: 1.4]
      [GC Worker Total (ms): Min: 17.7, Avg: 18.1, Max: 18.4, Diff: 0.7, Sum: 144.6]
      [GC Worker End (ms): Min: 78846970.3, Avg: 78846970.3, Max: 78846970.3, Diff: 0.1]
   [Code Root Fixup: 0.0 ms]
   [Code Root Purge: 0.0 ms]
   [Clear CT: 0.1 ms]
   [Other: 3.4 ms]
      [Choose CSet: 0.0 ms]
      [Ref Proc: 0.3 ms]
      [Ref Enq: 0.0 ms]
      [Redirty Cards: 0.1 ms]
      [Humongous Register: 1.4 ms]
      [Humongous Reclaim: 0.0 ms]
      [Free CSet: 0.5 ms]
   [Eden: 95.0M(95.0M)->0.0B(56.0M) Survivors: 6144.0K->9216.0K Heap: 428.5M(1024.0M)->336.4M(1024.0M)]
 [Times: user=0.06 sys=0.04, real=0.02 secs] 
2021-04-24T16:25:55.072+0800: 78875.051: [GC pause (G1 Evacuation Pause) (young), 0.0360892 secs]
   [Parallel Time: 34.6 ms, GC Workers: 8]
      [GC Worker Start (ms): Min: 78875051.8, Avg: 78875052.0, Max: 78875052.2, Diff: 0.4]
      [Ext Root Scanning (ms): Min: 0.7, Avg: 2.7, Max: 6.8, Diff: 6.1, Sum: 21.9]
      [Update RS (ms): Min: 0.0, Avg: 1.2, Max: 2.8, Diff: 2.8, Sum: 10.0]
         [Processed Buffers: Min: 0, Avg: 5.6, Max: 29, Diff: 29, Sum: 45]
      [Scan RS (ms): Min: 0.0, Avg: 2.3, Max: 3.3, Diff: 3.3, Sum: 18.6]
      [Code Root Scanning (ms): Min: 0.0, Avg: 0.0, Max: 0.0, Diff: 0.0, Sum: 0.0]
      [Object Copy (ms): Min: 27.4, Avg: 28.0, Max: 31.6, Diff: 4.2, Sum: 223.7]
      [Termination (ms): Min: 0.0, Avg: 0.0, Max: 0.0, Diff: 0.0, Sum: 0.2]
         [Termination Attempts: Min: 1, Avg: 4.4, Max: 7, Diff: 6, Sum: 35]
      [GC Worker Other (ms): Min: 0.0, Avg: 0.0, Max: 0.0, Diff: 0.0, Sum: 0.1]
      [GC Worker Total (ms): Min: 34.1, Avg: 34.3, Max: 34.5, Diff: 0.4, Sum: 274.4]
      [GC Worker End (ms): Min: 78875086.3, Avg: 78875086.3, Max: 78875086.3, Diff: 0.0]
   [Code Root Fixup: 0.0 ms]
   [Code Root Purge: 0.0 ms]
   [Clear CT: 0.1 ms]
   [Other: 1.3 ms]
      [Choose CSet: 0.0 ms]
      [Ref Proc: 0.3 ms]
      [Ref Enq: 0.0 ms]
      [Redirty Cards: 0.1 ms]
      [Humongous Register: 0.2 ms]
      [Humongous Reclaim: 0.0 ms]
      [Free CSet: 0.1 ms]
   [Eden: 56.0M(56.0M)->0.0B(43.0M) Survivors: 9216.0K->8192.0K Heap: 392.4M(1024.0M)->337.0M(1024.0M)]
 [Times: user=0.08 sys=0.02, real=0.03 secs] 
2021-04-24T16:26:16.888+0800: 78896.868: [GC pause (G1 Evacuation Pause) (young), 0.0235749 secs]
   [Parallel Time: 22.1 ms, GC Workers: 8]
      [GC Worker Start (ms): Min: 78896868.2, Avg: 78896868.4, Max: 78896869.2, Diff: 1.0]
      [Ext Root Scanning (ms): Min: 0.0, Avg: 1.4, Max: 2.8, Diff: 2.8, Sum: 10.9]
      [Update RS (ms): Min: 2.1, Avg: 4.5, Max: 8.0, Diff: 5.9, Sum: 36.2]
         [Processed Buffers: Min: 0, Avg: 6.4, Max: 21, Diff: 21, Sum: 51]
      [Scan RS (ms): Min: 0.0, Avg: 1.9, Max: 3.7, Diff: 3.7, Sum: 15.5]
      [Code Root Scanning (ms): Min: 0.0, Avg: 0.0, Max: 0.0, Diff: 0.0, Sum: 0.0]
      [Object Copy (ms): Min: 12.6, Avg: 13.5, Max: 14.9, Diff: 2.2, Sum: 107.8]
      [Termination (ms): Min: 0.0, Avg: 0.3, Max: 0.4, Diff: 0.4, Sum: 2.7]
         [Termination Attempts: Min: 1, Avg: 1.8, Max: 3, Diff: 2, Sum: 14]
      [GC Worker Other (ms): Min: 0.0, Avg: 0.0, Max: 0.1, Diff: 0.0, Sum: 0.2]
      [GC Worker Total (ms): Min: 20.9, Avg: 21.7, Max: 21.9, Diff: 1.0, Sum: 173.4]
      [GC Worker End (ms): Min: 78896890.1, Avg: 78896890.1, Max: 78896890.1, Diff: 0.0]
   [Code Root Fixup: 0.0 ms]
   [Code Root Purge: 0.0 ms]
   [Clear CT: 0.1 ms]
   [Other: 1.3 ms]
      [Choose CSet: 0.0 ms]
      [Ref Proc: 0.2 ms]
      [Ref Enq: 0.0 ms]
      [Redirty Cards: 0.1 ms]
      [Humongous Register: 0.3 ms]
      [Humongous Reclaim: 0.0 ms]
      [Free CSet: 0.1 ms]
   [Eden: 43.0M(43.0M)->0.0B(46.0M) Survivors: 8192.0K->5120.0K Heap: 380.0M(1024.0M)->336.2M(1024.0M)]
 [Times: user=0.08 sys=0.03, real=0.03 secs] 
2021-04-24T16:26:40.254+0800: 78920.234: [GC pause (G1 Evacuation Pause) (young), 0.0167672 secs]
   [Parallel Time: 15.4 ms, GC Workers: 8]
      [GC Worker Start (ms): Min: 78920234.5, Avg: 78920235.0, Max: 78920236.0, Diff: 1.4]
      [Ext Root Scanning (ms): Min: 0.0, Avg: 4.1, Max: 9.9, Diff: 9.9, Sum: 32.9]
      [Update RS (ms): Min: 0.0, Avg: 3.1, Max: 7.1, Diff: 7.1, Sum: 25.2]
         [Processed Buffers: Min: 0, Avg: 6.5, Max: 27, Diff: 27, Sum: 52]
      [Scan RS (ms): Min: 0.2, Avg: 2.6, Max: 4.3, Diff: 4.1, Sum: 20.5]
      [Code Root Scanning (ms): Min: 0.0, Avg: 0.0, Max: 0.0, Diff: 0.0, Sum: 0.0]
      [Object Copy (ms): Min: 4.5, Avg: 5.0, Max: 5.1, Diff: 0.6, Sum: 39.7]
      [Termination (ms): Min: 0.0, Avg: 0.1, Max: 0.1, Diff: 0.1, Sum: 0.4]
         [Termination Attempts: Min: 1, Avg: 1.0, Max: 1, Diff: 0, Sum: 8]
      [GC Worker Other (ms): Min: 0.0, Avg: 0.0, Max: 0.0, Diff: 0.0, Sum: 0.2]
      [GC Worker Total (ms): Min: 13.9, Avg: 14.9, Max: 15.3, Diff: 1.5, Sum: 118.8]
      [GC Worker End (ms): Min: 78920249.8, Avg: 78920249.8, Max: 78920249.9, Diff: 0.1]
   [Code Root Fixup: 0.0 ms]
   [Code Root Purge: 0.0 ms]
   [Clear CT: 0.1 ms]
   [Other: 1.2 ms]
      [Choose CSet: 0.0 ms]
      [Ref Proc: 0.3 ms]
      [Ref Enq: 0.0 ms]
      [Redirty Cards: 0.1 ms]
      [Humongous Register: 0.2 ms]
      [Humongous Reclaim: 0.0 ms]
      [Free CSet: 0.1 ms]
   [Eden: 46.0M(46.0M)->0.0B(44.0M) Survivors: 5120.0K->7168.0K Heap: 382.2M(1024.0M)->338.0M(1024.0M)]
 [Times: user=0.07 sys=0.01, real=0.02 secs] 
2021-04-24T16:27:02.344+0800: 78942.325: [GC pause (G1 Evacuation Pause) (young), 0.0161985 secs]
   [Parallel Time: 14.8 ms, GC Workers: 8]
      [GC Worker Start (ms): Min: 78942325.4, Avg: 78942325.7, Max: 78942326.0, Diff: 0.7]
      [Ext Root Scanning (ms): Min: 0.8, Avg: 3.9, Max: 9.9, Diff: 9.1, Sum: 31.2]
      [Update RS (ms): Min: 0.0, Avg: 2.4, Max: 5.0, Diff: 5.0, Sum: 19.1]
         [Processed Buffers: Min: 0, Avg: 5.1, Max: 20, Diff: 20, Sum: 41]
      [Scan RS (ms): Min: 0.0, Avg: 1.8, Max: 3.4, Diff: 3.4, Sum: 14.1]
      [Code Root Scanning (ms): Min: 0.0, Avg: 0.0, Max: 0.0, Diff: 0.0, Sum: 0.0]
      [Object Copy (ms): Min: 4.7, Avg: 6.4, Max: 13.4, Diff: 8.7, Sum: 50.9]
      [Termination (ms): Min: 0.0, Avg: 0.0, Max: 0.1, Diff: 0.1, Sum: 0.4]
         [Termination Attempts: Min: 1, Avg: 2.9, Max: 7, Diff: 6, Sum: 23]
      [GC Worker Other (ms): Min: 0.0, Avg: 0.0, Max: 0.0, Diff: 0.0, Sum: 0.1]
      [GC Worker Total (ms): Min: 14.1, Avg: 14.5, Max: 14.7, Diff: 0.7, Sum: 115.7]
      [GC Worker End (ms): Min: 78942340.1, Avg: 78942340.1, Max: 78942340.1, Diff: 0.0]
   [Code Root Fixup: 0.0 ms]
   [Code Root Purge: 0.0 ms]
   [Clear CT: 0.1 ms]
   [Other: 1.3 ms]
      [Choose CSet: 0.0 ms]
      [Ref Proc: 0.2 ms]
      [Ref Enq: 0.0 ms]
      [Redirty Cards: 0.1 ms]
      [Humongous Register: 0.1 ms]
      [Humongous Reclaim: 0.0 ms]
      [Free CSet: 0.1 ms]
   [Eden: 44.0M(44.0M)->0.0B(74.0M) Survivors: 7168.0K->5120.0K Heap: 382.0M(1024.0M)->337.6M(1024.0M)]
 [Times: user=0.05 sys=0.00, real=0.02 secs] 
2021-04-24T16:27:25.345+0800: 78965.327: [GC pause (G1 Evacuation Pause) (young), 0.0213452 secs]
   [Parallel Time: 18.4 ms, GC Workers: 8]
      [GC Worker Start (ms): Min: 78965327.1, Avg: 78965327.6, Max: 78965329.9, Diff: 2.8]
      [Ext Root Scanning (ms): Min: 0.0, Avg: 4.4, Max: 18.1, Diff: 18.1, Sum: 34.8]
      [Update RS (ms): Min: 0.0, Avg: 2.3, Max: 6.9, Diff: 6.9, Sum: 18.2]
         [Processed Buffers: Min: 0, Avg: 5.9, Max: 20, Diff: 20, Sum: 47]
      [Scan RS (ms): Min: 0.0, Avg: 1.7, Max: 5.1, Diff: 5.1, Sum: 14.0]
      [Code Root Scanning (ms): Min: 0.0, Avg: 0.0, Max: 0.0, Diff: 0.0, Sum: 0.0]
      [Object Copy (ms): Min: 0.0, Avg: 7.7, Max: 9.6, Diff: 9.6, Sum: 61.5]
      [Termination (ms): Min: 0.0, Avg: 1.7, Max: 2.0, Diff: 2.0, Sum: 13.4]
         [Termination Attempts: Min: 1, Avg: 2.2, Max: 5, Diff: 4, Sum: 18]
      [GC Worker Other (ms): Min: 0.0, Avg: 0.0, Max: 0.0, Diff: 0.0, Sum: 0.1]
      [GC Worker Total (ms): Min: 15.5, Avg: 17.7, Max: 18.3, Diff: 2.8, Sum: 141.9]
      [GC Worker End (ms): Min: 78965345.3, Avg: 78965345.4, Max: 78965345.4, Diff: 0.1]
   [Code Root Fixup: 0.0 ms]
   [Code Root Purge: 0.0 ms]
   [Clear CT: 0.1 ms]
   [Other: 2.7 ms]
      [Choose CSet: 0.0 ms]
      [Ref Proc: 1.1 ms]
      [Ref Enq: 0.0 ms]
      [Redirty Cards: 0.1 ms]
      [Humongous Register: 0.2 ms]
      [Humongous Reclaim: 0.0 ms]
      [Free CSet: 0.1 ms]
   [Eden: 46.0M(46.0M)->0.0B(58.0M) Survivors: 5120.0K->7168.0K Heap: 383.6M(1024.0M)->340.4M(1024.0M)]
 [Times: user=0.07 sys=0.00, real=0.02 secs] 
2021-04-24T16:27:47.327+0800: 78987.309: [GC pause (G1 Evacuation Pause) (young), 0.0227227 secs]
   [Parallel Time: 20.7 ms, GC Workers: 8]
      [GC Worker Start (ms): Min: 78987309.2, Avg: 78987310.7, Max: 78987317.2, Diff: 8.1]
      [Ext Root Scanning (ms): Min: 0.0, Avg: 4.2, Max: 12.5, Diff: 12.5, Sum: 33.5]
      [Update RS (ms): Min: 0.0, Avg: 1.9, Max: 4.9, Diff: 4.9, Sum: 15.1]
         [Processed Buffers: Min: 0, Avg: 5.5, Max: 18, Diff: 18, Sum: 44]
      [Scan RS (ms): Min: 0.0, Avg: 2.7, Max: 4.8, Diff: 4.8, Sum: 21.6]
      [Code Root Scanning (ms): Min: 0.0, Avg: 0.0, Max: 0.0, Diff: 0.0, Sum: 0.0]
      [Object Copy (ms): Min: 6.8, Avg: 9.8, Max: 10.7, Diff: 4.0, Sum: 78.7]
      [Termination (ms): Min: 0.0, Avg: 0.3, Max: 0.4, Diff: 0.4, Sum: 2.5]
         [Termination Attempts: Min: 1, Avg: 31.1, Max: 61, Diff: 60, Sum: 249]
      [GC Worker Other (ms): Min: 0.0, Avg: 0.0, Max: 0.0, Diff: 0.0, Sum: 0.2]
      [GC Worker Total (ms): Min: 12.4, Avg: 18.9, Max: 20.5, Diff: 8.1, Sum: 151.5]
      [GC Worker End (ms): Min: 78987329.6, Avg: 78987329.7, Max: 78987329.7, Diff: 0.0]
   [Code Root Fixup: 0.0 ms]
   [Code Root Purge: 0.0 ms]
   [Clear CT: 0.2 ms]
   [Other: 1.8 ms]
      [Choose CSet: 0.0 ms]
      [Ref Proc: 0.3 ms]
      [Ref Enq: 0.0 ms]
      [Redirty Cards: 0.2 ms]
      [Humongous Register: 0.1 ms]
      [Humongous Reclaim: 0.0 ms]
      [Free CSet: 0.1 ms]
   [Eden: 44.0M(44.0M)->0.0B(44.0M) Survivors: 7168.0K->7168.0K Heap: 384.4M(1024.0M)->341.1M(1024.0M)]
 [Times: user=0.08 sys=0.02, real=0.03 secs] 
2021-04-24T16:28:09.489+0800: 79009.470: [GC pause (G1 Evacuation Pause) (young), 0.0211647 secs]
   [Parallel Time: 19.2 ms, GC Workers: 8]
      [GC Worker Start (ms): Min: 79009471.0, Avg: 79009472.2, Max: 79009480.0, Diff: 9.0]
      [Ext Root Scanning (ms): Min: 0.0, Avg: 3.8, Max: 11.1, Diff: 11.0, Sum: 30.7]
      [Update RS (ms): Min: 0.0, Avg: 1.7, Max: 3.8, Diff: 3.8, Sum: 13.5]
         [Processed Buffers: Min: 0, Avg: 6.2, Max: 20, Diff: 20, Sum: 50]
      [Scan RS (ms): Min: 0.0, Avg: 2.6, Max: 5.3, Diff: 5.3, Sum: 21.1]
      [Code Root Scanning (ms): Min: 0.0, Avg: 0.0, Max: 0.0, Diff: 0.0, Sum: 0.0]
      [Object Copy (ms): Min: 7.5, Avg: 9.6, Max: 10.5, Diff: 3.0, Sum: 76.5]
      [Termination (ms): Min: 0.0, Avg: 0.1, Max: 0.1, Diff: 0.1, Sum: 0.6]
         [Termination Attempts: Min: 1, Avg: 27.0, Max: 46, Diff: 45, Sum: 216]
      [GC Worker Other (ms): Min: 0.0, Avg: 0.1, Max: 0.3, Diff: 0.3, Sum: 0.4]
      [GC Worker Total (ms): Min: 10.1, Avg: 17.9, Max: 19.1, Diff: 9.0, Sum: 142.9]
      [GC Worker End (ms): Min: 79009490.1, Avg: 79009490.1, Max: 79009490.1, Diff: 0.0]
   [Code Root Fixup: 0.0 ms]
   [Code Root Purge: 0.0 ms]
   [Clear CT: 0.1 ms]
   [Other: 1.8 ms]
      [Choose CSet: 0.0 ms]
      [Ref Proc: 0.2 ms]
      [Ref Enq: 0.0 ms]
      [Redirty Cards: 0.1 ms]
      [Humongous Register: 0.3 ms]
      [Humongous Reclaim: 0.0 ms]
      [Free CSet: 0.1 ms]
   [Eden: 44.0M(44.0M)->0.0B(57.0M) Survivors: 7168.0K->5120.0K Heap: 385.1M(1024.0M)->340.1M(1024.0M)]
 [Times: user=0.07 sys=0.01, real=0.03 secs] 
2021-04-24T16:28:32.817+0800: 79032.799: [GC pause (G1 Evacuation Pause) (young), 0.0194353 secs]
   [Parallel Time: 16.3 ms, GC Workers: 8]
      [GC Worker Start (ms): Min: 79032801.6, Avg: 79032803.4, Max: 79032812.3, Diff: 10.7]
      [Ext Root Scanning (ms): Min: 0.0, Avg: 3.3, Max: 10.8, Diff: 10.8, Sum: 26.1]
      [Update RS (ms): Min: 0.0, Avg: 2.6, Max: 6.7, Diff: 6.7, Sum: 20.5]
         [Processed Buffers: Min: 0, Avg: 6.1, Max: 18, Diff: 18, Sum: 49]
      [Scan RS (ms): Min: 0.0, Avg: 2.5, Max: 4.6, Diff: 4.6, Sum: 20.1]
      [Code Root Scanning (ms): Min: 0.0, Avg: 0.0, Max: 0.0, Diff: 0.0, Sum: 0.0]
      [Object Copy (ms): Min: 5.3, Avg: 5.9, Max: 6.6, Diff: 1.4, Sum: 47.3]
      [Termination (ms): Min: 0.0, Avg: 0.0, Max: 0.1, Diff: 0.1, Sum: 0.3]
         [Termination Attempts: Min: 1, Avg: 12.8, Max: 21, Diff: 20, Sum: 102]
      [GC Worker Other (ms): Min: 0.0, Avg: 0.0, Max: 0.0, Diff: 0.0, Sum: 0.1]
      [GC Worker Total (ms): Min: 5.4, Avg: 14.3, Max: 16.2, Diff: 10.7, Sum: 114.5]
      [GC Worker End (ms): Min: 79032817.8, Avg: 79032817.8, Max: 79032817.8, Diff: 0.0]
   [Code Root Fixup: 0.0 ms]
   [Code Root Purge: 0.0 ms]
   [Clear CT: 0.1 ms]
   [Other: 3.1 ms]
      [Choose CSet: 0.0 ms]
      [Ref Proc: 0.2 ms]
      [Ref Enq: 0.0 ms]
      [Redirty Cards: 0.1 ms]
      [Humongous Register: 0.2 ms]
      [Humongous Reclaim: 0.0 ms]
      [Free CSet: 0.1 ms]
   [Eden: 46.0M(46.0M)->0.0B(46.0M) Survivors: 5120.0K->7168.0K Heap: 386.1M(1024.0M)->342.7M(1024.0M)]
 [Times: user=0.07 sys=0.00, real=0.02 secs] 
2021-04-24T16:28:56.077+0800: 79056.060: [GC pause (G1 Evacuation Pause) (young), 0.0201776 secs]
   [Parallel Time: 18.9 ms, GC Workers: 8]
      [GC Worker Start (ms): Min: 79056060.0, Avg: 79056060.7, Max: 79056065.5, Diff: 5.5]
      [Ext Root Scanning (ms): Min: 0.0, Avg: 2.3, Max: 6.2, Diff: 6.2, Sum: 18.2]
      [Update RS (ms): Min: 0.0, Avg: 0.9, Max: 2.1, Diff: 2.1, Sum: 7.4]
         [Processed Buffers: Min: 0, Avg: 5.9, Max: 22, Diff: 22, Sum: 47]
      [Scan RS (ms): Min: 0.0, Avg: 2.1, Max: 3.6, Diff: 3.6, Sum: 16.5]
      [Code Root Scanning (ms): Min: 0.0, Avg: 0.0, Max: 0.0, Diff: 0.0, Sum: 0.0]
      [Object Copy (ms): Min: 12.3, Avg: 12.6, Max: 12.9, Diff: 0.6, Sum: 101.1]
      [Termination (ms): Min: 0.0, Avg: 0.2, Max: 0.3, Diff: 0.3, Sum: 1.4]
         [Termination Attempts: Min: 1, Avg: 1.0, Max: 1, Diff: 0, Sum: 8]
      [GC Worker Other (ms): Min: 0.0, Avg: 0.0, Max: 0.0, Diff: 0.0, Sum: 0.1]
      [GC Worker Total (ms): Min: 13.3, Avg: 18.1, Max: 18.9, Diff: 5.6, Sum: 144.7]
      [GC Worker End (ms): Min: 79056078.8, Avg: 79056078.8, Max: 79056078.9, Diff: 0.1]
   [Code Root Fixup: 0.0 ms]
   [Code Root Purge: 0.0 ms]
   [Clear CT: 0.1 ms]
   [Other: 1.2 ms]
      [Choose CSet: 0.0 ms]
      [Ref Proc: 0.3 ms]
      [Ref Enq: 0.0 ms]
      [Redirty Cards: 0.0 ms]
      [Humongous Register: 0.1 ms]
      [Humongous Reclaim: 0.0 ms]
      [Free CSet: 0.1 ms]
   [Eden: 46.0M(46.0M)->0.0B(69.0M) Survivors: 7168.0K->6144.0K Heap: 388.7M(1024.0M)->342.4M(1024.0M)]
 [Times: user=0.05 sys=0.01, real=0.03 secs] 
2021-04-24T16:29:18.754+0800: 79078.737: [GC pause (G1 Evacuation Pause) (young), 0.0170234 secs]
   [Parallel Time: 15.7 ms, GC Workers: 8]
      [GC Worker Start (ms): Min: 79078737.7, Avg: 79078739.2, Max: 79078748.9, Diff: 11.2]
      [Ext Root Scanning (ms): Min: 0.0, Avg: 3.6, Max: 9.3, Diff: 9.3, Sum: 28.4]
      [Update RS (ms): Min: 0.0, Avg: 2.2, Max: 4.6, Diff: 4.6, Sum: 17.3]
         [Processed Buffers: Min: 0, Avg: 6.2, Max: 22, Diff: 22, Sum: 50]
      [Scan RS (ms): Min: 0.1, Avg: 2.8, Max: 6.2, Diff: 6.2, Sum: 22.3]
      [Code Root Scanning (ms): Min: 0.0, Avg: 0.0, Max: 0.0, Diff: 0.0, Sum: 0.0]
      [Object Copy (ms): Min: 3.9, Avg: 5.6, Max: 6.2, Diff: 2.3, Sum: 44.7]
      [Termination (ms): Min: 0.0, Avg: 0.0, Max: 0.1, Diff: 0.1, Sum: 0.3]
         [Termination Attempts: Min: 1, Avg: 6.9, Max: 14, Diff: 13, Sum: 55]
      [GC Worker Other (ms): Min: 0.0, Avg: 0.0, Max: 0.0, Diff: 0.0, Sum: 0.2]
      [GC Worker Total (ms): Min: 4.4, Avg: 14.1, Max: 15.7, Diff: 11.3, Sum: 113.2]
      [GC Worker End (ms): Min: 79078753.3, Avg: 79078753.3, Max: 79078753.3, Diff: 0.0]
   [Code Root Fixup: 0.0 ms]
   [Code Root Purge: 0.0 ms]
   [Clear CT: 0.1 ms]
   [Other: 1.2 ms]
      [Choose CSet: 0.0 ms]
      [Ref Proc: 0.2 ms]
      [Ref Enq: 0.0 ms]
      [Redirty Cards: 0.0 ms]
      [Humongous Register: 0.3 ms]
      [Humongous Reclaim: 0.0 ms]
      [Free CSet: 0.1 ms]
   [Eden: 45.0M(45.0M)->0.0B(97.0M) Survivors: 6144.0K->7168.0K Heap: 387.4M(1024.0M)->343.7M(1024.0M)]
 [Times: user=0.08 sys=0.01, real=0.02 secs] 
2021-04-24T16:29:40.969+0800: 79100.952: [GC pause (G1 Evacuation Pause) (young), 0.0210665 secs]
   [Parallel Time: 19.4 ms, GC Workers: 8]
      [GC Worker Start (ms): Min: 79100952.6, Avg: 79100954.0, Max: 79100962.0, Diff: 9.4]
      [Ext Root Scanning (ms): Min: 0.0, Avg: 2.9, Max: 9.4, Diff: 9.4, Sum: 23.1]
      [Update RS (ms): Min: 0.0, Avg: 1.8, Max: 4.1, Diff: 4.1, Sum: 14.1]
         [Processed Buffers: Min: 0, Avg: 6.4, Max: 18, Diff: 18, Sum: 51]
      [Scan RS (ms): Min: 0.0, Avg: 2.3, Max: 4.7, Diff: 4.7, Sum: 18.7]
      [Code Root Scanning (ms): Min: 0.0, Avg: 0.0, Max: 0.0, Diff: 0.0, Sum: 0.0]
      [Object Copy (ms): Min: 9.3, Avg: 10.8, Max: 17.8, Diff: 8.5, Sum: 86.3]
      [Termination (ms): Min: 0.0, Avg: 0.1, Max: 0.2, Diff: 0.2, Sum: 0.8]
         [Termination Attempts: Min: 1, Avg: 1.9, Max: 5, Diff: 4, Sum: 15]
      [GC Worker Other (ms): Min: 0.0, Avg: 0.0, Max: 0.1, Diff: 0.1, Sum: 0.3]
      [GC Worker Total (ms): Min: 9.9, Avg: 17.9, Max: 19.3, Diff: 9.4, Sum: 143.2]
      [GC Worker End (ms): Min: 79100971.9, Avg: 79100971.9, Max: 79100971.9, Diff: 0.1]
   [Code Root Fixup: 0.0 ms]
   [Code Root Purge: 0.0 ms]
   [Clear CT: 0.2 ms]
   [Other: 1.5 ms]
      [Choose CSet: 0.0 ms]
      [Ref Proc: 0.3 ms]
      [Ref Enq: 0.0 ms]
      [Redirty Cards: 0.2 ms]
      [Humongous Register: 0.3 ms]
      [Humongous Reclaim: 0.0 ms]
      [Free CSet: 0.1 ms]
   [Eden: 44.0M(44.0M)->0.0B(85.0M) Survivors: 7168.0K->5120.0K Heap: 387.7M(1024.0M)->342.6M(1024.0M)]
 [Times: user=0.08 sys=0.02, real=0.03 secs] 
2021-04-24T16:30:03.900+0800: 79123.883: [GC pause (G1 Evacuation Pause) (young), 0.0187586 secs]
   [Parallel Time: 17.0 ms, GC Workers: 8]
      [GC Worker Start (ms): Min: 79123883.5, Avg: 79123883.9, Max: 79123884.9, Diff: 1.4]
      [Ext Root Scanning (ms): Min: 0.0, Avg: 3.0, Max: 16.2, Diff: 16.2, Sum: 24.0]
      [Update RS (ms): Min: 0.0, Avg: 2.2, Max: 5.8, Diff: 5.8, Sum: 17.5]
         [Processed Buffers: Min: 0, Avg: 6.4, Max: 22, Diff: 22, Sum: 51]
      [Scan RS (ms): Min: 0.0, Avg: 4.5, Max: 11.5, Diff: 11.5, Sum: 35.7]
      [Code Root Scanning (ms): Min: 0.0, Avg: 0.0, Max: 0.0, Diff: 0.0, Sum: 0.0]
      [Object Copy (ms): Min: 0.5, Avg: 6.2, Max: 13.2, Diff: 12.7, Sum: 50.0]
      [Termination (ms): Min: 0.0, Avg: 0.7, Max: 0.8, Diff: 0.8, Sum: 5.2]
         [Termination Attempts: Min: 1, Avg: 1.2, Max: 2, Diff: 1, Sum: 10]
      [GC Worker Other (ms): Min: 0.0, Avg: 0.0, Max: 0.0, Diff: 0.0, Sum: 0.1]
      [GC Worker Total (ms): Min: 15.5, Avg: 16.6, Max: 16.9, Diff: 1.4, Sum: 132.6]
      [GC Worker End (ms): Min: 79123900.4, Avg: 79123900.4, Max: 79123900.4, Diff: 0.0]
   [Code Root Fixup: 0.0 ms]
   [Code Root Purge: 0.0 ms]
   [Clear CT: 0.1 ms]
   [Other: 1.7 ms]
      [Choose CSet: 0.0 ms]
      [Ref Proc: 0.7 ms]
      [Ref Enq: 0.0 ms]
      [Redirty Cards: 0.1 ms]
      [Humongous Register: 0.1 ms]
      [Humongous Reclaim: 0.0 ms]
      [Free CSet: 0.1 ms]
   [Eden: 46.0M(46.0M)->0.0B(79.0M) Survivors: 5120.0K->7168.0K Heap: 388.6M(1024.0M)->345.5M(1024.0M)]
 [Times: user=0.06 sys=0.00, real=0.01 secs] 
2021-04-24T16:30:25.774+0800: 79145.758: [GC pause (G1 Evacuation Pause) (young), 0.0217621 secs]
   [Parallel Time: 20.7 ms, GC Workers: 8]
      [GC Worker Start (ms): Min: 79145758.2, Avg: 79145759.3, Max: 79145764.5, Diff: 6.2]
      [Ext Root Scanning (ms): Min: 0.0, Avg: 2.8, Max: 11.3, Diff: 11.3, Sum: 22.5]
      [Update RS (ms): Min: 0.0, Avg: 2.5, Max: 9.1, Diff: 9.1, Sum: 20.4]
         [Processed Buffers: Min: 0, Avg: 6.5, Max: 25, Diff: 25, Sum: 52]
      [Scan RS (ms): Min: 0.0, Avg: 2.9, Max: 5.7, Diff: 5.7, Sum: 23.3]
      [Code Root Scanning (ms): Min: 0.0, Avg: 0.0, Max: 0.0, Diff: 0.0, Sum: 0.0]
      [Object Copy (ms): Min: 9.2, Avg: 11.3, Max: 15.7, Diff: 6.5, Sum: 90.4]
      [Termination (ms): Min: 0.0, Avg: 0.0, Max: 0.1, Diff: 0.1, Sum: 0.4]
         [Termination Attempts: Min: 1, Avg: 6.0, Max: 17, Diff: 16, Sum: 48]
      [GC Worker Other (ms): Min: 0.0, Avg: 0.0, Max: 0.0, Diff: 0.0, Sum: 0.2]
      [GC Worker Total (ms): Min: 14.4, Avg: 19.6, Max: 20.6, Diff: 6.2, Sum: 157.1]
      [GC Worker End (ms): Min: 79145778.9, Avg: 79145778.9, Max: 79145778.9, Diff: 0.0]
   [Code Root Fixup: 0.0 ms]
   [Code Root Purge: 0.0 ms]
   [Clear CT: 0.1 ms]
   [Other: 0.9 ms]
      [Choose CSet: 0.0 ms]
      [Ref Proc: 0.3 ms]
      [Ref Enq: 0.0 ms]
      [Redirty Cards: 0.1 ms]
      [Humongous Register: 0.1 ms]
      [Humongous Reclaim: 0.0 ms]
      [Free CSet: 0.1 ms]
   [Eden: 44.0M(44.0M)->0.0B(74.0M) Survivors: 7168.0K->5120.0K Heap: 389.5M(1024.0M)->344.1M(1024.0M)]
 [Times: user=0.07 sys=0.01, real=0.02 secs] 
2021-04-24T16:30:48.828+0800: 79168.812: [GC pause (G1 Evacuation Pause) (young), 0.0167372 secs]
   [Parallel Time: 15.1 ms, GC Workers: 8]
      [GC Worker Start (ms): Min: 79168812.9, Avg: 79168813.2, Max: 79168814.0, Diff: 1.1]
      [Ext Root Scanning (ms): Min: 0.0, Avg: 3.8, Max: 14.4, Diff: 14.4, Sum: 30.5]
      [Update RS (ms): Min: 0.0, Avg: 1.6, Max: 4.3, Diff: 4.3, Sum: 12.5]
         [Processed Buffers: Min: 0, Avg: 6.1, Max: 24, Diff: 24, Sum: 49]
      [Scan RS (ms): Min: 0.0, Avg: 2.7, Max: 5.6, Diff: 5.6, Sum: 21.4]
      [Code Root Scanning (ms): Min: 0.0, Avg: 0.0, Max: 0.0, Diff: 0.0, Sum: 0.0]
      [Object Copy (ms): Min: 0.2, Avg: 6.5, Max: 13.8, Diff: 13.6, Sum: 52.2]
      [Termination (ms): Min: 0.0, Avg: 0.0, Max: 0.0, Diff: 0.0, Sum: 0.1]
         [Termination Attempts: Min: 1, Avg: 21.0, Max: 27, Diff: 26, Sum: 168]
      [GC Worker Other (ms): Min: 0.0, Avg: 0.0, Max: 0.0, Diff: 0.0, Sum: 0.2]
      [GC Worker Total (ms): Min: 13.8, Avg: 14.6, Max: 14.9, Diff: 1.1, Sum: 116.9]
      [GC Worker End (ms): Min: 79168827.8, Avg: 79168827.8, Max: 79168827.8, Diff: 0.0]
   [Code Root Fixup: 0.1 ms]
   [Code Root Purge: 0.0 ms]
   [Clear CT: 0.1 ms]
   [Other: 1.4 ms]
      [Choose CSet: 0.0 ms]
      [Ref Proc: 0.3 ms]
      [Ref Enq: 0.0 ms]
      [Redirty Cards: 0.1 ms]
      [Humongous Register: 0.2 ms]
      [Humongous Reclaim: 0.0 ms]
      [Free CSet: 0.2 ms]
   [Eden: 46.0M(46.0M)->0.0B(91.0M) Survivors: 5120.0K->6144.0K Heap: 390.1M(1024.0M)->345.1M(1024.0M)]
 [Times: user=0.07 sys=0.01, real=0.02 secs] 
2021-04-24T16:31:34.836+0800: 79214.821: [GC pause (G1 Evacuation Pause) (young), 0.0183365 secs]
   [Parallel Time: 16.7 ms, GC Workers: 8]
      [GC Worker Start (ms): Min: 79214821.4, Avg: 79214821.7, Max: 79214822.7, Diff: 1.3]
      [Ext Root Scanning (ms): Min: 0.0, Avg: 4.7, Max: 11.3, Diff: 11.3, Sum: 37.3]
      [Update RS (ms): Min: 0.0, Avg: 1.9, Max: 4.4, Diff: 4.4, Sum: 15.6]
         [Processed Buffers: Min: 0, Avg: 5.5, Max: 29, Diff: 29, Sum: 44]
      [Scan RS (ms): Min: 0.0, Avg: 2.5, Max: 5.0, Diff: 5.0, Sum: 20.0]
      [Code Root Scanning (ms): Min: 0.0, Avg: 0.0, Max: 0.0, Diff: 0.0, Sum: 0.0]
      [Object Copy (ms): Min: 5.2, Avg: 7.1, Max: 14.1, Diff: 8.9, Sum: 57.2]
      [Termination (ms): Min: 0.0, Avg: 0.0, Max: 0.1, Diff: 0.1, Sum: 0.3]
         [Termination Attempts: Min: 1, Avg: 1.4, Max: 4, Diff: 3, Sum: 11]
      [GC Worker Other (ms): Min: 0.0, Avg: 0.0, Max: 0.0, Diff: 0.0, Sum: 0.2]
      [GC Worker Total (ms): Min: 15.3, Avg: 16.3, Max: 16.6, Diff: 1.3, Sum: 130.6]
      [GC Worker End (ms): Min: 79214838.0, Avg: 79214838.0, Max: 79214838.0, Diff: 0.0]
   [Code Root Fixup: 0.0 ms]
   [Code Root Purge: 0.0 ms]
   [Clear CT: 0.1 ms]
   [Other: 1.5 ms]
      [Choose CSet: 0.0 ms]
      [Ref Proc: 0.6 ms]
      [Ref Enq: 0.0 ms]
      [Redirty Cards: 0.1 ms]
      [Humongous Register: 0.3 ms]
      [Humongous Reclaim: 0.0 ms]
      [Free CSet: 0.1 ms]
   [Eden: 91.0M(91.0M)->0.0B(103.0M) Survivors: 6144.0K->8192.0K Heap: 436.1M(1024.0M)->347.1M(1024.0M)]
 [Times: user=0.08 sys=0.00, real=0.02 secs] 
2021-04-24T16:32:19.877+0800: 79259.863: [GC pause (G1 Evacuation Pause) (young), 0.0291548 secs]
   [Parallel Time: 27.6 ms, GC Workers: 8]
      [GC Worker Start (ms): Min: 79259863.1, Avg: 79259864.3, Max: 79259870.6, Diff: 7.5]
      [Ext Root Scanning (ms): Min: 0.0, Avg: 1.6, Max: 4.4, Diff: 4.4, Sum: 12.5]
      [Update RS (ms): Min: 0.0, Avg: 2.9, Max: 9.2, Diff: 9.2, Sum: 22.8]
         [Processed Buffers: Min: 0, Avg: 6.4, Max: 18, Diff: 18, Sum: 51]
      [Scan RS (ms): Min: 0.0, Avg: 3.5, Max: 5.2, Diff: 5.2, Sum: 28.0]
      [Code Root Scanning (ms): Min: 0.0, Avg: 0.0, Max: 0.0, Diff: 0.0, Sum: 0.0]
      [Object Copy (ms): Min: 17.0, Avg: 18.2, Max: 20.7, Diff: 3.8, Sum: 145.3]
      [Termination (ms): Min: 0.0, Avg: 0.1, Max: 0.3, Diff: 0.3, Sum: 1.0]
         [Termination Attempts: Min: 1, Avg: 1.4, Max: 2, Diff: 1, Sum: 11]
      [GC Worker Other (ms): Min: 0.0, Avg: 0.0, Max: 0.1, Diff: 0.0, Sum: 0.2]
      [GC Worker Total (ms): Min: 20.0, Avg: 26.3, Max: 27.4, Diff: 7.5, Sum: 210.0]
      [GC Worker End (ms): Min: 79259890.6, Avg: 79259890.6, Max: 79259890.6, Diff: 0.0]
   [Code Root Fixup: 0.0 ms]
   [Code Root Purge: 0.0 ms]
   [Clear CT: 0.2 ms]
   [Other: 1.4 ms]
      [Choose CSet: 0.0 ms]
      [Ref Proc: 0.3 ms]
      [Ref Enq: 0.0 ms]
      [Redirty Cards: 0.1 ms]
      [Humongous Register: 0.3 ms]
      [Humongous Reclaim: 0.0 ms]
      [Free CSet: 0.1 ms]
   [Eden: 89.0M(43.0M)->0.0B(44.0M) Survivors: 8192.0K->7168.0K Heap: 436.1M(1024.0M)->348.4M(1024.0M)]
 [Times: user=0.09 sys=0.02, real=0.03 secs] 
2021-04-24T16:32:42.114+0800: 79282.100: [GC pause (G1 Evacuation Pause) (young), 0.0155565 secs]
   [Parallel Time: 14.8 ms, GC Workers: 8]
      [GC Worker Start (ms): Min: 79282100.6, Avg: 79282100.9, Max: 79282101.8, Diff: 1.3]
      [Ext Root Scanning (ms): Min: 0.0, Avg: 2.9, Max: 9.9, Diff: 9.9, Sum: 23.3]
      [Update RS (ms): Min: 0.0, Avg: 1.7, Max: 3.7, Diff: 3.7, Sum: 13.6]
         [Processed Buffers: Min: 0, Avg: 6.0, Max: 21, Diff: 21, Sum: 48]
      [Scan RS (ms): Min: 0.0, Avg: 2.3, Max: 4.5, Diff: 4.5, Sum: 18.2]
      [Code Root Scanning (ms): Min: 0.0, Avg: 0.0, Max: 0.0, Diff: 0.0, Sum: 0.0]
      [Object Copy (ms): Min: 4.7, Avg: 7.1, Max: 13.1, Diff: 8.4, Sum: 56.8]
      [Termination (ms): Min: 0.0, Avg: 0.3, Max: 0.5, Diff: 0.5, Sum: 2.7]
         [Termination Attempts: Min: 1, Avg: 1.1, Max: 2, Diff: 1, Sum: 9]
      [GC Worker Other (ms): Min: 0.0, Avg: 0.0, Max: 0.0, Diff: 0.0, Sum: 0.1]
      [GC Worker Total (ms): Min: 13.4, Avg: 14.3, Max: 14.7, Diff: 1.3, Sum: 114.7]
      [GC Worker End (ms): Min: 79282115.2, Avg: 79282115.2, Max: 79282115.3, Diff: 0.0]
   [Code Root Fixup: 0.0 ms]
   [Code Root Purge: 0.0 ms]
   [Clear CT: 0.1 ms]
   [Other: 0.7 ms]
      [Choose CSet: 0.0 ms]
      [Ref Proc: 0.2 ms]
      [Ref Enq: 0.0 ms]
      [Redirty Cards: 0.0 ms]
      [Humongous Register: 0.1 ms]
      [Humongous Reclaim: 0.0 ms]
      [Free CSet: 0.1 ms]
   [Eden: 44.0M(44.0M)->0.0B(108.0M) Survivors: 7168.0K->5120.0K Heap: 392.4M(1024.0M)->348.2M(1024.0M)]
 [Times: user=0.05 sys=0.01, real=0.02 secs] 
2021-04-24T16:33:36.578+0800: 79336.565: [GC pause (G1 Evacuation Pause) (young), 0.0208612 secs]
   [Parallel Time: 19.6 ms, GC Workers: 8]
      [GC Worker Start (ms): Min: 79336565.7, Avg: 79336567.6, Max: 79336577.5, Diff: 11.8]
      [Ext Root Scanning (ms): Min: 0.0, Avg: 3.0, Max: 10.6, Diff: 10.6, Sum: 24.0]
      [Update RS (ms): Min: 0.0, Avg: 2.6, Max: 5.6, Diff: 5.6, Sum: 20.6]
         [Processed Buffers: Min: 0, Avg: 6.6, Max: 23, Diff: 23, Sum: 53]
      [Scan RS (ms): Min: 0.0, Avg: 2.8, Max: 5.1, Diff: 5.1, Sum: 22.1]
      [Code Root Scanning (ms): Min: 0.0, Avg: 0.0, Max: 0.0, Diff: 0.0, Sum: 0.0]
      [Object Copy (ms): Min: 7.6, Avg: 9.2, Max: 17.4, Diff: 9.8, Sum: 73.6]
      [Termination (ms): Min: 0.0, Avg: 0.0, Max: 0.0, Diff: 0.0, Sum: 0.0]
         [Termination Attempts: Min: 1, Avg: 6.0, Max: 11, Diff: 10, Sum: 48]
      [GC Worker Other (ms): Min: 0.0, Avg: 0.0, Max: 0.1, Diff: 0.0, Sum: 0.4]
      [GC Worker Total (ms): Min: 7.7, Avg: 17.6, Max: 19.5, Diff: 11.8, Sum: 140.7]
      [GC Worker End (ms): Min: 79336585.2, Avg: 79336585.2, Max: 79336585.2, Diff: 0.0]
   [Code Root Fixup: 0.0 ms]
   [Code Root Purge: 0.0 ms]
   [Clear CT: 0.1 ms]
   [Other: 1.2 ms]
      [Choose CSet: 0.0 ms]
      [Ref Proc: 0.2 ms]
      [Ref Enq: 0.0 ms]
      [Redirty Cards: 0.1 ms]
      [Humongous Register: 0.3 ms]
      [Humongous Reclaim: 0.0 ms]
      [Free CSet: 0.1 ms]
   [Eden: 108.0M(108.0M)->0.0B(103.0M) Survivors: 5120.0K->10.0M Heap: 456.2M(1024.0M)->353.2M(1024.0M)]
 [Times: user=0.08 sys=0.01, real=0.02 secs] 
2021-04-24T16:34:12.366+0800: 79372.353: [GC pause (G1 Evacuation Pause) (young), 0.0268197 secs]
   [Parallel Time: 25.3 ms, GC Workers: 8]
      [GC Worker Start (ms): Min: 79372353.6, Avg: 79372353.7, Max: 79372354.0, Diff: 0.4]
      [Ext Root Scanning (ms): Min: 0.5, Avg: 2.7, Max: 9.3, Diff: 8.8, Sum: 21.5]
      [Update RS (ms): Min: 0.0, Avg: 2.4, Max: 7.0, Diff: 7.0, Sum: 19.1]
         [Processed Buffers: Min: 0, Avg: 6.0, Max: 29, Diff: 29, Sum: 48]
      [Scan RS (ms): Min: 0.0, Avg: 2.8, Max: 4.7, Diff: 4.7, Sum: 22.5]
      [Code Root Scanning (ms): Min: 0.0, Avg: 0.0, Max: 0.0, Diff: 0.0, Sum: 0.0]
      [Object Copy (ms): Min: 15.8, Avg: 16.9, Max: 22.2, Diff: 6.4, Sum: 135.4]
      [Termination (ms): Min: 0.0, Avg: 0.1, Max: 0.2, Diff: 0.2, Sum: 0.9]
         [Termination Attempts: Min: 1, Avg: 1.4, Max: 2, Diff: 1, Sum: 11]
      [GC Worker Other (ms): Min: 0.0, Avg: 0.0, Max: 0.0, Diff: 0.0, Sum: 0.2]
      [GC Worker Total (ms): Min: 24.7, Avg: 24.9, Max: 25.1, Diff: 0.4, Sum: 199.6]
      [GC Worker End (ms): Min: 79372378.7, Avg: 79372378.7, Max: 79372378.7, Diff: 0.0]
   [Code Root Fixup: 0.0 ms]
   [Code Root Purge: 0.0 ms]
   [Clear CT: 0.2 ms]
   [Other: 1.4 ms]
      [Choose CSet: 0.0 ms]
      [Ref Proc: 0.3 ms]
      [Ref Enq: 0.0 ms]
      [Redirty Cards: 0.1 ms]
      [Humongous Register: 0.2 ms]
      [Humongous Reclaim: 0.0 ms]
      [Free CSet: 0.2 ms]
   [Eden: 71.0M(41.0M)->0.0B(44.0M) Survivors: 10.0M->7168.0K Heap: 424.2M(1024.0M)->352.6M(1024.0M)]
 [Times: user=0.09 sys=0.02, real=0.03 secs] 
2021-04-24T16:34:34.487+0800: 79394.474: [GC pause (G1 Evacuation Pause) (young), 0.0218586 secs]
   [Parallel Time: 20.1 ms, GC Workers: 8]
      [GC Worker Start (ms): Min: 79394475.0, Avg: 79394477.2, Max: 79394485.6, Diff: 10.6]
      [Ext Root Scanning (ms): Min: 0.0, Avg: 3.6, Max: 12.3, Diff: 12.3, Sum: 28.8]
      [Update RS (ms): Min: 0.0, Avg: 2.5, Max: 5.9, Diff: 5.9, Sum: 19.9]
         [Processed Buffers: Min: 0, Avg: 6.1, Max: 21, Diff: 21, Sum: 49]
      [Scan RS (ms): Min: 0.0, Avg: 3.7, Max: 6.2, Diff: 6.2, Sum: 29.9]
      [Code Root Scanning (ms): Min: 0.0, Avg: 0.0, Max: 0.0, Diff: 0.0, Sum: 0.0]
      [Object Copy (ms): Min: 7.3, Avg: 7.7, Max: 8.3, Diff: 1.0, Sum: 62.0]
      [Termination (ms): Min: 0.0, Avg: 0.2, Max: 0.3, Diff: 0.3, Sum: 1.9]
         [Termination Attempts: Min: 1, Avg: 5.5, Max: 13, Diff: 12, Sum: 44]
      [GC Worker Other (ms): Min: 0.0, Avg: 0.0, Max: 0.0, Diff: 0.0, Sum: 0.2]
      [GC Worker Total (ms): Min: 9.4, Avg: 17.8, Max: 20.0, Diff: 10.6, Sum: 142.7]
      [GC Worker End (ms): Min: 79394495.0, Avg: 79394495.0, Max: 79394495.0, Diff: 0.0]
   [Code Root Fixup: 0.0 ms]
   [Code Root Purge: 0.0 ms]
   [Clear CT: 0.1 ms]
   [Other: 1.6 ms]
      [Choose CSet: 0.0 ms]
      [Ref Proc: 0.2 ms]
      [Ref Enq: 0.0 ms]
      [Redirty Cards: 0.1 ms]
      [Humongous Register: 0.3 ms]
      [Humongous Reclaim: 0.0 ms]
      [Free CSet: 0.1 ms]
   [Eden: 44.0M(44.0M)->0.0B(73.0M) Survivors: 7168.0K->5120.0K Heap: 396.6M(1024.0M)->353.7M(1024.0M)]
 [Times: user=0.07 sys=0.01, real=0.02 secs] 
2021-04-24T16:34:57.443+0800: 79417.431: [GC pause (G1 Evacuation Pause) (young), 0.0153958 secs]
   [Parallel Time: 14.1 ms, GC Workers: 8]
      [GC Worker Start (ms): Min: 79417431.5, Avg: 79417434.0, Max: 79417441.0, Diff: 9.4]
      [Ext Root Scanning (ms): Min: 0.0, Avg: 2.8, Max: 9.0, Diff: 9.0, Sum: 22.6]
      [Update RS (ms): Min: 0.0, Avg: 2.3, Max: 5.1, Diff: 5.1, Sum: 18.2]
         [Processed Buffers: Min: 0, Avg: 5.6, Max: 20, Diff: 20, Sum: 45]
      [Scan RS (ms): Min: 0.4, Avg: 2.2, Max: 4.0, Diff: 3.6, Sum: 17.6]
      [Code Root Scanning (ms): Min: 0.0, Avg: 0.0, Max: 0.0, Diff: 0.0, Sum: 0.0]
      [Object Copy (ms): Min: 4.1, Avg: 4.2, Max: 4.3, Diff: 0.2, Sum: 33.4]
      [Termination (ms): Min: 0.0, Avg: 0.0, Max: 0.0, Diff: 0.0, Sum: 0.0]
         [Termination Attempts: Min: 1, Avg: 1.0, Max: 1, Diff: 0, Sum: 8]
      [GC Worker Other (ms): Min: 0.0, Avg: 0.0, Max: 0.0, Diff: 0.0, Sum: 0.2]
      [GC Worker Total (ms): Min: 4.6, Avg: 11.5, Max: 14.0, Diff: 9.4, Sum: 92.0]
      [GC Worker End (ms): Min: 79417445.5, Avg: 79417445.5, Max: 79417445.5, Diff: 0.0]
   [Code Root Fixup: 0.0 ms]
   [Code Root Purge: 0.0 ms]
   [Clear CT: 0.1 ms]
   [Other: 1.2 ms]
      [Choose CSet: 0.0 ms]
      [Ref Proc: 0.2 ms]
      [Ref Enq: 0.0 ms]
      [Redirty Cards: 0.1 ms]
      [Humongous Register: 0.3 ms]
      [Humongous Reclaim: 0.0 ms]
      [Free CSet: 0.1 ms]
   [Eden: 46.0M(46.0M)->0.0B(105.0M) Survivors: 5120.0K->5120.0K Heap: 399.7M(1024.0M)->354.1M(1024.0M)]
 [Times: user=0.07 sys=0.00, real=0.01 secs] 
2021-04-24T16:35:22.956+0800: 79442.944: [GC pause (G1 Evacuation Pause) (young), 0.0169505 secs]
   [Parallel Time: 15.5 ms, GC Workers: 8]
      [GC Worker Start (ms): Min: 79442944.8, Avg: 79442947.7, Max: 79442957.9, Diff: 13.2]
      [Ext Root Scanning (ms): Min: 0.0, Avg: 2.9, Max: 11.1, Diff: 11.1, Sum: 23.5]
      [Update RS (ms): Min: 0.0, Avg: 1.5, Max: 3.4, Diff: 3.4, Sum: 11.7]
         [Processed Buffers: Min: 0, Avg: 5.5, Max: 34, Diff: 34, Sum: 44]
      [Scan RS (ms): Min: 0.0, Avg: 3.1, Max: 9.0, Diff: 9.0, Sum: 24.9]
      [Code Root Scanning (ms): Min: 0.0, Avg: 0.0, Max: 0.0, Diff: 0.0, Sum: 0.0]
      [Object Copy (ms): Min: 1.9, Avg: 4.9, Max: 6.5, Diff: 4.6, Sum: 39.2]
      [Termination (ms): Min: 0.0, Avg: 0.0, Max: 0.0, Diff: 0.0, Sum: 0.2]
         [Termination Attempts: Min: 1, Avg: 12.1, Max: 20, Diff: 19, Sum: 97]
      [GC Worker Other (ms): Min: 0.0, Avg: 0.0, Max: 0.0, Diff: 0.0, Sum: 0.2]
      [GC Worker Total (ms): Min: 2.2, Avg: 12.5, Max: 15.4, Diff: 13.2, Sum: 99.7]
      [GC Worker End (ms): Min: 79442960.2, Avg: 79442960.2, Max: 79442960.2, Diff: 0.0]
   [Code Root Fixup: 0.0 ms]
   [Code Root Purge: 0.0 ms]
   [Clear CT: 0.1 ms]
   [Other: 1.4 ms]
      [Choose CSet: 0.0 ms]
      [Ref Proc: 0.5 ms]
      [Ref Enq: 0.0 ms]
      [Redirty Cards: 0.0 ms]
      [Humongous Register: 0.3 ms]
      [Humongous Reclaim: 0.0 ms]
      [Free CSet: 0.1 ms]
   [Eden: 51.0M(46.0M)->0.0B(120.0M) Survivors: 5120.0K->7168.0K Heap: 405.1M(1024.0M)->356.3M(1024.0M)]
 [Times: user=0.06 sys=0.01, real=0.02 secs] 
2021-04-24T17:08:10.365+0800: 79948.906: [GC pause (G1 Evacuation Pause) (young), 0.0455081 secs]
   [Parallel Time: 39.0 ms, GC Workers: 8]
      [GC Worker Start (ms): Min: 79948910.1, Avg: 79948910.6, Max: 79948911.7, Diff: 1.6]
      [Ext Root Scanning (ms): Min: 1.3, Avg: 3.1, Max: 9.8, Diff: 8.5, Sum: 24.9]
      [Update RS (ms): Min: 5.5, Avg: 11.3, Max: 13.9, Diff: 8.4, Sum: 90.0]
         [Processed Buffers: Min: 1, Avg: 6.1, Max: 24, Diff: 23, Sum: 49]
      [Scan RS (ms): Min: 1.2, Avg: 2.5, Max: 3.1, Diff: 1.9, Sum: 20.2]
      [Code Root Scanning (ms): Min: 0.0, Avg: 0.0, Max: 0.0, Diff: 0.0, Sum: 0.0]
      [Object Copy (ms): Min: 20.2, Avg: 21.0, Max: 22.6, Diff: 2.3, Sum: 168.4]
      [Termination (ms): Min: 0.0, Avg: 0.0, Max: 0.1, Diff: 0.1, Sum: 0.3]
         [Termination Attempts: Min: 1, Avg: 1.1, Max: 2, Diff: 1, Sum: 9]
      [GC Worker Other (ms): Min: 0.0, Avg: 0.1, Max: 0.4, Diff: 0.4, Sum: 0.9]
      [GC Worker Total (ms): Min: 36.9, Avg: 38.1, Max: 38.9, Diff: 2.0, Sum: 304.7]
      [GC Worker End (ms): Min: 79948948.6, Avg: 79948948.7, Max: 79948949.0, Diff: 0.4]
   [Code Root Fixup: 0.1 ms]
   [Code Root Purge: 0.0 ms]
   [Clear CT: 0.4 ms]
   [Other: 6.1 ms]
      [Choose CSet: 0.0 ms]
      [Ref Proc: 0.9 ms]
      [Ref Enq: 0.0 ms]
      [Redirty Cards: 0.1 ms]
      [Humongous Register: 0.9 ms]
      [Humongous Reclaim: 0.0 ms]
      [Free CSet: 0.3 ms]
   [Eden: 120.0M(120.0M)->0.0B(35.0M) Survivors: 7168.0K->16.0M Heap: 476.3M(1024.0M)->364.8M(1024.0M)]
 [Times: user=0.10 sys=0.08, real=0.05 secs] 
2021-04-24T17:11:55.536+0800: 80174.080: [GC pause (G1 Evacuation Pause) (young), 0.0878435 secs]
   [Parallel Time: 86.4 ms, GC Workers: 8]
      [GC Worker Start (ms): Min: 80174081.2, Avg: 80174081.4, Max: 80174081.7, Diff: 0.5]
      [Ext Root Scanning (ms): Min: 0.9, Avg: 3.0, Max: 8.9, Diff: 8.1, Sum: 24.2]
      [Update RS (ms): Min: 0.0, Avg: 3.6, Max: 8.7, Diff: 8.7, Sum: 28.5]
         [Processed Buffers: Min: 0, Avg: 5.9, Max: 21, Diff: 21, Sum: 47]
      [Scan RS (ms): Min: 0.1, Avg: 3.0, Max: 5.4, Diff: 5.4, Sum: 24.1]
      [Code Root Scanning (ms): Min: 0.0, Avg: 0.0, Max: 0.0, Diff: 0.0, Sum: 0.0]
      [Object Copy (ms): Min: 76.0, Avg: 76.4, Max: 77.3, Diff: 1.3, Sum: 611.5]
      [Termination (ms): Min: 0.0, Avg: 0.0, Max: 0.1, Diff: 0.1, Sum: 0.2]
         [Termination Attempts: Min: 1, Avg: 1.1, Max: 2, Diff: 1, Sum: 9]
      [GC Worker Other (ms): Min: 0.0, Avg: 0.0, Max: 0.2, Diff: 0.2, Sum: 0.3]
      [GC Worker Total (ms): Min: 85.8, Avg: 86.1, Max: 86.3, Diff: 0.5, Sum: 688.9]
      [GC Worker End (ms): Min: 80174167.5, Avg: 80174167.6, Max: 80174167.6, Diff: 0.0]
   [Code Root Fixup: 0.1 ms]
   [Code Root Purge: 0.0 ms]
   [Clear CT: 0.1 ms]
   [Other: 1.3 ms]
      [Choose CSet: 0.0 ms]
      [Ref Proc: 0.2 ms]
      [Ref Enq: 0.0 ms]
      [Redirty Cards: 0.1 ms]
      [Humongous Register: 0.3 ms]
      [Humongous Reclaim: 0.0 ms]
      [Free CSet: 0.1 ms]
   [Eden: 35.0M(35.0M)->0.0B(44.0M) Survivors: 16.0M->7168.0K Heap: 399.8M(1024.0M)->365.8M(1024.0M)]
 [Times: user=0.10 sys=0.07, real=0.09 secs] 
2021-04-24T17:21:15.302+0800: 80437.254: [GC pause (G1 Evacuation Pause) (young) (initial-mark), 0.0405671 secs]
   [Parallel Time: 37.4 ms, GC Workers: 8]
      [GC Worker Start (ms): Min: 80437257.5, Avg: 80437257.7, Max: 80437258.0, Diff: 0.5]
      [Ext Root Scanning (ms): Min: 9.9, Avg: 11.5, Max: 14.8, Diff: 4.9, Sum: 92.4]
      [Update RS (ms): Min: 0.0, Avg: 2.6, Max: 6.3, Diff: 6.3, Sum: 21.1]
         [Processed Buffers: Min: 0, Avg: 6.4, Max: 38, Diff: 38, Sum: 51]
      [Scan RS (ms): Min: 0.0, Avg: 2.0, Max: 3.6, Diff: 3.6, Sum: 16.2]
      [Code Root Scanning (ms): Min: 0.0, Avg: 0.0, Max: 0.0, Diff: 0.0, Sum: 0.0]
      [Object Copy (ms): Min: 18.6, Avg: 19.0, Max: 19.7, Diff: 1.1, Sum: 152.1]
      [Termination (ms): Min: 0.0, Avg: 0.2, Max: 0.3, Diff: 0.3, Sum: 1.6]
         [Termination Attempts: Min: 1, Avg: 1.1, Max: 2, Diff: 1, Sum: 9]
      [GC Worker Other (ms): Min: 0.0, Avg: 0.0, Max: 0.1, Diff: 0.0, Sum: 0.3]
      [GC Worker Total (ms): Min: 35.2, Avg: 35.5, Max: 35.7, Diff: 0.5, Sum: 283.6]
      [GC Worker End (ms): Min: 80437293.1, Avg: 80437293.2, Max: 80437293.2, Diff: 0.0]
   [Code Root Fixup: 0.0 ms]
   [Code Root Purge: 0.0 ms]
   [Clear CT: 0.1 ms]
   [Other: 3.1 ms]
      [Choose CSet: 0.0 ms]
      [Ref Proc: 0.6 ms]
      [Ref Enq: 0.0 ms]
      [Redirty Cards: 0.1 ms]
      [Humongous Register: 0.0 ms]
      [Humongous Reclaim: 0.0 ms]
      [Free CSet: 0.1 ms]
   [Eden: 44.0M(44.0M)->0.0B(44.0M) Survivors: 7168.0K->7168.0K Heap: 409.8M(1024.0M)->371.5M(1024.0M)]
 [Times: user=0.08 sys=0.04, real=0.04 secs] 
2021-04-24T17:21:15.343+0800: 80437.296: [GC concurrent-root-region-scan-start]
2021-04-24T17:21:15.350+0800: 80437.303: [GC concurrent-root-region-scan-end, 0.0069355 secs]
2021-04-24T17:21:15.350+0800: 80437.303: [GC concurrent-mark-start]
2021-04-24T17:21:15.457+0800: 80437.410: [GC concurrent-mark-end, 0.1071591 secs]
2021-04-24T17:21:15.458+0800: 80437.411: [GC remark 2021-04-24T17:21:15.458+0800: 80437.411: [Finalize Marking, 0.0001653 secs] 2021-04-24T17:21:15.458+0800: 80437.411: [GC ref-proc, 0.0001962 secs] 2021-04-24T17:21:15.459+0800: 80437.411: [Unloading, 0.1304281 secs], 0.1315776 secs]
 [Times: user=0.03 sys=0.08, real=0.14 secs] 
2021-04-24T17:21:15.590+0800: 80437.543: [GC cleanup 372M->316M(1024M), 0.0028427 secs]
 [Times: user=0.00 sys=0.00, real=0.00 secs] 
2021-04-24T17:21:15.593+0800: 80437.546: [GC concurrent-cleanup-start]
2021-04-24T17:21:15.595+0800: 80437.548: [GC concurrent-cleanup-end, 0.0019760 secs]
2021-04-24T17:25:58.315+0800: 80720.281: [GC pause (G1 Evacuation Pause) (young), 0.0387502 secs]
   [Parallel Time: 35.2 ms, GC Workers: 8]
      [GC Worker Start (ms): Min: 80720282.2, Avg: 80720282.3, Max: 80720282.5, Diff: 0.3]
      [Ext Root Scanning (ms): Min: 3.2, Avg: 4.6, Max: 8.9, Diff: 5.8, Sum: 36.8]
      [Update RS (ms): Min: 2.7, Avg: 5.6, Max: 7.7, Diff: 5.0, Sum: 44.5]
         [Processed Buffers: Min: 0, Avg: 4.6, Max: 15, Diff: 15, Sum: 37]
      [Scan RS (ms): Min: 7.2, Avg: 7.9, Max: 8.4, Diff: 1.2, Sum: 63.2]
      [Code Root Scanning (ms): Min: 0.0, Avg: 0.0, Max: 0.1, Diff: 0.1, Sum: 0.1]
      [Object Copy (ms): Min: 15.4, Avg: 16.6, Max: 18.4, Diff: 3.0, Sum: 132.8]
      [Termination (ms): Min: 0.0, Avg: 0.2, Max: 0.3, Diff: 0.3, Sum: 1.5]
         [Termination Attempts: Min: 1, Avg: 2.0, Max: 3, Diff: 2, Sum: 16]
      [GC Worker Other (ms): Min: 0.0, Avg: 0.1, Max: 0.8, Diff: 0.8, Sum: 1.1]
      [GC Worker Total (ms): Min: 34.8, Avg: 35.0, Max: 35.1, Diff: 0.3, Sum: 280.0]
      [GC Worker End (ms): Min: 80720317.3, Avg: 80720317.3, Max: 80720317.3, Diff: 0.0]
   [Code Root Fixup: 0.0 ms]
   [Code Root Purge: 0.0 ms]
   [Clear CT: 0.1 ms]
   [Other: 3.4 ms]
      [Choose CSet: 0.0 ms]
      [Ref Proc: 0.6 ms]
      [Ref Enq: 0.0 ms]
      [Redirty Cards: 0.1 ms]
      [Humongous Register: 0.3 ms]
      [Humongous Reclaim: 0.0 ms]
      [Free CSet: 0.1 ms]
   [Eden: 44.0M(44.0M)->0.0B(46.0M) Survivors: 7168.0K->5120.0K Heap: 359.5M(1024.0M)->318.0M(1024.0M)]
 [Times: user=0.06 sys=0.07, real=0.04 secs] 
2021-04-24T17:27:01.482+0800: 80783.450: [GC pause (G1 Evacuation Pause) (mixed), 0.0289385 secs]
   [Parallel Time: 25.1 ms, GC Workers: 8]
      [GC Worker Start (ms): Min: 80783450.0, Avg: 80783450.4, Max: 80783451.8, Diff: 1.8]
      [Ext Root Scanning (ms): Min: 0.0, Avg: 2.2, Max: 5.9, Diff: 5.9, Sum: 17.3]
      [Update RS (ms): Min: 0.0, Avg: 1.5, Max: 2.7, Diff: 2.7, Sum: 12.1]
         [Processed Buffers: Min: 0, Avg: 5.4, Max: 24, Diff: 24, Sum: 43]
      [Scan RS (ms): Min: 9.8, Avg: 11.5, Max: 13.7, Diff: 3.9, Sum: 92.3]
      [Code Root Scanning (ms): Min: 0.0, Avg: 0.3, Max: 2.3, Diff: 2.3, Sum: 2.3]
      [Object Copy (ms): Min: 5.6, Avg: 8.2, Max: 11.6, Diff: 6.0, Sum: 65.5]
      [Termination (ms): Min: 0.6, Avg: 0.8, Max: 1.2, Diff: 0.6, Sum: 6.7]
         [Termination Attempts: Min: 185, Avg: 285.2, Max: 359, Diff: 174, Sum: 2282]
      [GC Worker Other (ms): Min: 0.0, Avg: 0.0, Max: 0.1, Diff: 0.1, Sum: 0.2]
      [GC Worker Total (ms): Min: 23.1, Avg: 24.5, Max: 24.9, Diff: 1.8, Sum: 196.3]
      [GC Worker End (ms): Min: 80783475.0, Avg: 80783475.0, Max: 80783475.0, Diff: 0.0]
   [Code Root Fixup: 0.1 ms]
   [Code Root Purge: 0.0 ms]
   [Clear CT: 0.5 ms]
   [Other: 3.2 ms]
      [Choose CSet: 0.1 ms]
      [Ref Proc: 0.3 ms]
      [Ref Enq: 0.0 ms]
      [Redirty Cards: 0.2 ms]
      [Humongous Register: 0.1 ms]
      [Humongous Reclaim: 0.0 ms]
      [Free CSet: 2.1 ms]
   [Eden: 46.0M(46.0M)->0.0B(44.0M) Survivors: 5120.0K->7168.0K Heap: 364.0M(1024.0M)->300.7M(1024.0M)]
 [Times: user=0.06 sys=0.04, real=0.03 secs] 
2021-04-24T17:27:23.229+0800: 80805.198: [GC pause (G1 Evacuation Pause) (mixed), 0.0337404 secs]
   [Parallel Time: 30.2 ms, GC Workers: 8]
      [GC Worker Start (ms): Min: 80805198.2, Avg: 80805198.4, Max: 80805199.1, Diff: 0.9]
      [Ext Root Scanning (ms): Min: 0.1, Avg: 1.2, Max: 3.0, Diff: 3.0, Sum: 9.4]
      [Update RS (ms): Min: 0.0, Avg: 0.7, Max: 1.7, Diff: 1.7, Sum: 5.6]
         [Processed Buffers: Min: 0, Avg: 4.5, Max: 12, Diff: 12, Sum: 36]
      [Scan RS (ms): Min: 4.6, Avg: 8.0, Max: 9.6, Diff: 5.0, Sum: 63.7]
      [Code Root Scanning (ms): Min: 0.0, Avg: 0.3, Max: 2.7, Diff: 2.7, Sum: 2.7]
      [Object Copy (ms): Min: 15.8, Avg: 17.8, Max: 20.3, Diff: 4.5, Sum: 142.7]
      [Termination (ms): Min: 1.6, Avg: 1.9, Max: 2.1, Diff: 0.5, Sum: 15.2]
         [Termination Attempts: Min: 391, Avg: 421.8, Max: 461, Diff: 70, Sum: 3374]
      [GC Worker Other (ms): Min: 0.0, Avg: 0.0, Max: 0.0, Diff: 0.0, Sum: 0.3]
      [GC Worker Total (ms): Min: 29.3, Avg: 30.0, Max: 30.1, Diff: 0.9, Sum: 239.6]
      [GC Worker End (ms): Min: 80805228.3, Avg: 80805228.3, Max: 80805228.4, Diff: 0.0]
   [Code Root Fixup: 0.0 ms]
   [Code Root Purge: 0.0 ms]
   [Clear CT: 0.2 ms]
   [Other: 3.3 ms]
      [Choose CSet: 0.2 ms]
      [Ref Proc: 0.2 ms]
      [Ref Enq: 0.0 ms]
      [Redirty Cards: 0.1 ms]
      [Humongous Register: 0.1 ms]
      [Humongous Reclaim: 0.0 ms]
      [Free CSet: 1.9 ms]
   [Eden: 44.0M(44.0M)->0.0B(46.0M) Survivors: 7168.0K->5120.0K Heap: 344.7M(1024.0M)->281.5M(1024.0M)]
 [Times: user=0.09 sys=0.05, real=0.04 secs] 
2021-04-24T17:27:46.425+0800: 80828.394: [GC pause (G1 Evacuation Pause) (mixed), 0.0223463 secs]
   [Parallel Time: 18.8 ms, GC Workers: 8]
      [GC Worker Start (ms): Min: 80828394.9, Avg: 80828395.2, Max: 80828395.8, Diff: 0.9]
      [Ext Root Scanning (ms): Min: 0.1, Avg: 0.9, Max: 2.7, Diff: 2.6, Sum: 7.0]
      [Update RS (ms): Min: 0.9, Avg: 3.0, Max: 4.6, Diff: 3.6, Sum: 23.8]
         [Processed Buffers: Min: 0, Avg: 4.8, Max: 19, Diff: 19, Sum: 38]
      [Scan RS (ms): Min: 3.8, Avg: 5.4, Max: 6.9, Diff: 3.2, Sum: 43.3]
      [Code Root Scanning (ms): Min: 0.0, Avg: 1.1, Max: 7.8, Diff: 7.8, Sum: 8.6]
      [Object Copy (ms): Min: 2.2, Avg: 7.7, Max: 10.8, Diff: 8.6, Sum: 61.6]
      [Termination (ms): Min: 0.0, Avg: 0.3, Max: 0.4, Diff: 0.4, Sum: 2.5]
         [Termination Attempts: Min: 1, Avg: 3.6, Max: 10, Diff: 9, Sum: 29]
      [GC Worker Other (ms): Min: 0.0, Avg: 0.0, Max: 0.1, Diff: 0.1, Sum: 0.3]
      [GC Worker Total (ms): Min: 17.8, Avg: 18.4, Max: 18.7, Diff: 0.9, Sum: 147.1]
      [GC Worker End (ms): Min: 80828413.6, Avg: 80828413.6, Max: 80828413.6, Diff: 0.0]
   [Code Root Fixup: 0.0 ms]
   [Code Root Purge: 0.0 ms]
   [Clear CT: 0.2 ms]
   [Other: 3.4 ms]
      [Choose CSet: 0.4 ms]
      [Ref Proc: 0.3 ms]
      [Ref Enq: 0.0 ms]
      [Redirty Cards: 0.1 ms]
      [Humongous Register: 0.2 ms]
      [Humongous Reclaim: 0.0 ms]
      [Free CSet: 1.9 ms]
   [Eden: 46.0M(46.0M)->0.0B(47.0M) Survivors: 5120.0K->4096.0K Heap: 327.5M(1024.0M)->261.3M(1024.0M)]
 [Times: user=0.04 sys=0.01, real=0.02 secs] 
2021-04-24T17:28:10.142+0800: 80852.111: [GC pause (G1 Evacuation Pause) (mixed), 0.0202547 secs]
   [Parallel Time: 16.0 ms, GC Workers: 8]
      [GC Worker Start (ms): Min: 80852112.5, Avg: 80852112.7, Max: 80852113.0, Diff: 0.5]
      [Ext Root Scanning (ms): Min: 0.8, Avg: 1.2, Max: 2.9, Diff: 2.2, Sum: 9.8]
      [Update RS (ms): Min: 0.0, Avg: 1.7, Max: 3.5, Diff: 3.5, Sum: 13.5]
         [Processed Buffers: Min: 0, Avg: 4.5, Max: 27, Diff: 27, Sum: 36]
      [Scan RS (ms): Min: 1.2, Avg: 2.9, Max: 4.5, Diff: 3.3, Sum: 23.5]
      [Code Root Scanning (ms): Min: 0.0, Avg: 2.3, Max: 8.6, Diff: 8.6, Sum: 18.8]
      [Object Copy (ms): Min: 1.9, Avg: 7.4, Max: 10.6, Diff: 8.7, Sum: 59.6]
      [Termination (ms): Min: 0.0, Avg: 0.0, Max: 0.0, Diff: 0.0, Sum: 0.1]
         [Termination Attempts: Min: 1, Avg: 12.2, Max: 24, Diff: 23, Sum: 98]
      [GC Worker Other (ms): Min: 0.0, Avg: 0.1, Max: 0.1, Diff: 0.1, Sum: 0.4]
      [GC Worker Total (ms): Min: 15.4, Avg: 15.7, Max: 16.0, Diff: 0.6, Sum: 125.7]
      [GC Worker End (ms): Min: 80852128.4, Avg: 80852128.4, Max: 80852128.5, Diff: 0.1]
   [Code Root Fixup: 0.0 ms]
   [Code Root Purge: 0.0 ms]
   [Clear CT: 0.3 ms]
   [Other: 3.9 ms]
      [Choose CSet: 0.4 ms]
      [Ref Proc: 0.9 ms]
      [Ref Enq: 0.0 ms]
      [Redirty Cards: 0.1 ms]
      [Humongous Register: 0.3 ms]
      [Humongous Reclaim: 0.0 ms]
      [Free CSet: 0.9 ms]
   [Eden: 47.0M(47.0M)->0.0B(44.0M) Survivors: 4096.0K->7168.0K Heap: 308.3M(1024.0M)->241.9M(1024.0M)]
 [Times: user=0.06 sys=0.02, real=0.02 secs] 
2021-04-24T17:28:32.508+0800: 80874.478: [GC pause (G1 Evacuation Pause) (mixed), 0.0278578 secs]
   [Parallel Time: 26.0 ms, GC Workers: 8]
      [GC Worker Start (ms): Min: 80874478.8, Avg: 80874479.8, Max: 80874482.2, Diff: 3.4]
      [Ext Root Scanning (ms): Min: 0.0, Avg: 3.2, Max: 9.3, Diff: 9.3, Sum: 25.7]
      [Update RS (ms): Min: 0.0, Avg: 2.2, Max: 5.5, Diff: 5.5, Sum: 17.7]
         [Processed Buffers: Min: 0, Avg: 4.6, Max: 26, Diff: 26, Sum: 37]
      [Scan RS (ms): Min: 1.1, Avg: 4.1, Max: 7.2, Diff: 6.0, Sum: 33.1]
      [Code Root Scanning (ms): Min: 0.0, Avg: 5.6, Max: 19.4, Diff: 19.4, Sum: 44.7]
      [Object Copy (ms): Min: 0.0, Avg: 9.4, Max: 14.3, Diff: 14.3, Sum: 75.5]
      [Termination (ms): Min: 0.0, Avg: 0.3, Max: 0.3, Diff: 0.3, Sum: 2.0]
         [Termination Attempts: Min: 1, Avg: 17.0, Max: 29, Diff: 28, Sum: 136]
      [GC Worker Other (ms): Min: 0.0, Avg: 0.0, Max: 0.0, Diff: 0.0, Sum: 0.1]
      [GC Worker Total (ms): Min: 22.4, Avg: 24.9, Max: 25.9, Diff: 3.4, Sum: 198.9]
      [GC Worker End (ms): Min: 80874504.7, Avg: 80874504.7, Max: 80874504.7, Diff: 0.0]
   [Code Root Fixup: 0.0 ms]
   [Code Root Purge: 0.0 ms]
   [Clear CT: 0.2 ms]
   [Other: 1.6 ms]
      [Choose CSet: 0.3 ms]
      [Ref Proc: 0.2 ms]
      [Ref Enq: 0.0 ms]
      [Redirty Cards: 0.1 ms]
      [Humongous Register: 0.2 ms]
      [Humongous Reclaim: 0.0 ms]
      [Free CSet: 0.3 ms]
   [Eden: 44.0M(44.0M)->0.0B(46.0M) Survivors: 7168.0K->5120.0K Heap: 285.9M(1024.0M)->218.8M(1024.0M)]
 [Times: user=0.07 sys=0.02, real=0.03 secs] 
2021-04-24T17:28:55.820+0800: 80897.791: [GC pause (G1 Evacuation Pause) (mixed), 0.0178740 secs]
   [Parallel Time: 15.9 ms, GC Workers: 8]
      [GC Worker Start (ms): Min: 80897791.7, Avg: 80897792.2, Max: 80897793.6, Diff: 1.9]
      [Ext Root Scanning (ms): Min: 0.0, Avg: 4.8, Max: 13.9, Diff: 13.9, Sum: 38.1]
      [Update RS (ms): Min: 0.0, Avg: 0.9, Max: 2.6, Diff: 2.6, Sum: 7.1]
         [Processed Buffers: Min: 0, Avg: 4.2, Max: 28, Diff: 28, Sum: 34]
      [Scan RS (ms): Min: 0.0, Avg: 1.7, Max: 3.1, Diff: 3.1, Sum: 13.9]
      [Code Root Scanning (ms): Min: 0.0, Avg: 0.1, Max: 0.5, Diff: 0.5, Sum: 0.5]
      [Object Copy (ms): Min: 1.7, Avg: 7.7, Max: 12.1, Diff: 10.5, Sum: 61.4]
      [Termination (ms): Min: 0.0, Avg: 0.1, Max: 0.1, Diff: 0.1, Sum: 0.7]
         [Termination Attempts: Min: 1, Avg: 42.6, Max: 70, Diff: 69, Sum: 341]
      [GC Worker Other (ms): Min: 0.0, Avg: 0.0, Max: 0.0, Diff: 0.0, Sum: 0.2]
      [GC Worker Total (ms): Min: 13.8, Avg: 15.2, Max: 15.7, Diff: 1.9, Sum: 121.9]
      [GC Worker End (ms): Min: 80897807.4, Avg: 80897807.4, Max: 80897807.4, Diff: 0.0]
   [Code Root Fixup: 0.0 ms]
   [Code Root Purge: 0.0 ms]
   [Clear CT: 0.2 ms]
   [Other: 1.8 ms]
      [Choose CSet: 0.1 ms]
      [Ref Proc: 0.3 ms]
      [Ref Enq: 0.0 ms]
      [Redirty Cards: 0.2 ms]
      [Humongous Register: 0.2 ms]
      [Humongous Reclaim: 0.0 ms]
      [Free CSet: 0.1 ms]
   [Eden: 46.0M(46.0M)->0.0B(45.0M) Survivors: 5120.0K->6144.0K Heap: 264.8M(1024.0M)->217.3M(1024.0M)]
 [Times: user=0.06 sys=0.00, real=0.01 secs] 
2021-04-24T17:29:18.409+0800: 80920.381: [GC pause (G1 Evacuation Pause) (young), 0.0144082 secs]
   [Parallel Time: 13.4 ms, GC Workers: 8]
      [GC Worker Start (ms): Min: 80920380.8, Avg: 80920381.4, Max: 80920384.4, Diff: 3.6]
      [Ext Root Scanning (ms): Min: 0.0, Avg: 1.1, Max: 2.8, Diff: 2.8, Sum: 8.6]
      [Update RS (ms): Min: 0.0, Avg: 0.7, Max: 1.5, Diff: 1.5, Sum: 5.5]
         [Processed Buffers: Min: 0, Avg: 4.8, Max: 13, Diff: 13, Sum: 38]
      [Scan RS (ms): Min: 0.0, Avg: 0.9, Max: 2.1, Diff: 2.1, Sum: 7.2]
      [Code Root Scanning (ms): Min: 0.0, Avg: 0.0, Max: 0.0, Diff: 0.0, Sum: 0.0]
      [Object Copy (ms): Min: 9.2, Avg: 10.1, Max: 12.7, Diff: 3.5, Sum: 80.5]
      [Termination (ms): Min: 0.0, Avg: 0.1, Max: 0.1, Diff: 0.1, Sum: 0.5]
         [Termination Attempts: Min: 1, Avg: 3.9, Max: 13, Diff: 12, Sum: 31]
      [GC Worker Other (ms): Min: 0.0, Avg: 0.0, Max: 0.0, Diff: 0.0, Sum: 0.1]
      [GC Worker Total (ms): Min: 9.8, Avg: 12.8, Max: 13.4, Diff: 3.6, Sum: 102.4]
      [GC Worker End (ms): Min: 80920394.1, Avg: 80920394.2, Max: 80920394.2, Diff: 0.0]
   [Code Root Fixup: 0.0 ms]
   [Code Root Purge: 0.0 ms]
   [Clear CT: 0.1 ms]
   [Other: 0.9 ms]
      [Choose CSet: 0.0 ms]
      [Ref Proc: 0.2 ms]
      [Ref Enq: 0.0 ms]
      [Redirty Cards: 0.1 ms]
      [Humongous Register: 0.1 ms]
      [Humongous Reclaim: 0.0 ms]
      [Free CSet: 0.1 ms]
   [Eden: 45.0M(45.0M)->0.0B(45.0M) Survivors: 6144.0K->6144.0K Heap: 262.3M(1024.0M)->218.2M(1024.0M)]
 [Times: user=0.04 sys=0.00, real=0.02 secs] 
2021-04-24T17:29:41.014+0800: 80942.986: [GC pause (G1 Evacuation Pause) (young), 0.0146212 secs]
   [Parallel Time: 13.3 ms, GC Workers: 8]
      [GC Worker Start (ms): Min: 80942987.0, Avg: 80942987.8, Max: 80942991.8, Diff: 4.9]
      [Ext Root Scanning (ms): Min: 0.0, Avg: 1.5, Max: 4.8, Diff: 4.8, Sum: 11.7]
      [Update RS (ms): Min: 0.0, Avg: 2.2, Max: 9.1, Diff: 9.1, Sum: 17.4]
         [Processed Buffers: Min: 0, Avg: 4.8, Max: 29, Diff: 29, Sum: 38]
      [Scan RS (ms): Min: 0.0, Avg: 2.8, Max: 6.7, Diff: 6.7, Sum: 22.1]
      [Code Root Scanning (ms): Min: 0.0, Avg: 0.0, Max: 0.0, Diff: 0.0, Sum: 0.0]
      [Object Copy (ms): Min: 2.8, Avg: 5.9, Max: 10.8, Diff: 8.0, Sum: 47.3]
      [Termination (ms): Min: 0.0, Avg: 0.0, Max: 0.1, Diff: 0.1, Sum: 0.4]
         [Termination Attempts: Min: 1, Avg: 19.0, Max: 35, Diff: 34, Sum: 152]
      [GC Worker Other (ms): Min: 0.0, Avg: 0.0, Max: 0.0, Diff: 0.0, Sum: 0.2]
      [GC Worker Total (ms): Min: 8.3, Avg: 12.4, Max: 13.2, Diff: 4.9, Sum: 99.1]
      [GC Worker End (ms): Min: 80943000.2, Avg: 80943000.2, Max: 80943000.2, Diff: 0.0]
   [Code Root Fixup: 0.0 ms]
   [Code Root Purge: 0.0 ms]
   [Clear CT: 0.1 ms]
   [Other: 1.2 ms]
      [Choose CSet: 0.0 ms]
      [Ref Proc: 0.2 ms]
      [Ref Enq: 0.0 ms]
      [Redirty Cards: 0.1 ms]
      [Humongous Register: 0.3 ms]
      [Humongous Reclaim: 0.0 ms]
      [Free CSet: 0.1 ms]
   [Eden: 45.0M(45.0M)->0.0B(45.0M) Survivors: 6144.0K->6144.0K Heap: 263.2M(1024.0M)->218.5M(1024.0M)]
 [Times: user=0.06 sys=0.01, real=0.01 secs] 
2021-04-24T17:30:03.599+0800: 80965.572: [GC pause (G1 Evacuation Pause) (young), 0.0169315 secs]
   [Parallel Time: 15.6 ms, GC Workers: 8]
      [GC Worker Start (ms): Min: 80965572.0, Avg: 80965572.5, Max: 80965575.3, Diff: 3.4]
      [Ext Root Scanning (ms): Min: 0.0, Avg: 1.2, Max: 3.2, Diff: 3.2, Sum: 9.4]
      [Update RS (ms): Min: 0.0, Avg: 0.7, Max: 1.7, Diff: 1.7, Sum: 5.9]
         [Processed Buffers: Min: 0, Avg: 4.6, Max: 12, Diff: 12, Sum: 37]
      [Scan RS (ms): Min: 0.0, Avg: 1.1, Max: 1.9, Diff: 1.9, Sum: 8.7]
      [Code Root Scanning (ms): Min: 0.0, Avg: 0.0, Max: 0.0, Diff: 0.0, Sum: 0.0]
      [Object Copy (ms): Min: 10.3, Avg: 11.6, Max: 14.5, Diff: 4.2, Sum: 92.6]
      [Termination (ms): Min: 0.0, Avg: 0.4, Max: 0.4, Diff: 0.4, Sum: 2.9]
         [Termination Attempts: Min: 1, Avg: 5.9, Max: 16, Diff: 15, Sum: 47]
      [GC Worker Other (ms): Min: 0.0, Avg: 0.0, Max: 0.0, Diff: 0.0, Sum: 0.1]
      [GC Worker Total (ms): Min: 12.1, Avg: 15.0, Max: 15.5, Diff: 3.4, Sum: 119.6]
      [GC Worker End (ms): Min: 80965587.2, Avg: 80965587.5, Max: 80965587.5, Diff: 0.4]
   [Code Root Fixup: 0.0 ms]
   [Code Root Purge: 0.0 ms]
   [Clear CT: 0.1 ms]
   [Other: 1.2 ms]
      [Choose CSet: 0.0 ms]
      [Ref Proc: 0.4 ms]
      [Ref Enq: 0.0 ms]
      [Redirty Cards: 0.1 ms]
      [Humongous Register: 0.1 ms]
      [Humongous Reclaim: 0.0 ms]
      [Free CSet: 0.1 ms]
   [Eden: 45.0M(45.0M)->0.0B(44.0M) Survivors: 6144.0K->7168.0K Heap: 263.5M(1024.0M)->220.8M(1024.0M)]
 [Times: user=0.05 sys=0.01, real=0.02 secs] 
2021-04-24T17:30:25.811+0800: 80987.784: [GC pause (G1 Evacuation Pause) (young), 0.0241192 secs]
   [Parallel Time: 22.0 ms, GC Workers: 8]
      [GC Worker Start (ms): Min: 80987784.5, Avg: 80987785.7, Max: 80987792.9, Diff: 8.5]
      [Ext Root Scanning (ms): Min: 0.0, Avg: 2.4, Max: 6.9, Diff: 6.9, Sum: 19.3]
      [Update RS (ms): Min: 0.0, Avg: 2.3, Max: 7.8, Diff: 7.8, Sum: 18.1]
         [Processed Buffers: Min: 0, Avg: 5.5, Max: 14, Diff: 14, Sum: 44]
      [Scan RS (ms): Min: 0.0, Avg: 2.0, Max: 4.2, Diff: 4.2, Sum: 16.0]
      [Code Root Scanning (ms): Min: 0.0, Avg: 0.0, Max: 0.0, Diff: 0.0, Sum: 0.0]
      [Object Copy (ms): Min: 12.0, Avg: 13.4, Max: 20.2, Diff: 8.2, Sum: 107.5]
      [Termination (ms): Min: 0.0, Avg: 0.5, Max: 0.7, Diff: 0.7, Sum: 4.0]
         [Termination Attempts: Min: 1, Avg: 9.2, Max: 14, Diff: 13, Sum: 74]
      [GC Worker Other (ms): Min: 0.0, Avg: 0.0, Max: 0.0, Diff: 0.0, Sum: 0.2]
      [GC Worker Total (ms): Min: 13.4, Avg: 20.6, Max: 21.9, Diff: 8.5, Sum: 165.0]
      [GC Worker End (ms): Min: 80987806.3, Avg: 80987806.3, Max: 80987806.3, Diff: 0.0]
   [Code Root Fixup: 0.0 ms]
   [Code Root Purge: 0.0 ms]
   [Clear CT: 0.1 ms]
   [Other: 1.9 ms]
      [Choose CSet: 0.0 ms]
      [Ref Proc: 0.3 ms]
      [Ref Enq: 0.0 ms]
      [Redirty Cards: 0.2 ms]
      [Humongous Register: 0.3 ms]
      [Humongous Reclaim: 0.0 ms]
      [Free CSet: 0.1 ms]
   [Eden: 44.0M(44.0M)->0.0B(46.0M) Survivors: 7168.0K->5120.0K Heap: 264.8M(1024.0M)->220.6M(1024.0M)]
 [Times: user=0.07 sys=0.01, real=0.02 secs] 
2021-04-24T17:30:49.287+0800: 81011.261: [GC pause (G1 Evacuation Pause) (young), 0.0187110 secs]
   [Parallel Time: 16.5 ms, GC Workers: 8]
      [GC Worker Start (ms): Min: 81011261.6, Avg: 81011261.9, Max: 81011262.2, Diff: 0.6]
      [Ext Root Scanning (ms): Min: 0.7, Avg: 3.6, Max: 14.4, Diff: 13.7, Sum: 28.5]
      [Update RS (ms): Min: 0.0, Avg: 2.0, Max: 4.9, Diff: 4.9, Sum: 16.3]
         [Processed Buffers: Min: 0, Avg: 5.5, Max: 29, Diff: 29, Sum: 44]
      [Scan RS (ms): Min: 0.0, Avg: 3.1, Max: 7.0, Diff: 7.0, Sum: 25.0]
      [Code Root Scanning (ms): Min: 0.0, Avg: 0.0, Max: 0.0, Diff: 0.0, Sum: 0.0]
      [Object Copy (ms): Min: 1.5, Avg: 7.1, Max: 14.6, Diff: 13.2, Sum: 56.5]
      [Termination (ms): Min: 0.0, Avg: 0.2, Max: 0.2, Diff: 0.2, Sum: 1.3]
         [Termination Attempts: Min: 1, Avg: 6.9, Max: 13, Diff: 12, Sum: 55]
      [GC Worker Other (ms): Min: 0.0, Avg: 0.0, Max: 0.1, Diff: 0.0, Sum: 0.3]
      [GC Worker Total (ms): Min: 15.6, Avg: 16.0, Max: 16.3, Diff: 0.6, Sum: 128.0]
      [GC Worker End (ms): Min: 81011277.9, Avg: 81011277.9, Max: 81011277.9, Diff: 0.1]
   [Code Root Fixup: 0.1 ms]
   [Code Root Purge: 0.0 ms]
   [Clear CT: 0.2 ms]
   [Other: 2.0 ms]
      [Choose CSet: 0.0 ms]
      [Ref Proc: 0.3 ms]
      [Ref Enq: 0.0 ms]
      [Redirty Cards: 0.2 ms]
      [Humongous Register: 0.3 ms]
      [Humongous Reclaim: 0.0 ms]
      [Free CSet: 0.1 ms]
   [Eden: 46.0M(46.0M)->0.0B(44.0M) Survivors: 5120.0K->7168.0K Heap: 266.6M(1024.0M)->222.7M(1024.0M)]
 [Times: user=0.07 sys=0.00, real=0.02 secs] 
2021-04-24T17:31:11.227+0800: 81033.201: [GC pause (G1 Evacuation Pause) (young), 0.0191406 secs]
   [Parallel Time: 17.6 ms, GC Workers: 8]
      [GC Worker Start (ms): Min: 81033202.0, Avg: 81033203.1, Max: 81033208.9, Diff: 7.0]
      [Ext Root Scanning (ms): Min: 0.0, Avg: 1.4, Max: 7.2, Diff: 7.2, Sum: 11.5]
      [Update RS (ms): Min: 0.0, Avg: 1.0, Max: 2.2, Diff: 2.2, Sum: 7.9]
         [Processed Buffers: Min: 0, Avg: 4.8, Max: 29, Diff: 29, Sum: 38]
      [Scan RS (ms): Min: 0.0, Avg: 2.1, Max: 4.2, Diff: 4.2, Sum: 17.1]
      [Code Root Scanning (ms): Min: 0.0, Avg: 0.0, Max: 0.0, Diff: 0.0, Sum: 0.0]
      [Object Copy (ms): Min: 9.8, Avg: 11.5, Max: 16.2, Diff: 6.3, Sum: 91.7]
      [Termination (ms): Min: 0.0, Avg: 0.3, Max: 0.4, Diff: 0.4, Sum: 2.1]
         [Termination Attempts: Min: 1, Avg: 1.0, Max: 1, Diff: 0, Sum: 8]
      [GC Worker Other (ms): Min: 0.0, Avg: 0.0, Max: 0.0, Diff: 0.0, Sum: 0.1]
      [GC Worker Total (ms): Min: 10.5, Avg: 16.3, Max: 17.3, Diff: 6.9, Sum: 130.5]
      [GC Worker End (ms): Min: 81033219.3, Avg: 81033219.4, Max: 81033219.5, Diff: 0.2]
   [Code Root Fixup: 0.0 ms]
   [Code Root Purge: 0.0 ms]
   [Clear CT: 0.2 ms]
   [Other: 1.4 ms]
      [Choose CSet: 0.0 ms]
      [Ref Proc: 0.3 ms]
      [Ref Enq: 0.0 ms]
      [Redirty Cards: 0.2 ms]
      [Humongous Register: 0.2 ms]
      [Humongous Reclaim: 0.0 ms]
      [Free CSet: 0.1 ms]
   [Eden: 44.0M(44.0M)->0.0B(59.0M) Survivors: 7168.0K->5120.0K Heap: 266.7M(1024.0M)->221.6M(1024.0M)]
 [Times: user=0.06 sys=0.01, real=0.02 secs] 
2021-04-24T17:31:34.369+0800: 81056.344: [GC pause (G1 Evacuation Pause) (young), 0.0143564 secs]
   [Parallel Time: 13.2 ms, GC Workers: 8]
      [GC Worker Start (ms): Min: 81056344.5, Avg: 81056345.0, Max: 81056347.7, Diff: 3.2]
      [Ext Root Scanning (ms): Min: 0.0, Avg: 3.6, Max: 13.1, Diff: 13.0, Sum: 28.6]
      [Update RS (ms): Min: 0.0, Avg: 2.4, Max: 9.5, Diff: 9.5, Sum: 19.3]
         [Processed Buffers: Min: 0, Avg: 5.5, Max: 12, Diff: 12, Sum: 44]
      [Scan RS (ms): Min: 0.0, Avg: 2.2, Max: 7.9, Diff: 7.9, Sum: 17.3]
      [Code Root Scanning (ms): Min: 0.0, Avg: 0.0, Max: 0.0, Diff: 0.0, Sum: 0.0]
      [Object Copy (ms): Min: 0.0, Avg: 4.3, Max: 7.4, Diff: 7.4, Sum: 34.2]
      [Termination (ms): Min: 0.0, Avg: 0.2, Max: 0.2, Diff: 0.2, Sum: 1.3]
         [Termination Attempts: Min: 1, Avg: 12.4, Max: 26, Diff: 25, Sum: 99]
      [GC Worker Other (ms): Min: 0.0, Avg: 0.0, Max: 0.0, Diff: 0.0, Sum: 0.1]
      [GC Worker Total (ms): Min: 9.9, Avg: 12.6, Max: 13.1, Diff: 3.2, Sum: 100.8]
      [GC Worker End (ms): Min: 81056357.6, Avg: 81056357.6, Max: 81056357.6, Diff: 0.0]
   [Code Root Fixup: 0.0 ms]
   [Code Root Purge: 0.0 ms]
   [Clear CT: 0.1 ms]
   [Other: 1.1 ms]
      [Choose CSet: 0.0 ms]
      [Ref Proc: 0.6 ms]
      [Ref Enq: 0.0 ms]
      [Redirty Cards: 0.0 ms]
      [Humongous Register: 0.1 ms]
      [Humongous Reclaim: 0.0 ms]
      [Free CSet: 0.1 ms]
   [Eden: 46.0M(46.0M)->0.0B(81.0M) Survivors: 5120.0K->7168.0K Heap: 267.6M(1024.0M)->224.4M(1024.0M)]
 [Times: user=0.04 sys=0.00, real=0.02 secs] 
2021-04-24T17:31:58.382+0800: 81080.358: [GC pause (G1 Evacuation Pause) (young), 0.0188910 secs]
   [Parallel Time: 17.0 ms, GC Workers: 8]
      [GC Worker Start (ms): Min: 81080358.5, Avg: 81080358.8, Max: 81080359.8, Diff: 1.4]
      [Ext Root Scanning (ms): Min: 0.0, Avg: 3.5, Max: 10.8, Diff: 10.8, Sum: 28.0]
      [Update RS (ms): Min: 0.0, Avg: 1.4, Max: 3.5, Diff: 3.5, Sum: 10.9]
         [Processed Buffers: Min: 0, Avg: 4.9, Max: 21, Diff: 21, Sum: 39]
      [Scan RS (ms): Min: 0.0, Avg: 2.3, Max: 5.0, Diff: 5.0, Sum: 18.6]
      [Code Root Scanning (ms): Min: 0.0, Avg: 0.0, Max: 0.0, Diff: 0.0, Sum: 0.0]
      [Object Copy (ms): Min: 6.0, Avg: 9.3, Max: 15.6, Diff: 9.6, Sum: 74.4]
      [Termination (ms): Min: 0.0, Avg: 0.0, Max: 0.0, Diff: 0.0, Sum: 0.0]
         [Termination Attempts: Min: 1, Avg: 2.5, Max: 4, Diff: 3, Sum: 20]
      [GC Worker Other (ms): Min: 0.0, Avg: 0.0, Max: 0.0, Diff: 0.0, Sum: 0.2]
      [GC Worker Total (ms): Min: 15.5, Avg: 16.5, Max: 16.8, Diff: 1.4, Sum: 132.1]
      [GC Worker End (ms): Min: 81080375.3, Avg: 81080375.3, Max: 81080375.3, Diff: 0.0]
   [Code Root Fixup: 0.0 ms]
   [Code Root Purge: 0.0 ms]
   [Clear CT: 0.1 ms]
   [Other: 1.8 ms]
      [Choose CSet: 0.0 ms]
      [Ref Proc: 0.6 ms]
      [Ref Enq: 0.0 ms]
      [Redirty Cards: 0.1 ms]
      [Humongous Register: 0.3 ms]
      [Humongous Reclaim: 0.0 ms]
      [Free CSet: 0.1 ms]
   [Eden: 48.0M(44.0M)->0.0B(99.0M) Survivors: 7168.0K->6144.0K Heap: 272.4M(1024.0M)->224.6M(1024.0M)]
 [Times: user=0.07 sys=0.01, real=0.02 secs] 
2021-04-24T17:32:21.254+0800: 81103.230: [GC pause (G1 Evacuation Pause) (young), 0.0202891 secs]
   [Parallel Time: 18.1 ms, GC Workers: 8]
      [GC Worker Start (ms): Min: 81103230.9, Avg: 81103233.4, Max: 81103243.0, Diff: 12.0]
      [Ext Root Scanning (ms): Min: 0.0, Avg: 2.0, Max: 9.6, Diff: 9.6, Sum: 16.3]
      [Update RS (ms): Min: 0.0, Avg: 1.9, Max: 4.4, Diff: 4.4, Sum: 15.1]
         [Processed Buffers: Min: 0, Avg: 5.9, Max: 22, Diff: 22, Sum: 47]
      [Scan RS (ms): Min: 0.0, Avg: 3.3, Max: 7.5, Diff: 7.5, Sum: 26.8]
      [Code Root Scanning (ms): Min: 0.0, Avg: 0.0, Max: 0.0, Diff: 0.0, Sum: 0.0]
      [Object Copy (ms): Min: 5.0, Avg: 8.0, Max: 15.8, Diff: 10.8, Sum: 63.6]
      [Termination (ms): Min: 0.0, Avg: 0.2, Max: 0.2, Diff: 0.2, Sum: 1.6]
         [Termination Attempts: Min: 1, Avg: 13.9, Max: 20, Diff: 19, Sum: 111]
      [GC Worker Other (ms): Min: 0.0, Avg: 0.0, Max: 0.0, Diff: 0.0, Sum: 0.1]
      [GC Worker Total (ms): Min: 5.9, Avg: 15.4, Max: 17.9, Diff: 12.0, Sum: 123.5]
      [GC Worker End (ms): Min: 81103248.8, Avg: 81103248.9, Max: 81103248.9, Diff: 0.0]
   [Code Root Fixup: 0.0 ms]
   [Code Root Purge: 0.0 ms]
   [Clear CT: 0.1 ms]
   [Other: 2.1 ms]
      [Choose CSet: 0.0 ms]
      [Ref Proc: 0.6 ms]
      [Ref Enq: 0.0 ms]
      [Redirty Cards: 0.1 ms]
      [Humongous Register: 0.3 ms]
      [Humongous Reclaim: 0.0 ms]
      [Free CSet: 0.1 ms]
   [Eden: 45.0M(45.0M)->0.0B(81.0M) Survivors: 6144.0K->7168.0K Heap: 269.6M(1024.0M)->225.9M(1024.0M)]
 [Times: user=0.08 sys=0.01, real=0.02 secs] 
2021-04-24T17:32:43.191+0800: 81125.168: [GC pause (G1 Evacuation Pause) (young), 0.0217101 secs]
   [Parallel Time: 20.0 ms, GC Workers: 8]
      [GC Worker Start (ms): Min: 81125168.5, Avg: 81125168.7, Max: 81125169.2, Diff: 0.7]
      [Ext Root Scanning (ms): Min: 0.7, Avg: 4.8, Max: 9.0, Diff: 8.3, Sum: 38.3]
      [Update RS (ms): Min: 0.0, Avg: 2.0, Max: 5.3, Diff: 5.3, Sum: 16.4]
         [Processed Buffers: Min: 0, Avg: 5.9, Max: 23, Diff: 23, Sum: 47]
      [Scan RS (ms): Min: 0.3, Avg: 2.4, Max: 4.1, Diff: 3.8, Sum: 19.0]
      [Code Root Scanning (ms): Min: 0.0, Avg: 0.0, Max: 0.0, Diff: 0.0, Sum: 0.0]
      [Object Copy (ms): Min: 10.0, Avg: 10.2, Max: 10.3, Diff: 0.3, Sum: 81.6]
      [Termination (ms): Min: 0.0, Avg: 0.2, Max: 0.2, Diff: 0.2, Sum: 1.3]
         [Termination Attempts: Min: 1, Avg: 1.1, Max: 2, Diff: 1, Sum: 9]
      [GC Worker Other (ms): Min: 0.0, Avg: 0.0, Max: 0.0, Diff: 0.0, Sum: 0.1]
      [GC Worker Total (ms): Min: 19.2, Avg: 19.6, Max: 19.9, Diff: 0.7, Sum: 156.7]
      [GC Worker End (ms): Min: 81125188.3, Avg: 81125188.3, Max: 81125188.4, Diff: 0.0]
   [Code Root Fixup: 0.0 ms]
   [Code Root Purge: 0.0 ms]
   [Clear CT: 0.1 ms]
   [Other: 1.6 ms]
      [Choose CSet: 0.0 ms]
      [Ref Proc: 0.3 ms]
      [Ref Enq: 0.0 ms]
      [Redirty Cards: 0.1 ms]
      [Humongous Register: 0.3 ms]
      [Humongous Reclaim: 0.0 ms]
      [Free CSet: 0.2 ms]
   [Eden: 44.0M(44.0M)->0.0B(75.0M) Survivors: 7168.0K->5120.0K Heap: 269.9M(1024.0M)->225.1M(1024.0M)]
 [Times: user=0.08 sys=0.01, real=0.02 secs] 
2021-04-24T17:33:06.400+0800: 81148.377: [GC pause (G1 Evacuation Pause) (young), 0.0185717 secs]
   [Parallel Time: 17.3 ms, GC Workers: 8]
      [GC Worker Start (ms): Min: 81148377.8, Avg: 81148378.1, Max: 81148378.9, Diff: 1.1]
      [Ext Root Scanning (ms): Min: 0.0, Avg: 3.9, Max: 16.2, Diff: 16.2, Sum: 31.1]
      [Update RS (ms): Min: 0.0, Avg: 1.3, Max: 2.9, Diff: 2.9, Sum: 10.0]
         [Processed Buffers: Min: 0, Avg: 5.4, Max: 17, Diff: 17, Sum: 43]
      [Scan RS (ms): Min: 0.0, Avg: 2.9, Max: 7.1, Diff: 7.1, Sum: 23.1]
      [Code Root Scanning (ms): Min: 0.0, Avg: 0.0, Max: 0.0, Diff: 0.0, Sum: 0.0]
      [Object Copy (ms): Min: 0.7, Avg: 8.7, Max: 16.1, Diff: 15.4, Sum: 69.8]
      [Termination (ms): Min: 0.0, Avg: 0.0, Max: 0.0, Diff: 0.0, Sum: 0.1]
         [Termination Attempts: Min: 1, Avg: 14.4, Max: 22, Diff: 21, Sum: 115]
      [GC Worker Other (ms): Min: 0.0, Avg: 0.0, Max: 0.1, Diff: 0.0, Sum: 0.2]
      [GC Worker Total (ms): Min: 16.1, Avg: 16.8, Max: 17.1, Diff: 1.1, Sum: 134.4]
      [GC Worker End (ms): Min: 81148394.9, Avg: 81148394.9, Max: 81148394.9, Diff: 0.0]
   [Code Root Fixup: 0.0 ms]
   [Code Root Purge: 0.0 ms]
   [Clear CT: 0.1 ms]
   [Other: 1.1 ms]
      [Choose CSet: 0.0 ms]
      [Ref Proc: 0.3 ms]
      [Ref Enq: 0.0 ms]
      [Redirty Cards: 0.1 ms]
      [Humongous Register: 0.1 ms]
      [Humongous Reclaim: 0.0 ms]
      [Free CSet: 0.1 ms]
   [Eden: 46.0M(46.0M)->0.0B(74.0M) Survivors: 5120.0K->6144.0K Heap: 271.1M(1024.0M)->225.7M(1024.0M)]
 [Times: user=0.07 sys=0.00, real=0.01 secs] 
2021-04-24T17:33:43.821+0800: 81185.800: [GC pause (G1 Evacuation Pause) (young), 0.0191167 secs]
   [Parallel Time: 17.8 ms, GC Workers: 8]
      [GC Worker Start (ms): Min: 81185799.9, Avg: 81185800.2, Max: 81185801.1, Diff: 1.2]
      [Ext Root Scanning (ms): Min: 0.0, Avg: 1.2, Max: 3.4, Diff: 3.4, Sum: 9.6]
      [Update RS (ms): Min: 0.0, Avg: 2.3, Max: 6.6, Diff: 6.6, Sum: 18.5]
         [Processed Buffers: Min: 0, Avg: 5.8, Max: 17, Diff: 17, Sum: 46]
      [Scan RS (ms): Min: 0.0, Avg: 2.1, Max: 3.8, Diff: 3.8, Sum: 16.9]
      [Code Root Scanning (ms): Min: 0.0, Avg: 0.0, Max: 0.0, Diff: 0.0, Sum: 0.0]
      [Object Copy (ms): Min: 10.0, Avg: 11.7, Max: 15.9, Diff: 5.9, Sum: 93.5]
      [Termination (ms): Min: 0.0, Avg: 0.1, Max: 0.1, Diff: 0.1, Sum: 0.5]
         [Termination Attempts: Min: 1, Avg: 32.8, Max: 51, Diff: 50, Sum: 262]
      [GC Worker Other (ms): Min: 0.0, Avg: 0.0, Max: 0.0, Diff: 0.0, Sum: 0.2]
      [GC Worker Total (ms): Min: 16.5, Avg: 17.4, Max: 17.7, Diff: 1.2, Sum: 139.1]
      [GC Worker End (ms): Min: 81185817.6, Avg: 81185817.6, Max: 81185817.6, Diff: 0.0]
   [Code Root Fixup: 0.0 ms]
   [Code Root Purge: 0.0 ms]
   [Clear CT: 0.1 ms]
   [Other: 1.2 ms]
      [Choose CSet: 0.0 ms]
      [Ref Proc: 0.6 ms]
      [Ref Enq: 0.0 ms]
      [Redirty Cards: 0.1 ms]
      [Humongous Register: 0.1 ms]
      [Humongous Reclaim: 0.0 ms]
      [Free CSet: 0.1 ms]
   [Eden: 74.0M(74.0M)->0.0B(93.0M) Survivors: 6144.0K->9216.0K Heap: 299.7M(1024.0M)->228.6M(1024.0M)]
 [Times: user=0.06 sys=0.02, real=0.02 secs] 
2021-04-24T17:34:09.908+0800: 81211.887: [GC pause (G1 Evacuation Pause) (young), 0.0255911 secs]
   [Parallel Time: 23.3 ms, GC Workers: 8]
      [GC Worker Start (ms): Min: 81211887.7, Avg: 81211888.4, Max: 81211892.3, Diff: 4.6]
      [Ext Root Scanning (ms): Min: 0.0, Avg: 3.0, Max: 10.8, Diff: 10.8, Sum: 24.1]
      [Update RS (ms): Min: 0.0, Avg: 1.0, Max: 2.7, Diff: 2.7, Sum: 8.3]
         [Processed Buffers: Min: 0, Avg: 5.4, Max: 21, Diff: 21, Sum: 43]
      [Scan RS (ms): Min: 0.0, Avg: 3.7, Max: 6.1, Diff: 6.1, Sum: 30.0]
      [Code Root Scanning (ms): Min: 0.0, Avg: 0.0, Max: 0.0, Diff: 0.0, Sum: 0.0]
      [Object Copy (ms): Min: 12.2, Avg: 14.6, Max: 18.9, Diff: 6.8, Sum: 116.8]
      [Termination (ms): Min: 0.0, Avg: 0.0, Max: 0.0, Diff: 0.0, Sum: 0.1]
         [Termination Attempts: Min: 1, Avg: 10.0, Max: 21, Diff: 20, Sum: 80]
      [GC Worker Other (ms): Min: 0.0, Avg: 0.0, Max: 0.1, Diff: 0.0, Sum: 0.2]
      [GC Worker Total (ms): Min: 18.6, Avg: 22.4, Max: 23.1, Diff: 4.6, Sum: 179.5]
      [GC Worker End (ms): Min: 81211910.8, Avg: 81211910.8, Max: 81211910.9, Diff: 0.0]
   [Code Root Fixup: 0.0 ms]
   [Code Root Purge: 0.0 ms]
   [Clear CT: 0.2 ms]
   [Other: 2.1 ms]
      [Choose CSet: 0.0 ms]
      [Ref Proc: 0.4 ms]
      [Ref Enq: 0.0 ms]
      [Redirty Cards: 0.2 ms]
      [Humongous Register: 0.2 ms]
      [Humongous Reclaim: 0.0 ms]
      [Free CSet: 0.7 ms]
   [Eden: 52.0M(42.0M)->0.0B(45.0M) Survivors: 9216.0K->6144.0K Heap: 280.6M(1024.0M)->227.4M(1024.0M)]
 [Times: user=0.07 sys=0.01, real=0.03 secs] 
2021-04-24T17:34:32.608+0800: 81234.588: [GC pause (G1 Evacuation Pause) (young), 0.0186478 secs]
   [Parallel Time: 17.3 ms, GC Workers: 8]
      [GC Worker Start (ms): Min: 81234588.6, Avg: 81234588.7, Max: 81234588.8, Diff: 0.3]
      [Ext Root Scanning (ms): Min: 0.5, Avg: 2.8, Max: 13.2, Diff: 12.7, Sum: 22.6]
      [Update RS (ms): Min: 0.0, Avg: 0.9, Max: 2.2, Diff: 2.2, Sum: 7.2]
         [Processed Buffers: Min: 0, Avg: 5.9, Max: 19, Diff: 19, Sum: 47]
      [Scan RS (ms): Min: 0.0, Avg: 2.3, Max: 6.1, Diff: 6.1, Sum: 18.6]
      [Code Root Scanning (ms): Min: 0.0, Avg: 0.0, Max: 0.0, Diff: 0.0, Sum: 0.0]
      [Object Copy (ms): Min: 3.7, Avg: 10.9, Max: 16.2, Diff: 12.5, Sum: 87.2]
      [Termination (ms): Min: 0.0, Avg: 0.1, Max: 0.1, Diff: 0.1, Sum: 0.5]
         [Termination Attempts: Min: 1, Avg: 2.4, Max: 6, Diff: 5, Sum: 19]
      [GC Worker Other (ms): Min: 0.0, Avg: 0.0, Max: 0.0, Diff: 0.0, Sum: 0.1]
      [GC Worker Total (ms): Min: 16.9, Avg: 17.0, Max: 17.2, Diff: 0.3, Sum: 136.1]
      [GC Worker End (ms): Min: 81234605.7, Avg: 81234605.7, Max: 81234605.8, Diff: 0.1]
   [Code Root Fixup: 0.0 ms]
   [Code Root Purge: 0.0 ms]
   [Clear CT: 0.1 ms]
   [Other: 1.3 ms]
      [Choose CSet: 0.0 ms]
      [Ref Proc: 0.3 ms]
      [Ref Enq: 0.0 ms]
      [Redirty Cards: 0.1 ms]
      [Humongous Register: 0.2 ms]
      [Humongous Reclaim: 0.0 ms]
      [Free CSet: 0.1 ms]
   [Eden: 45.0M(45.0M)->0.0B(82.0M) Survivors: 6144.0K->6144.0K Heap: 272.4M(1024.0M)->228.6M(1024.0M)]
 [Times: user=0.06 sys=0.01, real=0.02 secs] 
2021-04-24T17:35:07.135+0800: 81269.116: [GC pause (G1 Evacuation Pause) (young), 0.0207530 secs]
   [Parallel Time: 19.4 ms, GC Workers: 8]
      [GC Worker Start (ms): Min: 81269116.9, Avg: 81269117.0, Max: 81269117.5, Diff: 0.6]
      [Ext Root Scanning (ms): Min: 0.8, Avg: 6.4, Max: 14.1, Diff: 13.4, Sum: 51.1]
      [Update RS (ms): Min: 0.0, Avg: 2.4, Max: 6.0, Diff: 6.0, Sum: 19.3]
         [Processed Buffers: Min: 0, Avg: 6.1, Max: 27, Diff: 27, Sum: 49]
      [Scan RS (ms): Min: 0.0, Avg: 4.8, Max: 13.0, Diff: 13.0, Sum: 38.3]
      [Code Root Scanning (ms): Min: 0.0, Avg: 0.0, Max: 0.0, Diff: 0.0, Sum: 0.0]
      [Object Copy (ms): Min: 0.2, Avg: 5.5, Max: 7.1, Diff: 6.9, Sum: 43.7]
      [Termination (ms): Min: 0.0, Avg: 0.1, Max: 0.1, Diff: 0.1, Sum: 0.5]
         [Termination Attempts: Min: 1, Avg: 1.9, Max: 3, Diff: 2, Sum: 15]
      [GC Worker Other (ms): Min: 0.0, Avg: 0.0, Max: 0.0, Diff: 0.0, Sum: 0.1]
      [GC Worker Total (ms): Min: 18.7, Avg: 19.1, Max: 19.3, Diff: 0.6, Sum: 153.1]
      [GC Worker End (ms): Min: 81269136.2, Avg: 81269136.2, Max: 81269136.2, Diff: 0.0]
   [Code Root Fixup: 0.0 ms]
   [Code Root Purge: 0.0 ms]
   [Clear CT: 0.1 ms]
   [Other: 1.2 ms]
      [Choose CSet: 0.0 ms]
      [Ref Proc: 0.2 ms]
      [Ref Enq: 0.0 ms]
      [Redirty Cards: 0.1 ms]
      [Humongous Register: 0.3 ms]
      [Humongous Reclaim: 0.0 ms]
      [Free CSet: 0.1 ms]
   [Eden: 68.0M(45.0M)->0.0B(53.0M) Survivors: 6144.0K->7168.0K Heap: 296.6M(1024.0M)->229.6M(1024.0M)]
 [Times: user=0.09 sys=0.01, real=0.02 secs] 
2021-04-24T17:35:29.269+0800: 81291.250: [GC pause (G1 Evacuation Pause) (young), 0.0177312 secs]
   [Parallel Time: 16.5 ms, GC Workers: 8]
      [GC Worker Start (ms): Min: 81291250.7, Avg: 81291251.0, Max: 81291251.2, Diff: 0.5]
      [Ext Root Scanning (ms): Min: 0.5, Avg: 4.2, Max: 10.9, Diff: 10.4, Sum: 33.5]
      [Update RS (ms): Min: 0.0, Avg: 1.3, Max: 3.4, Diff: 3.4, Sum: 10.3]
         [Processed Buffers: Min: 0, Avg: 6.0, Max: 41, Diff: 41, Sum: 48]
      [Scan RS (ms): Min: 0.0, Avg: 3.1, Max: 7.3, Diff: 7.3, Sum: 24.7]
      [Code Root Scanning (ms): Min: 0.0, Avg: 0.0, Max: 0.0, Diff: 0.0, Sum: 0.0]
      [Object Copy (ms): Min: 5.3, Avg: 7.6, Max: 13.0, Diff: 7.8, Sum: 60.5]
      [Termination (ms): Min: 0.0, Avg: 0.0, Max: 0.0, Diff: 0.0, Sum: 0.1]
         [Termination Attempts: Min: 2, Avg: 15.6, Max: 31, Diff: 29, Sum: 125]
      [GC Worker Other (ms): Min: 0.0, Avg: 0.0, Max: 0.1, Diff: 0.1, Sum: 0.4]
      [GC Worker Total (ms): Min: 16.0, Avg: 16.2, Max: 16.5, Diff: 0.5, Sum: 129.5]
      [GC Worker End (ms): Min: 81291267.1, Avg: 81291267.2, Max: 81291267.2, Diff: 0.1]
   [Code Root Fixup: 0.0 ms]
   [Code Root Purge: 0.0 ms]
   [Clear CT: 0.1 ms]
   [Other: 1.1 ms]
      [Choose CSet: 0.0 ms]
      [Ref Proc: 0.2 ms]
      [Ref Enq: 0.0 ms]
      [Redirty Cards: 0.1 ms]
      [Humongous Register: 0.2 ms]
      [Humongous Reclaim: 0.0 ms]
      [Free CSet: 0.1 ms]
   [Eden: 44.0M(44.0M)->0.0B(73.0M) Survivors: 7168.0K->7168.0K Heap: 273.6M(1024.0M)->230.8M(1024.0M)]
 [Times: user=0.07 sys=0.01, real=0.02 secs] 
2021-04-24T17:36:05.786+0800: 81327.769: [GC pause (G1 Evacuation Pause) (young), 0.0165749 secs]
   [Parallel Time: 15.4 ms, GC Workers: 8]
      [GC Worker Start (ms): Min: 81327769.0, Avg: 81327769.7, Max: 81327773.5, Diff: 4.5]
      [Ext Root Scanning (ms): Min: 0.0, Avg: 1.6, Max: 9.9, Diff: 9.9, Sum: 13.1]
      [Update RS (ms): Min: 0.0, Avg: 1.4, Max: 3.0, Diff: 3.0, Sum: 10.8]
         [Processed Buffers: Min: 0, Avg: 6.5, Max: 25, Diff: 25, Sum: 52]
      [Scan RS (ms): Min: 0.0, Avg: 3.1, Max: 5.6, Diff: 5.6, Sum: 24.9]
      [Code Root Scanning (ms): Min: 0.0, Avg: 0.0, Max: 0.0, Diff: 0.0, Sum: 0.0]
      [Object Copy (ms): Min: 5.1, Avg: 8.4, Max: 14.7, Diff: 9.5, Sum: 67.4]
      [Termination (ms): Min: 0.0, Avg: 0.0, Max: 0.0, Diff: 0.0, Sum: 0.0]
         [Termination Attempts: Min: 1, Avg: 3.8, Max: 6, Diff: 5, Sum: 30]
      [GC Worker Other (ms): Min: 0.0, Avg: 0.0, Max: 0.1, Diff: 0.0, Sum: 0.2]
      [GC Worker Total (ms): Min: 10.8, Avg: 14.6, Max: 15.3, Diff: 4.5, Sum: 116.4]
      [GC Worker End (ms): Min: 81327784.3, Avg: 81327784.3, Max: 81327784.3, Diff: 0.0]
   [Code Root Fixup: 0.0 ms]
   [Code Root Purge: 0.0 ms]
   [Clear CT: 0.1 ms]
   [Other: 1.0 ms]
      [Choose CSet: 0.0 ms]
      [Ref Proc: 0.3 ms]
      [Ref Enq: 0.0 ms]
      [Redirty Cards: 0.1 ms]
      [Humongous Register: 0.1 ms]
      [Humongous Reclaim: 0.0 ms]
      [Free CSet: 0.1 ms]
   [Eden: 73.0M(73.0M)->0.0B(99.0M) Survivors: 7168.0K->7168.0K Heap: 303.8M(1024.0M)->230.3M(1024.0M)]
 [Times: user=0.07 sys=0.01, real=0.02 secs] 
2021-04-24T17:36:41.561+0800: 81363.544: [GC pause (G1 Evacuation Pause) (young), 0.0239173 secs]
   [Parallel Time: 22.3 ms, GC Workers: 8]
      [GC Worker Start (ms): Min: 81363544.7, Avg: 81363546.3, Max: 81363551.4, Diff: 6.7]
      [Ext Root Scanning (ms): Min: 0.0, Avg: 2.4, Max: 6.6, Diff: 6.6, Sum: 19.2]
      [Update RS (ms): Min: 0.0, Avg: 1.0, Max: 2.3, Diff: 2.3, Sum: 7.7]
         [Processed Buffers: Min: 0, Avg: 6.2, Max: 22, Diff: 22, Sum: 50]
      [Scan RS (ms): Min: 0.8, Avg: 2.3, Max: 3.8, Diff: 3.0, Sum: 18.4]
      [Code Root Scanning (ms): Min: 0.0, Avg: 0.0, Max: 0.0, Diff: 0.0, Sum: 0.0]
      [Object Copy (ms): Min: 14.0, Avg: 14.5, Max: 15.1, Diff: 1.0, Sum: 115.9]
      [Termination (ms): Min: 0.0, Avg: 0.3, Max: 0.4, Diff: 0.4, Sum: 2.2]
         [Termination Attempts: Min: 1, Avg: 2.2, Max: 4, Diff: 3, Sum: 18]
      [GC Worker Other (ms): Min: 0.0, Avg: 0.0, Max: 0.0, Diff: 0.0, Sum: 0.1]
      [GC Worker Total (ms): Min: 15.4, Avg: 20.4, Max: 22.1, Diff: 6.7, Sum: 163.5]
      [GC Worker End (ms): Min: 81363566.8, Avg: 81363566.8, Max: 81363566.8, Diff: 0.0]
   [Code Root Fixup: 0.0 ms]
   [Code Root Purge: 0.0 ms]
   [Clear CT: 0.1 ms]
   [Other: 1.5 ms]
      [Choose CSet: 0.0 ms]
      [Ref Proc: 0.3 ms]
      [Ref Enq: 0.0 ms]
      [Redirty Cards: 0.1 ms]
      [Humongous Register: 0.2 ms]
      [Humongous Reclaim: 0.0 ms]
      [Free CSet: 0.1 ms]
   [Eden: 71.0M(44.0M)->0.0B(59.0M) Survivors: 7168.0K->7168.0K Heap: 301.3M(1024.0M)->232.5M(1024.0M)]
 [Times: user=0.08 sys=0.01, real=0.02 secs] 
2021-04-24T17:37:11.030+0800: 81393.014: [GC pause (G1 Evacuation Pause) (young), 0.0185884 secs]
   [Parallel Time: 17.3 ms, GC Workers: 8]
      [GC Worker Start (ms): Min: 81393014.6, Avg: 81393016.1, Max: 81393024.5, Diff: 9.8]
      [Ext Root Scanning (ms): Min: 0.0, Avg: 2.2, Max: 8.5, Diff: 8.5, Sum: 17.8]
      [Update RS (ms): Min: 0.0, Avg: 3.0, Max: 9.5, Diff: 9.5, Sum: 24.4]
         [Processed Buffers: Min: 0, Avg: 6.5, Max: 21, Diff: 21, Sum: 52]
      [Scan RS (ms): Min: 0.0, Avg: 3.1, Max: 5.7, Diff: 5.7, Sum: 25.1]
      [Code Root Scanning (ms): Min: 0.0, Avg: 0.0, Max: 0.0, Diff: 0.0, Sum: 0.0]
      [Object Copy (ms): Min: 5.4, Avg: 7.1, Max: 15.6, Diff: 10.2, Sum: 56.5]
      [Termination (ms): Min: 0.0, Avg: 0.2, Max: 0.2, Diff: 0.2, Sum: 1.5]
         [Termination Attempts: Min: 1, Avg: 1.2, Max: 2, Diff: 1, Sum: 10]
      [GC Worker Other (ms): Min: 0.0, Avg: 0.0, Max: 0.0, Diff: 0.0, Sum: 0.1]
      [GC Worker Total (ms): Min: 7.3, Avg: 15.7, Max: 17.2, Diff: 9.8, Sum: 125.4]
      [GC Worker End (ms): Min: 81393031.8, Avg: 81393031.8, Max: 81393031.8, Diff: 0.0]
   [Code Root Fixup: 0.0 ms]
   [Code Root Purge: 0.0 ms]
   [Clear CT: 0.1 ms]
   [Other: 1.2 ms]
      [Choose CSet: 0.0 ms]
      [Ref Proc: 0.2 ms]
      [Ref Enq: 0.0 ms]
      [Redirty Cards: 0.1 ms]
      [Humongous Register: 0.3 ms]
      [Humongous Reclaim: 0.0 ms]
      [Free CSet: 0.1 ms]
   [Eden: 59.0M(59.0M)->0.0B(87.0M) Survivors: 7168.0K->7168.0K Heap: 291.5M(1024.0M)->233.2M(1024.0M)]
 [Times: user=0.08 sys=0.01, real=0.01 secs] 
2021-04-24T17:37:33.076+0800: 81415.060: [GC pause (G1 Evacuation Pause) (young), 0.0204050 secs]
   [Parallel Time: 18.8 ms, GC Workers: 8]
      [GC Worker Start (ms): Min: 81415061.0, Avg: 81415061.3, Max: 81415062.1, Diff: 1.2]
      [Ext Root Scanning (ms): Min: 0.0, Avg: 3.2, Max: 11.4, Diff: 11.4, Sum: 25.3]
      [Update RS (ms): Min: 0.0, Avg: 1.6, Max: 3.6, Diff: 3.6, Sum: 12.9]
         [Processed Buffers: Min: 0, Avg: 6.2, Max: 25, Diff: 25, Sum: 50]
      [Scan RS (ms): Min: 0.0, Avg: 2.8, Max: 4.9, Diff: 4.9, Sum: 22.5]
      [Code Root Scanning (ms): Min: 0.0, Avg: 0.0, Max: 0.0, Diff: 0.0, Sum: 0.0]
      [Object Copy (ms): Min: 6.7, Avg: 10.7, Max: 17.5, Diff: 10.8, Sum: 85.7]
      [Termination (ms): Min: 0.0, Avg: 0.0, Max: 0.0, Diff: 0.0, Sum: 0.1]
         [Termination Attempts: Min: 1, Avg: 18.9, Max: 35, Diff: 34, Sum: 151]
      [GC Worker Other (ms): Min: 0.0, Avg: 0.0, Max: 0.1, Diff: 0.0, Sum: 0.3]
      [GC Worker Total (ms): Min: 17.5, Avg: 18.3, Max: 18.7, Diff: 1.2, Sum: 146.8]
      [GC Worker End (ms): Min: 81415079.6, Avg: 81415079.7, Max: 81415079.7, Diff: 0.0]
   [Code Root Fixup: 0.0 ms]
   [Code Root Purge: 0.0 ms]
   [Clear CT: 0.1 ms]
   [Other: 1.5 ms]
      [Choose CSet: 0.0 ms]
      [Ref Proc: 0.1 ms]
      [Ref Enq: 0.0 ms]
      [Redirty Cards: 0.1 ms]
      [Humongous Register: 0.3 ms]
      [Humongous Reclaim: 0.0 ms]
      [Free CSet: 0.1 ms]
   [Eden: 44.0M(44.0M)->0.0B(81.0M) Survivors: 7168.0K->7168.0K Heap: 277.2M(1024.0M)->234.3M(1024.0M)]
 [Times: user=0.08 sys=0.01, real=0.02 secs] 
2021-04-24T17:38:14.061+0800: 81456.047: [GC pause (G1 Evacuation Pause) (young), 0.0322378 secs]
   [Parallel Time: 28.8 ms, GC Workers: 8]
      [GC Worker Start (ms): Min: 81456046.8, Avg: 81456046.9, Max: 81456047.1, Diff: 0.3]
      [Ext Root Scanning (ms): Min: 0.4, Avg: 0.9, Max: 2.6, Diff: 2.3, Sum: 6.9]
      [Update RS (ms): Min: 0.0, Avg: 1.8, Max: 5.1, Diff: 5.1, Sum: 14.7]
         [Processed Buffers: Min: 0, Avg: 6.4, Max: 22, Diff: 22, Sum: 51]
      [Scan RS (ms): Min: 0.1, Avg: 2.5, Max: 6.1, Diff: 6.0, Sum: 19.9]
      [Code Root Scanning (ms): Min: 0.0, Avg: 0.0, Max: 0.0, Diff: 0.0, Sum: 0.0]
      [Object Copy (ms): Min: 10.2, Avg: 13.3, Max: 17.5, Diff: 7.3, Sum: 106.6]
      [Termination (ms): Min: 0.0, Avg: 5.0, Max: 10.1, Diff: 10.1, Sum: 40.3]
         [Termination Attempts: Min: 1, Avg: 1.4, Max: 3, Diff: 2, Sum: 11]
      [GC Worker Other (ms): Min: 0.0, Avg: 0.0, Max: 0.0, Diff: 0.0, Sum: 0.2]
      [GC Worker Total (ms): Min: 18.4, Avg: 23.6, Max: 28.7, Diff: 10.3, Sum: 188.6]
      [GC Worker End (ms): Min: 81456065.5, Avg: 81456070.5, Max: 81456075.5, Diff: 10.0]
   [Code Root Fixup: 0.0 ms]
   [Code Root Purge: 0.0 ms]
   [Clear CT: 0.1 ms]
   [Other: 3.3 ms]
      [Choose CSet: 0.0 ms]
      [Ref Proc: 2.5 ms]
      [Ref Enq: 0.0 ms]
      [Redirty Cards: 0.2 ms]
      [Humongous Register: 0.1 ms]
      [Humongous Reclaim: 0.0 ms]
      [Free CSet: 0.1 ms]
   [Eden: 81.0M(81.0M)->0.0B(42.0M) Survivors: 7168.0K->9216.0K Heap: 315.3M(1024.0M)->236.3M(1024.0M)]
 [Times: user=0.06 sys=0.01, real=0.03 secs] 
2021-04-24T17:38:35.153+0800: 81477.139: [GC pause (G1 Evacuation Pause) (young), 0.0248669 secs]
   [Parallel Time: 23.9 ms, GC Workers: 8]
      [GC Worker Start (ms): Min: 81477139.7, Avg: 81477139.8, Max: 81477140.4, Diff: 0.8]
      [Ext Root Scanning (ms): Min: 0.0, Avg: 1.5, Max: 4.5, Diff: 4.5, Sum: 12.3]
      [Update RS (ms): Min: 0.0, Avg: 1.1, Max: 2.4, Diff: 2.4, Sum: 8.4]
         [Processed Buffers: Min: 0, Avg: 6.2, Max: 32, Diff: 32, Sum: 50]
      [Scan RS (ms): Min: 0.0, Avg: 1.8, Max: 3.2, Diff: 3.2, Sum: 14.8]
      [Code Root Scanning (ms): Min: 0.0, Avg: 0.0, Max: 0.0, Diff: 0.0, Sum: 0.0]
      [Object Copy (ms): Min: 17.5, Avg: 19.0, Max: 22.8, Diff: 5.3, Sum: 151.9]
      [Termination (ms): Min: 0.0, Avg: 0.2, Max: 0.4, Diff: 0.4, Sum: 1.4]
         [Termination Attempts: Min: 1, Avg: 1.4, Max: 2, Diff: 1, Sum: 11]
      [GC Worker Other (ms): Min: 0.0, Avg: 0.0, Max: 0.0, Diff: 0.0, Sum: 0.2]
      [GC Worker Total (ms): Min: 23.0, Avg: 23.6, Max: 23.8, Diff: 0.8, Sum: 189.0]
      [GC Worker End (ms): Min: 81477163.5, Avg: 81477163.5, Max: 81477163.5, Diff: 0.0]
   [Code Root Fixup: 0.0 ms]
   [Code Root Purge: 0.0 ms]
   [Clear CT: 0.1 ms]
   [Other: 0.9 ms]
      [Choose CSet: 0.0 ms]
      [Ref Proc: 0.1 ms]
      [Ref Enq: 0.0 ms]
      [Redirty Cards: 0.1 ms]
      [Humongous Register: 0.1 ms]
      [Humongous Reclaim: 0.0 ms]
      [Free CSet: 0.1 ms]
   [Eden: 42.0M(42.0M)->0.0B(46.0M) Survivors: 9216.0K->5120.0K Heap: 278.3M(1024.0M)->235.4M(1024.0M)]
 [Times: user=0.06 sys=0.02, real=0.02 secs] 
2021-04-24T17:38:58.175+0800: 81500.162: [GC pause (G1 Evacuation Pause) (young), 0.0145882 secs]
   [Parallel Time: 13.4 ms, GC Workers: 8]
      [GC Worker Start (ms): Min: 81500162.7, Avg: 81500163.6, Max: 81500168.9, Diff: 6.2]
      [Ext Root Scanning (ms): Min: 0.0, Avg: 1.0, Max: 4.0, Diff: 4.0, Sum: 7.8]
      [Update RS (ms): Min: 0.0, Avg: 3.7, Max: 10.2, Diff: 10.2, Sum: 29.7]
         [Processed Buffers: Min: 0, Avg: 6.1, Max: 23, Diff: 23, Sum: 49]
      [Scan RS (ms): Min: 0.0, Avg: 2.9, Max: 6.4, Diff: 6.4, Sum: 23.3]
      [Code Root Scanning (ms): Min: 0.0, Avg: 0.0, Max: 0.0, Diff: 0.0, Sum: 0.0]
      [Object Copy (ms): Min: 2.4, Avg: 4.7, Max: 6.6, Diff: 4.1, Sum: 37.8]
      [Termination (ms): Min: 0.0, Avg: 0.0, Max: 0.0, Diff: 0.0, Sum: 0.0]
         [Termination Attempts: Min: 1, Avg: 6.4, Max: 10, Diff: 9, Sum: 51]
      [GC Worker Other (ms): Min: 0.0, Avg: 0.0, Max: 0.1, Diff: 0.1, Sum: 0.3]
      [GC Worker Total (ms): Min: 7.1, Avg: 12.4, Max: 13.3, Diff: 6.2, Sum: 98.8]
      [GC Worker End (ms): Min: 81500176.0, Avg: 81500176.0, Max: 81500176.0, Diff: 0.1]
   [Code Root Fixup: 0.0 ms]
   [Code Root Purge: 0.0 ms]
   [Clear CT: 0.2 ms]
   [Other: 1.0 ms]
      [Choose CSet: 0.0 ms]
      [Ref Proc: 0.3 ms]
      [Ref Enq: 0.0 ms]
      [Redirty Cards: 0.2 ms]
      [Humongous Register: 0.1 ms]
      [Humongous Reclaim: 0.0 ms]
      [Free CSet: 0.1 ms]
   [Eden: 46.0M(46.0M)->0.0B(44.0M) Survivors: 5120.0K->7168.0K Heap: 281.4M(1024.0M)->237.2M(1024.0M)]
 [Times: user=0.06 sys=0.00, real=0.02 secs] 
2021-04-24T17:39:20.292+0800: 81522.280: [GC pause (G1 Evacuation Pause) (young), 0.0210661 secs]
   [Parallel Time: 19.0 ms, GC Workers: 8]
      [GC Worker Start (ms): Min: 81522280.6, Avg: 81522280.7, Max: 81522280.8, Diff: 0.3]
      [Ext Root Scanning (ms): Min: 0.6, Avg: 2.2, Max: 6.8, Diff: 6.2, Sum: 17.3]
      [Update RS (ms): Min: 0.0, Avg: 1.3, Max: 2.8, Diff: 2.8, Sum: 10.2]
         [Processed Buffers: Min: 0, Avg: 5.4, Max: 26, Diff: 26, Sum: 43]
      [Scan RS (ms): Min: 0.0, Avg: 1.7, Max: 3.1, Diff: 3.1, Sum: 13.5]
      [Code Root Scanning (ms): Min: 0.0, Avg: 0.0, Max: 0.0, Diff: 0.0, Sum: 0.0]
      [Object Copy (ms): Min: 12.0, Avg: 13.6, Max: 18.1, Diff: 6.1, Sum: 109.1]
      [Termination (ms): Min: 0.0, Avg: 0.0, Max: 0.1, Diff: 0.1, Sum: 0.3]
         [Termination Attempts: Min: 1, Avg: 1.8, Max: 3, Diff: 2, Sum: 14]
      [GC Worker Other (ms): Min: 0.0, Avg: 0.0, Max: 0.1, Diff: 0.1, Sum: 0.3]
      [GC Worker Total (ms): Min: 18.7, Avg: 18.8, Max: 18.9, Diff: 0.2, Sum: 150.6]
      [GC Worker End (ms): Min: 81522299.5, Avg: 81522299.5, Max: 81522299.5, Diff: 0.1]
   [Code Root Fixup: 0.0 ms]
   [Code Root Purge: 0.0 ms]
   [Clear CT: 0.2 ms]
   [Other: 1.8 ms]
      [Choose CSet: 0.0 ms]
      [Ref Proc: 0.8 ms]
      [Ref Enq: 0.0 ms]
      [Redirty Cards: 0.1 ms]
      [Humongous Register: 0.2 ms]
      [Humongous Reclaim: 0.0 ms]
      [Free CSet: 0.1 ms]
   [Eden: 44.0M(44.0M)->0.0B(44.0M) Survivors: 7168.0K->7168.0K Heap: 281.2M(1024.0M)->238.9M(1024.0M)]
 [Times: user=0.06 sys=0.01, real=0.02 secs] 
2021-04-24T17:39:42.383+0800: 81544.371: [GC pause (G1 Evacuation Pause) (young), 0.0215332 secs]
   [Parallel Time: 19.1 ms, GC Workers: 8]
      [GC Worker Start (ms): Min: 81544371.7, Avg: 81544371.9, Max: 81544372.1, Diff: 0.3]
      [Ext Root Scanning (ms): Min: 0.5, Avg: 3.3, Max: 8.2, Diff: 7.8, Sum: 26.4]
      [Update RS (ms): Min: 0.0, Avg: 2.0, Max: 6.5, Diff: 6.5, Sum: 15.8]
         [Processed Buffers: Min: 0, Avg: 6.8, Max: 21, Diff: 21, Sum: 54]
      [Scan RS (ms): Min: 0.0, Avg: 1.9, Max: 3.6, Diff: 3.6, Sum: 15.4]
      [Code Root Scanning (ms): Min: 0.0, Avg: 0.0, Max: 0.0, Diff: 0.0, Sum: 0.0]
      [Object Copy (ms): Min: 10.0, Avg: 11.1, Max: 16.9, Diff: 6.8, Sum: 88.4]
      [Termination (ms): Min: 0.0, Avg: 0.5, Max: 0.6, Diff: 0.6, Sum: 3.8]
         [Termination Attempts: Min: 1, Avg: 2.6, Max: 7, Diff: 6, Sum: 21]
      [GC Worker Other (ms): Min: 0.0, Avg: 0.0, Max: 0.0, Diff: 0.0, Sum: 0.2]
      [GC Worker Total (ms): Min: 18.5, Avg: 18.8, Max: 18.9, Diff: 0.3, Sum: 150.0]
      [GC Worker End (ms): Min: 81544390.6, Avg: 81544390.6, Max: 81544390.6, Diff: 0.0]
   [Code Root Fixup: 0.0 ms]
   [Code Root Purge: 0.0 ms]
   [Clear CT: 0.2 ms]
   [Other: 2.2 ms]
      [Choose CSet: 0.0 ms]
      [Ref Proc: 0.4 ms]
      [Ref Enq: 0.0 ms]
      [Redirty Cards: 0.2 ms]
      [Humongous Register: 0.2 ms]
      [Humongous Reclaim: 0.0 ms]
      [Free CSet: 0.1 ms]
   [Eden: 44.0M(44.0M)->0.0B(62.0M) Survivors: 7168.0K->5120.0K Heap: 282.9M(1024.0M)->237.7M(1024.0M)]
 [Times: user=0.06 sys=0.01, real=0.02 secs] 
2021-04-24T17:40:13.706+0800: 81575.695: [GC pause (G1 Evacuation Pause) (young), 0.0190591 secs]
   [Parallel Time: 17.7 ms, GC Workers: 8]
      [GC Worker Start (ms): Min: 81575695.4, Avg: 81575697.8, Max: 81575712.8, Diff: 17.4]
      [Ext Root Scanning (ms): Min: 0.0, Avg: 1.6, Max: 6.6, Diff: 6.6, Sum: 12.4]
      [Update RS (ms): Min: 0.0, Avg: 2.2, Max: 4.8, Diff: 4.8, Sum: 17.3]
         [Processed Buffers: Min: 0, Avg: 6.4, Max: 17, Diff: 17, Sum: 51]
      [Scan RS (ms): Min: 0.0, Avg: 3.0, Max: 4.5, Diff: 4.5, Sum: 24.1]
      [Code Root Scanning (ms): Min: 0.0, Avg: 0.0, Max: 0.0, Diff: 0.0, Sum: 0.0]
      [Object Copy (ms): Min: 0.0, Avg: 8.2, Max: 16.6, Diff: 16.6, Sum: 65.3]
      [Termination (ms): Min: 0.0, Avg: 0.3, Max: 0.6, Diff: 0.6, Sum: 2.6]
         [Termination Attempts: Min: 1, Avg: 1.2, Max: 2, Diff: 1, Sum: 10]
      [GC Worker Other (ms): Min: 0.0, Avg: 0.0, Max: 0.0, Diff: 0.0, Sum: 0.1]
      [GC Worker Total (ms): Min: 0.2, Avg: 15.2, Max: 17.6, Diff: 17.4, Sum: 121.9]
      [GC Worker End (ms): Min: 81575713.0, Avg: 81575713.1, Max: 81575713.1, Diff: 0.1]
   [Code Root Fixup: 0.0 ms]
   [Code Root Purge: 0.0 ms]
   [Clear CT: 0.1 ms]
   [Other: 1.3 ms]
      [Choose CSet: 0.0 ms]
      [Ref Proc: 0.3 ms]
      [Ref Enq: 0.0 ms]
      [Redirty Cards: 0.1 ms]
      [Humongous Register: 0.3 ms]
      [Humongous Reclaim: 0.0 ms]
      [Free CSet: 0.1 ms]
   [Eden: 62.0M(62.0M)->0.0B(84.0M) Survivors: 5120.0K->8192.0K Heap: 299.7M(1024.0M)->240.6M(1024.0M)]
 [Times: user=0.07 sys=0.00, real=0.02 secs] 
2021-04-24T17:40:56.281+0800: 81618.272: [GC pause (G1 Evacuation Pause) (young), 0.0192968 secs]
   [Parallel Time: 18.1 ms, GC Workers: 8]
      [GC Worker Start (ms): Min: 81618272.2, Avg: 81618273.5, Max: 81618281.4, Diff: 9.2]
      [Ext Root Scanning (ms): Min: 0.0, Avg: 3.9, Max: 12.3, Diff: 12.2, Sum: 31.0]
      [Update RS (ms): Min: 0.0, Avg: 2.8, Max: 6.9, Diff: 6.9, Sum: 22.4]
         [Processed Buffers: Min: 0, Avg: 6.9, Max: 17, Diff: 17, Sum: 55]
      [Scan RS (ms): Min: 0.0, Avg: 2.9, Max: 5.8, Diff: 5.7, Sum: 23.2]
      [Code Root Scanning (ms): Min: 0.0, Avg: 0.0, Max: 0.0, Diff: 0.0, Sum: 0.0]
      [Object Copy (ms): Min: 5.6, Avg: 7.1, Max: 8.1, Diff: 2.5, Sum: 56.6]
      [Termination (ms): Min: 0.0, Avg: 0.0, Max: 0.1, Diff: 0.1, Sum: 0.4]
         [Termination Attempts: Min: 1, Avg: 2.5, Max: 7, Diff: 6, Sum: 20]
      [GC Worker Other (ms): Min: 0.0, Avg: 0.0, Max: 0.0, Diff: 0.0, Sum: 0.2]
      [GC Worker Total (ms): Min: 8.8, Avg: 16.7, Max: 18.0, Diff: 9.2, Sum: 133.8]
      [GC Worker End (ms): Min: 81618290.2, Avg: 81618290.2, Max: 81618290.2, Diff: 0.0]
   [Code Root Fixup: 0.1 ms]
   [Code Root Purge: 0.0 ms]
   [Clear CT: 0.1 ms]
   [Other: 1.1 ms]
      [Choose CSet: 0.0 ms]
      [Ref Proc: 0.1 ms]
      [Ref Enq: 0.0 ms]
      [Redirty Cards: 0.1 ms]
      [Humongous Register: 0.3 ms]
      [Humongous Reclaim: 0.0 ms]
      [Free CSet: 0.1 ms]
   [Eden: 84.0M(84.0M)->0.0B(78.0M) Survivors: 8192.0K->7168.0K Heap: 324.6M(1024.0M)->239.5M(1024.0M)]
 [Times: user=0.07 sys=0.01, real=0.02 secs] 
2021-04-24T17:41:35.655+0800: 81657.646: [GC pause (G1 Evacuation Pause) (young), 0.0187893 secs]
   [Parallel Time: 17.5 ms, GC Workers: 8]
      [GC Worker Start (ms): Min: 81657646.8, Avg: 81657647.0, Max: 81657647.3, Diff: 0.5]
      [Ext Root Scanning (ms): Min: 0.8, Avg: 6.1, Max: 14.6, Diff: 13.8, Sum: 48.8]
      [Update RS (ms): Min: 0.0, Avg: 1.8, Max: 4.3, Diff: 4.3, Sum: 14.4]
         [Processed Buffers: Min: 0, Avg: 6.4, Max: 33, Diff: 33, Sum: 51]
      [Scan RS (ms): Min: 0.0, Avg: 1.8, Max: 4.0, Diff: 4.0, Sum: 14.7]
      [Code Root Scanning (ms): Min: 0.0, Avg: 0.0, Max: 0.0, Diff: 0.0, Sum: 0.0]
      [Object Copy (ms): Min: 2.6, Avg: 7.4, Max: 15.2, Diff: 12.6, Sum: 58.9]
      [Termination (ms): Min: 0.0, Avg: 0.0, Max: 0.0, Diff: 0.0, Sum: 0.1]
         [Termination Attempts: Min: 1, Avg: 11.2, Max: 22, Diff: 21, Sum: 90]
      [GC Worker Other (ms): Min: 0.0, Avg: 0.0, Max: 0.0, Diff: 0.0, Sum: 0.2]
      [GC Worker Total (ms): Min: 16.8, Avg: 17.1, Max: 17.3, Diff: 0.5, Sum: 137.0]
      [GC Worker End (ms): Min: 81657664.1, Avg: 81657664.1, Max: 81657664.1, Diff: 0.0]
   [Code Root Fixup: 0.0 ms]
   [Code Root Purge: 0.0 ms]
   [Clear CT: 0.1 ms]
   [Other: 1.2 ms]
      [Choose CSet: 0.0 ms]
      [Ref Proc: 0.2 ms]
      [Ref Enq: 0.0 ms]
      [Redirty Cards: 0.1 ms]
      [Humongous Register: 0.2 ms]
      [Humongous Reclaim: 0.0 ms]
      [Free CSet: 0.1 ms]
   [Eden: 78.0M(78.0M)->0.0B(74.0M) Survivors: 7168.0K->9216.0K Heap: 317.5M(1024.0M)->241.7M(1024.0M)]
 [Times: user=0.08 sys=0.00, real=0.02 secs] 
2021-04-24T17:42:13.013+0800: 81695.006: [GC pause (G1 Evacuation Pause) (young), 0.0211951 secs]
   [Parallel Time: 19.8 ms, GC Workers: 8]
      [GC Worker Start (ms): Min: 81695006.2, Avg: 81695006.4, Max: 81695006.7, Diff: 0.5]
      [Ext Root Scanning (ms): Min: 0.4, Avg: 4.0, Max: 10.7, Diff: 10.2, Sum: 32.3]
      [Update RS (ms): Min: 0.0, Avg: 2.6, Max: 9.1, Diff: 9.1, Sum: 21.0]
         [Processed Buffers: Min: 0, Avg: 6.5, Max: 34, Diff: 34, Sum: 52]
      [Scan RS (ms): Min: 0.0, Avg: 2.1, Max: 4.6, Diff: 4.6, Sum: 16.7]
      [Code Root Scanning (ms): Min: 0.0, Avg: 0.0, Max: 0.0, Diff: 0.0, Sum: 0.0]
      [Object Copy (ms): Min: 9.0, Avg: 10.7, Max: 11.7, Diff: 2.7, Sum: 85.7]
      [Termination (ms): Min: 0.0, Avg: 0.0, Max: 0.0, Diff: 0.0, Sum: 0.0]
         [Termination Attempts: Min: 1, Avg: 1.5, Max: 2, Diff: 1, Sum: 12]
      [GC Worker Other (ms): Min: 0.0, Avg: 0.1, Max: 0.1, Diff: 0.1, Sum: 0.4]
      [GC Worker Total (ms): Min: 19.2, Avg: 19.5, Max: 19.7, Diff: 0.5, Sum: 156.2]
      [GC Worker End (ms): Min: 81695025.9, Avg: 81695025.9, Max: 81695025.9, Diff: 0.1]
   [Code Root Fixup: 0.0 ms]
   [Code Root Purge: 0.0 ms]
   [Clear CT: 0.2 ms]
   [Other: 1.3 ms]
      [Choose CSet: 0.0 ms]
      [Ref Proc: 0.2 ms]
      [Ref Enq: 0.0 ms]
      [Redirty Cards: 0.1 ms]
      [Humongous Register: 0.2 ms]
      [Humongous Reclaim: 0.0 ms]
      [Free CSet: 0.1 ms]
   [Eden: 74.0M(74.0M)->0.0B(66.0M) Survivors: 9216.0K->9216.0K Heap: 315.7M(1024.0M)->242.2M(1024.0M)]
 [Times: user=0.08 sys=0.01, real=0.02 secs] 
2021-04-24T17:42:34.082+0800: 81716.075: [GC pause (G1 Evacuation Pause) (young), 0.0237283 secs]
   [Parallel Time: 21.8 ms, GC Workers: 8]
      [GC Worker Start (ms): Min: 81716075.7, Avg: 81716075.9, Max: 81716076.2, Diff: 0.5]
      [Ext Root Scanning (ms): Min: 0.4, Avg: 4.6, Max: 8.9, Diff: 8.6, Sum: 36.5]
      [Update RS (ms): Min: 0.0, Avg: 1.4, Max: 3.1, Diff: 3.1, Sum: 11.0]
         [Processed Buffers: Min: 0, Avg: 5.6, Max: 20, Diff: 20, Sum: 45]
      [Scan RS (ms): Min: 0.0, Avg: 2.3, Max: 5.0, Diff: 5.0, Sum: 18.1]
      [Code Root Scanning (ms): Min: 0.0, Avg: 0.0, Max: 0.0, Diff: 0.0, Sum: 0.0]
      [Object Copy (ms): Min: 12.4, Avg: 13.1, Max: 13.8, Diff: 1.4, Sum: 104.6]
      [Termination (ms): Min: 0.0, Avg: 0.3, Max: 0.3, Diff: 0.3, Sum: 2.2]
         [Termination Attempts: Min: 1, Avg: 2.9, Max: 5, Diff: 4, Sum: 23]
      [GC Worker Other (ms): Min: 0.0, Avg: 0.0, Max: 0.1, Diff: 0.0, Sum: 0.3]
      [GC Worker Total (ms): Min: 21.2, Avg: 21.6, Max: 21.7, Diff: 0.5, Sum: 172.7]
      [GC Worker End (ms): Min: 81716097.4, Avg: 81716097.5, Max: 81716097.5, Diff: 0.0]
   [Code Root Fixup: 0.0 ms]
   [Code Root Purge: 0.0 ms]
   [Clear CT: 0.1 ms]
   [Other: 1.7 ms]
      [Choose CSet: 0.0 ms]
      [Ref Proc: 0.3 ms]
      [Ref Enq: 0.0 ms]
      [Redirty Cards: 0.1 ms]
      [Humongous Register: 0.2 ms]
      [Humongous Reclaim: 0.0 ms]
      [Free CSet: 0.1 ms]
   [Eden: 42.0M(42.0M)->0.0B(44.0M) Survivors: 9216.0K->7168.0K Heap: 284.2M(1024.0M)->243.4M(1024.0M)]
 [Times: user=0.09 sys=0.02, real=0.02 secs] 
2021-04-24T17:42:56.426+0800: 81738.420: [GC pause (G1 Evacuation Pause) (young), 0.0211952 secs]
   [Parallel Time: 19.4 ms, GC Workers: 8]
      [GC Worker Start (ms): Min: 81738420.1, Avg: 81738421.4, Max: 81738429.3, Diff: 9.2]
      [Ext Root Scanning (ms): Min: 0.0, Avg: 4.9, Max: 9.7, Diff: 9.7, Sum: 39.3]
      [Update RS (ms): Min: 0.0, Avg: 1.8, Max: 5.0, Diff: 5.0, Sum: 14.5]
         [Processed Buffers: Min: 0, Avg: 6.9, Max: 20, Diff: 20, Sum: 55]
      [Scan RS (ms): Min: 0.0, Avg: 1.9, Max: 4.4, Diff: 4.4, Sum: 15.0]
      [Code Root Scanning (ms): Min: 0.0, Avg: 0.0, Max: 0.0, Diff: 0.0, Sum: 0.0]
      [Object Copy (ms): Min: 8.3, Avg: 8.8, Max: 10.0, Diff: 1.6, Sum: 70.6]
      [Termination (ms): Min: 0.0, Avg: 0.4, Max: 0.5, Diff: 0.5, Sum: 3.2]
         [Termination Attempts: Min: 1, Avg: 9.8, Max: 20, Diff: 19, Sum: 78]
      [GC Worker Other (ms): Min: 0.0, Avg: 0.0, Max: 0.0, Diff: 0.0, Sum: 0.1]
      [GC Worker Total (ms): Min: 10.0, Avg: 17.8, Max: 19.2, Diff: 9.2, Sum: 142.7]
      [GC Worker End (ms): Min: 81738439.2, Avg: 81738439.3, Max: 81738439.3, Diff: 0.0]
   [Code Root Fixup: 0.0 ms]
   [Code Root Purge: 0.0 ms]
   [Clear CT: 0.1 ms]
   [Other: 1.7 ms]
      [Choose CSet: 0.0 ms]
      [Ref Proc: 0.3 ms]
      [Ref Enq: 0.0 ms]
      [Redirty Cards: 0.1 ms]
      [Humongous Register: 0.2 ms]
      [Humongous Reclaim: 0.0 ms]
      [Free CSet: 0.1 ms]
   [Eden: 44.0M(44.0M)->0.0B(44.0M) Survivors: 7168.0K->7168.0K Heap: 287.4M(1024.0M)->245.0M(1024.0M)]
 [Times: user=0.08 sys=0.01, real=0.02 secs] 
2021-04-24T17:43:18.671+0800: 81760.665: [GC pause (G1 Evacuation Pause) (young), 0.0214290 secs]
   [Parallel Time: 20.0 ms, GC Workers: 8]
      [GC Worker Start (ms): Min: 81760665.7, Avg: 81760668.7, Max: 81760676.9, Diff: 11.2]
      [Ext Root Scanning (ms): Min: 0.0, Avg: 3.2, Max: 10.0, Diff: 10.0, Sum: 25.3]
      [Update RS (ms): Min: 0.0, Avg: 2.9, Max: 6.6, Diff: 6.6, Sum: 22.8]
         [Processed Buffers: Min: 0, Avg: 5.9, Max: 21, Diff: 21, Sum: 47]
      [Scan RS (ms): Min: 0.0, Avg: 2.0, Max: 5.1, Diff: 5.1, Sum: 16.0]
      [Code Root Scanning (ms): Min: 0.0, Avg: 0.0, Max: 0.0, Diff: 0.0, Sum: 0.0]
      [Object Copy (ms): Min: 7.2, Avg: 7.9, Max: 9.2, Diff: 2.0, Sum: 63.4]
      [Termination (ms): Min: 0.0, Avg: 0.9, Max: 1.8, Diff: 1.8, Sum: 7.3]
         [Termination Attempts: Min: 1, Avg: 18.4, Max: 42, Diff: 41, Sum: 147]
      [GC Worker Other (ms): Min: 0.0, Avg: 0.0, Max: 0.0, Diff: 0.0, Sum: 0.2]
      [GC Worker Total (ms): Min: 8.6, Avg: 16.9, Max: 19.8, Diff: 11.2, Sum: 135.1]
      [GC Worker End (ms): Min: 81760685.6, Avg: 81760685.6, Max: 81760685.6, Diff: 0.0]
   [Code Root Fixup: 0.0 ms]
   [Code Root Purge: 0.0 ms]
   [Clear CT: 0.1 ms]
   [Other: 1.3 ms]
      [Choose CSet: 0.0 ms]
      [Ref Proc: 0.2 ms]
      [Ref Enq: 0.0 ms]
      [Redirty Cards: 0.1 ms]
      [Humongous Register: 0.3 ms]
      [Humongous Reclaim: 0.0 ms]
      [Free CSet: 0.1 ms]
   [Eden: 44.0M(44.0M)->0.0B(73.0M) Survivors: 7168.0K->5120.0K Heap: 289.0M(1024.0M)->244.9M(1024.0M)]
 [Times: user=0.09 sys=0.01, real=0.02 secs] 
2021-04-24T17:43:55.530+0800: 81797.526: [GC pause (G1 Evacuation Pause) (young), 0.0169154 secs]
   [Parallel Time: 15.3 ms, GC Workers: 8]
      [GC Worker Start (ms): Min: 81797526.1, Avg: 81797527.4, Max: 81797534.6, Diff: 8.4]
      [Ext Root Scanning (ms): Min: 0.0, Avg: 4.0, Max: 10.0, Diff: 10.0, Sum: 32.4]
      [Update RS (ms): Min: 0.0, Avg: 2.2, Max: 6.4, Diff: 6.4, Sum: 17.3]
         [Processed Buffers: Min: 0, Avg: 6.2, Max: 31, Diff: 31, Sum: 50]
      [Scan RS (ms): Min: 0.1, Avg: 1.9, Max: 3.4, Diff: 3.3, Sum: 15.0]
      [Code Root Scanning (ms): Min: 0.0, Avg: 0.0, Max: 0.0, Diff: 0.0, Sum: 0.0]
      [Object Copy (ms): Min: 4.5, Avg: 5.8, Max: 11.9, Diff: 7.5, Sum: 46.4]
      [Termination (ms): Min: 0.0, Avg: 0.0, Max: 0.0, Diff: 0.0, Sum: 0.0]
         [Termination Attempts: Min: 1, Avg: 1.1, Max: 2, Diff: 1, Sum: 9]
      [GC Worker Other (ms): Min: 0.0, Avg: 0.0, Max: 0.0, Diff: 0.0, Sum: 0.2]
      [GC Worker Total (ms): Min: 6.7, Avg: 13.9, Max: 15.2, Diff: 8.4, Sum: 111.3]
      [GC Worker End (ms): Min: 81797541.3, Avg: 81797541.3, Max: 81797541.3, Diff: 0.0]
   [Code Root Fixup: 0.0 ms]
   [Code Root Purge: 0.0 ms]
   [Clear CT: 0.1 ms]
   [Other: 1.5 ms]
      [Choose CSet: 0.0 ms]
      [Ref Proc: 0.3 ms]
      [Ref Enq: 0.0 ms]
      [Redirty Cards: 0.1 ms]
      [Humongous Register: 0.3 ms]
      [Humongous Reclaim: 0.0 ms]
      [Free CSet: 0.2 ms]
   [Eden: 73.0M(73.0M)->0.0B(100.0M) Survivors: 5120.0K->9216.0K Heap: 317.9M(1024.0M)->248.3M(1024.0M)]
 [Times: user=0.07 sys=0.00, real=0.01 secs] 
2021-04-24T17:44:46.067+0800: 81848.064: [GC pause (G1 Evacuation Pause) (young), 0.0253881 secs]
   [Parallel Time: 23.6 ms, GC Workers: 8]
      [GC Worker Start (ms): Min: 81848064.3, Avg: 81848065.7, Max: 81848074.6, Diff: 10.4]
      [Ext Root Scanning (ms): Min: 0.0, Avg: 3.2, Max: 9.5, Diff: 9.5, Sum: 25.6]
      [Update RS (ms): Min: 0.0, Avg: 2.4, Max: 5.4, Diff: 5.4, Sum: 19.2]
         [Processed Buffers: Min: 0, Avg: 5.6, Max: 16, Diff: 16, Sum: 45]
      [Scan RS (ms): Min: 0.0, Avg: 2.3, Max: 4.4, Diff: 4.4, Sum: 18.2]
      [Code Root Scanning (ms): Min: 0.0, Avg: 0.0, Max: 0.0, Diff: 0.0, Sum: 0.0]
      [Object Copy (ms): Min: 12.5, Avg: 14.0, Max: 22.1, Diff: 9.6, Sum: 111.7]
      [Termination (ms): Min: 0.0, Avg: 0.1, Max: 0.2, Diff: 0.2, Sum: 0.9]
         [Termination Attempts: Min: 1, Avg: 2.9, Max: 7, Diff: 6, Sum: 23]
      [GC Worker Other (ms): Min: 0.0, Avg: 0.0, Max: 0.0, Diff: 0.0, Sum: 0.2]
      [GC Worker Total (ms): Min: 13.1, Avg: 22.0, Max: 23.4, Diff: 10.3, Sum: 175.7]
      [GC Worker End (ms): Min: 81848087.7, Avg: 81848087.7, Max: 81848087.7, Diff: 0.0]
   [Code Root Fixup: 0.0 ms]
   [Code Root Purge: 0.0 ms]
   [Clear CT: 0.2 ms]
   [Other: 1.6 ms]
      [Choose CSet: 0.0 ms]
      [Ref Proc: 0.4 ms]
      [Ref Enq: 0.0 ms]
      [Redirty Cards: 0.2 ms]
      [Humongous Register: 0.3 ms]
      [Humongous Reclaim: 0.0 ms]
      [Free CSet: 0.1 ms]
   [Eden: 100.0M(100.0M)->0.0B(44.0M) Survivors: 9216.0K->9216.0K Heap: 348.3M(1024.0M)->248.4M(1024.0M)]
 [Times: user=0.09 sys=0.02, real=0.03 secs] 
2021-04-24T17:45:07.356+0800: 81869.353: [GC pause (G1 Evacuation Pause) (young), 0.0302747 secs]
   [Parallel Time: 28.9 ms, GC Workers: 8]
      [GC Worker Start (ms): Min: 81869354.0, Avg: 81869354.3, Max: 81869355.3, Diff: 1.3]
      [Ext Root Scanning (ms): Min: 0.0, Avg: 2.7, Max: 8.9, Diff: 8.9, Sum: 21.2]
      [Update RS (ms): Min: 0.0, Avg: 1.4, Max: 3.3, Diff: 3.3, Sum: 11.6]
         [Processed Buffers: Min: 0, Avg: 6.0, Max: 24, Diff: 24, Sum: 48]
      [Scan RS (ms): Min: 0.0, Avg: 2.7, Max: 4.6, Diff: 4.6, Sum: 21.8]
      [Code Root Scanning (ms): Min: 0.0, Avg: 0.0, Max: 0.0, Diff: 0.0, Sum: 0.0]
      [Object Copy (ms): Min: 19.6, Avg: 21.5, Max: 27.7, Diff: 8.0, Sum: 171.9]
      [Termination (ms): Min: 0.0, Avg: 0.1, Max: 0.3, Diff: 0.3, Sum: 1.0]
         [Termination Attempts: Min: 1, Avg: 3.5, Max: 6, Diff: 5, Sum: 28]
      [GC Worker Other (ms): Min: 0.0, Avg: 0.0, Max: 0.2, Diff: 0.1, Sum: 0.3]
      [GC Worker Total (ms): Min: 27.5, Avg: 28.5, Max: 28.8, Diff: 1.3, Sum: 227.8]
      [GC Worker End (ms): Min: 81869382.8, Avg: 81869382.8, Max: 81869382.8, Diff: 0.0]
   [Code Root Fixup: 0.0 ms]
   [Code Root Purge: 0.0 ms]
   [Clear CT: 0.1 ms]
   [Other: 1.2 ms]
      [Choose CSet: 0.0 ms]
      [Ref Proc: 0.2 ms]
      [Ref Enq: 0.0 ms]
      [Redirty Cards: 0.1 ms]
      [Humongous Register: 0.2 ms]
      [Humongous Reclaim: 0.0 ms]
      [Free CSet: 0.1 ms]
   [Eden: 42.0M(42.0M)->0.0B(44.0M) Survivors: 9216.0K->7168.0K Heap: 290.4M(1024.0M)->248.9M(1024.0M)]
 [Times: user=0.08 sys=0.03, real=0.03 secs] 
2021-04-24T17:45:29.603+0800: 81891.600: [GC pause (G1 Evacuation Pause) (young), 0.0205569 secs]
   [Parallel Time: 18.3 ms, GC Workers: 8]
      [GC Worker Start (ms): Min: 81891600.8, Avg: 81891601.7, Max: 81891605.9, Diff: 5.0]
      [Ext Root Scanning (ms): Min: 0.0, Avg: 2.9, Max: 9.6, Diff: 9.6, Sum: 23.2]
      [Update RS (ms): Min: 0.0, Avg: 2.2, Max: 7.0, Diff: 7.0, Sum: 17.5]
         [Processed Buffers: Min: 0, Avg: 6.4, Max: 22, Diff: 22, Sum: 51]
      [Scan RS (ms): Min: 0.0, Avg: 3.1, Max: 4.8, Diff: 4.8, Sum: 24.5]
      [Code Root Scanning (ms): Min: 0.0, Avg: 0.0, Max: 0.0, Diff: 0.0, Sum: 0.0]
      [Object Copy (ms): Min: 8.0, Avg: 9.1, Max: 14.7, Diff: 6.7, Sum: 73.0]
      [Termination (ms): Min: 0.0, Avg: 0.0, Max: 0.0, Diff: 0.0, Sum: 0.1]
         [Termination Attempts: Min: 1, Avg: 21.8, Max: 33, Diff: 32, Sum: 174]
      [GC Worker Other (ms): Min: 0.0, Avg: 0.0, Max: 0.1, Diff: 0.0, Sum: 0.3]
      [GC Worker Total (ms): Min: 13.2, Avg: 17.3, Max: 18.2, Diff: 5.0, Sum: 138.6]
      [GC Worker End (ms): Min: 81891619.0, Avg: 81891619.0, Max: 81891619.1, Diff: 0.0]
   [Code Root Fixup: 0.0 ms]
   [Code Root Purge: 0.0 ms]
   [Clear CT: 0.2 ms]
   [Other: 2.0 ms]
      [Choose CSet: 0.0 ms]
      [Ref Proc: 0.3 ms]
      [Ref Enq: 0.0 ms]
      [Redirty Cards: 0.2 ms]
      [Humongous Register: 0.3 ms]
      [Humongous Reclaim: 0.0 ms]
      [Free CSet: 0.1 ms]
   [Eden: 44.0M(44.0M)->0.0B(46.0M) Survivors: 7168.0K->5120.0K Heap: 292.9M(1024.0M)->249.0M(1024.0M)]
 [Times: user=0.08 sys=0.01, real=0.02 secs] 
2021-04-24T17:45:52.727+0800: 81914.725: [GC pause (G1 Evacuation Pause) (young), 0.0207773 secs]
   [Parallel Time: 18.3 ms, GC Workers: 8]
      [GC Worker Start (ms): Min: 81914725.6, Avg: 81914727.3, Max: 81914732.0, Diff: 6.4]
      [Ext Root Scanning (ms): Min: 0.0, Avg: 3.9, Max: 17.6, Diff: 17.6, Sum: 30.8]
      [Update RS (ms): Min: 0.0, Avg: 1.6, Max: 3.4, Diff: 3.4, Sum: 12.5]
         [Processed Buffers: Min: 0, Avg: 4.9, Max: 16, Diff: 16, Sum: 39]
      [Scan RS (ms): Min: 0.0, Avg: 2.8, Max: 4.7, Diff: 4.7, Sum: 22.7]
      [Code Root Scanning (ms): Min: 0.0, Avg: 0.0, Max: 0.0, Diff: 0.0, Sum: 0.0]
      [Object Copy (ms): Min: 0.5, Avg: 8.2, Max: 10.2, Diff: 9.7, Sum: 65.8]
      [Termination (ms): Min: 0.0, Avg: 0.0, Max: 0.1, Diff: 0.1, Sum: 0.4]
         [Termination Attempts: Min: 1, Avg: 1.0, Max: 1, Diff: 0, Sum: 8]
      [GC Worker Other (ms): Min: 0.0, Avg: 0.0, Max: 0.0, Diff: 0.0, Sum: 0.2]
      [GC Worker Total (ms): Min: 11.9, Avg: 16.5, Max: 18.3, Diff: 6.4, Sum: 132.4]
      [GC Worker End (ms): Min: 81914743.8, Avg: 81914743.8, Max: 81914743.9, Diff: 0.0]
   [Code Root Fixup: 0.0 ms]
   [Code Root Purge: 0.0 ms]
   [Clear CT: 0.1 ms]
   [Other: 2.3 ms]
      [Choose CSet: 0.0 ms]
      [Ref Proc: 1.0 ms]
      [Ref Enq: 0.0 ms]
      [Redirty Cards: 0.1 ms]
      [Humongous Register: 0.2 ms]
      [Humongous Reclaim: 0.0 ms]
      [Free CSet: 0.1 ms]
   [Eden: 46.0M(46.0M)->0.0B(44.0M) Survivors: 5120.0K->7168.0K Heap: 295.0M(1024.0M)->251.7M(1024.0M)]
 [Times: user=0.07 sys=0.01, real=0.02 secs] 
2021-04-24T17:46:14.884+0800: 81936.882: [GC pause (G1 Evacuation Pause) (young), 0.0191380 secs]
   [Parallel Time: 17.7 ms, GC Workers: 8]
      [GC Worker Start (ms): Min: 81936883.0, Avg: 81936883.3, Max: 81936884.0, Diff: 1.0]
      [Ext Root Scanning (ms): Min: 0.5, Avg: 4.4, Max: 13.5, Diff: 13.0, Sum: 35.2]
      [Update RS (ms): Min: 0.0, Avg: 1.9, Max: 4.6, Diff: 4.6, Sum: 14.8]
         [Processed Buffers: Min: 0, Avg: 6.6, Max: 21, Diff: 21, Sum: 53]
      [Scan RS (ms): Min: 0.0, Avg: 2.9, Max: 6.0, Diff: 6.0, Sum: 23.0]
      [Code Root Scanning (ms): Min: 0.0, Avg: 0.0, Max: 0.0, Diff: 0.0, Sum: 0.0]
      [Object Copy (ms): Min: 3.9, Avg: 8.1, Max: 16.0, Diff: 12.1, Sum: 64.7]
      [Termination (ms): Min: 0.0, Avg: 0.0, Max: 0.0, Diff: 0.0, Sum: 0.1]
         [Termination Attempts: Min: 1, Avg: 26.6, Max: 39, Diff: 38, Sum: 213]
      [GC Worker Other (ms): Min: 0.0, Avg: 0.0, Max: 0.1, Diff: 0.1, Sum: 0.3]
      [GC Worker Total (ms): Min: 16.6, Avg: 17.3, Max: 17.6, Diff: 1.0, Sum: 138.1]
      [GC Worker End (ms): Min: 81936900.5, Avg: 81936900.6, Max: 81936900.6, Diff: 0.0]
   [Code Root Fixup: 0.0 ms]
   [Code Root Purge: 0.0 ms]
   [Clear CT: 0.1 ms]
   [Other: 1.3 ms]
      [Choose CSet: 0.0 ms]
      [Ref Proc: 0.2 ms]
      [Ref Enq: 0.0 ms]
      [Redirty Cards: 0.1 ms]
      [Humongous Register: 0.3 ms]
      [Humongous Reclaim: 0.0 ms]
      [Free CSet: 0.1 ms]
   [Eden: 44.0M(44.0M)->0.0B(70.0M) Survivors: 7168.0K->5120.0K Heap: 295.7M(1024.0M)->250.5M(1024.0M)]
 [Times: user=0.07 sys=0.01, real=0.02 secs] 
2021-04-24T17:46:50.423+0800: 81972.423: [GC pause (G1 Evacuation Pause) (young), 0.0174885 secs]
   [Parallel Time: 16.4 ms, GC Workers: 8]
      [GC Worker Start (ms): Min: 81972423.1, Avg: 81972427.6, Max: 81972437.8, Diff: 14.7]
      [Ext Root Scanning (ms): Min: 0.0, Avg: 2.1, Max: 7.4, Diff: 7.4, Sum: 17.1]
      [Update RS (ms): Min: 0.0, Avg: 1.8, Max: 5.1, Diff: 5.1, Sum: 14.2]
         [Processed Buffers: Min: 0, Avg: 6.0, Max: 30, Diff: 30, Sum: 48]
      [Scan RS (ms): Min: 0.0, Avg: 3.3, Max: 8.4, Diff: 8.4, Sum: 26.1]
      [Code Root Scanning (ms): Min: 0.0, Avg: 0.0, Max: 0.0, Diff: 0.0, Sum: 0.0]
      [Object Copy (ms): Min: 1.5, Avg: 4.6, Max: 7.1, Diff: 5.6, Sum: 36.7]
      [Termination (ms): Min: 0.0, Avg: 0.0, Max: 0.0, Diff: 0.0, Sum: 0.1]
         [Termination Attempts: Min: 1, Avg: 31.2, Max: 44, Diff: 43, Sum: 250]
      [GC Worker Other (ms): Min: 0.0, Avg: 0.1, Max: 0.1, Diff: 0.1, Sum: 0.4]
      [GC Worker Total (ms): Min: 1.6, Avg: 11.8, Max: 16.2, Diff: 14.7, Sum: 94.6]
      [GC Worker End (ms): Min: 81972439.3, Avg: 81972439.4, Max: 81972439.4, Diff: 0.1]
   [Code Root Fixup: 0.0 ms]
   [Code Root Purge: 0.0 ms]
   [Clear CT: 0.1 ms]
   [Other: 1.0 ms]
      [Choose CSet: 0.0 ms]
      [Ref Proc: 0.3 ms]
      [Ref Enq: 0.0 ms]
      [Redirty Cards: 0.1 ms]
      [Humongous Register: 0.1 ms]
      [Humongous Reclaim: 0.0 ms]
      [Free CSet: 0.1 ms]
   [Eden: 70.0M(70.0M)->0.0B(77.0M) Survivors: 5120.0K->6144.0K Heap: 320.5M(1024.0M)->251.2M(1024.0M)]
 [Times: user=0.06 sys=0.00, real=0.02 secs] 
2021-04-24T17:47:29.386+0800: 82011.387: [GC pause (G1 Evacuation Pause) (young), 0.0205247 secs]
   [Parallel Time: 19.3 ms, GC Workers: 8]
      [GC Worker Start (ms): Min: 82011387.7, Avg: 82011388.0, Max: 82011389.2, Diff: 1.5]
      [Ext Root Scanning (ms): Min: 0.0, Avg: 4.4, Max: 17.8, Diff: 17.8, Sum: 35.1]
      [Update RS (ms): Min: 0.0, Avg: 2.0, Max: 5.7, Diff: 5.7, Sum: 16.1]
         [Processed Buffers: Min: 0, Avg: 5.9, Max: 15, Diff: 15, Sum: 47]
      [Scan RS (ms): Min: 0.0, Avg: 2.1, Max: 3.9, Diff: 3.9, Sum: 16.7]
      [Code Root Scanning (ms): Min: 0.0, Avg: 0.0, Max: 0.0, Diff: 0.0, Sum: 0.0]
      [Object Copy (ms): Min: 1.2, Avg: 10.5, Max: 15.8, Diff: 14.7, Sum: 83.7]
      [Termination (ms): Min: 0.0, Avg: 0.0, Max: 0.0, Diff: 0.0, Sum: 0.1]
         [Termination Attempts: Min: 1, Avg: 14.1, Max: 22, Diff: 21, Sum: 113]
      [GC Worker Other (ms): Min: 0.0, Avg: 0.0, Max: 0.1, Diff: 0.0, Sum: 0.3]
      [GC Worker Total (ms): Min: 17.8, Avg: 19.0, Max: 19.3, Diff: 1.5, Sum: 152.0]
      [GC Worker End (ms): Min: 82011407.0, Avg: 82011407.0, Max: 82011407.0, Diff: 0.0]
   [Code Root Fixup: 0.1 ms]
   [Code Root Purge: 0.0 ms]
   [Clear CT: 0.1 ms]
   [Other: 1.1 ms]
      [Choose CSet: 0.0 ms]
      [Ref Proc: 0.2 ms]
      [Ref Enq: 0.0 ms]
      [Redirty Cards: 0.1 ms]
      [Humongous Register: 0.3 ms]
      [Humongous Reclaim: 0.0 ms]
      [Free CSet: 0.1 ms]
   [Eden: 77.0M(77.0M)->0.0B(67.0M) Survivors: 6144.0K->8192.0K Heap: 328.2M(1024.0M)->253.9M(1024.0M)]
 [Times: user=0.08 sys=0.00, real=0.02 secs] 
2021-04-24T17:48:03.225+0800: 82045.227: [GC pause (G1 Evacuation Pause) (young), 0.0218155 secs]
   [Parallel Time: 20.6 ms, GC Workers: 8]
      [GC Worker Start (ms): Min: 82045227.4, Avg: 82045227.5, Max: 82045227.8, Diff: 0.5]
      [Ext Root Scanning (ms): Min: 0.6, Avg: 4.9, Max: 20.4, Diff: 19.8, Sum: 39.4]
      [Update RS (ms): Min: 0.0, Avg: 2.0, Max: 4.4, Diff: 4.4, Sum: 16.2]
         [Processed Buffers: Min: 0, Avg: 6.0, Max: 20, Diff: 20, Sum: 48]
      [Scan RS (ms): Min: 0.0, Avg: 4.9, Max: 12.9, Diff: 12.8, Sum: 39.2]
      [Code Root Scanning (ms): Min: 0.0, Avg: 0.0, Max: 0.0, Diff: 0.0, Sum: 0.0]
      [Object Copy (ms): Min: 0.0, Avg: 8.4, Max: 17.3, Diff: 17.3, Sum: 67.3]
      [Termination (ms): Min: 0.0, Avg: 0.0, Max: 0.0, Diff: 0.0, Sum: 0.1]
         [Termination Attempts: Min: 1, Avg: 14.5, Max: 28, Diff: 27, Sum: 116]
      [GC Worker Other (ms): Min: 0.0, Avg: 0.0, Max: 0.1, Diff: 0.1, Sum: 0.3]
      [GC Worker Total (ms): Min: 20.0, Avg: 20.3, Max: 20.5, Diff: 0.5, Sum: 162.6]
      [GC Worker End (ms): Min: 82045247.8, Avg: 82045247.9, Max: 82045247.9, Diff: 0.1]
   [Code Root Fixup: 0.0 ms]
   [Code Root Purge: 0.0 ms]
   [Clear CT: 0.1 ms]
   [Other: 1.1 ms]
      [Choose CSet: 0.0 ms]
      [Ref Proc: 0.2 ms]
      [Ref Enq: 0.0 ms]
      [Redirty Cards: 0.1 ms]
      [Humongous Register: 0.3 ms]
      [Humongous Reclaim: 0.0 ms]
      [Free CSet: 0.1 ms]
   [Eden: 67.0M(67.0M)->0.0B(42.0M) Survivors: 8192.0K->9216.0K Heap: 320.9M(1024.0M)->254.5M(1024.0M)]
 [Times: user=0.09 sys=0.00, real=0.02 secs] 
2021-04-24T17:48:24.350+0800: 82066.352: [GC pause (G1 Evacuation Pause) (young), 0.0421094 secs]
   [Parallel Time: 40.7 ms, GC Workers: 8]
      [GC Worker Start (ms): Min: 82066352.6, Avg: 82066354.1, Max: 82066362.8, Diff: 10.1]
      [Ext Root Scanning (ms): Min: 0.0, Avg: 3.3, Max: 11.0, Diff: 11.0, Sum: 26.5]
      [Update RS (ms): Min: 0.0, Avg: 2.2, Max: 5.1, Diff: 5.1, Sum: 17.7]
         [Processed Buffers: Min: 0, Avg: 6.4, Max: 28, Diff: 28, Sum: 51]
      [Scan RS (ms): Min: 0.0, Avg: 2.8, Max: 5.6, Diff: 5.6, Sum: 22.0]
      [Code Root Scanning (ms): Min: 0.0, Avg: 0.0, Max: 0.0, Diff: 0.0, Sum: 0.0]
      [Object Copy (ms): Min: 28.5, Avg: 30.4, Max: 38.8, Diff: 10.3, Sum: 243.1]
      [Termination (ms): Min: 0.0, Avg: 0.4, Max: 0.5, Diff: 0.5, Sum: 3.0]
         [Termination Attempts: Min: 1, Avg: 3.9, Max: 10, Diff: 9, Sum: 31]
      [GC Worker Other (ms): Min: 0.0, Avg: 0.0, Max: 0.0, Diff: 0.0, Sum: 0.2]
      [GC Worker Total (ms): Min: 30.4, Avg: 39.1, Max: 40.6, Diff: 10.1, Sum: 312.8]
      [GC Worker End (ms): Min: 82066393.2, Avg: 82066393.2, Max: 82066393.2, Diff: 0.0]
   [Code Root Fixup: 0.0 ms]
   [Code Root Purge: 0.0 ms]
   [Clear CT: 0.1 ms]
   [Other: 1.3 ms]
      [Choose CSet: 0.0 ms]
      [Ref Proc: 0.3 ms]
      [Ref Enq: 0.0 ms]
      [Redirty Cards: 0.1 ms]
      [Humongous Register: 0.2 ms]
      [Humongous Reclaim: 0.0 ms]
      [Free CSet: 0.1 ms]
   [Eden: 42.0M(42.0M)->0.0B(46.0M) Survivors: 9216.0K->5120.0K Heap: 296.5M(1024.0M)->253.5M(1024.0M)]
 [Times: user=0.09 sys=0.02, real=0.04 secs] 
2021-04-24T17:48:47.616+0800: 82089.619: [GC pause (G1 Evacuation Pause) (young), 0.0161440 secs]
   [Parallel Time: 14.8 ms, GC Workers: 8]
      [GC Worker Start (ms): Min: 82089619.7, Avg: 82089621.2, Max: 82089630.7, Diff: 11.0]
      [Ext Root Scanning (ms): Min: 0.0, Avg: 2.3, Max: 12.1, Diff: 12.1, Sum: 18.6]
      [Update RS (ms): Min: 0.0, Avg: 1.8, Max: 4.1, Diff: 4.1, Sum: 14.1]
         [Processed Buffers: Min: 0, Avg: 6.2, Max: 22, Diff: 22, Sum: 50]
      [Scan RS (ms): Min: 0.0, Avg: 2.5, Max: 5.1, Diff: 5.1, Sum: 19.7]
      [Code Root Scanning (ms): Min: 0.0, Avg: 0.0, Max: 0.0, Diff: 0.0, Sum: 0.0]
      [Object Copy (ms): Min: 2.5, Avg: 6.5, Max: 13.5, Diff: 11.0, Sum: 52.0]
      [Termination (ms): Min: 0.0, Avg: 0.0, Max: 0.0, Diff: 0.0, Sum: 0.0]
         [Termination Attempts: Min: 1, Avg: 2.6, Max: 6, Diff: 5, Sum: 21]
      [GC Worker Other (ms): Min: 0.0, Avg: 0.0, Max: 0.0, Diff: 0.0, Sum: 0.2]
      [GC Worker Total (ms): Min: 3.7, Avg: 13.1, Max: 14.7, Diff: 11.0, Sum: 104.6]
      [GC Worker End (ms): Min: 82089634.3, Avg: 82089634.3, Max: 82089634.3, Diff: 0.0]
   [Code Root Fixup: 0.0 ms]
   [Code Root Purge: 0.0 ms]
   [Clear CT: 0.1 ms]
   [Other: 1.2 ms]
      [Choose CSet: 0.0 ms]
      [Ref Proc: 0.2 ms]
      [Ref Enq: 0.0 ms]
      [Redirty Cards: 0.1 ms]
      [Humongous Register: 0.2 ms]
      [Humongous Reclaim: 0.0 ms]
      [Free CSet: 0.1 ms]
   [Eden: 46.0M(46.0M)->0.0B(45.0M) Survivors: 5120.0K->6144.0K Heap: 299.5M(1024.0M)->254.9M(1024.0M)]
 [Times: user=0.07 sys=0.00, real=0.02 secs] 
2021-04-24T17:49:10.396+0800: 82112.400: [GC pause (G1 Evacuation Pause) (young), 0.0175505 secs]
   [Parallel Time: 16.0 ms, GC Workers: 8]
      [GC Worker Start (ms): Min: 82112400.6, Avg: 82112400.9, Max: 82112401.7, Diff: 1.1]
      [Ext Root Scanning (ms): Min: 0.0, Avg: 3.2, Max: 12.0, Diff: 12.0, Sum: 25.7]
      [Update RS (ms): Min: 0.0, Avg: 1.8, Max: 4.0, Diff: 4.0, Sum: 14.1]
         [Processed Buffers: Min: 0, Avg: 5.5, Max: 30, Diff: 30, Sum: 44]
      [Scan RS (ms): Min: 0.0, Avg: 1.7, Max: 2.9, Diff: 2.9, Sum: 13.5]
      [Code Root Scanning (ms): Min: 0.0, Avg: 0.0, Max: 0.0, Diff: 0.0, Sum: 0.0]
      [Object Copy (ms): Min: 3.8, Avg: 8.9, Max: 14.7, Diff: 11.0, Sum: 71.0]
      [Termination (ms): Min: 0.0, Avg: 0.1, Max: 0.1, Diff: 0.1, Sum: 0.6]
         [Termination Attempts: Min: 1, Avg: 48.9, Max: 76, Diff: 75, Sum: 391]
      [GC Worker Other (ms): Min: 0.0, Avg: 0.0, Max: 0.0, Diff: 0.0, Sum: 0.1]
      [GC Worker Total (ms): Min: 14.8, Avg: 15.6, Max: 15.9, Diff: 1.1, Sum: 125.0]
      [GC Worker End (ms): Min: 82112416.5, Avg: 82112416.5, Max: 82112416.5, Diff: 0.0]
   [Code Root Fixup: 0.0 ms]
   [Code Root Purge: 0.0 ms]
   [Clear CT: 0.1 ms]
   [Other: 1.4 ms]
      [Choose CSet: 0.0 ms]
      [Ref Proc: 0.2 ms]
      [Ref Enq: 0.0 ms]
      [Redirty Cards: 0.1 ms]
      [Humongous Register: 0.3 ms]
      [Humongous Reclaim: 0.0 ms]
      [Free CSet: 0.1 ms]
   [Eden: 45.0M(45.0M)->0.0B(45.0M) Survivors: 6144.0K->6144.0K Heap: 299.9M(1024.0M)->255.6M(1024.0M)]
 [Times: user=0.07 sys=0.00, real=0.02 secs] 
2021-04-24T17:49:33.318+0800: 82135.322: [GC pause (G1 Evacuation Pause) (young), 0.0180088 secs]
   [Parallel Time: 16.4 ms, GC Workers: 8]
      [GC Worker Start (ms): Min: 82135322.2, Avg: 82135322.4, Max: 82135323.2, Diff: 1.1]
      [Ext Root Scanning (ms): Min: 0.0, Avg: 3.1, Max: 15.4, Diff: 15.4, Sum: 24.5]
      [Update RS (ms): Min: 0.0, Avg: 3.7, Max: 15.5, Diff: 15.5, Sum: 29.8]
         [Processed Buffers: Min: 0, Avg: 5.8, Max: 17, Diff: 17, Sum: 46]
      [Scan RS (ms): Min: 0.0, Avg: 1.3, Max: 3.0, Diff: 3.0, Sum: 10.7]
      [Code Root Scanning (ms): Min: 0.0, Avg: 0.0, Max: 0.0, Diff: 0.0, Sum: 0.0]
      [Object Copy (ms): Min: 0.1, Avg: 7.6, Max: 10.4, Diff: 10.4, Sum: 61.1]
      [Termination (ms): Min: 0.0, Avg: 0.3, Max: 0.4, Diff: 0.4, Sum: 2.1]
         [Termination Attempts: Min: 1, Avg: 8.0, Max: 19, Diff: 18, Sum: 64]
      [GC Worker Other (ms): Min: 0.0, Avg: 0.0, Max: 0.0, Diff: 0.0, Sum: 0.1]
      [GC Worker Total (ms): Min: 15.2, Avg: 16.0, Max: 16.3, Diff: 1.1, Sum: 128.4]
      [GC Worker End (ms): Min: 82135338.4, Avg: 82135338.4, Max: 82135338.4, Diff: 0.0]
   [Code Root Fixup: 0.0 ms]
   [Code Root Purge: 0.0 ms]
   [Clear CT: 0.1 ms]
   [Other: 1.5 ms]
      [Choose CSet: 0.0 ms]
      [Ref Proc: 0.3 ms]
      [Ref Enq: 0.0 ms]
      [Redirty Cards: 0.1 ms]
      [Humongous Register: 0.1 ms]
      [Humongous Reclaim: 0.0 ms]
      [Free CSet: 0.2 ms]
   [Eden: 45.0M(45.0M)->0.0B(45.0M) Survivors: 6144.0K->6144.0K Heap: 300.6M(1024.0M)->255.9M(1024.0M)]
 [Times: user=0.06 sys=0.00, real=0.02 secs] 
2021-04-24T17:49:56.180+0800: 82158.185: [GC pause (G1 Evacuation Pause) (young), 0.0202641 secs]
   [Parallel Time: 18.4 ms, GC Workers: 8]
      [GC Worker Start (ms): Min: 82158185.1, Avg: 82158187.5, Max: 82158195.8, Diff: 10.7]
      [Ext Root Scanning (ms): Min: 0.0, Avg: 2.2, Max: 11.1, Diff: 11.0, Sum: 17.6]
      [Update RS (ms): Min: 0.0, Avg: 2.4, Max: 5.1, Diff: 5.1, Sum: 18.8]
         [Processed Buffers: Min: 0, Avg: 5.5, Max: 31, Diff: 31, Sum: 44]
      [Scan RS (ms): Min: 0.0, Avg: 2.5, Max: 4.6, Diff: 4.6, Sum: 20.0]
      [Code Root Scanning (ms): Min: 0.0, Avg: 0.0, Max: 0.0, Diff: 0.0, Sum: 0.0]
      [Object Copy (ms): Min: 7.0, Avg: 8.7, Max: 15.5, Diff: 8.5, Sum: 69.9]
      [Termination (ms): Min: 0.0, Avg: 0.1, Max: 0.1, Diff: 0.1, Sum: 0.7]
         [Termination Attempts: Min: 1, Avg: 8.0, Max: 19, Diff: 18, Sum: 64]
      [GC Worker Other (ms): Min: 0.0, Avg: 0.0, Max: 0.0, Diff: 0.0, Sum: 0.2]
      [GC Worker Total (ms): Min: 7.6, Avg: 15.9, Max: 18.3, Diff: 10.7, Sum: 127.2]
      [GC Worker End (ms): Min: 82158203.4, Avg: 82158203.4, Max: 82158203.4, Diff: 0.0]
   [Code Root Fixup: 0.0 ms]
   [Code Root Purge: 0.0 ms]
   [Clear CT: 0.2 ms]
   [Other: 1.6 ms]
      [Choose CSet: 0.0 ms]
      [Ref Proc: 0.4 ms]
      [Ref Enq: 0.0 ms]
      [Redirty Cards: 0.1 ms]
      [Humongous Register: 0.3 ms]
      [Humongous Reclaim: 0.0 ms]
      [Free CSet: 0.1 ms]
   [Eden: 45.0M(45.0M)->0.0B(52.0M) Survivors: 6144.0K->5120.0K Heap: 300.9M(1024.0M)->256.0M(1024.0M)]
 [Times: user=0.07 sys=0.02, real=0.02 secs] 
2021-04-24T17:50:19.029+0800: 82181.035: [GC pause (G1 Evacuation Pause) (young), 0.0161975 secs]
   [Parallel Time: 14.7 ms, GC Workers: 8]
      [GC Worker Start (ms): Min: 82181035.3, Avg: 82181035.8, Max: 82181037.8, Diff: 2.6]
      [Ext Root Scanning (ms): Min: 0.0, Avg: 3.5, Max: 11.4, Diff: 11.4, Sum: 27.7]
      [Update RS (ms): Min: 0.0, Avg: 2.6, Max: 10.5, Diff: 10.5, Sum: 20.7]
         [Processed Buffers: Min: 0, Avg: 6.1, Max: 18, Diff: 18, Sum: 49]
      [Scan RS (ms): Min: 0.0, Avg: 1.9, Max: 4.8, Diff: 4.8, Sum: 15.6]
      [Code Root Scanning (ms): Min: 0.0, Avg: 0.0, Max: 0.0, Diff: 0.0, Sum: 0.0]
      [Object Copy (ms): Min: 2.9, Avg: 6.0, Max: 13.6, Diff: 10.6, Sum: 48.1]
      [Termination (ms): Min: 0.0, Avg: 0.0, Max: 0.0, Diff: 0.0, Sum: 0.1]
         [Termination Attempts: Min: 1, Avg: 11.5, Max: 21, Diff: 20, Sum: 92]
      [GC Worker Other (ms): Min: 0.0, Avg: 0.0, Max: 0.1, Diff: 0.0, Sum: 0.2]
      [GC Worker Total (ms): Min: 12.0, Avg: 14.1, Max: 14.5, Diff: 2.6, Sum: 112.4]
      [GC Worker End (ms): Min: 82181049.8, Avg: 82181049.8, Max: 82181049.9, Diff: 0.0]
   [Code Root Fixup: 0.0 ms]
   [Code Root Purge: 0.0 ms]
   [Clear CT: 0.1 ms]
   [Other: 1.3 ms]
      [Choose CSet: 0.0 ms]
      [Ref Proc: 0.3 ms]
      [Ref Enq: 0.0 ms]
      [Redirty Cards: 0.1 ms]
      [Humongous Register: 0.3 ms]
      [Humongous Reclaim: 0.0 ms]
      [Free CSet: 0.1 ms]
   [Eden: 46.0M(46.0M)->0.0B(74.0M) Survivors: 5120.0K->7168.0K Heap: 302.0M(1024.0M)->258.3M(1024.0M)]
 [Times: user=0.06 sys=0.00, real=0.02 secs] 
2021-04-24T17:50:43.112+0800: 82205.118: [GC pause (G1 Evacuation Pause) (young), 0.0192017 secs]
   [Parallel Time: 17.3 ms, GC Workers: 8]
      [GC Worker Start (ms): Min: 82205118.3, Avg: 82205118.4, Max: 82205118.5, Diff: 0.2]
      [Ext Root Scanning (ms): Min: 0.6, Avg: 2.2, Max: 8.5, Diff: 7.9, Sum: 17.3]
      [Update RS (ms): Min: 0.0, Avg: 1.0, Max: 2.1, Diff: 2.1, Sum: 7.8]
         [Processed Buffers: Min: 0, Avg: 5.6, Max: 15, Diff: 15, Sum: 45]
      [Scan RS (ms): Min: 0.0, Avg: 1.7, Max: 3.0, Diff: 3.0, Sum: 13.5]
      [Code Root Scanning (ms): Min: 0.0, Avg: 0.0, Max: 0.0, Diff: 0.0, Sum: 0.0]
      [Object Copy (ms): Min: 8.0, Avg: 11.9, Max: 16.0, Diff: 8.0, Sum: 95.0]
      [Termination (ms): Min: 0.0, Avg: 0.4, Max: 0.5, Diff: 0.5, Sum: 3.1]
         [Termination Attempts: Min: 1, Avg: 1.8, Max: 3, Diff: 2, Sum: 14]
      [GC Worker Other (ms): Min: 0.0, Avg: 0.0, Max: 0.0, Diff: 0.0, Sum: 0.1]
      [GC Worker Total (ms): Min: 17.0, Avg: 17.1, Max: 17.2, Diff: 0.2, Sum: 136.8]
      [GC Worker End (ms): Min: 82205135.5, Avg: 82205135.5, Max: 82205135.5, Diff: 0.0]
   [Code Root Fixup: 0.0 ms]
   [Code Root Purge: 0.0 ms]
   [Clear CT: 0.2 ms]
   [Other: 1.7 ms]
      [Choose CSet: 0.0 ms]
      [Ref Proc: 0.2 ms]
      [Ref Enq: 0.0 ms]
      [Redirty Cards: 0.2 ms]
      [Humongous Register: 0.1 ms]
      [Humongous Reclaim: 0.0 ms]
      [Free CSet: 0.1 ms]
   [Eden: 48.0M(44.0M)->0.0B(114.0M) Survivors: 7168.0K->6144.0K Heap: 306.3M(1024.0M)->258.4M(1024.0M)]
 [Times: user=0.06 sys=0.01, real=0.02 secs] 
2021-04-24T17:51:05.660+0800: 82227.666: [GC pause (G1 Evacuation Pause) (young), 0.0182182 secs]
   [Parallel Time: 16.8 ms, GC Workers: 8]
      [GC Worker Start (ms): Min: 82227667.0, Avg: 82227668.4, Max: 82227676.2, Diff: 9.3]
      [Ext Root Scanning (ms): Min: 0.0, Avg: 2.2, Max: 11.7, Diff: 11.7, Sum: 17.5]
      [Update RS (ms): Min: 0.0, Avg: 1.8, Max: 3.9, Diff: 3.9, Sum: 14.4]
         [Processed Buffers: Min: 0, Avg: 6.5, Max: 20, Diff: 20, Sum: 52]
      [Scan RS (ms): Min: 0.0, Avg: 3.0, Max: 7.6, Diff: 7.6, Sum: 24.0]
      [Code Root Scanning (ms): Min: 0.0, Avg: 0.0, Max: 0.0, Diff: 0.0, Sum: 0.0]
      [Object Copy (ms): Min: 4.2, Avg: 8.3, Max: 15.6, Diff: 11.5, Sum: 66.1]
      [Termination (ms): Min: 0.0, Avg: 0.0, Max: 0.0, Diff: 0.0, Sum: 0.2]
         [Termination Attempts: Min: 1, Avg: 22.8, Max: 38, Diff: 37, Sum: 182]
      [GC Worker Other (ms): Min: 0.0, Avg: 0.0, Max: 0.0, Diff: 0.0, Sum: 0.2]
      [GC Worker Total (ms): Min: 7.4, Avg: 15.3, Max: 16.7, Diff: 9.3, Sum: 122.4]
      [GC Worker End (ms): Min: 82227683.7, Avg: 82227683.7, Max: 82227683.7, Diff: 0.0]
   [Code Root Fixup: 0.0 ms]
   [Code Root Purge: 0.0 ms]
   [Clear CT: 0.1 ms]
   [Other: 1.3 ms]
      [Choose CSet: 0.0 ms]
      [Ref Proc: 0.2 ms]
      [Ref Enq: 0.0 ms]
      [Redirty Cards: 0.1 ms]
      [Humongous Register: 0.2 ms]
      [Humongous Reclaim: 0.0 ms]
      [Free CSet: 0.1 ms]
   [Eden: 45.0M(45.0M)->0.0B(94.0M) Survivors: 6144.0K->7168.0K Heap: 303.4M(1024.0M)->259.2M(1024.0M)]
 [Times: user=0.08 sys=0.00, real=0.01 secs] 
2021-04-24T17:51:32.478+0800: 82254.486: [GC pause (G1 Evacuation Pause) (young), 0.0220896 secs]
   [Parallel Time: 20.5 ms, GC Workers: 8]
      [GC Worker Start (ms): Min: 82254486.0, Avg: 82254488.9, Max: 82254497.1, Diff: 11.1]
      [Ext Root Scanning (ms): Min: 0.0, Avg: 3.1, Max: 10.8, Diff: 10.8, Sum: 24.8]
      [Update RS (ms): Min: 0.0, Avg: 1.5, Max: 4.2, Diff: 4.2, Sum: 11.7]
         [Processed Buffers: Min: 0, Avg: 5.5, Max: 19, Diff: 19, Sum: 44]
      [Scan RS (ms): Min: 0.0, Avg: 3.0, Max: 5.8, Diff: 5.8, Sum: 23.8]
      [Code Root Scanning (ms): Min: 0.0, Avg: 0.0, Max: 0.0, Diff: 0.0, Sum: 0.0]
      [Object Copy (ms): Min: 9.3, Avg: 9.9, Max: 13.6, Diff: 4.4, Sum: 79.0]
      [Termination (ms): Min: 0.0, Avg: 0.1, Max: 0.2, Diff: 0.2, Sum: 0.9]
         [Termination Attempts: Min: 1, Avg: 18.2, Max: 39, Diff: 38, Sum: 146]
      [GC Worker Other (ms): Min: 0.0, Avg: 0.0, Max: 0.0, Diff: 0.0, Sum: 0.2]
      [GC Worker Total (ms): Min: 9.3, Avg: 17.5, Max: 20.4, Diff: 11.1, Sum: 140.4]
      [GC Worker End (ms): Min: 82254506.4, Avg: 82254506.4, Max: 82254506.5, Diff: 0.0]
   [Code Root Fixup: 0.0 ms]
   [Code Root Purge: 0.0 ms]
   [Clear CT: 0.1 ms]
   [Other: 1.4 ms]
      [Choose CSet: 0.0 ms]
      [Ref Proc: 0.3 ms]
      [Ref Enq: 0.0 ms]
      [Redirty Cards: 0.1 ms]
      [Humongous Register: 0.1 ms]
      [Humongous Reclaim: 0.0 ms]
      [Free CSet: 0.1 ms]
   [Eden: 53.0M(44.0M)->0.0B(72.0M) Survivors: 7168.0K->7168.0K Heap: 312.2M(1024.0M)->260.6M(1024.0M)]
 [Times: user=0.08 sys=0.01, real=0.03 secs] 
2021-04-24T17:52:08.953+0800: 82290.961: [GC pause (G1 Evacuation Pause) (young), 0.0197771 secs]
   [Parallel Time: 18.3 ms, GC Workers: 8]
      [GC Worker Start (ms): Min: 82290961.7, Avg: 82290961.9, Max: 82290962.2, Diff: 0.5]
      [Ext Root Scanning (ms): Min: 0.7, Avg: 5.2, Max: 14.4, Diff: 13.7, Sum: 41.8]
      [Update RS (ms): Min: 0.0, Avg: 3.0, Max: 6.6, Diff: 6.6, Sum: 23.7]
         [Processed Buffers: Min: 0, Avg: 6.6, Max: 20, Diff: 20, Sum: 53]
      [Scan RS (ms): Min: 0.1, Avg: 3.9, Max: 7.6, Diff: 7.5, Sum: 31.5]
      [Code Root Scanning (ms): Min: 0.0, Avg: 0.0, Max: 0.0, Diff: 0.0, Sum: 0.0]
      [Object Copy (ms): Min: 3.2, Avg: 5.9, Max: 15.4, Diff: 12.2, Sum: 46.9]
      [Termination (ms): Min: 0.0, Avg: 0.0, Max: 0.0, Diff: 0.0, Sum: 0.2]
         [Termination Attempts: Min: 1, Avg: 34.8, Max: 54, Diff: 53, Sum: 278]
      [GC Worker Other (ms): Min: 0.0, Avg: 0.0, Max: 0.0, Diff: 0.0, Sum: 0.2]
      [GC Worker Total (ms): Min: 17.7, Avg: 18.0, Max: 18.2, Diff: 0.5, Sum: 144.3]
      [GC Worker End (ms): Min: 82290979.9, Avg: 82290979.9, Max: 82290980.0, Diff: 0.0]
   [Code Root Fixup: 0.0 ms]
   [Code Root Purge: 0.0 ms]
   [Clear CT: 0.1 ms]
   [Other: 1.3 ms]
      [Choose CSet: 0.0 ms]
      [Ref Proc: 0.3 ms]
      [Ref Enq: 0.0 ms]
      [Redirty Cards: 0.1 ms]
      [Humongous Register: 0.2 ms]
      [Humongous Reclaim: 0.0 ms]
      [Free CSet: 0.1 ms]
   [Eden: 72.0M(72.0M)->0.0B(71.0M) Survivors: 7168.0K->7168.0K Heap: 332.6M(1024.0M)->260.1M(1024.0M)]
 [Times: user=0.08 sys=0.00, real=0.02 secs] 
2021-04-24T17:52:44.984+0800: 82326.994: [GC pause (G1 Evacuation Pause) (young), 0.0188262 secs]
   [Parallel Time: 17.5 ms, GC Workers: 8]
      [GC Worker Start (ms): Min: 82326994.4, Avg: 82326994.7, Max: 82326995.8, Diff: 1.4]
      [Ext Root Scanning (ms): Min: 0.0, Avg: 3.4, Max: 11.8, Diff: 11.8, Sum: 27.2]
      [Update RS (ms): Min: 0.0, Avg: 2.9, Max: 7.2, Diff: 7.2, Sum: 23.4]
         [Processed Buffers: Min: 0, Avg: 5.6, Max: 18, Diff: 18, Sum: 45]
      [Scan RS (ms): Min: 0.0, Avg: 3.2, Max: 6.1, Diff: 6.1, Sum: 25.7]
      [Code Root Scanning (ms): Min: 0.0, Avg: 0.0, Max: 0.0, Diff: 0.0, Sum: 0.0]
      [Object Copy (ms): Min: 5.2, Avg: 7.5, Max: 16.1, Diff: 10.9, Sum: 60.2]
      [Termination (ms): Min: 0.0, Avg: 0.0, Max: 0.0, Diff: 0.0, Sum: 0.1]
         [Termination Attempts: Min: 1, Avg: 15.5, Max: 22, Diff: 21, Sum: 124]
      [GC Worker Other (ms): Min: 0.0, Avg: 0.0, Max: 0.1, Diff: 0.0, Sum: 0.4]
      [GC Worker Total (ms): Min: 16.1, Avg: 17.1, Max: 17.4, Diff: 1.3, Sum: 136.9]
      [GC Worker End (ms): Min: 82327011.8, Avg: 82327011.8, Max: 82327011.9, Diff: 0.0]
   [Code Root Fixup: 0.0 ms]
   [Code Root Purge: 0.0 ms]
   [Clear CT: 0.1 ms]
   [Other: 1.2 ms]
      [Choose CSet: 0.0 ms]
      [Ref Proc: 0.2 ms]
      [Ref Enq: 0.0 ms]
      [Redirty Cards: 0.1 ms]
      [Humongous Register: 0.3 ms]
      [Humongous Reclaim: 0.0 ms]
      [Free CSet: 0.1 ms]
   [Eden: 71.0M(71.0M)->0.0B(68.0M) Survivors: 7168.0K->9216.0K Heap: 331.1M(1024.0M)->262.1M(1024.0M)]
 [Times: user=0.08 sys=0.00, real=0.02 secs] 
2021-04-24T17:53:19.357+0800: 82361.367: [GC pause (G1 Evacuation Pause) (young), 0.0247951 secs]
   [Parallel Time: 23.4 ms, GC Workers: 8]
      [GC Worker Start (ms): Min: 82361368.0, Avg: 82361368.4, Max: 82361369.0, Diff: 1.0]
      [Ext Root Scanning (ms): Min: 0.4, Avg: 4.6, Max: 8.7, Diff: 8.3, Sum: 36.5]
      [Update RS (ms): Min: 0.0, Avg: 1.8, Max: 4.0, Diff: 4.0, Sum: 14.1]
         [Processed Buffers: Min: 0, Avg: 5.8, Max: 16, Diff: 16, Sum: 46]
      [Scan RS (ms): Min: 0.6, Avg: 2.5, Max: 4.2, Diff: 3.6, Sum: 20.1]
      [Code Root Scanning (ms): Min: 0.0, Avg: 0.0, Max: 0.0, Diff: 0.0, Sum: 0.0]
      [Object Copy (ms): Min: 13.8, Avg: 13.9, Max: 14.1, Diff: 0.2, Sum: 111.6]
      [Termination (ms): Min: 0.0, Avg: 0.0, Max: 0.0, Diff: 0.0, Sum: 0.0]
         [Termination Attempts: Min: 1, Avg: 3.8, Max: 5, Diff: 4, Sum: 30]
      [GC Worker Other (ms): Min: 0.0, Avg: 0.0, Max: 0.0, Diff: 0.0, Sum: 0.2]
      [GC Worker Total (ms): Min: 22.2, Avg: 22.8, Max: 23.2, Diff: 1.0, Sum: 182.7]
      [GC Worker End (ms): Min: 82361391.2, Avg: 82361391.2, Max: 82361391.2, Diff: 0.0]
   [Code Root Fixup: 0.1 ms]
   [Code Root Purge: 0.0 ms]
   [Clear CT: 0.1 ms]
   [Other: 1.2 ms]
      [Choose CSet: 0.0 ms]
      [Ref Proc: 0.2 ms]
      [Ref Enq: 0.0 ms]
      [Redirty Cards: 0.1 ms]
      [Humongous Register: 0.2 ms]
      [Humongous Reclaim: 0.0 ms]
      [Free CSet: 0.1 ms]
   [Eden: 68.0M(68.0M)->0.0B(42.0M) Survivors: 9216.0K->9216.0K Heap: 330.1M(1024.0M)->263.8M(1024.0M)]
 [Times: user=0.09 sys=0.01, real=0.03 secs] 
2021-04-24T17:53:40.558+0800: 82382.569: [GC pause (G1 Evacuation Pause) (young), 0.0227046 secs]
   [Parallel Time: 21.0 ms, GC Workers: 8]
      [GC Worker Start (ms): Min: 82382569.8, Avg: 82382571.2, Max: 82382578.2, Diff: 8.4]
      [Ext Root Scanning (ms): Min: 0.0, Avg: 3.6, Max: 9.7, Diff: 9.6, Sum: 29.0]
      [Update RS (ms): Min: 0.0, Avg: 1.7, Max: 4.0, Diff: 4.0, Sum: 13.9]
         [Processed Buffers: Min: 0, Avg: 6.0, Max: 34, Diff: 34, Sum: 48]
      [Scan RS (ms): Min: 0.0, Avg: 2.2, Max: 4.1, Diff: 4.1, Sum: 17.7]
      [Code Root Scanning (ms): Min: 0.0, Avg: 0.0, Max: 0.0, Diff: 0.0, Sum: 0.0]
      [Object Copy (ms): Min: 10.6, Avg: 11.6, Max: 18.2, Diff: 7.6, Sum: 92.9]
      [Termination (ms): Min: 0.0, Avg: 0.3, Max: 0.4, Diff: 0.4, Sum: 2.4]
         [Termination Attempts: Min: 1, Avg: 2.6, Max: 4, Diff: 3, Sum: 21]
      [GC Worker Other (ms): Min: 0.0, Avg: 0.0, Max: 0.0, Diff: 0.0, Sum: 0.2]
      [GC Worker Total (ms): Min: 12.5, Avg: 19.5, Max: 20.9, Diff: 8.4, Sum: 156.1]
      [GC Worker End (ms): Min: 82382590.7, Avg: 82382590.7, Max: 82382590.7, Diff: 0.0]
   [Code Root Fixup: 0.0 ms]
   [Code Root Purge: 0.0 ms]
   [Clear CT: 0.1 ms]
   [Other: 1.5 ms]
      [Choose CSet: 0.0 ms]
      [Ref Proc: 0.2 ms]
      [Ref Enq: 0.0 ms]
      [Redirty Cards: 0.1 ms]
      [Humongous Register: 0.2 ms]
      [Humongous Reclaim: 0.0 ms]
      [Free CSet: 0.1 ms]
   [Eden: 42.0M(42.0M)->0.0B(51.0M) Survivors: 9216.0K->5120.0K Heap: 305.8M(1024.0M)->262.7M(1024.0M)]
 [Times: user=0.07 sys=0.02, real=0.03 secs] 
2021-04-24T17:54:06.444+0800: 82408.455: [GC pause (G1 Evacuation Pause) (young), 0.0182847 secs]
   [Parallel Time: 17.1 ms, GC Workers: 8]
      [GC Worker Start (ms): Min: 82408455.9, Avg: 82408456.1, Max: 82408456.4, Diff: 0.5]
      [Ext Root Scanning (ms): Min: 0.5, Avg: 4.5, Max: 10.8, Diff: 10.3, Sum: 36.1]
      [Update RS (ms): Min: 0.0, Avg: 2.8, Max: 6.1, Diff: 6.1, Sum: 22.4]
         [Processed Buffers: Min: 0, Avg: 6.1, Max: 22, Diff: 22, Sum: 49]
      [Scan RS (ms): Min: 0.0, Avg: 2.9, Max: 5.0, Diff: 4.9, Sum: 23.4]
      [Code Root Scanning (ms): Min: 0.0, Avg: 0.0, Max: 0.0, Diff: 0.0, Sum: 0.0]
      [Object Copy (ms): Min: 4.9, Avg: 6.6, Max: 15.9, Diff: 11.0, Sum: 52.6]
      [Termination (ms): Min: 0.0, Avg: 0.0, Max: 0.0, Diff: 0.0, Sum: 0.2]
         [Termination Attempts: Min: 1, Avg: 49.4, Max: 77, Diff: 76, Sum: 395]
      [GC Worker Other (ms): Min: 0.0, Avg: 0.0, Max: 0.0, Diff: 0.0, Sum: 0.2]
      [GC Worker Total (ms): Min: 16.5, Avg: 16.9, Max: 17.0, Diff: 0.5, Sum: 134.9]
      [GC Worker End (ms): Min: 82408472.9, Avg: 82408472.9, Max: 82408472.9, Diff: 0.0]
   [Code Root Fixup: 0.0 ms]
   [Code Root Purge: 0.0 ms]
   [Clear CT: 0.1 ms]
   [Other: 1.1 ms]
      [Choose CSet: 0.0 ms]
      [Ref Proc: 0.2 ms]
      [Ref Enq: 0.0 ms]
      [Redirty Cards: 0.1 ms]
      [Humongous Register: 0.3 ms]
      [Humongous Reclaim: 0.0 ms]
      [Free CSet: 0.1 ms]
   [Eden: 51.0M(51.0M)->0.0B(77.0M) Survivors: 5120.0K->6144.0K Heap: 313.7M(1024.0M)->263.5M(1024.0M)]
 [Times: user=0.08 sys=0.01, real=0.02 secs] 
2021-04-24T17:54:46.070+0800: 82448.082: [GC pause (G1 Evacuation Pause) (young), 0.0184952 secs]
   [Parallel Time: 17.3 ms, GC Workers: 8]
      [GC Worker Start (ms): Min: 82448082.8, Avg: 82448083.7, Max: 82448089.0, Diff: 6.2]
      [Ext Root Scanning (ms): Min: 0.0, Avg: 2.3, Max: 7.0, Diff: 7.0, Sum: 18.7]
      [Update RS (ms): Min: 0.0, Avg: 1.5, Max: 3.7, Diff: 3.7, Sum: 12.3]
         [Processed Buffers: Min: 0, Avg: 6.2, Max: 17, Diff: 17, Sum: 50]
      [Scan RS (ms): Min: 0.3, Avg: 4.5, Max: 8.1, Diff: 7.9, Sum: 36.3]
      [Code Root Scanning (ms): Min: 0.0, Avg: 0.0, Max: 0.0, Diff: 0.0, Sum: 0.0]
      [Object Copy (ms): Min: 4.2, Avg: 7.7, Max: 15.9, Diff: 11.7, Sum: 61.8]
      [Termination (ms): Min: 0.0, Avg: 0.1, Max: 0.1, Diff: 0.1, Sum: 0.5]
         [Termination Attempts: Min: 1, Avg: 83.4, Max: 124, Diff: 123, Sum: 667]
      [GC Worker Other (ms): Min: 0.0, Avg: 0.0, Max: 0.1, Diff: 0.1, Sum: 0.3]
      [GC Worker Total (ms): Min: 10.9, Avg: 16.2, Max: 17.1, Diff: 6.2, Sum: 129.9]
      [GC Worker End (ms): Min: 82448099.9, Avg: 82448099.9, Max: 82448100.0, Diff: 0.1]
   [Code Root Fixup: 0.0 ms]
   [Code Root Purge: 0.0 ms]
   [Clear CT: 0.1 ms]
   [Other: 1.1 ms]
      [Choose CSet: 0.0 ms]
      [Ref Proc: 0.2 ms]
      [Ref Enq: 0.0 ms]
      [Redirty Cards: 0.1 ms]
      [Humongous Register: 0.2 ms]
      [Humongous Reclaim: 0.0 ms]
      [Free CSet: 0.1 ms]
   [Eden: 77.0M(77.0M)->0.0B(94.0M) Survivors: 6144.0K->8192.0K Heap: 340.5M(1024.0M)->265.6M(1024.0M)]
 [Times: user=0.08 sys=0.01, real=0.03 secs] 
2021-04-24T17:55:34.525+0800: 82496.539: [GC pause (G1 Evacuation Pause) (young), 0.0162110 secs]
   [Parallel Time: 14.9 ms, GC Workers: 8]
      [GC Worker Start (ms): Min: 82496539.8, Avg: 82496541.1, Max: 82496548.7, Diff: 9.0]
      [Ext Root Scanning (ms): Min: 0.0, Avg: 2.2, Max: 9.0, Diff: 9.0, Sum: 17.9]
      [Update RS (ms): Min: 0.0, Avg: 1.8, Max: 4.8, Diff: 4.8, Sum: 14.6]
         [Processed Buffers: Min: 0, Avg: 6.0, Max: 35, Diff: 35, Sum: 48]
      [Scan RS (ms): Min: 0.0, Avg: 2.2, Max: 3.9, Diff: 3.8, Sum: 17.9]
      [Code Root Scanning (ms): Min: 0.0, Avg: 0.0, Max: 0.0, Diff: 0.0, Sum: 0.0]
      [Object Copy (ms): Min: 5.6, Avg: 7.1, Max: 13.8, Diff: 8.1, Sum: 57.1]
      [Termination (ms): Min: 0.0, Avg: 0.0, Max: 0.0, Diff: 0.0, Sum: 0.0]
         [Termination Attempts: Min: 1, Avg: 1.5, Max: 3, Diff: 2, Sum: 12]
      [GC Worker Other (ms): Min: 0.0, Avg: 0.0, Max: 0.1, Diff: 0.0, Sum: 0.3]
      [GC Worker Total (ms): Min: 5.8, Avg: 13.5, Max: 14.8, Diff: 9.0, Sum: 107.8]
      [GC Worker End (ms): Min: 82496554.5, Avg: 82496554.6, Max: 82496554.6, Diff: 0.0]
   [Code Root Fixup: 0.0 ms]
   [Code Root Purge: 0.0 ms]
   [Clear CT: 0.1 ms]
   [Other: 1.2 ms]
      [Choose CSet: 0.0 ms]
      [Ref Proc: 0.2 ms]
      [Ref Enq: 0.0 ms]
      [Redirty Cards: 0.1 ms]
      [Humongous Register: 0.3 ms]
      [Humongous Reclaim: 0.0 ms]
      [Free CSet: 0.1 ms]
   [Eden: 94.0M(94.0M)->0.0B(139.0M) Survivors: 8192.0K->9216.0K Heap: 359.6M(1024.0M)->266.7M(1024.0M)]
 [Times: user=0.07 sys=0.01, real=0.02 secs] 
2021-04-24T17:56:45.864+0800: 82567.880: [GC pause (G1 Evacuation Pause) (young), 0.0280933 secs]
   [Parallel Time: 26.4 ms, GC Workers: 8]
      [GC Worker Start (ms): Min: 82567880.3, Avg: 82567880.6, Max: 82567881.0, Diff: 0.7]
      [Ext Root Scanning (ms): Min: 0.6, Avg: 4.4, Max: 10.6, Diff: 10.0, Sum: 35.1]
      [Update RS (ms): Min: 0.0, Avg: 2.7, Max: 6.1, Diff: 6.1, Sum: 21.2]
         [Processed Buffers: Min: 0, Avg: 6.5, Max: 22, Diff: 22, Sum: 52]
      [Scan RS (ms): Min: 0.0, Avg: 2.5, Max: 4.8, Diff: 4.8, Sum: 20.2]
      [Code Root Scanning (ms): Min: 0.0, Avg: 0.0, Max: 0.0, Diff: 0.0, Sum: 0.0]
      [Object Copy (ms): Min: 14.4, Avg: 16.3, Max: 24.9, Diff: 10.5, Sum: 130.4]
      [Termination (ms): Min: 0.0, Avg: 0.1, Max: 0.1, Diff: 0.1, Sum: 0.5]
         [Termination Attempts: Min: 1, Avg: 4.9, Max: 9, Diff: 8, Sum: 39]
      [GC Worker Other (ms): Min: 0.0, Avg: 0.0, Max: 0.1, Diff: 0.0, Sum: 0.3]
      [GC Worker Total (ms): Min: 25.5, Avg: 26.0, Max: 26.2, Diff: 0.7, Sum: 207.8]
      [GC Worker End (ms): Min: 82567906.6, Avg: 82567906.6, Max: 82567906.6, Diff: 0.0]
   [Code Root Fixup: 0.0 ms]
   [Code Root Purge: 0.0 ms]
   [Clear CT: 0.2 ms]
   [Other: 1.5 ms]
      [Choose CSet: 0.0 ms]
      [Ref Proc: 0.3 ms]
      [Ref Enq: 0.0 ms]
      [Redirty Cards: 0.2 ms]
      [Humongous Register: 0.3 ms]
      [Humongous Reclaim: 0.0 ms]
      [Free CSet: 0.2 ms]
   [Eden: 139.0M(139.0M)->0.0B(57.0M) Survivors: 9216.0K->10.0M Heap: 405.7M(1024.0M)->268.2M(1024.0M)]
 [Times: user=0.09 sys=0.03, real=0.03 secs] 
2021-04-24T17:57:06.898+0800: 82588.914: [GC pause (G1 Evacuation Pause) (young), 0.0481238 secs]
   [Parallel Time: 47.3 ms, GC Workers: 8]
      [GC Worker Start (ms): Min: 82588914.7, Avg: 82588914.8, Max: 82588914.9, Diff: 0.2]
      [Ext Root Scanning (ms): Min: 0.9, Avg: 2.8, Max: 5.8, Diff: 4.9, Sum: 22.1]
      [Update RS (ms): Min: 0.0, Avg: 0.9, Max: 2.0, Diff: 2.0, Sum: 7.5]
         [Processed Buffers: Min: 0, Avg: 6.1, Max: 25, Diff: 25, Sum: 49]
      [Scan RS (ms): Min: 0.0, Avg: 1.3, Max: 2.5, Diff: 2.5, Sum: 10.8]
      [Code Root Scanning (ms): Min: 0.0, Avg: 0.0, Max: 0.0, Diff: 0.0, Sum: 0.0]
      [Object Copy (ms): Min: 41.4, Avg: 42.1, Max: 44.9, Diff: 3.5, Sum: 336.9]
      [Termination (ms): Min: 0.0, Avg: 0.0, Max: 0.0, Diff: 0.0, Sum: 0.0]
         [Termination Attempts: Min: 1, Avg: 5.6, Max: 12, Diff: 11, Sum: 45]
      [GC Worker Other (ms): Min: 0.0, Avg: 0.0, Max: 0.0, Diff: 0.0, Sum: 0.1]
      [GC Worker Total (ms): Min: 47.0, Avg: 47.2, Max: 47.3, Diff: 0.2, Sum: 377.5]
      [GC Worker End (ms): Min: 82588961.9, Avg: 82588961.9, Max: 82588962.0, Diff: 0.0]
   [Code Root Fixup: 0.0 ms]
   [Code Root Purge: 0.0 ms]
   [Clear CT: 0.1 ms]
   [Other: 0.7 ms]
      [Choose CSet: 0.0 ms]
      [Ref Proc: 0.2 ms]
      [Ref Enq: 0.0 ms]
      [Redirty Cards: 0.1 ms]
      [Humongous Register: 0.1 ms]
      [Humongous Reclaim: 0.0 ms]
      [Free CSet: 0.1 ms]
   [Eden: 41.0M(41.0M)->0.0B(44.0M) Survivors: 10.0M->7168.0K Heap: 309.2M(1024.0M)->268.5M(1024.0M)]
 [Times: user=0.06 sys=0.02, real=0.05 secs] 
2021-04-24T17:57:29.503+0800: 82611.496: [GC pause (G1 Evacuation Pause) (young), 0.0223812 secs]
   [Parallel Time: 20.0 ms, GC Workers: 8]
      [GC Worker Start (ms): Min: 82611496.1, Avg: 82611496.3, Max: 82611496.6, Diff: 0.4]
      [Ext Root Scanning (ms): Min: 0.6, Avg: 4.7, Max: 11.9, Diff: 11.3, Sum: 37.4]
      [Update RS (ms): Min: 0.0, Avg: 2.2, Max: 4.8, Diff: 4.8, Sum: 17.7]
         [Processed Buffers: Min: 0, Avg: 6.5, Max: 37, Diff: 37, Sum: 52]
      [Scan RS (ms): Min: 0.0, Avg: 3.3, Max: 6.0, Diff: 6.0, Sum: 26.7]
      [Code Root Scanning (ms): Min: 0.0, Avg: 0.0, Max: 0.0, Diff: 0.0, Sum: 0.0]
      [Object Copy (ms): Min: 7.4, Avg: 9.1, Max: 17.4, Diff: 9.9, Sum: 72.6]
      [Termination (ms): Min: 0.0, Avg: 0.4, Max: 0.5, Diff: 0.5, Sum: 3.2]
         [Termination Attempts: Min: 1, Avg: 6.9, Max: 11, Diff: 10, Sum: 55]
      [GC Worker Other (ms): Min: 0.0, Avg: 0.0, Max: 0.1, Diff: 0.1, Sum: 0.3]
      [GC Worker Total (ms): Min: 19.4, Avg: 19.7, Max: 19.9, Diff: 0.4, Sum: 157.9]
      [GC Worker End (ms): Min: 82611516.0, Avg: 82611516.0, Max: 82611516.1, Diff: 0.1]
   [Code Root Fixup: 0.0 ms]
   [Code Root Purge: 0.0 ms]
   [Clear CT: 0.1 ms]
   [Other: 2.2 ms]
      [Choose CSet: 0.0 ms]
      [Ref Proc: 0.8 ms]
      [Ref Enq: 0.0 ms]
      [Redirty Cards: 0.1 ms]
      [Humongous Register: 0.2 ms]
      [Humongous Reclaim: 0.0 ms]
      [Free CSet: 0.1 ms]
   [Eden: 44.0M(44.0M)->0.0B(44.0M) Survivors: 7168.0K->7168.0K Heap: 312.5M(1024.0M)->273.4M(1024.0M)]
 [Times: user=0.09 sys=0.01, real=0.02 secs] 
2021-04-24T17:57:52.212+0800: 82634.198: [GC pause (G1 Evacuation Pause) (young), 0.0227745 secs]
   [Parallel Time: 20.7 ms, GC Workers: 8]
      [GC Worker Start (ms): Min: 82634198.3, Avg: 82634198.4, Max: 82634198.8, Diff: 0.5]
      [Ext Root Scanning (ms): Min: 1.0, Avg: 3.6, Max: 10.2, Diff: 9.2, Sum: 28.4]
      [Update RS (ms): Min: 0.0, Avg: 2.2, Max: 4.7, Diff: 4.7, Sum: 17.3]
         [Processed Buffers: Min: 0, Avg: 6.1, Max: 20, Diff: 20, Sum: 49]
      [Scan RS (ms): Min: 0.0, Avg: 2.0, Max: 4.0, Diff: 4.0, Sum: 16.0]
      [Code Root Scanning (ms): Min: 0.0, Avg: 0.0, Max: 0.0, Diff: 0.0, Sum: 0.0]
      [Object Copy (ms): Min: 9.9, Avg: 12.3, Max: 18.7, Diff: 8.8, Sum: 98.3]
      [Termination (ms): Min: 0.0, Avg: 0.3, Max: 0.4, Diff: 0.4, Sum: 2.6]
         [Termination Attempts: Min: 1, Avg: 1.5, Max: 2, Diff: 1, Sum: 12]
      [GC Worker Other (ms): Min: 0.0, Avg: 0.0, Max: 0.1, Diff: 0.0, Sum: 0.3]
      [GC Worker Total (ms): Min: 20.0, Avg: 20.4, Max: 20.5, Diff: 0.5, Sum: 163.0]
      [GC Worker End (ms): Min: 82634218.8, Avg: 82634218.8, Max: 82634218.8, Diff: 0.0]
   [Code Root Fixup: 0.0 ms]
   [Code Root Purge: 0.0 ms]
   [Clear CT: 0.2 ms]
   [Other: 1.9 ms]
      [Choose CSet: 0.0 ms]
      [Ref Proc: 0.3 ms]
      [Ref Enq: 0.0 ms]
      [Redirty Cards: 0.2 ms]
      [Humongous Register: 0.3 ms]
      [Humongous Reclaim: 0.0 ms]
      [Free CSet: 0.1 ms]
   [Eden: 44.0M(44.0M)->0.0B(45.0M) Survivors: 7168.0K->6144.0K Heap: 317.4M(1024.0M)->274.4M(1024.0M)]
 [Times: user=0.08 sys=0.01, real=0.02 secs] 
2021-04-24T17:58:15.248+0800: 82657.233: [GC pause (G1 Evacuation Pause) (young), 0.0166926 secs]
   [Parallel Time: 15.3 ms, GC Workers: 8]
      [GC Worker Start (ms): Min: 82657233.2, Avg: 82657237.3, Max: 82657247.8, Diff: 14.6]
      [Ext Root Scanning (ms): Min: 0.0, Avg: 0.7, Max: 1.7, Diff: 1.7, Sum: 5.5]
      [Update RS (ms): Min: 0.0, Avg: 1.7, Max: 3.5, Diff: 3.5, Sum: 13.3]
         [Processed Buffers: Min: 0, Avg: 5.8, Max: 22, Diff: 22, Sum: 46]
      [Scan RS (ms): Min: 0.0, Avg: 1.9, Max: 5.6, Diff: 5.6, Sum: 15.4]
      [Code Root Scanning (ms): Min: 0.0, Avg: 0.0, Max: 0.0, Diff: 0.0, Sum: 0.0]
      [Object Copy (ms): Min: 0.5, Avg: 6.7, Max: 14.0, Diff: 13.4, Sum: 53.8]
      [Termination (ms): Min: 0.0, Avg: 0.0, Max: 0.0, Diff: 0.0, Sum: 0.1]
         [Termination Attempts: Min: 1, Avg: 26.0, Max: 44, Diff: 43, Sum: 208]
      [GC Worker Other (ms): Min: 0.0, Avg: 0.0, Max: 0.1, Diff: 0.0, Sum: 0.3]
      [GC Worker Total (ms): Min: 0.6, Avg: 11.1, Max: 15.3, Diff: 14.6, Sum: 88.6]
      [GC Worker End (ms): Min: 82657248.4, Avg: 82657248.4, Max: 82657248.4, Diff: 0.0]
   [Code Root Fixup: 0.0 ms]
   [Code Root Purge: 0.0 ms]
   [Clear CT: 0.1 ms]
   [Other: 1.2 ms]
      [Choose CSet: 0.0 ms]
      [Ref Proc: 0.3 ms]
      [Ref Enq: 0.0 ms]
      [Redirty Cards: 0.1 ms]
      [Humongous Register: 0.1 ms]
      [Humongous Reclaim: 0.0 ms]
      [Free CSet: 0.1 ms]
   [Eden: 45.0M(45.0M)->0.0B(45.0M) Survivors: 6144.0K->6144.0K Heap: 319.4M(1024.0M)->274.3M(1024.0M)]
 [Times: user=0.06 sys=0.00, real=0.02 secs] 
2021-04-24T17:58:38.531+0800: 82680.516: [GC pause (G1 Evacuation Pause) (young), 0.0153547 secs]
   [Parallel Time: 13.9 ms, GC Workers: 8]
      [GC Worker Start (ms): Min: 82680516.2, Avg: 82680517.2, Max: 82680523.0, Diff: 6.8]
      [Ext Root Scanning (ms): Min: 0.0, Avg: 2.6, Max: 9.0, Diff: 9.0, Sum: 20.8]
      [Update RS (ms): Min: 0.0, Avg: 1.7, Max: 4.0, Diff: 4.0, Sum: 14.0]
         [Processed Buffers: Min: 0, Avg: 5.6, Max: 17, Diff: 17, Sum: 45]
      [Scan RS (ms): Min: 0.0, Avg: 1.9, Max: 4.4, Diff: 4.4, Sum: 15.4]
      [Code Root Scanning (ms): Min: 0.0, Avg: 0.0, Max: 0.0, Diff: 0.0, Sum: 0.0]
      [Object Copy (ms): Min: 4.4, Avg: 6.5, Max: 12.8, Diff: 8.4, Sum: 51.8]
      [Termination (ms): Min: 0.0, Avg: 0.0, Max: 0.0, Diff: 0.0, Sum: 0.1]
         [Termination Attempts: Min: 1, Avg: 13.4, Max: 21, Diff: 20, Sum: 107]
      [GC Worker Other (ms): Min: 0.0, Avg: 0.0, Max: 0.1, Diff: 0.1, Sum: 0.3]
      [GC Worker Total (ms): Min: 7.1, Avg: 12.8, Max: 13.8, Diff: 6.7, Sum: 102.3]
      [GC Worker End (ms): Min: 82680530.0, Avg: 82680530.0, Max: 82680530.0, Diff: 0.0]
   [Code Root Fixup: 0.0 ms]
   [Code Root Purge: 0.0 ms]
   [Clear CT: 0.1 ms]
   [Other: 1.4 ms]
      [Choose CSet: 0.0 ms]
      [Ref Proc: 0.3 ms]
      [Ref Enq: 0.0 ms]
      [Redirty Cards: 0.1 ms]
      [Humongous Register: 0.2 ms]
      [Humongous Reclaim: 0.0 ms]
      [Free CSet: 0.1 ms]
   [Eden: 45.0M(45.0M)->0.0B(66.0M) Survivors: 6144.0K->6144.0K Heap: 319.3M(1024.0M)->274.2M(1024.0M)]
 [Times: user=0.07 sys=0.00, real=0.01 secs] 
2021-04-24T17:59:13.364+0800: 82714.300: [GC pause (G1 Evacuation Pause) (young), 0.0191206 secs]
   [Parallel Time: 17.5 ms, GC Workers: 8]
      [GC Worker Start (ms): Min: 82714300.7, Avg: 82714300.8, Max: 82714301.1, Diff: 0.4]
      [Ext Root Scanning (ms): Min: 0.9, Avg: 4.6, Max: 13.7, Diff: 12.8, Sum: 37.2]
      [Update RS (ms): Min: 0.0, Avg: 2.6, Max: 6.3, Diff: 6.3, Sum: 20.7]
         [Processed Buffers: Min: 0, Avg: 5.6, Max: 17, Diff: 17, Sum: 45]
      [Scan RS (ms): Min: 0.0, Avg: 1.6, Max: 4.3, Diff: 4.3, Sum: 12.8]
      [Code Root Scanning (ms): Min: 0.0, Avg: 0.0, Max: 0.0, Diff: 0.0, Sum: 0.0]
      [Object Copy (ms): Min: 3.5, Avg: 8.3, Max: 16.1, Diff: 12.5, Sum: 66.7]
      [Termination (ms): Min: 0.0, Avg: 0.0, Max: 0.0, Diff: 0.0, Sum: 0.2]
         [Termination Attempts: Min: 1, Avg: 41.4, Max: 68, Diff: 67, Sum: 331]
      [GC Worker Other (ms): Min: 0.0, Avg: 0.0, Max: 0.1, Diff: 0.1, Sum: 0.4]
      [GC Worker Total (ms): Min: 17.0, Avg: 17.2, Max: 17.4, Diff: 0.4, Sum: 138.0]
      [GC Worker End (ms): Min: 82714318.0, Avg: 82714318.1, Max: 82714318.1, Diff: 0.0]
   [Code Root Fixup: 0.0 ms]
   [Code Root Purge: 0.0 ms]
   [Clear CT: 0.1 ms]
   [Other: 1.5 ms]
      [Choose CSet: 0.0 ms]
      [Ref Proc: 0.3 ms]
      [Ref Enq: 0.0 ms]
      [Redirty Cards: 0.1 ms]
      [Humongous Register: 0.3 ms]
      [Humongous Reclaim: 0.0 ms]
      [Free CSet: 0.1 ms]
   [Eden: 66.0M(66.0M)->0.0B(82.0M) Survivors: 6144.0K->6144.0K Heap: 340.2M(1024.0M)->274.5M(1024.0M)]
 [Times: user=0.08 sys=0.01, real=0.02 secs] 
2021-04-24T18:25:30.669+0800: 82841.516: [GC pause (G1 Evacuation Pause) (young), 0.0337035 secs]
   [Parallel Time: 27.9 ms, GC Workers: 8]
      [GC Worker Start (ms): Min: 82841520.7, Avg: 82841521.1, Max: 82841521.5, Diff: 0.8]
      [Ext Root Scanning (ms): Min: 3.0, Avg: 4.1, Max: 9.4, Diff: 6.3, Sum: 33.0]
      [Update RS (ms): Min: 5.6, Avg: 7.5, Max: 10.2, Diff: 4.6, Sum: 60.0]
         [Processed Buffers: Min: 1, Avg: 6.2, Max: 13, Diff: 12, Sum: 50]
      [Scan RS (ms): Min: 0.0, Avg: 1.1, Max: 2.0, Diff: 2.0, Sum: 9.2]
      [Code Root Scanning (ms): Min: 0.0, Avg: 0.0, Max: 0.0, Diff: 0.0, Sum: 0.0]
      [Object Copy (ms): Min: 12.0, Avg: 13.8, Max: 17.0, Diff: 5.0, Sum: 110.3]
      [Termination (ms): Min: 0.0, Avg: 0.0, Max: 0.0, Diff: 0.0, Sum: 0.1]
         [Termination Attempts: Min: 1, Avg: 10.8, Max: 20, Diff: 19, Sum: 86]
      [GC Worker Other (ms): Min: 0.0, Avg: 0.1, Max: 0.3, Diff: 0.2, Sum: 0.8]
      [GC Worker Total (ms): Min: 26.3, Avg: 26.7, Max: 27.0, Diff: 0.7, Sum: 213.3]
      [GC Worker End (ms): Min: 82841547.7, Avg: 82841547.7, Max: 82841547.8, Diff: 0.1]
   [Code Root Fixup: 0.0 ms]
   [Code Root Purge: 0.0 ms]
   [Clear CT: 0.2 ms]
   [Other: 5.6 ms]
      [Choose CSet: 0.0 ms]
      [Ref Proc: 0.5 ms]
      [Ref Enq: 0.0 ms]
      [Redirty Cards: 0.1 ms]
      [Humongous Register: 2.4 ms]
      [Humongous Reclaim: 0.0 ms]
      [Free CSet: 0.4 ms]
   [Eden: 82.0M(82.0M)->0.0B(42.0M) Survivors: 6144.0K->9216.0K Heap: 356.5M(1024.0M)->277.0M(1024.0M)]
 [Times: user=0.08 sys=0.05, real=0.04 secs] 
2021-04-24T18:26:34.815+0800: 82905.664: [GC pause (G1 Evacuation Pause) (young), 0.0398889 secs]
   [Parallel Time: 38.8 ms, GC Workers: 8]
      [GC Worker Start (ms): Min: 82905664.1, Avg: 82905664.4, Max: 82905665.1, Diff: 1.1]
      [Ext Root Scanning (ms): Min: 0.0, Avg: 2.2, Max: 6.5, Diff: 6.5, Sum: 17.5]
      [Update RS (ms): Min: 0.0, Avg: 1.5, Max: 3.3, Diff: 3.3, Sum: 11.8]
         [Processed Buffers: Min: 0, Avg: 6.1, Max: 18, Diff: 18, Sum: 49]
      [Scan RS (ms): Min: 0.0, Avg: 1.4, Max: 3.6, Diff: 3.5, Sum: 11.6]
      [Code Root Scanning (ms): Min: 0.0, Avg: 0.0, Max: 0.0, Diff: 0.0, Sum: 0.0]
      [Object Copy (ms): Min: 31.0, Avg: 33.3, Max: 37.6, Diff: 6.6, Sum: 266.0]
      [Termination (ms): Min: 0.0, Avg: 0.0, Max: 0.0, Diff: 0.0, Sum: 0.0]
         [Termination Attempts: Min: 1, Avg: 1.2, Max: 2, Diff: 1, Sum: 10]
      [GC Worker Other (ms): Min: 0.0, Avg: 0.0, Max: 0.1, Diff: 0.0, Sum: 0.4]
      [GC Worker Total (ms): Min: 37.7, Avg: 38.4, Max: 38.7, Diff: 1.0, Sum: 307.3]
      [GC Worker End (ms): Min: 82905702.8, Avg: 82905702.8, Max: 82905702.8, Diff: 0.0]
   [Code Root Fixup: 0.0 ms]
   [Code Root Purge: 0.0 ms]
   [Clear CT: 0.1 ms]
   [Other: 1.0 ms]
      [Choose CSet: 0.0 ms]
      [Ref Proc: 0.2 ms]
      [Ref Enq: 0.0 ms]
      [Redirty Cards: 0.1 ms]
      [Humongous Register: 0.1 ms]
      [Humongous Reclaim: 0.0 ms]
      [Free CSet: 0.1 ms]
   [Eden: 42.0M(42.0M)->0.0B(44.0M) Survivors: 9216.0K->7168.0K Heap: 319.0M(1024.0M)->278.9M(1024.0M)]
 [Times: user=0.10 sys=0.03, real=0.04 secs] 
2021-04-24T18:26:56.837+0800: 82927.685: [GC pause (G1 Evacuation Pause) (young), 0.0293320 secs]
   [Parallel Time: 27.7 ms, GC Workers: 8]
      [GC Worker Start (ms): Min: 82927685.9, Avg: 82927686.1, Max: 82927686.5, Diff: 0.5]
      [Ext Root Scanning (ms): Min: 0.7, Avg: 3.4, Max: 9.1, Diff: 8.4, Sum: 26.9]
      [Update RS (ms): Min: 0.0, Avg: 2.8, Max: 7.1, Diff: 7.1, Sum: 22.6]
         [Processed Buffers: Min: 0, Avg: 6.4, Max: 17, Diff: 17, Sum: 51]
      [Scan RS (ms): Min: 0.0, Avg: 2.4, Max: 4.6, Diff: 4.6, Sum: 19.5]
      [Code Root Scanning (ms): Min: 0.0, Avg: 0.0, Max: 0.0, Diff: 0.0, Sum: 0.0]
      [Object Copy (ms): Min: 18.4, Avg: 18.7, Max: 20.0, Diff: 1.7, Sum: 149.9]
      [Termination (ms): Min: 0.0, Avg: 0.0, Max: 0.0, Diff: 0.0, Sum: 0.0]
         [Termination Attempts: Min: 1, Avg: 1.0, Max: 1, Diff: 0, Sum: 8]
      [GC Worker Other (ms): Min: 0.0, Avg: 0.0, Max: 0.1, Diff: 0.0, Sum: 0.3]
      [GC Worker Total (ms): Min: 27.1, Avg: 27.4, Max: 27.6, Diff: 0.5, Sum: 219.1]
      [GC Worker End (ms): Min: 82927713.5, Avg: 82927713.5, Max: 82927713.6, Diff: 0.0]
   [Code Root Fixup: 0.0 ms]
   [Code Root Purge: 0.0 ms]
   [Clear CT: 0.1 ms]
   [Other: 1.5 ms]
      [Choose CSet: 0.0 ms]
      [Ref Proc: 0.3 ms]
      [Ref Enq: 0.0 ms]
      [Redirty Cards: 0.1 ms]
      [Humongous Register: 0.3 ms]
      [Humongous Reclaim: 0.0 ms]
      [Free CSet: 0.1 ms]
   [Eden: 44.0M(44.0M)->0.0B(46.0M) Survivors: 7168.0K->5120.0K Heap: 322.9M(1024.0M)->284.1M(1024.0M)]
 [Times: user=0.10 sys=0.03, real=0.03 secs] 
2021-04-24T18:27:20.027+0800: 82950.876: [GC pause (G1 Evacuation Pause) (young), 0.0191943 secs]
   [Parallel Time: 17.7 ms, GC Workers: 8]
      [GC Worker Start (ms): Min: 82950876.4, Avg: 82950878.0, Max: 82950886.3, Diff: 9.9]
      [Ext Root Scanning (ms): Min: 0.0, Avg: 5.5, Max: 16.2, Diff: 16.2, Sum: 43.8]
      [Update RS (ms): Min: 0.0, Avg: 3.3, Max: 11.0, Diff: 11.0, Sum: 26.5]
         [Processed Buffers: Min: 0, Avg: 5.6, Max: 23, Diff: 23, Sum: 45]
      [Scan RS (ms): Min: 0.0, Avg: 2.2, Max: 4.7, Diff: 4.7, Sum: 17.4]
      [Code Root Scanning (ms): Min: 0.0, Avg: 0.0, Max: 0.0, Diff: 0.0, Sum: 0.0]
      [Object Copy (ms): Min: 1.3, Avg: 5.0, Max: 6.7, Diff: 5.3, Sum: 39.9]
      [Termination (ms): Min: 0.0, Avg: 0.1, Max: 0.1, Diff: 0.0, Sum: 0.5]
         [Termination Attempts: Min: 2, Avg: 53.5, Max: 98, Diff: 96, Sum: 428]
      [GC Worker Other (ms): Min: 0.0, Avg: 0.0, Max: 0.0, Diff: 0.0, Sum: 0.2]
      [GC Worker Total (ms): Min: 7.8, Avg: 16.0, Max: 17.6, Diff: 9.9, Sum: 128.2]
      [GC Worker End (ms): Min: 82950894.0, Avg: 82950894.1, Max: 82950894.1, Diff: 0.0]
   [Code Root Fixup: 0.0 ms]
   [Code Root Purge: 0.0 ms]
   [Clear CT: 0.1 ms]
   [Other: 1.4 ms]
      [Choose CSet: 0.0 ms]
      [Ref Proc: 0.4 ms]
      [Ref Enq: 0.0 ms]
      [Redirty Cards: 0.0 ms]
      [Humongous Register: 0.2 ms]
      [Humongous Reclaim: 0.0 ms]
      [Free CSet: 0.1 ms]
   [Eden: 46.0M(46.0M)->0.0B(44.0M) Survivors: 5120.0K->7168.0K Heap: 330.1M(1024.0M)->286.4M(1024.0M)]
 [Times: user=0.06 sys=0.00, real=0.04 secs] 
2021-04-24T18:27:42.053+0800: 82972.902: [GC pause (G1 Evacuation Pause) (young), 0.0209355 secs]
   [Parallel Time: 18.4 ms, GC Workers: 8]
      [GC Worker Start (ms): Min: 82972903.3, Avg: 82972903.7, Max: 82972904.2, Diff: 0.9]
      [Ext Root Scanning (ms): Min: 1.0, Avg: 4.6, Max: 7.7, Diff: 6.7, Sum: 36.7]
      [Update RS (ms): Min: 0.0, Avg: 1.5, Max: 3.9, Diff: 3.9, Sum: 12.1]
         [Processed Buffers: Min: 0, Avg: 5.4, Max: 13, Diff: 13, Sum: 43]
      [Scan RS (ms): Min: 0.0, Avg: 1.2, Max: 2.5, Diff: 2.5, Sum: 9.6]
      [Code Root Scanning (ms): Min: 0.0, Avg: 0.0, Max: 0.0, Diff: 0.0, Sum: 0.0]
      [Object Copy (ms): Min: 10.2, Avg: 10.5, Max: 10.8, Diff: 0.6, Sum: 84.1]
      [Termination (ms): Min: 0.0, Avg: 0.0, Max: 0.0, Diff: 0.0, Sum: 0.0]
         [Termination Attempts: Min: 1, Avg: 4.9, Max: 8, Diff: 7, Sum: 39]
      [GC Worker Other (ms): Min: 0.0, Avg: 0.1, Max: 0.1, Diff: 0.1, Sum: 0.5]
      [GC Worker Total (ms): Min: 17.3, Avg: 17.9, Max: 18.2, Diff: 0.9, Sum: 143.0]
      [GC Worker End (ms): Min: 82972921.5, Avg: 82972921.5, Max: 82972921.6, Diff: 0.1]
   [Code Root Fixup: 0.0 ms]
   [Code Root Purge: 0.0 ms]
   [Clear CT: 0.2 ms]
   [Other: 2.3 ms]
      [Choose CSet: 0.0 ms]
      [Ref Proc: 0.3 ms]
      [Ref Enq: 0.0 ms]
      [Redirty Cards: 0.2 ms]
      [Humongous Register: 0.8 ms]
      [Humongous Reclaim: 0.0 ms]
      [Free CSet: 0.2 ms]
   [Eden: 44.0M(44.0M)->0.0B(46.0M) Survivors: 7168.0K->5120.0K Heap: 330.4M(1024.0M)->286.2M(1024.0M)]
 [Times: user=0.06 sys=0.02, real=0.02 secs] 
2021-04-24T18:28:05.276+0800: 82996.126: [GC pause (G1 Evacuation Pause) (young), 0.0165358 secs]
   [Parallel Time: 15.4 ms, GC Workers: 8]
      [GC Worker Start (ms): Min: 82996126.6, Avg: 82996127.6, Max: 82996132.9, Diff: 6.3]
      [Ext Root Scanning (ms): Min: 0.0, Avg: 4.7, Max: 14.8, Diff: 14.8, Sum: 37.8]
      [Update RS (ms): Min: 0.0, Avg: 1.7, Max: 4.4, Diff: 4.4, Sum: 13.9]
         [Processed Buffers: Min: 0, Avg: 5.2, Max: 15, Diff: 15, Sum: 42]
      [Scan RS (ms): Min: 0.0, Avg: 2.0, Max: 5.2, Diff: 5.2, Sum: 15.7]
      [Code Root Scanning (ms): Min: 0.0, Avg: 0.0, Max: 0.0, Diff: 0.0, Sum: 0.0]
      [Object Copy (ms): Min: 0.4, Avg: 5.4, Max: 7.0, Diff: 6.6, Sum: 43.1]
      [Termination (ms): Min: 0.0, Avg: 0.4, Max: 0.6, Diff: 0.6, Sum: 3.5]
         [Termination Attempts: Min: 1, Avg: 45.8, Max: 84, Diff: 83, Sum: 366]
      [GC Worker Other (ms): Min: 0.0, Avg: 0.0, Max: 0.0, Diff: 0.0, Sum: 0.2]
      [GC Worker Total (ms): Min: 8.9, Avg: 14.3, Max: 15.2, Diff: 6.3, Sum: 114.2]
      [GC Worker End (ms): Min: 82996141.9, Avg: 82996141.9, Max: 82996141.9, Diff: 0.0]
   [Code Root Fixup: 0.0 ms]
   [Code Root Purge: 0.0 ms]
   [Clear CT: 0.1 ms]
   [Other: 1.1 ms]
      [Choose CSet: 0.0 ms]
      [Ref Proc: 0.2 ms]
      [Ref Enq: 0.0 ms]
      [Redirty Cards: 0.1 ms]
      [Humongous Register: 0.2 ms]
      [Humongous Reclaim: 0.0 ms]
      [Free CSet: 0.1 ms]
   [Eden: 46.0M(46.0M)->0.0B(46.0M) Survivors: 5120.0K->5120.0K Heap: 332.2M(1024.0M)->286.6M(1024.0M)]
 [Times: user=0.07 sys=0.01, real=0.02 secs] 
2021-04-24T18:28:28.305+0800: 83019.156: [GC pause (G1 Evacuation Pause) (young), 0.0215134 secs]
   [Parallel Time: 18.4 ms, GC Workers: 8]
      [GC Worker Start (ms): Min: 83019156.1, Avg: 83019158.3, Max: 83019166.0, Diff: 9.9]
      [Ext Root Scanning (ms): Min: 0.0, Avg: 2.0, Max: 9.3, Diff: 9.3, Sum: 16.4]
      [Update RS (ms): Min: 0.0, Avg: 2.0, Max: 5.6, Diff: 5.6, Sum: 15.8]
         [Processed Buffers: Min: 0, Avg: 5.8, Max: 19, Diff: 19, Sum: 46]
      [Scan RS (ms): Min: 0.0, Avg: 1.8, Max: 3.1, Diff: 3.1, Sum: 14.6]
      [Code Root Scanning (ms): Min: 0.0, Avg: 0.0, Max: 0.0, Diff: 0.0, Sum: 0.0]
      [Object Copy (ms): Min: 7.1, Avg: 9.2, Max: 14.8, Diff: 7.7, Sum: 73.6]
      [Termination (ms): Min: 0.0, Avg: 1.0, Max: 1.3, Diff: 1.3, Sum: 8.0]
         [Termination Attempts: Min: 1, Avg: 1.5, Max: 3, Diff: 2, Sum: 12]
      [GC Worker Other (ms): Min: 0.0, Avg: 0.0, Max: 0.1, Diff: 0.0, Sum: 0.3]
      [GC Worker Total (ms): Min: 8.3, Avg: 16.1, Max: 18.3, Diff: 9.9, Sum: 128.7]
      [GC Worker End (ms): Min: 83019174.4, Avg: 83019174.4, Max: 83019174.4, Diff: 0.0]
   [Code Root Fixup: 0.0 ms]
   [Code Root Purge: 0.0 ms]
   [Clear CT: 0.2 ms]
   [Other: 2.9 ms]
      [Choose CSet: 0.0 ms]
      [Ref Proc: 1.0 ms]
      [Ref Enq: 0.0 ms]
      [Redirty Cards: 0.2 ms]
      [Humongous Register: 0.2 ms]
      [Humongous Reclaim: 0.0 ms]
      [Free CSet: 0.1 ms]
   [Eden: 46.0M(46.0M)->0.0B(44.0M) Survivors: 5120.0K->7168.0K Heap: 332.6M(1024.0M)->288.9M(1024.0M)]
 [Times: user=0.06 sys=0.01, real=0.02 secs] 
2021-04-24T18:28:50.586+0800: 83041.437: [GC pause (G1 Evacuation Pause) (young), 0.0171570 secs]
   [Parallel Time: 15.8 ms, GC Workers: 8]
      [GC Worker Start (ms): Min: 83041437.1, Avg: 83041438.0, Max: 83041443.0, Diff: 5.8]
      [Ext Root Scanning (ms): Min: 0.0, Avg: 4.1, Max: 13.6, Diff: 13.5, Sum: 33.0]
      [Update RS (ms): Min: 0.0, Avg: 1.5, Max: 3.4, Diff: 3.4, Sum: 11.7]
         [Processed Buffers: Min: 0, Avg: 5.5, Max: 19, Diff: 19, Sum: 44]
      [Scan RS (ms): Min: 0.0, Avg: 1.5, Max: 4.6, Diff: 4.6, Sum: 12.2]
      [Code Root Scanning (ms): Min: 0.0, Avg: 0.0, Max: 0.0, Diff: 0.0, Sum: 0.0]
      [Object Copy (ms): Min: 1.7, Avg: 7.3, Max: 14.1, Diff: 12.4, Sum: 58.7]
      [Termination (ms): Min: 0.0, Avg: 0.3, Max: 0.4, Diff: 0.4, Sum: 2.6]
         [Termination Attempts: Min: 1, Avg: 1.8, Max: 3, Diff: 2, Sum: 14]
      [GC Worker Other (ms): Min: 0.0, Avg: 0.0, Max: 0.0, Diff: 0.0, Sum: 0.2]
      [GC Worker Total (ms): Min: 9.9, Avg: 14.8, Max: 15.7, Diff: 5.8, Sum: 118.5]
      [GC Worker End (ms): Min: 83041452.8, Avg: 83041452.9, Max: 83041452.9, Diff: 0.0]
   [Code Root Fixup: 0.0 ms]
   [Code Root Purge: 0.0 ms]
   [Clear CT: 0.1 ms]
   [Other: 1.2 ms]
      [Choose CSet: 0.0 ms]
      [Ref Proc: 0.2 ms]
      [Ref Enq: 0.0 ms]
      [Redirty Cards: 0.1 ms]
      [Humongous Register: 0.3 ms]
      [Humongous Reclaim: 0.0 ms]
      [Free CSet: 0.1 ms]
   [Eden: 44.0M(44.0M)->0.0B(50.0M) Survivors: 7168.0K->7168.0K Heap: 332.9M(1024.0M)->288.9M(1024.0M)]
 [Times: user=0.07 sys=0.01, real=0.02 secs] 
2021-04-24T18:29:15.973+0800: 83066.824: [GC pause (G1 Evacuation Pause) (young), 0.0250220 secs]
   [Parallel Time: 23.6 ms, GC Workers: 8]
      [GC Worker Start (ms): Min: 83066824.3, Avg: 83066825.4, Max: 83066831.5, Diff: 7.2]
      [Ext Root Scanning (ms): Min: 0.0, Avg: 2.7, Max: 7.8, Diff: 7.8, Sum: 21.3]
      [Update RS (ms): Min: 0.0, Avg: 2.0, Max: 4.8, Diff: 4.8, Sum: 16.4]
         [Processed Buffers: Min: 0, Avg: 5.6, Max: 16, Diff: 16, Sum: 45]
      [Scan RS (ms): Min: 0.0, Avg: 1.2, Max: 2.3, Diff: 2.3, Sum: 9.9]
      [Code Root Scanning (ms): Min: 0.0, Avg: 0.0, Max: 0.0, Diff: 0.0, Sum: 0.0]
      [Object Copy (ms): Min: 15.3, Avg: 16.3, Max: 21.9, Diff: 6.6, Sum: 130.5]
      [Termination (ms): Min: 0.0, Avg: 0.1, Max: 0.1, Diff: 0.1, Sum: 0.9]
         [Termination Attempts: Min: 1, Avg: 9.2, Max: 18, Diff: 17, Sum: 74]
      [GC Worker Other (ms): Min: 0.0, Avg: 0.0, Max: 0.1, Diff: 0.0, Sum: 0.3]
      [GC Worker Total (ms): Min: 16.3, Avg: 22.4, Max: 23.4, Diff: 7.2, Sum: 179.3]
      [GC Worker End (ms): Min: 83066847.8, Avg: 83066847.8, Max: 83066847.8, Diff: 0.0]
   [Code Root Fixup: 0.0 ms]
   [Code Root Purge: 0.0 ms]
   [Clear CT: 0.1 ms]
   [Other: 1.3 ms]
      [Choose CSet: 0.0 ms]
      [Ref Proc: 0.2 ms]
      [Ref Enq: 0.0 ms]
      [Redirty Cards: 0.1 ms]
      [Humongous Register: 0.3 ms]
      [Humongous Reclaim: 0.0 ms]
      [Free CSet: 0.1 ms]
   [Eden: 50.0M(50.0M)->0.0B(44.0M) Survivors: 7168.0K->7168.0K Heap: 338.9M(1024.0M)->289.5M(1024.0M)]
 [Times: user=0.08 sys=0.02, real=0.02 secs] 
2021-04-24T18:29:38.078+0800: 83088.930: [GC pause (G1 Evacuation Pause) (young), 0.0206916 secs]
   [Parallel Time: 18.3 ms, GC Workers: 8]
      [GC Worker Start (ms): Min: 83088930.4, Avg: 83088931.6, Max: 83088938.4, Diff: 8.0]
      [Ext Root Scanning (ms): Min: 0.0, Avg: 2.8, Max: 8.6, Diff: 8.6, Sum: 22.6]
      [Update RS (ms): Min: 0.0, Avg: 2.6, Max: 5.8, Diff: 5.8, Sum: 21.0]
         [Processed Buffers: Min: 0, Avg: 5.9, Max: 25, Diff: 25, Sum: 47]
      [Scan RS (ms): Min: 0.0, Avg: 1.7, Max: 3.3, Diff: 3.3, Sum: 13.3]
      [Code Root Scanning (ms): Min: 0.0, Avg: 0.0, Max: 0.0, Diff: 0.0, Sum: 0.0]
      [Object Copy (ms): Min: 8.0, Avg: 9.6, Max: 16.7, Diff: 8.7, Sum: 76.7]
      [Termination (ms): Min: 0.0, Avg: 0.2, Max: 0.3, Diff: 0.3, Sum: 1.7]
         [Termination Attempts: Min: 1, Avg: 2.8, Max: 6, Diff: 5, Sum: 22]
      [GC Worker Other (ms): Min: 0.0, Avg: 0.0, Max: 0.0, Diff: 0.0, Sum: 0.2]
      [GC Worker Total (ms): Min: 10.2, Avg: 16.9, Max: 18.2, Diff: 8.0, Sum: 135.5]
      [GC Worker End (ms): Min: 83088948.6, Avg: 83088948.6, Max: 83088948.6, Diff: 0.0]
   [Code Root Fixup: 0.0 ms]
   [Code Root Purge: 0.0 ms]
   [Clear CT: 0.1 ms]
   [Other: 2.2 ms]
      [Choose CSet: 0.0 ms]
      [Ref Proc: 0.9 ms]
      [Ref Enq: 0.0 ms]
      [Redirty Cards: 0.1 ms]
      [Humongous Register: 0.3 ms]
      [Humongous Reclaim: 0.1 ms]
      [Free CSet: 0.2 ms]
   [Eden: 44.0M(44.0M)->0.0B(44.0M) Survivors: 7168.0K->7168.0K Heap: 333.5M(1024.0M)->291.3M(1024.0M)]
 [Times: user=0.08 sys=0.01, real=0.02 secs] 
2021-04-24T18:30:00.392+0800: 83111.244: [GC pause (G1 Evacuation Pause) (young), 0.0258289 secs]
   [Parallel Time: 23.5 ms, GC Workers: 8]
      [GC Worker Start (ms): Min: 83111244.7, Avg: 83111244.9, Max: 83111245.2, Diff: 0.5]
      [Ext Root Scanning (ms): Min: 0.4, Avg: 2.0, Max: 6.1, Diff: 5.7, Sum: 16.3]
      [Update RS (ms): Min: 0.0, Avg: 1.4, Max: 3.0, Diff: 3.0, Sum: 11.2]
         [Processed Buffers: Min: 0, Avg: 5.6, Max: 30, Diff: 30, Sum: 45]
      [Scan RS (ms): Min: 0.0, Avg: 2.0, Max: 3.3, Diff: 3.2, Sum: 16.1]
      [Code Root Scanning (ms): Min: 0.0, Avg: 0.0, Max: 0.0, Diff: 0.0, Sum: 0.0]
      [Object Copy (ms): Min: 12.9, Avg: 14.4, Max: 17.4, Diff: 4.5, Sum: 115.3]
      [Termination (ms): Min: 0.0, Avg: 3.3, Max: 3.9, Diff: 3.9, Sum: 26.2]
         [Termination Attempts: Min: 1, Avg: 11.9, Max: 26, Diff: 25, Sum: 95]
      [GC Worker Other (ms): Min: 0.0, Avg: 0.0, Max: 0.0, Diff: 0.0, Sum: 0.1]
      [GC Worker Total (ms): Min: 22.9, Avg: 23.2, Max: 23.4, Diff: 0.5, Sum: 185.3]
      [GC Worker End (ms): Min: 83111268.0, Avg: 83111268.0, Max: 83111268.1, Diff: 0.0]
   [Code Root Fixup: 0.0 ms]
   [Code Root Purge: 0.0 ms]
   [Clear CT: 0.1 ms]
   [Other: 2.3 ms]
      [Choose CSet: 0.0 ms]
      [Ref Proc: 0.2 ms]
      [Ref Enq: 0.0 ms]
      [Redirty Cards: 0.1 ms]
      [Humongous Register: 0.1 ms]
      [Humongous Reclaim: 0.0 ms]
      [Free CSet: 0.1 ms]
   [Eden: 44.0M(44.0M)->0.0B(46.0M) Survivors: 7168.0K->5120.0K Heap: 335.3M(1024.0M)->290.6M(1024.0M)]
 [Times: user=0.08 sys=0.02, real=0.03 secs] 
2021-04-24T18:30:23.560+0800: 83134.412: [GC pause (G1 Evacuation Pause) (young), 0.0160242 secs]
   [Parallel Time: 14.9 ms, GC Workers: 8]
      [GC Worker Start (ms): Min: 83134412.9, Avg: 83134414.2, Max: 83134422.2, Diff: 9.4]
      [Ext Root Scanning (ms): Min: 0.0, Avg: 4.1, Max: 9.4, Diff: 9.4, Sum: 33.1]
      [Update RS (ms): Min: 0.0, Avg: 2.5, Max: 5.5, Diff: 5.5, Sum: 20.4]
         [Processed Buffers: Min: 0, Avg: 6.2, Max: 22, Diff: 22, Sum: 50]
      [Scan RS (ms): Min: 0.4, Avg: 2.2, Max: 4.1, Diff: 3.7, Sum: 17.7]
      [Code Root Scanning (ms): Min: 0.0, Avg: 0.0, Max: 0.0, Diff: 0.0, Sum: 0.0]
      [Object Copy (ms): Min: 3.8, Avg: 4.4, Max: 4.7, Diff: 0.9, Sum: 35.5]
      [Termination (ms): Min: 0.0, Avg: 0.0, Max: 0.0, Diff: 0.0, Sum: 0.0]
         [Termination Attempts: Min: 1, Avg: 9.6, Max: 15, Diff: 14, Sum: 77]
      [GC Worker Other (ms): Min: 0.0, Avg: 0.0, Max: 0.1, Diff: 0.0, Sum: 0.4]
      [GC Worker Total (ms): Min: 5.4, Avg: 13.4, Max: 14.7, Diff: 9.4, Sum: 107.1]
      [GC Worker End (ms): Min: 83134427.6, Avg: 83134427.6, Max: 83134427.6, Diff: 0.0]
   [Code Root Fixup: 0.0 ms]
   [Code Root Purge: 0.0 ms]
   [Clear CT: 0.1 ms]
   [Other: 1.1 ms]
      [Choose CSet: 0.0 ms]
      [Ref Proc: 0.2 ms]
      [Ref Enq: 0.0 ms]
      [Redirty Cards: 0.1 ms]
      [Humongous Register: 0.2 ms]
      [Humongous Reclaim: 0.0 ms]
      [Free CSet: 0.1 ms]
   [Eden: 46.0M(46.0M)->0.0B(54.0M) Survivors: 5120.0K->7168.0K Heap: 336.6M(1024.0M)->292.9M(1024.0M)]
 [Times: user=0.06 sys=0.00, real=0.01 secs] 
2021-04-24T18:35:19.098+0800: 83222.477: [GC pause (G1 Evacuation Pause) (young), 0.0229418 secs]
   [Parallel Time: 20.4 ms, GC Workers: 8]
      [GC Worker Start (ms): Min: 83222478.0, Avg: 83222478.3, Max: 83222478.7, Diff: 0.8]
      [Ext Root Scanning (ms): Min: 0.8, Avg: 4.5, Max: 10.1, Diff: 9.3, Sum: 35.8]
      [Update RS (ms): Min: 0.0, Avg: 2.4, Max: 5.3, Diff: 5.3, Sum: 19.1]
         [Processed Buffers: Min: 0, Avg: 5.5, Max: 16, Diff: 16, Sum: 44]
      [Scan RS (ms): Min: 0.1, Avg: 2.7, Max: 4.2, Diff: 4.1, Sum: 21.5]
      [Code Root Scanning (ms): Min: 0.0, Avg: 0.0, Max: 0.0, Diff: 0.0, Sum: 0.0]
      [Object Copy (ms): Min: 9.0, Avg: 10.2, Max: 16.7, Diff: 7.7, Sum: 81.9]
      [Termination (ms): Min: 0.0, Avg: 0.1, Max: 0.1, Diff: 0.1, Sum: 0.6]
         [Termination Attempts: Min: 1, Avg: 31.1, Max: 61, Diff: 60, Sum: 249]
      [GC Worker Other (ms): Min: 0.0, Avg: 0.0, Max: 0.1, Diff: 0.0, Sum: 0.3]
      [GC Worker Total (ms): Min: 19.4, Avg: 19.9, Max: 20.2, Diff: 0.8, Sum: 159.1]
      [GC Worker End (ms): Min: 83222498.2, Avg: 83222498.2, Max: 83222498.2, Diff: 0.1]
   [Code Root Fixup: 0.0 ms]
   [Code Root Purge: 0.0 ms]
   [Clear CT: 0.2 ms]
   [Other: 2.3 ms]
      [Choose CSet: 0.0 ms]
      [Ref Proc: 0.9 ms]
      [Ref Enq: 0.0 ms]
      [Redirty Cards: 0.2 ms]
      [Humongous Register: 0.3 ms]
      [Humongous Reclaim: 0.0 ms]
      [Free CSet: 0.1 ms]
   [Eden: 44.0M(44.0M)->0.0B(44.0M) Survivors: 7168.0K->7168.0K Heap: 336.9M(1024.0M)->294.1M(1024.0M)]
 [Times: user=0.09 sys=0.01, real=0.03 secs] 
2021-04-24T18:45:15.599+0800: 83504.782: [GC pause (G1 Evacuation Pause) (young), 0.0337880 secs]
   [Parallel Time: 30.0 ms, GC Workers: 8]
      [GC Worker Start (ms): Min: 83504783.6, Avg: 83504783.8, Max: 83504784.2, Diff: 0.6]
      [Ext Root Scanning (ms): Min: 1.7, Avg: 2.5, Max: 3.5, Diff: 1.8, Sum: 19.9]
      [Update RS (ms): Min: 5.0, Avg: 6.4, Max: 9.0, Diff: 4.0, Sum: 51.3]
         [Processed Buffers: Min: 0, Avg: 6.1, Max: 24, Diff: 24, Sum: 49]
      [Scan RS (ms): Min: 0.7, Avg: 2.7, Max: 3.7, Diff: 3.0, Sum: 21.7]
      [Code Root Scanning (ms): Min: 0.0, Avg: 0.0, Max: 0.0, Diff: 0.0, Sum: 0.0]
      [Object Copy (ms): Min: 17.2, Avg: 17.7, Max: 18.9, Diff: 1.7, Sum: 141.9]
      [Termination (ms): Min: 0.0, Avg: 0.2, Max: 0.3, Diff: 0.3, Sum: 1.9]
         [Termination Attempts: Min: 1, Avg: 4.6, Max: 11, Diff: 10, Sum: 37]
      [GC Worker Other (ms): Min: 0.0, Avg: 0.1, Max: 0.2, Diff: 0.2, Sum: 0.4]
      [GC Worker Total (ms): Min: 29.3, Avg: 29.6, Max: 29.9, Diff: 0.6, Sum: 237.2]
      [GC Worker End (ms): Min: 83504813.4, Avg: 83504813.4, Max: 83504813.5, Diff: 0.0]
   [Code Root Fixup: 0.1 ms]
   [Code Root Purge: 0.0 ms]
   [Clear CT: 0.1 ms]
   [Other: 3.6 ms]
      [Choose CSet: 0.0 ms]
      [Ref Proc: 0.3 ms]
      [Ref Enq: 0.0 ms]
      [Redirty Cards: 0.1 ms]
      [Humongous Register: 0.4 ms]
      [Humongous Reclaim: 0.0 ms]
      [Free CSet: 0.1 ms]
   [Eden: 44.0M(44.0M)->0.0B(44.0M) Survivors: 7168.0K->7168.0K Heap: 338.1M(1024.0M)->296.7M(1024.0M)]
 [Times: user=0.09 sys=0.04, real=0.04 secs] 
2021-04-24T18:49:59.525+0800: 83788.715: [GC pause (G1 Evacuation Pause) (young), 0.0374681 secs]
   [Parallel Time: 35.4 ms, GC Workers: 8]
      [GC Worker Start (ms): Min: 83788715.6, Avg: 83788715.8, Max: 83788716.1, Diff: 0.5]
      [Ext Root Scanning (ms): Min: 0.7, Avg: 2.2, Max: 5.2, Diff: 4.5, Sum: 17.7]
      [Update RS (ms): Min: 0.0, Avg: 4.7, Max: 8.3, Diff: 8.3, Sum: 37.3]
         [Processed Buffers: Min: 0, Avg: 5.8, Max: 14, Diff: 14, Sum: 46]
      [Scan RS (ms): Min: 0.0, Avg: 2.1, Max: 3.7, Diff: 3.7, Sum: 17.0]
      [Code Root Scanning (ms): Min: 0.0, Avg: 0.0, Max: 0.0, Diff: 0.0, Sum: 0.0]
      [Object Copy (ms): Min: 25.4, Avg: 25.9, Max: 27.6, Diff: 2.2, Sum: 207.5]
      [Termination (ms): Min: 0.0, Avg: 0.2, Max: 0.2, Diff: 0.2, Sum: 1.2]
         [Termination Attempts: Min: 1, Avg: 2.5, Max: 4, Diff: 3, Sum: 20]
      [GC Worker Other (ms): Min: 0.0, Avg: 0.0, Max: 0.0, Diff: 0.0, Sum: 0.2]
      [GC Worker Total (ms): Min: 34.8, Avg: 35.1, Max: 35.3, Diff: 0.5, Sum: 281.1]
      [GC Worker End (ms): Min: 83788750.9, Avg: 83788750.9, Max: 83788750.9, Diff: 0.0]
   [Code Root Fixup: 0.0 ms]
   [Code Root Purge: 0.0 ms]
   [Clear CT: 0.1 ms]
   [Other: 1.9 ms]
      [Choose CSet: 0.0 ms]
      [Ref Proc: 0.3 ms]
      [Ref Enq: 0.0 ms]
      [Redirty Cards: 0.1 ms]
      [Humongous Register: 0.3 ms]
      [Humongous Reclaim: 0.0 ms]
      [Free CSet: 0.1 ms]
   [Eden: 44.0M(44.0M)->0.0B(44.0M) Survivors: 7168.0K->7168.0K Heap: 340.7M(1024.0M)->303.4M(1024.0M)]
 [Times: user=0.11 sys=0.04, real=0.04 secs] 
2021-04-24T19:06:58.522+0800: 83972.012: [GC pause (G1 Evacuation Pause) (young), 0.0408323 secs]
   [Parallel Time: 36.1 ms, GC Workers: 8]
      [GC Worker Start (ms): Min: 83972014.1, Avg: 83972014.4, Max: 83972015.3, Diff: 1.2]
      [Ext Root Scanning (ms): Min: 0.4, Avg: 2.0, Max: 6.7, Diff: 6.3, Sum: 16.0]
      [Update RS (ms): Min: 2.3, Avg: 6.7, Max: 8.8, Diff: 6.6, Sum: 53.4]
         [Processed Buffers: Min: 1, Avg: 6.4, Max: 33, Diff: 32, Sum: 51]
      [Scan RS (ms): Min: 1.5, Avg: 2.9, Max: 3.7, Diff: 2.2, Sum: 23.2]
      [Code Root Scanning (ms): Min: 0.0, Avg: 0.0, Max: 0.1, Diff: 0.1, Sum: 0.1]
      [Object Copy (ms): Min: 22.1, Avg: 23.2, Max: 24.0, Diff: 1.9, Sum: 185.4]
      [Termination (ms): Min: 0.0, Avg: 0.8, Max: 1.2, Diff: 1.2, Sum: 6.7]
         [Termination Attempts: Min: 1, Avg: 1.9, Max: 3, Diff: 2, Sum: 15]
      [GC Worker Other (ms): Min: 0.0, Avg: 0.0, Max: 0.0, Diff: 0.0, Sum: 0.2]
      [GC Worker Total (ms): Min: 34.8, Avg: 35.6, Max: 36.0, Diff: 1.2, Sum: 285.0]
      [GC Worker End (ms): Min: 83972050.0, Avg: 83972050.0, Max: 83972050.0, Diff: 0.0]
   [Code Root Fixup: 0.0 ms]
   [Code Root Purge: 0.0 ms]
   [Clear CT: 0.1 ms]
   [Other: 4.6 ms]
      [Choose CSet: 0.0 ms]
      [Ref Proc: 1.6 ms]
      [Ref Enq: 0.0 ms]
      [Redirty Cards: 0.1 ms]
      [Humongous Register: 1.1 ms]
      [Humongous Reclaim: 0.0 ms]
      [Free CSet: 0.2 ms]
   [Eden: 44.0M(44.0M)->0.0B(44.0M) Survivors: 7168.0K->7168.0K Heap: 347.4M(1024.0M)->311.0M(1024.0M)]
 [Times: user=0.10 sys=0.08, real=0.05 secs] 
2021-04-24T19:07:20.232+0800: 83993.722: [GC pause (G1 Evacuation Pause) (young), 0.0259433 secs]
   [Parallel Time: 23.9 ms, GC Workers: 8]
      [GC Worker Start (ms): Min: 83993722.7, Avg: 83993722.9, Max: 83993723.4, Diff: 0.7]
      [Ext Root Scanning (ms): Min: 0.1, Avg: 0.7, Max: 2.6, Diff: 2.5, Sum: 5.9]
      [Update RS (ms): Min: 0.0, Avg: 3.5, Max: 5.9, Diff: 5.9, Sum: 28.2]
         [Processed Buffers: Min: 0, Avg: 4.8, Max: 22, Diff: 22, Sum: 38]
      [Scan RS (ms): Min: 0.0, Avg: 2.0, Max: 4.0, Diff: 4.0, Sum: 15.6]
      [Code Root Scanning (ms): Min: 0.0, Avg: 0.0, Max: 0.0, Diff: 0.0, Sum: 0.1]
      [Object Copy (ms): Min: 14.8, Avg: 16.9, Max: 20.4, Diff: 5.7, Sum: 135.0]
      [Termination (ms): Min: 0.0, Avg: 0.4, Max: 0.4, Diff: 0.4, Sum: 2.9]
         [Termination Attempts: Min: 1, Avg: 8.9, Max: 17, Diff: 16, Sum: 71]
      [GC Worker Other (ms): Min: 0.0, Avg: 0.0, Max: 0.1, Diff: 0.0, Sum: 0.3]
      [GC Worker Total (ms): Min: 23.0, Avg: 23.5, Max: 23.7, Diff: 0.7, Sum: 188.0]
      [GC Worker End (ms): Min: 83993746.4, Avg: 83993746.4, Max: 83993746.4, Diff: 0.0]
   [Code Root Fixup: 0.0 ms]
   [Code Root Purge: 0.0 ms]
   [Clear CT: 0.1 ms]
   [Other: 1.9 ms]
      [Choose CSet: 0.0 ms]
      [Ref Proc: 0.3 ms]
      [Ref Enq: 0.0 ms]
      [Redirty Cards: 0.1 ms]
      [Humongous Register: 0.2 ms]
      [Humongous Reclaim: 0.0 ms]
      [Free CSet: 0.1 ms]
   [Eden: 44.0M(44.0M)->0.0B(47.0M) Survivors: 7168.0K->4096.0K Heap: 355.0M(1024.0M)->312.8M(1024.0M)]
 [Times: user=0.07 sys=0.02, real=0.02 secs] 
2021-04-24T19:07:43.941+0800: 84017.432: [GC pause (G1 Evacuation Pause) (young), 0.0145028 secs]
   [Parallel Time: 13.0 ms, GC Workers: 8]
      [GC Worker Start (ms): Min: 84017432.1, Avg: 84017432.6, Max: 84017433.4, Diff: 1.3]
      [Ext Root Scanning (ms): Min: 0.0, Avg: 3.2, Max: 12.9, Diff: 12.9, Sum: 25.8]
      [Update RS (ms): Min: 0.0, Avg: 2.7, Max: 7.9, Diff: 7.9, Sum: 21.9]
         [Processed Buffers: Min: 0, Avg: 5.1, Max: 31, Diff: 31, Sum: 41]
      [Scan RS (ms): Min: 0.0, Avg: 0.3, Max: 1.0, Diff: 1.0, Sum: 2.5]
      [Code Root Scanning (ms): Min: 0.0, Avg: 0.0, Max: 0.0, Diff: 0.0, Sum: 0.0]
      [Object Copy (ms): Min: 0.0, Avg: 4.9, Max: 7.1, Diff: 7.1, Sum: 39.5]
      [Termination (ms): Min: 0.0, Avg: 1.2, Max: 1.4, Diff: 1.4, Sum: 9.7]
         [Termination Attempts: Min: 1, Avg: 9.2, Max: 19, Diff: 18, Sum: 74]
      [GC Worker Other (ms): Min: 0.0, Avg: 0.0, Max: 0.0, Diff: 0.0, Sum: 0.1]
      [GC Worker Total (ms): Min: 11.7, Avg: 12.4, Max: 13.0, Diff: 1.3, Sum: 99.5]
      [GC Worker End (ms): Min: 84017445.0, Avg: 84017445.0, Max: 84017445.1, Diff: 0.0]
   [Code Root Fixup: 0.0 ms]
   [Code Root Purge: 0.0 ms]
   [Clear CT: 0.1 ms]
   [Other: 1.3 ms]
      [Choose CSet: 0.0 ms]
      [Ref Proc: 0.3 ms]
      [Ref Enq: 0.0 ms]
      [Redirty Cards: 0.1 ms]
      [Humongous Register: 0.1 ms]
      [Humongous Reclaim: 0.0 ms]
      [Free CSet: 0.2 ms]
   [Eden: 47.0M(47.0M)->0.0B(45.0M) Survivors: 4096.0K->6144.0K Heap: 359.8M(1024.0M)->314.5M(1024.0M)]
 [Times: user=0.04 sys=0.01, real=0.01 secs] 
2021-04-24T19:08:06.624+0800: 84040.115: [GC pause (G1 Evacuation Pause) (young), 0.0144609 secs]
   [Parallel Time: 12.6 ms, GC Workers: 8]
      [GC Worker Start (ms): Min: 84040115.2, Avg: 84040115.5, Max: 84040116.5, Diff: 1.4]
      [Ext Root Scanning (ms): Min: 0.0, Avg: 4.5, Max: 10.9, Diff: 10.9, Sum: 36.2]
      [Update RS (ms): Min: 0.0, Avg: 0.7, Max: 1.5, Diff: 1.5, Sum: 5.3]
         [Processed Buffers: Min: 0, Avg: 4.9, Max: 14, Diff: 14, Sum: 39]
      [Scan RS (ms): Min: 0.0, Avg: 0.2, Max: 0.6, Diff: 0.6, Sum: 1.5]
      [Code Root Scanning (ms): Min: 0.0, Avg: 0.0, Max: 0.0, Diff: 0.0, Sum: 0.0]
      [Object Copy (ms): Min: 0.1, Avg: 4.8, Max: 9.0, Diff: 8.9, Sum: 38.2]
      [Termination (ms): Min: 0.0, Avg: 1.9, Max: 2.4, Diff: 2.4, Sum: 15.2]
         [Termination Attempts: Min: 1, Avg: 3.1, Max: 6, Diff: 5, Sum: 25]
      [GC Worker Other (ms): Min: 0.0, Avg: 0.0, Max: 0.1, Diff: 0.1, Sum: 0.3]
      [GC Worker Total (ms): Min: 11.1, Avg: 12.1, Max: 12.4, Diff: 1.3, Sum: 96.7]
      [GC Worker End (ms): Min: 84040127.6, Avg: 84040127.6, Max: 84040127.7, Diff: 0.1]
   [Code Root Fixup: 0.0 ms]
   [Code Root Purge: 0.0 ms]
   [Clear CT: 0.1 ms]
   [Other: 1.8 ms]
      [Choose CSet: 0.0 ms]
      [Ref Proc: 0.7 ms]
      [Ref Enq: 0.0 ms]
      [Redirty Cards: 0.1 ms]
      [Humongous Register: 0.2 ms]
      [Humongous Reclaim: 0.0 ms]
      [Free CSet: 0.1 ms]
   [Eden: 45.0M(45.0M)->0.0B(44.0M) Survivors: 6144.0K->7168.0K Heap: 359.5M(1024.0M)->316.6M(1024.0M)]
 [Times: user=0.05 sys=0.00, real=0.01 secs] 
2021-04-24T19:08:28.810+0800: 84062.301: [GC pause (G1 Evacuation Pause) (young), 0.0134075 secs]
   [Parallel Time: 11.3 ms, GC Workers: 8]
      [GC Worker Start (ms): Min: 84062301.3, Avg: 84062302.1, Max: 84062306.8, Diff: 5.6]
      [Ext Root Scanning (ms): Min: 0.0, Avg: 1.6, Max: 8.4, Diff: 8.4, Sum: 12.7]
      [Update RS (ms): Min: 0.0, Avg: 0.5, Max: 1.4, Diff: 1.4, Sum: 4.0]
         [Processed Buffers: Min: 0, Avg: 4.6, Max: 18, Diff: 18, Sum: 37]
      [Scan RS (ms): Min: 0.0, Avg: 0.2, Max: 0.9, Diff: 0.9, Sum: 1.8]
      [Code Root Scanning (ms): Min: 0.0, Avg: 0.0, Max: 0.0, Diff: 0.0, Sum: 0.0]
      [Object Copy (ms): Min: 2.3, Avg: 7.7, Max: 10.4, Diff: 8.1, Sum: 61.7]
      [Termination (ms): Min: 0.0, Avg: 0.3, Max: 0.4, Diff: 0.4, Sum: 2.5]
         [Termination Attempts: Min: 1, Avg: 1.0, Max: 1, Diff: 0, Sum: 8]
      [GC Worker Other (ms): Min: 0.0, Avg: 0.0, Max: 0.0, Diff: 0.0, Sum: 0.2]
      [GC Worker Total (ms): Min: 5.6, Avg: 10.4, Max: 11.2, Diff: 5.5, Sum: 82.8]
      [GC Worker End (ms): Min: 84062312.4, Avg: 84062312.4, Max: 84062312.4, Diff: 0.0]
   [Code Root Fixup: 0.0 ms]
   [Code Root Purge: 0.0 ms]
   [Clear CT: 0.1 ms]
   [Other: 2.0 ms]
      [Choose CSet: 0.0 ms]
      [Ref Proc: 0.8 ms]
      [Ref Enq: 0.0 ms]
      [Redirty Cards: 0.1 ms]
      [Humongous Register: 0.1 ms]
      [Humongous Reclaim: 0.0 ms]
      [Free CSet: 0.1 ms]
   [Eden: 44.0M(44.0M)->0.0B(71.0M) Survivors: 7168.0K->7168.0K Heap: 360.6M(1024.0M)->316.8M(1024.0M)]
 [Times: user=0.04 sys=0.01, real=0.01 secs] 
2021-04-24T19:09:04.499+0800: 84097.991: [GC pause (G1 Evacuation Pause) (young), 0.0186827 secs]
   [Parallel Time: 17.1 ms, GC Workers: 8]
      [GC Worker Start (ms): Min: 84097991.5, Avg: 84097991.6, Max: 84097991.9, Diff: 0.4]
      [Ext Root Scanning (ms): Min: 0.9, Avg: 2.6, Max: 6.1, Diff: 5.2, Sum: 21.0]
      [Update RS (ms): Min: 0.0, Avg: 0.8, Max: 1.9, Diff: 1.9, Sum: 6.6]
         [Processed Buffers: Min: 0, Avg: 4.9, Max: 14, Diff: 14, Sum: 39]
      [Scan RS (ms): Min: 0.0, Avg: 0.6, Max: 1.3, Diff: 1.3, Sum: 4.6]
      [Code Root Scanning (ms): Min: 0.0, Avg: 0.0, Max: 0.0, Diff: 0.0, Sum: 0.0]
      [Object Copy (ms): Min: 10.6, Avg: 12.6, Max: 15.4, Diff: 4.8, Sum: 101.1]
      [Termination (ms): Min: 0.0, Avg: 0.1, Max: 0.2, Diff: 0.2, Sum: 1.0]
         [Termination Attempts: Min: 1, Avg: 1.0, Max: 1, Diff: 0, Sum: 8]
      [GC Worker Other (ms): Min: 0.0, Avg: 0.0, Max: 0.0, Diff: 0.0, Sum: 0.2]
      [GC Worker Total (ms): Min: 16.5, Avg: 16.8, Max: 17.0, Diff: 0.4, Sum: 134.6]
      [GC Worker End (ms): Min: 84098008.4, Avg: 84098008.4, Max: 84098008.4, Diff: 0.0]
   [Code Root Fixup: 0.0 ms]
   [Code Root Purge: 0.0 ms]
   [Clear CT: 0.1 ms]
   [Other: 1.4 ms]
      [Choose CSet: 0.0 ms]
      [Ref Proc: 0.3 ms]
      [Ref Enq: 0.0 ms]
      [Redirty Cards: 0.1 ms]
      [Humongous Register: 0.2 ms]
      [Humongous Reclaim: 0.0 ms]
      [Free CSet: 0.1 ms]
   [Eden: 71.0M(71.0M)->0.0B(72.0M) Survivors: 7168.0K->9216.0K Heap: 387.8M(1024.0M)->318.3M(1024.0M)]
 [Times: user=0.05 sys=0.02, real=0.02 secs] 
2021-04-24T19:09:40.573+0800: 84134.065: [GC pause (G1 Evacuation Pause) (young), 0.0278773 secs]
   [Parallel Time: 26.0 ms, GC Workers: 8]
      [GC Worker Start (ms): Min: 84134065.1, Avg: 84134066.0, Max: 84134067.9, Diff: 2.7]
      [Ext Root Scanning (ms): Min: 0.0, Avg: 0.8, Max: 2.4, Diff: 2.4, Sum: 6.1]
      [Update RS (ms): Min: 0.0, Avg: 0.5, Max: 1.2, Diff: 1.2, Sum: 4.2]
         [Processed Buffers: Min: 0, Avg: 4.9, Max: 16, Diff: 16, Sum: 39]
      [Scan RS (ms): Min: 0.0, Avg: 0.2, Max: 0.5, Diff: 0.5, Sum: 1.4]
      [Code Root Scanning (ms): Min: 0.0, Avg: 0.0, Max: 0.0, Diff: 0.0, Sum: 0.0]
      [Object Copy (ms): Min: 22.6, Avg: 23.2, Max: 24.5, Diff: 1.9, Sum: 185.4]
      [Termination (ms): Min: 0.0, Avg: 0.3, Max: 0.5, Diff: 0.5, Sum: 2.1]
         [Termination Attempts: Min: 1, Avg: 1.5, Max: 3, Diff: 2, Sum: 12]
      [GC Worker Other (ms): Min: 0.0, Avg: 0.0, Max: 0.0, Diff: 0.0, Sum: 0.1]
      [GC Worker Total (ms): Min: 23.1, Avg: 24.9, Max: 25.8, Diff: 2.7, Sum: 199.3]
      [GC Worker End (ms): Min: 84134090.9, Avg: 84134090.9, Max: 84134090.9, Diff: 0.0]
   [Code Root Fixup: 0.0 ms]
   [Code Root Purge: 0.0 ms]
   [Clear CT: 0.2 ms]
   [Other: 1.7 ms]
      [Choose CSet: 0.0 ms]
      [Ref Proc: 0.9 ms]
      [Ref Enq: 0.0 ms]
      [Redirty Cards: 0.2 ms]
      [Humongous Register: 0.1 ms]
      [Humongous Reclaim: 0.0 ms]
      [Free CSet: 0.1 ms]
   [Eden: 72.0M(72.0M)->0.0B(43.0M) Survivors: 9216.0K->8192.0K Heap: 390.3M(1024.0M)->318.1M(1024.0M)]
 [Times: user=0.07 sys=0.01, real=0.03 secs] 
2021-04-24T19:10:02.186+0800: 84155.678: [GC pause (G1 Evacuation Pause) (young), 0.0232675 secs]
   [Parallel Time: 22.3 ms, GC Workers: 8]
      [GC Worker Start (ms): Min: 84155678.8, Avg: 84155678.9, Max: 84155679.1, Diff: 0.3]
      [Ext Root Scanning (ms): Min: 0.5, Avg: 2.4, Max: 9.7, Diff: 9.2, Sum: 19.0]
      [Update RS (ms): Min: 0.0, Avg: 2.5, Max: 5.6, Diff: 5.6, Sum: 19.7]
         [Processed Buffers: Min: 0, Avg: 5.1, Max: 21, Diff: 21, Sum: 41]
      [Scan RS (ms): Min: 0.0, Avg: 1.6, Max: 3.4, Diff: 3.4, Sum: 12.9]
      [Code Root Scanning (ms): Min: 0.0, Avg: 0.0, Max: 0.0, Diff: 0.0, Sum: 0.0]
      [Object Copy (ms): Min: 12.3, Avg: 15.5, Max: 19.0, Diff: 6.7, Sum: 124.2]
      [Termination (ms): Min: 0.0, Avg: 0.0, Max: 0.1, Diff: 0.1, Sum: 0.3]
         [Termination Attempts: Min: 1, Avg: 5.0, Max: 9, Diff: 8, Sum: 40]
      [GC Worker Other (ms): Min: 0.0, Avg: 0.0, Max: 0.0, Diff: 0.0, Sum: 0.2]
      [GC Worker Total (ms): Min: 21.8, Avg: 22.0, Max: 22.1, Diff: 0.3, Sum: 176.4]
      [GC Worker End (ms): Min: 84155700.9, Avg: 84155700.9, Max: 84155700.9, Diff: 0.0]
   [Code Root Fixup: 0.0 ms]
   [Code Root Purge: 0.0 ms]
   [Clear CT: 0.1 ms]
   [Other: 0.9 ms]
      [Choose CSet: 0.0 ms]
      [Ref Proc: 0.2 ms]
      [Ref Enq: 0.0 ms]
      [Redirty Cards: 0.1 ms]
      [Humongous Register: 0.1 ms]
      [Humongous Reclaim: 0.0 ms]
      [Free CSet: 0.1 ms]
   [Eden: 43.0M(43.0M)->0.0B(44.0M) Survivors: 8192.0K->7168.0K Heap: 361.1M(1024.0M)->320.1M(1024.0M)]
 [Times: user=0.08 sys=0.02, real=0.03 secs] 
2021-04-24T19:10:24.438+0800: 84177.931: [GC pause (G1 Evacuation Pause) (young), 0.0217598 secs]
   [Parallel Time: 20.4 ms, GC Workers: 8]
      [GC Worker Start (ms): Min: 84177931.7, Avg: 84177931.9, Max: 84177932.1, Diff: 0.4]
      [Ext Root Scanning (ms): Min: 0.8, Avg: 3.0, Max: 7.4, Diff: 6.6, Sum: 23.9]
      [Update RS (ms): Min: 0.0, Avg: 1.6, Max: 4.8, Diff: 4.8, Sum: 12.7]
         [Processed Buffers: Min: 0, Avg: 5.1, Max: 27, Diff: 27, Sum: 41]
      [Scan RS (ms): Min: 0.0, Avg: 2.1, Max: 3.5, Diff: 3.5, Sum: 17.0]
      [Code Root Scanning (ms): Min: 0.0, Avg: 0.0, Max: 0.0, Diff: 0.0, Sum: 0.0]
      [Object Copy (ms): Min: 12.3, Avg: 13.3, Max: 18.8, Diff: 6.5, Sum: 106.4]
      [Termination (ms): Min: 0.0, Avg: 0.0, Max: 0.0, Diff: 0.0, Sum: 0.0]
         [Termination Attempts: Min: 2, Avg: 3.5, Max: 8, Diff: 6, Sum: 28]
      [GC Worker Other (ms): Min: 0.0, Avg: 0.1, Max: 0.1, Diff: 0.1, Sum: 0.4]
      [GC Worker Total (ms): Min: 19.8, Avg: 20.1, Max: 20.3, Diff: 0.5, Sum: 160.5]
      [GC Worker End (ms): Min: 84177951.9, Avg: 84177951.9, Max: 84177952.0, Diff: 0.1]
   [Code Root Fixup: 0.0 ms]
   [Code Root Purge: 0.0 ms]
   [Clear CT: 0.1 ms]
   [Other: 1.3 ms]
      [Choose CSet: 0.0 ms]
      [Ref Proc: 0.2 ms]
      [Ref Enq: 0.0 ms]
      [Redirty Cards: 0.1 ms]
      [Humongous Register: 0.3 ms]
      [Humongous Reclaim: 0.0 ms]
      [Free CSet: 0.1 ms]
   [Eden: 44.0M(44.0M)->0.0B(59.0M) Survivors: 7168.0K->5120.0K Heap: 364.1M(1024.0M)->320.7M(1024.0M)]
 [Times: user=0.06 sys=0.01, real=0.03 secs] 
2021-04-24T19:10:47.519+0800: 84201.012: [GC pause (G1 Evacuation Pause) (young), 0.0178829 secs]
   [Parallel Time: 16.4 ms, GC Workers: 8]
      [GC Worker Start (ms): Min: 84201012.4, Avg: 84201013.5, Max: 84201018.4, Diff: 6.0]
      [Ext Root Scanning (ms): Min: 0.0, Avg: 3.4, Max: 16.2, Diff: 16.2, Sum: 27.6]
      [Update RS (ms): Min: 0.0, Avg: 1.3, Max: 3.0, Diff: 3.0, Sum: 10.6]
         [Processed Buffers: Min: 0, Avg: 5.1, Max: 18, Diff: 18, Sum: 41]
      [Scan RS (ms): Min: 0.0, Avg: 2.9, Max: 5.6, Diff: 5.6, Sum: 22.9]
      [Code Root Scanning (ms): Min: 0.0, Avg: 0.0, Max: 0.0, Diff: 0.0, Sum: 0.0]
      [Object Copy (ms): Min: 0.0, Avg: 7.3, Max: 14.8, Diff: 14.7, Sum: 58.2]
      [Termination (ms): Min: 0.0, Avg: 0.3, Max: 0.4, Diff: 0.4, Sum: 2.6]
         [Termination Attempts: Min: 1, Avg: 3.4, Max: 7, Diff: 6, Sum: 27]
      [GC Worker Other (ms): Min: 0.0, Avg: 0.0, Max: 0.0, Diff: 0.0, Sum: 0.2]
      [GC Worker Total (ms): Min: 10.3, Avg: 15.3, Max: 16.3, Diff: 6.0, Sum: 122.0]
      [GC Worker End (ms): Min: 84201028.7, Avg: 84201028.7, Max: 84201028.7, Diff: 0.0]
   [Code Root Fixup: 0.0 ms]
   [Code Root Purge: 0.0 ms]
   [Clear CT: 0.1 ms]
   [Other: 1.4 ms]
      [Choose CSet: 0.0 ms]
      [Ref Proc: 0.3 ms]
      [Ref Enq: 0.0 ms]
      [Redirty Cards: 0.1 ms]
      [Humongous Register: 0.3 ms]
      [Humongous Reclaim: 0.0 ms]
      [Free CSet: 0.1 ms]
   [Eden: 46.0M(46.0M)->0.0B(58.0M) Survivors: 5120.0K->7168.0K Heap: 366.7M(1024.0M)->322.7M(1024.0M)]
 [Times: user=0.06 sys=0.00, real=0.02 secs] 
2021-04-24T19:11:09.648+0800: 84223.142: [GC pause (G1 Evacuation Pause) (young), 0.0182395 secs]
   [Parallel Time: 15.4 ms, GC Workers: 8]
      [GC Worker Start (ms): Min: 84223142.8, Avg: 84223143.1, Max: 84223143.8, Diff: 1.0]
      [Ext Root Scanning (ms): Min: 1.2, Avg: 4.1, Max: 8.3, Diff: 7.0, Sum: 33.0]
      [Update RS (ms): Min: 0.0, Avg: 1.7, Max: 4.9, Diff: 4.9, Sum: 13.5]
         [Processed Buffers: Min: 0, Avg: 5.2, Max: 29, Diff: 29, Sum: 42]
      [Scan RS (ms): Min: 0.0, Avg: 1.6, Max: 2.9, Diff: 2.9, Sum: 12.7]
      [Code Root Scanning (ms): Min: 0.0, Avg: 0.0, Max: 0.0, Diff: 0.0, Sum: 0.0]
      [Object Copy (ms): Min: 6.6, Avg: 7.5, Max: 12.7, Diff: 6.1, Sum: 59.7]
      [Termination (ms): Min: 0.0, Avg: 0.1, Max: 0.1, Diff: 0.1, Sum: 0.4]
         [Termination Attempts: Min: 1, Avg: 2.8, Max: 5, Diff: 4, Sum: 22]
      [GC Worker Other (ms): Min: 0.0, Avg: 0.0, Max: 0.1, Diff: 0.0, Sum: 0.3]
      [GC Worker Total (ms): Min: 14.3, Avg: 15.0, Max: 15.2, Diff: 1.0, Sum: 119.6]
      [GC Worker End (ms): Min: 84223158.0, Avg: 84223158.0, Max: 84223158.1, Diff: 0.1]
   [Code Root Fixup: 0.0 ms]
   [Code Root Purge: 0.0 ms]
   [Clear CT: 0.2 ms]
   [Other: 2.7 ms]
      [Choose CSet: 0.0 ms]
      [Ref Proc: 0.3 ms]
      [Ref Enq: 0.0 ms]
      [Redirty Cards: 0.2 ms]
      [Humongous Register: 0.7 ms]
      [Humongous Reclaim: 0.0 ms]
      [Free CSet: 0.1 ms]
   [Eden: 44.0M(44.0M)->0.0B(99.0M) Survivors: 7168.0K->5120.0K Heap: 366.7M(1024.0M)->322.0M(1024.0M)]
 [Times: user=0.06 sys=0.01, real=0.02 secs] 
2021-04-24T19:11:32.731+0800: 84246.224: [GC pause (G1 Evacuation Pause) (young), 0.0144183 secs]
   [Parallel Time: 13.2 ms, GC Workers: 8]
      [GC Worker Start (ms): Min: 84246224.8, Avg: 84246225.9, Max: 84246231.5, Diff: 6.8]
      [Ext Root Scanning (ms): Min: 0.0, Avg: 2.6, Max: 13.0, Diff: 13.0, Sum: 21.1]
      [Update RS (ms): Min: 0.0, Avg: 1.0, Max: 2.3, Diff: 2.3, Sum: 8.4]
         [Processed Buffers: Min: 0, Avg: 5.8, Max: 15, Diff: 15, Sum: 46]
      [Scan RS (ms): Min: 0.0, Avg: 1.7, Max: 4.8, Diff: 4.8, Sum: 13.5]
      [Code Root Scanning (ms): Min: 0.0, Avg: 0.0, Max: 0.0, Diff: 0.0, Sum: 0.0]
      [Object Copy (ms): Min: 0.0, Avg: 6.5, Max: 10.9, Diff: 10.9, Sum: 51.8]
      [Termination (ms): Min: 0.0, Avg: 0.2, Max: 0.2, Diff: 0.2, Sum: 1.4]
         [Termination Attempts: Min: 1, Avg: 1.6, Max: 3, Diff: 2, Sum: 13]
      [GC Worker Other (ms): Min: 0.0, Avg: 0.0, Max: 0.0, Diff: 0.0, Sum: 0.1]
      [GC Worker Total (ms): Min: 6.4, Avg: 12.0, Max: 13.2, Diff: 6.8, Sum: 96.3]
      [GC Worker End (ms): Min: 84246237.9, Avg: 84246237.9, Max: 84246237.9, Diff: 0.0]
   [Code Root Fixup: 0.0 ms]
   [Code Root Purge: 0.0 ms]
   [Clear CT: 0.1 ms]
   [Other: 1.1 ms]
      [Choose CSet: 0.0 ms]
      [Ref Proc: 0.3 ms]
      [Ref Enq: 0.0 ms]
      [Redirty Cards: 0.1 ms]
      [Humongous Register: 0.1 ms]
      [Humongous Reclaim: 0.0 ms]
      [Free CSet: 0.1 ms]
   [Eden: 46.0M(46.0M)->0.0B(125.0M) Survivors: 5120.0K->6144.0K Heap: 368.0M(1024.0M)->323.2M(1024.0M)]
 [Times: user=0.05 sys=0.00, real=0.01 secs] 
2021-04-24T19:12:35.824+0800: 84309.319: [GC pause (G1 Evacuation Pause) (young), 0.0194415 secs]
   [Parallel Time: 18.0 ms, GC Workers: 8]
      [GC Worker Start (ms): Min: 84309319.3, Avg: 84309319.4, Max: 84309319.8, Diff: 0.6]
      [Ext Root Scanning (ms): Min: 0.0, Avg: 2.1, Max: 7.5, Diff: 7.5, Sum: 17.1]
      [Update RS (ms): Min: 0.0, Avg: 2.0, Max: 4.2, Diff: 4.2, Sum: 15.6]
         [Processed Buffers: Min: 0, Avg: 5.6, Max: 17, Diff: 17, Sum: 45]
      [Scan RS (ms): Min: 0.0, Avg: 1.8, Max: 3.4, Diff: 3.4, Sum: 14.0]
      [Code Root Scanning (ms): Min: 0.0, Avg: 0.0, Max: 0.0, Diff: 0.0, Sum: 0.0]
      [Object Copy (ms): Min: 10.2, Avg: 11.2, Max: 11.9, Diff: 1.7, Sum: 89.8]
      [Termination (ms): Min: 0.0, Avg: 0.0, Max: 0.1, Diff: 0.1, Sum: 0.3]
         [Termination Attempts: Min: 1, Avg: 2.2, Max: 4, Diff: 3, Sum: 18]
      [GC Worker Other (ms): Min: 0.0, Avg: 0.6, Max: 3.8, Diff: 3.8, Sum: 5.1]
      [GC Worker Total (ms): Min: 17.3, Avg: 17.7, Max: 17.9, Diff: 0.6, Sum: 142.0]
      [GC Worker End (ms): Min: 84309337.2, Avg: 84309337.2, Max: 84309337.2, Diff: 0.0]
   [Code Root Fixup: 0.0 ms]
   [Code Root Purge: 0.0 ms]
   [Clear CT: 0.1 ms]
   [Other: 1.4 ms]
      [Choose CSet: 0.0 ms]
      [Ref Proc: 0.8 ms]
      [Ref Enq: 0.0 ms]
      [Redirty Cards: 0.1 ms]
      [Humongous Register: 0.1 ms]
      [Humongous Reclaim: 0.0 ms]
      [Free CSet: 0.2 ms]
   [Eden: 125.0M(125.0M)->0.0B(136.0M) Survivors: 6144.0K->8192.0K Heap: 448.2M(1024.0M)->325.4M(1024.0M)]
 [Times: user=0.06 sys=0.02, real=0.02 secs] 
2021-04-24T19:13:44.502+0800: 84377.997: [GC pause (G1 Evacuation Pause) (young), 0.0269065 secs]
   [Parallel Time: 25.5 ms, GC Workers: 8]
      [GC Worker Start (ms): Min: 84377997.8, Avg: 84377998.0, Max: 84377998.2, Diff: 0.4]
      [Ext Root Scanning (ms): Min: 0.4, Avg: 2.3, Max: 5.3, Diff: 4.9, Sum: 18.6]
      [Update RS (ms): Min: 0.0, Avg: 2.5, Max: 6.3, Diff: 6.3, Sum: 20.2]
         [Processed Buffers: Min: 0, Avg: 5.9, Max: 23, Diff: 23, Sum: 47]
      [Scan RS (ms): Min: 0.0, Avg: 1.7, Max: 4.0, Diff: 4.0, Sum: 13.9]
      [Code Root Scanning (ms): Min: 0.0, Avg: 0.0, Max: 0.0, Diff: 0.0, Sum: 0.0]
      [Object Copy (ms): Min: 16.5, Avg: 17.9, Max: 20.1, Diff: 3.6, Sum: 143.4]
      [Termination (ms): Min: 0.0, Avg: 0.3, Max: 0.4, Diff: 0.4, Sum: 2.5]
         [Termination Attempts: Min: 1, Avg: 5.5, Max: 10, Diff: 9, Sum: 44]
      [GC Worker Other (ms): Min: 0.0, Avg: 0.1, Max: 0.4, Diff: 0.4, Sum: 0.7]
      [GC Worker Total (ms): Min: 24.6, Avg: 24.9, Max: 25.3, Diff: 0.7, Sum: 199.4]
      [GC Worker End (ms): Min: 84378022.9, Avg: 84378022.9, Max: 84378023.2, Diff: 0.4]
   [Code Root Fixup: 0.0 ms]
   [Code Root Purge: 0.0 ms]
   [Clear CT: 0.1 ms]
   [Other: 1.3 ms]
      [Choose CSet: 0.0 ms]
      [Ref Proc: 0.3 ms]
      [Ref Enq: 0.0 ms]
      [Redirty Cards: 0.1 ms]
      [Humongous Register: 0.2 ms]
      [Humongous Reclaim: 0.0 ms]
      [Free CSet: 0.2 ms]
   [Eden: 136.0M(136.0M)->0.0B(54.0M) Survivors: 8192.0K->9216.0K Heap: 461.4M(1024.0M)->326.0M(1024.0M)]
 [Times: user=0.08 sys=0.02, real=0.02 secs] 
2021-04-24T19:14:11.583+0800: 84405.079: [GC pause (G1 Evacuation Pause) (young), 0.0557562 secs]
   [Parallel Time: 54.6 ms, GC Workers: 8]
      [GC Worker Start (ms): Min: 84405080.1, Avg: 84405080.3, Max: 84405080.6, Diff: 0.5]
      [Ext Root Scanning (ms): Min: 0.8, Avg: 3.7, Max: 8.1, Diff: 7.3, Sum: 29.5]
      [Update RS (ms): Min: 0.0, Avg: 1.8, Max: 4.1, Diff: 4.1, Sum: 14.6]
         [Processed Buffers: Min: 0, Avg: 5.4, Max: 14, Diff: 14, Sum: 43]
      [Scan RS (ms): Min: 0.0, Avg: 1.5, Max: 3.0, Diff: 3.0, Sum: 12.3]
      [Code Root Scanning (ms): Min: 0.0, Avg: 0.0, Max: 0.0, Diff: 0.0, Sum: 0.0]
      [Object Copy (ms): Min: 46.2, Avg: 47.2, Max: 53.1, Diff: 6.9, Sum: 377.3]
      [Termination (ms): Min: 0.0, Avg: 0.0, Max: 0.0, Diff: 0.0, Sum: 0.1]
         [Termination Attempts: Min: 1, Avg: 24.6, Max: 38, Diff: 37, Sum: 197]
      [GC Worker Other (ms): Min: 0.0, Avg: 0.0, Max: 0.1, Diff: 0.0, Sum: 0.3]
      [GC Worker Total (ms): Min: 54.0, Avg: 54.3, Max: 54.4, Diff: 0.5, Sum: 434.1]
      [GC Worker End (ms): Min: 84405134.5, Avg: 84405134.6, Max: 84405134.6, Diff: 0.0]
   [Code Root Fixup: 0.0 ms]
   [Code Root Purge: 0.0 ms]
   [Clear CT: 0.1 ms]
   [Other: 1.1 ms]
      [Choose CSet: 0.0 ms]
      [Ref Proc: 0.2 ms]
      [Ref Enq: 0.0 ms]
      [Redirty Cards: 0.1 ms]
      [Humongous Register: 0.3 ms]
      [Humongous Reclaim: 0.0 ms]
      [Free CSet: 0.1 ms]
   [Eden: 54.0M(54.0M)->0.0B(45.0M) Survivors: 9216.0K->6144.0K Heap: 380.0M(1024.0M)->327.4M(1024.0M)]
 [Times: user=0.09 sys=0.03, real=0.05 secs] 
2021-04-24T19:14:34.301+0800: 84427.797: [GC pause (G1 Evacuation Pause) (young), 0.0216750 secs]
   [Parallel Time: 20.0 ms, GC Workers: 8]
      [GC Worker Start (ms): Min: 84427797.7, Avg: 84427797.9, Max: 84427798.1, Diff: 0.4]
      [Ext Root Scanning (ms): Min: 1.0, Avg: 1.3, Max: 2.6, Diff: 1.6, Sum: 10.3]
      [Update RS (ms): Min: 0.0, Avg: 3.7, Max: 7.9, Diff: 7.9, Sum: 29.4]
         [Processed Buffers: Min: 0, Avg: 6.6, Max: 18, Diff: 18, Sum: 53]
      [Scan RS (ms): Min: 0.0, Avg: 1.9, Max: 3.8, Diff: 3.8, Sum: 15.2]
      [Code Root Scanning (ms): Min: 0.0, Avg: 0.0, Max: 0.0, Diff: 0.0, Sum: 0.0]
      [Object Copy (ms): Min: 9.3, Avg: 12.6, Max: 18.2, Diff: 8.9, Sum: 101.0]
      [Termination (ms): Min: 0.0, Avg: 0.2, Max: 0.2, Diff: 0.2, Sum: 1.3]
         [Termination Attempts: Min: 1, Avg: 6.5, Max: 11, Diff: 10, Sum: 52]
      [GC Worker Other (ms): Min: 0.0, Avg: 0.1, Max: 0.4, Diff: 0.4, Sum: 0.8]
      [GC Worker Total (ms): Min: 19.5, Avg: 19.7, Max: 19.9, Diff: 0.4, Sum: 157.9]
      [GC Worker End (ms): Min: 84427817.6, Avg: 84427817.6, Max: 84427817.6, Diff: 0.0]
   [Code Root Fixup: 0.1 ms]
   [Code Root Purge: 0.0 ms]
   [Clear CT: 0.1 ms]
   [Other: 1.4 ms]
      [Choose CSet: 0.0 ms]
      [Ref Proc: 0.3 ms]
      [Ref Enq: 0.0 ms]
      [Redirty Cards: 0.1 ms]
      [Humongous Register: 0.2 ms]
      [Humongous Reclaim: 0.0 ms]
      [Free CSet: 0.1 ms]
   [Eden: 45.0M(45.0M)->0.0B(46.0M) Survivors: 6144.0K->5120.0K Heap: 372.4M(1024.0M)->330.3M(1024.0M)]
 [Times: user=0.07 sys=0.01, real=0.02 secs] 
2021-04-24T19:14:57.796+0800: 84451.292: [GC pause (G1 Evacuation Pause) (young), 0.0188628 secs]
   [Parallel Time: 17.3 ms, GC Workers: 8]
      [GC Worker Start (ms): Min: 84451292.9, Avg: 84451293.2, Max: 84451294.4, Diff: 1.4]
      [Ext Root Scanning (ms): Min: 0.0, Avg: 2.5, Max: 11.6, Diff: 11.6, Sum: 19.7]
      [Update RS (ms): Min: 0.0, Avg: 4.5, Max: 6.7, Diff: 6.7, Sum: 36.3]
         [Processed Buffers: Min: 0, Avg: 5.5, Max: 19, Diff: 19, Sum: 44]
      [Scan RS (ms): Min: 0.0, Avg: 4.4, Max: 8.8, Diff: 8.7, Sum: 34.8]
      [Code Root Scanning (ms): Min: 0.0, Avg: 0.0, Max: 0.0, Diff: 0.0, Sum: 0.0]
      [Object Copy (ms): Min: 2.3, Avg: 5.4, Max: 8.7, Diff: 6.4, Sum: 43.5]
      [Termination (ms): Min: 0.0, Avg: 0.0, Max: 0.1, Diff: 0.0, Sum: 0.3]
         [Termination Attempts: Min: 1, Avg: 44.9, Max: 66, Diff: 65, Sum: 359]
      [GC Worker Other (ms): Min: 0.0, Avg: 0.0, Max: 0.1, Diff: 0.1, Sum: 0.4]
      [GC Worker Total (ms): Min: 15.7, Avg: 16.9, Max: 17.2, Diff: 1.4, Sum: 135.0]
      [GC Worker End (ms): Min: 84451310.1, Avg: 84451310.1, Max: 84451310.2, Diff: 0.1]
   [Code Root Fixup: 0.0 ms]
   [Code Root Purge: 0.0 ms]
   [Clear CT: 0.1 ms]
   [Other: 1.4 ms]
      [Choose CSet: 0.0 ms]
      [Ref Proc: 0.3 ms]
      [Ref Enq: 0.0 ms]
      [Redirty Cards: 0.1 ms]
      [Humongous Register: 0.3 ms]
      [Humongous Reclaim: 0.0 ms]
      [Free CSet: 0.1 ms]
   [Eden: 46.0M(46.0M)->0.0B(46.0M) Survivors: 5120.0K->5120.0K Heap: 376.3M(1024.0M)->330.0M(1024.0M)]
 [Times: user=0.07 sys=0.00, real=0.02 secs] 
2021-04-24T19:15:21.078+0800: 84474.575: [GC pause (G1 Evacuation Pause) (young), 0.0194543 secs]
   [Parallel Time: 18.3 ms, GC Workers: 8]
      [GC Worker Start (ms): Min: 84474575.9, Avg: 84474581.3, Max: 84474594.1, Diff: 18.2]
      [Ext Root Scanning (ms): Min: 0.0, Avg: 2.7, Max: 10.3, Diff: 10.3, Sum: 21.4]
      [Update RS (ms): Min: 0.0, Avg: 2.4, Max: 5.9, Diff: 5.9, Sum: 18.8]
         [Processed Buffers: Min: 0, Avg: 5.8, Max: 26, Diff: 26, Sum: 46]
      [Scan RS (ms): Min: 0.0, Avg: 1.6, Max: 6.1, Diff: 6.1, Sum: 12.7]
      [Code Root Scanning (ms): Min: 0.0, Avg: 0.0, Max: 0.0, Diff: 0.0, Sum: 0.0]
      [Object Copy (ms): Min: 0.0, Avg: 6.1, Max: 8.1, Diff: 8.1, Sum: 48.9]
      [Termination (ms): Min: 0.0, Avg: 0.1, Max: 0.1, Diff: 0.1, Sum: 0.5]
         [Termination Attempts: Min: 1, Avg: 27.9, Max: 52, Diff: 51, Sum: 223]
      [GC Worker Other (ms): Min: 0.0, Avg: 0.0, Max: 0.0, Diff: 0.0, Sum: 0.1]
      [GC Worker Total (ms): Min: 0.0, Avg: 12.8, Max: 18.2, Diff: 18.2, Sum: 102.5]
      [GC Worker End (ms): Min: 84474594.1, Avg: 84474594.2, Max: 84474594.2, Diff: 0.1]
   [Code Root Fixup: 0.0 ms]
   [Code Root Purge: 0.0 ms]
   [Clear CT: 0.1 ms]
   [Other: 1.0 ms]
      [Choose CSet: 0.0 ms]
      [Ref Proc: 0.2 ms]
      [Ref Enq: 0.0 ms]
      [Redirty Cards: 0.1 ms]
      [Humongous Register: 0.2 ms]
      [Humongous Reclaim: 0.0 ms]
      [Free CSet: 0.1 ms]
   [Eden: 46.0M(46.0M)->0.0B(44.0M) Survivors: 5120.0K->7168.0K Heap: 376.0M(1024.0M)->332.5M(1024.0M)]
 [Times: user=0.07 sys=0.00, real=0.02 secs] 
2021-04-24T19:15:43.212+0800: 84496.709: [GC pause (G1 Evacuation Pause) (young), 0.0196461 secs]
   [Parallel Time: 18.3 ms, GC Workers: 8]
      [GC Worker Start (ms): Min: 84496709.9, Avg: 84496710.1, Max: 84496710.5, Diff: 0.5]
      [Ext Root Scanning (ms): Min: 0.7, Avg: 4.3, Max: 16.2, Diff: 15.5, Sum: 34.6]
      [Update RS (ms): Min: 0.0, Avg: 1.9, Max: 4.7, Diff: 4.7, Sum: 15.6]
         [Processed Buffers: Min: 0, Avg: 5.0, Max: 12, Diff: 12, Sum: 40]
      [Scan RS (ms): Min: 0.0, Avg: 4.6, Max: 10.5, Diff: 10.5, Sum: 37.1]
      [Code Root Scanning (ms): Min: 0.0, Avg: 0.0, Max: 0.0, Diff: 0.0, Sum: 0.0]
      [Object Copy (ms): Min: 1.4, Avg: 6.6, Max: 11.8, Diff: 10.4, Sum: 52.9]
      [Termination (ms): Min: 0.0, Avg: 0.4, Max: 0.5, Diff: 0.4, Sum: 3.1]
         [Termination Attempts: Min: 1, Avg: 64.0, Max: 92, Diff: 91, Sum: 512]
      [GC Worker Other (ms): Min: 0.0, Avg: 0.0, Max: 0.0, Diff: 0.0, Sum: 0.2]
      [GC Worker Total (ms): Min: 17.6, Avg: 17.9, Max: 18.1, Diff: 0.5, Sum: 143.4]
      [GC Worker End (ms): Min: 84496728.0, Avg: 84496728.1, Max: 84496728.1, Diff: 0.0]
   [Code Root Fixup: 0.0 ms]
   [Code Root Purge: 0.0 ms]
   [Clear CT: 0.1 ms]
   [Other: 1.3 ms]
      [Choose CSet: 0.0 ms]
      [Ref Proc: 0.3 ms]
      [Ref Enq: 0.0 ms]
      [Redirty Cards: 0.1 ms]
      [Humongous Register: 0.3 ms]
      [Humongous Reclaim: 0.0 ms]
      [Free CSet: 0.1 ms]
   [Eden: 44.0M(44.0M)->0.0B(44.0M) Survivors: 7168.0K->7168.0K Heap: 376.5M(1024.0M)->332.9M(1024.0M)]
 [Times: user=0.08 sys=0.01, real=0.02 secs] 
2021-04-24T19:16:05.389+0800: 84518.886: [GC pause (G1 Evacuation Pause) (young), 0.0171248 secs]
   [Parallel Time: 14.8 ms, GC Workers: 8]
      [GC Worker Start (ms): Min: 84518886.7, Avg: 84518887.5, Max: 84518892.6, Diff: 5.9]
      [Ext Root Scanning (ms): Min: 0.0, Avg: 2.5, Max: 7.3, Diff: 7.3, Sum: 20.3]
      [Update RS (ms): Min: 0.0, Avg: 1.7, Max: 3.8, Diff: 3.7, Sum: 13.4]
         [Processed Buffers: Min: 0, Avg: 5.6, Max: 30, Diff: 30, Sum: 45]
      [Scan RS (ms): Min: 0.0, Avg: 1.4, Max: 2.7, Diff: 2.7, Sum: 11.5]
      [Code Root Scanning (ms): Min: 0.0, Avg: 0.0, Max: 0.0, Diff: 0.0, Sum: 0.0]
      [Object Copy (ms): Min: 7.0, Avg: 8.1, Max: 13.7, Diff: 6.7, Sum: 65.1]
      [Termination (ms): Min: 0.0, Avg: 0.0, Max: 0.1, Diff: 0.1, Sum: 0.4]
         [Termination Attempts: Min: 1, Avg: 9.0, Max: 20, Diff: 19, Sum: 72]
      [GC Worker Other (ms): Min: 0.0, Avg: 0.0, Max: 0.1, Diff: 0.0, Sum: 0.2]
      [GC Worker Total (ms): Min: 8.8, Avg: 13.9, Max: 14.7, Diff: 5.9, Sum: 110.8]
      [GC Worker End (ms): Min: 84518901.4, Avg: 84518901.4, Max: 84518901.4, Diff: 0.0]
   [Code Root Fixup: 0.0 ms]
   [Code Root Purge: 0.0 ms]
   [Clear CT: 0.1 ms]
   [Other: 2.2 ms]
      [Choose CSet: 0.0 ms]
      [Ref Proc: 0.3 ms]
      [Ref Enq: 0.0 ms]
      [Redirty Cards: 0.1 ms]
      [Humongous Register: 0.3 ms]
      [Humongous Reclaim: 0.0 ms]
      [Free CSet: 0.2 ms]
   [Eden: 44.0M(44.0M)->0.0B(46.0M) Survivors: 7168.0K->5120.0K Heap: 376.9M(1024.0M)->331.6M(1024.0M)]
 [Times: user=0.07 sys=0.01, real=0.02 secs] 
2021-04-24T19:16:28.854+0800: 84542.352: [GC pause (G1 Evacuation Pause) (young), 0.0206357 secs]
   [Parallel Time: 18.8 ms, GC Workers: 8]
      [GC Worker Start (ms): Min: 84542352.3, Avg: 84542352.5, Max: 84542353.2, Diff: 1.0]
      [Ext Root Scanning (ms): Min: 0.0, Avg: 4.5, Max: 18.0, Diff: 18.0, Sum: 35.9]
      [Update RS (ms): Min: 0.0, Avg: 1.8, Max: 4.4, Diff: 4.4, Sum: 14.2]
         [Processed Buffers: Min: 0, Avg: 7.0, Max: 45, Diff: 45, Sum: 56]
      [Scan RS (ms): Min: 0.0, Avg: 4.1, Max: 12.2, Diff: 12.2, Sum: 32.9]
      [Code Root Scanning (ms): Min: 0.0, Avg: 0.0, Max: 0.0, Diff: 0.0, Sum: 0.0]
      [Object Copy (ms): Min: 0.6, Avg: 7.4, Max: 15.9, Diff: 15.3, Sum: 59.2]
      [Termination (ms): Min: 0.0, Avg: 0.7, Max: 0.8, Diff: 0.8, Sum: 5.4]
         [Termination Attempts: Min: 1, Avg: 1.9, Max: 4, Diff: 3, Sum: 15]
      [GC Worker Other (ms): Min: 0.0, Avg: 0.0, Max: 0.0, Diff: 0.0, Sum: 0.2]
      [GC Worker Total (ms): Min: 17.7, Avg: 18.5, Max: 18.7, Diff: 1.0, Sum: 147.7]
      [GC Worker End (ms): Min: 84542370.9, Avg: 84542371.0, Max: 84542371.0, Diff: 0.0]
   [Code Root Fixup: 0.0 ms]
   [Code Root Purge: 0.0 ms]
   [Clear CT: 0.1 ms]
   [Other: 1.7 ms]
      [Choose CSet: 0.0 ms]
      [Ref Proc: 0.3 ms]
      [Ref Enq: 0.0 ms]
      [Redirty Cards: 0.1 ms]
      [Humongous Register: 0.3 ms]
      [Humongous Reclaim: 0.0 ms]
      [Free CSet: 0.1 ms]
   [Eden: 46.0M(46.0M)->0.0B(44.0M) Survivors: 5120.0K->7168.0K Heap: 377.6M(1024.0M)->333.8M(1024.0M)]
 [Times: user=0.07 sys=0.00, real=0.02 secs] 
2021-04-24T19:23:13.200+0800: 84772.613: [GC pause (G1 Evacuation Pause) (young), 0.0323026 secs]
   [Parallel Time: 28.2 ms, GC Workers: 8]
      [GC Worker Start (ms): Min: 84772615.5, Avg: 84772615.6, Max: 84772615.7, Diff: 0.2]
      [Ext Root Scanning (ms): Min: 1.1, Avg: 1.9, Max: 3.5, Diff: 2.4, Sum: 15.2]
      [Update RS (ms): Min: 5.1, Avg: 6.7, Max: 8.7, Diff: 3.6, Sum: 53.9]
         [Processed Buffers: Min: 0, Avg: 6.8, Max: 18, Diff: 18, Sum: 54]
      [Scan RS (ms): Min: 0.0, Avg: 1.0, Max: 2.4, Diff: 2.4, Sum: 8.4]
      [Code Root Scanning (ms): Min: 0.0, Avg: 0.0, Max: 0.0, Diff: 0.0, Sum: 0.0]
      [Object Copy (ms): Min: 16.4, Avg: 17.3, Max: 17.9, Diff: 1.6, Sum: 138.7]
      [Termination (ms): Min: 0.0, Avg: 0.5, Max: 0.9, Diff: 0.9, Sum: 4.2]
         [Termination Attempts: Min: 1, Avg: 2.1, Max: 4, Diff: 3, Sum: 17]
      [GC Worker Other (ms): Min: 0.0, Avg: 0.4, Max: 0.8, Diff: 0.8, Sum: 2.9]
      [GC Worker Total (ms): Min: 27.8, Avg: 27.9, Max: 28.0, Diff: 0.2, Sum: 223.4]
      [GC Worker End (ms): Min: 84772643.5, Avg: 84772643.5, Max: 84772643.5, Diff: 0.0]
   [Code Root Fixup: 0.1 ms]
   [Code Root Purge: 0.0 ms]
   [Clear CT: 0.1 ms]
   [Other: 3.9 ms]
      [Choose CSet: 0.0 ms]
      [Ref Proc: 0.7 ms]
      [Ref Enq: 0.0 ms]
      [Redirty Cards: 0.1 ms]
      [Humongous Register: 0.5 ms]
      [Humongous Reclaim: 0.0 ms]
      [Free CSet: 0.2 ms]
   [Eden: 44.0M(44.0M)->0.0B(44.0M) Survivors: 7168.0K->7168.0K Heap: 377.8M(1024.0M)->335.2M(1024.0M)]
 [Times: user=0.09 sys=0.03, real=0.03 secs] 
2021-04-24T19:27:53.745+0800: 85053.163: [GC pause (G1 Evacuation Pause) (young), 0.0752618 secs]
   [Parallel Time: 72.5 ms, GC Workers: 8]
      [GC Worker Start (ms): Min: 85053164.1, Avg: 85053164.5, Max: 85053165.0, Diff: 0.9]
      [Ext Root Scanning (ms): Min: 9.0, Avg: 10.6, Max: 14.7, Diff: 5.7, Sum: 84.6]
      [Update RS (ms): Min: 0.6, Avg: 5.8, Max: 11.6, Diff: 10.9, Sum: 46.3]
         [Processed Buffers: Min: 1, Avg: 6.6, Max: 22, Diff: 21, Sum: 53]
      [Scan RS (ms): Min: 0.0, Avg: 2.0, Max: 3.0, Diff: 3.0, Sum: 15.7]
      [Code Root Scanning (ms): Min: 0.0, Avg: 0.0, Max: 0.0, Diff: 0.0, Sum: 0.0]
      [Object Copy (ms): Min: 50.5, Avg: 53.5, Max: 54.9, Diff: 4.5, Sum: 428.0]
      [Termination (ms): Min: 0.0, Avg: 0.1, Max: 0.2, Diff: 0.2, Sum: 1.1]
         [Termination Attempts: Min: 1, Avg: 1.1, Max: 2, Diff: 1, Sum: 9]
      [GC Worker Other (ms): Min: 0.0, Avg: 0.0, Max: 0.1, Diff: 0.1, Sum: 0.3]
      [GC Worker Total (ms): Min: 71.5, Avg: 72.0, Max: 72.5, Diff: 0.9, Sum: 576.0]
      [GC Worker End (ms): Min: 85053236.5, Avg: 85053236.5, Max: 85053236.6, Diff: 0.0]
   [Code Root Fixup: 0.0 ms]
   [Code Root Purge: 0.0 ms]
   [Clear CT: 0.1 ms]
   [Other: 2.6 ms]
      [Choose CSet: 0.0 ms]
      [Ref Proc: 0.4 ms]
      [Ref Enq: 0.0 ms]
      [Redirty Cards: 0.1 ms]
      [Humongous Register: 0.6 ms]
      [Humongous Reclaim: 0.0 ms]
      [Free CSet: 0.8 ms]
   [Eden: 44.0M(44.0M)->0.0B(44.0M) Survivors: 7168.0K->7168.0K Heap: 379.2M(1024.0M)->341.4M(1024.0M)]
 [Times: user=0.09 sys=0.06, real=0.08 secs] 
2021-04-24T19:32:36.903+0800: 85336.326: [GC pause (G1 Evacuation Pause) (young), 0.0305989 secs]
   [Parallel Time: 28.1 ms, GC Workers: 8]
      [GC Worker Start (ms): Min: 85336327.4, Avg: 85336327.5, Max: 85336327.9, Diff: 0.5]
      [Ext Root Scanning (ms): Min: 0.7, Avg: 2.8, Max: 6.8, Diff: 6.1, Sum: 22.2]
      [Update RS (ms): Min: 0.0, Avg: 2.4, Max: 5.0, Diff: 5.0, Sum: 18.8]
         [Processed Buffers: Min: 0, Avg: 6.1, Max: 22, Diff: 22, Sum: 49]
      [Scan RS (ms): Min: 0.0, Avg: 1.5, Max: 2.9, Diff: 2.9, Sum: 12.3]
      [Code Root Scanning (ms): Min: 0.0, Avg: 0.0, Max: 0.0, Diff: 0.0, Sum: 0.0]
      [Object Copy (ms): Min: 19.8, Avg: 20.8, Max: 23.9, Diff: 4.1, Sum: 166.6]
      [Termination (ms): Min: 0.0, Avg: 0.3, Max: 0.5, Diff: 0.5, Sum: 2.2]
         [Termination Attempts: Min: 1, Avg: 1.2, Max: 2, Diff: 1, Sum: 10]
      [GC Worker Other (ms): Min: 0.0, Avg: 0.0, Max: 0.0, Diff: 0.0, Sum: 0.2]
      [GC Worker Total (ms): Min: 27.4, Avg: 27.8, Max: 27.9, Diff: 0.5, Sum: 222.3]
      [GC Worker End (ms): Min: 85336355.3, Avg: 85336355.3, Max: 85336355.3, Diff: 0.0]
   [Code Root Fixup: 0.0 ms]
   [Code Root Purge: 0.0 ms]
   [Clear CT: 0.1 ms]
   [Other: 2.4 ms]
      [Choose CSet: 0.0 ms]
      [Ref Proc: 0.7 ms]
      [Ref Enq: 0.0 ms]
      [Redirty Cards: 0.1 ms]
      [Humongous Register: 0.4 ms]
      [Humongous Reclaim: 0.0 ms]
      [Free CSet: 0.1 ms]
   [Eden: 44.0M(44.0M)->0.0B(44.0M) Survivors: 7168.0K->7168.0K Heap: 385.4M(1024.0M)->348.0M(1024.0M)]
 [Times: user=0.09 sys=0.04, real=0.03 secs] 
2021-04-24T19:37:18.968+0800: 85618.395: [GC pause (G1 Evacuation Pause) (young), 0.0327836 secs]
   [Parallel Time: 29.6 ms, GC Workers: 8]
      [GC Worker Start (ms): Min: 85618396.4, Avg: 85618396.7, Max: 85618397.2, Diff: 0.8]
      [Ext Root Scanning (ms): Min: 0.9, Avg: 3.2, Max: 7.5, Diff: 6.6, Sum: 25.5]
      [Update RS (ms): Min: 0.0, Avg: 3.4, Max: 5.6, Diff: 5.6, Sum: 27.1]
         [Processed Buffers: Min: 0, Avg: 5.4, Max: 16, Diff: 16, Sum: 43]
      [Scan RS (ms): Min: 0.0, Avg: 1.4, Max: 2.6, Diff: 2.6, Sum: 11.0]
      [Code Root Scanning (ms): Min: 0.0, Avg: 0.0, Max: 0.0, Diff: 0.0, Sum: 0.0]
      [Object Copy (ms): Min: 20.6, Avg: 21.0, Max: 22.6, Diff: 1.9, Sum: 168.1]
      [Termination (ms): Min: 0.0, Avg: 0.3, Max: 0.3, Diff: 0.3, Sum: 2.0]
         [Termination Attempts: Min: 1, Avg: 8.6, Max: 15, Diff: 14, Sum: 69]
      [GC Worker Other (ms): Min: 0.0, Avg: 0.0, Max: 0.0, Diff: 0.0, Sum: 0.3]
      [GC Worker Total (ms): Min: 28.7, Avg: 29.2, Max: 29.5, Diff: 0.8, Sum: 233.9]
      [GC Worker End (ms): Min: 85618425.9, Avg: 85618425.9, Max: 85618425.9, Diff: 0.0]
   [Code Root Fixup: 0.0 ms]
   [Code Root Purge: 0.0 ms]
   [Clear CT: 0.1 ms]
   [Other: 3.0 ms]
      [Choose CSet: 0.0 ms]
      [Ref Proc: 1.2 ms]
      [Ref Enq: 0.0 ms]
      [Redirty Cards: 0.1 ms]
      [Humongous Register: 0.5 ms]
      [Humongous Reclaim: 0.0 ms]
      [Free CSet: 0.1 ms]
   [Eden: 44.0M(44.0M)->0.0B(44.0M) Survivors: 7168.0K->7168.0K Heap: 392.0M(1024.0M)->355.0M(1024.0M)]
 [Times: user=0.10 sys=0.04, real=0.04 secs] 
2021-04-24T19:42:02.189+0800: 85901.622: [GC pause (G1 Evacuation Pause) (young), 0.0316600 secs]
   [Parallel Time: 28.2 ms, GC Workers: 8]
      [GC Worker Start (ms): Min: 85901622.4, Avg: 85901623.6, Max: 85901628.3, Diff: 5.9]
      [Ext Root Scanning (ms): Min: 0.0, Avg: 1.6, Max: 5.7, Diff: 5.7, Sum: 12.9]
      [Update RS (ms): Min: 0.0, Avg: 1.5, Max: 4.4, Diff: 4.4, Sum: 12.4]
         [Processed Buffers: Min: 0, Avg: 5.4, Max: 28, Diff: 28, Sum: 43]
      [Scan RS (ms): Min: 0.0, Avg: 1.1, Max: 2.2, Diff: 2.2, Sum: 8.7]
      [Code Root Scanning (ms): Min: 0.0, Avg: 0.0, Max: 0.0, Diff: 0.0, Sum: 0.0]
      [Object Copy (ms): Min: 21.6, Avg: 22.2, Max: 25.5, Diff: 4.0, Sum: 177.8]
      [Termination (ms): Min: 0.0, Avg: 0.3, Max: 0.4, Diff: 0.4, Sum: 2.2]
         [Termination Attempts: Min: 1, Avg: 3.2, Max: 5, Diff: 4, Sum: 26]
      [GC Worker Other (ms): Min: 0.0, Avg: 0.0, Max: 0.1, Diff: 0.0, Sum: 0.2]
      [GC Worker Total (ms): Min: 22.1, Avg: 26.8, Max: 28.0, Diff: 5.9, Sum: 214.3]
      [GC Worker End (ms): Min: 85901650.4, Avg: 85901650.4, Max: 85901650.4, Diff: 0.0]
   [Code Root Fixup: 0.1 ms]
   [Code Root Purge: 0.0 ms]
   [Clear CT: 0.1 ms]
   [Other: 3.3 ms]
      [Choose CSet: 0.0 ms]
      [Ref Proc: 2.0 ms]
      [Ref Enq: 0.0 ms]
      [Redirty Cards: 0.1 ms]
      [Humongous Register: 0.2 ms]
      [Humongous Reclaim: 0.0 ms]
      [Free CSet: 0.1 ms]
   [Eden: 44.0M(44.0M)->0.0B(44.0M) Survivors: 7168.0K->7168.0K Heap: 399.0M(1024.0M)->361.3M(1024.0M)]
 [Times: user=0.09 sys=0.03, real=0.04 secs] 
2021-04-24T19:45:29.882+0800: 86109.319: [GC pause (G1 Evacuation Pause) (young), 0.0320485 secs]
   [Parallel Time: 29.8 ms, GC Workers: 8]
      [GC Worker Start (ms): Min: 86109319.6, Avg: 86109319.9, Max: 86109320.2, Diff: 0.6]
      [Ext Root Scanning (ms): Min: 0.8, Avg: 1.9, Max: 3.7, Diff: 2.8, Sum: 14.9]
      [Update RS (ms): Min: 0.0, Avg: 3.5, Max: 7.4, Diff: 7.4, Sum: 27.8]
         [Processed Buffers: Min: 0, Avg: 5.5, Max: 18, Diff: 18, Sum: 44]
      [Scan RS (ms): Min: 0.0, Avg: 1.5, Max: 2.3, Diff: 2.3, Sum: 11.6]
      [Code Root Scanning (ms): Min: 0.0, Avg: 0.0, Max: 0.0, Diff: 0.0, Sum: 0.0]
      [Object Copy (ms): Min: 20.4, Avg: 22.5, Max: 24.6, Diff: 4.2, Sum: 179.8]
      [Termination (ms): Min: 0.0, Avg: 0.1, Max: 0.1, Diff: 0.1, Sum: 0.5]
         [Termination Attempts: Min: 1, Avg: 1.2, Max: 2, Diff: 1, Sum: 10]
      [GC Worker Other (ms): Min: 0.0, Avg: 0.0, Max: 0.2, Diff: 0.1, Sum: 0.3]
      [GC Worker Total (ms): Min: 29.1, Avg: 29.4, Max: 29.6, Diff: 0.6, Sum: 235.0]
      [GC Worker End (ms): Min: 86109349.2, Avg: 86109349.3, Max: 86109349.3, Diff: 0.0]
   [Code Root Fixup: 0.0 ms]
   [Code Root Purge: 0.0 ms]
   [Clear CT: 0.1 ms]
   [Other: 2.1 ms]
      [Choose CSet: 0.0 ms]
      [Ref Proc: 0.3 ms]
      [Ref Enq: 0.0 ms]
      [Redirty Cards: 0.1 ms]
      [Humongous Register: 0.4 ms]
      [Humongous Reclaim: 0.0 ms]
      [Free CSet: 0.1 ms]
   [Eden: 44.0M(44.0M)->0.0B(45.0M) Survivors: 7168.0K->6144.0K Heap: 405.3M(1024.0M)->367.5M(1024.0M)]
 [Times: user=0.08 sys=0.04, real=0.03 secs] 
2021-04-24T19:45:52.245+0800: 86131.681: [GC pause (G1 Evacuation Pause) (young) (initial-mark), 0.0895733 secs]
   [Parallel Time: 87.7 ms, GC Workers: 8]
      [GC Worker Start (ms): Min: 86131683.2, Avg: 86131683.3, Max: 86131683.4, Diff: 0.2]
      [Ext Root Scanning (ms): Min: 6.4, Avg: 8.3, Max: 10.5, Diff: 4.1, Sum: 66.2]
      [Update RS (ms): Min: 0.0, Avg: 0.9, Max: 1.9, Diff: 1.9, Sum: 7.1]
         [Processed Buffers: Min: 0, Avg: 5.2, Max: 16, Diff: 16, Sum: 42]
      [Scan RS (ms): Min: 0.0, Avg: 1.2, Max: 2.5, Diff: 2.4, Sum: 9.6]
      [Code Root Scanning (ms): Min: 0.0, Avg: 0.0, Max: 0.0, Diff: 0.0, Sum: 0.0]
      [Object Copy (ms): Min: 75.4, Avg: 75.8, Max: 76.0, Diff: 0.6, Sum: 606.0]
      [Termination (ms): Min: 0.0, Avg: 0.3, Max: 0.3, Diff: 0.3, Sum: 2.1]
         [Termination Attempts: Min: 1, Avg: 1.0, Max: 1, Diff: 0, Sum: 8]
      [GC Worker Other (ms): Min: 0.0, Avg: 0.0, Max: 0.0, Diff: 0.0, Sum: 0.1]
      [GC Worker Total (ms): Min: 86.3, Avg: 86.4, Max: 86.5, Diff: 0.2, Sum: 691.1]
      [GC Worker End (ms): Min: 86131769.7, Avg: 86131769.7, Max: 86131769.7, Diff: 0.1]
   [Code Root Fixup: 0.0 ms]
   [Code Root Purge: 0.0 ms]
   [Clear CT: 0.1 ms]
   [Other: 1.8 ms]
      [Choose CSet: 0.0 ms]
      [Ref Proc: 0.3 ms]
      [Ref Enq: 0.0 ms]
      [Redirty Cards: 0.1 ms]
      [Humongous Register: 0.0 ms]
      [Humongous Reclaim: 0.0 ms]
      [Free CSet: 0.2 ms]
   [Eden: 45.0M(45.0M)->0.0B(45.0M) Survivors: 6144.0K->6144.0K Heap: 412.5M(1024.0M)->373.0M(1024.0M)]
 [Times: user=0.07 sys=0.04, real=0.09 secs] 
2021-04-24T19:45:52.335+0800: 86131.771: [GC concurrent-root-region-scan-start]
2021-04-24T19:45:52.342+0800: 86131.779: [GC concurrent-root-region-scan-end, 0.0074970 secs]
2021-04-24T19:45:52.342+0800: 86131.779: [GC concurrent-mark-start]
2021-04-24T19:45:52.401+0800: 86131.837: [GC concurrent-mark-end, 0.0583854 secs]
2021-04-24T19:45:52.401+0800: 86131.838: [GC remark 2021-04-24T19:45:52.402+0800: 86131.838: [Finalize Marking, 0.0004812 secs] 2021-04-24T19:45:52.402+0800: 86131.839: [GC ref-proc, 0.0002508 secs] 2021-04-24T19:45:52.402+0800: 86131.839: [Unloading, 0.0720595 secs], 0.0735897 secs]
 [Times: user=0.04 sys=0.08, real=0.07 secs] 
2021-04-24T19:45:52.475+0800: 86131.912: [GC cleanup 373M->296M(1024M), 0.0021490 secs]
 [Times: user=0.00 sys=0.00, real=0.00 secs] 
2021-04-24T19:45:52.478+0800: 86131.914: [GC concurrent-cleanup-start]
2021-04-24T19:45:52.481+0800: 86131.918: [GC concurrent-cleanup-end, 0.0035975 secs]
2021-04-24T19:46:14.816+0800: 86154.253: [GC pause (G1 Evacuation Pause) (young), 0.0184996 secs]
   [Parallel Time: 16.9 ms, GC Workers: 8]
      [GC Worker Start (ms): Min: 86154254.3, Avg: 86154254.6, Max: 86154255.2, Diff: 0.8]
      [Ext Root Scanning (ms): Min: 0.7, Avg: 4.4, Max: 14.1, Diff: 13.4, Sum: 34.8]
      [Update RS (ms): Min: 0.0, Avg: 1.6, Max: 3.8, Diff: 3.8, Sum: 12.9]
         [Processed Buffers: Min: 0, Avg: 5.4, Max: 20, Diff: 20, Sum: 43]
      [Scan RS (ms): Min: 0.0, Avg: 1.7, Max: 3.1, Diff: 3.1, Sum: 13.9]
      [Code Root Scanning (ms): Min: 0.0, Avg: 0.0, Max: 0.0, Diff: 0.0, Sum: 0.0]
      [Object Copy (ms): Min: 2.4, Avg: 8.7, Max: 15.1, Diff: 12.7, Sum: 69.4]
      [Termination (ms): Min: 0.0, Avg: 0.1, Max: 0.1, Diff: 0.1, Sum: 0.7]
         [Termination Attempts: Min: 1, Avg: 4.6, Max: 10, Diff: 9, Sum: 37]
      [GC Worker Other (ms): Min: 0.0, Avg: 0.0, Max: 0.0, Diff: 0.0, Sum: 0.2]
      [GC Worker Total (ms): Min: 15.9, Avg: 16.5, Max: 16.7, Diff: 0.8, Sum: 132.0]
      [GC Worker End (ms): Min: 86154271.1, Avg: 86154271.1, Max: 86154271.1, Diff: 0.1]
   [Code Root Fixup: 0.0 ms]
   [Code Root Purge: 0.0 ms]
   [Clear CT: 0.1 ms]
   [Other: 1.5 ms]
      [Choose CSet: 0.0 ms]
      [Ref Proc: 0.2 ms]
      [Ref Enq: 0.0 ms]
      [Redirty Cards: 0.1 ms]
      [Humongous Register: 0.3 ms]
      [Humongous Reclaim: 0.0 ms]
      [Free CSet: 0.1 ms]
   [Eden: 45.0M(45.0M)->0.0B(44.0M) Survivors: 6144.0K->7168.0K Heap: 340.5M(1024.0M)->296.8M(1024.0M)]
 [Times: user=0.08 sys=0.00, real=0.02 secs] 
2021-04-24T19:46:36.712+0800: 86176.149: [GC pause (G1 Evacuation Pause) (mixed), 0.0320730 secs]
   [Parallel Time: 27.6 ms, GC Workers: 8]
      [GC Worker Start (ms): Min: 86176149.9, Avg: 86176150.1, Max: 86176150.5, Diff: 0.7]
      [Ext Root Scanning (ms): Min: 0.7, Avg: 1.7, Max: 3.1, Diff: 2.4, Sum: 13.8]
      [Update RS (ms): Min: 0.0, Avg: 2.6, Max: 6.0, Diff: 6.0, Sum: 21.2]
         [Processed Buffers: Min: 0, Avg: 5.5, Max: 19, Diff: 19, Sum: 44]
      [Scan RS (ms): Min: 5.9, Avg: 7.9, Max: 9.3, Diff: 3.5, Sum: 63.2]
      [Code Root Scanning (ms): Min: 0.0, Avg: 0.1, Max: 0.4, Diff: 0.4, Sum: 0.4]
      [Object Copy (ms): Min: 11.8, Avg: 14.6, Max: 18.2, Diff: 6.4, Sum: 116.5]
      [Termination (ms): Min: 0.0, Avg: 0.4, Max: 0.4, Diff: 0.4, Sum: 3.0]
         [Termination Attempts: Min: 1, Avg: 33.9, Max: 57, Diff: 56, Sum: 271]
      [GC Worker Other (ms): Min: 0.0, Avg: 0.0, Max: 0.0, Diff: 0.0, Sum: 0.2]
      [GC Worker Total (ms): Min: 26.8, Avg: 27.3, Max: 27.5, Diff: 0.6, Sum: 218.2]
      [GC Worker End (ms): Min: 86176177.4, Avg: 86176177.4, Max: 86176177.4, Diff: 0.0]
   [Code Root Fixup: 0.0 ms]
   [Code Root Purge: 0.0 ms]
   [Clear CT: 0.2 ms]
   [Other: 4.2 ms]
      [Choose CSet: 0.1 ms]
      [Ref Proc: 0.3 ms]
      [Ref Enq: 0.0 ms]
      [Redirty Cards: 0.1 ms]
      [Humongous Register: 0.3 ms]
      [Humongous Reclaim: 0.0 ms]
      [Free CSet: 2.2 ms]
   [Eden: 44.0M(44.0M)->0.0B(46.0M) Survivors: 7168.0K->5120.0K Heap: 340.8M(1024.0M)->277.1M(1024.0M)]
 [Times: user=0.08 sys=0.05, real=0.03 secs] 
2021-04-24T19:47:00.028+0800: 86199.466: [GC pause (G1 Evacuation Pause) (mixed), 0.0232041 secs]
   [Parallel Time: 19.7 ms, GC Workers: 8]
      [GC Worker Start (ms): Min: 86199466.5, Avg: 86199466.7, Max: 86199467.2, Diff: 0.7]
      [Ext Root Scanning (ms): Min: 0.1, Avg: 0.7, Max: 1.6, Diff: 1.6, Sum: 5.7]
      [Update RS (ms): Min: 0.0, Avg: 2.0, Max: 3.5, Diff: 3.5, Sum: 16.2]
         [Processed Buffers: Min: 0, Avg: 5.2, Max: 13, Diff: 13, Sum: 42]
      [Scan RS (ms): Min: 6.2, Avg: 7.0, Max: 7.8, Diff: 1.6, Sum: 55.7]
      [Code Root Scanning (ms): Min: 0.0, Avg: 0.8, Max: 6.0, Diff: 6.0, Sum: 6.1]
      [Object Copy (ms): Min: 2.8, Avg: 8.7, Max: 12.3, Diff: 9.5, Sum: 69.8]
      [Termination (ms): Min: 0.0, Avg: 0.1, Max: 0.2, Diff: 0.2, Sum: 1.0]
         [Termination Attempts: Min: 1, Avg: 76.8, Max: 143, Diff: 142, Sum: 614]
      [GC Worker Other (ms): Min: 0.0, Avg: 0.0, Max: 0.1, Diff: 0.1, Sum: 0.2]
      [GC Worker Total (ms): Min: 18.9, Avg: 19.3, Max: 19.5, Diff: 0.7, Sum: 154.6]
      [GC Worker End (ms): Min: 86199486.0, Avg: 86199486.0, Max: 86199486.0, Diff: 0.1]
   [Code Root Fixup: 0.0 ms]
   [Code Root Purge: 0.0 ms]
   [Clear CT: 0.5 ms]
   [Other: 3.0 ms]
      [Choose CSet: 0.1 ms]
      [Ref Proc: 0.3 ms]
      [Ref Enq: 0.0 ms]
      [Redirty Cards: 0.1 ms]
      [Humongous Register: 0.1 ms]
      [Humongous Reclaim: 0.0 ms]
      [Free CSet: 1.5 ms]
   [Eden: 46.0M(46.0M)->0.0B(45.0M) Survivors: 5120.0K->6144.0K Heap: 323.1M(1024.0M)->258.7M(1024.0M)]
 [Times: user=0.07 sys=0.02, real=0.03 secs] 
2021-04-24T19:47:22.671+0800: 86222.109: [GC pause (G1 Evacuation Pause) (mixed), 0.0253139 secs]
   [Parallel Time: 23.1 ms, GC Workers: 8]
      [GC Worker Start (ms): Min: 86222109.2, Avg: 86222111.9, Max: 86222117.0, Diff: 7.8]
      [Ext Root Scanning (ms): Min: 0.0, Avg: 1.2, Max: 3.1, Diff: 3.1, Sum: 9.9]
      [Update RS (ms): Min: 0.0, Avg: 1.6, Max: 5.0, Diff: 5.0, Sum: 12.5]
         [Processed Buffers: Min: 0, Avg: 5.0, Max: 19, Diff: 19, Sum: 40]
      [Scan RS (ms): Min: 1.1, Avg: 2.9, Max: 4.4, Diff: 3.4, Sum: 23.4]
      [Code Root Scanning (ms): Min: 0.0, Avg: 0.0, Max: 0.0, Diff: 0.0, Sum: 0.0]
      [Object Copy (ms): Min: 13.4, Avg: 14.4, Max: 18.5, Diff: 5.2, Sum: 115.3]
      [Termination (ms): Min: 0.0, Avg: 0.1, Max: 0.1, Diff: 0.1, Sum: 0.7]
         [Termination Attempts: Min: 1, Avg: 2.9, Max: 8, Diff: 7, Sum: 23]
      [GC Worker Other (ms): Min: 0.0, Avg: 0.0, Max: 0.0, Diff: 0.0, Sum: 0.2]
      [GC Worker Total (ms): Min: 15.1, Avg: 20.2, Max: 23.0, Diff: 7.9, Sum: 162.0]
      [GC Worker End (ms): Min: 86222132.2, Avg: 86222132.2, Max: 86222132.2, Diff: 0.1]
   [Code Root Fixup: 0.0 ms]
   [Code Root Purge: 0.0 ms]
   [Clear CT: 0.3 ms]
   [Other: 1.9 ms]
      [Choose CSet: 0.1 ms]
      [Ref Proc: 0.4 ms]
      [Ref Enq: 0.0 ms]
      [Redirty Cards: 0.2 ms]
      [Humongous Register: 0.1 ms]
      [Humongous Reclaim: 0.0 ms]
      [Free CSet: 0.7 ms]
   [Eden: 45.0M(45.0M)->0.0B(45.0M) Survivors: 6144.0K->6144.0K Heap: 303.7M(1024.0M)->239.1M(1024.0M)]
 [Times: user=0.06 sys=0.02, real=0.02 secs] 
2021-04-24T19:47:45.400+0800: 86244.838: [GC pause (G1 Evacuation Pause) (mixed), 0.0215649 secs]
   [Parallel Time: 18.9 ms, GC Workers: 8]
      [GC Worker Start (ms): Min: 86244839.0, Avg: 86244839.2, Max: 86244840.0, Diff: 1.0]
      [Ext Root Scanning (ms): Min: 0.1, Avg: 0.9, Max: 2.3, Diff: 2.2, Sum: 7.6]
      [Update RS (ms): Min: 0.0, Avg: 2.0, Max: 3.9, Diff: 3.9, Sum: 16.2]
         [Processed Buffers: Min: 0, Avg: 5.1, Max: 20, Diff: 20, Sum: 41]
      [Scan RS (ms): Min: 1.2, Avg: 3.0, Max: 6.9, Diff: 5.7, Sum: 23.6]
      [Code Root Scanning (ms): Min: 0.0, Avg: 1.9, Max: 13.1, Diff: 13.1, Sum: 15.6]
      [Object Copy (ms): Min: 1.4, Avg: 10.4, Max: 14.9, Diff: 13.5, Sum: 82.9]
      [Termination (ms): Min: 0.0, Avg: 0.3, Max: 0.4, Diff: 0.4, Sum: 2.5]
         [Termination Attempts: Min: 1, Avg: 1.1, Max: 2, Diff: 1, Sum: 9]
      [GC Worker Other (ms): Min: 0.0, Avg: 0.0, Max: 0.0, Diff: 0.0, Sum: 0.1]
      [GC Worker Total (ms): Min: 17.8, Avg: 18.6, Max: 18.8, Diff: 0.9, Sum: 148.5]
      [GC Worker End (ms): Min: 86244857.7, Avg: 86244857.8, Max: 86244857.8, Diff: 0.1]
   [Code Root Fixup: 0.0 ms]
   [Code Root Purge: 0.0 ms]
   [Clear CT: 0.3 ms]
   [Other: 2.4 ms]
      [Choose CSet: 0.2 ms]
      [Ref Proc: 0.3 ms]
      [Ref Enq: 0.0 ms]
      [Redirty Cards: 0.2 ms]
      [Humongous Register: 0.2 ms]
      [Humongous Reclaim: 0.0 ms]
      [Free CSet: 0.8 ms]
   [Eden: 45.0M(45.0M)->0.0B(45.0M) Survivors: 6144.0K->6144.0K Heap: 284.1M(1024.0M)->219.2M(1024.0M)]
 [Times: user=0.07 sys=0.00, real=0.02 secs] 
2021-04-24T19:48:07.992+0800: 86267.431: [GC pause (G1 Evacuation Pause) (mixed), 0.0135589 secs]
   [Parallel Time: 11.6 ms, GC Workers: 8]
      [GC Worker Start (ms): Min: 86267431.6, Avg: 86267431.8, Max: 86267432.0, Diff: 0.4]
      [Ext Root Scanning (ms): Min: 0.5, Avg: 1.2, Max: 2.0, Diff: 1.5, Sum: 9.8]
      [Update RS (ms): Min: 0.4, Avg: 1.3, Max: 2.2, Diff: 1.8, Sum: 10.3]
         [Processed Buffers: Min: 1, Avg: 5.1, Max: 15, Diff: 14, Sum: 41]
      [Scan RS (ms): Min: 0.7, Avg: 1.6, Max: 2.1, Diff: 1.3, Sum: 12.6]
      [Code Root Scanning (ms): Min: 0.0, Avg: 0.1, Max: 0.6, Diff: 0.6, Sum: 0.9]
      [Object Copy (ms): Min: 6.1, Avg: 6.7, Max: 7.8, Diff: 1.6, Sum: 53.6]
      [Termination (ms): Min: 0.0, Avg: 0.3, Max: 0.4, Diff: 0.4, Sum: 2.8]
         [Termination Attempts: Min: 1, Avg: 3.8, Max: 8, Diff: 7, Sum: 30]
      [GC Worker Other (ms): Min: 0.0, Avg: 0.0, Max: 0.0, Diff: 0.0, Sum: 0.1]
      [GC Worker Total (ms): Min: 11.1, Avg: 11.3, Max: 11.4, Diff: 0.4, Sum: 90.0]
      [GC Worker End (ms): Min: 86267443.0, Avg: 86267443.1, Max: 86267443.1, Diff: 0.0]
   [Code Root Fixup: 0.0 ms]
   [Code Root Purge: 0.0 ms]
   [Clear CT: 0.2 ms]
   [Other: 1.8 ms]
      [Choose CSet: 0.1 ms]
      [Ref Proc: 0.2 ms]
      [Ref Enq: 0.0 ms]
      [Redirty Cards: 0.2 ms]
      [Humongous Register: 0.1 ms]
      [Humongous Reclaim: 0.0 ms]
      [Free CSet: 0.2 ms]
   [Eden: 45.0M(45.0M)->0.0B(45.0M) Survivors: 6144.0K->6144.0K Heap: 264.2M(1024.0M)->204.5M(1024.0M)]
 [Times: user=0.06 sys=0.01, real=0.01 secs] 
2021-04-24T19:48:30.330+0800: 86289.769: [GC pause (G1 Evacuation Pause) (young), 0.0167874 secs]
   [Parallel Time: 15.6 ms, GC Workers: 8]
      [GC Worker Start (ms): Min: 86289769.7, Avg: 86289770.6, Max: 86289775.2, Diff: 5.5]
      [Ext Root Scanning (ms): Min: 0.0, Avg: 1.4, Max: 5.8, Diff: 5.8, Sum: 11.3]
      [Update RS (ms): Min: 0.0, Avg: 2.4, Max: 6.9, Diff: 6.9, Sum: 18.9]
         [Processed Buffers: Min: 0, Avg: 5.6, Max: 25, Diff: 25, Sum: 45]
      [Scan RS (ms): Min: 0.3, Avg: 3.7, Max: 7.0, Diff: 6.7, Sum: 29.3]
      [Code Root Scanning (ms): Min: 0.0, Avg: 0.0, Max: 0.0, Diff: 0.0, Sum: 0.0]
      [Object Copy (ms): Min: 3.7, Avg: 7.0, Max: 14.2, Diff: 10.5, Sum: 56.1]
      [Termination (ms): Min: 0.0, Avg: 0.0, Max: 0.0, Diff: 0.0, Sum: 0.0]
         [Termination Attempts: Min: 1, Avg: 6.5, Max: 11, Diff: 10, Sum: 52]
      [GC Worker Other (ms): Min: 0.0, Avg: 0.0, Max: 0.1, Diff: 0.0, Sum: 0.3]
      [GC Worker Total (ms): Min: 9.9, Avg: 14.5, Max: 15.5, Diff: 5.5, Sum: 116.0]
      [GC Worker End (ms): Min: 86289785.1, Avg: 86289785.1, Max: 86289785.1, Diff: 0.0]
   [Code Root Fixup: 0.0 ms]
   [Code Root Purge: 0.0 ms]
   [Clear CT: 0.1 ms]
   [Other: 1.1 ms]
      [Choose CSet: 0.0 ms]
      [Ref Proc: 0.2 ms]
      [Ref Enq: 0.0 ms]
      [Redirty Cards: 0.1 ms]
      [Humongous Register: 0.2 ms]
      [Humongous Reclaim: 0.0 ms]
      [Free CSet: 0.1 ms]
   [Eden: 45.0M(45.0M)->0.0B(45.0M) Survivors: 6144.0K->6144.0K Heap: 249.5M(1024.0M)->204.6M(1024.0M)]
 [Times: user=0.06 sys=0.01, real=0.01 secs] 
2021-04-24T19:48:52.559+0800: 86311.999: [GC pause (G1 Evacuation Pause) (young), 0.0216486 secs]
   [Parallel Time: 19.6 ms, GC Workers: 8]
      [GC Worker Start (ms): Min: 86311999.0, Avg: 86311999.2, Max: 86312000.2, Diff: 1.2]
      [Ext Root Scanning (ms): Min: 0.0, Avg: 2.7, Max: 8.0, Diff: 8.0, Sum: 21.3]
      [Update RS (ms): Min: 0.0, Avg: 2.1, Max: 4.7, Diff: 4.7, Sum: 16.9]
         [Processed Buffers: Min: 0, Avg: 5.0, Max: 22, Diff: 22, Sum: 40]
      [Scan RS (ms): Min: 0.0, Avg: 1.1, Max: 2.1, Diff: 2.1, Sum: 8.7]
      [Code Root Scanning (ms): Min: 0.0, Avg: 0.0, Max: 0.0, Diff: 0.0, Sum: 0.0]
      [Object Copy (ms): Min: 11.3, Avg: 13.1, Max: 18.2, Diff: 7.0, Sum: 105.1]
      [Termination (ms): Min: 0.0, Avg: 0.1, Max: 0.2, Diff: 0.2, Sum: 1.1]
         [Termination Attempts: Min: 1, Avg: 1.1, Max: 2, Diff: 1, Sum: 9]
      [GC Worker Other (ms): Min: 0.0, Avg: 0.0, Max: 0.0, Diff: 0.0, Sum: 0.1]
      [GC Worker Total (ms): Min: 18.2, Avg: 19.2, Max: 19.4, Diff: 1.2, Sum: 153.2]
      [GC Worker End (ms): Min: 86312018.3, Avg: 86312018.4, Max: 86312018.4, Diff: 0.1]
   [Code Root Fixup: 0.0 ms]
   [Code Root Purge: 0.0 ms]
   [Clear CT: 0.3 ms]
   [Other: 1.8 ms]
      [Choose CSet: 0.0 ms]
      [Ref Proc: 0.2 ms]
      [Ref Enq: 0.0 ms]
      [Redirty Cards: 0.2 ms]
      [Humongous Register: 0.2 ms]
      [Humongous Reclaim: 0.0 ms]
      [Free CSet: 0.1 ms]
   [Eden: 45.0M(45.0M)->0.0B(44.0M) Survivors: 6144.0K->7168.0K Heap: 249.6M(1024.0M)->207.0M(1024.0M)]
 [Times: user=0.06 sys=0.02, real=0.03 secs] 
2021-04-24T19:49:14.507+0800: 86333.947: [GC pause (G1 Evacuation Pause) (young), 0.0211055 secs]
   [Parallel Time: 20.2 ms, GC Workers: 8]
      [GC Worker Start (ms): Min: 86333947.3, Avg: 86333947.7, Max: 86333949.2, Diff: 1.9]
      [Ext Root Scanning (ms): Min: 0.0, Avg: 1.5, Max: 6.3, Diff: 6.3, Sum: 12.0]
      [Update RS (ms): Min: 0.0, Avg: 1.8, Max: 4.4, Diff: 4.4, Sum: 14.3]
         [Processed Buffers: Min: 0, Avg: 6.0, Max: 22, Diff: 22, Sum: 48]
      [Scan RS (ms): Min: 0.0, Avg: 2.4, Max: 3.8, Diff: 3.8, Sum: 19.2]
      [Code Root Scanning (ms): Min: 0.0, Avg: 0.0, Max: 0.0, Diff: 0.0, Sum: 0.0]
      [Object Copy (ms): Min: 13.3, Avg: 13.6, Max: 14.0, Diff: 0.7, Sum: 108.6]
      [Termination (ms): Min: 0.0, Avg: 0.4, Max: 0.5, Diff: 0.5, Sum: 3.4]
         [Termination Attempts: Min: 1, Avg: 2.5, Max: 5, Diff: 4, Sum: 20]
      [GC Worker Other (ms): Min: 0.0, Avg: 0.0, Max: 0.0, Diff: 0.0, Sum: 0.1]
      [GC Worker Total (ms): Min: 18.2, Avg: 19.7, Max: 20.1, Diff: 2.0, Sum: 157.6]
      [GC Worker End (ms): Min: 86333967.4, Avg: 86333967.4, Max: 86333967.4, Diff: 0.0]
   [Code Root Fixup: 0.1 ms]
   [Code Root Purge: 0.0 ms]
   [Clear CT: 0.1 ms]
   [Other: 0.7 ms]
      [Choose CSet: 0.0 ms]
      [Ref Proc: 0.2 ms]
      [Ref Enq: 0.0 ms]
      [Redirty Cards: 0.1 ms]
      [Humongous Register: 0.1 ms]
      [Humongous Reclaim: 0.0 ms]
      [Free CSet: 0.0 ms]
   [Eden: 44.0M(44.0M)->0.0B(46.0M) Survivors: 7168.0K->5120.0K Heap: 251.0M(1024.0M)->206.7M(1024.0M)]
 [Times: user=0.05 sys=0.02, real=0.02 secs] 
2021-04-24T19:49:37.657+0800: 86357.097: [GC pause (G1 Evacuation Pause) (young), 0.0179498 secs]
   [Parallel Time: 16.6 ms, GC Workers: 8]
      [GC Worker Start (ms): Min: 86357097.6, Avg: 86357099.4, Max: 86357103.9, Diff: 6.3]
      [Ext Root Scanning (ms): Min: 0.0, Avg: 1.1, Max: 5.1, Diff: 5.1, Sum: 8.9]
      [Update RS (ms): Min: 0.0, Avg: 1.0, Max: 2.2, Diff: 2.2, Sum: 8.3]
         [Processed Buffers: Min: 0, Avg: 5.9, Max: 22, Diff: 22, Sum: 47]
      [Scan RS (ms): Min: 0.2, Avg: 3.8, Max: 9.2, Diff: 9.0, Sum: 30.4]
      [Code Root Scanning (ms): Min: 0.0, Avg: 0.0, Max: 0.0, Diff: 0.0, Sum: 0.0]
      [Object Copy (ms): Min: 3.6, Avg: 8.1, Max: 9.5, Diff: 5.9, Sum: 65.0]
      [Termination (ms): Min: 0.0, Avg: 0.4, Max: 0.6, Diff: 0.6, Sum: 3.0]
         [Termination Attempts: Min: 1, Avg: 3.1, Max: 9, Diff: 8, Sum: 25]
      [GC Worker Other (ms): Min: 0.0, Avg: 0.0, Max: 0.0, Diff: 0.0, Sum: 0.1]
      [GC Worker Total (ms): Min: 9.7, Avg: 14.5, Max: 16.4, Diff: 6.7, Sum: 115.7]
      [GC Worker End (ms): Min: 86357113.6, Avg: 86357113.9, Max: 86357114.1, Diff: 0.6]
   [Code Root Fixup: 0.0 ms]
   [Code Root Purge: 0.0 ms]
   [Clear CT: 0.1 ms]
   [Other: 1.2 ms]
      [Choose CSet: 0.0 ms]
      [Ref Proc: 0.3 ms]
      [Ref Enq: 0.0 ms]
      [Redirty Cards: 0.1 ms]
      [Humongous Register: 0.1 ms]
      [Humongous Reclaim: 0.0 ms]
      [Free CSet: 0.1 ms]
   [Eden: 46.0M(46.0M)->0.0B(48.0M) Survivors: 5120.0K->7168.0K Heap: 252.7M(1024.0M)->208.5M(1024.0M)]
 [Times: user=0.06 sys=0.01, real=0.02 secs] 
2021-04-24T19:50:01.498+0800: 86380.939: [GC pause (G1 Evacuation Pause) (young), 0.0233817 secs]
   [Parallel Time: 21.7 ms, GC Workers: 8]
      [GC Worker Start (ms): Min: 86380939.9, Avg: 86380940.2, Max: 86380941.0, Diff: 1.1]
      [Ext Root Scanning (ms): Min: 0.0, Avg: 2.8, Max: 10.1, Diff: 10.1, Sum: 22.1]
      [Update RS (ms): Min: 0.0, Avg: 2.6, Max: 8.5, Diff: 8.5, Sum: 21.1]
         [Processed Buffers: Min: 0, Avg: 6.1, Max: 29, Diff: 29, Sum: 49]
      [Scan RS (ms): Min: 0.0, Avg: 2.1, Max: 3.8, Diff: 3.8, Sum: 16.7]
      [Code Root Scanning (ms): Min: 0.0, Avg: 0.0, Max: 0.0, Diff: 0.0, Sum: 0.0]
      [Object Copy (ms): Min: 11.2, Avg: 13.6, Max: 19.3, Diff: 8.1, Sum: 109.1]
      [Termination (ms): Min: 0.0, Avg: 0.1, Max: 0.2, Diff: 0.2, Sum: 1.1]
         [Termination Attempts: Min: 1, Avg: 10.8, Max: 22, Diff: 21, Sum: 86]
      [GC Worker Other (ms): Min: 0.0, Avg: 0.0, Max: 0.1, Diff: 0.1, Sum: 0.3]
      [GC Worker Total (ms): Min: 20.5, Avg: 21.3, Max: 21.6, Diff: 1.1, Sum: 170.4]
      [GC Worker End (ms): Min: 86380961.4, Avg: 86380961.5, Max: 86380961.5, Diff: 0.1]
   [Code Root Fixup: 0.0 ms]
   [Code Root Purge: 0.0 ms]
   [Clear CT: 0.2 ms]
   [Other: 1.5 ms]
      [Choose CSet: 0.0 ms]
      [Ref Proc: 0.3 ms]
      [Ref Enq: 0.0 ms]
      [Redirty Cards: 0.2 ms]
      [Humongous Register: 0.3 ms]
      [Humongous Reclaim: 0.0 ms]
      [Free CSet: 0.1 ms]
   [Eden: 48.0M(48.0M)->0.0B(45.0M) Survivors: 7168.0K->6144.0K Heap: 256.5M(1024.0M)->208.5M(1024.0M)]
 [Times: user=0.07 sys=0.02, real=0.03 secs] 
2021-04-24T19:50:23.664+0800: 86403.105: [GC pause (G1 Evacuation Pause) (young), 0.0164095 secs]
   [Parallel Time: 15.1 ms, GC Workers: 8]
      [GC Worker Start (ms): Min: 86403105.5, Avg: 86403106.8, Max: 86403114.0, Diff: 8.5]
      [Ext Root Scanning (ms): Min: 0.0, Avg: 1.6, Max: 5.0, Diff: 4.9, Sum: 12.4]
      [Update RS (ms): Min: 0.0, Avg: 1.2, Max: 2.6, Diff: 2.6, Sum: 9.9]
         [Processed Buffers: Min: 0, Avg: 5.4, Max: 15, Diff: 15, Sum: 43]
      [Scan RS (ms): Min: 0.1, Avg: 4.6, Max: 9.0, Diff: 8.9, Sum: 36.7]
      [Code Root Scanning (ms): Min: 0.0, Avg: 0.0, Max: 0.0, Diff: 0.0, Sum: 0.0]
      [Object Copy (ms): Min: 2.3, Avg: 6.1, Max: 12.1, Diff: 9.8, Sum: 48.6]
      [Termination (ms): Min: 0.0, Avg: 0.1, Max: 0.1, Diff: 0.1, Sum: 0.5]
         [Termination Attempts: Min: 1, Avg: 93.5, Max: 185, Diff: 184, Sum: 748]
      [GC Worker Other (ms): Min: 0.0, Avg: 0.0, Max: 0.1, Diff: 0.0, Sum: 0.2]
      [GC Worker Total (ms): Min: 6.4, Avg: 13.6, Max: 14.8, Diff: 8.5, Sum: 108.5]
      [GC Worker End (ms): Min: 86403120.4, Avg: 86403120.4, Max: 86403120.4, Diff: 0.0]
   [Code Root Fixup: 0.0 ms]
   [Code Root Purge: 0.0 ms]
   [Clear CT: 0.1 ms]
   [Other: 1.2 ms]
      [Choose CSet: 0.0 ms]
      [Ref Proc: 0.3 ms]
      [Ref Enq: 0.0 ms]
      [Redirty Cards: 0.1 ms]
      [Humongous Register: 0.1 ms]
      [Humongous Reclaim: 0.0 ms]
      [Free CSet: 0.1 ms]
   [Eden: 45.0M(45.0M)->0.0B(71.0M) Survivors: 6144.0K->6144.0K Heap: 253.5M(1024.0M)->208.9M(1024.0M)]
 [Times: user=0.05 sys=0.00, real=0.02 secs] 
2021-04-24T19:50:45.880+0800: 86425.322: [GC pause (G1 Evacuation Pause) (young), 0.0193273 secs]
   [Parallel Time: 17.7 ms, GC Workers: 8]
      [GC Worker Start (ms): Min: 86425323.1, Avg: 86425323.3, Max: 86425323.8, Diff: 0.7]
      [Ext Root Scanning (ms): Min: 1.0, Avg: 5.4, Max: 14.7, Diff: 13.6, Sum: 43.5]
      [Update RS (ms): Min: 0.0, Avg: 2.0, Max: 6.1, Diff: 6.1, Sum: 16.2]
         [Processed Buffers: Min: 0, Avg: 6.1, Max: 29, Diff: 29, Sum: 49]
      [Scan RS (ms): Min: 0.0, Avg: 2.8, Max: 9.5, Diff: 9.5, Sum: 22.2]
      [Code Root Scanning (ms): Min: 0.0, Avg: 0.0, Max: 0.0, Diff: 0.0, Sum: 0.0]
      [Object Copy (ms): Min: 2.6, Avg: 6.9, Max: 10.7, Diff: 8.1, Sum: 55.1]
      [Termination (ms): Min: 0.0, Avg: 0.1, Max: 0.2, Diff: 0.2, Sum: 1.2]
         [Termination Attempts: Min: 1, Avg: 8.4, Max: 19, Diff: 18, Sum: 67]
      [GC Worker Other (ms): Min: 0.0, Avg: 0.0, Max: 0.0, Diff: 0.0, Sum: 0.2]
      [GC Worker Total (ms): Min: 16.9, Avg: 17.3, Max: 17.6, Diff: 0.7, Sum: 138.4]
      [GC Worker End (ms): Min: 86425340.6, Avg: 86425340.6, Max: 86425340.6, Diff: 0.0]
   [Code Root Fixup: 0.0 ms]
   [Code Root Purge: 0.0 ms]
   [Clear CT: 0.1 ms]
   [Other: 1.5 ms]
      [Choose CSet: 0.0 ms]
      [Ref Proc: 0.2 ms]
      [Ref Enq: 0.0 ms]
      [Redirty Cards: 0.1 ms]
      [Humongous Register: 0.5 ms]
      [Humongous Reclaim: 0.0 ms]
      [Free CSet: 0.1 ms]
   [Eden: 45.0M(45.0M)->0.0B(65.0M) Survivors: 6144.0K->6144.0K Heap: 253.9M(1024.0M)->208.8M(1024.0M)]
 [Times: user=0.07 sys=0.01, real=0.02 secs] 
2021-04-24T19:51:18.652+0800: 86458.094: [GC pause (G1 Evacuation Pause) (young), 0.0244652 secs]
   [Parallel Time: 22.4 ms, GC Workers: 8]
      [GC Worker Start (ms): Min: 86458094.9, Avg: 86458095.2, Max: 86458096.0, Diff: 1.2]
      [Ext Root Scanning (ms): Min: 0.0, Avg: 2.1, Max: 5.9, Diff: 5.9, Sum: 17.0]
      [Update RS (ms): Min: 0.0, Avg: 2.0, Max: 5.5, Diff: 5.5, Sum: 15.7]
         [Processed Buffers: Min: 0, Avg: 6.4, Max: 37, Diff: 37, Sum: 51]
      [Scan RS (ms): Min: 0.0, Avg: 2.5, Max: 4.3, Diff: 4.3, Sum: 19.9]
      [Code Root Scanning (ms): Min: 0.0, Avg: 0.0, Max: 0.0, Diff: 0.0, Sum: 0.0]
      [Object Copy (ms): Min: 12.3, Avg: 15.3, Max: 20.5, Diff: 8.2, Sum: 122.2]
      [Termination (ms): Min: 0.0, Avg: 0.1, Max: 0.1, Diff: 0.1, Sum: 0.8]
         [Termination Attempts: Min: 1, Avg: 16.9, Max: 30, Diff: 29, Sum: 135]
      [GC Worker Other (ms): Min: 0.0, Avg: 0.0, Max: 0.0, Diff: 0.0, Sum: 0.2]
      [GC Worker Total (ms): Min: 21.1, Avg: 22.0, Max: 22.3, Diff: 1.2, Sum: 175.7]
      [GC Worker End (ms): Min: 86458117.2, Avg: 86458117.2, Max: 86458117.2, Diff: 0.0]
   [Code Root Fixup: 0.0 ms]
   [Code Root Purge: 0.0 ms]
   [Clear CT: 0.1 ms]
   [Other: 1.9 ms]
      [Choose CSet: 0.0 ms]
      [Ref Proc: 0.8 ms]
      [Ref Enq: 0.0 ms]
      [Redirty Cards: 0.1 ms]
      [Humongous Register: 0.3 ms]
      [Humongous Reclaim: 0.0 ms]
      [Free CSet: 0.1 ms]
   [Eden: 65.0M(65.0M)->0.0B(50.0M) Survivors: 6144.0K->9216.0K Heap: 273.8M(1024.0M)->211.5M(1024.0M)]
 [Times: user=0.08 sys=0.01, real=0.02 secs] 
2021-04-24T19:51:45.347+0800: 86484.790: [GC pause (G1 Evacuation Pause) (young), 0.0350789 secs]
   [Parallel Time: 33.4 ms, GC Workers: 8]
      [GC Worker Start (ms): Min: 86484789.8, Avg: 86484790.3, Max: 86484792.8, Diff: 3.0]
      [Ext Root Scanning (ms): Min: 0.0, Avg: 1.6, Max: 6.9, Diff: 6.9, Sum: 13.1]
      [Update RS (ms): Min: 0.0, Avg: 1.5, Max: 3.1, Diff: 3.1, Sum: 11.9]
         [Processed Buffers: Min: 0, Avg: 5.9, Max: 21, Diff: 21, Sum: 47]
      [Scan RS (ms): Min: 0.0, Avg: 2.2, Max: 3.3, Diff: 3.3, Sum: 17.6]
      [Code Root Scanning (ms): Min: 0.0, Avg: 0.0, Max: 0.0, Diff: 0.0, Sum: 0.0]
      [Object Copy (ms): Min: 26.3, Avg: 27.4, Max: 31.2, Diff: 4.9, Sum: 218.9]
      [Termination (ms): Min: 0.0, Avg: 0.0, Max: 0.1, Diff: 0.1, Sum: 0.3]
         [Termination Attempts: Min: 1, Avg: 3.2, Max: 7, Diff: 6, Sum: 26]
      [GC Worker Other (ms): Min: 0.0, Avg: 0.1, Max: 0.1, Diff: 0.1, Sum: 0.4]
      [GC Worker Total (ms): Min: 30.3, Avg: 32.8, Max: 33.3, Diff: 3.0, Sum: 262.3]
      [GC Worker End (ms): Min: 86484823.1, Avg: 86484823.1, Max: 86484823.1, Diff: 0.0]
   [Code Root Fixup: 0.0 ms]
   [Code Root Purge: 0.0 ms]
   [Clear CT: 0.1 ms]
   [Other: 1.5 ms]
      [Choose CSet: 0.0 ms]
      [Ref Proc: 0.7 ms]
      [Ref Enq: 0.0 ms]
      [Redirty Cards: 0.1 ms]
      [Humongous Register: 0.1 ms]
      [Humongous Reclaim: 0.0 ms]
      [Free CSet: 0.1 ms]
   [Eden: 50.0M(50.0M)->0.0B(44.0M) Survivors: 9216.0K->7168.0K Heap: 261.5M(1024.0M)->211.2M(1024.0M)]
 [Times: user=0.06 sys=0.02, real=0.04 secs] 
2021-04-24T19:52:08.088+0800: 86507.532: [GC pause (G1 Evacuation Pause) (young), 0.0181739 secs]
   [Parallel Time: 16.8 ms, GC Workers: 8]
      [GC Worker Start (ms): Min: 86507531.9, Avg: 86507532.1, Max: 86507532.3, Diff: 0.3]
      [Ext Root Scanning (ms): Min: 0.4, Avg: 4.5, Max: 10.1, Diff: 9.7, Sum: 36.0]
      [Update RS (ms): Min: 0.0, Avg: 2.0, Max: 4.1, Diff: 4.1, Sum: 15.7]
         [Processed Buffers: Min: 0, Avg: 6.5, Max: 22, Diff: 22, Sum: 52]
      [Scan RS (ms): Min: 0.0, Avg: 2.8, Max: 5.3, Diff: 5.3, Sum: 22.6]
      [Code Root Scanning (ms): Min: 0.0, Avg: 0.0, Max: 0.0, Diff: 0.0, Sum: 0.0]
      [Object Copy (ms): Min: 6.4, Avg: 7.2, Max: 7.9, Diff: 1.5, Sum: 57.9]
      [Termination (ms): Min: 0.0, Avg: 0.0, Max: 0.1, Diff: 0.1, Sum: 0.4]
         [Termination Attempts: Min: 1, Avg: 2.0, Max: 6, Diff: 5, Sum: 16]
      [GC Worker Other (ms): Min: 0.0, Avg: 0.0, Max: 0.0, Diff: 0.0, Sum: 0.1]
      [GC Worker Total (ms): Min: 16.4, Avg: 16.6, Max: 16.7, Diff: 0.3, Sum: 132.8]
      [GC Worker End (ms): Min: 86507548.6, Avg: 86507548.6, Max: 86507548.7, Diff: 0.0]
   [Code Root Fixup: 0.0 ms]
   [Code Root Purge: 0.0 ms]
   [Clear CT: 0.1 ms]
   [Other: 1.2 ms]
      [Choose CSet: 0.0 ms]
      [Ref Proc: 0.3 ms]
      [Ref Enq: 0.0 ms]
      [Redirty Cards: 0.1 ms]
      [Humongous Register: 0.1 ms]
      [Humongous Reclaim: 0.0 ms]
      [Free CSet: 0.1 ms]
   [Eden: 44.0M(44.0M)->0.0B(45.0M) Survivors: 7168.0K->6144.0K Heap: 255.2M(1024.0M)->211.3M(1024.0M)]
 [Times: user=0.06 sys=0.01, real=0.02 secs] 
2021-04-24T19:52:30.393+0800: 86529.836: [GC pause (G1 Evacuation Pause) (young), 0.0224757 secs]
   [Parallel Time: 21.0 ms, GC Workers: 8]
      [GC Worker Start (ms): Min: 86529836.9, Avg: 86529838.9, Max: 86529844.3, Diff: 7.3]
      [Ext Root Scanning (ms): Min: 0.0, Avg: 4.4, Max: 17.8, Diff: 17.8, Sum: 35.0]
      [Update RS (ms): Min: 0.0, Avg: 1.6, Max: 4.1, Diff: 4.1, Sum: 12.5]
         [Processed Buffers: Min: 0, Avg: 6.6, Max: 17, Diff: 17, Sum: 53]
      [Scan RS (ms): Min: 0.0, Avg: 2.1, Max: 3.3, Diff: 3.3, Sum: 16.7]
      [Code Root Scanning (ms): Min: 0.0, Avg: 0.0, Max: 0.0, Diff: 0.0, Sum: 0.0]
      [Object Copy (ms): Min: 2.8, Avg: 10.7, Max: 13.4, Diff: 10.6, Sum: 85.7]
      [Termination (ms): Min: 0.0, Avg: 0.2, Max: 0.3, Diff: 0.3, Sum: 1.5]
         [Termination Attempts: Min: 1, Avg: 1.2, Max: 2, Diff: 1, Sum: 10]
      [GC Worker Other (ms): Min: 0.0, Avg: 0.0, Max: 0.0, Diff: 0.0, Sum: 0.1]
      [GC Worker Total (ms): Min: 13.6, Avg: 18.9, Max: 20.9, Diff: 7.3, Sum: 151.5]
      [GC Worker End (ms): Min: 86529857.8, Avg: 86529857.9, Max: 86529857.9, Diff: 0.1]
   [Code Root Fixup: 0.0 ms]
   [Code Root Purge: 0.0 ms]
   [Clear CT: 0.1 ms]
   [Other: 1.4 ms]
      [Choose CSet: 0.0 ms]
      [Ref Proc: 0.3 ms]
      [Ref Enq: 0.0 ms]
      [Redirty Cards: 0.1 ms]
      [Humongous Register: 0.2 ms]
      [Humongous Reclaim: 0.0 ms]
      [Free CSet: 0.1 ms]
   [Eden: 45.0M(45.0M)->0.0B(46.0M) Survivors: 6144.0K->5120.0K Heap: 256.3M(1024.0M)->212.5M(1024.0M)]
 [Times: user=0.05 sys=0.01, real=0.02 secs] 
2021-04-24T19:52:53.256+0800: 86552.700: [GC pause (G1 Evacuation Pause) (young), 0.0200014 secs]
   [Parallel Time: 18.7 ms, GC Workers: 8]
      [GC Worker Start (ms): Min: 86552700.8, Avg: 86552701.0, Max: 86552701.2, Diff: 0.4]
      [Ext Root Scanning (ms): Min: 0.3, Avg: 3.6, Max: 8.0, Diff: 7.7, Sum: 28.6]
      [Update RS (ms): Min: 0.0, Avg: 2.2, Max: 4.4, Diff: 4.4, Sum: 17.4]
         [Processed Buffers: Min: 0, Avg: 6.5, Max: 26, Diff: 26, Sum: 52]
      [Scan RS (ms): Min: 0.9, Avg: 5.1, Max: 11.3, Diff: 10.4, Sum: 40.8]
      [Code Root Scanning (ms): Min: 0.0, Avg: 0.0, Max: 0.0, Diff: 0.0, Sum: 0.0]
      [Object Copy (ms): Min: 2.3, Avg: 7.4, Max: 9.6, Diff: 7.3, Sum: 59.1]
      [Termination (ms): Min: 0.0, Avg: 0.1, Max: 0.2, Diff: 0.2, Sum: 0.8]
         [Termination Attempts: Min: 1, Avg: 3.6, Max: 8, Diff: 7, Sum: 29]
      [GC Worker Other (ms): Min: 0.0, Avg: 0.0, Max: 0.0, Diff: 0.0, Sum: 0.1]
      [GC Worker Total (ms): Min: 18.2, Avg: 18.4, Max: 18.6, Diff: 0.4, Sum: 146.9]
      [GC Worker End (ms): Min: 86552719.3, Avg: 86552719.4, Max: 86552719.4, Diff: 0.1]
   [Code Root Fixup: 0.0 ms]
   [Code Root Purge: 0.0 ms]
   [Clear CT: 0.1 ms]
   [Other: 1.2 ms]
      [Choose CSet: 0.0 ms]
      [Ref Proc: 0.3 ms]
      [Ref Enq: 0.0 ms]
      [Redirty Cards: 0.2 ms]
      [Humongous Register: 0.1 ms]
      [Humongous Reclaim: 0.0 ms]
      [Free CSet: 0.1 ms]
   [Eden: 46.0M(46.0M)->0.0B(44.0M) Survivors: 5120.0K->7168.0K Heap: 258.5M(1024.0M)->214.7M(1024.0M)]
 [Times: user=0.07 sys=0.00, real=0.02 secs] 
2021-04-24T19:53:15.304+0800: 86574.749: [GC pause (G1 Evacuation Pause) (young), 0.0181429 secs]
   [Parallel Time: 16.8 ms, GC Workers: 8]
      [GC Worker Start (ms): Min: 86574749.0, Avg: 86574751.5, Max: 86574759.5, Diff: 10.4]
      [Ext Root Scanning (ms): Min: 0.0, Avg: 2.2, Max: 9.0, Diff: 9.0, Sum: 17.7]
      [Update RS (ms): Min: 0.0, Avg: 2.0, Max: 4.2, Diff: 4.2, Sum: 16.1]
         [Processed Buffers: Min: 0, Avg: 6.4, Max: 15, Diff: 15, Sum: 51]
      [Scan RS (ms): Min: 0.0, Avg: 2.6, Max: 4.7, Diff: 4.7, Sum: 21.2]
      [Code Root Scanning (ms): Min: 0.0, Avg: 0.0, Max: 0.0, Diff: 0.0, Sum: 0.0]
      [Object Copy (ms): Min: 5.7, Avg: 6.9, Max: 7.7, Diff: 2.0, Sum: 55.3]
      [Termination (ms): Min: 0.0, Avg: 0.4, Max: 0.5, Diff: 0.5, Sum: 2.9]
         [Termination Attempts: Min: 1, Avg: 1.4, Max: 3, Diff: 2, Sum: 11]
      [GC Worker Other (ms): Min: 0.0, Avg: 0.0, Max: 0.0, Diff: 0.0, Sum: 0.1]
      [GC Worker Total (ms): Min: 6.2, Avg: 14.2, Max: 16.6, Diff: 10.4, Sum: 113.2]
      [GC Worker End (ms): Min: 86574765.6, Avg: 86574765.6, Max: 86574765.6, Diff: 0.0]
   [Code Root Fixup: 0.0 ms]
   [Code Root Purge: 0.0 ms]
   [Clear CT: 0.1 ms]
   [Other: 1.2 ms]
      [Choose CSet: 0.0 ms]
      [Ref Proc: 0.3 ms]
      [Ref Enq: 0.0 ms]
      [Redirty Cards: 0.1 ms]
      [Humongous Register: 0.1 ms]
      [Humongous Reclaim: 0.0 ms]
      [Free CSet: 0.1 ms]
   [Eden: 44.0M(44.0M)->0.0B(47.0M) Survivors: 7168.0K->6144.0K Heap: 258.7M(1024.0M)->214.1M(1024.0M)]
 [Times: user=0.06 sys=0.00, real=0.02 secs] 
2021-04-24T19:53:38.947+0800: 86598.392: [GC pause (G1 Evacuation Pause) (young), 0.0203682 secs]
   [Parallel Time: 18.3 ms, GC Workers: 8]
      [GC Worker Start (ms): Min: 86598393.1, Avg: 86598393.4, Max: 86598393.8, Diff: 0.7]
      [Ext Root Scanning (ms): Min: 0.8, Avg: 4.9, Max: 13.9, Diff: 13.2, Sum: 38.9]
      [Update RS (ms): Min: 0.0, Avg: 3.6, Max: 8.7, Diff: 8.7, Sum: 28.6]
         [Processed Buffers: Min: 0, Avg: 6.6, Max: 20, Diff: 20, Sum: 53]
      [Scan RS (ms): Min: 0.0, Avg: 2.7, Max: 4.8, Diff: 4.8, Sum: 21.9]
      [Code Root Scanning (ms): Min: 0.0, Avg: 0.0, Max: 0.0, Diff: 0.0, Sum: 0.0]
      [Object Copy (ms): Min: 3.7, Avg: 6.4, Max: 7.3, Diff: 3.7, Sum: 50.9]
      [Termination (ms): Min: 0.0, Avg: 0.3, Max: 0.4, Diff: 0.4, Sum: 2.5]
         [Termination Attempts: Min: 1, Avg: 17.6, Max: 29, Diff: 28, Sum: 141]
      [GC Worker Other (ms): Min: 0.0, Avg: 0.0, Max: 0.0, Diff: 0.0, Sum: 0.2]
      [GC Worker Total (ms): Min: 17.4, Avg: 17.9, Max: 18.1, Diff: 0.7, Sum: 142.9]
      [GC Worker End (ms): Min: 86598411.2, Avg: 86598411.2, Max: 86598411.2, Diff: 0.0]
   [Code Root Fixup: 0.0 ms]
   [Code Root Purge: 0.0 ms]
   [Clear CT: 0.1 ms]
   [Other: 2.0 ms]
      [Choose CSet: 0.0 ms]
      [Ref Proc: 0.7 ms]
      [Ref Enq: 0.0 ms]
      [Redirty Cards: 0.1 ms]
      [Humongous Register: 0.4 ms]
      [Humongous Reclaim: 0.0 ms]
      [Free CSet: 0.1 ms]
   [Eden: 47.0M(47.0M)->0.0B(44.0M) Survivors: 6144.0K->7168.0K Heap: 261.1M(1024.0M)->215.9M(1024.0M)]
 [Times: user=0.07 sys=0.01, real=0.02 secs] 
2021-04-24T19:54:00.797+0800: 86620.244: [GC pause (G1 Evacuation Pause) (young), 0.0135798 secs]
   [Parallel Time: 11.8 ms, GC Workers: 8]
      [GC Worker Start (ms): Min: 86620244.4, Avg: 86620244.8, Max: 86620245.5, Diff: 1.0]
      [Ext Root Scanning (ms): Min: 0.1, Avg: 1.6, Max: 4.7, Diff: 4.6, Sum: 12.7]
      [Update RS (ms): Min: 0.0, Avg: 1.3, Max: 2.3, Diff: 2.3, Sum: 10.0]
         [Processed Buffers: Min: 0, Avg: 6.4, Max: 21, Diff: 21, Sum: 51]
      [Scan RS (ms): Min: 0.3, Avg: 1.8, Max: 2.2, Diff: 1.9, Sum: 14.3]
      [Code Root Scanning (ms): Min: 0.0, Avg: 0.0, Max: 0.0, Diff: 0.0, Sum: 0.0]
      [Object Copy (ms): Min: 5.8, Avg: 6.2, Max: 7.5, Diff: 1.7, Sum: 49.7]
      [Termination (ms): Min: 0.0, Avg: 0.4, Max: 0.5, Diff: 0.5, Sum: 3.6]
         [Termination Attempts: Min: 1, Avg: 4.4, Max: 8, Diff: 7, Sum: 35]
      [GC Worker Other (ms): Min: 0.0, Avg: 0.0, Max: 0.0, Diff: 0.0, Sum: 0.2]
      [GC Worker Total (ms): Min: 10.6, Avg: 11.3, Max: 11.7, Diff: 1.1, Sum: 90.6]
      [GC Worker End (ms): Min: 86620256.1, Avg: 86620256.1, Max: 86620256.1, Diff: 0.0]
   [Code Root Fixup: 0.0 ms]
   [Code Root Purge: 0.0 ms]
   [Clear CT: 0.1 ms]
   [Other: 1.6 ms]
      [Choose CSet: 0.0 ms]
      [Ref Proc: 0.2 ms]
      [Ref Enq: 0.0 ms]
      [Redirty Cards: 0.1 ms]
      [Humongous Register: 0.2 ms]
      [Humongous Reclaim: 0.0 ms]
      [Free CSet: 0.1 ms]
   [Eden: 44.0M(44.0M)->0.0B(133.0M) Survivors: 7168.0K->5120.0K Heap: 259.9M(1024.0M)->214.7M(1024.0M)]
 [Times: user=0.06 sys=0.01, real=0.02 secs] 
2021-04-24T19:54:46.496+0800: 86665.943: [GC pause (G1 Evacuation Pause) (young), 0.0344829 secs]
   [Parallel Time: 31.3 ms, GC Workers: 8]
      [GC Worker Start (ms): Min: 86665944.0, Avg: 86665944.3, Max: 86665945.4, Diff: 1.4]
      [Ext Root Scanning (ms): Min: 0.0, Avg: 3.6, Max: 10.3, Diff: 10.3, Sum: 28.7]
      [Update RS (ms): Min: 0.0, Avg: 3.7, Max: 7.7, Diff: 7.7, Sum: 29.3]
         [Processed Buffers: Min: 0, Avg: 6.4, Max: 21, Diff: 21, Sum: 51]
      [Scan RS (ms): Min: 0.5, Avg: 3.0, Max: 4.5, Diff: 4.0, Sum: 23.7]
      [Code Root Scanning (ms): Min: 0.0, Avg: 0.0, Max: 0.0, Diff: 0.0, Sum: 0.0]
      [Object Copy (ms): Min: 19.3, Avg: 20.5, Max: 27.2, Diff: 7.8, Sum: 164.2]
      [Termination (ms): Min: 0.0, Avg: 0.0, Max: 0.1, Diff: 0.1, Sum: 0.4]
         [Termination Attempts: Min: 1, Avg: 1.4, Max: 3, Diff: 2, Sum: 11]
      [GC Worker Other (ms): Min: 0.0, Avg: 0.0, Max: 0.0, Diff: 0.0, Sum: 0.2]
      [GC Worker Total (ms): Min: 29.7, Avg: 30.8, Max: 31.1, Diff: 1.4, Sum: 246.4]
      [GC Worker End (ms): Min: 86665975.1, Avg: 86665975.1, Max: 86665975.1, Diff: 0.0]
   [Code Root Fixup: 0.0 ms]
   [Code Root Purge: 0.0 ms]
   [Clear CT: 0.2 ms]
   [Other: 3.0 ms]
      [Choose CSet: 0.0 ms]
      [Ref Proc: 1.1 ms]
      [Ref Enq: 0.0 ms]
      [Redirty Cards: 0.2 ms]
      [Humongous Register: 0.3 ms]
      [Humongous Reclaim: 0.0 ms]
      [Free CSet: 0.2 ms]
   [Eden: 91.0M(46.0M)->0.0B(44.0M) Survivors: 5120.0K->7168.0K Heap: 305.7M(1024.0M)->217.4M(1024.0M)]
 [Times: user=0.09 sys=0.02, real=0.04 secs] 
2021-04-24T19:55:08.311+0800: 86687.760: [GC pause (G1 Evacuation Pause) (young), 0.0153068 secs]
   [Parallel Time: 14.6 ms, GC Workers: 8]
      [GC Worker Start (ms): Min: 86687759.8, Avg: 86687760.9, Max: 86687766.8, Diff: 6.9]
      [Ext Root Scanning (ms): Min: 0.0, Avg: 2.6, Max: 10.0, Diff: 10.0, Sum: 21.0]
      [Update RS (ms): Min: 0.0, Avg: 2.0, Max: 4.1, Diff: 4.1, Sum: 15.6]
         [Processed Buffers: Min: 0, Avg: 6.2, Max: 21, Diff: 21, Sum: 50]
      [Scan RS (ms): Min: 0.0, Avg: 2.8, Max: 4.6, Diff: 4.6, Sum: 22.3]
      [Code Root Scanning (ms): Min: 0.0, Avg: 0.0, Max: 0.0, Diff: 0.0, Sum: 0.0]
      [Object Copy (ms): Min: 4.4, Avg: 5.8, Max: 13.2, Diff: 8.8, Sum: 46.4]
      [Termination (ms): Min: 0.0, Avg: 0.2, Max: 0.3, Diff: 0.3, Sum: 1.5]
         [Termination Attempts: Min: 1, Avg: 1.0, Max: 1, Diff: 0, Sum: 8]
      [GC Worker Other (ms): Min: 0.0, Avg: 0.0, Max: 0.0, Diff: 0.0, Sum: 0.1]
      [GC Worker Total (ms): Min: 7.5, Avg: 13.4, Max: 14.5, Diff: 6.9, Sum: 107.0]
      [GC Worker End (ms): Min: 86687774.3, Avg: 86687774.3, Max: 86687774.3, Diff: 0.0]
   [Code Root Fixup: 0.0 ms]
   [Code Root Purge: 0.0 ms]
   [Clear CT: 0.1 ms]
   [Other: 0.7 ms]
      [Choose CSet: 0.0 ms]
      [Ref Proc: 0.1 ms]
      [Ref Enq: 0.0 ms]
      [Redirty Cards: 0.0 ms]
      [Humongous Register: 0.1 ms]
      [Humongous Reclaim: 0.0 ms]
      [Free CSet: 0.1 ms]
   [Eden: 44.0M(44.0M)->0.0B(44.0M) Survivors: 7168.0K->7168.0K Heap: 261.4M(1024.0M)->218.8M(1024.0M)]
 [Times: user=0.06 sys=0.01, real=0.01 secs] 
2021-04-24T19:55:30.270+0800: 86709.718: [GC pause (G1 Evacuation Pause) (young), 0.0200285 secs]
   [Parallel Time: 18.4 ms, GC Workers: 8]
      [GC Worker Start (ms): Min: 86709718.9, Avg: 86709719.7, Max: 86709724.2, Diff: 5.3]
      [Ext Root Scanning (ms): Min: 0.0, Avg: 2.1, Max: 9.4, Diff: 9.4, Sum: 16.4]
      [Update RS (ms): Min: 0.0, Avg: 2.1, Max: 4.9, Diff: 4.9, Sum: 16.6]
         [Processed Buffers: Min: 0, Avg: 7.0, Max: 18, Diff: 18, Sum: 56]
      [Scan RS (ms): Min: 0.0, Avg: 2.6, Max: 4.3, Diff: 4.2, Sum: 21.0]
      [Code Root Scanning (ms): Min: 0.0, Avg: 0.0, Max: 0.0, Diff: 0.0, Sum: 0.0]
      [Object Copy (ms): Min: 8.0, Avg: 10.7, Max: 17.1, Diff: 9.1, Sum: 85.5]
      [Termination (ms): Min: 0.0, Avg: 0.1, Max: 0.2, Diff: 0.2, Sum: 1.1]
         [Termination Attempts: Min: 1, Avg: 5.4, Max: 8, Diff: 7, Sum: 43]
      [GC Worker Other (ms): Min: 0.0, Avg: 0.0, Max: 0.0, Diff: 0.0, Sum: 0.2]
      [GC Worker Total (ms): Min: 13.1, Avg: 17.6, Max: 18.4, Diff: 5.3, Sum: 140.8]
      [GC Worker End (ms): Min: 86709737.3, Avg: 86709737.3, Max: 86709737.3, Diff: 0.0]
   [Code Root Fixup: 0.0 ms]
   [Code Root Purge: 0.0 ms]
   [Clear CT: 0.1 ms]
   [Other: 1.4 ms]
      [Choose CSet: 0.0 ms]
      [Ref Proc: 0.3 ms]
      [Ref Enq: 0.0 ms]
      [Redirty Cards: 0.1 ms]
      [Humongous Register: 0.3 ms]
      [Humongous Reclaim: 0.0 ms]
      [Free CSet: 0.1 ms]
   [Eden: 44.0M(44.0M)->0.0B(44.0M) Survivors: 7168.0K->7168.0K Heap: 262.8M(1024.0M)->220.5M(1024.0M)]
 [Times: user=0.08 sys=0.01, real=0.02 secs] 
2021-04-24T19:55:52.411+0800: 86731.859: [GC pause (G1 Evacuation Pause) (young), 0.0152317 secs]
   [Parallel Time: 13.8 ms, GC Workers: 8]
      [GC Worker Start (ms): Min: 86731860.0, Avg: 86731861.0, Max: 86731863.3, Diff: 3.3]
      [Ext Root Scanning (ms): Min: 0.0, Avg: 1.6, Max: 5.0, Diff: 5.0, Sum: 12.5]
      [Update RS (ms): Min: 0.0, Avg: 1.9, Max: 3.1, Diff: 3.1, Sum: 15.0]
         [Processed Buffers: Min: 0, Avg: 6.8, Max: 21, Diff: 21, Sum: 54]
      [Scan RS (ms): Min: 0.9, Avg: 1.6, Max: 1.9, Diff: 0.9, Sum: 12.9]
      [Code Root Scanning (ms): Min: 0.0, Avg: 0.0, Max: 0.0, Diff: 0.0, Sum: 0.0]
      [Object Copy (ms): Min: 7.5, Avg: 7.6, Max: 8.0, Diff: 0.5, Sum: 61.2]
      [Termination (ms): Min: 0.0, Avg: 0.0, Max: 0.1, Diff: 0.1, Sum: 0.3]
         [Termination Attempts: Min: 1, Avg: 2.6, Max: 5, Diff: 4, Sum: 21]
      [GC Worker Other (ms): Min: 0.0, Avg: 0.0, Max: 0.0, Diff: 0.0, Sum: 0.2]
      [GC Worker Total (ms): Min: 10.4, Avg: 12.8, Max: 13.7, Diff: 3.3, Sum: 102.1]
      [GC Worker End (ms): Min: 86731873.7, Avg: 86731873.7, Max: 86731873.7, Diff: 0.0]
   [Code Root Fixup: 0.0 ms]
   [Code Root Purge: 0.0 ms]
   [Clear CT: 0.1 ms]
   [Other: 1.3 ms]
      [Choose CSet: 0.0 ms]
      [Ref Proc: 0.3 ms]
      [Ref Enq: 0.0 ms]
      [Redirty Cards: 0.1 ms]
      [Humongous Register: 0.3 ms]
      [Humongous Reclaim: 0.0 ms]
      [Free CSet: 0.1 ms]
   [Eden: 44.0M(44.0M)->0.0B(143.0M) Survivors: 7168.0K->4096.0K Heap: 264.5M(1024.0M)->219.3M(1024.0M)]
 [Times: user=0.06 sys=0.02, real=0.01 secs] 
2021-04-24T19:57:04.213+0800: 86803.663: [GC pause (G1 Evacuation Pause) (young), 0.0232608 secs]
   [Parallel Time: 21.5 ms, GC Workers: 8]
      [GC Worker Start (ms): Min: 86803663.5, Avg: 86803664.9, Max: 86803672.6, Diff: 9.1]
      [Ext Root Scanning (ms): Min: 0.0, Avg: 3.1, Max: 9.5, Diff: 9.5, Sum: 25.1]
      [Update RS (ms): Min: 0.0, Avg: 2.9, Max: 6.3, Diff: 6.3, Sum: 23.1]
         [Processed Buffers: Min: 0, Avg: 6.1, Max: 19, Diff: 19, Sum: 49]
      [Scan RS (ms): Min: 3.3, Avg: 4.3, Max: 5.5, Diff: 2.2, Sum: 34.6]
      [Code Root Scanning (ms): Min: 0.0, Avg: 0.0, Max: 0.0, Diff: 0.0, Sum: 0.0]
      [Object Copy (ms): Min: 8.3, Avg: 9.5, Max: 16.5, Diff: 8.2, Sum: 75.9]
      [Termination (ms): Min: 0.0, Avg: 0.0, Max: 0.1, Diff: 0.1, Sum: 0.3]
         [Termination Attempts: Min: 1, Avg: 40.9, Max: 66, Diff: 65, Sum: 327]
      [GC Worker Other (ms): Min: 0.0, Avg: 0.1, Max: 0.1, Diff: 0.1, Sum: 0.4]
      [GC Worker Total (ms): Min: 12.2, Avg: 19.9, Max: 21.4, Diff: 9.2, Sum: 159.4]
      [GC Worker End (ms): Min: 86803684.8, Avg: 86803684.8, Max: 86803684.9, Diff: 0.1]
   [Code Root Fixup: 0.0 ms]
   [Code Root Purge: 0.0 ms]
   [Clear CT: 0.2 ms]
   [Other: 1.5 ms]
      [Choose CSet: 0.0 ms]
      [Ref Proc: 0.2 ms]
      [Ref Enq: 0.0 ms]
      [Redirty Cards: 0.2 ms]
      [Humongous Register: 0.3 ms]
      [Humongous Reclaim: 0.0 ms]
      [Free CSet: 0.2 ms]
   [Eden: 143.0M(143.0M)->0.0B(75.0M) Survivors: 4096.0K->7168.0K Heap: 362.3M(1024.0M)->222.2M(1024.0M)]
 [Times: user=0.08 sys=0.01, real=0.02 secs] 
2021-04-24T19:57:41.833+0800: 86841.283: [GC pause (G1 Evacuation Pause) (young), 0.0173433 secs]
   [Parallel Time: 15.8 ms, GC Workers: 8]
      [GC Worker Start (ms): Min: 86841284.1, Avg: 86841285.3, Max: 86841292.4, Diff: 8.4]
      [Ext Root Scanning (ms): Min: 0.0, Avg: 3.5, Max: 8.4, Diff: 8.4, Sum: 28.3]
      [Update RS (ms): Min: 0.0, Avg: 1.9, Max: 4.4, Diff: 4.4, Sum: 15.5]
         [Processed Buffers: Min: 0, Avg: 5.6, Max: 15, Diff: 15, Sum: 45]
      [Scan RS (ms): Min: 0.5, Avg: 2.3, Max: 4.3, Diff: 3.8, Sum: 18.4]
      [Code Root Scanning (ms): Min: 0.0, Avg: 0.0, Max: 0.0, Diff: 0.0, Sum: 0.0]
      [Object Copy (ms): Min: 6.1, Avg: 6.6, Max: 6.7, Diff: 0.6, Sum: 52.7]
      [Termination (ms): Min: 0.0, Avg: 0.0, Max: 0.0, Diff: 0.0, Sum: 0.2]
         [Termination Attempts: Min: 1, Avg: 64.6, Max: 103, Diff: 102, Sum: 517]
      [GC Worker Other (ms): Min: 0.0, Avg: 0.0, Max: 0.1, Diff: 0.0, Sum: 0.2]
      [GC Worker Total (ms): Min: 7.3, Avg: 14.4, Max: 15.6, Diff: 8.3, Sum: 115.5]
      [GC Worker End (ms): Min: 86841299.7, Avg: 86841299.7, Max: 86841299.7, Diff: 0.0]
   [Code Root Fixup: 0.0 ms]
   [Code Root Purge: 0.0 ms]
   [Clear CT: 0.1 ms]
   [Other: 1.4 ms]
      [Choose CSet: 0.0 ms]
      [Ref Proc: 0.3 ms]
      [Ref Enq: 0.0 ms]
      [Redirty Cards: 0.1 ms]
      [Humongous Register: 0.3 ms]
      [Humongous Reclaim: 0.0 ms]
      [Free CSet: 0.1 ms]
   [Eden: 75.0M(75.0M)->0.0B(111.0M) Survivors: 7168.0K->8192.0K Heap: 297.2M(1024.0M)->223.1M(1024.0M)]
 [Times: user=0.08 sys=0.00, real=0.02 secs] 
2021-04-24T19:58:02.995+0800: 86862.447: [GC pause (G1 Evacuation Pause) (young), 0.0228961 secs]
   [Parallel Time: 21.3 ms, GC Workers: 8]
      [GC Worker Start (ms): Min: 86862447.1, Avg: 86862447.9, Max: 86862451.8, Diff: 4.6]
      [Ext Root Scanning (ms): Min: 0.0, Avg: 3.8, Max: 9.4, Diff: 9.4, Sum: 30.3]
      [Update RS (ms): Min: 0.0, Avg: 2.2, Max: 5.6, Diff: 5.6, Sum: 17.6]
         [Processed Buffers: Min: 0, Avg: 6.0, Max: 18, Diff: 18, Sum: 48]
      [Scan RS (ms): Min: 0.0, Avg: 2.3, Max: 4.7, Diff: 4.7, Sum: 18.1]
      [Code Root Scanning (ms): Min: 0.0, Avg: 0.0, Max: 0.0, Diff: 0.0, Sum: 0.0]
      [Object Copy (ms): Min: 11.3, Avg: 12.1, Max: 12.6, Diff: 1.2, Sum: 96.8]
      [Termination (ms): Min: 0.0, Avg: 0.1, Max: 0.1, Diff: 0.1, Sum: 0.4]
         [Termination Attempts: Min: 3, Avg: 15.0, Max: 26, Diff: 23, Sum: 120]
      [GC Worker Other (ms): Min: 0.0, Avg: 0.0, Max: 0.0, Diff: 0.0, Sum: 0.2]
      [GC Worker Total (ms): Min: 16.6, Avg: 20.4, Max: 21.2, Diff: 4.7, Sum: 163.4]
      [GC Worker End (ms): Min: 86862468.3, Avg: 86862468.3, Max: 86862468.3, Diff: 0.0]
   [Code Root Fixup: 0.0 ms]
   [Code Root Purge: 0.0 ms]
   [Clear CT: 0.1 ms]
   [Other: 1.4 ms]
      [Choose CSet: 0.0 ms]
      [Ref Proc: 0.3 ms]
      [Ref Enq: 0.0 ms]
      [Redirty Cards: 0.1 ms]
      [Humongous Register: 0.3 ms]
      [Humongous Reclaim: 0.0 ms]
      [Free CSet: 0.1 ms]
   [Eden: 43.0M(43.0M)->0.0B(78.0M) Survivors: 8192.0K->6144.0K Heap: 266.1M(1024.0M)->223.4M(1024.0M)]
 [Times: user=0.09 sys=0.02, real=0.02 secs] 
2021-04-24T19:58:25.305+0800: 86884.757: [GC pause (G1 Evacuation Pause) (young), 0.0220490 secs]
   [Parallel Time: 20.8 ms, GC Workers: 8]
      [GC Worker Start (ms): Min: 86884757.7, Avg: 86884758.0, Max: 86884758.3, Diff: 0.5]
      [Ext Root Scanning (ms): Min: 0.8, Avg: 6.4, Max: 12.8, Diff: 12.0, Sum: 50.9]
      [Update RS (ms): Min: 0.0, Avg: 2.3, Max: 5.1, Diff: 5.1, Sum: 18.2]
         [Processed Buffers: Min: 0, Avg: 6.4, Max: 20, Diff: 20, Sum: 51]
      [Scan RS (ms): Min: 0.1, Avg: 3.9, Max: 7.0, Diff: 6.9, Sum: 31.5]
      [Code Root Scanning (ms): Min: 0.0, Avg: 0.0, Max: 0.0, Diff: 0.0, Sum: 0.0]
      [Object Copy (ms): Min: 7.0, Avg: 7.5, Max: 8.0, Diff: 1.0, Sum: 60.0]
      [Termination (ms): Min: 0.0, Avg: 0.3, Max: 0.4, Diff: 0.4, Sum: 2.7]
         [Termination Attempts: Min: 1, Avg: 3.5, Max: 7, Diff: 6, Sum: 28]
      [GC Worker Other (ms): Min: 0.0, Avg: 0.0, Max: 0.0, Diff: 0.0, Sum: 0.2]
      [GC Worker Total (ms): Min: 20.1, Avg: 20.4, Max: 20.6, Diff: 0.5, Sum: 163.4]
      [GC Worker End (ms): Min: 86884778.4, Avg: 86884778.4, Max: 86884778.4, Diff: 0.0]
   [Code Root Fixup: 0.0 ms]
   [Code Root Purge: 0.0 ms]
   [Clear CT: 0.1 ms]
   [Other: 1.2 ms]
      [Choose CSet: 0.0 ms]
      [Ref Proc: 0.2 ms]
      [Ref Enq: 0.0 ms]
      [Redirty Cards: 0.1 ms]
      [Humongous Register: 0.2 ms]
      [Humongous Reclaim: 0.0 ms]
      [Free CSet: 0.1 ms]
   [Eden: 45.0M(45.0M)->0.0B(45.0M) Survivors: 6144.0K->6144.0K Heap: 268.4M(1024.0M)->225.9M(1024.0M)]
 [Times: user=0.08 sys=0.01, real=0.02 secs] 
2021-04-24T19:58:47.964+0800: 86907.416: [GC pause (G1 Evacuation Pause) (young), 0.0156471 secs]
   [Parallel Time: 14.5 ms, GC Workers: 8]
      [GC Worker Start (ms): Min: 86907416.0, Avg: 86907417.3, Max: 86907425.2, Diff: 9.2]
      [Ext Root Scanning (ms): Min: 0.0, Avg: 4.0, Max: 9.7, Diff: 9.7, Sum: 32.3]
      [Update RS (ms): Min: 0.0, Avg: 2.5, Max: 5.7, Diff: 5.7, Sum: 20.4]
         [Processed Buffers: Min: 0, Avg: 5.5, Max: 23, Diff: 23, Sum: 44]
      [Scan RS (ms): Min: 0.5, Avg: 2.4, Max: 4.5, Diff: 4.0, Sum: 19.5]
      [Code Root Scanning (ms): Min: 0.0, Avg: 0.0, Max: 0.0, Diff: 0.0, Sum: 0.0]
      [Object Copy (ms): Min: 3.8, Avg: 4.2, Max: 4.5, Diff: 0.7, Sum: 33.5]
      [Termination (ms): Min: 0.0, Avg: 0.0, Max: 0.0, Diff: 0.0, Sum: 0.1]
         [Termination Attempts: Min: 1, Avg: 16.9, Max: 28, Diff: 27, Sum: 135]
      [GC Worker Other (ms): Min: 0.0, Avg: 0.0, Max: 0.0, Diff: 0.0, Sum: 0.3]
      [GC Worker Total (ms): Min: 5.3, Avg: 13.2, Max: 14.5, Diff: 9.2, Sum: 105.9]
      [GC Worker End (ms): Min: 86907430.5, Avg: 86907430.5, Max: 86907430.5, Diff: 0.0]
   [Code Root Fixup: 0.0 ms]
   [Code Root Purge: 0.0 ms]
   [Clear CT: 0.1 ms]
   [Other: 1.0 ms]
      [Choose CSet: 0.0 ms]
      [Ref Proc: 0.2 ms]
      [Ref Enq: 0.0 ms]
      [Redirty Cards: 0.1 ms]
      [Humongous Register: 0.1 ms]
      [Humongous Reclaim: 0.0 ms]
      [Free CSet: 0.1 ms]
   [Eden: 45.0M(45.0M)->0.0B(116.0M) Survivors: 6144.0K->6144.0K Heap: 270.9M(1024.0M)->225.5M(1024.0M)]
 [Times: user=0.08 sys=0.00, real=0.01 secs] 
2021-04-24T19:59:45.794+0800: 86965.247: [GC pause (G1 Evacuation Pause) (young), 0.0193780 secs]
   [Parallel Time: 17.7 ms, GC Workers: 8]
      [GC Worker Start (ms): Min: 86965248.3, Avg: 86965249.7, Max: 86965257.5, Diff: 9.2]
      [Ext Root Scanning (ms): Min: 0.0, Avg: 5.3, Max: 12.7, Diff: 12.7, Sum: 42.4]
      [Update RS (ms): Min: 0.0, Avg: 2.5, Max: 5.8, Diff: 5.8, Sum: 20.1]
         [Processed Buffers: Min: 0, Avg: 6.0, Max: 24, Diff: 24, Sum: 48]
      [Scan RS (ms): Min: 0.0, Avg: 3.1, Max: 5.5, Diff: 5.5, Sum: 25.0]
      [Code Root Scanning (ms): Min: 0.0, Avg: 0.0, Max: 0.0, Diff: 0.0, Sum: 0.0]
      [Object Copy (ms): Min: 4.5, Avg: 5.1, Max: 5.8, Diff: 1.3, Sum: 40.9]
      [Termination (ms): Min: 0.0, Avg: 0.0, Max: 0.0, Diff: 0.0, Sum: 0.2]
         [Termination Attempts: Min: 1, Avg: 52.1, Max: 71, Diff: 70, Sum: 417]
      [GC Worker Other (ms): Min: 0.0, Avg: 0.1, Max: 0.1, Diff: 0.1, Sum: 0.5]
      [GC Worker Total (ms): Min: 8.4, Avg: 16.1, Max: 17.6, Diff: 9.1, Sum: 129.2]
      [GC Worker End (ms): Min: 86965265.8, Avg: 86965265.9, Max: 86965265.9, Diff: 0.1]
   [Code Root Fixup: 0.1 ms]
   [Code Root Purge: 0.0 ms]
   [Clear CT: 0.1 ms]
   [Other: 1.5 ms]
      [Choose CSet: 0.0 ms]
      [Ref Proc: 0.2 ms]
      [Ref Enq: 0.0 ms]
      [Redirty Cards: 0.0 ms]
      [Humongous Register: 0.5 ms]
      [Humongous Reclaim: 0.0 ms]
      [Free CSet: 0.1 ms]
   [Eden: 116.0M(116.0M)->0.0B(109.0M) Survivors: 6144.0K->9216.0K Heap: 341.5M(1024.0M)->228.3M(1024.0M)]
 [Times: user=0.09 sys=0.00, real=0.02 secs] 
2021-04-24T20:00:10.468+0800: 86989.921: [GC pause (G1 Evacuation Pause) (young), 0.0211830 secs]
   [Parallel Time: 19.5 ms, GC Workers: 8]
      [GC Worker Start (ms): Min: 86989921.7, Avg: 86989921.9, Max: 86989922.1, Diff: 0.4]
      [Ext Root Scanning (ms): Min: 0.5, Avg: 4.6, Max: 8.8, Diff: 8.2, Sum: 36.8]
      [Update RS (ms): Min: 0.0, Avg: 1.4, Max: 3.3, Diff: 3.3, Sum: 11.2]
         [Processed Buffers: Min: 0, Avg: 5.5, Max: 34, Diff: 34, Sum: 44]
      [Scan RS (ms): Min: 0.0, Avg: 2.6, Max: 4.8, Diff: 4.8, Sum: 20.4]
      [Code Root Scanning (ms): Min: 0.0, Avg: 0.0, Max: 0.0, Diff: 0.0, Sum: 0.0]
      [Object Copy (ms): Min: 10.3, Avg: 10.5, Max: 10.8, Diff: 0.5, Sum: 84.3]
      [Termination (ms): Min: 0.0, Avg: 0.1, Max: 0.1, Diff: 0.1, Sum: 0.4]
         [Termination Attempts: Min: 1, Avg: 3.1, Max: 6, Diff: 5, Sum: 25]
      [GC Worker Other (ms): Min: 0.0, Avg: 0.0, Max: 0.1, Diff: 0.0, Sum: 0.3]
      [GC Worker Total (ms): Min: 18.9, Avg: 19.2, Max: 19.3, Diff: 0.4, Sum: 153.4]
      [GC Worker End (ms): Min: 86989941.0, Avg: 86989941.0, Max: 86989941.0, Diff: 0.0]
   [Code Root Fixup: 0.1 ms]
   [Code Root Purge: 0.0 ms]
   [Clear CT: 0.2 ms]
   [Other: 1.4 ms]
      [Choose CSet: 0.0 ms]
      [Ref Proc: 0.2 ms]
      [Ref Enq: 0.0 ms]
      [Redirty Cards: 0.2 ms]
      [Humongous Register: 0.3 ms]
      [Humongous Reclaim: 0.0 ms]
      [Free CSet: 0.1 ms]
   [Eden: 50.0M(42.0M)->0.0B(93.0M) Survivors: 9216.0K->5120.0K Heap: 278.3M(1024.0M)->226.4M(1024.0M)]
 [Times: user=0.08 sys=0.02, real=0.02 secs] 
2021-04-24T20:00:56.935+0800: 87036.389: [GC pause (G1 Evacuation Pause) (young), 0.0196913 secs]
   [Parallel Time: 18.5 ms, GC Workers: 8]
      [GC Worker Start (ms): Min: 87036389.9, Avg: 87036391.4, Max: 87036400.6, Diff: 10.7]
      [Ext Root Scanning (ms): Min: 0.0, Avg: 5.9, Max: 15.4, Diff: 15.4, Sum: 46.9]
      [Update RS (ms): Min: 0.0, Avg: 1.8, Max: 4.1, Diff: 4.1, Sum: 14.5]
         [Processed Buffers: Min: 0, Avg: 6.6, Max: 28, Diff: 28, Sum: 53]
      [Scan RS (ms): Min: 0.0, Avg: 4.2, Max: 9.7, Diff: 9.7, Sum: 33.7]
      [Code Root Scanning (ms): Min: 0.0, Avg: 0.0, Max: 0.0, Diff: 0.0, Sum: 0.0]
      [Object Copy (ms): Min: 2.5, Avg: 4.9, Max: 6.7, Diff: 4.2, Sum: 39.5]
      [Termination (ms): Min: 0.0, Avg: 0.0, Max: 0.0, Diff: 0.0, Sum: 0.1]
         [Termination Attempts: Min: 1, Avg: 12.2, Max: 17, Diff: 16, Sum: 98]
      [GC Worker Other (ms): Min: 0.0, Avg: 0.0, Max: 0.0, Diff: 0.0, Sum: 0.2]
      [GC Worker Total (ms): Min: 7.7, Avg: 16.9, Max: 18.4, Diff: 10.7, Sum: 134.9]
      [GC Worker End (ms): Min: 87036408.3, Avg: 87036408.3, Max: 87036408.3, Diff: 0.0]
   [Code Root Fixup: 0.0 ms]
   [Code Root Purge: 0.0 ms]
   [Clear CT: 0.1 ms]
   [Other: 1.1 ms]
      [Choose CSet: 0.0 ms]
      [Ref Proc: 0.2 ms]
      [Ref Enq: 0.0 ms]
      [Redirty Cards: 0.1 ms]
      [Humongous Register: 0.3 ms]
      [Humongous Reclaim: 0.0 ms]
      [Free CSet: 0.1 ms]
   [Eden: 93.0M(93.0M)->0.0B(61.0M) Survivors: 5120.0K->8192.0K Heap: 319.4M(1024.0M)->229.3M(1024.0M)]
 [Times: user=0.08 sys=0.01, real=0.02 secs] 
2021-04-24T20:01:27.244+0800: 87066.699: [GC pause (G1 Evacuation Pause) (young), 0.0170611 secs]
   [Parallel Time: 15.1 ms, GC Workers: 8]
      [GC Worker Start (ms): Min: 87066700.0, Avg: 87066700.2, Max: 87066700.5, Diff: 0.5]
      [Ext Root Scanning (ms): Min: 0.7, Avg: 4.5, Max: 8.4, Diff: 7.7, Sum: 36.2]
      [Update RS (ms): Min: 0.0, Avg: 2.3, Max: 5.0, Diff: 5.0, Sum: 18.3]
         [Processed Buffers: Min: 0, Avg: 6.5, Max: 38, Diff: 38, Sum: 52]
      [Scan RS (ms): Min: 0.4, Avg: 2.0, Max: 3.1, Diff: 2.6, Sum: 16.2]
      [Code Root Scanning (ms): Min: 0.0, Avg: 0.0, Max: 0.0, Diff: 0.0, Sum: 0.0]
      [Object Copy (ms): Min: 5.5, Avg: 5.9, Max: 6.0, Diff: 0.5, Sum: 47.1]
      [Termination (ms): Min: 0.0, Avg: 0.0, Max: 0.0, Diff: 0.0, Sum: 0.0]
         [Termination Attempts: Min: 1, Avg: 13.8, Max: 29, Diff: 28, Sum: 110]
      [GC Worker Other (ms): Min: 0.0, Avg: 0.0, Max: 0.1, Diff: 0.1, Sum: 0.4]
      [GC Worker Total (ms): Min: 14.5, Avg: 14.8, Max: 15.0, Diff: 0.5, Sum: 118.3]
      [GC Worker End (ms): Min: 87066715.0, Avg: 87066715.0, Max: 87066715.0, Diff: 0.1]
   [Code Root Fixup: 0.0 ms]
   [Code Root Purge: 0.0 ms]
   [Clear CT: 0.1 ms]
   [Other: 1.8 ms]
      [Choose CSet: 0.0 ms]
      [Ref Proc: 0.2 ms]
      [Ref Enq: 0.0 ms]
      [Redirty Cards: 0.1 ms]
      [Humongous Register: 0.3 ms]
      [Humongous Reclaim: 0.0 ms]
      [Free CSet: 0.1 ms]
   [Eden: 61.0M(61.0M)->0.0B(118.0M) Survivors: 8192.0K->7168.0K Heap: 290.3M(1024.0M)->229.1M(1024.0M)]
 [Times: user=0.07 sys=0.01, real=0.02 secs] 
2021-04-24T20:02:26.263+0800: 87125.719: [GC pause (G1 Evacuation Pause) (young), 0.0182749 secs]
   [Parallel Time: 16.8 ms, GC Workers: 8]
      [GC Worker Start (ms): Min: 87125720.0, Avg: 87125721.2, Max: 87125728.0, Diff: 8.0]
      [Ext Root Scanning (ms): Min: 0.0, Avg: 4.2, Max: 9.7, Diff: 9.6, Sum: 33.4]
      [Update RS (ms): Min: 0.0, Avg: 2.0, Max: 4.4, Diff: 4.4, Sum: 16.2]
         [Processed Buffers: Min: 0, Avg: 6.2, Max: 16, Diff: 16, Sum: 50]
      [Scan RS (ms): Min: 0.4, Avg: 2.5, Max: 4.2, Diff: 3.8, Sum: 20.3]
      [Code Root Scanning (ms): Min: 0.0, Avg: 0.0, Max: 0.0, Diff: 0.0, Sum: 0.0]
      [Object Copy (ms): Min: 6.5, Avg: 6.7, Max: 7.5, Diff: 1.1, Sum: 53.4]
      [Termination (ms): Min: 0.0, Avg: 0.0, Max: 0.0, Diff: 0.0, Sum: 0.1]
         [Termination Attempts: Min: 1, Avg: 17.8, Max: 32, Diff: 31, Sum: 142]
      [GC Worker Other (ms): Min: 0.0, Avg: 0.0, Max: 0.1, Diff: 0.1, Sum: 0.4]
      [GC Worker Total (ms): Min: 8.8, Avg: 15.5, Max: 16.7, Diff: 7.9, Sum: 123.8]
      [GC Worker End (ms): Min: 87125736.7, Avg: 87125736.7, Max: 87125736.8, Diff: 0.1]
   [Code Root Fixup: 0.0 ms]
   [Code Root Purge: 0.0 ms]
   [Clear CT: 0.1 ms]
   [Other: 1.3 ms]
      [Choose CSet: 0.0 ms]
      [Ref Proc: 0.2 ms]
      [Ref Enq: 0.0 ms]
      [Redirty Cards: 0.1 ms]
      [Humongous Register: 0.3 ms]
      [Humongous Reclaim: 0.0 ms]
      [Free CSet: 0.1 ms]
   [Eden: 118.0M(118.0M)->0.0B(142.0M) Survivors: 7168.0K->9216.0K Heap: 347.1M(1024.0M)->230.6M(1024.0M)]
 [Times: user=0.09 sys=0.00, real=0.02 secs] 
2021-04-24T20:02:46.809+0800: 87146.265: [GC pause (G1 Evacuation Pause) (young), 0.0304929 secs]
   [Parallel Time: 29.1 ms, GC Workers: 8]
      [GC Worker Start (ms): Min: 87146265.5, Avg: 87146268.1, Max: 87146272.9, Diff: 7.3]
      [Ext Root Scanning (ms): Min: 0.0, Avg: 1.6, Max: 4.7, Diff: 4.7, Sum: 13.1]
      [Update RS (ms): Min: 0.0, Avg: 0.9, Max: 2.1, Diff: 2.1, Sum: 7.4]
         [Processed Buffers: Min: 0, Avg: 5.8, Max: 20, Diff: 20, Sum: 46]
      [Scan RS (ms): Min: 0.0, Avg: 2.1, Max: 3.4, Diff: 3.4, Sum: 16.8]
      [Code Root Scanning (ms): Min: 0.0, Avg: 0.0, Max: 0.0, Diff: 0.0, Sum: 0.0]
      [Object Copy (ms): Min: 21.2, Avg: 21.5, Max: 22.0, Diff: 0.7, Sum: 172.0]
      [Termination (ms): Min: 0.0, Avg: 0.2, Max: 0.3, Diff: 0.3, Sum: 1.5]
         [Termination Attempts: Min: 1, Avg: 1.1, Max: 2, Diff: 1, Sum: 9]
      [GC Worker Other (ms): Min: 0.0, Avg: 0.0, Max: 0.1, Diff: 0.0, Sum: 0.3]
      [GC Worker Total (ms): Min: 21.7, Avg: 26.4, Max: 29.0, Diff: 7.3, Sum: 211.1]
      [GC Worker End (ms): Min: 87146294.5, Avg: 87146294.5, Max: 87146294.5, Diff: 0.0]
   [Code Root Fixup: 0.0 ms]
   [Code Root Purge: 0.0 ms]
   [Clear CT: 0.1 ms]
   [Other: 1.2 ms]
      [Choose CSet: 0.0 ms]
      [Ref Proc: 0.2 ms]
      [Ref Enq: 0.0 ms]
      [Redirty Cards: 0.2 ms]
      [Humongous Register: 0.2 ms]
      [Humongous Reclaim: 0.0 ms]
      [Free CSet: 0.1 ms]
   [Eden: 42.0M(42.0M)->0.0B(45.0M) Survivors: 9216.0K->6144.0K Heap: 272.6M(1024.0M)->231.4M(1024.0M)]
 [Times: user=0.08 sys=0.03, real=0.03 secs] 
2021-04-24T20:03:09.392+0800: 87168.848: [GC pause (G1 Evacuation Pause) (young), 0.0175668 secs]
   [Parallel Time: 15.9 ms, GC Workers: 8]
      [GC Worker Start (ms): Min: 87168849.0, Avg: 87168850.2, Max: 87168856.7, Diff: 7.8]
      [Ext Root Scanning (ms): Min: 0.0, Avg: 2.1, Max: 11.0, Diff: 11.0, Sum: 16.9]
      [Update RS (ms): Min: 0.0, Avg: 1.7, Max: 3.9, Diff: 3.9, Sum: 13.7]
         [Processed Buffers: Min: 0, Avg: 6.2, Max: 21, Diff: 21, Sum: 50]
      [Scan RS (ms): Min: 0.0, Avg: 3.4, Max: 6.7, Diff: 6.7, Sum: 27.4]
      [Code Root Scanning (ms): Min: 0.0, Avg: 0.0, Max: 0.0, Diff: 0.0, Sum: 0.0]
      [Object Copy (ms): Min: 4.2, Avg: 7.2, Max: 12.0, Diff: 7.8, Sum: 57.5]
      [Termination (ms): Min: 0.0, Avg: 0.0, Max: 0.0, Diff: 0.0, Sum: 0.1]
         [Termination Attempts: Min: 1, Avg: 15.0, Max: 22, Diff: 21, Sum: 120]
      [GC Worker Other (ms): Min: 0.0, Avg: 0.0, Max: 0.1, Diff: 0.1, Sum: 0.2]
      [GC Worker Total (ms): Min: 8.0, Avg: 14.5, Max: 15.8, Diff: 7.8, Sum: 115.8]
      [GC Worker End (ms): Min: 87168864.7, Avg: 87168864.7, Max: 87168864.7, Diff: 0.0]
   [Code Root Fixup: 0.0 ms]
   [Code Root Purge: 0.0 ms]
   [Clear CT: 0.2 ms]
   [Other: 1.5 ms]
      [Choose CSet: 0.0 ms]
      [Ref Proc: 0.3 ms]
      [Ref Enq: 0.0 ms]
      [Redirty Cards: 0.2 ms]
      [Humongous Register: 0.3 ms]
      [Humongous Reclaim: 0.0 ms]
      [Free CSet: 0.1 ms]
   [Eden: 45.0M(45.0M)->0.0B(44.0M) Survivors: 6144.0K->7168.0K Heap: 276.4M(1024.0M)->232.5M(1024.0M)]
 [Times: user=0.08 sys=0.00, real=0.01 secs] 
2021-04-24T20:03:31.373+0800: 87190.830: [GC pause (G1 Evacuation Pause) (young), 0.0216287 secs]
   [Parallel Time: 20.2 ms, GC Workers: 8]
      [GC Worker Start (ms): Min: 87190830.8, Avg: 87190831.7, Max: 87190836.9, Diff: 6.1]
      [Ext Root Scanning (ms): Min: 0.0, Avg: 2.7, Max: 7.9, Diff: 7.8, Sum: 21.3]
      [Update RS (ms): Min: 0.0, Avg: 1.7, Max: 3.8, Diff: 3.8, Sum: 13.5]
         [Processed Buffers: Min: 0, Avg: 4.9, Max: 18, Diff: 18, Sum: 39]
      [Scan RS (ms): Min: 0.0, Avg: 1.8, Max: 3.1, Diff: 3.1, Sum: 14.3]
      [Code Root Scanning (ms): Min: 0.0, Avg: 0.0, Max: 0.0, Diff: 0.0, Sum: 0.0]
      [Object Copy (ms): Min: 12.0, Avg: 12.9, Max: 17.5, Diff: 5.5, Sum: 103.3]
      [Termination (ms): Min: 0.0, Avg: 0.0, Max: 0.0, Diff: 0.0, Sum: 0.3]
         [Termination Attempts: Min: 1, Avg: 7.2, Max: 13, Diff: 12, Sum: 58]
      [GC Worker Other (ms): Min: 0.0, Avg: 0.0, Max: 0.1, Diff: 0.0, Sum: 0.3]
      [GC Worker Total (ms): Min: 13.9, Avg: 19.1, Max: 20.0, Diff: 6.1, Sum: 152.8]
      [GC Worker End (ms): Min: 87190850.8, Avg: 87190850.8, Max: 87190850.8, Diff: 0.0]
   [Code Root Fixup: 0.0 ms]
   [Code Root Purge: 0.0 ms]
   [Clear CT: 0.1 ms]
   [Other: 1.3 ms]
      [Choose CSet: 0.0 ms]
      [Ref Proc: 0.2 ms]
      [Ref Enq: 0.0 ms]
      [Redirty Cards: 0.1 ms]
      [Humongous Register: 0.3 ms]
      [Humongous Reclaim: 0.0 ms]
      [Free CSet: 0.1 ms]
   [Eden: 44.0M(44.0M)->0.0B(65.0M) Survivors: 7168.0K->5120.0K Heap: 276.5M(1024.0M)->233.1M(1024.0M)]
 [Times: user=0.07 sys=0.02, real=0.02 secs] 
2021-04-24T20:04:03.842+0800: 87223.300: [GC pause (G1 Evacuation Pause) (young), 0.0139286 secs]
   [Parallel Time: 12.9 ms, GC Workers: 8]
      [GC Worker Start (ms): Min: 87223300.5, Avg: 87223302.0, Max: 87223306.7, Diff: 6.2]
      [Ext Root Scanning (ms): Min: 0.0, Avg: 1.1, Max: 5.1, Diff: 5.1, Sum: 8.6]
      [Update RS (ms): Min: 0.0, Avg: 1.3, Max: 2.8, Diff: 2.8, Sum: 10.3]
         [Processed Buffers: Min: 0, Avg: 5.5, Max: 27, Diff: 27, Sum: 44]
      [Scan RS (ms): Min: 0.0, Avg: 3.5, Max: 9.2, Diff: 9.1, Sum: 27.9]
      [Code Root Scanning (ms): Min: 0.0, Avg: 0.0, Max: 0.0, Diff: 0.0, Sum: 0.0]
      [Object Copy (ms): Min: 0.0, Avg: 5.4, Max: 9.9, Diff: 9.9, Sum: 42.8]
      [Termination (ms): Min: 0.0, Avg: 0.1, Max: 0.2, Diff: 0.2, Sum: 1.0]
         [Termination Attempts: Min: 1, Avg: 4.8, Max: 12, Diff: 11, Sum: 38]
      [GC Worker Other (ms): Min: 0.0, Avg: 0.0, Max: 0.0, Diff: 0.0, Sum: 0.1]
      [GC Worker Total (ms): Min: 6.6, Avg: 11.3, Max: 12.8, Diff: 6.2, Sum: 90.8]
      [GC Worker End (ms): Min: 87223313.3, Avg: 87223313.3, Max: 87223313.3, Diff: 0.0]
   [Code Root Fixup: 0.0 ms]
   [Code Root Purge: 0.0 ms]
   [Clear CT: 0.1 ms]
   [Other: 0.9 ms]
      [Choose CSet: 0.0 ms]
      [Ref Proc: 0.3 ms]
      [Ref Enq: 0.0 ms]
      [Redirty Cards: 0.1 ms]
      [Humongous Register: 0.1 ms]
      [Humongous Reclaim: 0.0 ms]
      [Free CSet: 0.1 ms]
   [Eden: 65.0M(65.0M)->0.0B(129.0M) Survivors: 5120.0K->5120.0K Heap: 298.1M(1024.0M)->233.3M(1024.0M)]
 [Times: user=0.05 sys=0.01, real=0.01 secs] 
2021-04-24T20:05:08.090+0800: 87287.549: [GC pause (G1 Evacuation Pause) (young), 0.0173940 secs]
   [Parallel Time: 16.4 ms, GC Workers: 8]
      [GC Worker Start (ms): Min: 87287549.0, Avg: 87287549.2, Max: 87287549.5, Diff: 0.5]
      [Ext Root Scanning (ms): Min: 0.0, Avg: 1.6, Max: 7.6, Diff: 7.6, Sum: 12.4]
      [Update RS (ms): Min: 0.0, Avg: 3.0, Max: 10.2, Diff: 10.2, Sum: 24.0]
         [Processed Buffers: Min: 0, Avg: 5.9, Max: 19, Diff: 19, Sum: 47]
      [Scan RS (ms): Min: 0.0, Avg: 1.6, Max: 2.6, Diff: 2.6, Sum: 12.6]
      [Code Root Scanning (ms): Min: 0.0, Avg: 0.0, Max: 0.0, Diff: 0.0, Sum: 0.0]
      [Object Copy (ms): Min: 5.0, Avg: 9.5, Max: 10.9, Diff: 5.9, Sum: 76.3]
      [Termination (ms): Min: 0.0, Avg: 0.1, Max: 0.1, Diff: 0.1, Sum: 0.5]
         [Termination Attempts: Min: 1, Avg: 1.0, Max: 1, Diff: 0, Sum: 8]
      [GC Worker Other (ms): Min: 0.0, Avg: 0.3, Max: 1.8, Diff: 1.8, Sum: 2.4]
      [GC Worker Total (ms): Min: 15.8, Avg: 16.0, Max: 16.3, Diff: 0.6, Sum: 128.3]
      [GC Worker End (ms): Min: 87287565.3, Avg: 87287565.3, Max: 87287565.3, Diff: 0.0]
   [Code Root Fixup: 0.0 ms]
   [Code Root Purge: 0.0 ms]
   [Clear CT: 0.1 ms]
   [Other: 0.9 ms]
      [Choose CSet: 0.0 ms]
      [Ref Proc: 0.2 ms]
      [Ref Enq: 0.0 ms]
      [Redirty Cards: 0.1 ms]
      [Humongous Register: 0.1 ms]
      [Humongous Reclaim: 0.0 ms]
      [Free CSet: 0.2 ms]
   [Eden: 129.0M(129.0M)->0.0B(136.0M) Survivors: 5120.0K->6144.0K Heap: 362.3M(1024.0M)->234.5M(1024.0M)]
 [Times: user=0.06 sys=0.00, real=0.01 secs] 
2021-04-24T20:05:30.439+0800: 87309.898: [GC pause (G1 Evacuation Pause) (young), 0.0222059 secs]
   [Parallel Time: 20.9 ms, GC Workers: 8]
      [GC Worker Start (ms): Min: 87309898.8, Avg: 87309899.4, Max: 87309902.8, Diff: 4.1]
      [Ext Root Scanning (ms): Min: 0.0, Avg: 1.7, Max: 4.3, Diff: 4.3, Sum: 13.2]
      [Update RS (ms): Min: 0.0, Avg: 2.7, Max: 4.3, Diff: 4.3, Sum: 21.4]
         [Processed Buffers: Min: 0, Avg: 6.5, Max: 22, Diff: 22, Sum: 52]
      [Scan RS (ms): Min: 0.2, Avg: 2.0, Max: 2.8, Diff: 2.6, Sum: 16.2]
      [Code Root Scanning (ms): Min: 0.0, Avg: 0.0, Max: 0.0, Diff: 0.0, Sum: 0.0]
      [Object Copy (ms): Min: 12.9, Avg: 13.7, Max: 16.8, Diff: 3.9, Sum: 109.9]
      [Termination (ms): Min: 0.0, Avg: 0.1, Max: 0.1, Diff: 0.1, Sum: 0.8]
         [Termination Attempts: Min: 1, Avg: 2.1, Max: 4, Diff: 3, Sum: 17]
      [GC Worker Other (ms): Min: 0.0, Avg: 0.0, Max: 0.0, Diff: 0.0, Sum: 0.1]
      [GC Worker Total (ms): Min: 16.8, Avg: 20.2, Max: 20.9, Diff: 4.0, Sum: 161.6]
      [GC Worker End (ms): Min: 87309919.6, Avg: 87309919.6, Max: 87309919.7, Diff: 0.1]
   [Code Root Fixup: 0.0 ms]
   [Code Root Purge: 0.0 ms]
   [Clear CT: 0.1 ms]
   [Other: 1.1 ms]
      [Choose CSet: 0.0 ms]
      [Ref Proc: 0.2 ms]
      [Ref Enq: 0.0 ms]
      [Redirty Cards: 0.2 ms]
      [Humongous Register: 0.1 ms]
      [Humongous Reclaim: 0.0 ms]
      [Free CSet: 0.1 ms]
   [Eden: 45.0M(45.0M)->0.0B(74.0M) Survivors: 6144.0K->7168.0K Heap: 279.5M(1024.0M)->236.7M(1024.0M)]
 [Times: user=0.07 sys=0.01, real=0.03 secs] 
2021-04-24T20:06:07.254+0800: 87346.714: [GC pause (G1 Evacuation Pause) (young), 0.0181829 secs]
   [Parallel Time: 17.0 ms, GC Workers: 8]
      [GC Worker Start (ms): Min: 87346714.0, Avg: 87346714.5, Max: 87346716.2, Diff: 2.2]
      [Ext Root Scanning (ms): Min: 0.0, Avg: 1.1, Max: 5.8, Diff: 5.8, Sum: 9.1]
      [Update RS (ms): Min: 0.0, Avg: 3.8, Max: 15.9, Diff: 15.9, Sum: 30.7]
         [Processed Buffers: Min: 0, Avg: 6.6, Max: 36, Diff: 36, Sum: 53]
      [Scan RS (ms): Min: 0.0, Avg: 2.0, Max: 2.9, Diff: 2.9, Sum: 16.3]
      [Code Root Scanning (ms): Min: 0.0, Avg: 0.0, Max: 0.0, Diff: 0.0, Sum: 0.0]
      [Object Copy (ms): Min: 0.2, Avg: 9.4, Max: 13.9, Diff: 13.7, Sum: 74.8]
      [Termination (ms): Min: 0.0, Avg: 0.1, Max: 0.1, Diff: 0.1, Sum: 0.8]
         [Termination Attempts: Min: 1, Avg: 1.0, Max: 1, Diff: 0, Sum: 8]
      [GC Worker Other (ms): Min: 0.0, Avg: 0.0, Max: 0.0, Diff: 0.0, Sum: 0.1]
      [GC Worker Total (ms): Min: 14.8, Avg: 16.5, Max: 16.9, Diff: 2.2, Sum: 131.9]
      [GC Worker End (ms): Min: 87346730.9, Avg: 87346730.9, Max: 87346731.0, Diff: 0.1]
   [Code Root Fixup: 0.0 ms]
   [Code Root Purge: 0.0 ms]
   [Clear CT: 0.1 ms]
   [Other: 1.0 ms]
      [Choose CSet: 0.0 ms]
      [Ref Proc: 0.3 ms]
      [Ref Enq: 0.0 ms]
      [Redirty Cards: 0.1 ms]
      [Humongous Register: 0.1 ms]
      [Humongous Reclaim: 0.0 ms]
      [Free CSet: 0.1 ms]
   [Eden: 74.0M(74.0M)->0.0B(74.0M) Survivors: 7168.0K->8192.0K Heap: 310.7M(1024.0M)->237.8M(1024.0M)]
 [Times: user=0.07 sys=0.00, real=0.02 secs] 
2021-04-24T20:06:28.484+0800: 87367.945: [GC pause (G1 Evacuation Pause) (young), 0.0298453 secs]
   [Parallel Time: 28.3 ms, GC Workers: 8]
      [GC Worker Start (ms): Min: 87367945.4, Avg: 87367945.5, Max: 87367946.0, Diff: 0.6]
      [Ext Root Scanning (ms): Min: 0.6, Avg: 2.9, Max: 9.5, Diff: 8.9, Sum: 23.2]
      [Update RS (ms): Min: 0.0, Avg: 3.2, Max: 7.0, Diff: 7.0, Sum: 25.3]
         [Processed Buffers: Min: 0, Avg: 5.9, Max: 29, Diff: 29, Sum: 47]
      [Scan RS (ms): Min: 0.0, Avg: 2.7, Max: 4.7, Diff: 4.7, Sum: 21.9]
      [Code Root Scanning (ms): Min: 0.0, Avg: 0.0, Max: 0.0, Diff: 0.0, Sum: 0.0]
      [Object Copy (ms): Min: 17.9, Avg: 19.0, Max: 21.8, Diff: 3.9, Sum: 151.8]
      [Termination (ms): Min: 0.0, Avg: 0.2, Max: 0.3, Diff: 0.3, Sum: 1.7]
         [Termination Attempts: Min: 2, Avg: 5.5, Max: 9, Diff: 7, Sum: 44]
      [GC Worker Other (ms): Min: 0.0, Avg: 0.0, Max: 0.1, Diff: 0.0, Sum: 0.3]
      [GC Worker Total (ms): Min: 27.6, Avg: 28.0, Max: 28.2, Diff: 0.6, Sum: 224.1]
      [GC Worker End (ms): Min: 87367973.5, Avg: 87367973.6, Max: 87367973.6, Diff: 0.0]
   [Code Root Fixup: 0.0 ms]
   [Code Root Purge: 0.0 ms]
   [Clear CT: 0.1 ms]
   [Other: 1.4 ms]
      [Choose CSet: 0.0 ms]
      [Ref Proc: 0.3 ms]
      [Ref Enq: 0.0 ms]
      [Redirty Cards: 0.1 ms]
      [Humongous Register: 0.3 ms]
      [Humongous Reclaim: 0.0 ms]
      [Free CSet: 0.1 ms]
   [Eden: 43.0M(43.0M)->0.0B(45.0M) Survivors: 8192.0K->6144.0K Heap: 280.8M(1024.0M)->238.3M(1024.0M)]
 [Times: user=0.08 sys=0.03, real=0.03 secs] 
2021-04-24T20:06:50.977+0800: 87390.438: [GC pause (G1 Evacuation Pause) (young), 0.0171405 secs]
   [Parallel Time: 15.2 ms, GC Workers: 8]
      [GC Worker Start (ms): Min: 87390438.8, Avg: 87390439.2, Max: 87390440.2, Diff: 1.5]
      [Ext Root Scanning (ms): Min: 0.0, Avg: 3.4, Max: 10.6, Diff: 10.6, Sum: 27.2]
      [Update RS (ms): Min: 0.0, Avg: 3.2, Max: 7.3, Diff: 7.3, Sum: 25.5]
         [Processed Buffers: Min: 0, Avg: 6.0, Max: 20, Diff: 20, Sum: 48]
      [Scan RS (ms): Min: 0.2, Avg: 3.1, Max: 4.5, Diff: 4.3, Sum: 24.6]
      [Code Root Scanning (ms): Min: 0.0, Avg: 0.0, Max: 0.0, Diff: 0.0, Sum: 0.0]
      [Object Copy (ms): Min: 4.0, Avg: 5.0, Max: 11.0, Diff: 7.0, Sum: 39.8]
      [Termination (ms): Min: 0.0, Avg: 0.0, Max: 0.0, Diff: 0.0, Sum: 0.1]
         [Termination Attempts: Min: 1, Avg: 14.2, Max: 22, Diff: 21, Sum: 114]
      [GC Worker Other (ms): Min: 0.0, Avg: 0.0, Max: 0.1, Diff: 0.1, Sum: 0.3]
      [GC Worker Total (ms): Min: 13.6, Avg: 14.7, Max: 15.1, Diff: 1.5, Sum: 117.6]
      [GC Worker End (ms): Min: 87390453.8, Avg: 87390453.9, Max: 87390453.9, Diff: 0.0]
   [Code Root Fixup: 0.0 ms]
   [Code Root Purge: 0.0 ms]
   [Clear CT: 0.2 ms]
   [Other: 1.7 ms]
      [Choose CSet: 0.0 ms]
      [Ref Proc: 0.3 ms]
      [Ref Enq: 0.0 ms]
      [Redirty Cards: 0.2 ms]
      [Humongous Register: 0.3 ms]
      [Humongous Reclaim: 0.0 ms]
      [Free CSet: 0.1 ms]
   [Eden: 45.0M(45.0M)->0.0B(65.0M) Survivors: 6144.0K->5120.0K Heap: 283.3M(1024.0M)->237.4M(1024.0M)]
 [Times: user=0.07 sys=0.00, real=0.02 secs] 
2021-04-24T20:07:23.244+0800: 87422.705: [GC pause (G1 Evacuation Pause) (young), 0.0173582 secs]
   [Parallel Time: 15.6 ms, GC Workers: 8]
      [GC Worker Start (ms): Min: 87422705.4, Avg: 87422705.5, Max: 87422705.7, Diff: 0.3]
      [Ext Root Scanning (ms): Min: 0.7, Avg: 2.9, Max: 10.8, Diff: 10.0, Sum: 23.1]
      [Update RS (ms): Min: 0.0, Avg: 1.5, Max: 3.5, Diff: 3.5, Sum: 12.0]
         [Processed Buffers: Min: 0, Avg: 4.8, Max: 22, Diff: 22, Sum: 38]
      [Scan RS (ms): Min: 0.0, Avg: 1.9, Max: 3.9, Diff: 3.9, Sum: 15.5]
      [Code Root Scanning (ms): Min: 0.0, Avg: 0.0, Max: 0.0, Diff: 0.0, Sum: 0.0]
      [Object Copy (ms): Min: 4.6, Avg: 8.9, Max: 14.4, Diff: 9.8, Sum: 71.3]
      [Termination (ms): Min: 0.0, Avg: 0.0, Max: 0.0, Diff: 0.0, Sum: 0.2]
         [Termination Attempts: Min: 1, Avg: 24.1, Max: 40, Diff: 39, Sum: 193]
      [GC Worker Other (ms): Min: 0.0, Avg: 0.0, Max: 0.1, Diff: 0.0, Sum: 0.2]
      [GC Worker Total (ms): Min: 15.1, Avg: 15.3, Max: 15.4, Diff: 0.2, Sum: 122.2]
      [GC Worker End (ms): Min: 87422720.8, Avg: 87422720.8, Max: 87422720.8, Diff: 0.0]
   [Code Root Fixup: 0.0 ms]
   [Code Root Purge: 0.0 ms]
   [Clear CT: 0.2 ms]
   [Other: 1.6 ms]
      [Choose CSet: 0.0 ms]
      [Ref Proc: 0.3 ms]
      [Ref Enq: 0.0 ms]
      [Redirty Cards: 0.2 ms]
      [Humongous Register: 0.3 ms]
      [Humongous Reclaim: 0.0 ms]
      [Free CSet: 0.1 ms]
   [Eden: 65.0M(65.0M)->0.0B(82.0M) Survivors: 5120.0K->5120.0K Heap: 302.4M(1024.0M)->237.8M(1024.0M)]
 [Times: user=0.08 sys=0.00, real=0.02 secs] 
2021-04-24T20:08:04.064+0800: 87463.527: [GC pause (G1 Evacuation Pause) (young), 0.0182234 secs]
   [Parallel Time: 17.1 ms, GC Workers: 8]
      [GC Worker Start (ms): Min: 87463526.9, Avg: 87463527.9, Max: 87463532.9, Diff: 6.0]
      [Ext Root Scanning (ms): Min: 0.0, Avg: 2.9, Max: 14.6, Diff: 14.5, Sum: 23.5]
      [Update RS (ms): Min: 0.0, Avg: 1.2, Max: 2.7, Diff: 2.7, Sum: 9.3]
         [Processed Buffers: Min: 0, Avg: 5.8, Max: 32, Diff: 32, Sum: 46]
      [Scan RS (ms): Min: 0.1, Avg: 2.8, Max: 11.8, Diff: 11.7, Sum: 22.6]
      [Code Root Scanning (ms): Min: 0.0, Avg: 0.0, Max: 0.0, Diff: 0.0, Sum: 0.0]
      [Object Copy (ms): Min: 1.8, Avg: 9.1, Max: 15.0, Diff: 13.2, Sum: 72.8]
      [Termination (ms): Min: 0.0, Avg: 0.0, Max: 0.0, Diff: 0.0, Sum: 0.0]
         [Termination Attempts: Min: 1, Avg: 10.6, Max: 17, Diff: 16, Sum: 85]
      [GC Worker Other (ms): Min: 0.0, Avg: 0.0, Max: 0.0, Diff: 0.0, Sum: 0.2]
      [GC Worker Total (ms): Min: 11.0, Avg: 16.1, Max: 17.0, Diff: 6.0, Sum: 128.4]
      [GC Worker End (ms): Min: 87463543.9, Avg: 87463544.0, Max: 87463544.0, Diff: 0.0]
   [Code Root Fixup: 0.0 ms]
   [Code Root Purge: 0.0 ms]
   [Clear CT: 0.1 ms]
   [Other: 1.0 ms]
      [Choose CSet: 0.0 ms]
      [Ref Proc: 0.2 ms]
      [Ref Enq: 0.0 ms]
      [Redirty Cards: 0.1 ms]
      [Humongous Register: 0.2 ms]
      [Humongous Reclaim: 0.0 ms]
      [Free CSet: 0.1 ms]
   [Eden: 82.0M(82.0M)->0.0B(80.0M) Survivors: 5120.0K->9216.0K Heap: 319.8M(1024.0M)->241.7M(1024.0M)]
 [Times: user=0.07 sys=0.00, real=0.02 secs] 
2021-04-24T20:08:43.990+0800: 87503.453: [GC pause (G1 Evacuation Pause) (young), 0.0209114 secs]
   [Parallel Time: 19.2 ms, GC Workers: 8]
      [GC Worker Start (ms): Min: 87503454.0, Avg: 87503454.1, Max: 87503454.5, Diff: 0.5]
      [Ext Root Scanning (ms): Min: 0.5, Avg: 4.2, Max: 15.9, Diff: 15.3, Sum: 33.8]
      [Update RS (ms): Min: 0.0, Avg: 1.7, Max: 3.6, Diff: 3.6, Sum: 13.3]
         [Processed Buffers: Min: 0, Avg: 5.5, Max: 30, Diff: 30, Sum: 44]
      [Scan RS (ms): Min: 0.0, Avg: 5.4, Max: 12.0, Diff: 11.9, Sum: 43.5]
      [Code Root Scanning (ms): Min: 0.0, Avg: 0.0, Max: 0.0, Diff: 0.0, Sum: 0.0]
      [Object Copy (ms): Min: 2.3, Avg: 7.5, Max: 16.5, Diff: 14.2, Sum: 60.2]
      [Termination (ms): Min: 0.0, Avg: 0.0, Max: 0.0, Diff: 0.0, Sum: 0.1]
         [Termination Attempts: Min: 1, Avg: 14.5, Max: 28, Diff: 27, Sum: 116]
      [GC Worker Other (ms): Min: 0.0, Avg: 0.0, Max: 0.1, Diff: 0.1, Sum: 0.4]
      [GC Worker Total (ms): Min: 18.5, Avg: 18.9, Max: 19.1, Diff: 0.5, Sum: 151.3]
      [GC Worker End (ms): Min: 87503473.0, Avg: 87503473.0, Max: 87503473.1, Diff: 0.1]
   [Code Root Fixup: 0.0 ms]
   [Code Root Purge: 0.0 ms]
   [Clear CT: 0.2 ms]
   [Other: 1.5 ms]
      [Choose CSet: 0.0 ms]
      [Ref Proc: 0.3 ms]
      [Ref Enq: 0.0 ms]
      [Redirty Cards: 0.2 ms]
      [Humongous Register: 0.3 ms]
      [Humongous Reclaim: 0.0 ms]
      [Free CSet: 0.1 ms]
   [Eden: 80.0M(80.0M)->0.0B(42.0M) Survivors: 9216.0K->9216.0K Heap: 321.7M(1024.0M)->241.3M(1024.0M)]
 [Times: user=0.08 sys=0.01, real=0.02 secs] 
2021-04-24T20:09:04.822+0800: 87524.285: [GC pause (G1 Evacuation Pause) (young), 0.0495171 secs]
   [Parallel Time: 48.4 ms, GC Workers: 8]
      [GC Worker Start (ms): Min: 87524285.7, Avg: 87524286.0, Max: 87524286.6, Diff: 0.8]
      [Ext Root Scanning (ms): Min: 0.0, Avg: 1.6, Max: 4.7, Diff: 4.7, Sum: 12.9]
      [Update RS (ms): Min: 0.0, Avg: 0.9, Max: 2.2, Diff: 2.2, Sum: 7.6]
         [Processed Buffers: Min: 0, Avg: 5.9, Max: 27, Diff: 27, Sum: 47]
      [Scan RS (ms): Min: 0.1, Avg: 2.7, Max: 4.6, Diff: 4.5, Sum: 22.0]
      [Code Root Scanning (ms): Min: 0.0, Avg: 0.0, Max: 0.0, Diff: 0.0, Sum: 0.0]
      [Object Copy (ms): Min: 40.9, Avg: 42.7, Max: 46.4, Diff: 5.5, Sum: 341.6]
      [Termination (ms): Min: 0.0, Avg: 0.0, Max: 0.0, Diff: 0.0, Sum: 0.1]
         [Termination Attempts: Min: 1, Avg: 19.5, Max: 28, Diff: 27, Sum: 156]
      [GC Worker Other (ms): Min: 0.0, Avg: 0.0, Max: 0.1, Diff: 0.0, Sum: 0.3]
      [GC Worker Total (ms): Min: 47.5, Avg: 48.1, Max: 48.3, Diff: 0.8, Sum: 384.4]
      [GC Worker End (ms): Min: 87524334.1, Avg: 87524334.1, Max: 87524334.1, Diff: 0.0]
   [Code Root Fixup: 0.0 ms]
   [Code Root Purge: 0.0 ms]
   [Clear CT: 0.1 ms]
   [Other: 1.0 ms]
      [Choose CSet: 0.0 ms]
      [Ref Proc: 0.2 ms]
      [Ref Enq: 0.0 ms]
      [Redirty Cards: 0.1 ms]
      [Humongous Register: 0.1 ms]
      [Humongous Reclaim: 0.0 ms]
      [Free CSet: 0.1 ms]
   [Eden: 42.0M(42.0M)->0.0B(45.0M) Survivors: 9216.0K->6144.0K Heap: 283.3M(1024.0M)->242.2M(1024.0M)]
 [Times: user=0.08 sys=0.03, real=0.05 secs] 
2021-04-24T20:09:26.054+0800: 87545.518: [GC pause (G1 Evacuation Pause) (young), 0.0212712 secs]
   [Parallel Time: 19.1 ms, GC Workers: 8]
      [GC Worker Start (ms): Min: 87545518.5, Avg: 87545518.9, Max: 87545519.3, Diff: 0.8]
      [Ext Root Scanning (ms): Min: 0.5, Avg: 3.8, Max: 10.6, Diff: 10.1, Sum: 30.7]
      [Update RS (ms): Min: 0.0, Avg: 3.3, Max: 8.8, Diff: 8.8, Sum: 26.1]
         [Processed Buffers: Min: 0, Avg: 6.6, Max: 21, Diff: 21, Sum: 53]
      [Scan RS (ms): Min: 0.0, Avg: 2.9, Max: 4.8, Diff: 4.7, Sum: 23.0]
      [Code Root Scanning (ms): Min: 0.0, Avg: 0.0, Max: 0.0, Diff: 0.0, Sum: 0.0]
      [Object Copy (ms): Min: 8.0, Avg: 8.5, Max: 9.0, Diff: 1.0, Sum: 67.9]
      [Termination (ms): Min: 0.0, Avg: 0.1, Max: 0.2, Diff: 0.1, Sum: 0.7]
         [Termination Attempts: Min: 1, Avg: 75.1, Max: 134, Diff: 133, Sum: 601]
      [GC Worker Other (ms): Min: 0.0, Avg: 0.0, Max: 0.0, Diff: 0.0, Sum: 0.2]
      [GC Worker Total (ms): Min: 18.2, Avg: 18.6, Max: 18.9, Diff: 0.7, Sum: 148.6]
      [GC Worker End (ms): Min: 87545537.4, Avg: 87545537.4, Max: 87545537.5, Diff: 0.0]
   [Code Root Fixup: 0.0 ms]
   [Code Root Purge: 0.0 ms]
   [Clear CT: 0.2 ms]
   [Other: 2.0 ms]
      [Choose CSet: 0.0 ms]
      [Ref Proc: 0.3 ms]
      [Ref Enq: 0.0 ms]
      [Redirty Cards: 0.2 ms]
      [Humongous Register: 0.3 ms]
      [Humongous Reclaim: 0.0 ms]
      [Free CSet: 0.1 ms]
   [Eden: 45.0M(45.0M)->0.0B(44.0M) Survivors: 6144.0K->7168.0K Heap: 287.2M(1024.0M)->245.4M(1024.0M)]
 [Times: user=0.09 sys=0.01, real=0.02 secs] 
2021-04-24T20:09:48.062+0800: 87567.526: [GC pause (G1 Evacuation Pause) (young), 0.0217460 secs]
   [Parallel Time: 20.2 ms, GC Workers: 8]
      [GC Worker Start (ms): Min: 87567526.2, Avg: 87567526.4, Max: 87567526.8, Diff: 0.5]
      [Ext Root Scanning (ms): Min: 1.0, Avg: 2.7, Max: 7.0, Diff: 6.0, Sum: 21.8]
      [Update RS (ms): Min: 0.0, Avg: 1.4, Max: 3.3, Diff: 3.3, Sum: 11.5]
         [Processed Buffers: Min: 0, Avg: 5.1, Max: 19, Diff: 19, Sum: 41]
      [Scan RS (ms): Min: 0.1, Avg: 1.7, Max: 3.4, Diff: 3.3, Sum: 13.4]
      [Code Root Scanning (ms): Min: 0.0, Avg: 0.0, Max: 0.0, Diff: 0.0, Sum: 0.0]
      [Object Copy (ms): Min: 11.9, Avg: 14.0, Max: 18.6, Diff: 6.7, Sum: 112.0]
      [Termination (ms): Min: 0.0, Avg: 0.1, Max: 0.1, Diff: 0.1, Sum: 0.5]
         [Termination Attempts: Min: 1, Avg: 2.5, Max: 4, Diff: 3, Sum: 20]
      [GC Worker Other (ms): Min: 0.0, Avg: 0.0, Max: 0.0, Diff: 0.0, Sum: 0.1]
      [GC Worker Total (ms): Min: 19.5, Avg: 19.9, Max: 20.1, Diff: 0.6, Sum: 159.2]
      [GC Worker End (ms): Min: 87567546.3, Avg: 87567546.3, Max: 87567546.4, Diff: 0.1]
   [Code Root Fixup: 0.0 ms]
   [Code Root Purge: 0.0 ms]
   [Clear CT: 0.1 ms]
   [Other: 1.4 ms]
      [Choose CSet: 0.0 ms]
      [Ref Proc: 0.2 ms]
      [Ref Enq: 0.0 ms]
      [Redirty Cards: 0.1 ms]
      [Humongous Register: 0.3 ms]
      [Humongous Reclaim: 0.0 ms]
      [Free CSet: 0.1 ms]
   [Eden: 44.0M(44.0M)->0.0B(44.0M) Survivors: 7168.0K->7168.0K Heap: 289.4M(1024.0M)->246.9M(1024.0M)]
 [Times: user=0.06 sys=0.01, real=0.02 secs] 
2021-04-24T20:10:09.981+0800: 87589.445: [GC pause (G1 Evacuation Pause) (young), 0.0191001 secs]
   [Parallel Time: 17.6 ms, GC Workers: 8]
      [GC Worker Start (ms): Min: 87589445.8, Avg: 87589446.1, Max: 87589447.1, Diff: 1.3]
      [Ext Root Scanning (ms): Min: 0.0, Avg: 2.5, Max: 8.6, Diff: 8.6, Sum: 19.7]
      [Update RS (ms): Min: 0.0, Avg: 3.2, Max: 6.7, Diff: 6.7, Sum: 25.7]
         [Processed Buffers: Min: 0, Avg: 5.1, Max: 17, Diff: 17, Sum: 41]
      [Scan RS (ms): Min: 0.1, Avg: 2.1, Max: 5.1, Diff: 5.0, Sum: 16.8]
      [Code Root Scanning (ms): Min: 0.0, Avg: 0.0, Max: 0.0, Diff: 0.0, Sum: 0.0]
      [Object Copy (ms): Min: 8.0, Avg: 9.4, Max: 11.4, Diff: 3.4, Sum: 74.9]
      [Termination (ms): Min: 0.0, Avg: 0.0, Max: 0.0, Diff: 0.0, Sum: 0.2]
         [Termination Attempts: Min: 1, Avg: 32.0, Max: 62, Diff: 61, Sum: 256]
      [GC Worker Other (ms): Min: 0.0, Avg: 0.0, Max: 0.1, Diff: 0.1, Sum: 0.3]
      [GC Worker Total (ms): Min: 16.2, Avg: 17.2, Max: 17.5, Diff: 1.4, Sum: 137.7]
      [GC Worker End (ms): Min: 87589463.3, Avg: 87589463.3, Max: 87589463.3, Diff: 0.1]
   [Code Root Fixup: 0.0 ms]
   [Code Root Purge: 0.0 ms]
   [Clear CT: 0.1 ms]
   [Other: 1.3 ms]
      [Choose CSet: 0.0 ms]
      [Ref Proc: 0.3 ms]
      [Ref Enq: 0.0 ms]
      [Redirty Cards: 0.1 ms]
      [Humongous Register: 0.2 ms]
      [Humongous Reclaim: 0.0 ms]
      [Free CSet: 0.1 ms]
   [Eden: 44.0M(44.0M)->0.0B(44.0M) Survivors: 7168.0K->7168.0K Heap: 290.9M(1024.0M)->248.2M(1024.0M)]
 [Times: user=0.07 sys=0.01, real=0.02 secs] 
2021-04-24T20:10:31.827+0800: 87611.292: [GC pause (G1 Evacuation Pause) (young), 0.0198043 secs]
   [Parallel Time: 18.1 ms, GC Workers: 8]
      [GC Worker Start (ms): Min: 87611292.6, Avg: 87611293.8, Max: 87611299.9, Diff: 7.3]
      [Ext Root Scanning (ms): Min: 0.0, Avg: 1.2, Max: 2.6, Diff: 2.5, Sum: 9.4]
      [Update RS (ms): Min: 0.0, Avg: 1.9, Max: 6.8, Diff: 6.8, Sum: 15.0]
         [Processed Buffers: Min: 0, Avg: 5.1, Max: 15, Diff: 15, Sum: 41]
      [Scan RS (ms): Min: 0.0, Avg: 2.2, Max: 4.4, Diff: 4.4, Sum: 17.6]
      [Code Root Scanning (ms): Min: 0.0, Avg: 0.0, Max: 0.0, Diff: 0.0, Sum: 0.0]
      [Object Copy (ms): Min: 9.1, Avg: 11.0, Max: 16.1, Diff: 7.0, Sum: 88.1]
      [Termination (ms): Min: 0.0, Avg: 0.6, Max: 0.7, Diff: 0.7, Sum: 4.5]
         [Termination Attempts: Min: 1, Avg: 1.0, Max: 1, Diff: 0, Sum: 8]
      [GC Worker Other (ms): Min: 0.0, Avg: 0.0, Max: 0.0, Diff: 0.0, Sum: 0.1]
      [GC Worker Total (ms): Min: 10.8, Avg: 16.8, Max: 18.0, Diff: 7.3, Sum: 134.8]
      [GC Worker End (ms): Min: 87611310.6, Avg: 87611310.7, Max: 87611310.7, Diff: 0.0]
   [Code Root Fixup: 0.0 ms]
   [Code Root Purge: 0.0 ms]
   [Clear CT: 0.1 ms]
   [Other: 1.5 ms]
      [Choose CSet: 0.0 ms]
      [Ref Proc: 0.3 ms]
      [Ref Enq: 0.0 ms]
      [Redirty Cards: 0.1 ms]
      [Humongous Register: 0.3 ms]
      [Humongous Reclaim: 0.0 ms]
      [Free CSet: 0.1 ms]
   [Eden: 44.0M(44.0M)->0.0B(46.0M) Survivors: 7168.0K->5120.0K Heap: 292.2M(1024.0M)->248.3M(1024.0M)]
 [Times: user=0.06 sys=0.01, real=0.02 secs] 
2021-04-24T20:10:54.780+0800: 87634.246: [GC pause (G1 Evacuation Pause) (young), 0.0128927 secs]
   [Parallel Time: 11.3 ms, GC Workers: 8]
      [GC Worker Start (ms): Min: 87634246.1, Avg: 87634246.2, Max: 87634246.5, Diff: 0.4]
      [Ext Root Scanning (ms): Min: 0.7, Avg: 3.6, Max: 11.1, Diff: 10.4, Sum: 29.2]
      [Update RS (ms): Min: 0.0, Avg: 3.8, Max: 9.5, Diff: 9.5, Sum: 30.1]
         [Processed Buffers: Min: 0, Avg: 5.6, Max: 20, Diff: 20, Sum: 45]
      [Scan RS (ms): Min: 0.0, Avg: 0.4, Max: 1.0, Diff: 1.0, Sum: 3.5]
      [Code Root Scanning (ms): Min: 0.0, Avg: 0.0, Max: 0.0, Diff: 0.0, Sum: 0.0]
      [Object Copy (ms): Min: 0.0, Avg: 2.7, Max: 6.5, Diff: 6.5, Sum: 21.7]
      [Termination (ms): Min: 0.0, Avg: 0.4, Max: 0.6, Diff: 0.6, Sum: 3.6]
         [Termination Attempts: Min: 1, Avg: 1.2, Max: 2, Diff: 1, Sum: 10]
      [GC Worker Other (ms): Min: 0.0, Avg: 0.0, Max: 0.0, Diff: 0.0, Sum: 0.2]
      [GC Worker Total (ms): Min: 10.7, Avg: 11.0, Max: 11.2, Diff: 0.4, Sum: 88.3]
      [GC Worker End (ms): Min: 87634257.3, Avg: 87634257.3, Max: 87634257.3, Diff: 0.0]
   [Code Root Fixup: 0.0 ms]
   [Code Root Purge: 0.0 ms]
   [Clear CT: 0.1 ms]
   [Other: 1.5 ms]
      [Choose CSet: 0.0 ms]
      [Ref Proc: 0.4 ms]
      [Ref Enq: 0.0 ms]
      [Redirty Cards: 0.1 ms]
      [Humongous Register: 0.3 ms]
      [Humongous Reclaim: 0.0 ms]
      [Free CSet: 0.1 ms]
   [Eden: 46.0M(46.0M)->0.0B(130.0M) Survivors: 5120.0K->4096.0K Heap: 294.3M(1024.0M)->247.7M(1024.0M)]
 [Times: user=0.05 sys=0.00, real=0.01 secs] 
2021-04-24T20:11:59.615+0800: 87699.081: [GC pause (G1 Evacuation Pause) (young), 0.0175260 secs]
   [Parallel Time: 16.0 ms, GC Workers: 8]
      [GC Worker Start (ms): Min: 87699081.8, Avg: 87699083.2, Max: 87699092.1, Diff: 10.3]
      [Ext Root Scanning (ms): Min: 0.0, Avg: 3.8, Max: 13.7, Diff: 13.7, Sum: 30.7]
      [Update RS (ms): Min: 0.0, Avg: 1.4, Max: 3.3, Diff: 3.3, Sum: 11.1]
         [Processed Buffers: Min: 0, Avg: 5.2, Max: 28, Diff: 28, Sum: 42]
      [Scan RS (ms): Min: 0.0, Avg: 0.5, Max: 1.1, Diff: 1.1, Sum: 3.7]
      [Code Root Scanning (ms): Min: 0.0, Avg: 0.0, Max: 0.0, Diff: 0.0, Sum: 0.0]
      [Object Copy (ms): Min: 1.8, Avg: 8.7, Max: 14.7, Diff: 12.9, Sum: 69.8]
      [Termination (ms): Min: 0.0, Avg: 0.0, Max: 0.1, Diff: 0.1, Sum: 0.4]
         [Termination Attempts: Min: 1, Avg: 24.5, Max: 39, Diff: 38, Sum: 196]
      [GC Worker Other (ms): Min: 0.0, Avg: 0.0, Max: 0.0, Diff: 0.0, Sum: 0.2]
      [GC Worker Total (ms): Min: 5.6, Avg: 14.5, Max: 15.9, Diff: 10.3, Sum: 115.8]
      [GC Worker End (ms): Min: 87699097.7, Avg: 87699097.7, Max: 87699097.7, Diff: 0.0]
   [Code Root Fixup: 0.0 ms]
   [Code Root Purge: 0.0 ms]
   [Clear CT: 0.1 ms]
   [Other: 1.4 ms]
      [Choose CSet: 0.0 ms]
      [Ref Proc: 0.3 ms]
      [Ref Enq: 0.0 ms]
      [Redirty Cards: 0.1 ms]
      [Humongous Register: 0.3 ms]
      [Humongous Reclaim: 0.0 ms]
      [Free CSet: 0.1 ms]
   [Eden: 130.0M(130.0M)->0.0B(112.0M) Survivors: 4096.0K->7168.0K Heap: 377.7M(1024.0M)->250.1M(1024.0M)]
 [Times: user=0.07 sys=0.00, real=0.02 secs] 
2021-04-24T20:12:55.588+0800: 87755.055: [GC pause (G1 Evacuation Pause) (young), 0.0156881 secs]
   [Parallel Time: 14.3 ms, GC Workers: 8]
      [GC Worker Start (ms): Min: 87755055.9, Avg: 87755057.3, Max: 87755066.0, Diff: 10.1]
      [Ext Root Scanning (ms): Min: 0.0, Avg: 3.5, Max: 10.8, Diff: 10.7, Sum: 27.9]
      [Update RS (ms): Min: 0.0, Avg: 1.3, Max: 2.9, Diff: 2.9, Sum: 10.6]
         [Processed Buffers: Min: 0, Avg: 5.1, Max: 21, Diff: 21, Sum: 41]
      [Scan RS (ms): Min: 0.0, Avg: 0.4, Max: 1.1, Diff: 1.1, Sum: 3.3]
      [Code Root Scanning (ms): Min: 0.0, Avg: 0.0, Max: 0.0, Diff: 0.0, Sum: 0.0]
      [Object Copy (ms): Min: 3.3, Avg: 7.5, Max: 12.9, Diff: 9.6, Sum: 60.1]
      [Termination (ms): Min: 0.0, Avg: 0.0, Max: 0.1, Diff: 0.1, Sum: 0.3]
         [Termination Attempts: Min: 1, Avg: 2.4, Max: 5, Diff: 4, Sum: 19]
      [GC Worker Other (ms): Min: 0.0, Avg: 0.0, Max: 0.0, Diff: 0.0, Sum: 0.2]
      [GC Worker Total (ms): Min: 4.1, Avg: 12.8, Max: 14.2, Diff: 10.1, Sum: 102.3]
      [GC Worker End (ms): Min: 87755070.1, Avg: 87755070.1, Max: 87755070.1, Diff: 0.0]
   [Code Root Fixup: 0.0 ms]
   [Code Root Purge: 0.0 ms]
   [Clear CT: 0.1 ms]
   [Other: 1.2 ms]
      [Choose CSet: 0.0 ms]
      [Ref Proc: 0.2 ms]
      [Ref Enq: 0.0 ms]
      [Redirty Cards: 0.1 ms]
      [Humongous Register: 0.3 ms]
      [Humongous Reclaim: 0.0 ms]
      [Free CSet: 0.1 ms]
   [Eden: 112.0M(112.0M)->0.0B(158.0M) Survivors: 7168.0K->7168.0K Heap: 362.1M(1024.0M)->250.8M(1024.0M)]
 [Times: user=0.06 sys=0.00, real=0.02 secs] 
2021-04-24T20:14:14.508+0800: 87833.977: [GC pause (G1 Evacuation Pause) (young), 0.0362091 secs]
   [Parallel Time: 34.5 ms, GC Workers: 8]
      [GC Worker Start (ms): Min: 87833977.8, Avg: 87833978.0, Max: 87833978.3, Diff: 0.5]
      [Ext Root Scanning (ms): Min: 0.6, Avg: 2.4, Max: 4.6, Diff: 4.0, Sum: 19.3]
      [Update RS (ms): Min: 0.0, Avg: 1.2, Max: 3.0, Diff: 3.0, Sum: 9.6]
         [Processed Buffers: Min: 0, Avg: 5.4, Max: 15, Diff: 15, Sum: 43]
      [Scan RS (ms): Min: 0.0, Avg: 0.5, Max: 1.3, Diff: 1.3, Sum: 3.9]
      [Code Root Scanning (ms): Min: 0.0, Avg: 0.0, Max: 0.0, Diff: 0.0, Sum: 0.0]
      [Object Copy (ms): Min: 28.9, Avg: 29.9, Max: 33.1, Diff: 4.1, Sum: 239.2]
      [Termination (ms): Min: 0.0, Avg: 0.1, Max: 0.2, Diff: 0.2, Sum: 1.2]
         [Termination Attempts: Min: 1, Avg: 1.8, Max: 4, Diff: 3, Sum: 14]
      [GC Worker Other (ms): Min: 0.0, Avg: 0.0, Max: 0.0, Diff: 0.0, Sum: 0.2]
      [GC Worker Total (ms): Min: 33.9, Avg: 34.2, Max: 34.4, Diff: 0.5, Sum: 273.4]
      [GC Worker End (ms): Min: 87834012.2, Avg: 87834012.2, Max: 87834012.2, Diff: 0.0]
   [Code Root Fixup: 0.1 ms]
   [Code Root Purge: 0.0 ms]
   [Clear CT: 0.1 ms]
   [Other: 1.4 ms]
      [Choose CSet: 0.0 ms]
      [Ref Proc: 0.3 ms]
      [Ref Enq: 0.0 ms]
      [Redirty Cards: 0.1 ms]
      [Humongous Register: 0.3 ms]
      [Humongous Reclaim: 0.0 ms]
      [Free CSet: 0.2 ms]
   [Eden: 158.0M(158.0M)->0.0B(41.0M) Survivors: 7168.0K->10.0M Heap: 408.8M(1024.0M)->253.8M(1024.0M)]
 [Times: user=0.08 sys=0.05, real=0.04 secs] 
2021-04-24T20:14:35.083+0800: 87854.552: [GC pause (G1 Evacuation Pause) (young), 0.0541148 secs]
   [Parallel Time: 52.6 ms, GC Workers: 8]
      [GC Worker Start (ms): Min: 87854552.6, Avg: 87854552.7, Max: 87854553.1, Diff: 0.5]
      [Ext Root Scanning (ms): Min: 0.7, Avg: 2.3, Max: 4.3, Diff: 3.6, Sum: 18.4]
      [Update RS (ms): Min: 0.0, Avg: 1.0, Max: 2.5, Diff: 2.5, Sum: 8.4]
         [Processed Buffers: Min: 0, Avg: 5.1, Max: 14, Diff: 14, Sum: 41]
      [Scan RS (ms): Min: 0.0, Avg: 0.2, Max: 0.9, Diff: 0.9, Sum: 1.9]
      [Code Root Scanning (ms): Min: 0.0, Avg: 0.0, Max: 0.0, Diff: 0.0, Sum: 0.0]
      [Object Copy (ms): Min: 47.5, Avg: 48.5, Max: 50.9, Diff: 3.5, Sum: 387.7]
      [Termination (ms): Min: 0.0, Avg: 0.3, Max: 0.4, Diff: 0.4, Sum: 2.5]
         [Termination Attempts: Min: 1, Avg: 3.0, Max: 6, Diff: 5, Sum: 24]
      [GC Worker Other (ms): Min: 0.0, Avg: 0.0, Max: 0.1, Diff: 0.0, Sum: 0.3]
      [GC Worker Total (ms): Min: 52.1, Avg: 52.4, Max: 52.5, Diff: 0.5, Sum: 419.2]
      [GC Worker End (ms): Min: 87854605.1, Avg: 87854605.1, Max: 87854605.2, Diff: 0.0]
   [Code Root Fixup: 0.0 ms]
   [Code Root Purge: 0.0 ms]
   [Clear CT: 0.1 ms]
   [Other: 1.4 ms]
      [Choose CSet: 0.0 ms]
      [Ref Proc: 0.3 ms]
      [Ref Enq: 0.0 ms]
      [Redirty Cards: 0.1 ms]
      [Humongous Register: 0.3 ms]
      [Humongous Reclaim: 0.0 ms]
      [Free CSet: 0.1 ms]
   [Eden: 41.0M(41.0M)->0.0B(45.0M) Survivors: 10.0M->6144.0K Heap: 294.8M(1024.0M)->253.6M(1024.0M)]
 [Times: user=0.07 sys=0.02, real=0.05 secs] 
2021-04-24T20:14:57.415+0800: 87876.884: [GC pause (G1 Evacuation Pause) (young), 0.0295992 secs]
   [Parallel Time: 27.5 ms, GC Workers: 8]
      [GC Worker Start (ms): Min: 87876884.9, Avg: 87876885.1, Max: 87876885.4, Diff: 0.4]
      [Ext Root Scanning (ms): Min: 0.7, Avg: 3.3, Max: 10.9, Diff: 10.2, Sum: 26.7]
      [Update RS (ms): Min: 0.0, Avg: 2.6, Max: 7.3, Diff: 7.3, Sum: 20.8]
         [Processed Buffers: Min: 0, Avg: 5.8, Max: 29, Diff: 29, Sum: 46]
      [Scan RS (ms): Min: 0.0, Avg: 2.2, Max: 5.8, Diff: 5.8, Sum: 17.5]
      [Code Root Scanning (ms): Min: 0.0, Avg: 0.0, Max: 0.0, Diff: 0.0, Sum: 0.0]
      [Object Copy (ms): Min: 16.2, Avg: 18.9, Max: 26.1, Diff: 9.9, Sum: 151.5]
      [Termination (ms): Min: 0.0, Avg: 0.1, Max: 0.1, Diff: 0.1, Sum: 0.6]
         [Termination Attempts: Min: 1, Avg: 1.0, Max: 1, Diff: 0, Sum: 8]
      [GC Worker Other (ms): Min: 0.0, Avg: 0.0, Max: 0.0, Diff: 0.0, Sum: 0.2]
      [GC Worker Total (ms): Min: 26.9, Avg: 27.2, Max: 27.3, Diff: 0.4, Sum: 217.3]
      [GC Worker End (ms): Min: 87876912.2, Avg: 87876912.3, Max: 87876912.3, Diff: 0.0]
   [Code Root Fixup: 0.0 ms]
   [Code Root Purge: 0.0 ms]
   [Clear CT: 0.1 ms]
   [Other: 1.9 ms]
      [Choose CSet: 0.0 ms]
      [Ref Proc: 0.4 ms]
      [Ref Enq: 0.0 ms]
      [Redirty Cards: 0.1 ms]
      [Humongous Register: 0.3 ms]
      [Humongous Reclaim: 0.0 ms]
      [Free CSet: 0.1 ms]
   [Eden: 45.0M(45.0M)->0.0B(46.0M) Survivors: 6144.0K->5120.0K Heap: 298.6M(1024.0M)->256.3M(1024.0M)]
 [Times: user=0.08 sys=0.01, real=0.03 secs] 
2021-04-24T20:15:20.528+0800: 87899.998: [GC pause (G1 Evacuation Pause) (young), 0.0145204 secs]
   [Parallel Time: 13.7 ms, GC Workers: 8]
      [GC Worker Start (ms): Min: 87899998.6, Avg: 87899998.8, Max: 87899999.2, Diff: 0.7]
      [Ext Root Scanning (ms): Min: 0.5, Avg: 3.6, Max: 12.4, Diff: 12.0, Sum: 28.6]
      [Update RS (ms): Min: 0.0, Avg: 2.0, Max: 4.5, Diff: 4.5, Sum: 16.1]
         [Processed Buffers: Min: 0, Avg: 5.6, Max: 36, Diff: 36, Sum: 45]
      [Scan RS (ms): Min: 0.0, Avg: 2.1, Max: 7.9, Diff: 7.8, Sum: 16.9]
      [Code Root Scanning (ms): Min: 0.0, Avg: 0.0, Max: 0.0, Diff: 0.0, Sum: 0.0]
      [Object Copy (ms): Min: 0.7, Avg: 5.5, Max: 12.4, Diff: 11.7, Sum: 44.2]
      [Termination (ms): Min: 0.0, Avg: 0.1, Max: 0.2, Diff: 0.2, Sum: 0.4]
         [Termination Attempts: Min: 1, Avg: 5.1, Max: 9, Diff: 8, Sum: 41]
      [GC Worker Other (ms): Min: 0.0, Avg: 0.0, Max: 0.0, Diff: 0.0, Sum: 0.2]
      [GC Worker Total (ms): Min: 12.8, Avg: 13.3, Max: 13.5, Diff: 0.7, Sum: 106.4]
      [GC Worker End (ms): Min: 87900012.1, Avg: 87900012.1, Max: 87900012.2, Diff: 0.2]
   [Code Root Fixup: 0.0 ms]
   [Code Root Purge: 0.0 ms]
   [Clear CT: 0.1 ms]
   [Other: 0.7 ms]
      [Choose CSet: 0.0 ms]
      [Ref Proc: 0.2 ms]
      [Ref Enq: 0.0 ms]
      [Redirty Cards: 0.0 ms]
      [Humongous Register: 0.1 ms]
      [Humongous Reclaim: 0.0 ms]
      [Free CSet: 0.0 ms]
   [Eden: 46.0M(46.0M)->0.0B(47.0M) Survivors: 5120.0K->4096.0K Heap: 302.3M(1024.0M)->255.7M(1024.0M)]
 [Times: user=0.05 sys=0.00, real=0.02 secs] 
2021-04-24T20:15:44.011+0800: 87923.482: [GC pause (G1 Evacuation Pause) (young), 0.0157570 secs]
   [Parallel Time: 14.5 ms, GC Workers: 8]
      [GC Worker Start (ms): Min: 87923482.3, Avg: 87923482.7, Max: 87923483.9, Diff: 1.6]
      [Ext Root Scanning (ms): Min: 0.0, Avg: 3.8, Max: 13.4, Diff: 13.4, Sum: 30.3]
      [Update RS (ms): Min: 0.0, Avg: 3.2, Max: 9.1, Diff: 9.1, Sum: 25.6]
         [Processed Buffers: Min: 0, Avg: 6.0, Max: 24, Diff: 24, Sum: 48]
      [Scan RS (ms): Min: 0.0, Avg: 2.1, Max: 7.5, Diff: 7.5, Sum: 16.6]
      [Code Root Scanning (ms): Min: 0.0, Avg: 0.0, Max: 0.0, Diff: 0.0, Sum: 0.0]
      [Object Copy (ms): Min: 0.9, Avg: 4.9, Max: 11.2, Diff: 10.3, Sum: 39.0]
      [Termination (ms): Min: 0.0, Avg: 0.0, Max: 0.0, Diff: 0.0, Sum: 0.0]
         [Termination Attempts: Min: 1, Avg: 3.2, Max: 7, Diff: 6, Sum: 26]
      [GC Worker Other (ms): Min: 0.0, Avg: 0.0, Max: 0.1, Diff: 0.0, Sum: 0.3]
      [GC Worker Total (ms): Min: 12.7, Avg: 14.0, Max: 14.4, Diff: 1.6, Sum: 111.9]
      [GC Worker End (ms): Min: 87923496.6, Avg: 87923496.7, Max: 87923496.7, Diff: 0.0]
   [Code Root Fixup: 0.0 ms]
   [Code Root Purge: 0.0 ms]
   [Clear CT: 0.1 ms]
   [Other: 1.1 ms]
      [Choose CSet: 0.0 ms]
      [Ref Proc: 0.2 ms]
      [Ref Enq: 0.0 ms]
      [Redirty Cards: 0.1 ms]
      [Humongous Register: 0.3 ms]
      [Humongous Reclaim: 0.0 ms]
      [Free CSet: 0.1 ms]
   [Eden: 47.0M(47.0M)->0.0B(45.0M) Survivors: 4096.0K->6144.0K Heap: 302.7M(1024.0M)->257.4M(1024.0M)]
 [Times: user=0.06 sys=0.00, real=0.01 secs] 
2021-04-24T20:16:06.433+0800: 87945.904: [GC pause (G1 Evacuation Pause) (young), 0.0185157 secs]
   [Parallel Time: 17.3 ms, GC Workers: 8]
      [GC Worker Start (ms): Min: 87945904.8, Avg: 87945905.7, Max: 87945910.9, Diff: 6.1]
      [Ext Root Scanning (ms): Min: 0.0, Avg: 3.7, Max: 16.7, Diff: 16.7, Sum: 29.6]
      [Update RS (ms): Min: 0.0, Avg: 1.7, Max: 3.7, Diff: 3.7, Sum: 13.6]
         [Processed Buffers: Min: 0, Avg: 5.1, Max: 14, Diff: 14, Sum: 41]
      [Scan RS (ms): Min: 0.0, Avg: 2.4, Max: 5.6, Diff: 5.6, Sum: 18.9]
      [Code Root Scanning (ms): Min: 0.0, Avg: 0.0, Max: 0.0, Diff: 0.0, Sum: 0.0]
      [Object Copy (ms): Min: 0.4, Avg: 8.5, Max: 15.8, Diff: 15.5, Sum: 68.1]
      [Termination (ms): Min: 0.0, Avg: 0.0, Max: 0.0, Diff: 0.0, Sum: 0.0]
         [Termination Attempts: Min: 1, Avg: 16.8, Max: 28, Diff: 27, Sum: 134]
      [GC Worker Other (ms): Min: 0.0, Avg: 0.0, Max: 0.1, Diff: 0.0, Sum: 0.3]
      [GC Worker Total (ms): Min: 11.1, Avg: 16.3, Max: 17.2, Diff: 6.1, Sum: 130.5]
      [GC Worker End (ms): Min: 87945922.0, Avg: 87945922.0, Max: 87945922.1, Diff: 0.0]
   [Code Root Fixup: 0.0 ms]
   [Code Root Purge: 0.0 ms]
   [Clear CT: 0.1 ms]
   [Other: 1.1 ms]
      [Choose CSet: 0.0 ms]
      [Ref Proc: 0.2 ms]
      [Ref Enq: 0.0 ms]
      [Redirty Cards: 0.1 ms]
      [Humongous Register: 0.3 ms]
      [Humongous Reclaim: 0.0 ms]
      [Free CSet: 0.0 ms]
   [Eden: 45.0M(45.0M)->0.0B(44.0M) Survivors: 6144.0K->7168.0K Heap: 302.4M(1024.0M)->258.0M(1024.0M)]
 [Times: user=0.06 sys=0.00, real=0.02 secs] 
2021-04-24T20:16:28.251+0800: 87967.722: [GC pause (G1 Evacuation Pause) (young), 0.0184374 secs]
   [Parallel Time: 16.5 ms, GC Workers: 8]
      [GC Worker Start (ms): Min: 87967722.7, Avg: 87967723.3, Max: 87967725.0, Diff: 2.3]
      [Ext Root Scanning (ms): Min: 0.0, Avg: 4.4, Max: 9.4, Diff: 9.4, Sum: 35.3]
      [Update RS (ms): Min: 0.0, Avg: 1.3, Max: 3.3, Diff: 3.3, Sum: 10.3]
         [Processed Buffers: Min: 0, Avg: 5.4, Max: 30, Diff: 30, Sum: 43]
      [Scan RS (ms): Min: 0.0, Avg: 1.0, Max: 2.2, Diff: 2.2, Sum: 8.2]
      [Code Root Scanning (ms): Min: 0.0, Avg: 0.0, Max: 0.0, Diff: 0.0, Sum: 0.0]
      [Object Copy (ms): Min: 6.8, Avg: 9.0, Max: 14.1, Diff: 7.4, Sum: 71.8]
      [Termination (ms): Min: 0.0, Avg: 0.0, Max: 0.0, Diff: 0.0, Sum: 0.1]
         [Termination Attempts: Min: 1, Avg: 16.4, Max: 29, Diff: 28, Sum: 131]
      [GC Worker Other (ms): Min: 0.0, Avg: 0.1, Max: 0.1, Diff: 0.1, Sum: 0.4]
      [GC Worker Total (ms): Min: 14.0, Avg: 15.8, Max: 16.3, Diff: 2.3, Sum: 126.1]
      [GC Worker End (ms): Min: 87967739.0, Avg: 87967739.1, Max: 87967739.1, Diff: 0.1]
   [Code Root Fixup: 0.0 ms]
   [Code Root Purge: 0.0 ms]
   [Clear CT: 0.1 ms]
   [Other: 1.8 ms]
      [Choose CSet: 0.0 ms]
      [Ref Proc: 0.3 ms]
      [Ref Enq: 0.0 ms]
      [Redirty Cards: 0.1 ms]
      [Humongous Register: 0.6 ms]
      [Humongous Reclaim: 0.0 ms]
      [Free CSet: 0.1 ms]
   [Eden: 44.0M(44.0M)->0.0B(55.0M) Survivors: 7168.0K->5120.0K Heap: 302.0M(1024.0M)->257.8M(1024.0M)]
 [Times: user=0.06 sys=0.01, real=0.01 secs] 
2021-04-24T20:16:55.542+0800: 87995.013: [GC pause (G1 Evacuation Pause) (young), 0.0203165 secs]
   [Parallel Time: 18.4 ms, GC Workers: 8]
      [GC Worker Start (ms): Min: 87995013.9, Avg: 87995014.8, Max: 87995019.5, Diff: 5.6]
      [Ext Root Scanning (ms): Min: 0.0, Avg: 2.0, Max: 6.3, Diff: 6.3, Sum: 16.2]
      [Update RS (ms): Min: 0.0, Avg: 1.9, Max: 4.3, Diff: 4.3, Sum: 15.0]
         [Processed Buffers: Min: 0, Avg: 6.9, Max: 16, Diff: 16, Sum: 55]
      [Scan RS (ms): Min: 1.5, Avg: 3.7, Max: 6.8, Diff: 5.3, Sum: 29.6]
      [Code Root Scanning (ms): Min: 0.0, Avg: 0.0, Max: 0.1, Diff: 0.1, Sum: 0.1]
      [Object Copy (ms): Min: 6.4, Avg: 9.7, Max: 15.9, Diff: 9.5, Sum: 77.7]
      [Termination (ms): Min: 0.0, Avg: 0.1, Max: 0.1, Diff: 0.1, Sum: 0.4]
         [Termination Attempts: Min: 1, Avg: 7.6, Max: 21, Diff: 20, Sum: 61]
      [GC Worker Other (ms): Min: 0.0, Avg: 0.0, Max: 0.0, Diff: 0.0, Sum: 0.2]
      [GC Worker Total (ms): Min: 12.7, Avg: 17.4, Max: 18.3, Diff: 5.6, Sum: 139.1]
      [GC Worker End (ms): Min: 87995032.2, Avg: 87995032.2, Max: 87995032.2, Diff: 0.0]
   [Code Root Fixup: 0.0 ms]
   [Code Root Purge: 0.0 ms]
   [Clear CT: 0.1 ms]
   [Other: 1.8 ms]
      [Choose CSet: 0.0 ms]
      [Ref Proc: 0.4 ms]
      [Ref Enq: 0.0 ms]
      [Redirty Cards: 0.2 ms]
      [Humongous Register: 0.2 ms]
      [Humongous Reclaim: 0.0 ms]
      [Free CSet: 0.1 ms]
   [Eden: 55.0M(55.0M)->0.0B(46.0M) Survivors: 5120.0K->8192.0K Heap: 312.8M(1024.0M)->260.2M(1024.0M)]
 [Times: user=0.07 sys=0.00, real=0.02 secs] 
2021-04-24T20:17:18.365+0800: 88017.837: [GC pause (G1 Evacuation Pause) (young), 0.0150262 secs]
   [Parallel Time: 14.1 ms, GC Workers: 8]
      [GC Worker Start (ms): Min: 88017836.8, Avg: 88017837.4, Max: 88017840.6, Diff: 3.8]
      [Ext Root Scanning (ms): Min: 0.0, Avg: 1.4, Max: 5.1, Diff: 5.1, Sum: 10.9]
      [Update RS (ms): Min: 0.0, Avg: 1.4, Max: 3.0, Diff: 3.0, Sum: 10.9]
         [Processed Buffers: Min: 0, Avg: 5.5, Max: 26, Diff: 26, Sum: 44]
      [Scan RS (ms): Min: 0.0, Avg: 1.0, Max: 2.6, Diff: 2.6, Sum: 8.4]
      [Code Root Scanning (ms): Min: 0.0, Avg: 0.0, Max: 0.0, Diff: 0.0, Sum: 0.0]
      [Object Copy (ms): Min: 7.9, Avg: 9.4, Max: 13.4, Diff: 5.4, Sum: 75.2]
      [Termination (ms): Min: 0.0, Avg: 0.2, Max: 0.3, Diff: 0.3, Sum: 1.9]
         [Termination Attempts: Min: 1, Avg: 1.0, Max: 1, Diff: 0, Sum: 8]
      [GC Worker Other (ms): Min: 0.0, Avg: 0.0, Max: 0.0, Diff: 0.0, Sum: 0.1]
      [GC Worker Total (ms): Min: 10.2, Avg: 13.4, Max: 14.0, Diff: 3.8, Sum: 107.3]
      [GC Worker End (ms): Min: 88017850.8, Avg: 88017850.8, Max: 88017850.8, Diff: 0.0]
   [Code Root Fixup: 0.0 ms]
   [Code Root Purge: 0.0 ms]
   [Clear CT: 0.1 ms]
   [Other: 0.9 ms]
      [Choose CSet: 0.0 ms]
      [Ref Proc: 0.3 ms]
      [Ref Enq: 0.0 ms]
      [Redirty Cards: 0.1 ms]
      [Humongous Register: 0.1 ms]
      [Humongous Reclaim: 0.0 ms]
      [Free CSet: 0.1 ms]
   [Eden: 46.0M(46.0M)->0.0B(127.0M) Survivors: 8192.0K->7168.0K Heap: 306.2M(1024.0M)->260.0M(1024.0M)]
 [Times: user=0.05 sys=0.01, real=0.02 secs] 
2021-04-24T20:18:21.280+0800: 88080.753: [GC pause (G1 Evacuation Pause) (young), 0.0208169 secs]
   [Parallel Time: 19.4 ms, GC Workers: 8]
      [GC Worker Start (ms): Min: 88080753.6, Avg: 88080754.9, Max: 88080759.9, Diff: 6.3]
      [Ext Root Scanning (ms): Min: 0.0, Avg: 3.9, Max: 19.3, Diff: 19.3, Sum: 31.5]
      [Update RS (ms): Min: 0.0, Avg: 1.8, Max: 4.2, Diff: 4.2, Sum: 14.0]
         [Processed Buffers: Min: 0, Avg: 6.2, Max: 17, Diff: 17, Sum: 50]
      [Scan RS (ms): Min: 0.0, Avg: 3.1, Max: 12.7, Diff: 12.7, Sum: 24.7]
      [Code Root Scanning (ms): Min: 0.0, Avg: 0.0, Max: 0.0, Diff: 0.0, Sum: 0.0]
      [Object Copy (ms): Min: 0.0, Avg: 9.1, Max: 12.1, Diff: 12.0, Sum: 73.1]
      [Termination (ms): Min: 0.0, Avg: 0.1, Max: 0.1, Diff: 0.1, Sum: 0.8]
         [Termination Attempts: Min: 1, Avg: 9.0, Max: 18, Diff: 17, Sum: 72]
      [GC Worker Other (ms): Min: 0.0, Avg: 0.0, Max: 0.1, Diff: 0.0, Sum: 0.2]
      [GC Worker Total (ms): Min: 13.1, Avg: 18.1, Max: 19.4, Diff: 6.3, Sum: 144.4]
      [GC Worker End (ms): Min: 88080772.9, Avg: 88080773.0, Max: 88080773.0, Diff: 0.1]
   [Code Root Fixup: 0.0 ms]
   [Code Root Purge: 0.0 ms]
   [Clear CT: 0.2 ms]
   [Other: 1.2 ms]
      [Choose CSet: 0.0 ms]
      [Ref Proc: 0.7 ms]
      [Ref Enq: 0.0 ms]
      [Redirty Cards: 0.1 ms]
      [Humongous Register: 0.1 ms]
      [Humongous Reclaim: 0.0 ms]
      [Free CSet: 0.1 ms]
   [Eden: 127.0M(127.0M)->0.0B(92.0M) Survivors: 7168.0K->10.0M Heap: 387.0M(1024.0M)->263.3M(1024.0M)]
 [Times: user=0.06 sys=0.01, real=0.02 secs] 
2021-04-24T20:19:06.838+0800: 88126.312: [GC pause (G1 Evacuation Pause) (young), 0.0193202 secs]
   [Parallel Time: 18.1 ms, GC Workers: 8]
      [GC Worker Start (ms): Min: 88126312.6, Avg: 88126312.7, Max: 88126312.9, Diff: 0.3]
      [Ext Root Scanning (ms): Min: 0.5, Avg: 2.9, Max: 7.4, Diff: 6.9, Sum: 23.2]
      [Update RS (ms): Min: 0.0, Avg: 3.9, Max: 16.2, Diff: 16.2, Sum: 31.6]
         [Processed Buffers: Min: 0, Avg: 5.8, Max: 18, Diff: 18, Sum: 46]
      [Scan RS (ms): Min: 0.0, Avg: 2.1, Max: 11.4, Diff: 11.4, Sum: 17.2]
      [Code Root Scanning (ms): Min: 0.0, Avg: 0.0, Max: 0.0, Diff: 0.0, Sum: 0.0]
      [Object Copy (ms): Min: 0.8, Avg: 8.9, Max: 17.0, Diff: 16.3, Sum: 71.0]
      [Termination (ms): Min: 0.0, Avg: 0.0, Max: 0.1, Diff: 0.1, Sum: 0.3]
         [Termination Attempts: Min: 1, Avg: 10.0, Max: 19, Diff: 18, Sum: 80]
      [GC Worker Other (ms): Min: 0.0, Avg: 0.0, Max: 0.0, Diff: 0.0, Sum: 0.2]
      [GC Worker Total (ms): Min: 17.7, Avg: 17.9, Max: 18.0, Diff: 0.3, Sum: 143.3]
      [GC Worker End (ms): Min: 88126330.6, Avg: 88126330.6, Max: 88126330.6, Diff: 0.0]
   [Code Root Fixup: 0.0 ms]
   [Code Root Purge: 0.0 ms]
   [Clear CT: 0.1 ms]
   [Other: 1.1 ms]
      [Choose CSet: 0.0 ms]
      [Ref Proc: 0.2 ms]
      [Ref Enq: 0.0 ms]
      [Redirty Cards: 0.1 ms]
      [Humongous Register: 0.3 ms]
      [Humongous Reclaim: 0.0 ms]
      [Free CSet: 0.1 ms]
   [Eden: 92.0M(92.0M)->0.0B(89.0M) Survivors: 10.0M->8192.0K Heap: 355.3M(1024.0M)->261.6M(1024.0M)]
 [Times: user=0.07 sys=0.00, real=0.02 secs] 
2021-04-24T20:19:28.175+0800: 88147.649: [GC pause (G1 Evacuation Pause) (young), 0.0379164 secs]
   [Parallel Time: 36.4 ms, GC Workers: 8]
      [GC Worker Start (ms): Min: 88147650.1, Avg: 88147650.2, Max: 88147650.5, Diff: 0.5]
      [Ext Root Scanning (ms): Min: 0.6, Avg: 2.6, Max: 9.7, Diff: 9.2, Sum: 20.7]
      [Update RS (ms): Min: 0.0, Avg: 4.9, Max: 8.7, Diff: 8.7, Sum: 39.6]
         [Processed Buffers: Min: 0, Avg: 6.0, Max: 16, Diff: 16, Sum: 48]
      [Scan RS (ms): Min: 0.0, Avg: 1.4, Max: 2.6, Diff: 2.6, Sum: 11.1]
      [Code Root Scanning (ms): Min: 0.0, Avg: 0.0, Max: 0.0, Diff: 0.0, Sum: 0.0]
      [Object Copy (ms): Min: 26.4, Avg: 27.1, Max: 29.8, Diff: 3.4, Sum: 216.4]
      [Termination (ms): Min: 0.0, Avg: 0.1, Max: 0.2, Diff: 0.2, Sum: 1.0]
         [Termination Attempts: Min: 1, Avg: 2.6, Max: 4, Diff: 3, Sum: 21]
      [GC Worker Other (ms): Min: 0.0, Avg: 0.0, Max: 0.0, Diff: 0.0, Sum: 0.2]
      [GC Worker Total (ms): Min: 35.8, Avg: 36.1, Max: 36.3, Diff: 0.5, Sum: 289.0]
      [GC Worker End (ms): Min: 88147686.3, Avg: 88147686.3, Max: 88147686.4, Diff: 0.0]
   [Code Root Fixup: 0.1 ms]
   [Code Root Purge: 0.0 ms]
   [Clear CT: 0.1 ms]
   [Other: 1.3 ms]
      [Choose CSet: 0.0 ms]
      [Ref Proc: 0.3 ms]
      [Ref Enq: 0.0 ms]
      [Redirty Cards: 0.1 ms]
      [Humongous Register: 0.3 ms]
      [Humongous Reclaim: 0.0 ms]
      [Free CSet: 0.1 ms]
   [Eden: 43.0M(43.0M)->0.0B(44.0M) Survivors: 8192.0K->7168.0K Heap: 304.6M(1024.0M)->262.9M(1024.0M)]
 [Times: user=0.08 sys=0.02, real=0.04 secs] 
2021-04-24T20:19:50.211+0800: 88169.686: [GC pause (G1 Evacuation Pause) (young), 0.0245025 secs]
   [Parallel Time: 22.1 ms, GC Workers: 8]
      [GC Worker Start (ms): Min: 88169686.4, Avg: 88169686.5, Max: 88169686.7, Diff: 0.3]
      [Ext Root Scanning (ms): Min: 0.6, Avg: 2.3, Max: 7.7, Diff: 7.1, Sum: 18.6]
      [Update RS (ms): Min: 0.0, Avg: 1.4, Max: 3.2, Diff: 3.2, Sum: 11.5]
         [Processed Buffers: Min: 0, Avg: 6.2, Max: 25, Diff: 25, Sum: 50]
      [Scan RS (ms): Min: 0.0, Avg: 2.3, Max: 4.1, Diff: 4.1, Sum: 18.0]
      [Code Root Scanning (ms): Min: 0.0, Avg: 0.0, Max: 0.0, Diff: 0.0, Sum: 0.0]
      [Object Copy (ms): Min: 13.6, Avg: 15.7, Max: 21.0, Diff: 7.5, Sum: 125.8]
      [Termination (ms): Min: 0.0, Avg: 0.1, Max: 0.2, Diff: 0.2, Sum: 1.1]
         [Termination Attempts: Min: 1, Avg: 3.0, Max: 6, Diff: 5, Sum: 24]
      [GC Worker Other (ms): Min: 0.0, Avg: 0.0, Max: 0.0, Diff: 0.0, Sum: 0.1]
      [GC Worker Total (ms): Min: 21.7, Avg: 21.9, Max: 22.0, Diff: 0.3, Sum: 175.0]
      [GC Worker End (ms): Min: 88169708.4, Avg: 88169708.4, Max: 88169708.4, Diff: 0.0]
   [Code Root Fixup: 0.0 ms]
   [Code Root Purge: 0.0 ms]
   [Clear CT: 0.2 ms]
   [Other: 2.1 ms]
      [Choose CSet: 0.0 ms]
      [Ref Proc: 0.3 ms]
      [Ref Enq: 0.0 ms]
      [Redirty Cards: 0.3 ms]
      [Humongous Register: 0.2 ms]
      [Humongous Reclaim: 0.0 ms]
      [Free CSet: 0.1 ms]
   [Eden: 44.0M(44.0M)->0.0B(45.0M) Survivors: 7168.0K->6144.0K Heap: 306.9M(1024.0M)->265.2M(1024.0M)]
 [Times: user=0.08 sys=0.02, real=0.02 secs] 
2021-04-24T20:20:12.572+0800: 88192.047: [GC pause (G1 Evacuation Pause) (young), 0.0154428 secs]
   [Parallel Time: 14.1 ms, GC Workers: 8]
      [GC Worker Start (ms): Min: 88192047.5, Avg: 88192047.6, Max: 88192047.8, Diff: 0.3]
      [Ext Root Scanning (ms): Min: 0.7, Avg: 3.9, Max: 8.9, Diff: 8.1, Sum: 31.3]
      [Update RS (ms): Min: 0.0, Avg: 3.4, Max: 7.7, Diff: 7.7, Sum: 26.9]
         [Processed Buffers: Min: 0, Avg: 6.4, Max: 19, Diff: 19, Sum: 51]
      [Scan RS (ms): Min: 0.5, Avg: 2.1, Max: 3.5, Diff: 3.0, Sum: 16.6]
      [Code Root Scanning (ms): Min: 0.0, Avg: 0.0, Max: 0.0, Diff: 0.0, Sum: 0.0]
      [Object Copy (ms): Min: 4.2, Avg: 4.4, Max: 4.8, Diff: 0.5, Sum: 35.6]
      [Termination (ms): Min: 0.0, Avg: 0.0, Max: 0.0, Diff: 0.0, Sum: 0.1]
         [Termination Attempts: Min: 1, Avg: 16.0, Max: 24, Diff: 23, Sum: 128]
      [GC Worker Other (ms): Min: 0.0, Avg: 0.0, Max: 0.1, Diff: 0.0, Sum: 0.2]
      [GC Worker Total (ms): Min: 13.6, Avg: 13.8, Max: 14.0, Diff: 0.3, Sum: 110.7]
      [GC Worker End (ms): Min: 88192061.4, Avg: 88192061.4, Max: 88192061.4, Diff: 0.0]
   [Code Root Fixup: 0.0 ms]
   [Code Root Purge: 0.0 ms]
   [Clear CT: 0.1 ms]
   [Other: 1.3 ms]
      [Choose CSet: 0.0 ms]
      [Ref Proc: 0.2 ms]
      [Ref Enq: 0.0 ms]
      [Redirty Cards: 0.1 ms]
      [Humongous Register: 0.2 ms]
      [Humongous Reclaim: 0.0 ms]
      [Free CSet: 0.1 ms]
   [Eden: 45.0M(45.0M)->0.0B(45.0M) Survivors: 6144.0K->6144.0K Heap: 310.2M(1024.0M)->264.5M(1024.0M)]
 [Times: user=0.08 sys=0.00, real=0.01 secs] 
2021-04-24T20:20:35.127+0800: 88214.602: [GC pause (G1 Evacuation Pause) (young), 0.0200695 secs]
   [Parallel Time: 17.1 ms, GC Workers: 8]
      [GC Worker Start (ms): Min: 88214603.1, Avg: 88214603.3, Max: 88214604.2, Diff: 1.1]
      [Ext Root Scanning (ms): Min: 0.0, Avg: 3.2, Max: 11.6, Diff: 11.6, Sum: 25.5]
      [Update RS (ms): Min: 0.0, Avg: 2.3, Max: 5.0, Diff: 5.0, Sum: 18.4]
         [Processed Buffers: Min: 0, Avg: 5.9, Max: 28, Diff: 28, Sum: 47]
      [Scan RS (ms): Min: 0.0, Avg: 3.0, Max: 5.5, Diff: 5.5, Sum: 24.2]
      [Code Root Scanning (ms): Min: 0.0, Avg: 0.0, Max: 0.0, Diff: 0.0, Sum: 0.0]
      [Object Copy (ms): Min: 5.0, Avg: 7.7, Max: 14.0, Diff: 9.0, Sum: 62.0]
      [Termination (ms): Min: 0.0, Avg: 0.4, Max: 0.4, Diff: 0.4, Sum: 2.9]
         [Termination Attempts: Min: 1, Avg: 3.8, Max: 8, Diff: 7, Sum: 30]
      [GC Worker Other (ms): Min: 0.0, Avg: 0.0, Max: 0.0, Diff: 0.0, Sum: 0.2]
      [GC Worker Total (ms): Min: 15.8, Avg: 16.7, Max: 16.9, Diff: 1.1, Sum: 133.2]
      [GC Worker End (ms): Min: 88214620.0, Avg: 88214620.0, Max: 88214620.0, Diff: 0.0]
   [Code Root Fixup: 0.0 ms]
   [Code Root Purge: 0.0 ms]
   [Clear CT: 0.2 ms]
   [Other: 2.8 ms]
      [Choose CSet: 0.0 ms]
      [Ref Proc: 1.0 ms]
      [Ref Enq: 0.0 ms]
      [Redirty Cards: 0.2 ms]
      [Humongous Register: 0.2 ms]
      [Humongous Reclaim: 0.0 ms]
      [Free CSet: 0.1 ms]
   [Eden: 45.0M(45.0M)->0.0B(44.0M) Survivors: 6144.0K->7168.0K Heap: 309.5M(1024.0M)->266.3M(1024.0M)]
 [Times: user=0.09 sys=0.01, real=0.02 secs] 
2021-04-24T20:20:56.984+0800: 88236.460: [GC pause (G1 Evacuation Pause) (young), 0.0203939 secs]
   [Parallel Time: 19.1 ms, GC Workers: 8]
      [GC Worker Start (ms): Min: 88236461.0, Avg: 88236461.1, Max: 88236461.2, Diff: 0.2]
      [Ext Root Scanning (ms): Min: 0.5, Avg: 3.1, Max: 7.1, Diff: 6.6, Sum: 25.1]
      [Update RS (ms): Min: 0.0, Avg: 1.3, Max: 3.0, Diff: 3.0, Sum: 10.4]
         [Processed Buffers: Min: 0, Avg: 6.2, Max: 37, Diff: 37, Sum: 50]
      [Scan RS (ms): Min: 0.0, Avg: 2.0, Max: 3.4, Diff: 3.4, Sum: 16.1]
      [Code Root Scanning (ms): Min: 0.0, Avg: 0.0, Max: 0.0, Diff: 0.0, Sum: 0.0]
      [Object Copy (ms): Min: 11.5, Avg: 12.3, Max: 16.2, Diff: 4.7, Sum: 98.3]
      [Termination (ms): Min: 0.0, Avg: 0.1, Max: 0.1, Diff: 0.1, Sum: 0.9]
         [Termination Attempts: Min: 1, Avg: 1.8, Max: 4, Diff: 3, Sum: 14]
      [GC Worker Other (ms): Min: 0.0, Avg: 0.0, Max: 0.0, Diff: 0.0, Sum: 0.2]
      [GC Worker Total (ms): Min: 18.8, Avg: 18.9, Max: 19.0, Diff: 0.2, Sum: 151.0]
      [GC Worker End (ms): Min: 88236480.0, Avg: 88236480.0, Max: 88236480.0, Diff: 0.0]
   [Code Root Fixup: 0.0 ms]
   [Code Root Purge: 0.0 ms]
   [Clear CT: 0.1 ms]
   [Other: 1.2 ms]
      [Choose CSet: 0.0 ms]
      [Ref Proc: 0.3 ms]
      [Ref Enq: 0.0 ms]
      [Redirty Cards: 0.1 ms]
      [Humongous Register: 0.3 ms]
      [Humongous Reclaim: 0.0 ms]
      [Free CSet: 0.1 ms]
   [Eden: 44.0M(44.0M)->0.0B(46.0M) Survivors: 7168.0K->5120.0K Heap: 310.3M(1024.0M)->265.6M(1024.0M)]
 [Times: user=0.07 sys=0.01, real=0.02 secs] 
2021-04-24T20:21:20.029+0800: 88259.505: [GC pause (G1 Evacuation Pause) (young), 0.0180049 secs]
   [Parallel Time: 16.8 ms, GC Workers: 8]
      [GC Worker Start (ms): Min: 88259505.6, Avg: 88259508.9, Max: 88259520.4, Diff: 14.8]
      [Ext Root Scanning (ms): Min: 0.0, Avg: 2.1, Max: 6.2, Diff: 6.2, Sum: 16.4]
      [Update RS (ms): Min: 0.0, Avg: 1.5, Max: 3.6, Diff: 3.6, Sum: 12.1]
         [Processed Buffers: Min: 0, Avg: 6.8, Max: 18, Diff: 18, Sum: 54]
      [Scan RS (ms): Min: 0.0, Avg: 2.4, Max: 5.8, Diff: 5.8, Sum: 19.3]
      [Code Root Scanning (ms): Min: 0.0, Avg: 0.0, Max: 0.0, Diff: 0.0, Sum: 0.0]
      [Object Copy (ms): Min: 1.8, Avg: 7.3, Max: 9.0, Diff: 7.1, Sum: 58.7]
      [Termination (ms): Min: 0.0, Avg: 0.1, Max: 0.1, Diff: 0.1, Sum: 0.4]
         [Termination Attempts: Min: 1, Avg: 1.2, Max: 2, Diff: 1, Sum: 10]
      [GC Worker Other (ms): Min: 0.0, Avg: 0.0, Max: 0.0, Diff: 0.0, Sum: 0.2]
      [GC Worker Total (ms): Min: 1.9, Avg: 13.4, Max: 16.6, Diff: 14.8, Sum: 107.1]
      [GC Worker End (ms): Min: 88259522.3, Avg: 88259522.3, Max: 88259522.3, Diff: 0.1]
   [Code Root Fixup: 0.0 ms]
   [Code Root Purge: 0.0 ms]
   [Clear CT: 0.1 ms]
   [Other: 1.1 ms]
      [Choose CSet: 0.0 ms]
      [Ref Proc: 0.3 ms]
      [Ref Enq: 0.0 ms]
      [Redirty Cards: 0.1 ms]
      [Humongous Register: 0.2 ms]
      [Humongous Reclaim: 0.0 ms]
      [Free CSet: 0.1 ms]
   [Eden: 46.0M(46.0M)->0.0B(53.0M) Survivors: 5120.0K->7168.0K Heap: 311.6M(1024.0M)->267.3M(1024.0M)]
 [Times: user=0.06 sys=0.01, real=0.02 secs] 
2021-04-24T20:21:46.294+0800: 88285.771: [GC pause (G1 Evacuation Pause) (young), 0.0194417 secs]
   [Parallel Time: 18.0 ms, GC Workers: 8]
      [GC Worker Start (ms): Min: 88285771.0, Avg: 88285771.7, Max: 88285775.7, Diff: 4.7]
      [Ext Root Scanning (ms): Min: 0.0, Avg: 3.2, Max: 7.7, Diff: 7.6, Sum: 25.4]
      [Update RS (ms): Min: 0.0, Avg: 2.0, Max: 4.5, Diff: 4.5, Sum: 15.6]
         [Processed Buffers: Min: 0, Avg: 5.8, Max: 30, Diff: 30, Sum: 46]
      [Scan RS (ms): Min: 0.0, Avg: 1.6, Max: 2.6, Diff: 2.6, Sum: 12.4]
      [Code Root Scanning (ms): Min: 0.0, Avg: 0.0, Max: 0.0, Diff: 0.0, Sum: 0.0]
      [Object Copy (ms): Min: 9.9, Avg: 10.3, Max: 10.5, Diff: 0.6, Sum: 82.1]
      [Termination (ms): Min: 0.0, Avg: 0.1, Max: 0.1, Diff: 0.1, Sum: 0.5]
         [Termination Attempts: Min: 1, Avg: 3.6, Max: 6, Diff: 5, Sum: 29]
      [GC Worker Other (ms): Min: 0.0, Avg: 0.0, Max: 0.1, Diff: 0.1, Sum: 0.3]
      [GC Worker Total (ms): Min: 13.0, Avg: 17.0, Max: 17.8, Diff: 4.7, Sum: 136.3]
      [GC Worker End (ms): Min: 88285788.7, Avg: 88285788.7, Max: 88285788.8, Diff: 0.1]
   [Code Root Fixup: 0.0 ms]
   [Code Root Purge: 0.0 ms]
   [Clear CT: 0.2 ms]
   [Other: 1.2 ms]
      [Choose CSet: 0.0 ms]
      [Ref Proc: 0.3 ms]
      [Ref Enq: 0.0 ms]
      [Redirty Cards: 0.2 ms]
      [Humongous Register: 0.2 ms]
      [Humongous Reclaim: 0.0 ms]
      [Free CSet: 0.1 ms]
   [Eden: 53.0M(53.0M)->0.0B(83.0M) Survivors: 7168.0K->7168.0K Heap: 320.3M(1024.0M)->268.1M(1024.0M)]
 [Times: user=0.08 sys=0.01, real=0.02 secs] 
2021-04-24T20:22:27.652+0800: 88327.129: [GC pause (G1 Evacuation Pause) (young), 0.0222224 secs]
   [Parallel Time: 21.1 ms, GC Workers: 8]
      [GC Worker Start (ms): Min: 88327129.7, Avg: 88327130.3, Max: 88327133.7, Diff: 4.0]
      [Ext Root Scanning (ms): Min: 0.0, Avg: 4.9, Max: 20.8, Diff: 20.8, Sum: 39.4]
      [Update RS (ms): Min: 0.0, Avg: 5.4, Max: 17.3, Diff: 17.3, Sum: 43.4]
         [Processed Buffers: Min: 0, Avg: 6.9, Max: 21, Diff: 21, Sum: 55]
      [Scan RS (ms): Min: 0.0, Avg: 1.8, Max: 3.9, Diff: 3.9, Sum: 14.2]
      [Code Root Scanning (ms): Min: 0.0, Avg: 0.0, Max: 0.0, Diff: 0.0, Sum: 0.0]
      [Object Copy (ms): Min: 0.0, Avg: 8.0, Max: 10.9, Diff: 10.9, Sum: 64.3]
      [Termination (ms): Min: 0.0, Avg: 0.2, Max: 0.2, Diff: 0.2, Sum: 1.5]
         [Termination Attempts: Min: 1, Avg: 5.4, Max: 9, Diff: 8, Sum: 43]
      [GC Worker Other (ms): Min: 0.0, Avg: 0.0, Max: 0.0, Diff: 0.0, Sum: 0.1]
      [GC Worker Total (ms): Min: 17.0, Avg: 20.4, Max: 21.0, Diff: 4.0, Sum: 163.0]
      [GC Worker End (ms): Min: 88327150.7, Avg: 88327150.7, Max: 88327150.8, Diff: 0.1]
   [Code Root Fixup: 0.0 ms]
   [Code Root Purge: 0.0 ms]
   [Clear CT: 0.1 ms]
   [Other: 1.0 ms]
      [Choose CSet: 0.0 ms]
      [Ref Proc: 0.2 ms]
      [Ref Enq: 0.0 ms]
      [Redirty Cards: 0.1 ms]
      [Humongous Register: 0.2 ms]
      [Humongous Reclaim: 0.0 ms]
      [Free CSet: 0.1 ms]
   [Eden: 83.0M(83.0M)->0.0B(48.0M) Survivors: 7168.0K->7168.0K Heap: 351.1M(1024.0M)->268.2M(1024.0M)]
 [Times: user=0.08 sys=0.00, real=0.02 secs] 
2021-04-24T20:22:51.824+0800: 88351.303: [GC pause (G1 Evacuation Pause) (young), 0.0203758 secs]
   [Parallel Time: 18.7 ms, GC Workers: 8]
      [GC Worker Start (ms): Min: 88351303.2, Avg: 88351304.4, Max: 88351311.8, Diff: 8.6]
      [Ext Root Scanning (ms): Min: 0.0, Avg: 4.3, Max: 9.6, Diff: 9.6, Sum: 34.3]
      [Update RS (ms): Min: 0.0, Avg: 2.7, Max: 6.9, Diff: 6.9, Sum: 21.3]
         [Processed Buffers: Min: 0, Avg: 6.0, Max: 22, Diff: 22, Sum: 48]
      [Scan RS (ms): Min: 0.0, Avg: 1.7, Max: 3.6, Diff: 3.5, Sum: 13.4]
      [Code Root Scanning (ms): Min: 0.0, Avg: 0.0, Max: 0.0, Diff: 0.0, Sum: 0.0]
      [Object Copy (ms): Min: 8.6, Avg: 8.7, Max: 8.8, Diff: 0.3, Sum: 69.4]
      [Termination (ms): Min: 0.0, Avg: 0.1, Max: 0.2, Diff: 0.2, Sum: 0.7]
         [Termination Attempts: Min: 1, Avg: 2.9, Max: 5, Diff: 4, Sum: 23]
      [GC Worker Other (ms): Min: 0.0, Avg: 0.0, Max: 0.0, Diff: 0.0, Sum: 0.2]
      [GC Worker Total (ms): Min: 10.1, Avg: 17.4, Max: 18.7, Diff: 8.6, Sum: 139.2]
      [GC Worker End (ms): Min: 88351321.7, Avg: 88351321.8, Max: 88351321.9, Diff: 0.1]
   [Code Root Fixup: 0.0 ms]
   [Code Root Purge: 0.0 ms]
   [Clear CT: 0.1 ms]
   [Other: 1.5 ms]
      [Choose CSet: 0.0 ms]
      [Ref Proc: 0.6 ms]
      [Ref Enq: 0.0 ms]
      [Redirty Cards: 0.1 ms]
      [Humongous Register: 0.3 ms]
      [Humongous Reclaim: 0.0 ms]
      [Free CSet: 0.1 ms]
   [Eden: 48.0M(48.0M)->0.0B(44.0M) Survivors: 7168.0K->7168.0K Heap: 316.2M(1024.0M)->269.9M(1024.0M)]
 [Times: user=0.07 sys=0.00, real=0.02 secs] 
2021-04-24T20:23:13.665+0800: 88373.143: [GC pause (G1 Evacuation Pause) (young), 0.0198885 secs]
   [Parallel Time: 18.6 ms, GC Workers: 8]
      [GC Worker Start (ms): Min: 88373144.0, Avg: 88373144.4, Max: 88373145.2, Diff: 1.2]
      [Ext Root Scanning (ms): Min: 0.0, Avg: 2.9, Max: 10.8, Diff: 10.8, Sum: 23.4]
      [Update RS (ms): Min: 0.0, Avg: 4.1, Max: 7.9, Diff: 7.9, Sum: 33.1]
         [Processed Buffers: Min: 0, Avg: 6.6, Max: 39, Diff: 39, Sum: 53]
      [Scan RS (ms): Min: 0.0, Avg: 2.7, Max: 5.1, Diff: 5.1, Sum: 21.9]
      [Code Root Scanning (ms): Min: 0.0, Avg: 0.0, Max: 0.0, Diff: 0.0, Sum: 0.0]
      [Object Copy (ms): Min: 7.2, Avg: 8.0, Max: 8.9, Diff: 1.7, Sum: 63.9]
      [Termination (ms): Min: 0.0, Avg: 0.3, Max: 0.4, Diff: 0.4, Sum: 2.4]
         [Termination Attempts: Min: 1, Avg: 3.8, Max: 6, Diff: 5, Sum: 30]
      [GC Worker Other (ms): Min: 0.0, Avg: 0.0, Max: 0.0, Diff: 0.0, Sum: 0.2]
      [GC Worker Total (ms): Min: 17.3, Avg: 18.1, Max: 18.5, Diff: 1.2, Sum: 144.9]
      [GC Worker End (ms): Min: 88373162.5, Avg: 88373162.5, Max: 88373162.5, Diff: 0.0]
   [Code Root Fixup: 0.0 ms]
   [Code Root Purge: 0.0 ms]
   [Clear CT: 0.1 ms]
   [Other: 1.2 ms]
      [Choose CSet: 0.0 ms]
      [Ref Proc: 0.2 ms]
      [Ref Enq: 0.0 ms]
      [Redirty Cards: 0.1 ms]
      [Humongous Register: 0.3 ms]
      [Humongous Reclaim: 0.0 ms]
      [Free CSet: 0.1 ms]
   [Eden: 44.0M(44.0M)->0.0B(78.0M) Survivors: 7168.0K->5120.0K Heap: 313.9M(1024.0M)->269.8M(1024.0M)]
 [Times: user=0.07 sys=0.01, real=0.02 secs] 
2021-04-24T20:23:36.476+0800: 88395.954: [GC pause (G1 Evacuation Pause) (young), 0.0167862 secs]
   [Parallel Time: 15.2 ms, GC Workers: 8]
      [GC Worker Start (ms): Min: 88395955.1, Avg: 88395955.5, Max: 88395956.5, Diff: 1.4]
      [Ext Root Scanning (ms): Min: 0.0, Avg: 3.1, Max: 10.6, Diff: 10.6, Sum: 24.8]
      [Update RS (ms): Min: 0.0, Avg: 1.9, Max: 4.3, Diff: 4.3, Sum: 15.5]
         [Processed Buffers: Min: 0, Avg: 6.1, Max: 17, Diff: 17, Sum: 49]
      [Scan RS (ms): Min: 0.0, Avg: 3.2, Max: 5.0, Diff: 5.0, Sum: 25.2]
      [Code Root Scanning (ms): Min: 0.0, Avg: 0.0, Max: 0.0, Diff: 0.0, Sum: 0.0]
      [Object Copy (ms): Min: 4.2, Avg: 6.3, Max: 12.6, Diff: 8.4, Sum: 50.7]
      [Termination (ms): Min: 0.0, Avg: 0.1, Max: 0.1, Diff: 0.1, Sum: 0.5]
         [Termination Attempts: Min: 1, Avg: 4.1, Max: 11, Diff: 10, Sum: 33]
      [GC Worker Other (ms): Min: 0.0, Avg: 0.0, Max: 0.0, Diff: 0.0, Sum: 0.1]
      [GC Worker Total (ms): Min: 13.6, Avg: 14.6, Max: 15.0, Diff: 1.5, Sum: 116.9]
      [GC Worker End (ms): Min: 88395970.1, Avg: 88395970.1, Max: 88395970.1, Diff: 0.1]
   [Code Root Fixup: 0.0 ms]
   [Code Root Purge: 0.0 ms]
   [Clear CT: 0.2 ms]
   [Other: 1.4 ms]
      [Choose CSet: 0.0 ms]
      [Ref Proc: 0.3 ms]
      [Ref Enq: 0.0 ms]
      [Redirty Cards: 0.2 ms]
      [Humongous Register: 0.3 ms]
      [Humongous Reclaim: 0.0 ms]
      [Free CSet: 0.1 ms]
   [Eden: 46.0M(46.0M)->0.0B(95.0M) Survivors: 5120.0K->6144.0K Heap: 315.8M(1024.0M)->271.1M(1024.0M)]
 [Times: user=0.07 sys=0.00, real=0.02 secs] 
2021-04-24T20:24:24.228+0800: 88443.696: [GC pause (G1 Evacuation Pause) (young), 0.0186556 secs]
   [Parallel Time: 17.2 ms, GC Workers: 8]
      [GC Worker Start (ms): Min: 88443696.7, Avg: 88443696.8, Max: 88443697.0, Diff: 0.3]
      [Ext Root Scanning (ms): Min: 1.3, Avg: 2.0, Max: 3.0, Diff: 1.7, Sum: 16.3]
      [Update RS (ms): Min: 4.6, Avg: 6.5, Max: 8.7, Diff: 4.1, Sum: 51.7]
         [Processed Buffers: Min: 0, Avg: 5.8, Max: 21, Diff: 21, Sum: 46]
      [Scan RS (ms): Min: 0.0, Avg: 1.5, Max: 2.9, Diff: 2.9, Sum: 12.1]
      [Code Root Scanning (ms): Min: 0.0, Avg: 0.0, Max: 0.0, Diff: 0.0, Sum: 0.0]
      [Object Copy (ms): Min: 5.7, Avg: 6.8, Max: 7.4, Diff: 1.8, Sum: 54.2]
      [Termination (ms): Min: 0.0, Avg: 0.0, Max: 0.1, Diff: 0.1, Sum: 0.2]
         [Termination Attempts: Min: 1, Avg: 1.0, Max: 1, Diff: 0, Sum: 8]
      [GC Worker Other (ms): Min: 0.0, Avg: 0.1, Max: 0.2, Diff: 0.2, Sum: 0.5]
      [GC Worker Total (ms): Min: 16.7, Avg: 16.9, Max: 17.0, Diff: 0.3, Sum: 135.0]
      [GC Worker End (ms): Min: 88443713.7, Avg: 88443713.7, Max: 88443713.7, Diff: 0.0]
   [Code Root Fixup: 0.0 ms]
   [Code Root Purge: 0.0 ms]
   [Clear CT: 0.1 ms]
   [Other: 1.4 ms]
      [Choose CSet: 0.0 ms]
      [Ref Proc: 0.3 ms]
      [Ref Enq: 0.0 ms]
      [Redirty Cards: 0.1 ms]
      [Humongous Register: 0.2 ms]
      [Humongous Reclaim: 0.0 ms]
      [Free CSet: 0.2 ms]
   [Eden: 95.0M(95.0M)->0.0B(105.0M) Survivors: 6144.0K->8192.0K Heap: 366.1M(1024.0M)->273.2M(1024.0M)]
 [Times: user=0.05 sys=0.02, real=0.02 secs] 
2021-04-24T20:24:58.927+0800: 88478.395: [GC pause (G1 Evacuation Pause) (young), 0.0204006 secs]
   [Parallel Time: 18.5 ms, GC Workers: 8]
      [GC Worker Start (ms): Min: 88478395.7, Avg: 88478396.9, Max: 88478401.0, Diff: 5.3]
      [Ext Root Scanning (ms): Min: 0.0, Avg: 1.1, Max: 3.4, Diff: 3.4, Sum: 8.8]
      [Update RS (ms): Min: 0.0, Avg: 1.8, Max: 5.8, Diff: 5.8, Sum: 14.8]
         [Processed Buffers: Min: 0, Avg: 5.9, Max: 12, Diff: 12, Sum: 47]
      [Scan RS (ms): Min: 0.0, Avg: 1.9, Max: 2.8, Diff: 2.8, Sum: 15.0]
      [Code Root Scanning (ms): Min: 0.0, Avg: 0.0, Max: 0.0, Diff: 0.0, Sum: 0.0]
      [Object Copy (ms): Min: 11.3, Avg: 12.1, Max: 14.6, Diff: 3.3, Sum: 97.1]
      [Termination (ms): Min: 0.0, Avg: 0.0, Max: 0.1, Diff: 0.1, Sum: 0.3]
         [Termination Attempts: Min: 1, Avg: 2.4, Max: 5, Diff: 4, Sum: 19]
      [GC Worker Other (ms): Min: 0.0, Avg: 0.2, Max: 0.7, Diff: 0.7, Sum: 1.4]
      [GC Worker Total (ms): Min: 13.1, Avg: 17.2, Max: 18.4, Diff: 5.3, Sum: 137.3]
      [GC Worker End (ms): Min: 88478414.1, Avg: 88478414.1, Max: 88478414.1, Diff: 0.0]
   [Code Root Fixup: 0.0 ms]
   [Code Root Purge: 0.0 ms]
   [Clear CT: 0.1 ms]
   [Other: 1.7 ms]
      [Choose CSet: 0.0 ms]
      [Ref Proc: 0.2 ms]
      [Ref Enq: 0.0 ms]
      [Redirty Cards: 0.1 ms]
      [Humongous Register: 0.1 ms]
      [Humongous Reclaim: 0.0 ms]
      [Free CSet: 0.1 ms]
   [Eden: 70.0M(43.0M)->0.0B(89.0M) Survivors: 8192.0K->7168.0K Heap: 343.2M(1024.0M)->272.7M(1024.0M)]
 [Times: user=0.06 sys=0.01, real=0.02 secs] 
2021-04-24T20:25:20.741+0800: 88500.210: [GC pause (G1 Evacuation Pause) (young), 0.0210186 secs]
   [Parallel Time: 19.5 ms, GC Workers: 8]
      [GC Worker Start (ms): Min: 88500210.4, Avg: 88500210.8, Max: 88500212.4, Diff: 2.0]
      [Ext Root Scanning (ms): Min: 0.0, Avg: 4.7, Max: 13.0, Diff: 13.0, Sum: 37.2]
      [Update RS (ms): Min: 0.0, Avg: 1.6, Max: 3.6, Diff: 3.6, Sum: 13.2]
         [Processed Buffers: Min: 0, Avg: 6.5, Max: 33, Diff: 33, Sum: 52]
      [Scan RS (ms): Min: 0.0, Avg: 3.4, Max: 6.2, Diff: 6.2, Sum: 27.3]
      [Code Root Scanning (ms): Min: 0.0, Avg: 0.0, Max: 0.0, Diff: 0.0, Sum: 0.0]
      [Object Copy (ms): Min: 6.1, Avg: 9.1, Max: 16.8, Diff: 10.7, Sum: 72.7]
      [Termination (ms): Min: 0.0, Avg: 0.1, Max: 0.1, Diff: 0.1, Sum: 0.4]
         [Termination Attempts: Min: 1, Avg: 6.0, Max: 13, Diff: 12, Sum: 48]
      [GC Worker Other (ms): Min: 0.0, Avg: 0.0, Max: 0.1, Diff: 0.1, Sum: 0.3]
      [GC Worker Total (ms): Min: 17.3, Avg: 18.9, Max: 19.3, Diff: 2.0, Sum: 151.0]
      [GC Worker End (ms): Min: 88500229.7, Avg: 88500229.7, Max: 88500229.7, Diff: 0.1]
   [Code Root Fixup: 0.1 ms]
   [Code Root Purge: 0.0 ms]
   [Clear CT: 0.1 ms]
   [Other: 1.3 ms]
      [Choose CSet: 0.0 ms]
      [Ref Proc: 0.3 ms]
      [Ref Enq: 0.0 ms]
      [Redirty Cards: 0.1 ms]
      [Humongous Register: 0.2 ms]
      [Humongous Reclaim: 0.0 ms]
      [Free CSet: 0.1 ms]
   [Eden: 44.0M(44.0M)->0.0B(62.0M) Survivors: 7168.0K->7168.0K Heap: 316.7M(1024.0M)->275.0M(1024.0M)]
 [Times: user=0.08 sys=0.01, real=0.02 secs] 
2021-04-24T20:25:42.221+0800: 88521.690: [GC pause (G1 Evacuation Pause) (young), 0.0217237 secs]
   [Parallel Time: 20.2 ms, GC Workers: 8]
      [GC Worker Start (ms): Min: 88521690.9, Avg: 88521691.1, Max: 88521691.3, Diff: 0.4]
      [Ext Root Scanning (ms): Min: 0.9, Avg: 3.2, Max: 10.7, Diff: 9.8, Sum: 25.7]
      [Update RS (ms): Min: 0.0, Avg: 5.0, Max: 12.4, Diff: 12.4, Sum: 39.9]
         [Processed Buffers: Min: 0, Avg: 6.0, Max: 22, Diff: 22, Sum: 48]
      [Scan RS (ms): Min: 0.0, Avg: 2.3, Max: 5.1, Diff: 5.1, Sum: 18.0]
      [Code Root Scanning (ms): Min: 0.0, Avg: 0.0, Max: 0.0, Diff: 0.0, Sum: 0.0]
      [Object Copy (ms): Min: 6.4, Avg: 9.2, Max: 17.8, Diff: 11.4, Sum: 73.6]
      [Termination (ms): Min: 0.0, Avg: 0.1, Max: 0.1, Diff: 0.1, Sum: 0.8]
         [Termination Attempts: Min: 1, Avg: 6.6, Max: 14, Diff: 13, Sum: 53]
      [GC Worker Other (ms): Min: 0.0, Avg: 0.1, Max: 0.5, Diff: 0.5, Sum: 0.7]
      [GC Worker Total (ms): Min: 19.6, Avg: 19.8, Max: 20.0, Diff: 0.4, Sum: 158.7]
      [GC Worker End (ms): Min: 88521711.0, Avg: 88521711.0, Max: 88521711.0, Diff: 0.0]
   [Code Root Fixup: 0.0 ms]
   [Code Root Purge: 0.0 ms]
   [Clear CT: 0.1 ms]
   [Other: 1.4 ms]
      [Choose CSet: 0.0 ms]
      [Ref Proc: 0.3 ms]
      [Ref Enq: 0.0 ms]
      [Redirty Cards: 0.1 ms]
      [Humongous Register: 0.3 ms]
      [Humongous Reclaim: 0.0 ms]
      [Free CSet: 0.1 ms]
   [Eden: 44.0M(44.0M)->0.0B(72.0M) Survivors: 7168.0K->5120.0K Heap: 319.0M(1024.0M)->275.1M(1024.0M)]
 [Times: user=0.07 sys=0.02, real=0.02 secs] 
2021-04-24T20:26:05.216+0800: 88544.685: [GC pause (G1 Evacuation Pause) (young), 0.0159743 secs]
   [Parallel Time: 14.8 ms, GC Workers: 8]
      [GC Worker Start (ms): Min: 88544685.2, Avg: 88544686.7, Max: 88544693.6, Diff: 8.4]
      [Ext Root Scanning (ms): Min: 0.0, Avg: 2.7, Max: 8.7, Diff: 8.7, Sum: 21.9]
      [Update RS (ms): Min: 0.0, Avg: 2.2, Max: 4.7, Diff: 4.7, Sum: 17.4]
         [Processed Buffers: Min: 0, Avg: 6.6, Max: 25, Diff: 25, Sum: 53]
      [Scan RS (ms): Min: 0.6, Avg: 2.6, Max: 4.2, Diff: 3.6, Sum: 21.1]
      [Code Root Scanning (ms): Min: 0.0, Avg: 0.0, Max: 0.0, Diff: 0.0, Sum: 0.0]
      [Object Copy (ms): Min: 4.3, Avg: 5.6, Max: 12.0, Diff: 7.7, Sum: 44.6]
      [Termination (ms): Min: 0.0, Avg: 0.0, Max: 0.0, Diff: 0.0, Sum: 0.0]
         [Termination Attempts: Min: 1, Avg: 10.5, Max: 19, Diff: 18, Sum: 84]
      [GC Worker Other (ms): Min: 0.0, Avg: 0.0, Max: 0.1, Diff: 0.1, Sum: 0.3]
      [GC Worker Total (ms): Min: 6.3, Avg: 13.2, Max: 14.7, Diff: 8.3, Sum: 105.3]
      [GC Worker End (ms): Min: 88544699.9, Avg: 88544699.9, Max: 88544699.9, Diff: 0.0]
   [Code Root Fixup: 0.0 ms]
   [Code Root Purge: 0.0 ms]
   [Clear CT: 0.1 ms]
   [Other: 1.0 ms]
      [Choose CSet: 0.0 ms]
      [Ref Proc: 0.2 ms]
      [Ref Enq: 0.0 ms]
      [Redirty Cards: 0.1 ms]
      [Humongous Register: 0.1 ms]
      [Humongous Reclaim: 0.0 ms]
      [Free CSet: 0.1 ms]
   [Eden: 46.0M(46.0M)->0.0B(113.0M) Survivors: 5120.0K->7168.0K Heap: 321.1M(1024.0M)->276.9M(1024.0M)]
 [Times: user=0.07 sys=0.01, real=0.02 secs] 
2021-04-24T20:27:01.669+0800: 88601.139: [GC pause (G1 Evacuation Pause) (young), 0.0218732 secs]
   [Parallel Time: 19.8 ms, GC Workers: 8]
      [GC Worker Start (ms): Min: 88601139.4, Avg: 88601142.5, Max: 88601150.7, Diff: 11.3]
      [Ext Root Scanning (ms): Min: 0.0, Avg: 3.5, Max: 11.5, Diff: 11.5, Sum: 28.2]
      [Update RS (ms): Min: 0.0, Avg: 2.3, Max: 4.7, Diff: 4.7, Sum: 18.2]
         [Processed Buffers: Min: 0, Avg: 5.5, Max: 20, Diff: 20, Sum: 44]
      [Scan RS (ms): Min: 0.0, Avg: 2.3, Max: 5.0, Diff: 5.0, Sum: 18.1]
      [Code Root Scanning (ms): Min: 0.0, Avg: 0.0, Max: 0.0, Diff: 0.0, Sum: 0.0]
      [Object Copy (ms): Min: 8.1, Avg: 8.5, Max: 8.9, Diff: 0.8, Sum: 68.4]
      [Termination (ms): Min: 0.0, Avg: 0.0, Max: 0.0, Diff: 0.0, Sum: 0.0]
         [Termination Attempts: Min: 1, Avg: 3.8, Max: 7, Diff: 6, Sum: 30]
      [GC Worker Other (ms): Min: 0.0, Avg: 0.1, Max: 0.1, Diff: 0.1, Sum: 0.5]
      [GC Worker Total (ms): Min: 8.4, Avg: 16.7, Max: 19.7, Diff: 11.3, Sum: 133.4]
      [GC Worker End (ms): Min: 88601159.1, Avg: 88601159.1, Max: 88601159.2, Diff: 0.1]
   [Code Root Fixup: 0.0 ms]
   [Code Root Purge: 0.0 ms]
   [Clear CT: 0.1 ms]
   [Other: 1.9 ms]
      [Choose CSet: 0.0 ms]
      [Ref Proc: 0.8 ms]
      [Ref Enq: 0.0 ms]
      [Redirty Cards: 0.2 ms]
      [Humongous Register: 0.2 ms]
      [Humongous Reclaim: 0.0 ms]
      [Free CSet: 0.1 ms]
   [Eden: 113.0M(113.0M)->0.0B(94.0M) Survivors: 7168.0K->9216.0K Heap: 389.9M(1024.0M)->279.1M(1024.0M)]
 [Times: user=0.08 sys=0.01, real=0.03 secs] 
2021-04-24T20:27:22.630+0800: 88622.100: [GC pause (G1 Evacuation Pause) (young), 0.0225569 secs]
   [Parallel Time: 21.2 ms, GC Workers: 8]
      [GC Worker Start (ms): Min: 88622100.5, Avg: 88622101.6, Max: 88622108.1, Diff: 7.6]
      [Ext Root Scanning (ms): Min: 0.0, Avg: 3.5, Max: 8.5, Diff: 8.5, Sum: 28.2]
      [Update RS (ms): Min: 0.0, Avg: 1.7, Max: 3.6, Diff: 3.6, Sum: 13.7]
         [Processed Buffers: Min: 0, Avg: 6.4, Max: 36, Diff: 36, Sum: 51]
      [Scan RS (ms): Min: 0.0, Avg: 1.9, Max: 4.4, Diff: 4.4, Sum: 14.9]
      [Code Root Scanning (ms): Min: 0.0, Avg: 0.0, Max: 0.0, Diff: 0.0, Sum: 0.0]
      [Object Copy (ms): Min: 11.8, Avg: 12.6, Max: 12.9, Diff: 1.1, Sum: 101.1]
      [Termination (ms): Min: 0.0, Avg: 0.2, Max: 0.3, Diff: 0.3, Sum: 1.6]
         [Termination Attempts: Min: 1, Avg: 2.9, Max: 6, Diff: 5, Sum: 23]
      [GC Worker Other (ms): Min: 0.0, Avg: 0.0, Max: 0.0, Diff: 0.0, Sum: 0.2]
      [GC Worker Total (ms): Min: 13.5, Avg: 20.0, Max: 21.1, Diff: 7.6, Sum: 159.8]
      [GC Worker End (ms): Min: 88622121.6, Avg: 88622121.6, Max: 88622121.6, Diff: 0.0]
   [Code Root Fixup: 0.0 ms]
   [Code Root Purge: 0.0 ms]
   [Clear CT: 0.1 ms]
   [Other: 1.2 ms]
      [Choose CSet: 0.0 ms]
      [Ref Proc: 0.3 ms]
      [Ref Enq: 0.0 ms]
      [Redirty Cards: 0.1 ms]
      [Humongous Register: 0.2 ms]
      [Humongous Reclaim: 0.0 ms]
      [Free CSet: 0.1 ms]
   [Eden: 42.0M(42.0M)->0.0B(75.0M) Survivors: 9216.0K->7168.0K Heap: 321.1M(1024.0M)->279.1M(1024.0M)]
 [Times: user=0.09 sys=0.01, real=0.02 secs] 
2021-04-24T20:27:44.582+0800: 88644.053: [GC pause (G1 Evacuation Pause) (young), 0.0220857 secs]
   [Parallel Time: 20.0 ms, GC Workers: 8]
      [GC Worker Start (ms): Min: 88644053.3, Avg: 88644055.4, Max: 88644063.2, Diff: 9.8]
      [Ext Root Scanning (ms): Min: 0.0, Avg: 2.6, Max: 7.7, Diff: 7.7, Sum: 20.9]
      [Update RS (ms): Min: 0.0, Avg: 2.2, Max: 6.6, Diff: 6.6, Sum: 17.7]
         [Processed Buffers: Min: 0, Avg: 6.2, Max: 19, Diff: 19, Sum: 50]
      [Scan RS (ms): Min: 0.0, Avg: 2.8, Max: 4.7, Diff: 4.6, Sum: 22.6]
      [Code Root Scanning (ms): Min: 0.0, Avg: 0.0, Max: 0.0, Diff: 0.0, Sum: 0.0]
      [Object Copy (ms): Min: 9.9, Avg: 10.1, Max: 10.4, Diff: 0.5, Sum: 81.1]
      [Termination (ms): Min: 0.0, Avg: 0.1, Max: 0.2, Diff: 0.2, Sum: 0.7]
         [Termination Attempts: Min: 1, Avg: 1.6, Max: 2, Diff: 1, Sum: 13]
      [GC Worker Other (ms): Min: 0.0, Avg: 0.0, Max: 0.0, Diff: 0.0, Sum: 0.1]
      [GC Worker Total (ms): Min: 10.0, Avg: 17.9, Max: 19.9, Diff: 9.9, Sum: 143.1]
      [GC Worker End (ms): Min: 88644073.2, Avg: 88644073.2, Max: 88644073.3, Diff: 0.1]
   [Code Root Fixup: 0.0 ms]
   [Code Root Purge: 0.0 ms]
   [Clear CT: 0.2 ms]
   [Other: 1.8 ms]
      [Choose CSet: 0.0 ms]
      [Ref Proc: 0.3 ms]
      [Ref Enq: 0.0 ms]
      [Redirty Cards: 0.2 ms]
      [Humongous Register: 0.1 ms]
      [Humongous Reclaim: 0.0 ms]
      [Free CSet: 0.1 ms]
   [Eden: 44.0M(44.0M)->0.0B(85.0M) Survivors: 7168.0K->5120.0K Heap: 323.1M(1024.0M)->278.8M(1024.0M)]
 [Times: user=0.06 sys=0.01, real=0.02 secs] 
2021-04-24T20:28:27.061+0800: 88686.532: [GC pause (G1 Evacuation Pause) (young), 0.0183163 secs]
   [Parallel Time: 17.3 ms, GC Workers: 8]
      [GC Worker Start (ms): Min: 88686532.7, Avg: 88686535.1, Max: 88686544.3, Diff: 11.6]
      [Ext Root Scanning (ms): Min: 0.0, Avg: 1.7, Max: 7.0, Diff: 7.0, Sum: 13.6]
      [Update RS (ms): Min: 0.0, Avg: 4.2, Max: 9.5, Diff: 9.5, Sum: 33.7]
         [Processed Buffers: Min: 0, Avg: 6.2, Max: 16, Diff: 16, Sum: 50]
      [Scan RS (ms): Min: 0.2, Avg: 2.3, Max: 4.5, Diff: 4.3, Sum: 18.6]
      [Code Root Scanning (ms): Min: 0.0, Avg: 0.0, Max: 0.0, Diff: 0.0, Sum: 0.0]
      [Object Copy (ms): Min: 5.3, Avg: 6.6, Max: 14.9, Diff: 9.6, Sum: 52.7]
      [Termination (ms): Min: 0.0, Avg: 0.0, Max: 0.1, Diff: 0.1, Sum: 0.2]
         [Termination Attempts: Min: 1, Avg: 4.5, Max: 10, Diff: 9, Sum: 36]
      [GC Worker Other (ms): Min: 0.0, Avg: 0.0, Max: 0.0, Diff: 0.0, Sum: 0.3]
      [GC Worker Total (ms): Min: 5.7, Avg: 14.9, Max: 17.3, Diff: 11.6, Sum: 119.2]
      [GC Worker End (ms): Min: 88686550.0, Avg: 88686550.0, Max: 88686550.0, Diff: 0.0]
   [Code Root Fixup: 0.0 ms]
   [Code Root Purge: 0.0 ms]
   [Clear CT: 0.1 ms]
   [Other: 0.9 ms]
      [Choose CSet: 0.0 ms]
      [Ref Proc: 0.2 ms]
      [Ref Enq: 0.0 ms]
      [Redirty Cards: 0.1 ms]
      [Humongous Register: 0.1 ms]
      [Humongous Reclaim: 0.0 ms]
      [Free CSet: 0.1 ms]
   [Eden: 85.0M(85.0M)->0.0B(68.0M) Survivors: 5120.0K->8192.0K Heap: 363.8M(1024.0M)->281.8M(1024.0M)]
 [Times: user=0.07 sys=0.01, real=0.02 secs] 
2021-04-24T20:28:48.638+0800: 88708.110: [GC pause (G1 Evacuation Pause) (young), 0.0190701 secs]
   [Parallel Time: 17.9 ms, GC Workers: 8]
      [GC Worker Start (ms): Min: 88708110.6, Avg: 88708110.7, Max: 88708111.0, Diff: 0.4]
      [Ext Root Scanning (ms): Min: 1.0, Avg: 3.5, Max: 13.2, Diff: 12.1, Sum: 28.1]
      [Update RS (ms): Min: 0.0, Avg: 1.8, Max: 4.2, Diff: 4.2, Sum: 14.7]
         [Processed Buffers: Min: 0, Avg: 5.6, Max: 20, Diff: 20, Sum: 45]
      [Scan RS (ms): Min: 0.0, Avg: 2.8, Max: 5.5, Diff: 5.5, Sum: 22.5]
      [Code Root Scanning (ms): Min: 0.0, Avg: 0.0, Max: 0.0, Diff: 0.0, Sum: 0.0]
      [Object Copy (ms): Min: 4.5, Avg: 9.2, Max: 16.1, Diff: 11.6, Sum: 73.2]
      [Termination (ms): Min: 0.0, Avg: 0.3, Max: 0.4, Diff: 0.4, Sum: 2.4]
         [Termination Attempts: Min: 1, Avg: 21.8, Max: 38, Diff: 37, Sum: 174]
      [GC Worker Other (ms): Min: 0.0, Avg: 0.0, Max: 0.0, Diff: 0.0, Sum: 0.2]
      [GC Worker Total (ms): Min: 17.4, Avg: 17.6, Max: 17.8, Diff: 0.4, Sum: 141.0]
      [GC Worker End (ms): Min: 88708128.3, Avg: 88708128.4, Max: 88708128.4, Diff: 0.0]
   [Code Root Fixup: 0.0 ms]
   [Code Root Purge: 0.0 ms]
   [Clear CT: 0.1 ms]
   [Other: 1.1 ms]
      [Choose CSet: 0.0 ms]
      [Ref Proc: 0.1 ms]
      [Ref Enq: 0.0 ms]
      [Redirty Cards: 0.1 ms]
      [Humongous Register: 0.3 ms]
      [Humongous Reclaim: 0.0 ms]
      [Free CSet: 0.1 ms]
   [Eden: 43.0M(43.0M)->0.0B(93.0M) Survivors: 8192.0K->7168.0K Heap: 324.8M(1024.0M)->282.7M(1024.0M)]
 [Times: user=0.07 sys=0.01, real=0.02 secs] 
2021-04-24T20:29:35.291+0800: 88754.763: [GC pause (G1 Evacuation Pause) (young), 0.0165111 secs]
   [Parallel Time: 15.2 ms, GC Workers: 8]
      [GC Worker Start (ms): Min: 88754763.4, Avg: 88754765.6, Max: 88754771.7, Diff: 8.3]
      [Ext Root Scanning (ms): Min: 0.0, Avg: 3.0, Max: 10.0, Diff: 10.0, Sum: 24.0]
      [Update RS (ms): Min: 0.0, Avg: 2.7, Max: 6.0, Diff: 6.0, Sum: 21.4]
         [Processed Buffers: Min: 0, Avg: 6.4, Max: 21, Diff: 21, Sum: 51]
      [Scan RS (ms): Min: 0.1, Avg: 2.5, Max: 4.8, Diff: 4.6, Sum: 20.3]
      [Code Root Scanning (ms): Min: 0.0, Avg: 0.0, Max: 0.0, Diff: 0.0, Sum: 0.0]
      [Object Copy (ms): Min: 3.1, Avg: 4.5, Max: 4.9, Diff: 1.7, Sum: 35.9]
      [Termination (ms): Min: 0.0, Avg: 0.1, Max: 0.1, Diff: 0.1, Sum: 0.4]
         [Termination Attempts: Min: 1, Avg: 15.0, Max: 26, Diff: 25, Sum: 120]
      [GC Worker Other (ms): Min: 0.0, Avg: 0.0, Max: 0.0, Diff: 0.0, Sum: 0.2]
      [GC Worker Total (ms): Min: 6.7, Avg: 12.8, Max: 15.0, Diff: 8.3, Sum: 102.2]
      [GC Worker End (ms): Min: 88754778.4, Avg: 88754778.4, Max: 88754778.4, Diff: 0.0]
   [Code Root Fixup: 0.0 ms]
   [Code Root Purge: 0.0 ms]
   [Clear CT: 0.1 ms]
   [Other: 1.2 ms]
      [Choose CSet: 0.0 ms]
      [Ref Proc: 0.3 ms]
      [Ref Enq: 0.0 ms]
      [Redirty Cards: 0.1 ms]
      [Humongous Register: 0.2 ms]
      [Humongous Reclaim: 0.0 ms]
      [Free CSet: 0.1 ms]
   [Eden: 93.0M(93.0M)->0.0B(136.0M) Survivors: 7168.0K->7168.0K Heap: 375.7M(1024.0M)->282.8M(1024.0M)]
 [Times: user=0.07 sys=0.00, real=0.01 secs] 
2021-04-24T20:30:43.308+0800: 88822.781: [GC pause (G1 Evacuation Pause) (young), 0.0242286 secs]
   [Parallel Time: 22.6 ms, GC Workers: 8]
      [GC Worker Start (ms): Min: 88822781.2, Avg: 88822783.5, Max: 88822792.0, Diff: 10.8]
      [Ext Root Scanning (ms): Min: 0.0, Avg: 2.6, Max: 10.7, Diff: 10.7, Sum: 20.4]
      [Update RS (ms): Min: 0.0, Avg: 2.8, Max: 10.0, Diff: 10.0, Sum: 22.2]
         [Processed Buffers: Min: 0, Avg: 6.2, Max: 17, Diff: 17, Sum: 50]
      [Scan RS (ms): Min: 0.0, Avg: 2.2, Max: 4.5, Diff: 4.5, Sum: 17.9]
      [Code Root Scanning (ms): Min: 0.0, Avg: 0.0, Max: 0.0, Diff: 0.0, Sum: 0.0]
      [Object Copy (ms): Min: 11.2, Avg: 12.5, Max: 19.3, Diff: 8.1, Sum: 100.0]
      [Termination (ms): Min: 0.0, Avg: 0.1, Max: 0.1, Diff: 0.1, Sum: 0.5]
         [Termination Attempts: Min: 1, Avg: 30.2, Max: 53, Diff: 52, Sum: 242]
      [GC Worker Other (ms): Min: 0.0, Avg: 0.0, Max: 0.1, Diff: 0.1, Sum: 0.3]
      [GC Worker Total (ms): Min: 11.7, Avg: 20.2, Max: 22.4, Diff: 10.7, Sum: 161.4]
      [GC Worker End (ms): Min: 88822803.6, Avg: 88822803.6, Max: 88822803.7, Diff: 0.0]
   [Code Root Fixup: 0.1 ms]
   [Code Root Purge: 0.0 ms]
   [Clear CT: 0.2 ms]
   [Other: 1.4 ms]
      [Choose CSet: 0.0 ms]
      [Ref Proc: 0.3 ms]
      [Ref Enq: 0.0 ms]
      [Redirty Cards: 0.1 ms]
      [Humongous Register: 0.2 ms]
      [Humongous Reclaim: 0.0 ms]
      [Free CSet: 0.2 ms]
   [Eden: 136.0M(136.0M)->0.0B(75.0M) Survivors: 7168.0K->8192.0K Heap: 418.8M(1024.0M)->283.7M(1024.0M)]
 [Times: user=0.09 sys=0.02, real=0.03 secs] 
2021-04-24T20:31:04.891+0800: 88844.364: [GC pause (G1 Evacuation Pause) (young), 0.0383564 secs]
   [Parallel Time: 37.1 ms, GC Workers: 8]
      [GC Worker Start (ms): Min: 88844365.0, Avg: 88844367.7, Max: 88844375.0, Diff: 10.0]
      [Ext Root Scanning (ms): Min: 0.0, Avg: 3.1, Max: 9.9, Diff: 9.9, Sum: 25.0]
      [Update RS (ms): Min: 0.0, Avg: 1.8, Max: 4.9, Diff: 4.9, Sum: 14.7]
         [Processed Buffers: Min: 0, Avg: 6.0, Max: 33, Diff: 33, Sum: 48]
      [Scan RS (ms): Min: 2.0, Avg: 3.9, Max: 5.8, Diff: 3.9, Sum: 31.1]
      [Code Root Scanning (ms): Min: 0.0, Avg: 0.0, Max: 0.0, Diff: 0.0, Sum: 0.0]
      [Object Copy (ms): Min: 24.5, Avg: 25.2, Max: 27.9, Diff: 3.3, Sum: 201.5]
      [Termination (ms): Min: 0.0, Avg: 0.2, Max: 0.3, Diff: 0.3, Sum: 1.2]
         [Termination Attempts: Min: 1, Avg: 1.1, Max: 2, Diff: 1, Sum: 9]
      [GC Worker Other (ms): Min: 0.0, Avg: 0.0, Max: 0.0, Diff: 0.0, Sum: 0.2]
      [GC Worker Total (ms): Min: 26.9, Avg: 34.2, Max: 37.0, Diff: 10.0, Sum: 273.8]
      [GC Worker End (ms): Min: 88844401.9, Avg: 88844401.9, Max: 88844401.9, Diff: 0.0]
   [Code Root Fixup: 0.0 ms]
   [Code Root Purge: 0.0 ms]
   [Clear CT: 0.1 ms]
   [Other: 1.1 ms]
      [Choose CSet: 0.0 ms]
      [Ref Proc: 0.2 ms]
      [Ref Enq: 0.0 ms]
      [Redirty Cards: 0.1 ms]
      [Humongous Register: 0.2 ms]
      [Humongous Reclaim: 0.0 ms]
      [Free CSet: 0.1 ms]
   [Eden: 43.0M(43.0M)->0.0B(45.0M) Survivors: 8192.0K->6144.0K Heap: 326.7M(1024.0M)->285.1M(1024.0M)]
 [Times: user=0.10 sys=0.03, real=0.03 secs] 
2021-04-24T20:31:27.321+0800: 88866.795: [GC pause (G1 Evacuation Pause) (young), 0.0212550 secs]
   [Parallel Time: 19.4 ms, GC Workers: 8]
      [GC Worker Start (ms): Min: 88866795.5, Avg: 88866795.7, Max: 88866796.0, Diff: 0.5]
      [Ext Root Scanning (ms): Min: 0.7, Avg: 6.4, Max: 12.0, Diff: 11.3, Sum: 51.1]
      [Update RS (ms): Min: 0.0, Avg: 3.0, Max: 8.4, Diff: 8.4, Sum: 24.1]
         [Processed Buffers: Min: 0, Avg: 6.5, Max: 22, Diff: 22, Sum: 52]
      [Scan RS (ms): Min: 0.0, Avg: 3.0, Max: 6.1, Diff: 6.1, Sum: 24.4]
      [Code Root Scanning (ms): Min: 0.0, Avg: 0.0, Max: 0.0, Diff: 0.0, Sum: 0.0]
      [Object Copy (ms): Min: 6.3, Avg: 6.5, Max: 7.3, Diff: 1.0, Sum: 52.0]
      [Termination (ms): Min: 0.0, Avg: 0.1, Max: 0.2, Diff: 0.2, Sum: 1.0]
         [Termination Attempts: Min: 1, Avg: 1.8, Max: 3, Diff: 2, Sum: 14]
      [GC Worker Other (ms): Min: 0.0, Avg: 0.0, Max: 0.0, Diff: 0.0, Sum: 0.1]
      [GC Worker Total (ms): Min: 18.8, Avg: 19.1, Max: 19.3, Diff: 0.5, Sum: 152.7]
      [GC Worker End (ms): Min: 88866814.7, Avg: 88866814.7, Max: 88866814.8, Diff: 0.1]
   [Code Root Fixup: 0.0 ms]
   [Code Root Purge: 0.0 ms]
   [Clear CT: 0.1 ms]
   [Other: 1.7 ms]
      [Choose CSet: 0.0 ms]
      [Ref Proc: 0.7 ms]
      [Ref Enq: 0.0 ms]
      [Redirty Cards: 0.1 ms]
      [Humongous Register: 0.3 ms]
      [Humongous Reclaim: 0.0 ms]
      [Free CSet: 0.1 ms]
   [Eden: 45.0M(45.0M)->0.0B(46.0M) Survivors: 6144.0K->5120.0K Heap: 330.1M(1024.0M)->287.9M(1024.0M)]
 [Times: user=0.07 sys=0.01, real=0.02 secs] 
2021-04-24T20:31:50.347+0800: 88889.821: [GC pause (G1 Evacuation Pause) (young), 0.0192575 secs]
   [Parallel Time: 17.8 ms, GC Workers: 8]
      [GC Worker Start (ms): Min: 88889821.7, Avg: 88889822.0, Max: 88889823.0, Diff: 1.3]
      [Ext Root Scanning (ms): Min: 0.0, Avg: 5.1, Max: 15.7, Diff: 15.7, Sum: 41.0]
      [Update RS (ms): Min: 0.0, Avg: 2.4, Max: 5.5, Diff: 5.5, Sum: 19.2]
         [Processed Buffers: Min: 0, Avg: 5.1, Max: 17, Diff: 17, Sum: 41]
      [Scan RS (ms): Min: 0.0, Avg: 3.5, Max: 10.9, Diff: 10.9, Sum: 27.8]
      [Code Root Scanning (ms): Min: 0.0, Avg: 0.0, Max: 0.0, Diff: 0.0, Sum: 0.0]
      [Object Copy (ms): Min: 0.0, Avg: 4.3, Max: 7.2, Diff: 7.2, Sum: 34.2]
      [Termination (ms): Min: 0.0, Avg: 0.7, Max: 2.0, Diff: 2.0, Sum: 5.4]
         [Termination Attempts: Min: 1, Avg: 5.4, Max: 13, Diff: 12, Sum: 43]
      [GC Worker Other (ms): Min: 0.0, Avg: 0.0, Max: 0.0, Diff: 0.0, Sum: 0.1]
      [GC Worker Total (ms): Min: 14.8, Avg: 16.0, Max: 17.7, Diff: 2.8, Sum: 127.8]
      [GC Worker End (ms): Min: 88889837.5, Avg: 88889838.0, Max: 88889839.4, Diff: 1.9]
   [Code Root Fixup: 0.0 ms]
   [Code Root Purge: 0.0 ms]
   [Clear CT: 0.2 ms]
   [Other: 1.3 ms]
      [Choose CSet: 0.0 ms]
      [Ref Proc: 0.3 ms]
      [Ref Enq: 0.0 ms]
      [Redirty Cards: 0.1 ms]
      [Humongous Register: 0.1 ms]
      [Humongous Reclaim: 0.0 ms]
      [Free CSet: 0.2 ms]
   [Eden: 46.0M(46.0M)->0.0B(46.0M) Survivors: 5120.0K->5120.0K Heap: 333.9M(1024.0M)->288.1M(1024.0M)]
 [Times: user=0.06 sys=0.01, real=0.02 secs] 
2021-04-24T20:32:13.237+0800: 88912.712: [GC pause (G1 Evacuation Pause) (young), 0.0168587 secs]
   [Parallel Time: 15.4 ms, GC Workers: 8]
      [GC Worker Start (ms): Min: 88912712.4, Avg: 88912712.8, Max: 88912714.2, Diff: 1.8]
      [Ext Root Scanning (ms): Min: 0.0, Avg: 4.4, Max: 10.8, Diff: 10.8, Sum: 35.5]
      [Update RS (ms): Min: 0.0, Avg: 2.3, Max: 5.0, Diff: 5.0, Sum: 18.2]
         [Processed Buffers: Min: 0, Avg: 4.9, Max: 30, Diff: 30, Sum: 39]
      [Scan RS (ms): Min: 0.0, Avg: 2.1, Max: 4.5, Diff: 4.5, Sum: 16.9]
      [Code Root Scanning (ms): Min: 0.0, Avg: 0.0, Max: 0.0, Diff: 0.0, Sum: 0.0]
      [Object Copy (ms): Min: 3.9, Avg: 5.5, Max: 12.1, Diff: 8.2, Sum: 43.9]
      [Termination (ms): Min: 0.0, Avg: 0.0, Max: 0.0, Diff: 0.0, Sum: 0.1]
         [Termination Attempts: Min: 1, Avg: 29.5, Max: 38, Diff: 37, Sum: 236]
      [GC Worker Other (ms): Min: 0.0, Avg: 0.2, Max: 0.6, Diff: 0.6, Sum: 1.3]
      [GC Worker Total (ms): Min: 12.9, Avg: 14.5, Max: 15.3, Diff: 2.4, Sum: 115.9]
      [GC Worker End (ms): Min: 88912727.2, Avg: 88912727.3, Max: 88912727.7, Diff: 0.6]
   [Code Root Fixup: 0.0 ms]
   [Code Root Purge: 0.0 ms]
   [Clear CT: 0.1 ms]
   [Other: 1.4 ms]
      [Choose CSet: 0.0 ms]
      [Ref Proc: 0.2 ms]
      [Ref Enq: 0.0 ms]
      [Redirty Cards: 0.1 ms]
      [Humongous Register: 0.2 ms]
      [Humongous Reclaim: 0.0 ms]
      [Free CSet: 0.1 ms]
   [Eden: 46.0M(46.0M)->0.0B(46.0M) Survivors: 5120.0K->5120.0K Heap: 334.1M(1024.0M)->288.3M(1024.0M)]
 [Times: user=0.07 sys=0.01, real=0.02 secs] 
2021-04-24T20:32:36.455+0800: 88935.930: [GC pause (G1 Evacuation Pause) (young), 0.0165377 secs]
   [Parallel Time: 15.2 ms, GC Workers: 8]
      [GC Worker Start (ms): Min: 88935930.8, Avg: 88935931.3, Max: 88935933.0, Diff: 2.3]
      [Ext Root Scanning (ms): Min: 0.0, Avg: 3.4, Max: 10.1, Diff: 10.1, Sum: 27.3]
      [Update RS (ms): Min: 0.0, Avg: 2.8, Max: 8.3, Diff: 8.3, Sum: 22.2]
         [Processed Buffers: Min: 0, Avg: 5.5, Max: 19, Diff: 19, Sum: 44]
      [Scan RS (ms): Min: 0.1, Avg: 2.6, Max: 5.0, Diff: 4.9, Sum: 20.9]
      [Code Root Scanning (ms): Min: 0.0, Avg: 0.0, Max: 0.0, Diff: 0.0, Sum: 0.0]
      [Object Copy (ms): Min: 4.5, Avg: 5.8, Max: 13.1, Diff: 8.6, Sum: 46.3]
      [Termination (ms): Min: 0.0, Avg: 0.0, Max: 0.0, Diff: 0.0, Sum: 0.1]
         [Termination Attempts: Min: 1, Avg: 13.4, Max: 22, Diff: 21, Sum: 107]
      [GC Worker Other (ms): Min: 0.0, Avg: 0.0, Max: 0.0, Diff: 0.0, Sum: 0.2]
      [GC Worker Total (ms): Min: 12.8, Avg: 14.6, Max: 15.1, Diff: 2.3, Sum: 116.8]
      [GC Worker End (ms): Min: 88935945.9, Avg: 88935945.9, Max: 88935945.9, Diff: 0.0]
   [Code Root Fixup: 0.0 ms]
   [Code Root Purge: 0.0 ms]
   [Clear CT: 0.1 ms]
   [Other: 1.2 ms]
      [Choose CSet: 0.0 ms]
      [Ref Proc: 0.2 ms]
      [Ref Enq: 0.0 ms]
      [Redirty Cards: 0.1 ms]
      [Humongous Register: 0.3 ms]
      [Humongous Reclaim: 0.0 ms]
      [Free CSet: 0.1 ms]
   [Eden: 46.0M(46.0M)->0.0B(45.0M) Survivors: 5120.0K->6144.0K Heap: 334.3M(1024.0M)->289.2M(1024.0M)]
 [Times: user=0.06 sys=0.00, real=0.02 secs] 
2021-04-24T20:32:58.921+0800: 88958.396: [GC pause (G1 Evacuation Pause) (young), 0.0240990 secs]
   [Parallel Time: 22.5 ms, GC Workers: 8]
      [GC Worker Start (ms): Min: 88958396.6, Avg: 88958396.8, Max: 88958397.8, Diff: 1.3]
      [Ext Root Scanning (ms): Min: 0.0, Avg: 3.4, Max: 10.3, Diff: 10.3, Sum: 27.3]
      [Update RS (ms): Min: 0.0, Avg: 2.2, Max: 8.2, Diff: 8.2, Sum: 17.2]
         [Processed Buffers: Min: 0, Avg: 5.8, Max: 20, Diff: 20, Sum: 46]
      [Scan RS (ms): Min: 0.0, Avg: 2.2, Max: 6.1, Diff: 6.1, Sum: 17.8]
      [Code Root Scanning (ms): Min: 0.0, Avg: 0.0, Max: 0.0, Diff: 0.0, Sum: 0.0]
      [Object Copy (ms): Min: 11.8, Avg: 14.3, Max: 21.2, Diff: 9.4, Sum: 114.3]
      [Termination (ms): Min: 0.0, Avg: 0.0, Max: 0.0, Diff: 0.0, Sum: 0.1]
         [Termination Attempts: Min: 1, Avg: 13.8, Max: 23, Diff: 22, Sum: 110]
      [GC Worker Other (ms): Min: 0.0, Avg: 0.1, Max: 0.1, Diff: 0.1, Sum: 0.4]
      [GC Worker Total (ms): Min: 21.1, Avg: 22.1, Max: 22.4, Diff: 1.3, Sum: 177.2]
      [GC Worker End (ms): Min: 88958418.9, Avg: 88958419.0, Max: 88958419.0, Diff: 0.1]
   [Code Root Fixup: 0.0 ms]
   [Code Root Purge: 0.0 ms]
   [Clear CT: 0.1 ms]
   [Other: 1.4 ms]
      [Choose CSet: 0.0 ms]
      [Ref Proc: 0.2 ms]
      [Ref Enq: 0.0 ms]
      [Redirty Cards: 0.1 ms]
      [Humongous Register: 0.3 ms]
      [Humongous Reclaim: 0.0 ms]
      [Free CSet: 0.1 ms]
   [Eden: 45.0M(45.0M)->0.0B(45.0M) Survivors: 6144.0K->6144.0K Heap: 334.2M(1024.0M)->289.9M(1024.0M)]
 [Times: user=0.08 sys=0.01, real=0.02 secs] 
2021-04-24T20:33:21.530+0800: 88981.005: [GC pause (G1 Evacuation Pause) (young), 0.0201430 secs]
   [Parallel Time: 18.9 ms, GC Workers: 8]
      [GC Worker Start (ms): Min: 88981005.9, Avg: 88981010.2, Max: 88981021.6, Diff: 15.7]
      [Ext Root Scanning (ms): Min: 0.0, Avg: 1.7, Max: 7.6, Diff: 7.6, Sum: 13.4]
      [Update RS (ms): Min: 0.0, Avg: 1.1, Max: 2.5, Diff: 2.5, Sum: 8.9]
         [Processed Buffers: Min: 0, Avg: 5.5, Max: 18, Diff: 18, Sum: 44]
      [Scan RS (ms): Min: 0.0, Avg: 3.4, Max: 10.7, Diff: 10.6, Sum: 26.8]
      [Code Root Scanning (ms): Min: 0.0, Avg: 0.0, Max: 0.0, Diff: 0.0, Sum: 0.0]
      [Object Copy (ms): Min: 2.9, Avg: 8.2, Max: 15.9, Diff: 13.0, Sum: 65.3]
      [Termination (ms): Min: 0.0, Avg: 0.1, Max: 0.2, Diff: 0.2, Sum: 0.7]
         [Termination Attempts: Min: 1, Avg: 1.0, Max: 1, Diff: 0, Sum: 8]
      [GC Worker Other (ms): Min: 0.0, Avg: 0.0, Max: 0.0, Diff: 0.0, Sum: 0.1]
      [GC Worker Total (ms): Min: 3.1, Avg: 14.4, Max: 18.7, Diff: 15.7, Sum: 115.2]
      [GC Worker End (ms): Min: 88981024.6, Avg: 88981024.6, Max: 88981024.7, Diff: 0.1]
   [Code Root Fixup: 0.2 ms]
   [Code Root Purge: 0.0 ms]
   [Clear CT: 0.1 ms]
   [Other: 1.0 ms]
      [Choose CSet: 0.0 ms]
      [Ref Proc: 0.2 ms]
      [Ref Enq: 0.0 ms]
      [Redirty Cards: 0.1 ms]
      [Humongous Register: 0.1 ms]
      [Humongous Reclaim: 0.0 ms]
      [Free CSet: 0.1 ms]
   [Eden: 45.0M(45.0M)->0.0B(44.0M) Survivors: 6144.0K->7168.0K Heap: 334.9M(1024.0M)->291.2M(1024.0M)]
 [Times: user=0.07 sys=0.00, real=0.02 secs] 
2021-04-24T20:33:43.544+0800: 89003.020: [GC pause (G1 Evacuation Pause) (young), 0.0258536 secs]
   [Parallel Time: 24.3 ms, GC Workers: 8]
      [GC Worker Start (ms): Min: 89003020.5, Avg: 89003023.4, Max: 89003030.2, Diff: 9.7]
      [Ext Root Scanning (ms): Min: 0.0, Avg: 1.8, Max: 9.6, Diff: 9.6, Sum: 14.6]
      [Update RS (ms): Min: 0.0, Avg: 1.2, Max: 2.6, Diff: 2.6, Sum: 9.9]
         [Processed Buffers: Min: 0, Avg: 5.6, Max: 18, Diff: 18, Sum: 45]
      [Scan RS (ms): Min: 0.0, Avg: 2.9, Max: 5.4, Diff: 5.4, Sum: 22.9]
      [Code Root Scanning (ms): Min: 0.0, Avg: 0.0, Max: 0.0, Diff: 0.0, Sum: 0.0]
      [Object Copy (ms): Min: 14.0, Avg: 15.1, Max: 19.8, Diff: 5.8, Sum: 121.0]
      [Termination (ms): Min: 0.0, Avg: 0.0, Max: 0.0, Diff: 0.0, Sum: 0.1]
         [Termination Attempts: Min: 1, Avg: 9.1, Max: 18, Diff: 17, Sum: 73]
      [GC Worker Other (ms): Min: 0.0, Avg: 0.0, Max: 0.1, Diff: 0.1, Sum: 0.4]
      [GC Worker Total (ms): Min: 14.3, Avg: 21.1, Max: 24.0, Diff: 9.7, Sum: 168.8]
      [GC Worker End (ms): Min: 89003044.5, Avg: 89003044.5, Max: 89003044.6, Diff: 0.1]
   [Code Root Fixup: 0.0 ms]
   [Code Root Purge: 0.0 ms]
   [Clear CT: 0.2 ms]
   [Other: 1.4 ms]
      [Choose CSet: 0.0 ms]
      [Ref Proc: 0.3 ms]
      [Ref Enq: 0.0 ms]
      [Redirty Cards: 0.2 ms]
      [Humongous Register: 0.2 ms]
      [Humongous Reclaim: 0.0 ms]
      [Free CSet: 0.1 ms]
   [Eden: 44.0M(44.0M)->0.0B(46.0M) Survivors: 7168.0K->5120.0K Heap: 335.2M(1024.0M)->290.6M(1024.0M)]
 [Times: user=0.07 sys=0.01, real=0.03 secs] 
2021-04-24T20:34:06.657+0800: 89026.133: [GC pause (G1 Evacuation Pause) (young), 0.0146255 secs]
   [Parallel Time: 13.2 ms, GC Workers: 8]
      [GC Worker Start (ms): Min: 89026133.6, Avg: 89026134.7, Max: 89026141.4, Diff: 7.8]
      [Ext Root Scanning (ms): Min: 0.0, Avg: 2.9, Max: 8.2, Diff: 8.2, Sum: 23.2]
      [Update RS (ms): Min: 0.0, Avg: 2.0, Max: 4.6, Diff: 4.6, Sum: 15.8]
         [Processed Buffers: Min: 0, Avg: 5.5, Max: 23, Diff: 23, Sum: 44]
      [Scan RS (ms): Min: 0.4, Avg: 1.9, Max: 3.5, Diff: 3.1, Sum: 15.5]
      [Code Root Scanning (ms): Min: 0.0, Avg: 0.0, Max: 0.0, Diff: 0.0, Sum: 0.0]
      [Object Copy (ms): Min: 4.2, Avg: 5.2, Max: 11.2, Diff: 7.0, Sum: 41.4]
      [Termination (ms): Min: 0.0, Avg: 0.0, Max: 0.0, Diff: 0.0, Sum: 0.0]
         [Termination Attempts: Min: 1, Avg: 1.9, Max: 4, Diff: 3, Sum: 15]
      [GC Worker Other (ms): Min: 0.0, Avg: 0.0, Max: 0.1, Diff: 0.0, Sum: 0.3]
      [GC Worker Total (ms): Min: 5.3, Avg: 12.0, Max: 13.1, Diff: 7.8, Sum: 96.2]
      [GC Worker End (ms): Min: 89026146.7, Avg: 89026146.7, Max: 89026146.8, Diff: 0.0]
   [Code Root Fixup: 0.0 ms]
   [Code Root Purge: 0.0 ms]
   [Clear CT: 0.1 ms]
   [Other: 1.3 ms]
      [Choose CSet: 0.0 ms]
      [Ref Proc: 0.2 ms]
      [Ref Enq: 0.0 ms]
      [Redirty Cards: 0.1 ms]
      [Humongous Register: 0.3 ms]
      [Humongous Reclaim: 0.0 ms]
      [Free CSet: 0.1 ms]
   [Eden: 46.0M(46.0M)->0.0B(45.0M) Survivors: 5120.0K->6144.0K Heap: 336.6M(1024.0M)->291.4M(1024.0M)]
 [Times: user=0.07 sys=0.00, real=0.02 secs] 
2021-04-24T20:34:29.092+0800: 89048.569: [GC pause (G1 Evacuation Pause) (young), 0.0217387 secs]
   [Parallel Time: 20.1 ms, GC Workers: 8]
      [GC Worker Start (ms): Min: 89048569.3, Avg: 89048571.7, Max: 89048580.0, Diff: 10.6]
      [Ext Root Scanning (ms): Min: 0.0, Avg: 3.3, Max: 9.7, Diff: 9.7, Sum: 26.3]
      [Update RS (ms): Min: 0.0, Avg: 2.5, Max: 9.1, Diff: 9.1, Sum: 20.3]
         [Processed Buffers: Min: 0, Avg: 6.0, Max: 21, Diff: 21, Sum: 48]
      [Scan RS (ms): Min: 0.1, Avg: 2.6, Max: 6.5, Diff: 6.4, Sum: 20.6]
      [Code Root Scanning (ms): Min: 0.0, Avg: 0.0, Max: 0.0, Diff: 0.0, Sum: 0.0]
      [Object Copy (ms): Min: 8.0, Avg: 9.3, Max: 9.7, Diff: 1.7, Sum: 74.3]
      [Termination (ms): Min: 0.0, Avg: 0.0, Max: 0.0, Diff: 0.0, Sum: 0.1]
         [Termination Attempts: Min: 1, Avg: 8.5, Max: 15, Diff: 14, Sum: 68]
      [GC Worker Other (ms): Min: 0.0, Avg: 0.0, Max: 0.1, Diff: 0.0, Sum: 0.3]
      [GC Worker Total (ms): Min: 9.4, Avg: 17.7, Max: 20.0, Diff: 10.6, Sum: 141.8]
      [GC Worker End (ms): Min: 89048589.4, Avg: 89048589.4, Max: 89048589.4, Diff: 0.0]
   [Code Root Fixup: 0.0 ms]
   [Code Root Purge: 0.0 ms]
   [Clear CT: 0.2 ms]
   [Other: 1.4 ms]
      [Choose CSet: 0.0 ms]
      [Ref Proc: 0.3 ms]
      [Ref Enq: 0.0 ms]
      [Redirty Cards: 0.1 ms]
      [Humongous Register: 0.2 ms]
      [Humongous Reclaim: 0.0 ms]
      [Free CSet: 0.1 ms]
   [Eden: 45.0M(45.0M)->0.0B(45.0M) Survivors: 6144.0K->6144.0K Heap: 336.4M(1024.0M)->292.4M(1024.0M)]
 [Times: user=0.07 sys=0.01, real=0.02 secs] 
2021-04-24T20:34:51.655+0800: 89071.132: [GC pause (G1 Evacuation Pause) (young), 0.0164265 secs]
   [Parallel Time: 15.2 ms, GC Workers: 8]
      [GC Worker Start (ms): Min: 89071132.2, Avg: 89071132.5, Max: 89071133.6, Diff: 1.3]
      [Ext Root Scanning (ms): Min: 0.0, Avg: 4.4, Max: 10.1, Diff: 10.1, Sum: 34.9]
      [Update RS (ms): Min: 0.0, Avg: 2.1, Max: 5.3, Diff: 5.3, Sum: 17.1]
         [Processed Buffers: Min: 0, Avg: 5.9, Max: 40, Diff: 40, Sum: 47]
      [Scan RS (ms): Min: 0.4, Avg: 2.6, Max: 5.0, Diff: 4.6, Sum: 21.0]
      [Code Root Scanning (ms): Min: 0.0, Avg: 0.0, Max: 0.0, Diff: 0.0, Sum: 0.0]
      [Object Copy (ms): Min: 4.3, Avg: 5.6, Max: 13.1, Diff: 8.8, Sum: 44.7]
      [Termination (ms): Min: 0.0, Avg: 0.0, Max: 0.0, Diff: 0.0, Sum: 0.0]
         [Termination Attempts: Min: 1, Avg: 2.5, Max: 5, Diff: 4, Sum: 20]
      [GC Worker Other (ms): Min: 0.0, Avg: 0.0, Max: 0.1, Diff: 0.0, Sum: 0.4]
      [GC Worker Total (ms): Min: 13.7, Avg: 14.8, Max: 15.1, Diff: 1.3, Sum: 118.1]
      [GC Worker End (ms): Min: 89071147.3, Avg: 89071147.3, Max: 89071147.3, Diff: 0.0]
   [Code Root Fixup: 0.0 ms]
   [Code Root Purge: 0.0 ms]
   [Clear CT: 0.1 ms]
   [Other: 1.2 ms]
      [Choose CSet: 0.0 ms]
      [Ref Proc: 0.2 ms]
      [Ref Enq: 0.0 ms]
      [Redirty Cards: 0.1 ms]
      [Humongous Register: 0.3 ms]
      [Humongous Reclaim: 0.0 ms]
      [Free CSet: 0.1 ms]
   [Eden: 45.0M(45.0M)->0.0B(81.0M) Survivors: 6144.0K->6144.0K Heap: 337.4M(1024.0M)->292.4M(1024.0M)]
 [Times: user=0.07 sys=0.00, real=0.02 secs] 
2021-04-24T20:35:31.343+0800: 89110.820: [GC pause (G1 Evacuation Pause) (young), 0.0281915 secs]
   [Parallel Time: 26.5 ms, GC Workers: 8]
      [GC Worker Start (ms): Min: 89110820.6, Avg: 89110822.1, Max: 89110828.5, Diff: 7.8]
      [Ext Root Scanning (ms): Min: 0.0, Avg: 3.0, Max: 8.9, Diff: 8.9, Sum: 23.7]
      [Update RS (ms): Min: 0.0, Avg: 1.3, Max: 3.1, Diff: 3.1, Sum: 10.8]
         [Processed Buffers: Min: 0, Avg: 5.8, Max: 38, Diff: 38, Sum: 46]
      [Scan RS (ms): Min: 1.4, Avg: 4.6, Max: 10.8, Diff: 9.4, Sum: 36.7]
      [Code Root Scanning (ms): Min: 0.0, Avg: 0.0, Max: 0.0, Diff: 0.0, Sum: 0.0]
      [Object Copy (ms): Min: 10.9, Avg: 16.0, Max: 21.4, Diff: 10.5, Sum: 128.0]
      [Termination (ms): Min: 0.0, Avg: 0.0, Max: 0.1, Diff: 0.1, Sum: 0.3]
         [Termination Attempts: Min: 1, Avg: 9.6, Max: 22, Diff: 21, Sum: 77]
      [GC Worker Other (ms): Min: 0.0, Avg: 0.0, Max: 0.0, Diff: 0.0, Sum: 0.2]
      [GC Worker Total (ms): Min: 18.6, Avg: 25.0, Max: 26.5, Diff: 7.9, Sum: 199.7]
      [GC Worker End (ms): Min: 89110847.1, Avg: 89110847.1, Max: 89110847.1, Diff: 0.0]
   [Code Root Fixup: 0.0 ms]
   [Code Root Purge: 0.0 ms]
   [Clear CT: 0.1 ms]
   [Other: 1.5 ms]
      [Choose CSet: 0.0 ms]
      [Ref Proc: 0.3 ms]
      [Ref Enq: 0.0 ms]
      [Redirty Cards: 0.1 ms]
      [Humongous Register: 0.2 ms]
      [Humongous Reclaim: 0.0 ms]
      [Free CSet: 0.2 ms]
   [Eden: 80.0M(45.0M)->0.0B(44.0M) Survivors: 6144.0K->7168.0K Heap: 372.4M(1024.0M)->294.6M(1024.0M)]
 [Times: user=0.07 sys=0.01, real=0.03 secs] 
2021-04-24T20:35:53.405+0800: 89132.882: [GC pause (G1 Evacuation Pause) (young), 0.0201936 secs]
   [Parallel Time: 18.1 ms, GC Workers: 8]
      [GC Worker Start (ms): Min: 89132883.2, Avg: 89132883.6, Max: 89132884.9, Diff: 1.8]
      [Ext Root Scanning (ms): Min: 0.0, Avg: 3.5, Max: 10.6, Diff: 10.6, Sum: 28.3]
      [Update RS (ms): Min: 0.0, Avg: 1.2, Max: 3.1, Diff: 3.1, Sum: 9.8]
         [Processed Buffers: Min: 0, Avg: 4.8, Max: 22, Diff: 22, Sum: 38]
      [Scan RS (ms): Min: 0.0, Avg: 2.2, Max: 4.7, Diff: 4.7, Sum: 17.2]
      [Code Root Scanning (ms): Min: 0.0, Avg: 0.0, Max: 0.0, Diff: 0.0, Sum: 0.0]
      [Object Copy (ms): Min: 7.1, Avg: 10.5, Max: 16.1, Diff: 8.9, Sum: 84.2]
      [Termination (ms): Min: 0.0, Avg: 0.1, Max: 0.2, Diff: 0.2, Sum: 0.7]
         [Termination Attempts: Min: 1, Avg: 1.2, Max: 3, Diff: 2, Sum: 10]
      [GC Worker Other (ms): Min: 0.0, Avg: 0.0, Max: 0.0, Diff: 0.0, Sum: 0.2]
      [GC Worker Total (ms): Min: 16.2, Avg: 17.6, Max: 17.9, Diff: 1.8, Sum: 140.4]
      [GC Worker End (ms): Min: 89132901.1, Avg: 89132901.1, Max: 89132901.1, Diff: 0.0]
   [Code Root Fixup: 0.0 ms]
   [Code Root Purge: 0.0 ms]
   [Clear CT: 0.1 ms]
   [Other: 2.0 ms]
      [Choose CSet: 0.0 ms]
      [Ref Proc: 0.3 ms]
      [Ref Enq: 0.0 ms]
      [Redirty Cards: 0.1 ms]
      [Humongous Register: 0.5 ms]
      [Humongous Reclaim: 0.0 ms]
      [Free CSet: 0.2 ms]
   [Eden: 44.0M(44.0M)->0.0B(46.0M) Survivors: 7168.0K->5120.0K Heap: 338.6M(1024.0M)->294.1M(1024.0M)]
 [Times: user=0.07 sys=0.01, real=0.02 secs] 
2021-04-24T20:36:16.484+0800: 89155.962: [GC pause (G1 Evacuation Pause) (young), 0.0147466 secs]
   [Parallel Time: 13.5 ms, GC Workers: 8]
      [GC Worker Start (ms): Min: 89155962.1, Avg: 89155962.2, Max: 89155962.4, Diff: 0.3]
      [Ext Root Scanning (ms): Min: 0.4, Avg: 3.0, Max: 10.1, Diff: 9.7, Sum: 24.2]
      [Update RS (ms): Min: 0.0, Avg: 0.9, Max: 2.0, Diff: 2.0, Sum: 7.2]
         [Processed Buffers: Min: 0, Avg: 6.0, Max: 33, Diff: 33, Sum: 48]
      [Scan RS (ms): Min: 0.0, Avg: 1.5, Max: 3.5, Diff: 3.5, Sum: 12.1]
      [Code Root Scanning (ms): Min: 0.0, Avg: 0.0, Max: 0.0, Diff: 0.0, Sum: 0.0]
      [Object Copy (ms): Min: 3.2, Avg: 7.8, Max: 12.6, Diff: 9.4, Sum: 62.0]
      [Termination (ms): Min: 0.0, Avg: 0.0, Max: 0.0, Diff: 0.0, Sum: 0.1]
         [Termination Attempts: Min: 1, Avg: 19.2, Max: 26, Diff: 25, Sum: 154]
      [GC Worker Other (ms): Min: 0.0, Avg: 0.0, Max: 0.1, Diff: 0.1, Sum: 0.3]
      [GC Worker Total (ms): Min: 13.1, Avg: 13.2, Max: 13.3, Diff: 0.2, Sum: 106.0]
      [GC Worker End (ms): Min: 89155975.4, Avg: 89155975.4, Max: 89155975.5, Diff: 0.1]
   [Code Root Fixup: 0.0 ms]
   [Code Root Purge: 0.0 ms]
   [Clear CT: 0.1 ms]
   [Other: 1.1 ms]
      [Choose CSet: 0.0 ms]
      [Ref Proc: 0.2 ms]
      [Ref Enq: 0.0 ms]
      [Redirty Cards: 0.1 ms]
      [Humongous Register: 0.1 ms]
      [Humongous Reclaim: 0.0 ms]
      [Free CSet: 0.1 ms]
   [Eden: 46.0M(46.0M)->0.0B(96.0M) Survivors: 5120.0K->7168.0K Heap: 340.1M(1024.0M)->296.4M(1024.0M)]
 [Times: user=0.06 sys=0.00, real=0.01 secs] 
2021-04-24T20:37:04.716+0800: 89204.195: [GC pause (G1 Evacuation Pause) (young), 0.0174157 secs]
   [Parallel Time: 16.1 ms, GC Workers: 8]
      [GC Worker Start (ms): Min: 89204195.6, Avg: 89204196.6, Max: 89204203.1, Diff: 7.5]
      [Ext Root Scanning (ms): Min: 0.0, Avg: 3.2, Max: 10.7, Diff: 10.7, Sum: 25.5]
      [Update RS (ms): Min: 0.0, Avg: 2.1, Max: 4.7, Diff: 4.7, Sum: 16.9]
         [Processed Buffers: Min: 0, Avg: 5.0, Max: 20, Diff: 20, Sum: 40]
      [Scan RS (ms): Min: 0.0, Avg: 2.1, Max: 4.5, Diff: 4.5, Sum: 16.9]
      [Code Root Scanning (ms): Min: 0.0, Avg: 0.0, Max: 0.0, Diff: 0.0, Sum: 0.0]
      [Object Copy (ms): Min: 5.0, Avg: 7.4, Max: 14.6, Diff: 9.6, Sum: 59.0]
      [Termination (ms): Min: 0.0, Avg: 0.0, Max: 0.0, Diff: 0.0, Sum: 0.1]
         [Termination Attempts: Min: 1, Avg: 30.1, Max: 47, Diff: 46, Sum: 241]
      [GC Worker Other (ms): Min: 0.0, Avg: 0.0, Max: 0.1, Diff: 0.1, Sum: 0.4]
      [GC Worker Total (ms): Min: 8.4, Avg: 14.9, Max: 15.9, Diff: 7.5, Sum: 118.8]
      [GC Worker End (ms): Min: 89204211.5, Avg: 89204211.5, Max: 89204211.5, Diff: 0.1]
   [Code Root Fixup: 0.0 ms]
   [Code Root Purge: 0.0 ms]
   [Clear CT: 0.1 ms]
   [Other: 1.2 ms]
      [Choose CSet: 0.0 ms]
      [Ref Proc: 0.3 ms]
      [Ref Enq: 0.0 ms]
      [Redirty Cards: 0.1 ms]
      [Humongous Register: 0.3 ms]
      [Humongous Reclaim: 0.0 ms]
      [Free CSet: 0.1 ms]
   [Eden: 96.0M(96.0M)->0.0B(125.0M) Survivors: 7168.0K->8192.0K Heap: 392.4M(1024.0M)->297.0M(1024.0M)]
 [Times: user=0.08 sys=0.00, real=0.02 secs] 
2021-04-24T20:37:26.304+0800: 89225.783: [GC pause (G1 Evacuation Pause) (young), 0.0296570 secs]
   [Parallel Time: 28.2 ms, GC Workers: 8]
      [GC Worker Start (ms): Min: 89225783.4, Avg: 89225784.3, Max: 89225790.2, Diff: 6.8]
      [Ext Root Scanning (ms): Min: 0.0, Avg: 2.1, Max: 8.3, Diff: 8.3, Sum: 16.5]
      [Update RS (ms): Min: 0.0, Avg: 0.8, Max: 2.0, Diff: 2.0, Sum: 6.7]
         [Processed Buffers: Min: 0, Avg: 6.1, Max: 35, Diff: 35, Sum: 49]
      [Scan RS (ms): Min: 0.0, Avg: 2.6, Max: 4.9, Diff: 4.9, Sum: 20.6]
      [Code Root Scanning (ms): Min: 0.0, Avg: 0.0, Max: 0.0, Diff: 0.0, Sum: 0.0]
      [Object Copy (ms): Min: 19.5, Avg: 21.6, Max: 27.2, Diff: 7.7, Sum: 172.6]
      [Termination (ms): Min: 0.0, Avg: 0.1, Max: 0.1, Diff: 0.1, Sum: 0.4]
         [Termination Attempts: Min: 1, Avg: 1.2, Max: 2, Diff: 1, Sum: 10]
      [GC Worker Other (ms): Min: 0.0, Avg: 0.0, Max: 0.0, Diff: 0.0, Sum: 0.1]
      [GC Worker Total (ms): Min: 21.3, Avg: 27.1, Max: 28.1, Diff: 6.8, Sum: 217.1]
      [GC Worker End (ms): Min: 89225811.4, Avg: 89225811.5, Max: 89225811.5, Diff: 0.0]
   [Code Root Fixup: 0.0 ms]
   [Code Root Purge: 0.0 ms]
   [Clear CT: 0.1 ms]
   [Other: 1.4 ms]
      [Choose CSet: 0.0 ms]
      [Ref Proc: 0.3 ms]
      [Ref Enq: 0.0 ms]
      [Redirty Cards: 0.1 ms]
      [Humongous Register: 0.2 ms]
      [Humongous Reclaim: 0.0 ms]
      [Free CSet: 0.2 ms]
   [Eden: 43.0M(43.0M)->0.0B(45.0M) Survivors: 8192.0K->6144.0K Heap: 340.0M(1024.0M)->297.2M(1024.0M)]
 [Times: user=0.07 sys=0.01, real=0.03 secs] 
2021-04-24T20:37:49.002+0800: 89248.481: [GC pause (G1 Evacuation Pause) (young), 0.0181638 secs]
   [Parallel Time: 16.7 ms, GC Workers: 8]
      [GC Worker Start (ms): Min: 89248481.5, Avg: 89248481.8, Max: 89248482.1, Diff: 0.6]
      [Ext Root Scanning (ms): Min: 0.6, Avg: 4.6, Max: 10.9, Diff: 10.3, Sum: 36.7]
      [Update RS (ms): Min: 0.0, Avg: 1.8, Max: 4.1, Diff: 4.1, Sum: 14.6]
         [Processed Buffers: Min: 0, Avg: 6.1, Max: 20, Diff: 20, Sum: 49]
      [Scan RS (ms): Min: 0.4, Avg: 3.5, Max: 6.2, Diff: 5.8, Sum: 28.4]
      [Code Root Scanning (ms): Min: 0.0, Avg: 0.0, Max: 0.0, Diff: 0.0, Sum: 0.0]
      [Object Copy (ms): Min: 5.2, Avg: 6.3, Max: 13.8, Diff: 8.7, Sum: 50.7]
      [Termination (ms): Min: 0.0, Avg: 0.0, Max: 0.0, Diff: 0.0, Sum: 0.0]
         [Termination Attempts: Min: 1, Avg: 4.0, Max: 7, Diff: 6, Sum: 32]
      [GC Worker Other (ms): Min: 0.0, Avg: 0.1, Max: 0.1, Diff: 0.1, Sum: 0.4]
      [GC Worker Total (ms): Min: 16.0, Avg: 16.3, Max: 16.7, Diff: 0.6, Sum: 130.8]
      [GC Worker End (ms): Min: 89248498.1, Avg: 89248498.2, Max: 89248498.2, Diff: 0.1]
   [Code Root Fixup: 0.0 ms]
   [Code Root Purge: 0.0 ms]
   [Clear CT: 0.1 ms]
   [Other: 1.3 ms]
      [Choose CSet: 0.0 ms]
      [Ref Proc: 0.2 ms]
      [Ref Enq: 0.0 ms]
      [Redirty Cards: 0.1 ms]
      [Humongous Register: 0.2 ms]
      [Humongous Reclaim: 0.0 ms]
      [Free CSet: 0.1 ms]
   [Eden: 45.0M(45.0M)->0.0B(47.0M) Survivors: 6144.0K->6144.0K Heap: 342.2M(1024.0M)->297.9M(1024.0M)]
 [Times: user=0.07 sys=0.01, real=0.02 secs] 
2021-04-24T20:38:12.712+0800: 89272.192: [GC pause (G1 Evacuation Pause) (young), 0.0165719 secs]
   [Parallel Time: 15.2 ms, GC Workers: 8]
      [GC Worker Start (ms): Min: 89272192.3, Avg: 89272197.0, Max: 89272204.8, Diff: 12.5]
      [Ext Root Scanning (ms): Min: 0.0, Avg: 2.1, Max: 13.6, Diff: 13.6, Sum: 17.0]
      [Update RS (ms): Min: 0.0, Avg: 1.2, Max: 2.7, Diff: 2.7, Sum: 9.6]
         [Processed Buffers: Min: 0, Avg: 6.0, Max: 22, Diff: 22, Sum: 48]
      [Scan RS (ms): Min: 0.0, Avg: 1.4, Max: 3.0, Diff: 3.0, Sum: 11.2]
      [Code Root Scanning (ms): Min: 0.0, Avg: 0.0, Max: 0.0, Diff: 0.0, Sum: 0.0]
      [Object Copy (ms): Min: 0.7, Avg: 5.5, Max: 8.3, Diff: 7.6, Sum: 43.8]
      [Termination (ms): Min: 0.0, Avg: 0.0, Max: 0.0, Diff: 0.0, Sum: 0.0]
         [Termination Attempts: Min: 1, Avg: 1.1, Max: 2, Diff: 1, Sum: 9]
      [GC Worker Other (ms): Min: 0.0, Avg: 0.0, Max: 0.1, Diff: 0.0, Sum: 0.2]
      [GC Worker Total (ms): Min: 2.4, Avg: 10.2, Max: 14.9, Diff: 12.5, Sum: 81.9]
      [GC Worker End (ms): Min: 89272207.2, Avg: 89272207.2, Max: 89272207.2, Diff: 0.0]
   [Code Root Fixup: 0.0 ms]
   [Code Root Purge: 0.0 ms]
   [Clear CT: 0.1 ms]
   [Other: 1.2 ms]
      [Choose CSet: 0.0 ms]
      [Ref Proc: 0.3 ms]
      [Ref Enq: 0.0 ms]
      [Redirty Cards: 0.1 ms]
      [Humongous Register: 0.3 ms]
      [Humongous Reclaim: 0.0 ms]
      [Free CSet: 0.1 ms]
   [Eden: 47.0M(47.0M)->0.0B(50.0M) Survivors: 6144.0K->7168.0K Heap: 344.9M(1024.0M)->299.6M(1024.0M)]
 [Times: user=0.06 sys=0.01, real=0.02 secs] 
2021-04-24T20:38:37.809+0800: 89297.289: [GC pause (G1 Evacuation Pause) (young), 0.0194661 secs]
   [Parallel Time: 18.0 ms, GC Workers: 8]
      [GC Worker Start (ms): Min: 89297289.3, Avg: 89297292.5, Max: 89297301.1, Diff: 11.8]
      [Ext Root Scanning (ms): Min: 0.0, Avg: 2.3, Max: 9.3, Diff: 9.3, Sum: 18.3]
      [Update RS (ms): Min: 0.0, Avg: 2.7, Max: 10.1, Diff: 10.1, Sum: 21.9]
         [Processed Buffers: Min: 0, Avg: 5.8, Max: 16, Diff: 16, Sum: 46]
      [Scan RS (ms): Min: 0.0, Avg: 2.4, Max: 6.3, Diff: 6.3, Sum: 19.0]
      [Code Root Scanning (ms): Min: 0.0, Avg: 0.0, Max: 0.0, Diff: 0.0, Sum: 0.0]
      [Object Copy (ms): Min: 5.9, Avg: 7.1, Max: 8.3, Diff: 2.4, Sum: 56.8]
      [Termination (ms): Min: 0.0, Avg: 0.2, Max: 0.3, Diff: 0.3, Sum: 1.5]
         [Termination Attempts: Min: 1, Avg: 2.9, Max: 6, Diff: 5, Sum: 23]
      [GC Worker Other (ms): Min: 0.0, Avg: 0.0, Max: 0.0, Diff: 0.0, Sum: 0.2]
      [GC Worker Total (ms): Min: 6.1, Avg: 14.7, Max: 17.9, Diff: 11.8, Sum: 117.8]
      [GC Worker End (ms): Min: 89297307.2, Avg: 89297307.2, Max: 89297307.2, Diff: 0.0]
   [Code Root Fixup: 0.0 ms]
   [Code Root Purge: 0.0 ms]
   [Clear CT: 0.1 ms]
   [Other: 1.3 ms]
      [Choose CSet: 0.0 ms]
      [Ref Proc: 0.2 ms]
      [Ref Enq: 0.0 ms]
      [Redirty Cards: 0.1 ms]
      [Humongous Register: 0.3 ms]
      [Humongous Reclaim: 0.0 ms]
      [Free CSet: 0.1 ms]
   [Eden: 50.0M(50.0M)->0.0B(61.0M) Survivors: 7168.0K->8192.0K Heap: 349.6M(1024.0M)->301.2M(1024.0M)]
 [Times: user=0.08 sys=0.00, real=0.02 secs] 
2021-04-24T20:38:59.126+0800: 89318.606: [GC pause (G1 Evacuation Pause) (young), 0.0195838 secs]
   [Parallel Time: 18.1 ms, GC Workers: 8]
      [GC Worker Start (ms): Min: 89318606.9, Avg: 89318610.0, Max: 89318617.8, Diff: 10.9]
      [Ext Root Scanning (ms): Min: 0.0, Avg: 2.1, Max: 9.5, Diff: 9.5, Sum: 17.2]
      [Update RS (ms): Min: 0.0, Avg: 2.6, Max: 8.2, Diff: 8.2, Sum: 20.8]
         [Processed Buffers: Min: 0, Avg: 6.5, Max: 16, Diff: 16, Sum: 52]
      [Scan RS (ms): Min: 0.0, Avg: 2.7, Max: 5.3, Diff: 5.3, Sum: 21.6]
      [Code Root Scanning (ms): Min: 0.0, Avg: 0.0, Max: 0.0, Diff: 0.0, Sum: 0.0]
      [Object Copy (ms): Min: 6.8, Avg: 7.2, Max: 7.9, Diff: 1.1, Sum: 57.3]
      [Termination (ms): Min: 0.0, Avg: 0.2, Max: 0.2, Diff: 0.2, Sum: 1.5]
         [Termination Attempts: Min: 1, Avg: 11.4, Max: 18, Diff: 17, Sum: 91]
      [GC Worker Other (ms): Min: 0.0, Avg: 0.0, Max: 0.0, Diff: 0.0, Sum: 0.2]
      [GC Worker Total (ms): Min: 7.1, Avg: 14.8, Max: 17.9, Diff: 10.9, Sum: 118.6]
      [GC Worker End (ms): Min: 89318624.8, Avg: 89318624.8, Max: 89318624.9, Diff: 0.0]
   [Code Root Fixup: 0.0 ms]
   [Code Root Purge: 0.0 ms]
   [Clear CT: 0.1 ms]
   [Other: 1.4 ms]
      [Choose CSet: 0.0 ms]
      [Ref Proc: 0.2 ms]
      [Ref Enq: 0.0 ms]
      [Redirty Cards: 0.1 ms]
      [Humongous Register: 0.3 ms]
      [Humongous Reclaim: 0.0 ms]
      [Free CSet: 0.1 ms]
   [Eden: 43.0M(43.0M)->0.0B(70.0M) Survivors: 8192.0K->6144.0K Heap: 344.2M(1024.0M)->300.3M(1024.0M)]
 [Times: user=0.08 sys=0.01, real=0.02 secs] 
2021-04-24T20:39:29.426+0800: 89348.907: [GC pause (G1 Evacuation Pause) (young), 0.0177793 secs]
   [Parallel Time: 16.3 ms, GC Workers: 8]
      [GC Worker Start (ms): Min: 89348907.1, Avg: 89348910.1, Max: 89348918.6, Diff: 11.5]
      [Ext Root Scanning (ms): Min: 0.0, Avg: 3.3, Max: 10.8, Diff: 10.8, Sum: 26.5]
      [Update RS (ms): Min: 0.0, Avg: 1.7, Max: 3.8, Diff: 3.8, Sum: 13.6]
         [Processed Buffers: Min: 0, Avg: 6.0, Max: 24, Diff: 24, Sum: 48]
      [Scan RS (ms): Min: 0.0, Avg: 2.4, Max: 5.1, Diff: 5.1, Sum: 19.6]
      [Code Root Scanning (ms): Min: 0.0, Avg: 0.0, Max: 0.0, Diff: 0.0, Sum: 0.0]
      [Object Copy (ms): Min: 4.8, Avg: 5.8, Max: 6.7, Diff: 1.9, Sum: 46.3]
      [Termination (ms): Min: 0.0, Avg: 0.0, Max: 0.0, Diff: 0.0, Sum: 0.0]
         [Termination Attempts: Min: 1, Avg: 1.5, Max: 2, Diff: 1, Sum: 12]
      [GC Worker Other (ms): Min: 0.0, Avg: 0.0, Max: 0.0, Diff: 0.0, Sum: 0.2]
      [GC Worker Total (ms): Min: 4.8, Avg: 13.3, Max: 16.3, Diff: 11.5, Sum: 106.2]
      [GC Worker End (ms): Min: 89348923.4, Avg: 89348923.4, Max: 89348923.4, Diff: 0.0]
   [Code Root Fixup: 0.0 ms]
   [Code Root Purge: 0.0 ms]
   [Clear CT: 0.1 ms]
   [Other: 1.3 ms]
      [Choose CSet: 0.0 ms]
      [Ref Proc: 0.2 ms]
      [Ref Enq: 0.0 ms]
      [Redirty Cards: 0.1 ms]
      [Humongous Register: 0.2 ms]
      [Humongous Reclaim: 0.0 ms]
      [Free CSet: 0.1 ms]
   [Eden: 61.0M(45.0M)->0.0B(107.0M) Survivors: 6144.0K->6144.0K Heap: 361.3M(1024.0M)->301.8M(1024.0M)]
 [Times: user=0.08 sys=0.01, real=0.02 secs] 
2021-04-24T20:39:56.146+0800: 89375.627: [GC pause (G1 Evacuation Pause) (young), 0.0169107 secs]
   [Parallel Time: 15.5 ms, GC Workers: 8]
      [GC Worker Start (ms): Min: 89375627.4, Avg: 89375629.2, Max: 89375640.3, Diff: 12.9]
      [Ext Root Scanning (ms): Min: 0.0, Avg: 1.8, Max: 6.8, Diff: 6.8, Sum: 14.6]
      [Update RS (ms): Min: 0.0, Avg: 1.3, Max: 2.9, Diff: 2.9, Sum: 10.1]
         [Processed Buffers: Min: 0, Avg: 6.4, Max: 23, Diff: 23, Sum: 51]
      [Scan RS (ms): Min: 0.0, Avg: 4.3, Max: 11.2, Diff: 11.2, Sum: 34.2]
      [Code Root Scanning (ms): Min: 0.0, Avg: 0.0, Max: 0.0, Diff: 0.0, Sum: 0.0]
      [Object Copy (ms): Min: 0.9, Avg: 6.1, Max: 14.6, Diff: 13.7, Sum: 48.8]
      [Termination (ms): Min: 0.0, Avg: 0.1, Max: 0.2, Diff: 0.2, Sum: 0.4]
         [Termination Attempts: Min: 1, Avg: 16.0, Max: 34, Diff: 33, Sum: 128]
      [GC Worker Other (ms): Min: 0.0, Avg: 0.0, Max: 0.0, Diff: 0.0, Sum: 0.1]
      [GC Worker Total (ms): Min: 2.6, Avg: 13.5, Max: 15.3, Diff: 12.7, Sum: 108.3]
      [GC Worker End (ms): Min: 89375642.7, Avg: 89375642.7, Max: 89375642.9, Diff: 0.2]
   [Code Root Fixup: 0.0 ms]
   [Code Root Purge: 0.0 ms]
   [Clear CT: 0.1 ms]
   [Other: 1.3 ms]
      [Choose CSet: 0.0 ms]
      [Ref Proc: 0.2 ms]
      [Ref Enq: 0.0 ms]
      [Redirty Cards: 0.1 ms]
      [Humongous Register: 0.1 ms]
      [Humongous Reclaim: 0.0 ms]
      [Free CSet: 0.1 ms]
   [Eden: 54.0M(45.0M)->0.0B(119.0M) Survivors: 6144.0K->7168.0K Heap: 355.8M(1024.0M)->303.5M(1024.0M)]
 [Times: user=0.06 sys=0.00, real=0.02 secs] 
2021-04-24T20:40:17.700+0800: 89397.181: [GC pause (G1 Evacuation Pause) (young), 0.0205616 secs]
   [Parallel Time: 19.4 ms, GC Workers: 8]
      [GC Worker Start (ms): Min: 89397181.4, Avg: 89397181.8, Max: 89397183.5, Diff: 2.0]
      [Ext Root Scanning (ms): Min: 0.0, Avg: 1.8, Max: 5.6, Diff: 5.6, Sum: 14.2]
      [Update RS (ms): Min: 0.0, Avg: 1.2, Max: 2.3, Diff: 2.3, Sum: 9.9]
         [Processed Buffers: Min: 0, Avg: 5.9, Max: 18, Diff: 18, Sum: 47]
      [Scan RS (ms): Min: 0.1, Avg: 1.7, Max: 3.2, Diff: 3.2, Sum: 13.8]
      [Code Root Scanning (ms): Min: 0.0, Avg: 0.0, Max: 0.0, Diff: 0.0, Sum: 0.0]
      [Object Copy (ms): Min: 13.2, Avg: 14.0, Max: 18.4, Diff: 5.2, Sum: 111.8]
      [Termination (ms): Min: 0.0, Avg: 0.2, Max: 0.3, Diff: 0.3, Sum: 1.4]
         [Termination Attempts: Min: 1, Avg: 2.2, Max: 5, Diff: 4, Sum: 18]
      [GC Worker Other (ms): Min: 0.0, Avg: 0.0, Max: 0.0, Diff: 0.0, Sum: 0.1]
      [GC Worker Total (ms): Min: 17.2, Avg: 18.9, Max: 19.3, Diff: 2.1, Sum: 151.2]
      [GC Worker End (ms): Min: 89397200.7, Avg: 89397200.7, Max: 89397200.8, Diff: 0.1]
   [Code Root Fixup: 0.0 ms]
   [Code Root Purge: 0.0 ms]
   [Clear CT: 0.1 ms]
   [Other: 1.1 ms]
      [Choose CSet: 0.0 ms]
      [Ref Proc: 0.5 ms]
      [Ref Enq: 0.0 ms]
      [Redirty Cards: 0.1 ms]
      [Humongous Register: 0.1 ms]
      [Humongous Reclaim: 0.0 ms]
      [Free CSet: 0.1 ms]
   [Eden: 44.0M(44.0M)->0.0B(81.0M) Survivors: 7168.0K->6144.0K Heap: 347.5M(1024.0M)->303.9M(1024.0M)]
 [Times: user=0.06 sys=0.01, real=0.02 secs] 
2021-04-24T20:40:57.761+0800: 89437.243: [GC pause (G1 Evacuation Pause) (young), 0.0184502 secs]
   [Parallel Time: 17.5 ms, GC Workers: 8]
      [GC Worker Start (ms): Min: 89437243.1, Avg: 89437243.8, Max: 89437247.1, Diff: 4.0]
      [Ext Root Scanning (ms): Min: 0.0, Avg: 2.5, Max: 7.4, Diff: 7.4, Sum: 19.7]
      [Update RS (ms): Min: 0.0, Avg: 1.6, Max: 4.2, Diff: 4.2, Sum: 12.9]
         [Processed Buffers: Min: 0, Avg: 6.9, Max: 36, Diff: 36, Sum: 55]
      [Scan RS (ms): Min: 1.9, Avg: 5.6, Max: 11.6, Diff: 9.7, Sum: 45.1]
      [Code Root Scanning (ms): Min: 0.0, Avg: 0.0, Max: 0.0, Diff: 0.0, Sum: 0.0]
      [Object Copy (ms): Min: 1.3, Avg: 6.9, Max: 14.5, Diff: 13.2, Sum: 55.5]
      [Termination (ms): Min: 0.0, Avg: 0.1, Max: 0.1, Diff: 0.1, Sum: 0.8]
         [Termination Attempts: Min: 1, Avg: 4.2, Max: 9, Diff: 8, Sum: 34]
      [GC Worker Other (ms): Min: 0.0, Avg: 0.0, Max: 0.0, Diff: 0.0, Sum: 0.1]
      [GC Worker Total (ms): Min: 13.4, Avg: 16.8, Max: 17.4, Diff: 4.0, Sum: 134.1]
      [GC Worker End (ms): Min: 89437260.5, Avg: 89437260.5, Max: 89437260.6, Diff: 0.1]
   [Code Root Fixup: 0.0 ms]
   [Code Root Purge: 0.0 ms]
   [Clear CT: 0.1 ms]
   [Other: 0.8 ms]
      [Choose CSet: 0.0 ms]
      [Ref Proc: 0.3 ms]
      [Ref Enq: 0.0 ms]
      [Redirty Cards: 0.0 ms]
      [Humongous Register: 0.1 ms]
      [Humongous Reclaim: 0.0 ms]
      [Free CSet: 0.1 ms]
   [Eden: 81.0M(81.0M)->0.0B(95.0M) Survivors: 6144.0K->7168.0K Heap: 384.9M(1024.0M)->304.9M(1024.0M)]
 [Times: user=0.07 sys=0.00, real=0.02 secs] 
2021-04-24T20:41:45.217+0800: 89484.699: [GC pause (G1 Evacuation Pause) (young), 0.0171879 secs]
   [Parallel Time: 16.1 ms, GC Workers: 8]
      [GC Worker Start (ms): Min: 89484699.6, Avg: 89484700.5, Max: 89484705.9, Diff: 6.3]
      [Ext Root Scanning (ms): Min: 0.0, Avg: 1.4, Max: 4.1, Diff: 4.1, Sum: 11.3]
      [Update RS (ms): Min: 0.0, Avg: 1.2, Max: 2.7, Diff: 2.7, Sum: 9.8]
         [Processed Buffers: Min: 0, Avg: 5.9, Max: 14, Diff: 14, Sum: 47]
      [Scan RS (ms): Min: 0.0, Avg: 4.0, Max: 11.3, Diff: 11.3, Sum: 31.9]
      [Code Root Scanning (ms): Min: 0.0, Avg: 0.0, Max: 0.0, Diff: 0.0, Sum: 0.0]
      [Object Copy (ms): Min: 1.6, Avg: 8.5, Max: 15.4, Diff: 13.8, Sum: 68.2]
      [Termination (ms): Min: 0.0, Avg: 0.0, Max: 0.0, Diff: 0.0, Sum: 0.0]
         [Termination Attempts: Min: 1, Avg: 2.2, Max: 3, Diff: 2, Sum: 18]
      [GC Worker Other (ms): Min: 0.0, Avg: 0.0, Max: 0.1, Diff: 0.0, Sum: 0.3]
      [GC Worker Total (ms): Min: 9.8, Avg: 15.2, Max: 16.1, Diff: 6.3, Sum: 121.5]
      [GC Worker End (ms): Min: 89484715.7, Avg: 89484715.7, Max: 89484715.7, Diff: 0.0]
   [Code Root Fixup: 0.0 ms]
   [Code Root Purge: 0.0 ms]
   [Clear CT: 0.1 ms]
   [Other: 0.9 ms]
      [Choose CSet: 0.0 ms]
      [Ref Proc: 0.3 ms]
      [Ref Enq: 0.0 ms]
      [Redirty Cards: 0.1 ms]
      [Humongous Register: 0.1 ms]
      [Humongous Reclaim: 0.0 ms]
      [Free CSet: 0.1 ms]
   [Eden: 95.0M(95.0M)->0.0B(99.0M) Survivors: 7168.0K->8192.0K Heap: 399.9M(1024.0M)->305.5M(1024.0M)]
 [Times: user=0.07 sys=0.01, real=0.02 secs] 
2021-04-24T20:42:34.152+0800: 89533.635: [GC pause (G1 Evacuation Pause) (young), 0.0186589 secs]
   [Parallel Time: 17.4 ms, GC Workers: 8]
      [GC Worker Start (ms): Min: 89533635.2, Avg: 89533635.9, Max: 89533639.9, Diff: 4.8]
      [Ext Root Scanning (ms): Min: 0.0, Avg: 1.9, Max: 4.4, Diff: 4.4, Sum: 15.6]
      [Update RS (ms): Min: 0.0, Avg: 1.3, Max: 2.7, Diff: 2.7, Sum: 10.2]
         [Processed Buffers: Min: 0, Avg: 7.2, Max: 22, Diff: 22, Sum: 58]
      [Scan RS (ms): Min: 0.0, Avg: 1.8, Max: 2.7, Diff: 2.7, Sum: 14.8]
      [Code Root Scanning (ms): Min: 0.0, Avg: 0.0, Max: 0.0, Diff: 0.0, Sum: 0.0]
      [Object Copy (ms): Min: 10.9, Avg: 11.4, Max: 12.6, Diff: 1.7, Sum: 91.1]
      [Termination (ms): Min: 0.0, Avg: 0.1, Max: 0.1, Diff: 0.1, Sum: 0.7]
         [Termination Attempts: Min: 1, Avg: 10.2, Max: 22, Diff: 21, Sum: 82]
      [GC Worker Other (ms): Min: 0.0, Avg: 0.0, Max: 0.0, Diff: 0.0, Sum: 0.1]
      [GC Worker Total (ms): Min: 12.6, Avg: 16.6, Max: 17.3, Diff: 4.7, Sum: 132.5]
      [GC Worker End (ms): Min: 89533652.5, Avg: 89533652.5, Max: 89533652.5, Diff: 0.0]
   [Code Root Fixup: 0.0 ms]
   [Code Root Purge: 0.0 ms]
   [Clear CT: 0.1 ms]
   [Other: 1.1 ms]
      [Choose CSet: 0.0 ms]
      [Ref Proc: 0.3 ms]
      [Ref Enq: 0.0 ms]
      [Redirty Cards: 0.1 ms]
      [Humongous Register: 0.1 ms]
      [Humongous Reclaim: 0.0 ms]
      [Free CSet: 0.2 ms]
   [Eden: 99.0M(99.0M)->0.0B(120.0M) Survivors: 8192.0K->10.0M Heap: 404.5M(1024.0M)->307.4M(1024.0M)]
 [Times: user=0.07 sys=0.00, real=0.02 secs] 
2021-04-24T20:43:33.684+0800: 89593.168: [GC pause (G1 Evacuation Pause) (young), 0.0218104 secs]
   [Parallel Time: 20.4 ms, GC Workers: 8]
      [GC Worker Start (ms): Min: 89593168.3, Avg: 89593171.9, Max: 89593179.4, Diff: 11.1]
      [Ext Root Scanning (ms): Min: 0.0, Avg: 2.5, Max: 10.8, Diff: 10.8, Sum: 20.1]
      [Update RS (ms): Min: 0.0, Avg: 2.3, Max: 7.8, Diff: 7.8, Sum: 18.1]
         [Processed Buffers: Min: 0, Avg: 7.1, Max: 28, Diff: 28, Sum: 57]
      [Scan RS (ms): Min: 0.0, Avg: 2.4, Max: 5.5, Diff: 5.5, Sum: 19.5]
      [Code Root Scanning (ms): Min: 0.0, Avg: 0.0, Max: 0.0, Diff: 0.0, Sum: 0.0]
      [Object Copy (ms): Min: 8.4, Avg: 9.2, Max: 9.7, Diff: 1.4, Sum: 73.8]
      [Termination (ms): Min: 0.0, Avg: 0.0, Max: 0.1, Diff: 0.1, Sum: 0.3]
         [Termination Attempts: Min: 1, Avg: 5.1, Max: 10, Diff: 9, Sum: 41]
      [GC Worker Other (ms): Min: 0.0, Avg: 0.0, Max: 0.1, Diff: 0.0, Sum: 0.3]
      [GC Worker Total (ms): Min: 9.1, Avg: 16.5, Max: 20.2, Diff: 11.1, Sum: 132.2]
      [GC Worker End (ms): Min: 89593188.4, Avg: 89593188.5, Max: 89593188.5, Diff: 0.1]
   [Code Root Fixup: 0.0 ms]
   [Code Root Purge: 0.0 ms]
   [Clear CT: 0.2 ms]
   [Other: 1.3 ms]
      [Choose CSet: 0.0 ms]
      [Ref Proc: 0.3 ms]
      [Ref Enq: 0.0 ms]
      [Redirty Cards: 0.2 ms]
      [Humongous Register: 0.1 ms]
      [Humongous Reclaim: 0.0 ms]
      [Free CSet: 0.1 ms]
   [Eden: 120.0M(120.0M)->0.0B(58.0M) Survivors: 10.0M->10.0M Heap: 427.4M(1024.0M)->307.9M(1024.0M)]
 [Times: user=0.10 sys=0.01, real=0.02 secs] 
2021-04-24T20:43:53.781+0800: 89613.266: [GC pause (G1 Evacuation Pause) (young), 0.0520752 secs]
   [Parallel Time: 51.1 ms, GC Workers: 8]
      [GC Worker Start (ms): Min: 89613266.2, Avg: 89613267.0, Max: 89613271.2, Diff: 5.0]
      [Ext Root Scanning (ms): Min: 0.0, Avg: 2.6, Max: 7.8, Diff: 7.8, Sum: 21.1]
      [Update RS (ms): Min: 0.0, Avg: 1.2, Max: 3.0, Diff: 3.0, Sum: 10.0]
         [Processed Buffers: Min: 0, Avg: 6.4, Max: 20, Diff: 20, Sum: 51]
      [Scan RS (ms): Min: 0.1, Avg: 3.5, Max: 5.1, Diff: 5.0, Sum: 28.2]
      [Code Root Scanning (ms): Min: 0.0, Avg: 0.0, Max: 0.0, Diff: 0.0, Sum: 0.0]
      [Object Copy (ms): Min: 42.5, Avg: 42.8, Max: 43.1, Diff: 0.6, Sum: 342.5]
      [Termination (ms): Min: 0.0, Avg: 0.0, Max: 0.1, Diff: 0.1, Sum: 0.3]
         [Termination Attempts: Min: 2, Avg: 22.1, Max: 29, Diff: 27, Sum: 177]
      [GC Worker Other (ms): Min: 0.0, Avg: 0.0, Max: 0.0, Diff: 0.0, Sum: 0.2]
      [GC Worker Total (ms): Min: 46.0, Avg: 50.3, Max: 51.1, Diff: 5.0, Sum: 402.3]
      [GC Worker End (ms): Min: 89613317.3, Avg: 89613317.3, Max: 89613317.3, Diff: 0.0]
   [Code Root Fixup: 0.0 ms]
   [Code Root Purge: 0.0 ms]
   [Clear CT: 0.1 ms]
   [Other: 0.8 ms]
      [Choose CSet: 0.0 ms]
      [Ref Proc: 0.2 ms]
      [Ref Enq: 0.0 ms]
      [Redirty Cards: 0.1 ms]
      [Humongous Register: 0.1 ms]
      [Humongous Reclaim: 0.0 ms]
      [Free CSet: 0.1 ms]
   [Eden: 41.0M(41.0M)->0.0B(44.0M) Survivors: 10.0M->7168.0K Heap: 348.9M(1024.0M)->309.5M(1024.0M)]
 [Times: user=0.09 sys=0.03, real=0.05 secs] 
2021-04-24T20:44:15.515+0800: 89635.000: [GC pause (G1 Evacuation Pause) (young), 0.0217567 secs]
   [Parallel Time: 20.1 ms, GC Workers: 8]
      [GC Worker Start (ms): Min: 89635000.3, Avg: 89635001.8, Max: 89635007.2, Diff: 7.0]
      [Ext Root Scanning (ms): Min: 0.0, Avg: 1.0, Max: 4.6, Diff: 4.6, Sum: 8.1]
      [Update RS (ms): Min: 0.0, Avg: 1.4, Max: 3.0, Diff: 3.0, Sum: 11.0]
         [Processed Buffers: Min: 0, Avg: 7.1, Max: 39, Diff: 39, Sum: 57]
      [Scan RS (ms): Min: 0.0, Avg: 2.5, Max: 3.5, Diff: 3.4, Sum: 19.7]
      [Code Root Scanning (ms): Min: 0.0, Avg: 0.0, Max: 0.0, Diff: 0.0, Sum: 0.0]
      [Object Copy (ms): Min: 12.4, Avg: 13.4, Max: 17.7, Diff: 5.3, Sum: 107.0]
      [Termination (ms): Min: 0.0, Avg: 0.1, Max: 0.2, Diff: 0.2, Sum: 1.2]
         [Termination Attempts: Min: 1, Avg: 1.1, Max: 2, Diff: 1, Sum: 9]
      [GC Worker Other (ms): Min: 0.0, Avg: 0.0, Max: 0.1, Diff: 0.0, Sum: 0.2]
      [GC Worker Total (ms): Min: 13.0, Avg: 18.4, Max: 19.9, Diff: 7.0, Sum: 147.1]
      [GC Worker End (ms): Min: 89635020.2, Avg: 89635020.2, Max: 89635020.2, Diff: 0.0]
   [Code Root Fixup: 0.0 ms]
   [Code Root Purge: 0.0 ms]
   [Clear CT: 0.2 ms]
   [Other: 1.4 ms]
      [Choose CSet: 0.0 ms]
      [Ref Proc: 0.4 ms]
      [Ref Enq: 0.0 ms]
      [Redirty Cards: 0.2 ms]
      [Humongous Register: 0.1 ms]
      [Humongous Reclaim: 0.0 ms]
      [Free CSet: 0.1 ms]
   [Eden: 44.0M(44.0M)->0.0B(44.0M) Survivors: 7168.0K->7168.0K Heap: 353.5M(1024.0M)->312.8M(1024.0M)]
 [Times: user=0.06 sys=0.01, real=0.02 secs] 
2021-04-24T20:44:37.113+0800: 89656.598: [GC pause (G1 Evacuation Pause) (young), 0.0217312 secs]
   [Parallel Time: 20.1 ms, GC Workers: 8]
      [GC Worker Start (ms): Min: 89656598.5, Avg: 89656598.9, Max: 89656599.8, Diff: 1.3]
      [Ext Root Scanning (ms): Min: 0.0, Avg: 2.1, Max: 6.2, Diff: 6.2, Sum: 17.1]
      [Update RS (ms): Min: 0.0, Avg: 2.8, Max: 6.4, Diff: 6.4, Sum: 22.5]
         [Processed Buffers: Min: 0, Avg: 5.8, Max: 23, Diff: 23, Sum: 46]
      [Scan RS (ms): Min: 0.0, Avg: 1.3, Max: 2.5, Diff: 2.5, Sum: 10.2]
      [Code Root Scanning (ms): Min: 0.0, Avg: 0.0, Max: 0.0, Diff: 0.0, Sum: 0.0]
      [Object Copy (ms): Min: 11.9, Avg: 13.1, Max: 18.9, Diff: 7.0, Sum: 104.9]
      [Termination (ms): Min: 0.0, Avg: 0.4, Max: 0.5, Diff: 0.5, Sum: 2.8]
         [Termination Attempts: Min: 1, Avg: 1.1, Max: 2, Diff: 1, Sum: 9]
      [GC Worker Other (ms): Min: 0.0, Avg: 0.0, Max: 0.0, Diff: 0.0, Sum: 0.1]
      [GC Worker Total (ms): Min: 18.7, Avg: 19.7, Max: 20.1, Diff: 1.3, Sum: 157.6]
      [GC Worker End (ms): Min: 89656618.6, Avg: 89656618.6, Max: 89656618.6, Diff: 0.0]
   [Code Root Fixup: 0.0 ms]
   [Code Root Purge: 0.0 ms]
   [Clear CT: 0.1 ms]
   [Other: 1.5 ms]
      [Choose CSet: 0.0 ms]
      [Ref Proc: 0.2 ms]
      [Ref Enq: 0.0 ms]
      [Redirty Cards: 0.1 ms]
      [Humongous Register: 0.1 ms]
      [Humongous Reclaim: 0.0 ms]
      [Free CSet: 0.1 ms]
   [Eden: 44.0M(44.0M)->0.0B(46.0M) Survivors: 7168.0K->5120.0K Heap: 356.8M(1024.0M)->313.6M(1024.0M)]
 [Times: user=0.06 sys=0.02, real=0.02 secs] 
2021-04-24T20:44:59.737+0800: 89679.222: [GC pause (G1 Evacuation Pause) (young), 0.0117981 secs]
   [Parallel Time: 11.0 ms, GC Workers: 8]
      [GC Worker Start (ms): Min: 89679222.7, Avg: 89679223.3, Max: 89679226.8, Diff: 4.0]
      [Ext Root Scanning (ms): Min: 0.0, Avg: 1.7, Max: 5.3, Diff: 5.3, Sum: 13.3]
      [Update RS (ms): Min: 0.0, Avg: 1.4, Max: 3.2, Diff: 3.2, Sum: 11.2]
         [Processed Buffers: Min: 0, Avg: 5.9, Max: 19, Diff: 19, Sum: 47]
      [Scan RS (ms): Min: 0.0, Avg: 2.5, Max: 5.4, Diff: 5.3, Sum: 20.1]
      [Code Root Scanning (ms): Min: 0.0, Avg: 0.0, Max: 0.0, Diff: 0.0, Sum: 0.0]
      [Object Copy (ms): Min: 1.9, Avg: 4.7, Max: 10.2, Diff: 8.3, Sum: 37.5]
      [Termination (ms): Min: 0.0, Avg: 0.0, Max: 0.1, Diff: 0.1, Sum: 0.4]
         [Termination Attempts: Min: 1, Avg: 23.5, Max: 33, Diff: 32, Sum: 188]
      [GC Worker Other (ms): Min: 0.0, Avg: 0.0, Max: 0.1, Diff: 0.1, Sum: 0.2]
      [GC Worker Total (ms): Min: 6.9, Avg: 10.3, Max: 11.0, Diff: 4.1, Sum: 82.7]
      [GC Worker End (ms): Min: 89679233.6, Avg: 89679233.7, Max: 89679233.7, Diff: 0.1]
   [Code Root Fixup: 0.0 ms]
   [Code Root Purge: 0.0 ms]
   [Clear CT: 0.1 ms]
   [Other: 0.7 ms]
      [Choose CSet: 0.0 ms]
      [Ref Proc: 0.2 ms]
      [Ref Enq: 0.0 ms]
      [Redirty Cards: 0.1 ms]
      [Humongous Register: 0.1 ms]
      [Humongous Reclaim: 0.0 ms]
      [Free CSet: 0.0 ms]
   [Eden: 46.0M(46.0M)->0.0B(58.0M) Survivors: 5120.0K->6144.0K Heap: 359.6M(1024.0M)->314.4M(1024.0M)]
 [Times: user=0.05 sys=0.00, real=0.01 secs] 
2021-04-24T20:45:28.307+0800: 89707.793: [GC pause (G1 Evacuation Pause) (young), 0.0170230 secs]
   [Parallel Time: 15.8 ms, GC Workers: 8]
      [GC Worker Start (ms): Min: 89707793.3, Avg: 89707793.5, Max: 89707793.8, Diff: 0.5]
      [Ext Root Scanning (ms): Min: 0.9, Avg: 4.1, Max: 11.2, Diff: 10.3, Sum: 32.6]
      [Update RS (ms): Min: 0.0, Avg: 3.2, Max: 5.7, Diff: 5.7, Sum: 25.9]
         [Processed Buffers: Min: 0, Avg: 6.0, Max: 14, Diff: 14, Sum: 48]
      [Scan RS (ms): Min: 0.0, Avg: 2.0, Max: 4.5, Diff: 4.5, Sum: 15.8]
      [Code Root Scanning (ms): Min: 0.0, Avg: 0.0, Max: 0.0, Diff: 0.0, Sum: 0.0]
      [Object Copy (ms): Min: 4.1, Avg: 6.2, Max: 14.3, Diff: 10.2, Sum: 49.4]
      [Termination (ms): Min: 0.0, Avg: 0.0, Max: 0.0, Diff: 0.0, Sum: 0.1]
         [Termination Attempts: Min: 1, Avg: 10.4, Max: 18, Diff: 17, Sum: 83]
      [GC Worker Other (ms): Min: 0.0, Avg: 0.0, Max: 0.1, Diff: 0.0, Sum: 0.2]
      [GC Worker Total (ms): Min: 15.2, Avg: 15.5, Max: 15.7, Diff: 0.4, Sum: 124.0]
      [GC Worker End (ms): Min: 89707808.9, Avg: 89707809.0, Max: 89707809.0, Diff: 0.0]
   [Code Root Fixup: 0.0 ms]
   [Code Root Purge: 0.0 ms]
   [Clear CT: 0.1 ms]
   [Other: 1.1 ms]
      [Choose CSet: 0.0 ms]
      [Ref Proc: 0.2 ms]
      [Ref Enq: 0.0 ms]
      [Redirty Cards: 0.1 ms]
      [Humongous Register: 0.2 ms]
      [Humongous Reclaim: 0.0 ms]
      [Free CSet: 0.1 ms]
   [Eden: 58.0M(58.0M)->0.0B(81.0M) Survivors: 6144.0K->7168.0K Heap: 372.4M(1024.0M)->315.9M(1024.0M)]
 [Times: user=0.07 sys=0.01, real=0.02 secs] 
2021-04-24T20:46:08.315+0800: 89747.801: [GC pause (G1 Evacuation Pause) (young), 0.0162324 secs]
   [Parallel Time: 14.9 ms, GC Workers: 8]
      [GC Worker Start (ms): Min: 89747801.4, Avg: 89747801.7, Max: 89747802.4, Diff: 1.0]
      [Ext Root Scanning (ms): Min: 0.0, Avg: 5.0, Max: 12.9, Diff: 12.9, Sum: 40.1]
      [Update RS (ms): Min: 0.0, Avg: 1.8, Max: 4.1, Diff: 4.1, Sum: 14.2]
         [Processed Buffers: Min: 0, Avg: 6.0, Max: 32, Diff: 32, Sum: 48]
      [Scan RS (ms): Min: 0.0, Avg: 1.0, Max: 2.1, Diff: 2.1, Sum: 7.8]
      [Code Root Scanning (ms): Min: 0.0, Avg: 0.0, Max: 0.0, Diff: 0.0, Sum: 0.0]
      [Object Copy (ms): Min: 1.7, Avg: 6.7, Max: 13.8, Diff: 12.1, Sum: 53.6]
      [Termination (ms): Min: 0.0, Avg: 0.0, Max: 0.0, Diff: 0.0, Sum: 0.0]
         [Termination Attempts: Min: 1, Avg: 1.8, Max: 3, Diff: 2, Sum: 14]
      [GC Worker Other (ms): Min: 0.0, Avg: 0.1, Max: 0.1, Diff: 0.1, Sum: 0.4]
      [GC Worker Total (ms): Min: 13.8, Avg: 14.5, Max: 14.7, Diff: 1.0, Sum: 116.2]
      [GC Worker End (ms): Min: 89747816.2, Avg: 89747816.2, Max: 89747816.2, Diff: 0.1]
   [Code Root Fixup: 0.0 ms]
   [Code Root Purge: 0.0 ms]
   [Clear CT: 0.1 ms]
   [Other: 1.2 ms]
      [Choose CSet: 0.0 ms]
      [Ref Proc: 0.2 ms]
      [Ref Enq: 0.0 ms]
      [Redirty Cards: 0.1 ms]
      [Humongous Register: 0.3 ms]
      [Humongous Reclaim: 0.0 ms]
      [Free CSet: 0.1 ms]
   [Eden: 81.0M(81.0M)->0.0B(123.0M) Survivors: 7168.0K->9216.0K Heap: 396.9M(1024.0M)->318.0M(1024.0M)]
 [Times: user=0.07 sys=0.00, real=0.02 secs] 
2021-04-24T20:47:09.372+0800: 89808.859: [GC pause (G1 Evacuation Pause) (young), 0.0239753 secs]
   [Parallel Time: 22.3 ms, GC Workers: 8]
      [GC Worker Start (ms): Min: 89808859.7, Avg: 89808859.9, Max: 89808860.2, Diff: 0.5]
      [Ext Root Scanning (ms): Min: 0.0, Avg: 1.4, Max: 6.2, Diff: 6.2, Sum: 11.0]
      [Update RS (ms): Min: 0.0, Avg: 2.0, Max: 5.1, Diff: 5.1, Sum: 16.3]
         [Processed Buffers: Min: 0, Avg: 6.1, Max: 36, Diff: 36, Sum: 49]
      [Scan RS (ms): Min: 0.0, Avg: 1.1, Max: 2.6, Diff: 2.6, Sum: 8.9]
      [Code Root Scanning (ms): Min: 0.0, Avg: 0.0, Max: 0.0, Diff: 0.0, Sum: 0.0]
      [Object Copy (ms): Min: 15.2, Avg: 16.2, Max: 21.1, Diff: 5.9, Sum: 130.0]
      [Termination (ms): Min: 0.0, Avg: 0.0, Max: 0.0, Diff: 0.0, Sum: 0.1]
         [Termination Attempts: Min: 1, Avg: 17.8, Max: 35, Diff: 34, Sum: 142]
      [GC Worker Other (ms): Min: 0.0, Avg: 1.1, Max: 6.4, Diff: 6.3, Sum: 9.1]
      [GC Worker Total (ms): Min: 21.6, Avg: 21.9, Max: 22.1, Diff: 0.5, Sum: 175.4]
      [GC Worker End (ms): Min: 89808881.8, Avg: 89808881.8, Max: 89808881.9, Diff: 0.1]
   [Code Root Fixup: 0.0 ms]
   [Code Root Purge: 0.0 ms]
   [Clear CT: 0.2 ms]
   [Other: 1.5 ms]
      [Choose CSet: 0.0 ms]
      [Ref Proc: 0.4 ms]
      [Ref Enq: 0.0 ms]
      [Redirty Cards: 0.1 ms]
      [Humongous Register: 0.3 ms]
      [Humongous Reclaim: 0.0 ms]
      [Free CSet: 0.2 ms]
   [Eden: 123.0M(123.0M)->0.0B(84.0M) Survivors: 9216.0K->8192.0K Heap: 441.0M(1024.0M)->316.6M(1024.0M)]
 [Times: user=0.08 sys=0.01, real=0.02 secs] 
2021-04-24T20:47:30.650+0800: 89830.138: [GC pause (G1 Evacuation Pause) (young), 0.0461420 secs]
   [Parallel Time: 45.1 ms, GC Workers: 8]
      [GC Worker Start (ms): Min: 89830138.4, Avg: 89830139.6, Max: 89830145.6, Diff: 7.2]
      [Ext Root Scanning (ms): Min: 0.0, Avg: 2.1, Max: 6.8, Diff: 6.8, Sum: 17.0]
      [Update RS (ms): Min: 0.0, Avg: 1.8, Max: 4.6, Diff: 4.6, Sum: 14.6]
         [Processed Buffers: Min: 0, Avg: 6.6, Max: 20, Diff: 20, Sum: 53]
      [Scan RS (ms): Min: 0.1, Avg: 1.8, Max: 3.4, Diff: 3.3, Sum: 14.4]
      [Code Root Scanning (ms): Min: 0.0, Avg: 0.0, Max: 0.0, Diff: 0.0, Sum: 0.0]
      [Object Copy (ms): Min: 37.6, Avg: 38.0, Max: 40.3, Diff: 2.7, Sum: 304.3]
      [Termination (ms): Min: 0.0, Avg: 0.0, Max: 0.0, Diff: 0.0, Sum: 0.3]
         [Termination Attempts: Min: 1, Avg: 17.6, Max: 27, Diff: 26, Sum: 141]
      [GC Worker Other (ms): Min: 0.0, Avg: 0.0, Max: 0.0, Diff: 0.0, Sum: 0.1]
      [GC Worker Total (ms): Min: 37.8, Avg: 43.8, Max: 45.0, Diff: 7.2, Sum: 350.7]
      [GC Worker End (ms): Min: 89830183.4, Avg: 89830183.4, Max: 89830183.4, Diff: 0.0]
   [Code Root Fixup: 0.0 ms]
   [Code Root Purge: 0.0 ms]
   [Clear CT: 0.1 ms]
   [Other: 1.0 ms]
      [Choose CSet: 0.0 ms]
      [Ref Proc: 0.2 ms]
      [Ref Enq: 0.0 ms]
      [Redirty Cards: 0.1 ms]
      [Humongous Register: 0.1 ms]
      [Humongous Reclaim: 0.0 ms]
      [Free CSet: 0.1 ms]
   [Eden: 43.0M(43.0M)->0.0B(44.0M) Survivors: 8192.0K->7168.0K Heap: 359.6M(1024.0M)->318.3M(1024.0M)]
 [Times: user=0.07 sys=0.02, real=0.04 secs] 
2021-04-24T20:47:52.516+0800: 89852.004: [GC pause (G1 Evacuation Pause) (young), 0.0221557 secs]
   [Parallel Time: 20.4 ms, GC Workers: 8]
      [GC Worker Start (ms): Min: 89852004.8, Avg: 89852004.9, Max: 89852005.3, Diff: 0.5]
      [Ext Root Scanning (ms): Min: 0.9, Avg: 3.2, Max: 7.5, Diff: 6.6, Sum: 25.6]
      [Update RS (ms): Min: 0.0, Avg: 2.6, Max: 7.2, Diff: 7.2, Sum: 21.0]
         [Processed Buffers: Min: 0, Avg: 6.5, Max: 33, Diff: 33, Sum: 52]
      [Scan RS (ms): Min: 0.0, Avg: 1.4, Max: 2.6, Diff: 2.6, Sum: 11.0]
      [Code Root Scanning (ms): Min: 0.0, Avg: 0.0, Max: 0.0, Diff: 0.0, Sum: 0.0]
      [Object Copy (ms): Min: 11.2, Avg: 12.5, Max: 18.4, Diff: 7.2, Sum: 99.6]
      [Termination (ms): Min: 0.0, Avg: 0.4, Max: 0.5, Diff: 0.5, Sum: 3.4]
         [Termination Attempts: Min: 1, Avg: 14.1, Max: 21, Diff: 20, Sum: 113]
      [GC Worker Other (ms): Min: 0.0, Avg: 0.0, Max: 0.0, Diff: 0.0, Sum: 0.1]
      [GC Worker Total (ms): Min: 19.7, Avg: 20.1, Max: 20.2, Diff: 0.5, Sum: 160.8]
      [GC Worker End (ms): Min: 89852025.0, Avg: 89852025.0, Max: 89852025.0, Diff: 0.0]
   [Code Root Fixup: 0.0 ms]
   [Code Root Purge: 0.0 ms]
   [Clear CT: 0.1 ms]
   [Other: 1.6 ms]
      [Choose CSet: 0.0 ms]
      [Ref Proc: 0.2 ms]
      [Ref Enq: 0.0 ms]
      [Redirty Cards: 0.1 ms]
      [Humongous Register: 0.1 ms]
      [Humongous Reclaim: 0.0 ms]
      [Free CSet: 0.1 ms]
   [Eden: 44.0M(44.0M)->0.0B(44.0M) Survivors: 7168.0K->7168.0K Heap: 362.3M(1024.0M)->320.3M(1024.0M)]
 [Times: user=0.08 sys=0.01, real=0.02 secs] 
2021-04-24T20:48:14.280+0800: 89873.768: [GC pause (G1 Evacuation Pause) (young), 0.0195695 secs]
   [Parallel Time: 18.2 ms, GC Workers: 8]
      [GC Worker Start (ms): Min: 89873768.1, Avg: 89873769.0, Max: 89873774.6, Diff: 6.5]
      [Ext Root Scanning (ms): Min: 0.0, Avg: 2.1, Max: 7.2, Diff: 7.1, Sum: 16.5]
      [Update RS (ms): Min: 0.0, Avg: 1.9, Max: 6.0, Diff: 6.0, Sum: 15.4]
         [Processed Buffers: Min: 0, Avg: 6.5, Max: 27, Diff: 27, Sum: 52]
      [Scan RS (ms): Min: 0.0, Avg: 1.6, Max: 3.0, Diff: 3.0, Sum: 12.8]
      [Code Root Scanning (ms): Min: 0.0, Avg: 0.0, Max: 0.0, Diff: 0.0, Sum: 0.0]
      [Object Copy (ms): Min: 10.6, Avg: 11.3, Max: 12.1, Diff: 1.5, Sum: 90.5]
      [Termination (ms): Min: 0.0, Avg: 0.3, Max: 0.4, Diff: 0.4, Sum: 2.4]
         [Termination Attempts: Min: 1, Avg: 3.8, Max: 14, Diff: 13, Sum: 30]
      [GC Worker Other (ms): Min: 0.0, Avg: 0.0, Max: 0.0, Diff: 0.0, Sum: 0.1]
      [GC Worker Total (ms): Min: 11.7, Avg: 17.2, Max: 18.1, Diff: 6.4, Sum: 137.8]
      [GC Worker End (ms): Min: 89873786.2, Avg: 89873786.2, Max: 89873786.2, Diff: 0.0]
   [Code Root Fixup: 0.0 ms]
   [Code Root Purge: 0.0 ms]
   [Clear CT: 0.1 ms]
   [Other: 1.3 ms]
      [Choose CSet: 0.0 ms]
      [Ref Proc: 0.3 ms]
      [Ref Enq: 0.0 ms]
      [Redirty Cards: 0.1 ms]
      [Humongous Register: 0.1 ms]
      [Humongous Reclaim: 0.0 ms]
      [Free CSet: 0.2 ms]
   [Eden: 44.0M(44.0M)->0.0B(47.0M) Survivors: 7168.0K->4096.0K Heap: 364.3M(1024.0M)->320.2M(1024.0M)]
 [Times: user=0.06 sys=0.01, real=0.02 secs] 
2021-04-24T20:48:37.662+0800: 89897.150: [GC pause (G1 Evacuation Pause) (young), 0.0182978 secs]
   [Parallel Time: 17.1 ms, GC Workers: 8]
      [GC Worker Start (ms): Min: 89897151.0, Avg: 89897151.2, Max: 89897152.1, Diff: 1.1]
      [Ext Root Scanning (ms): Min: 0.0, Avg: 3.4, Max: 13.6, Diff: 13.6, Sum: 27.5]
      [Update RS (ms): Min: 0.0, Avg: 3.7, Max: 11.1, Diff: 11.1, Sum: 29.6]
         [Processed Buffers: Min: 0, Avg: 5.8, Max: 21, Diff: 21, Sum: 46]
      [Scan RS (ms): Min: 0.0, Avg: 2.0, Max: 4.0, Diff: 4.0, Sum: 15.9]
      [Code Root Scanning (ms): Min: 0.0, Avg: 0.0, Max: 0.0, Diff: 0.0, Sum: 0.0]
      [Object Copy (ms): Min: 2.6, Avg: 6.8, Max: 15.1, Diff: 12.4, Sum: 54.4]
      [Termination (ms): Min: 0.0, Avg: 0.5, Max: 0.9, Diff: 0.9, Sum: 3.6]
         [Termination Attempts: Min: 1, Avg: 30.0, Max: 58, Diff: 57, Sum: 240]
      [GC Worker Other (ms): Min: 0.0, Avg: 0.0, Max: 0.0, Diff: 0.0, Sum: 0.2]
      [GC Worker Total (ms): Min: 15.8, Avg: 16.4, Max: 17.0, Diff: 1.2, Sum: 131.0]
      [GC Worker End (ms): Min: 89897167.2, Avg: 89897167.6, Max: 89897168.0, Diff: 0.8]
   [Code Root Fixup: 0.0 ms]
   [Code Root Purge: 0.0 ms]
   [Clear CT: 0.1 ms]
   [Other: 1.1 ms]
      [Choose CSet: 0.0 ms]
      [Ref Proc: 0.2 ms]
      [Ref Enq: 0.0 ms]
      [Redirty Cards: 0.1 ms]
      [Humongous Register: 0.3 ms]
      [Humongous Reclaim: 0.0 ms]
      [Free CSet: 0.1 ms]
   [Eden: 47.0M(47.0M)->0.0B(45.0M) Survivors: 4096.0K->6144.0K Heap: 367.2M(1024.0M)->321.4M(1024.0M)]
 [Times: user=0.07 sys=0.00, real=0.02 secs] 
2021-04-24T20:48:59.932+0800: 89919.421: [GC pause (G1 Evacuation Pause) (young), 0.0177526 secs]
   [Parallel Time: 15.9 ms, GC Workers: 8]
      [GC Worker Start (ms): Min: 89919421.1, Avg: 89919421.4, Max: 89919421.9, Diff: 0.8]
      [Ext Root Scanning (ms): Min: 0.5, Avg: 4.6, Max: 8.4, Diff: 7.9, Sum: 36.8]
      [Update RS (ms): Min: 0.0, Avg: 2.0, Max: 4.3, Diff: 4.3, Sum: 16.2]
         [Processed Buffers: Min: 0, Avg: 5.9, Max: 17, Diff: 17, Sum: 47]
      [Scan RS (ms): Min: 0.1, Avg: 1.7, Max: 3.6, Diff: 3.5, Sum: 13.3]
      [Code Root Scanning (ms): Min: 0.0, Avg: 0.0, Max: 0.0, Diff: 0.0, Sum: 0.0]
      [Object Copy (ms): Min: 6.7, Avg: 7.1, Max: 7.3, Diff: 0.6, Sum: 56.9]
      [Termination (ms): Min: 0.0, Avg: 0.0, Max: 0.0, Diff: 0.0, Sum: 0.1]
         [Termination Attempts: Min: 1, Avg: 19.9, Max: 28, Diff: 27, Sum: 159]
      [GC Worker Other (ms): Min: 0.0, Avg: 0.0, Max: 0.0, Diff: 0.0, Sum: 0.2]
      [GC Worker Total (ms): Min: 15.0, Avg: 15.4, Max: 15.8, Diff: 0.8, Sum: 123.5]
      [GC Worker End (ms): Min: 89919436.8, Avg: 89919436.8, Max: 89919436.9, Diff: 0.0]
   [Code Root Fixup: 0.0 ms]
   [Code Root Purge: 0.0 ms]
   [Clear CT: 0.1 ms]
   [Other: 1.8 ms]
      [Choose CSet: 0.0 ms]
      [Ref Proc: 0.3 ms]
      [Ref Enq: 0.0 ms]
      [Redirty Cards: 0.1 ms]
      [Humongous Register: 0.3 ms]
      [Humongous Reclaim: 0.1 ms]
      [Free CSet: 0.2 ms]
   [Eden: 45.0M(45.0M)->0.0B(55.0M) Survivors: 6144.0K->6144.0K Heap: 366.4M(1024.0M)->322.6M(1024.0M)]
 [Times: user=0.07 sys=0.01, real=0.02 secs] 
2021-04-24T20:49:22.231+0800: 89941.720: [GC pause (G1 Evacuation Pause) (young), 0.0141130 secs]
   [Parallel Time: 12.5 ms, GC Workers: 8]
      [GC Worker Start (ms): Min: 89941720.7, Avg: 89941720.8, Max: 89941721.0, Diff: 0.4]
      [Ext Root Scanning (ms): Min: 0.6, Avg: 3.6, Max: 8.6, Diff: 8.0, Sum: 28.9]
      [Update RS (ms): Min: 0.0, Avg: 1.4, Max: 3.1, Diff: 3.1, Sum: 11.2]
         [Processed Buffers: Min: 0, Avg: 5.8, Max: 14, Diff: 14, Sum: 46]
      [Scan RS (ms): Min: 0.0, Avg: 1.4, Max: 3.6, Diff: 3.6, Sum: 10.8]
      [Code Root Scanning (ms): Min: 0.0, Avg: 0.0, Max: 0.0, Diff: 0.0, Sum: 0.0]
      [Object Copy (ms): Min: 3.8, Avg: 5.9, Max: 11.6, Diff: 7.8, Sum: 47.0]
      [Termination (ms): Min: 0.0, Avg: 0.0, Max: 0.1, Diff: 0.1, Sum: 0.2]
         [Termination Attempts: Min: 1, Avg: 42.6, Max: 68, Diff: 67, Sum: 341]
      [GC Worker Other (ms): Min: 0.0, Avg: 0.0, Max: 0.1, Diff: 0.0, Sum: 0.2]
      [GC Worker Total (ms): Min: 12.1, Avg: 12.3, Max: 12.5, Diff: 0.3, Sum: 98.4]
      [GC Worker End (ms): Min: 89941733.1, Avg: 89941733.2, Max: 89941733.2, Diff: 0.0]
   [Code Root Fixup: 0.0 ms]
   [Code Root Purge: 0.0 ms]
   [Clear CT: 0.1 ms]
   [Other: 1.5 ms]
      [Choose CSet: 0.0 ms]
      [Ref Proc: 0.8 ms]
      [Ref Enq: 0.0 ms]
      [Redirty Cards: 0.1 ms]
      [Humongous Register: 0.1 ms]
      [Humongous Reclaim: 0.0 ms]
      [Free CSet: 0.1 ms]
   [Eden: 45.0M(45.0M)->0.0B(123.0M) Survivors: 6144.0K->7168.0K Heap: 367.6M(1024.0M)->324.1M(1024.0M)]
 [Times: user=0.06 sys=0.00, real=0.01 secs] 
2021-04-24T20:50:23.152+0800: 90002.642: [GC pause (G1 Evacuation Pause) (young), 0.0180025 secs]
   [Parallel Time: 16.9 ms, GC Workers: 8]
      [GC Worker Start (ms): Min: 90002642.7, Avg: 90002644.4, Max: 90002653.9, Diff: 11.2]
      [Ext Root Scanning (ms): Min: 0.0, Avg: 4.6, Max: 10.4, Diff: 10.4, Sum: 36.5]
      [Update RS (ms): Min: 0.0, Avg: 2.2, Max: 4.8, Diff: 4.8, Sum: 17.6]
         [Processed Buffers: Min: 0, Avg: 5.9, Max: 18, Diff: 18, Sum: 47]
      [Scan RS (ms): Min: 0.0, Avg: 1.1, Max: 2.4, Diff: 2.3, Sum: 8.7]
      [Code Root Scanning (ms): Min: 0.0, Avg: 0.0, Max: 0.0, Diff: 0.0, Sum: 0.0]
      [Object Copy (ms): Min: 5.6, Avg: 7.2, Max: 8.3, Diff: 2.8, Sum: 57.8]
      [Termination (ms): Min: 0.0, Avg: 0.0, Max: 0.1, Diff: 0.1, Sum: 0.3]
         [Termination Attempts: Min: 1, Avg: 5.6, Max: 7, Diff: 6, Sum: 45]
      [GC Worker Other (ms): Min: 0.0, Avg: 0.0, Max: 0.1, Diff: 0.1, Sum: 0.3]
      [GC Worker Total (ms): Min: 5.6, Avg: 15.2, Max: 16.8, Diff: 11.2, Sum: 121.2]
      [GC Worker End (ms): Min: 90002659.5, Avg: 90002659.5, Max: 90002659.6, Diff: 0.0]
   [Code Root Fixup: 0.0 ms]
   [Code Root Purge: 0.0 ms]
   [Clear CT: 0.1 ms]
   [Other: 1.0 ms]
      [Choose CSet: 0.0 ms]
      [Ref Proc: 0.2 ms]
      [Ref Enq: 0.0 ms]
      [Redirty Cards: 0.1 ms]
      [Humongous Register: 0.3 ms]
      [Humongous Reclaim: 0.0 ms]
      [Free CSet: 0.1 ms]
   [Eden: 123.0M(123.0M)->0.0B(139.0M) Survivors: 7168.0K->7168.0K Heap: 447.1M(1024.0M)->324.0M(1024.0M)]
 [Times: user=0.07 sys=0.00, real=0.02 secs] 
2021-04-24T20:50:44.693+0800: 90024.183: [GC pause (G1 Evacuation Pause) (young), 0.0253089 secs]
   [Parallel Time: 23.7 ms, GC Workers: 8]
      [GC Worker Start (ms): Min: 90024183.5, Avg: 90024183.9, Max: 90024185.0, Diff: 1.5]
      [Ext Root Scanning (ms): Min: 0.0, Avg: 3.1, Max: 9.2, Diff: 9.2, Sum: 24.7]
      [Update RS (ms): Min: 0.0, Avg: 2.1, Max: 4.8, Diff: 4.8, Sum: 16.8]
         [Processed Buffers: Min: 0, Avg: 6.5, Max: 29, Diff: 29, Sum: 52]
      [Scan RS (ms): Min: 0.0, Avg: 1.7, Max: 3.2, Diff: 3.2, Sum: 13.5]
      [Code Root Scanning (ms): Min: 0.0, Avg: 0.0, Max: 0.0, Diff: 0.0, Sum: 0.0]
      [Object Copy (ms): Min: 14.2, Avg: 16.2, Max: 22.1, Diff: 7.9, Sum: 129.2]
      [Termination (ms): Min: 0.0, Avg: 0.0, Max: 0.0, Diff: 0.0, Sum: 0.0]
         [Termination Attempts: Min: 1, Avg: 2.0, Max: 3, Diff: 2, Sum: 16]
      [GC Worker Other (ms): Min: 0.0, Avg: 0.0, Max: 0.1, Diff: 0.0, Sum: 0.3]
      [GC Worker Total (ms): Min: 22.0, Avg: 23.1, Max: 23.5, Diff: 1.4, Sum: 184.6]
      [GC Worker End (ms): Min: 90024207.0, Avg: 90024207.0, Max: 90024207.0, Diff: 0.0]
   [Code Root Fixup: 0.0 ms]
   [Code Root Purge: 0.0 ms]
   [Clear CT: 0.1 ms]
   [Other: 1.5 ms]
      [Choose CSet: 0.0 ms]
      [Ref Proc: 0.3 ms]
      [Ref Enq: 0.0 ms]
      [Redirty Cards: 0.1 ms]
      [Humongous Register: 0.3 ms]
      [Humongous Reclaim: 0.0 ms]
      [Free CSet: 0.1 ms]
   [Eden: 44.0M(44.0M)->0.0B(52.0M) Survivors: 7168.0K->6144.0K Heap: 368.0M(1024.0M)->324.9M(1024.0M)]
 [Times: user=0.09 sys=0.01, real=0.02 secs] 
2021-04-24T20:51:06.577+0800: 90046.068: [GC pause (G1 Evacuation Pause) (young), 0.0189722 secs]
   [Parallel Time: 17.4 ms, GC Workers: 8]
      [GC Worker Start (ms): Min: 90046068.0, Avg: 90046069.8, Max: 90046075.5, Diff: 7.5]
      [Ext Root Scanning (ms): Min: 0.0, Avg: 0.5, Max: 1.0, Diff: 1.0, Sum: 3.8]
      [Update RS (ms): Min: 0.0, Avg: 1.9, Max: 6.8, Diff: 6.8, Sum: 15.0]
         [Processed Buffers: Min: 0, Avg: 6.1, Max: 18, Diff: 18, Sum: 49]
      [Scan RS (ms): Min: 0.0, Avg: 2.5, Max: 4.8, Diff: 4.7, Sum: 20.3]
      [Code Root Scanning (ms): Min: 0.0, Avg: 0.0, Max: 0.0, Diff: 0.0, Sum: 0.0]
      [Object Copy (ms): Min: 9.3, Avg: 10.4, Max: 15.8, Diff: 6.4, Sum: 83.0]
      [Termination (ms): Min: 0.0, Avg: 0.2, Max: 0.3, Diff: 0.3, Sum: 1.7]
         [Termination Attempts: Min: 1, Avg: 1.1, Max: 2, Diff: 1, Sum: 9]
      [GC Worker Other (ms): Min: 0.0, Avg: 0.0, Max: 0.1, Diff: 0.0, Sum: 0.1]
      [GC Worker Total (ms): Min: 9.8, Avg: 15.5, Max: 17.3, Diff: 7.6, Sum: 123.9]
      [GC Worker End (ms): Min: 90046085.2, Avg: 90046085.3, Max: 90046085.3, Diff: 0.1]
   [Code Root Fixup: 0.0 ms]
   [Code Root Purge: 0.0 ms]
   [Clear CT: 0.1 ms]
   [Other: 1.5 ms]
      [Choose CSet: 0.0 ms]
      [Ref Proc: 0.2 ms]
      [Ref Enq: 0.0 ms]
      [Redirty Cards: 0.1 ms]
      [Humongous Register: 0.1 ms]
      [Humongous Reclaim: 0.0 ms]
      [Free CSet: 0.1 ms]
   [Eden: 45.0M(45.0M)->0.0B(98.0M) Survivors: 6144.0K->7168.0K Heap: 369.9M(1024.0M)->327.0M(1024.0M)]
 [Times: user=0.06 sys=0.00, real=0.02 secs] 
2021-04-24T20:51:55.017+0800: 90094.508: [GC pause (G1 Evacuation Pause) (young), 0.0157691 secs]
   [Parallel Time: 14.8 ms, GC Workers: 8]
      [GC Worker Start (ms): Min: 90094508.8, Avg: 90094509.0, Max: 90094509.5, Diff: 0.7]
      [Ext Root Scanning (ms): Min: 0.0, Avg: 3.2, Max: 11.5, Diff: 11.5, Sum: 25.4]
      [Update RS (ms): Min: 0.0, Avg: 1.4, Max: 3.2, Diff: 3.2, Sum: 11.6]
         [Processed Buffers: Min: 0, Avg: 7.0, Max: 23, Diff: 23, Sum: 56]
      [Scan RS (ms): Min: 0.0, Avg: 1.7, Max: 3.9, Diff: 3.9, Sum: 13.6]
      [Code Root Scanning (ms): Min: 0.0, Avg: 0.0, Max: 0.0, Diff: 0.0, Sum: 0.0]
      [Object Copy (ms): Min: 3.1, Avg: 8.2, Max: 14.0, Diff: 10.9, Sum: 65.3]
      [Termination (ms): Min: 0.0, Avg: 0.0, Max: 0.0, Diff: 0.0, Sum: 0.0]
         [Termination Attempts: Min: 1, Avg: 5.6, Max: 9, Diff: 8, Sum: 45]
      [GC Worker Other (ms): Min: 0.0, Avg: 0.0, Max: 0.1, Diff: 0.0, Sum: 0.2]
      [GC Worker Total (ms): Min: 14.0, Avg: 14.5, Max: 14.7, Diff: 0.8, Sum: 116.1]
      [GC Worker End (ms): Min: 90094523.5, Avg: 90094523.5, Max: 90094523.5, Diff: 0.0]
   [Code Root Fixup: 0.0 ms]
   [Code Root Purge: 0.0 ms]
   [Clear CT: 0.1 ms]
   [Other: 0.8 ms]
      [Choose CSet: 0.0 ms]
      [Ref Proc: 0.2 ms]
      [Ref Enq: 0.0 ms]
      [Redirty Cards: 0.1 ms]
      [Humongous Register: 0.1 ms]
      [Humongous Reclaim: 0.0 ms]
      [Free CSet: 0.1 ms]
   [Eden: 98.0M(98.0M)->0.0B(144.0M) Survivors: 7168.0K->8192.0K Heap: 425.0M(1024.0M)->328.3M(1024.0M)]
 [Times: user=0.07 sys=0.00, real=0.02 secs] 
2021-04-24T20:53:06.339+0800: 90165.831: [GC pause (G1 Evacuation Pause) (young), 0.0250555 secs]
   [Parallel Time: 24.3 ms, GC Workers: 8]
      [GC Worker Start (ms): Min: 90165831.5, Avg: 90165831.8, Max: 90165832.6, Diff: 1.1]
      [Ext Root Scanning (ms): Min: 0.0, Avg: 1.4, Max: 3.7, Diff: 3.7, Sum: 11.0]
      [Update RS (ms): Min: 0.0, Avg: 1.8, Max: 3.7, Diff: 3.7, Sum: 14.2]
         [Processed Buffers: Min: 0, Avg: 6.5, Max: 18, Diff: 18, Sum: 52]
      [Scan RS (ms): Min: 0.0, Avg: 2.3, Max: 4.3, Diff: 4.3, Sum: 18.7]
      [Code Root Scanning (ms): Min: 0.0, Avg: 0.0, Max: 0.0, Diff: 0.0, Sum: 0.0]
      [Object Copy (ms): Min: 15.1, Avg: 18.4, Max: 21.2, Diff: 6.1, Sum: 147.4]
      [Termination (ms): Min: 0.0, Avg: 0.1, Max: 0.1, Diff: 0.1, Sum: 0.5]
         [Termination Attempts: Min: 1, Avg: 21.6, Max: 37, Diff: 36, Sum: 173]
      [GC Worker Other (ms): Min: 0.0, Avg: 0.0, Max: 0.0, Diff: 0.0, Sum: 0.1]
      [GC Worker Total (ms): Min: 23.2, Avg: 24.0, Max: 24.2, Diff: 1.0, Sum: 191.9]
      [GC Worker End (ms): Min: 90165855.8, Avg: 90165855.8, Max: 90165855.8, Diff: 0.0]
   [Code Root Fixup: 0.0 ms]
   [Code Root Purge: 0.0 ms]
   [Clear CT: 0.1 ms]
   [Other: 0.6 ms]
      [Choose CSet: 0.0 ms]
      [Ref Proc: 0.2 ms]
      [Ref Enq: 0.0 ms]
      [Redirty Cards: 0.0 ms]
      [Humongous Register: 0.1 ms]
      [Humongous Reclaim: 0.0 ms]
      [Free CSet: 0.1 ms]
   [Eden: 144.0M(144.0M)->0.0B(84.0M) Survivors: 8192.0K->10.0M Heap: 472.3M(1024.0M)->330.5M(1024.0M)]
 [Times: user=0.07 sys=0.01, real=0.03 secs] 
2021-04-24T20:53:47.933+0800: 90207.415: [GC pause (G1 Evacuation Pause) (young), 0.0339900 secs]
   [Parallel Time: 32.9 ms, GC Workers: 8]
      [GC Worker Start (ms): Min: 90207415.1, Avg: 90207415.3, Max: 90207415.6, Diff: 0.6]
      [Ext Root Scanning (ms): Min: 0.6, Avg: 3.0, Max: 6.4, Diff: 5.8, Sum: 23.7]
      [Update RS (ms): Min: 0.0, Avg: 1.6, Max: 3.6, Diff: 3.6, Sum: 12.6]
         [Processed Buffers: Min: 0, Avg: 5.9, Max: 17, Diff: 17, Sum: 47]
      [Scan RS (ms): Min: 0.0, Avg: 1.6, Max: 2.5, Diff: 2.5, Sum: 12.9]
      [Code Root Scanning (ms): Min: 0.0, Avg: 0.0, Max: 0.0, Diff: 0.0, Sum: 0.0]
      [Object Copy (ms): Min: 26.0, Avg: 26.1, Max: 26.5, Diff: 0.5, Sum: 209.1]
      [Termination (ms): Min: 0.0, Avg: 0.3, Max: 0.4, Diff: 0.4, Sum: 2.3]
         [Termination Attempts: Min: 1, Avg: 2.4, Max: 5, Diff: 4, Sum: 19]
      [GC Worker Other (ms): Min: 0.0, Avg: 0.0, Max: 0.0, Diff: 0.0, Sum: 0.1]
      [GC Worker Total (ms): Min: 32.2, Avg: 32.6, Max: 32.8, Diff: 0.6, Sum: 260.7]
      [GC Worker End (ms): Min: 90207447.9, Avg: 90207447.9, Max: 90207447.9, Diff: 0.0]
   [Code Root Fixup: 0.0 ms]
   [Code Root Purge: 0.0 ms]
   [Clear CT: 0.1 ms]
   [Other: 0.9 ms]
      [Choose CSet: 0.0 ms]
      [Ref Proc: 0.3 ms]
      [Ref Enq: 0.0 ms]
      [Redirty Cards: 0.1 ms]
      [Humongous Register: 0.1 ms]
      [Humongous Reclaim: 0.0 ms]
      [Free CSet: 0.1 ms]
   [Eden: 84.0M(84.0M)->0.0B(43.0M) Survivors: 10.0M->8192.0K Heap: 414.5M(1024.0M)->330.1M(1024.0M)]
 [Times: user=0.07 sys=0.02, real=0.03 secs] 
2021-04-24T20:54:09.357+0800: 90228.831: [GC pause (G1 Evacuation Pause) (young), 0.0256693 secs]
   [Parallel Time: 24.3 ms, GC Workers: 8]
      [GC Worker Start (ms): Min: 90228831.6, Avg: 90228833.9, Max: 90228838.4, Diff: 6.8]
      [Ext Root Scanning (ms): Min: 0.0, Avg: 1.3, Max: 6.7, Diff: 6.7, Sum: 10.4]
      [Update RS (ms): Min: 0.0, Avg: 1.4, Max: 3.1, Diff: 3.1, Sum: 11.3]
         [Processed Buffers: Min: 0, Avg: 6.4, Max: 29, Diff: 29, Sum: 51]
      [Scan RS (ms): Min: 0.0, Avg: 1.7, Max: 3.1, Diff: 3.1, Sum: 13.4]
      [Code Root Scanning (ms): Min: 0.0, Avg: 0.0, Max: 0.0, Diff: 0.0, Sum: 0.0]
      [Object Copy (ms): Min: 17.2, Avg: 17.4, Max: 17.7, Diff: 0.5, Sum: 139.0]
      [Termination (ms): Min: 0.0, Avg: 0.1, Max: 0.1, Diff: 0.1, Sum: 0.8]
         [Termination Attempts: Min: 1, Avg: 3.9, Max: 6, Diff: 5, Sum: 31]
      [GC Worker Other (ms): Min: 0.0, Avg: 0.0, Max: 0.0, Diff: 0.0, Sum: 0.1]
      [GC Worker Total (ms): Min: 17.4, Avg: 21.9, Max: 24.2, Diff: 6.9, Sum: 175.1]
      [GC Worker End (ms): Min: 90228855.7, Avg: 90228855.8, Max: 90228855.8, Diff: 0.0]
   [Code Root Fixup: 0.0 ms]
   [Code Root Purge: 0.0 ms]
   [Clear CT: 0.2 ms]
   [Other: 1.2 ms]
      [Choose CSet: 0.0 ms]
      [Ref Proc: 0.3 ms]
      [Ref Enq: 0.0 ms]
      [Redirty Cards: 0.1 ms]
      [Humongous Register: 0.1 ms]
      [Humongous Reclaim: 0.0 ms]
      [Free CSet: 0.1 ms]
   [Eden: 43.0M(43.0M)->0.0B(44.0M) Survivors: 8192.0K->7168.0K Heap: 373.1M(1024.0M)->332.8M(1024.0M)]
 [Times: user=0.08 sys=0.03, real=0.03 secs] 
2021-04-24T20:54:31.251+0800: 90250.723: [GC pause (G1 Evacuation Pause) (young), 0.0263162 secs]
   [Parallel Time: 24.3 ms, GC Workers: 8]
      [GC Worker Start (ms): Min: 90250723.7, Avg: 90250723.9, Max: 90250724.2, Diff: 0.4]
      [Ext Root Scanning (ms): Min: 0.5, Avg: 3.2, Max: 9.8, Diff: 9.3, Sum: 25.4]
      [Update RS (ms): Min: 0.0, Avg: 3.1, Max: 7.1, Diff: 7.1, Sum: 24.8]
         [Processed Buffers: Min: 0, Avg: 7.1, Max: 37, Diff: 37, Sum: 57]
      [Scan RS (ms): Min: 0.3, Avg: 3.0, Max: 5.0, Diff: 4.7, Sum: 23.8]
      [Code Root Scanning (ms): Min: 0.0, Avg: 0.0, Max: 0.0, Diff: 0.0, Sum: 0.0]
      [Object Copy (ms): Min: 13.3, Avg: 14.6, Max: 20.8, Diff: 7.4, Sum: 116.9]
      [Termination (ms): Min: 0.0, Avg: 0.1, Max: 0.1, Diff: 0.1, Sum: 0.8]
         [Termination Attempts: Min: 1, Avg: 9.6, Max: 20, Diff: 19, Sum: 77]
      [GC Worker Other (ms): Min: 0.0, Avg: 0.0, Max: 0.0, Diff: 0.0, Sum: 0.2]
      [GC Worker Total (ms): Min: 23.7, Avg: 24.0, Max: 24.1, Diff: 0.4, Sum: 191.9]
      [GC Worker End (ms): Min: 90250747.9, Avg: 90250747.9, Max: 90250747.9, Diff: 0.0]
   [Code Root Fixup: 0.0 ms]
   [Code Root Purge: 0.0 ms]
   [Clear CT: 0.2 ms]
   [Other: 1.8 ms]
      [Choose CSet: 0.0 ms]
      [Ref Proc: 0.3 ms]
      [Ref Enq: 0.0 ms]
      [Redirty Cards: 0.1 ms]
      [Humongous Register: 0.3 ms]
      [Humongous Reclaim: 0.0 ms]
      [Free CSet: 0.1 ms]
   [Eden: 44.0M(44.0M)->0.0B(44.0M) Survivors: 7168.0K->7168.0K Heap: 376.8M(1024.0M)->336.3M(1024.0M)]
 [Times: user=0.09 sys=0.02, real=0.02 secs] 
2021-04-24T20:54:53.086+0800: 90272.557: [GC pause (G1 Evacuation Pause) (young), 0.0173765 secs]
   [Parallel Time: 15.9 ms, GC Workers: 8]
      [GC Worker Start (ms): Min: 90272557.8, Avg: 90272559.0, Max: 90272566.1, Diff: 8.4]
      [Ext Root Scanning (ms): Min: 0.0, Avg: 1.1, Max: 2.9, Diff: 2.9, Sum: 8.7]
      [Update RS (ms): Min: 0.0, Avg: 3.7, Max: 7.5, Diff: 7.5, Sum: 29.9]
         [Processed Buffers: Min: 0, Avg: 6.0, Max: 20, Diff: 20, Sum: 48]
      [Scan RS (ms): Min: 0.0, Avg: 2.1, Max: 4.0, Diff: 4.0, Sum: 16.5]
      [Code Root Scanning (ms): Min: 0.0, Avg: 0.0, Max: 0.0, Diff: 0.0, Sum: 0.0]
      [Object Copy (ms): Min: 5.7, Avg: 7.6, Max: 14.7, Diff: 9.1, Sum: 60.4]
      [Termination (ms): Min: 0.0, Avg: 0.1, Max: 0.1, Diff: 0.1, Sum: 0.5]
         [Termination Attempts: Min: 1, Avg: 12.6, Max: 19, Diff: 18, Sum: 101]
      [GC Worker Other (ms): Min: 0.0, Avg: 0.0, Max: 0.1, Diff: 0.0, Sum: 0.2]
      [GC Worker Total (ms): Min: 7.4, Avg: 14.5, Max: 15.8, Diff: 8.3, Sum: 116.2]
      [GC Worker End (ms): Min: 90272573.5, Avg: 90272573.5, Max: 90272573.6, Diff: 0.0]
   [Code Root Fixup: 0.0 ms]
   [Code Root Purge: 0.0 ms]
   [Clear CT: 0.1 ms]
   [Other: 1.3 ms]
      [Choose CSet: 0.0 ms]
      [Ref Proc: 0.3 ms]
      [Ref Enq: 0.0 ms]
      [Redirty Cards: 0.1 ms]
      [Humongous Register: 0.2 ms]
      [Humongous Reclaim: 0.0 ms]
      [Free CSet: 0.1 ms]
   [Eden: 44.0M(44.0M)->0.0B(45.0M) Survivors: 7168.0K->6144.0K Heap: 380.3M(1024.0M)->335.4M(1024.0M)]
 [Times: user=0.07 sys=0.00, real=0.02 secs] 
2021-04-24T20:55:15.589+0800: 90295.060: [GC pause (G1 Evacuation Pause) (young), 0.0162911 secs]
   [Parallel Time: 15.1 ms, GC Workers: 8]
      [GC Worker Start (ms): Min: 90295060.6, Avg: 90295061.0, Max: 90295062.0, Diff: 1.4]
      [Ext Root Scanning (ms): Min: 0.0, Avg: 4.0, Max: 11.5, Diff: 11.5, Sum: 31.7]
      [Update RS (ms): Min: 0.0, Avg: 2.9, Max: 10.4, Diff: 10.4, Sum: 23.1]
         [Processed Buffers: Min: 0, Avg: 5.8, Max: 24, Diff: 24, Sum: 46]
      [Scan RS (ms): Min: 0.0, Avg: 1.5, Max: 2.8, Diff: 2.8, Sum: 11.9]
      [Code Root Scanning (ms): Min: 0.0, Avg: 0.0, Max: 0.0, Diff: 0.0, Sum: 0.0]
      [Object Copy (ms): Min: 3.3, Avg: 6.2, Max: 12.7, Diff: 9.4, Sum: 49.8]
      [Termination (ms): Min: 0.0, Avg: 0.0, Max: 0.0, Diff: 0.0, Sum: 0.0]
         [Termination Attempts: Min: 1, Avg: 4.5, Max: 8, Diff: 7, Sum: 36]
      [GC Worker Other (ms): Min: 0.0, Avg: 0.0, Max: 0.0, Diff: 0.0, Sum: 0.2]
      [GC Worker Total (ms): Min: 13.6, Avg: 14.6, Max: 15.0, Diff: 1.3, Sum: 116.8]
      [GC Worker End (ms): Min: 90295075.6, Avg: 90295075.6, Max: 90295075.6, Diff: 0.0]
   [Code Root Fixup: 0.0 ms]
   [Code Root Purge: 0.0 ms]
   [Clear CT: 0.1 ms]
   [Other: 1.1 ms]
      [Choose CSet: 0.0 ms]
      [Ref Proc: 0.5 ms]
      [Ref Enq: 0.0 ms]
      [Redirty Cards: 0.0 ms]
      [Humongous Register: 0.1 ms]
      [Humongous Reclaim: 0.0 ms]
      [Free CSet: 0.0 ms]
   [Eden: 45.0M(45.0M)->0.0B(79.0M) Survivors: 6144.0K->7168.0K Heap: 380.4M(1024.0M)->336.6M(1024.0M)]
 [Times: user=0.07 sys=0.00, real=0.02 secs] 
2021-04-24T20:55:54.817+0800: 90334.289: [GC pause (G1 Evacuation Pause) (young), 0.0166468 secs]
   [Parallel Time: 15.4 ms, GC Workers: 8]
      [GC Worker Start (ms): Min: 90334289.0, Avg: 90334290.5, Max: 90334299.3, Diff: 10.4]
      [Ext Root Scanning (ms): Min: 0.0, Avg: 3.7, Max: 14.8, Diff: 14.8, Sum: 29.9]
      [Update RS (ms): Min: 0.0, Avg: 1.2, Max: 3.0, Diff: 3.0, Sum: 9.9]
         [Processed Buffers: Min: 0, Avg: 6.0, Max: 23, Diff: 23, Sum: 48]
      [Scan RS (ms): Min: 0.0, Avg: 2.0, Max: 8.0, Diff: 8.0, Sum: 16.1]
      [Code Root Scanning (ms): Min: 0.0, Avg: 0.0, Max: 0.0, Diff: 0.0, Sum: 0.0]
      [Object Copy (ms): Min: 0.5, Avg: 6.8, Max: 9.4, Diff: 8.8, Sum: 54.6]
      [Termination (ms): Min: 0.0, Avg: 0.0, Max: 0.0, Diff: 0.0, Sum: 0.0]
         [Termination Attempts: Min: 1, Avg: 6.2, Max: 11, Diff: 10, Sum: 50]
      [GC Worker Other (ms): Min: 0.0, Avg: 0.0, Max: 0.1, Diff: 0.0, Sum: 0.2]
      [GC Worker Total (ms): Min: 5.0, Avg: 13.8, Max: 15.4, Diff: 10.4, Sum: 110.7]
      [GC Worker End (ms): Min: 90334304.3, Avg: 90334304.3, Max: 90334304.4, Diff: 0.0]
   [Code Root Fixup: 0.0 ms]
   [Code Root Purge: 0.0 ms]
   [Clear CT: 0.1 ms]
   [Other: 1.1 ms]
      [Choose CSet: 0.0 ms]
      [Ref Proc: 0.2 ms]
      [Ref Enq: 0.0 ms]
      [Redirty Cards: 0.1 ms]
      [Humongous Register: 0.2 ms]
      [Humongous Reclaim: 0.0 ms]
      [Free CSet: 0.1 ms]
   [Eden: 79.0M(79.0M)->0.0B(112.0M) Survivors: 7168.0K->8192.0K Heap: 415.6M(1024.0M)->337.6M(1024.0M)]
 [Times: user=0.06 sys=0.00, real=0.02 secs] 
2021-04-24T20:56:50.795+0800: 90390.267: [GC pause (G1 Evacuation Pause) (young), 0.0183180 secs]
   [Parallel Time: 17.1 ms, GC Workers: 8]
      [GC Worker Start (ms): Min: 90390267.2, Avg: 90390268.3, Max: 90390275.1, Diff: 8.0]
      [Ext Root Scanning (ms): Min: 0.0, Avg: 0.9, Max: 2.7, Diff: 2.7, Sum: 7.4]
      [Update RS (ms): Min: 0.0, Avg: 3.7, Max: 10.2, Diff: 10.2, Sum: 29.5]
         [Processed Buffers: Min: 0, Avg: 6.4, Max: 34, Diff: 34, Sum: 51]
      [Scan RS (ms): Min: 0.0, Avg: 2.5, Max: 5.1, Diff: 5.1, Sum: 19.6]
      [Code Root Scanning (ms): Min: 0.0, Avg: 0.0, Max: 0.0, Diff: 0.0, Sum: 0.0]
      [Object Copy (ms): Min: 5.4, Avg: 7.7, Max: 15.8, Diff: 10.3, Sum: 61.3]
      [Termination (ms): Min: 0.0, Avg: 0.0, Max: 0.0, Diff: 0.0, Sum: 0.0]
         [Termination Attempts: Min: 1, Avg: 8.4, Max: 17, Diff: 16, Sum: 67]
      [GC Worker Other (ms): Min: 0.0, Avg: 1.1, Max: 7.9, Diff: 7.9, Sum: 9.1]
      [GC Worker Total (ms): Min: 9.0, Avg: 15.9, Max: 17.0, Diff: 8.0, Sum: 126.9]
      [GC Worker End (ms): Min: 90390284.1, Avg: 90390284.2, Max: 90390284.2, Diff: 0.0]
   [Code Root Fixup: 0.0 ms]
   [Code Root Purge: 0.0 ms]
   [Clear CT: 0.1 ms]
   [Other: 1.1 ms]
      [Choose CSet: 0.0 ms]
      [Ref Proc: 0.2 ms]
      [Ref Enq: 0.0 ms]
      [Redirty Cards: 0.1 ms]
      [Humongous Register: 0.2 ms]
      [Humongous Reclaim: 0.0 ms]
      [Free CSet: 0.1 ms]
   [Eden: 112.0M(112.0M)->0.0B(111.0M) Survivors: 8192.0K->9216.0K Heap: 449.6M(1024.0M)->338.1M(1024.0M)]
 [Times: user=0.08 sys=0.00, real=0.02 secs] 
2021-04-24T20:57:11.558+0800: 90411.030: [GC pause (G1 Evacuation Pause) (young), 0.0567569 secs]
   [Parallel Time: 55.4 ms, GC Workers: 8]
      [GC Worker Start (ms): Min: 90411030.9, Avg: 90411032.1, Max: 90411039.2, Diff: 8.3]
      [Ext Root Scanning (ms): Min: 0.0, Avg: 2.8, Max: 8.5, Diff: 8.5, Sum: 22.5]
      [Update RS (ms): Min: 0.0, Avg: 1.5, Max: 3.4, Diff: 3.4, Sum: 11.9]
         [Processed Buffers: Min: 0, Avg: 6.5, Max: 24, Diff: 24, Sum: 52]
      [Scan RS (ms): Min: 0.0, Avg: 1.9, Max: 4.5, Diff: 4.5, Sum: 15.3]
      [Code Root Scanning (ms): Min: 0.0, Avg: 0.0, Max: 0.0, Diff: 0.0, Sum: 0.0]
      [Object Copy (ms): Min: 46.1, Avg: 47.9, Max: 54.1, Diff: 8.0, Sum: 382.9]
      [Termination (ms): Min: 0.0, Avg: 0.0, Max: 0.0, Diff: 0.0, Sum: 0.0]
         [Termination Attempts: Min: 1, Avg: 1.4, Max: 2, Diff: 1, Sum: 11]
      [GC Worker Other (ms): Min: 0.0, Avg: 0.0, Max: 0.1, Diff: 0.1, Sum: 0.4]
      [GC Worker Total (ms): Min: 47.1, Avg: 54.1, Max: 55.4, Diff: 8.3, Sum: 433.0]
      [GC Worker End (ms): Min: 90411086.2, Avg: 90411086.2, Max: 90411086.3, Diff: 0.0]
   [Code Root Fixup: 0.0 ms]
   [Code Root Purge: 0.0 ms]
   [Clear CT: 0.1 ms]
   [Other: 1.2 ms]
      [Choose CSet: 0.0 ms]
      [Ref Proc: 0.2 ms]
      [Ref Enq: 0.0 ms]
      [Redirty Cards: 0.1 ms]
      [Humongous Register: 0.3 ms]
      [Humongous Reclaim: 0.0 ms]
      [Free CSet: 0.1 ms]
   [Eden: 42.0M(42.0M)->0.0B(45.0M) Survivors: 9216.0K->6144.0K Heap: 380.1M(1024.0M)->338.3M(1024.0M)]
 [Times: user=0.09 sys=0.03, real=0.06 secs] 
2021-04-24T20:57:33.961+0800: 90433.433: [GC pause (G1 Evacuation Pause) (young), 0.0181631 secs]
   [Parallel Time: 16.8 ms, GC Workers: 8]
      [GC Worker Start (ms): Min: 90433433.9, Avg: 90433434.2, Max: 90433435.0, Diff: 1.2]
      [Ext Root Scanning (ms): Min: 0.0, Avg: 3.9, Max: 9.0, Diff: 9.0, Sum: 31.3]
      [Update RS (ms): Min: 0.0, Avg: 1.6, Max: 3.3, Diff: 3.3, Sum: 12.6]
         [Processed Buffers: Min: 0, Avg: 7.1, Max: 22, Diff: 22, Sum: 57]
      [Scan RS (ms): Min: 0.0, Avg: 1.9, Max: 4.0, Diff: 4.0, Sum: 15.4]
      [Code Root Scanning (ms): Min: 0.0, Avg: 0.0, Max: 0.0, Diff: 0.0, Sum: 0.0]
      [Object Copy (ms): Min: 7.4, Avg: 8.9, Max: 15.5, Diff: 8.1, Sum: 70.8]
      [Termination (ms): Min: 0.0, Avg: 0.1, Max: 0.1, Diff: 0.1, Sum: 0.6]
         [Termination Attempts: Min: 1, Avg: 3.6, Max: 6, Diff: 5, Sum: 29]
      [GC Worker Other (ms): Min: 0.0, Avg: 0.0, Max: 0.0, Diff: 0.0, Sum: 0.2]
      [GC Worker Total (ms): Min: 15.5, Avg: 16.4, Max: 16.7, Diff: 1.2, Sum: 131.0]
      [GC Worker End (ms): Min: 90433450.6, Avg: 90433450.6, Max: 90433450.6, Diff: 0.0]
   [Code Root Fixup: 0.0 ms]
   [Code Root Purge: 0.0 ms]
   [Clear CT: 0.1 ms]
   [Other: 1.2 ms]
      [Choose CSet: 0.0 ms]
      [Ref Proc: 0.3 ms]
      [Ref Enq: 0.0 ms]
      [Redirty Cards: 0.1 ms]
      [Humongous Register: 0.2 ms]
      [Humongous Reclaim: 0.0 ms]
      [Free CSet: 0.1 ms]
   [Eden: 45.0M(45.0M)->0.0B(46.0M) Survivors: 6144.0K->5120.0K Heap: 383.3M(1024.0M)->340.1M(1024.0M)]
 [Times: user=0.06 sys=0.01, real=0.01 secs] 
2021-04-24T20:57:56.918+0800: 90456.391: [GC pause (G1 Evacuation Pause) (young), 0.0160477 secs]
   [Parallel Time: 13.7 ms, GC Workers: 8]
      [GC Worker Start (ms): Min: 90456391.6, Avg: 90456392.9, Max: 90456400.1, Diff: 8.5]
      [Ext Root Scanning (ms): Min: 0.0, Avg: 1.9, Max: 8.5, Diff: 8.5, Sum: 15.2]
      [Update RS (ms): Min: 0.0, Avg: 3.3, Max: 7.3, Diff: 7.3, Sum: 26.5]
         [Processed Buffers: Min: 0, Avg: 5.9, Max: 18, Diff: 18, Sum: 47]
      [Scan RS (ms): Min: 0.3, Avg: 1.4, Max: 2.6, Diff: 2.4, Sum: 10.8]
      [Code Root Scanning (ms): Min: 0.0, Avg: 0.0, Max: 0.0, Diff: 0.0, Sum: 0.0]
      [Object Copy (ms): Min: 4.6, Avg: 5.6, Max: 12.1, Diff: 7.4, Sum: 45.2]
      [Termination (ms): Min: 0.0, Avg: 0.0, Max: 0.1, Diff: 0.1, Sum: 0.3]
         [Termination Attempts: Min: 1, Avg: 4.6, Max: 12, Diff: 11, Sum: 37]
      [GC Worker Other (ms): Min: 0.0, Avg: 0.0, Max: 0.0, Diff: 0.0, Sum: 0.2]
      [GC Worker Total (ms): Min: 5.1, Avg: 12.3, Max: 13.6, Diff: 8.5, Sum: 98.2]
      [GC Worker End (ms): Min: 90456405.2, Avg: 90456405.2, Max: 90456405.2, Diff: 0.0]
   [Code Root Fixup: 0.0 ms]
   [Code Root Purge: 0.0 ms]
   [Clear CT: 0.1 ms]
   [Other: 2.2 ms]
      [Choose CSet: 0.0 ms]
      [Ref Proc: 0.7 ms]
      [Ref Enq: 0.0 ms]
      [Redirty Cards: 0.1 ms]
      [Humongous Register: 0.3 ms]
      [Humongous Reclaim: 0.0 ms]
      [Free CSet: 0.1 ms]
   [Eden: 46.0M(46.0M)->0.0B(44.0M) Survivors: 5120.0K->7168.0K Heap: 386.1M(1024.0M)->342.9M(1024.0M)]
 [Times: user=0.07 sys=0.00, real=0.02 secs] 
2021-04-24T20:58:18.817+0800: 90478.290: [GC pause (G1 Evacuation Pause) (young), 0.0219603 secs]
   [Parallel Time: 19.9 ms, GC Workers: 8]
      [GC Worker Start (ms): Min: 90478290.0, Avg: 90478291.1, Max: 90478296.5, Diff: 6.4]
      [Ext Root Scanning (ms): Min: 0.0, Avg: 3.4, Max: 6.9, Diff: 6.9, Sum: 27.5]
      [Update RS (ms): Min: 0.0, Avg: 1.3, Max: 3.4, Diff: 3.4, Sum: 10.2]
         [Processed Buffers: Min: 0, Avg: 5.9, Max: 27, Diff: 27, Sum: 47]
      [Scan RS (ms): Min: 0.0, Avg: 1.2, Max: 2.9, Diff: 2.9, Sum: 9.9]
      [Code Root Scanning (ms): Min: 0.0, Avg: 0.0, Max: 0.0, Diff: 0.0, Sum: 0.0]
      [Object Copy (ms): Min: 11.9, Avg: 12.5, Max: 12.8, Diff: 0.9, Sum: 99.8]
      [Termination (ms): Min: 0.0, Avg: 0.3, Max: 0.4, Diff: 0.4, Sum: 2.3]
         [Termination Attempts: Min: 1, Avg: 1.0, Max: 1, Diff: 0, Sum: 8]
      [GC Worker Other (ms): Min: 0.0, Avg: 0.0, Max: 0.0, Diff: 0.0, Sum: 0.1]
      [GC Worker Total (ms): Min: 13.4, Avg: 18.7, Max: 19.8, Diff: 6.4, Sum: 149.9]
      [GC Worker End (ms): Min: 90478309.8, Avg: 90478309.9, Max: 90478309.9, Diff: 0.0]
   [Code Root Fixup: 0.0 ms]
   [Code Root Purge: 0.0 ms]
   [Clear CT: 0.1 ms]
   [Other: 2.0 ms]
      [Choose CSet: 0.0 ms]
      [Ref Proc: 0.3 ms]
      [Ref Enq: 0.0 ms]
      [Redirty Cards: 0.1 ms]
      [Humongous Register: 0.2 ms]
      [Humongous Reclaim: 0.0 ms]
      [Free CSet: 0.1 ms]
   [Eden: 44.0M(44.0M)->0.0B(46.0M) Survivors: 7168.0K->5120.0K Heap: 386.9M(1024.0M)->341.9M(1024.0M)]
 [Times: user=0.05 sys=0.02, real=0.02 secs] 
2021-04-24T20:58:41.591+0800: 90501.064: [GC pause (G1 Evacuation Pause) (young), 0.0160153 secs]
   [Parallel Time: 15.1 ms, GC Workers: 8]
      [GC Worker Start (ms): Min: 90501063.8, Avg: 90501065.0, Max: 90501070.2, Diff: 6.3]
      [Ext Root Scanning (ms): Min: 0.0, Avg: 5.7, Max: 14.9, Diff: 14.9, Sum: 45.8]
      [Update RS (ms): Min: 0.0, Avg: 1.6, Max: 3.5, Diff: 3.5, Sum: 12.4]
         [Processed Buffers: Min: 0, Avg: 6.0, Max: 17, Diff: 17, Sum: 48]
      [Scan RS (ms): Min: 0.0, Avg: 1.2, Max: 2.5, Diff: 2.5, Sum: 9.4]
      [Code Root Scanning (ms): Min: 0.0, Avg: 0.0, Max: 0.0, Diff: 0.0, Sum: 0.0]
      [Object Copy (ms): Min: 0.0, Avg: 5.0, Max: 7.8, Diff: 7.8, Sum: 40.2]
      [Termination (ms): Min: 0.0, Avg: 0.3, Max: 0.4, Diff: 0.4, Sum: 2.7]
         [Termination Attempts: Min: 1, Avg: 7.4, Max: 11, Diff: 10, Sum: 59]
      [GC Worker Other (ms): Min: 0.0, Avg: 0.0, Max: 0.1, Diff: 0.1, Sum: 0.3]
      [GC Worker Total (ms): Min: 8.6, Avg: 13.9, Max: 15.0, Diff: 6.4, Sum: 110.8]
      [GC Worker End (ms): Min: 90501078.8, Avg: 90501078.8, Max: 90501078.9, Diff: 0.1]
   [Code Root Fixup: 0.0 ms]
   [Code Root Purge: 0.0 ms]
   [Clear CT: 0.1 ms]
   [Other: 0.8 ms]
      [Choose CSet: 0.0 ms]
      [Ref Proc: 0.2 ms]
      [Ref Enq: 0.0 ms]
      [Redirty Cards: 0.1 ms]
      [Humongous Register: 0.1 ms]
      [Humongous Reclaim: 0.0 ms]
      [Free CSet: 0.1 ms]
   [Eden: 46.0M(46.0M)->0.0B(45.0M) Survivors: 5120.0K->6144.0K Heap: 387.9M(1024.0M)->342.9M(1024.0M)]
 [Times: user=0.05 sys=0.00, real=0.01 secs] 
2021-04-24T20:59:03.848+0800: 90523.321: [GC pause (G1 Evacuation Pause) (young), 0.0168381 secs]
   [Parallel Time: 15.5 ms, GC Workers: 8]
      [GC Worker Start (ms): Min: 90523320.9, Avg: 90523322.4, Max: 90523330.3, Diff: 9.4]
      [Ext Root Scanning (ms): Min: 0.0, Avg: 3.3, Max: 14.2, Diff: 14.2, Sum: 26.2]
      [Update RS (ms): Min: 0.0, Avg: 1.9, Max: 4.0, Diff: 4.0, Sum: 15.0]
         [Processed Buffers: Min: 0, Avg: 5.9, Max: 30, Diff: 30, Sum: 47]
      [Scan RS (ms): Min: 0.0, Avg: 1.3, Max: 2.9, Diff: 2.9, Sum: 10.7]
      [Code Root Scanning (ms): Min: 0.0, Avg: 0.0, Max: 0.0, Diff: 0.0, Sum: 0.0]
      [Object Copy (ms): Min: 1.1, Avg: 7.0, Max: 13.1, Diff: 12.0, Sum: 55.8]
      [Termination (ms): Min: 0.0, Avg: 0.4, Max: 0.6, Diff: 0.6, Sum: 3.0]
         [Termination Attempts: Min: 1, Avg: 1.4, Max: 3, Diff: 2, Sum: 11]
      [GC Worker Other (ms): Min: 0.0, Avg: 0.0, Max: 0.0, Diff: 0.0, Sum: 0.1]
      [GC Worker Total (ms): Min: 6.0, Avg: 13.8, Max: 15.4, Diff: 9.4, Sum: 110.8]
      [GC Worker End (ms): Min: 90523336.3, Avg: 90523336.3, Max: 90523336.3, Diff: 0.1]
   [Code Root Fixup: 0.0 ms]
   [Code Root Purge: 0.0 ms]
   [Clear CT: 0.1 ms]
   [Other: 1.2 ms]
      [Choose CSet: 0.0 ms]
      [Ref Proc: 0.2 ms]
      [Ref Enq: 0.0 ms]
      [Redirty Cards: 0.1 ms]
      [Humongous Register: 0.1 ms]
      [Humongous Reclaim: 0.0 ms]
      [Free CSet: 0.1 ms]
   [Eden: 45.0M(45.0M)->0.0B(66.0M) Survivors: 6144.0K->7168.0K Heap: 387.9M(1024.0M)->344.5M(1024.0M)]
 [Times: user=0.06 sys=0.01, real=0.02 secs] 
2021-04-24T20:59:36.270+0800: 90555.743: [GC pause (G1 Evacuation Pause) (young), 0.0178935 secs]
   [Parallel Time: 16.7 ms, GC Workers: 8]
      [GC Worker Start (ms): Min: 90555743.8, Avg: 90555744.1, Max: 90555745.2, Diff: 1.4]
